event=send timestamp_ns=1791282088469736151 workflow=KEY_RESPONSE run_id=bench_h3_setup node=Authority source=Authority destination=bench_h3_setup
event=receive timestamp_ns=1791282089514714697 workflow=KEY_REQUEST run_id=bench_h3_setup node=Authority source=TM3 destination=TM
event=receive timestamp_ns=1791282092931331172 workflow=CT_SHARE run_id=1 node=Authority source=TM3 destination=TM
event=receive timestamp_ns=1791282094499309005 workflow=CT_SHARE run_id=2 node=Authority source=TM3 destination=TM
event=receive timestamp_ns=1791282096065610132 workflow=CT_SHARE run_id=3 node=Authority source=TM3 destination=TM
event=receive timestamp_ns=1791282097634146738 workflow=CT_SHARE run_id=4 node=Authority source=TM3 destination=TM
event=receive timestamp_ns=1791282099207492740 workflow=CT_SHARE run_id=5 node=Authority source=TM3 destination=TM
event=receive timestamp_ns=1791282100770664633 workflow=CT_SHARE run_id=6 node=Authority source=TM3 destination=TM
event=receive timestamp_ns=1791282102340069171 workflow=CT_SHARE run_id=7 node=Authority source=TM3 destination=TM
event=receive timestamp_ns=1791282103906348198 workflow=CT_SHARE run_id=8 node=Authority source=TM3 destination=TM
event=receive timestamp_ns=1791282105471536187 workflow=CT_SHARE run_id=9 node=Authority source=TM3 destination=TM
event=receive timestamp_ns=1791282107042650287 workflow=CT_SHARE run_id=10 node=Authority source=TM3 destination=TM
event=receive timestamp_ns=1791282108580868000 workflow=CT_SHARE run_id=11 node=Authority source=TM3 destination=TM
event=receive timestamp_ns=1791282110149252626 workflow=CT_SHARE run_id=12 node=Authority source=TM3 destination=TM
event=receive timestamp_ns=1791282111710341775 workflow=CT_SHARE run_id=13 node=Authority source=TM3 destination=TM
event=receive timestamp_ns=1791282113278284375 workflow=CT_SHARE run_id=14 node=Authority source=TM3 destination=TM
event=receive timestamp_ns=1791282114849472221 workflow=CT_SHARE run_id=15 node=Authority source=TM3 destination=TM
event=receive timestamp_ns=1791282116384256588 workflow=CT_SHARE run_id=16 node=Authority source=TM3 destination=TM
event=receive timestamp_ns=1791282117945995881 workflow=CT_SHARE run_id=17 node=Authority source=TM3 destination=TM
event=receive timestamp_ns=1791282119552461087 workflow=CT_SHARE run_id=18 node=Authority source=TM3 destination=TM
event=receive timestamp_ns=1791282121087523978 workflow=CT_SHARE run_id=19 node=Authority source=TM3 destination=TM
event=receive timestamp_ns=1791282122684814057 workflow=CT_SHARE run_id=20 node=Authority source=TM3 destination=TM
event=receive timestamp_ns=1791282124218519904 workflow=CT_SHARE run_id=21 node=Authority source=TM3 destination=TM
event=receive timestamp_ns=1791282125788477130 workflow=CT_SHARE run_id=22 node=Authority source=TM3 destination=TM
event=receive timestamp_ns=1791282127354496234 workflow=CT_SHARE run_id=23 node=Authority source=TM3 destination=TM
event=receive timestamp_ns=1791282128927964123 workflow=CT_SHARE run_id=24 node=Authority source=TM3 destination=TM
event=receive timestamp_ns=1791282130456659254 workflow=CT_SHARE run_id=25 node=Authority source=TM3 destination=TM
event=receive timestamp_ns=1791282132029183074 workflow=CT_SHARE run_id=26 node=Authority source=TM3 destination=TM
event=receive timestamp_ns=1791282133562780810 workflow=CT_SHARE run_id=27 node=Authority source=TM3 destination=TM
event=receive timestamp_ns=1791282135099407334 workflow=CT_SHARE run_id=28 node=Authority source=TM3 destination=TM
event=receive timestamp_ns=1791282136632945022 workflow=CT_SHARE run_id=29 node=Authority source=TM3 destination=TM
event=receive timestamp_ns=1791282138209764176 workflow=CT_SHARE run_id=30 node=Authority source=TM3 destination=TM
event=receive timestamp_ns=1791282139742248310 workflow=CT_SHARE run_id=31 node=Authority source=TM3 destination=TM
event=receive timestamp_ns=1791282141315612482 workflow=CT_SHARE run_id=32 node=Authority source=TM3 destination=TM
event=receive timestamp_ns=1791282142853650141 workflow=CT_SHARE run_id=33 node=Authority source=TM3 destination=TM
event=receive timestamp_ns=1791282144417426197 workflow=CT_SHARE run_id=34 node=Authority source=TM3 destination=TM
event=receive timestamp_ns=1791282145951260052 workflow=CT_SHARE run_id=35 node=Authority source=TM3 destination=TM
event=send timestamp_ns=1791282145982967537 workflow=ARL_UPDATE run_id=1 node=Authority source=Authority destination=TM
event=send timestamp_ns=1791282147525348913 workflow=ARL_UPDATE run_id=2 node=Authority source=Authority destination=TM
event=send timestamp_ns=1791282148861069448 workflow=ARL_UPDATE run_id=3 node=Authority source=Authority destination=TM
event=send timestamp_ns=1791282150602364644 workflow=ARL_UPDATE run_id=4 node=Authority source=Authority destination=TM
event=send timestamp_ns=1791282152135618113 workflow=ARL_UPDATE run_id=5 node=Authority source=Authority destination=TM
event=send timestamp_ns=1791282153464696646 workflow=ARL_UPDATE run_id=6 node=Authority source=Authority destination=TM
event=send timestamp_ns=1791282155213500475 workflow=ARL_UPDATE run_id=7 node=Authority source=Authority destination=TM
event=send timestamp_ns=1791282156745905565 workflow=ARL_UPDATE run_id=8 node=Authority source=Authority destination=TM
event=send timestamp_ns=1791282158073006118 workflow=ARL_UPDATE run_id=9 node=Authority source=Authority destination=TM
event=send timestamp_ns=1791282159814287233 workflow=ARL_UPDATE run_id=10 node=Authority source=Authority destination=TM
event=send timestamp_ns=1791282161348896710 workflow=ARL_UPDATE run_id=11 node=Authority source=Authority destination=TM
event=send timestamp_ns=1791282162686180198 workflow=ARL_UPDATE run_id=12 node=Authority source=Authority destination=TM
event=send timestamp_ns=1791282164221153468 workflow=ARL_UPDATE run_id=13 node=Authority source=Authority destination=TM
event=send timestamp_ns=1791282165756235068 workflow=ARL_UPDATE run_id=14 node=Authority source=Authority destination=TM
event=send timestamp_ns=1791282167287954215 workflow=ARL_UPDATE run_id=15 node=Authority source=Authority destination=TM
event=send timestamp_ns=1791282169024765650 workflow=ARL_UPDATE run_id=16 node=Authority source=Authority destination=TM
event=send timestamp_ns=1791282170366804394 workflow=ARL_UPDATE run_id=17 node=Authority source=Authority destination=TM
event=send timestamp_ns=1791282172100569335 workflow=ARL_UPDATE run_id=18 node=Authority source=Authority destination=TM
event=send timestamp_ns=1791282173432877450 workflow=ARL_UPDATE run_id=19 node=Authority source=Authority destination=TM
event=send timestamp_ns=1791282175038894619 workflow=ARL_UPDATE run_id=20 node=Authority source=Authority destination=TM
event=send timestamp_ns=1791282176777807508 workflow=ARL_UPDATE run_id=21 node=Authority source=Authority destination=TM
event=send timestamp_ns=1791282178103147719 workflow=ARL_UPDATE run_id=22 node=Authority source=Authority destination=TM
event=send timestamp_ns=1791282179705884851 workflow=ARL_UPDATE run_id=23 node=Authority source=Authority destination=TM
event=send timestamp_ns=1791282181246429835 workflow=ARL_UPDATE run_id=24 node=Authority source=Authority destination=TM
event=send timestamp_ns=1791282182782047348 workflow=ARL_UPDATE run_id=25 node=Authority source=Authority destination=TM
event=send timestamp_ns=1791282184308231359 workflow=ARL_UPDATE run_id=26 node=Authority source=Authority destination=TM
event=send timestamp_ns=1791282185854984772 workflow=ARL_UPDATE run_id=27 node=Authority source=Authority destination=TM
event=send timestamp_ns=1791282187585216874 workflow=ARL_UPDATE run_id=28 node=Authority source=Authority destination=TM
event=send timestamp_ns=1791282188916662944 workflow=ARL_UPDATE run_id=29 node=Authority source=Authority destination=TM
event=send timestamp_ns=1791282190458203009 workflow=ARL_UPDATE run_id=30 node=Authority source=Authority destination=TM
event=send timestamp_ns=1791282192197890208 workflow=ARL_UPDATE run_id=31 node=Authority source=Authority destination=TM
event=send timestamp_ns=1791282193734735665 workflow=ARL_UPDATE run_id=32 node=Authority source=Authority destination=TM
event=send timestamp_ns=1791282195065024499 workflow=ARL_UPDATE run_id=33 node=Authority source=Authority destination=TM
event=send timestamp_ns=1791282196611318565 workflow=ARL_UPDATE run_id=34 node=Authority source=Authority destination=TM
event=send timestamp_ns=1791282198145388037 workflow=ARL_UPDATE run_id=35 node=Authority source=Authority destination=TM
event=send timestamp_ns=1791282199680946943 workflow=ARL_UPDATE run_id=36 node=Authority source=Authority destination=TM
event=send timestamp_ns=1791282201212646111 workflow=ARL_UPDATE run_id=37 node=Authority source=Authority destination=TM
event=send timestamp_ns=1791282202750588758 workflow=ARL_UPDATE run_id=38 node=Authority source=Authority destination=TM
event=send timestamp_ns=1791282204288292601 workflow=ARL_UPDATE run_id=39 node=Authority source=Authority destination=TM
event=send timestamp_ns=1791282206029249331 workflow=ARL_UPDATE run_id=40 node=Authority source=Authority destination=TM
event=send timestamp_ns=1791282207357440248 workflow=ARL_UPDATE run_id=41 node=Authority source=Authority destination=TM
event=send timestamp_ns=1791282208890611166 workflow=ARL_UPDATE run_id=42 node=Authority source=Authority destination=TM
event=send timestamp_ns=1791282210424683173 workflow=ARL_UPDATE run_id=43 node=Authority source=Authority destination=TM
event=send timestamp_ns=1791282211956442282 workflow=ARL_UPDATE run_id=44 node=Authority source=Authority destination=TM
event=send timestamp_ns=1791282213505922220 workflow=ARL_UPDATE run_id=45 node=Authority source=Authority destination=TM
event=send timestamp_ns=1791282215236958389 workflow=ARL_UPDATE run_id=46 node=Authority source=Authority destination=TM
event=send timestamp_ns=1791282216772010480 workflow=ARL_UPDATE run_id=47 node=Authority source=Authority destination=TM
event=send timestamp_ns=1791282218305796577 workflow=ARL_UPDATE run_id=48 node=Authority source=Authority destination=TM
event=send timestamp_ns=1791282219640820005 workflow=ARL_UPDATE run_id=49 node=Authority source=Authority destination=TM
event=send timestamp_ns=1791282221377125011 workflow=ARL_UPDATE run_id=50 node=Authority source=Authority destination=TM
event=send timestamp_ns=1791282222713293912 workflow=ARL_UPDATE run_id=51 node=Authority source=Authority destination=TM
event=send timestamp_ns=1791282224249700147 workflow=ARL_UPDATE run_id=52 node=Authority source=Authority destination=TM
event=send timestamp_ns=1791282225788606519 workflow=ARL_UPDATE run_id=53 node=Authority source=Authority destination=TM
event=send timestamp_ns=1791282227320459596 workflow=ARL_UPDATE run_id=54 node=Authority source=Authority destination=TM
event=send timestamp_ns=1791282229065835614 workflow=ARL_UPDATE run_id=55 node=Authority source=Authority destination=TM
event=send timestamp_ns=1791282230397889528 workflow=ARL_UPDATE run_id=56 node=Authority source=Authority destination=TM
event=send timestamp_ns=1791282231934120555 workflow=ARL_UPDATE run_id=57 node=Authority source=Authority destination=TM
event=send timestamp_ns=1791282233469992761 workflow=ARL_UPDATE run_id=58 node=Authority source=Authority destination=TM
event=send timestamp_ns=1791282234999063626 workflow=ARL_UPDATE run_id=59 node=Authority source=Authority destination=TM
event=send timestamp_ns=1791282236536044741 workflow=ARL_UPDATE run_id=60 node=Authority source=Authority destination=TM
event=send timestamp_ns=1791282238075102524 workflow=ARL_UPDATE run_id=61 node=Authority source=Authority destination=TM
event=send timestamp_ns=1791282239614159968 workflow=ARL_UPDATE run_id=62 node=Authority source=Authority destination=TM
event=send timestamp_ns=1791282241144101331 workflow=ARL_UPDATE run_id=63 node=Authority source=Authority destination=TM
event=send timestamp_ns=1791282242686670520 workflow=ARL_UPDATE run_id=64 node=Authority source=Authority destination=TM
event=send timestamp_ns=1791282244428865894 workflow=ARL_UPDATE run_id=65 node=Authority source=Authority destination=TM
event=send timestamp_ns=1791282245761074000 workflow=ARL_UPDATE run_id=66 node=Authority source=Authority destination=TM
event=send timestamp_ns=1791282247293249593 workflow=ARL_UPDATE run_id=67 node=Authority source=Authority destination=TM
event=send timestamp_ns=1791282248829992678 workflow=ARL_UPDATE run_id=68 node=Authority source=Authority destination=TM
event=send timestamp_ns=1791282250369919827 workflow=ARL_UPDATE run_id=69 node=Authority source=Authority destination=TM
event=send timestamp_ns=1791282252118529788 workflow=ARL_UPDATE run_id=70 node=Authority source=Authority destination=TM
event=send timestamp_ns=1791282255319149298 workflow=KEY_RESPONSE run_id=bench_h3_key_w1 node=Authority source=Authority destination=bench_h3_key_w1
event=receive timestamp_ns=1791282256362564691 workflow=KEY_REQUEST run_id=bench_h3_key_w1 node=Authority source=TM3 destination=TM
event=send timestamp_ns=1791282260149961497 workflow=KEY_RESPONSE run_id=bench_h3_key_w2 node=Authority source=Authority destination=bench_h3_key_w2
event=receive timestamp_ns=1791282261194554310 workflow=KEY_REQUEST run_id=bench_h3_key_w2 node=Authority source=TM3 destination=TM
event=send timestamp_ns=1791282263440508956 workflow=KEY_RESPONSE run_id=bench_h3_key_w3 node=Authority source=Authority destination=bench_h3_key_w3
event=receive timestamp_ns=1791282264458566710 workflow=KEY_REQUEST run_id=bench_h3_key_w3 node=Authority source=TM3 destination=TM
event=send timestamp_ns=1791282266711889182 workflow=KEY_RESPONSE run_id=bench_h3_key_w4 node=Authority source=Authority destination=bench_h3_key_w4
event=receive timestamp_ns=1791282267754988635 workflow=KEY_REQUEST run_id=bench_h3_key_w4 node=Authority source=TM3 destination=TM
event=send timestamp_ns=1791282271543780726 workflow=KEY_RESPONSE run_id=bench_h3_key_w5 node=Authority source=Authority destination=bench_h3_key_w5
event=receive timestamp_ns=1791282272586842382 workflow=KEY_REQUEST run_id=bench_h3_key_w5 node=Authority source=TM3 destination=TM
event=send timestamp_ns=1791282275319052496 workflow=KEY_RESPONSE run_id=bench_h3_key_001 node=Authority source=Authority destination=bench_h3_key_001
event=receive timestamp_ns=1791282276362755407 workflow=KEY_REQUEST run_id=bench_h3_key_001 node=Authority source=TM3 destination=TM
event=send timestamp_ns=1791282278614592767 workflow=KEY_RESPONSE run_id=bench_h3_key_002 node=Authority source=Authority destination=bench_h3_key_002
event=receive timestamp_ns=1791282279662515539 workflow=KEY_REQUEST run_id=bench_h3_key_002 node=Authority source=TM3 destination=TM
event=send timestamp_ns=1791282281301813027 workflow=KEY_RESPONSE run_id=bench_h3_key_003 node=Authority source=Authority destination=bench_h3_key_003
event=receive timestamp_ns=1791282282346662439 workflow=KEY_REQUEST run_id=bench_h3_key_003 node=Authority source=TM3 destination=TM
event=send timestamp_ns=1791282285075621106 workflow=KEY_RESPONSE run_id=bench_h3_key_004 node=Authority source=Authority destination=bench_h3_key_004
event=receive timestamp_ns=1791282286090933943 workflow=KEY_REQUEST run_id=bench_h3_key_004 node=Authority source=TM3 destination=TM
event=send timestamp_ns=1791282289878355129 workflow=KEY_RESPONSE run_id=bench_h3_key_005 node=Authority source=Authority destination=bench_h3_key_005
event=receive timestamp_ns=1791282290926677812 workflow=KEY_REQUEST run_id=bench_h3_key_005 node=Authority source=TM3 destination=TM
event=send timestamp_ns=1791282294711592778 workflow=KEY_RESPONSE run_id=bench_h3_key_006 node=Authority source=Authority destination=bench_h3_key_006
event=receive timestamp_ns=1791282295755055905 workflow=KEY_REQUEST run_id=bench_h3_key_006 node=Authority source=TM3 destination=TM
event=send timestamp_ns=1791282299540623260 workflow=KEY_RESPONSE run_id=bench_h3_key_007 node=Authority source=Authority destination=bench_h3_key_007
event=receive timestamp_ns=1791282300586612733 workflow=KEY_REQUEST run_id=bench_h3_key_007 node=Authority source=TM3 destination=TM
event=send timestamp_ns=1791282302838694691 workflow=KEY_RESPONSE run_id=bench_h3_key_008 node=Authority source=Authority destination=bench_h3_key_008
event=receive timestamp_ns=1791282303887061261 workflow=KEY_REQUEST run_id=bench_h3_key_008 node=Authority source=TM3 destination=TM
event=send timestamp_ns=1791282306138621720 workflow=KEY_RESPONSE run_id=bench_h3_key_009 node=Authority source=Authority destination=bench_h3_key_009
event=receive timestamp_ns=1791282307178975534 workflow=KEY_REQUEST run_id=bench_h3_key_009 node=Authority source=TM3 destination=TM
event=send timestamp_ns=1791282310967728715 workflow=KEY_RESPONSE run_id=bench_h3_key_010 node=Authority source=Authority destination=bench_h3_key_010
event=receive timestamp_ns=1791282312014593127 workflow=KEY_REQUEST run_id=bench_h3_key_010 node=Authority source=TM3 destination=TM
event=send timestamp_ns=1791282315800541064 workflow=KEY_RESPONSE run_id=bench_h3_key_011 node=Authority source=Authority destination=bench_h3_key_011
event=receive timestamp_ns=1791282316842670818 workflow=KEY_REQUEST run_id=bench_h3_key_011 node=Authority source=TM3 destination=TM
event=send timestamp_ns=1791282320663381375 workflow=KEY_RESPONSE run_id=bench_h3_key_012 node=Authority source=Authority destination=bench_h3_key_012
event=receive timestamp_ns=1791282321706838421 workflow=KEY_REQUEST run_id=bench_h3_key_012 node=Authority source=TM3 destination=TM
event=send timestamp_ns=1791282324440053977 workflow=KEY_RESPONSE run_id=bench_h3_key_013 node=Authority source=Authority destination=bench_h3_key_013
event=receive timestamp_ns=1791282325482650806 workflow=KEY_REQUEST run_id=bench_h3_key_013 node=Authority source=TM3 destination=TM
event=send timestamp_ns=1791282328208641785 workflow=KEY_RESPONSE run_id=bench_h3_key_014 node=Authority source=Authority destination=bench_h3_key_014
event=receive timestamp_ns=1791282329226777172 workflow=KEY_REQUEST run_id=bench_h3_key_014 node=Authority source=TM3 destination=TM
event=send timestamp_ns=1791282332948479596 workflow=KEY_RESPONSE run_id=bench_h3_key_015 node=Authority source=Authority destination=bench_h3_key_015
event=receive timestamp_ns=1791282333994453184 workflow=KEY_REQUEST run_id=bench_h3_key_015 node=Authority source=TM3 destination=TM
event=send timestamp_ns=1791282336242977877 workflow=KEY_RESPONSE run_id=bench_h3_key_016 node=Authority source=Authority destination=bench_h3_key_016
event=receive timestamp_ns=1791282337262679858 workflow=KEY_REQUEST run_id=bench_h3_key_016 node=Authority source=TM3 destination=TM
event=send timestamp_ns=1791282341074049659 workflow=KEY_RESPONSE run_id=bench_h3_key_017 node=Authority source=Authority destination=bench_h3_key_017
event=receive timestamp_ns=1791282342090804354 workflow=KEY_REQUEST run_id=bench_h3_key_017 node=Authority source=TM3 destination=TM
event=send timestamp_ns=1791282345875755548 workflow=KEY_RESPONSE run_id=bench_h3_key_018 node=Authority source=Authority destination=bench_h3_key_018
event=receive timestamp_ns=1791282346890681951 workflow=KEY_REQUEST run_id=bench_h3_key_018 node=Authority source=TM3 destination=TM
event=send timestamp_ns=1791282349559461626 workflow=KEY_RESPONSE run_id=bench_h3_key_019 node=Authority source=Authority destination=bench_h3_key_019
event=receive timestamp_ns=1791282350602682853 workflow=KEY_REQUEST run_id=bench_h3_key_019 node=Authority source=TM3 destination=TM
event=send timestamp_ns=1791282354387128368 workflow=KEY_RESPONSE run_id=bench_h3_key_020 node=Authority source=Authority destination=bench_h3_key_020
event=receive timestamp_ns=1791282355402640262 workflow=KEY_REQUEST run_id=bench_h3_key_020 node=Authority source=TM3 destination=TM
event=send timestamp_ns=1791282358066652381 workflow=KEY_RESPONSE run_id=bench_h3_key_021 node=Authority source=Authority destination=bench_h3_key_021
event=receive timestamp_ns=1791282359086841860 workflow=KEY_REQUEST run_id=bench_h3_key_021 node=Authority source=TM3 destination=TM
event=send timestamp_ns=1791282361748519530 workflow=KEY_RESPONSE run_id=bench_h3_key_022 node=Authority source=Authority destination=bench_h3_key_022
event=receive timestamp_ns=1791282362762630668 workflow=KEY_REQUEST run_id=bench_h3_key_022 node=Authority source=TM3 destination=TM
event=send timestamp_ns=1791282365426024123 workflow=KEY_RESPONSE run_id=bench_h3_key_023 node=Authority source=Authority destination=bench_h3_key_023
event=receive timestamp_ns=1791282366443022027 workflow=KEY_REQUEST run_id=bench_h3_key_023 node=Authority source=TM3 destination=TM
event=send timestamp_ns=1791282369114388233 workflow=KEY_RESPONSE run_id=bench_h3_key_024 node=Authority source=Authority destination=bench_h3_key_024
event=receive timestamp_ns=1791282370154804244 workflow=KEY_REQUEST run_id=bench_h3_key_024 node=Authority source=TM3 destination=TM
event=send timestamp_ns=1791282372439023719 workflow=KEY_RESPONSE run_id=bench_h3_key_025 node=Authority source=Authority destination=bench_h3_key_025
event=receive timestamp_ns=1791282373482804862 workflow=KEY_REQUEST run_id=bench_h3_key_025 node=Authority source=TM3 destination=TM
event=send timestamp_ns=1791282375736705619 workflow=KEY_RESPONSE run_id=bench_h3_key_026 node=Authority source=Authority destination=bench_h3_key_026
event=receive timestamp_ns=1791282376779054884 workflow=KEY_REQUEST run_id=bench_h3_key_026 node=Authority source=TM3 destination=TM
event=send timestamp_ns=1791282379030705355 workflow=KEY_RESPONSE run_id=bench_h3_key_027 node=Authority source=Authority destination=bench_h3_key_027
event=receive timestamp_ns=1791282380074873484 workflow=KEY_REQUEST run_id=bench_h3_key_027 node=Authority source=TM3 destination=TM
event=send timestamp_ns=1791282382806992724 workflow=KEY_RESPONSE run_id=bench_h3_key_028 node=Authority source=Authority destination=bench_h3_key_028
event=receive timestamp_ns=1791282383854809318 workflow=KEY_REQUEST run_id=bench_h3_key_028 node=Authority source=TM3 destination=TM
event=send timestamp_ns=1791282385079043295 workflow=KEY_RESPONSE run_id=bench_h3_key_029 node=Authority source=Authority destination=bench_h3_key_029
event=receive timestamp_ns=1791282386122844990 workflow=KEY_REQUEST run_id=bench_h3_key_029 node=Authority source=TM3 destination=TM
event=send timestamp_ns=1791282388855858090 workflow=KEY_RESPONSE run_id=bench_h3_key_030 node=Authority source=Authority destination=bench_h3_key_030
event=receive timestamp_ns=1791282389902890155 workflow=KEY_REQUEST run_id=bench_h3_key_030 node=Authority source=TM3 destination=TM
