event=receive timestamp_ns=1791282088362985583 workflow=KEY_REQUEST run_id=bench_h3_setup node=U1 source=TM3 destination=TM
event=receive timestamp_ns=1791282092314535886 workflow=CT_SHARE run_id=1 node=U1 source=TM3 destination=TM
event=receive timestamp_ns=1791282093883454062 workflow=CT_SHARE run_id=2 node=U1 source=TM3 destination=TM
event=receive timestamp_ns=1791282095449936159 workflow=CT_SHARE run_id=3 node=U1 source=TM3 destination=TM
event=receive timestamp_ns=1791282097017117724 workflow=CT_SHARE run_id=4 node=U1 source=TM3 destination=TM
event=receive timestamp_ns=1791282098585980320 workflow=CT_SHARE run_id=5 node=U1 source=TM3 destination=TM
event=receive timestamp_ns=1791282100150618550 workflow=CT_SHARE run_id=6 node=U1 source=TM3 destination=TM
event=receive timestamp_ns=1791282101719329657 workflow=CT_SHARE run_id=7 node=U1 source=TM3 destination=TM
event=receive timestamp_ns=1791282103284598223 workflow=CT_SHARE run_id=8 node=U1 source=TM3 destination=TM
event=receive timestamp_ns=1791282104855033372 workflow=CT_SHARE run_id=9 node=U1 source=TM3 destination=TM
event=receive timestamp_ns=1791282106422394495 workflow=CT_SHARE run_id=10 node=U1 source=TM3 destination=TM
event=receive timestamp_ns=1791282107985471172 workflow=CT_SHARE run_id=11 node=U1 source=TM3 destination=TM
event=receive timestamp_ns=1791282109525977962 workflow=CT_SHARE run_id=12 node=U1 source=TM3 destination=TM
event=receive timestamp_ns=1791282111091355702 workflow=CT_SHARE run_id=13 node=U1 source=TM3 destination=TM
event=receive timestamp_ns=1791282112657233963 workflow=CT_SHARE run_id=14 node=U1 source=TM3 destination=TM
event=receive timestamp_ns=1791282114225165817 workflow=CT_SHARE run_id=15 node=U1 source=TM3 destination=TM
event=receive timestamp_ns=1791282115793623077 workflow=CT_SHARE run_id=16 node=U1 source=TM3 destination=TM
event=receive timestamp_ns=1791282117334382860 workflow=CT_SHARE run_id=17 node=U1 source=TM3 destination=TM
event=receive timestamp_ns=1791282118930578571 workflow=CT_SHARE run_id=18 node=U1 source=TM3 destination=TM
event=receive timestamp_ns=1791282120470389970 workflow=CT_SHARE run_id=19 node=U1 source=TM3 destination=TM
event=receive timestamp_ns=1791282122066358229 workflow=CT_SHARE run_id=20 node=U1 source=TM3 destination=TM
event=receive timestamp_ns=1791282123636112354 workflow=CT_SHARE run_id=21 node=U1 source=TM3 destination=TM
event=receive timestamp_ns=1791282125171870600 workflow=CT_SHARE run_id=22 node=U1 source=TM3 destination=TM
event=receive timestamp_ns=1791282126741133559 workflow=CT_SHARE run_id=23 node=U1 source=TM3 destination=TM
event=receive timestamp_ns=1791282128307020990 workflow=CT_SHARE run_id=24 node=U1 source=TM3 destination=TM
event=receive timestamp_ns=1791282129873371850 workflow=CT_SHARE run_id=25 node=U1 source=TM3 destination=TM
event=receive timestamp_ns=1791282131410542049 workflow=CT_SHARE run_id=26 node=U1 source=TM3 destination=TM
event=receive timestamp_ns=1791282132945958709 workflow=CT_SHARE run_id=27 node=U1 source=TM3 destination=TM
event=receive timestamp_ns=1791282134483122002 workflow=CT_SHARE run_id=28 node=U1 source=TM3 destination=TM
event=receive timestamp_ns=1791282136019961589 workflow=CT_SHARE run_id=29 node=U1 source=TM3 destination=TM
event=receive timestamp_ns=1791282137556942227 workflow=CT_SHARE run_id=30 node=U1 source=TM3 destination=TM
event=receive timestamp_ns=1791282139125745814 workflow=CT_SHARE run_id=31 node=U1 source=TM3 destination=TM
event=receive timestamp_ns=1791282140694936357 workflow=CT_SHARE run_id=32 node=U1 source=TM3 destination=TM
event=receive timestamp_ns=1791282142226452953 workflow=CT_SHARE run_id=33 node=U1 source=TM3 destination=TM
event=receive timestamp_ns=1791282143800691348 workflow=CT_SHARE run_id=34 node=U1 source=TM3 destination=TM
event=receive timestamp_ns=1791282145333815501 workflow=CT_SHARE run_id=35 node=U1 source=TM3 destination=TM
event=receive timestamp_ns=1791282146619771711 workflow=ARL_UPDATE run_id=1 node=U1 source=Authority destination=TM
event=receive timestamp_ns=1791282148152224256 workflow=ARL_UPDATE run_id=2 node=U1 source=Authority destination=TM
event=receive timestamp_ns=1791282149686434418 workflow=ARL_UPDATE run_id=3 node=U1 source=Authority destination=TM
event=receive timestamp_ns=1791282151221704828 workflow=ARL_UPDATE run_id=4 node=U1 source=Authority destination=TM
event=receive timestamp_ns=1791282152758858465 workflow=ARL_UPDATE run_id=5 node=U1 source=Authority destination=TM
event=receive timestamp_ns=1791282154295323293 workflow=ARL_UPDATE run_id=6 node=U1 source=Authority destination=TM
event=receive timestamp_ns=1791282155831377536 workflow=ARL_UPDATE run_id=7 node=U1 source=Authority destination=TM
event=receive timestamp_ns=1791282157399351690 workflow=ARL_UPDATE run_id=8 node=U1 source=Authority destination=TM
event=receive timestamp_ns=1791282158902810680 workflow=ARL_UPDATE run_id=9 node=U1 source=Authority destination=TM
event=receive timestamp_ns=1791282160438600256 workflow=ARL_UPDATE run_id=10 node=U1 source=Authority destination=TM
event=receive timestamp_ns=1791282161975114983 workflow=ARL_UPDATE run_id=11 node=U1 source=Authority destination=TM
event=receive timestamp_ns=1791282163504230296 workflow=ARL_UPDATE run_id=12 node=U1 source=Authority destination=TM
event=receive timestamp_ns=1791282165080190204 workflow=ARL_UPDATE run_id=13 node=U1 source=Authority destination=TM
event=receive timestamp_ns=1791282166608334085 workflow=ARL_UPDATE run_id=14 node=U1 source=Authority destination=TM
event=receive timestamp_ns=1791282168117294122 workflow=ARL_UPDATE run_id=15 node=U1 source=Authority destination=TM
event=receive timestamp_ns=1791282169651867985 workflow=ARL_UPDATE run_id=16 node=U1 source=Authority destination=TM
event=receive timestamp_ns=1791282171189391831 workflow=ARL_UPDATE run_id=17 node=U1 source=Authority destination=TM
event=receive timestamp_ns=1791282172719414581 workflow=ARL_UPDATE run_id=18 node=U1 source=Authority destination=TM
event=receive timestamp_ns=1791282174261815577 workflow=ARL_UPDATE run_id=19 node=U1 source=Authority destination=TM
event=receive timestamp_ns=1791282175861248148 workflow=ARL_UPDATE run_id=20 node=U1 source=Authority destination=TM
event=receive timestamp_ns=1791282177393096639 workflow=ARL_UPDATE run_id=21 node=U1 source=Authority destination=TM
event=receive timestamp_ns=1791282178937220897 workflow=ARL_UPDATE run_id=22 node=U1 source=Authority destination=TM
event=receive timestamp_ns=1791282180534128976 workflow=ARL_UPDATE run_id=23 node=U1 source=Authority destination=TM
event=receive timestamp_ns=1791282182063599979 workflow=ARL_UPDATE run_id=24 node=U1 source=Authority destination=TM
event=receive timestamp_ns=1791282183604855451 workflow=ARL_UPDATE run_id=25 node=U1 source=Authority destination=TM
event=receive timestamp_ns=1791282185138643950 workflow=ARL_UPDATE run_id=26 node=U1 source=Authority destination=TM
event=receive timestamp_ns=1791282186677553032 workflow=ARL_UPDATE run_id=27 node=U1 source=Authority destination=TM
event=receive timestamp_ns=1791282188205566210 workflow=ARL_UPDATE run_id=28 node=U1 source=Authority destination=TM
event=receive timestamp_ns=1791282189745477483 workflow=ARL_UPDATE run_id=29 node=U1 source=Authority destination=TM
event=receive timestamp_ns=1791282191281576621 workflow=ARL_UPDATE run_id=30 node=U1 source=Authority destination=TM
event=receive timestamp_ns=1791282192820273895 workflow=ARL_UPDATE run_id=31 node=U1 source=Authority destination=TM
event=receive timestamp_ns=1791282194355719039 workflow=ARL_UPDATE run_id=32 node=U1 source=Authority destination=TM
event=receive timestamp_ns=1791282195924799225 workflow=ARL_UPDATE run_id=33 node=U1 source=Authority destination=TM
event=receive timestamp_ns=1791282197429325742 workflow=ARL_UPDATE run_id=34 node=U1 source=Authority destination=TM
event=receive timestamp_ns=1791282198963673480 workflow=ARL_UPDATE run_id=35 node=U1 source=Authority destination=TM
event=receive timestamp_ns=1791282200500587588 workflow=ARL_UPDATE run_id=36 node=U1 source=Authority destination=TM
event=receive timestamp_ns=1791282202038144705 workflow=ARL_UPDATE run_id=37 node=U1 source=Authority destination=TM
event=receive timestamp_ns=1791282203573896036 workflow=ARL_UPDATE run_id=38 node=U1 source=Authority destination=TM
event=receive timestamp_ns=1791282205141342575 workflow=ARL_UPDATE run_id=39 node=U1 source=Authority destination=TM
event=receive timestamp_ns=1791282206643282855 workflow=ARL_UPDATE run_id=40 node=U1 source=Authority destination=TM
event=receive timestamp_ns=1791282208181808934 workflow=ARL_UPDATE run_id=41 node=U1 source=Authority destination=TM
event=receive timestamp_ns=1791282209710716187 workflow=ARL_UPDATE run_id=42 node=U1 source=Authority destination=TM
event=receive timestamp_ns=1791282211250923573 workflow=ARL_UPDATE run_id=43 node=U1 source=Authority destination=TM
event=receive timestamp_ns=1791282212788459657 workflow=ARL_UPDATE run_id=44 node=U1 source=Authority destination=TM
event=receive timestamp_ns=1791282214321919040 workflow=ARL_UPDATE run_id=45 node=U1 source=Authority destination=TM
event=receive timestamp_ns=1791282215857510028 workflow=ARL_UPDATE run_id=46 node=U1 source=Authority destination=TM
event=receive timestamp_ns=1791282217393715503 workflow=ARL_UPDATE run_id=47 node=U1 source=Authority destination=TM
event=receive timestamp_ns=1791282218930487298 workflow=ARL_UPDATE run_id=48 node=U1 source=Authority destination=TM
event=receive timestamp_ns=1791282220467769193 workflow=ARL_UPDATE run_id=49 node=U1 source=Authority destination=TM
event=receive timestamp_ns=1791282222004729220 workflow=ARL_UPDATE run_id=50 node=U1 source=Authority destination=TM
event=receive timestamp_ns=1791282223540738899 workflow=ARL_UPDATE run_id=51 node=U1 source=Authority destination=TM
event=receive timestamp_ns=1791282225076123940 workflow=ARL_UPDATE run_id=52 node=U1 source=Authority destination=TM
event=receive timestamp_ns=1791282226610432839 workflow=ARL_UPDATE run_id=53 node=U1 source=Authority destination=TM
event=receive timestamp_ns=1791282228145930918 workflow=ARL_UPDATE run_id=54 node=U1 source=Authority destination=TM
event=receive timestamp_ns=1791282229679915330 workflow=ARL_UPDATE run_id=55 node=U1 source=Authority destination=TM
event=receive timestamp_ns=1791282231221524478 workflow=ARL_UPDATE run_id=56 node=U1 source=Authority destination=TM
event=receive timestamp_ns=1791282232756763923 workflow=ARL_UPDATE run_id=57 node=U1 source=Authority destination=TM
event=receive timestamp_ns=1791282234291371235 workflow=ARL_UPDATE run_id=58 node=U1 source=Authority destination=TM
event=receive timestamp_ns=1791282235825860859 workflow=ARL_UPDATE run_id=59 node=U1 source=Authority destination=TM
event=receive timestamp_ns=1791282237359001057 workflow=ARL_UPDATE run_id=60 node=U1 source=Authority destination=TM
event=receive timestamp_ns=1791282238895644906 workflow=ARL_UPDATE run_id=61 node=U1 source=Authority destination=TM
event=receive timestamp_ns=1791282240466235868 workflow=ARL_UPDATE run_id=62 node=U1 source=Authority destination=TM
event=receive timestamp_ns=1791282242006804906 workflow=ARL_UPDATE run_id=63 node=U1 source=Authority destination=TM
event=receive timestamp_ns=1791282243537747935 workflow=ARL_UPDATE run_id=64 node=U1 source=Authority destination=TM
event=receive timestamp_ns=1791282245043234699 workflow=ARL_UPDATE run_id=65 node=U1 source=Authority destination=TM
event=receive timestamp_ns=1791282246580298438 workflow=ARL_UPDATE run_id=66 node=U1 source=Authority destination=TM
event=receive timestamp_ns=1791282248115591022 workflow=ARL_UPDATE run_id=67 node=U1 source=Authority destination=TM
event=receive timestamp_ns=1791282249647429317 workflow=ARL_UPDATE run_id=68 node=U1 source=Authority destination=TM
event=receive timestamp_ns=1791282251189494230 workflow=ARL_UPDATE run_id=69 node=U1 source=Authority destination=TM
event=receive timestamp_ns=1791282252756583231 workflow=ARL_UPDATE run_id=70 node=U1 source=Authority destination=TM
event=receive timestamp_ns=1791282255210892411 workflow=KEY_REQUEST run_id=bench_h3_key_w1 node=U1 source=TM3 destination=TM
event=receive timestamp_ns=1791282260042925328 workflow=KEY_REQUEST run_id=bench_h3_key_w2 node=U1 source=TM3 destination=TM
event=receive timestamp_ns=1791282262795117717 workflow=KEY_REQUEST run_id=bench_h3_key_w3 node=U1 source=TM3 destination=TM
event=receive timestamp_ns=1791282266570845268 workflow=KEY_REQUEST run_id=bench_h3_key_w4 node=U1 source=TM3 destination=TM
event=receive timestamp_ns=1791282271466872440 workflow=KEY_REQUEST run_id=bench_h3_key_w5 node=U1 source=TM3 destination=TM
event=receive timestamp_ns=1791282274699003546 workflow=KEY_REQUEST run_id=bench_h3_key_001 node=U1 source=TM3 destination=TM
event=receive timestamp_ns=1791282277962627301 workflow=KEY_REQUEST run_id=bench_h3_key_002 node=U1 source=TM3 destination=TM
event=receive timestamp_ns=1791282281898807993 workflow=KEY_REQUEST run_id=bench_h3_key_003 node=U1 source=TM3 destination=TM
event=receive timestamp_ns=1791282284458807189 workflow=KEY_REQUEST run_id=bench_h3_key_004 node=U1 source=TM3 destination=TM
event=receive timestamp_ns=1791282289771026228 workflow=KEY_REQUEST run_id=bench_h3_key_005 node=U1 source=TM3 destination=TM
event=receive timestamp_ns=1791282294603309508 workflow=KEY_REQUEST run_id=bench_h3_key_006 node=U1 source=TM3 destination=TM
event=receive timestamp_ns=1791282299466907841 workflow=KEY_REQUEST run_id=bench_h3_key_007 node=U1 source=TM3 destination=TM
event=receive timestamp_ns=1791282302219188642 workflow=KEY_REQUEST run_id=bench_h3_key_008 node=U1 source=TM3 destination=TM
event=receive timestamp_ns=1791282305994794071 workflow=KEY_REQUEST run_id=bench_h3_key_009 node=U1 source=TM3 destination=TM
event=receive timestamp_ns=1791282310858702716 workflow=KEY_REQUEST run_id=bench_h3_key_010 node=U1 source=TM3 destination=TM
event=receive timestamp_ns=1791282315178964958 workflow=KEY_REQUEST run_id=bench_h3_key_011 node=U1 source=TM3 destination=TM
event=receive timestamp_ns=1791282320522870907 workflow=KEY_REQUEST run_id=bench_h3_key_012 node=U1 source=TM3 destination=TM
event=receive timestamp_ns=1791282324330745796 workflow=KEY_REQUEST run_id=bench_h3_key_013 node=U1 source=TM3 destination=TM
event=receive timestamp_ns=1791282328106650835 workflow=KEY_REQUEST run_id=bench_h3_key_014 node=U1 source=TM3 destination=TM
event=receive timestamp_ns=1791282332330831965 workflow=KEY_REQUEST run_id=bench_h3_key_015 node=U1 source=TM3 destination=TM
event=receive timestamp_ns=1791282336106993839 workflow=KEY_REQUEST run_id=bench_h3_key_016 node=U1 source=TM3 destination=TM
event=receive timestamp_ns=1791282340971320119 workflow=KEY_REQUEST run_id=bench_h3_key_017 node=U1 source=TM3 destination=TM
event=receive timestamp_ns=1791282345770809041 workflow=KEY_REQUEST run_id=bench_h3_key_018 node=U1 source=TM3 destination=TM
event=receive timestamp_ns=1791282349450653310 workflow=KEY_REQUEST run_id=bench_h3_key_019 node=U1 source=TM3 destination=TM
event=receive timestamp_ns=1791282354283545311 workflow=KEY_REQUEST run_id=bench_h3_key_020 node=U1 source=TM3 destination=TM
event=receive timestamp_ns=1791282357962650147 workflow=KEY_REQUEST run_id=bench_h3_key_021 node=U1 source=TM3 destination=TM
event=receive timestamp_ns=1791282361642638842 workflow=KEY_REQUEST run_id=bench_h3_key_022 node=U1 source=TM3 destination=TM
event=receive timestamp_ns=1791282364810772551 workflow=KEY_REQUEST run_id=bench_h3_key_023 node=U1 source=TM3 destination=TM
event=receive timestamp_ns=1791282368522814065 workflow=KEY_REQUEST run_id=bench_h3_key_024 node=U1 source=TM3 destination=TM
event=receive timestamp_ns=1791282372331089770 workflow=KEY_REQUEST run_id=bench_h3_key_025 node=U1 source=TM3 destination=TM
event=receive timestamp_ns=1791282375083262379 workflow=KEY_REQUEST run_id=bench_h3_key_026 node=U1 source=TM3 destination=TM
event=receive timestamp_ns=1791282378891161272 workflow=KEY_REQUEST run_id=bench_h3_key_027 node=U1 source=TM3 destination=TM
event=receive timestamp_ns=1791282382699000371 workflow=KEY_REQUEST run_id=bench_h3_key_028 node=U1 source=TM3 destination=TM
event=receive timestamp_ns=1791282385674503770 workflow=KEY_REQUEST run_id=bench_h3_key_029 node=U1 source=TM3 destination=TM
event=receive timestamp_ns=1791282388266546735 workflow=KEY_REQUEST run_id=bench_h3_key_030 node=U1 source=TM3 destination=TM
