event=receive timestamp_ns=1791282088266779091 workflow=KEY_REQUEST run_id=bench_h3_setup node=U2 source=TM3 destination=TM
event=receive timestamp_ns=1791282092249500609 workflow=CT_SHARE run_id=1 node=U2 source=TM3 destination=TM
event=receive timestamp_ns=1791282093783853211 workflow=CT_SHARE run_id=2 node=U2 source=TM3 destination=TM
event=receive timestamp_ns=1791282095347981650 workflow=CT_SHARE run_id=3 node=U2 source=TM3 destination=TM
event=receive timestamp_ns=1791282096918860780 workflow=CT_SHARE run_id=4 node=U2 source=TM3 destination=TM
event=receive timestamp_ns=1791282098486803256 workflow=CT_SHARE run_id=5 node=U2 source=TM3 destination=TM
event=receive timestamp_ns=1791282100055603356 workflow=CT_SHARE run_id=6 node=U2 source=TM3 destination=TM
event=receive timestamp_ns=1791282101623816619 workflow=CT_SHARE run_id=7 node=U2 source=TM3 destination=TM
event=receive timestamp_ns=1791282103186472320 workflow=CT_SHARE run_id=8 node=U2 source=TM3 destination=TM
event=receive timestamp_ns=1791282104754517442 workflow=CT_SHARE run_id=9 node=U2 source=TM3 destination=TM
event=receive timestamp_ns=1791282106329006366 workflow=CT_SHARE run_id=10 node=U2 source=TM3 destination=TM
event=receive timestamp_ns=1791282107897431170 workflow=CT_SHARE run_id=11 node=U2 source=TM3 destination=TM
event=receive timestamp_ns=1791282109432617911 workflow=CT_SHARE run_id=12 node=U2 source=TM3 destination=TM
event=receive timestamp_ns=1791282111010294081 workflow=CT_SHARE run_id=13 node=U2 source=TM3 destination=TM
event=receive timestamp_ns=1791282112533541732 workflow=CT_SHARE run_id=14 node=U2 source=TM3 destination=TM
event=receive timestamp_ns=1791282114133430861 workflow=CT_SHARE run_id=15 node=U2 source=TM3 destination=TM
event=receive timestamp_ns=1791282115704490688 workflow=CT_SHARE run_id=16 node=U2 source=TM3 destination=TM
event=receive timestamp_ns=1791282117233900368 workflow=CT_SHARE run_id=17 node=U2 source=TM3 destination=TM
event=receive timestamp_ns=1791282118834269027 workflow=CT_SHARE run_id=18 node=U2 source=TM3 destination=TM
event=receive timestamp_ns=1791282120371804206 workflow=CT_SHARE run_id=19 node=U2 source=TM3 destination=TM
event=receive timestamp_ns=1791282121970583437 workflow=CT_SHARE run_id=20 node=U2 source=TM3 destination=TM
event=receive timestamp_ns=1791282123542376540 workflow=CT_SHARE run_id=21 node=U2 source=TM3 destination=TM
event=receive timestamp_ns=1791282125076228817 workflow=CT_SHARE run_id=22 node=U2 source=TM3 destination=TM
event=receive timestamp_ns=1791282126645928811 workflow=CT_SHARE run_id=23 node=U2 source=TM3 destination=TM
event=receive timestamp_ns=1791282128209278968 workflow=CT_SHARE run_id=24 node=U2 source=TM3 destination=TM
event=receive timestamp_ns=1791282129745791286 workflow=CT_SHARE run_id=25 node=U2 source=TM3 destination=TM
event=receive timestamp_ns=1791282131315401346 workflow=CT_SHARE run_id=26 node=U2 source=TM3 destination=TM
event=receive timestamp_ns=1791282132853489277 workflow=CT_SHARE run_id=27 node=U2 source=TM3 destination=TM
event=receive timestamp_ns=1791282134385347412 workflow=CT_SHARE run_id=28 node=U2 source=TM3 destination=TM
event=receive timestamp_ns=1791282135953439863 workflow=CT_SHARE run_id=29 node=U2 source=TM3 destination=TM
event=receive timestamp_ns=1791282137458748486 workflow=CT_SHARE run_id=30 node=U2 source=TM3 destination=TM
event=receive timestamp_ns=1791282139029179092 workflow=CT_SHARE run_id=31 node=U2 source=TM3 destination=TM
event=receive timestamp_ns=1791282140598474412 workflow=CT_SHARE run_id=32 node=U2 source=TM3 destination=TM
event=receive timestamp_ns=1791282142161979189 workflow=CT_SHARE run_id=33 node=U2 source=TM3 destination=TM
event=receive timestamp_ns=1791282143699885630 workflow=CT_SHARE run_id=34 node=U2 source=TM3 destination=TM
event=receive timestamp_ns=1791282145237904988 workflow=CT_SHARE run_id=35 node=U2 source=TM3 destination=TM
event=receive timestamp_ns=1791282146708918323 workflow=ARL_UPDATE run_id=1 node=U2 source=Authority destination=TM
event=receive timestamp_ns=1791282148243797989 workflow=ARL_UPDATE run_id=2 node=U2 source=Authority destination=TM
event=receive timestamp_ns=1791282149811063693 workflow=ARL_UPDATE run_id=3 node=U2 source=Authority destination=TM
event=receive timestamp_ns=1791282151314815344 workflow=ARL_UPDATE run_id=4 node=U2 source=Authority destination=TM
event=receive timestamp_ns=1791282152850976825 workflow=ARL_UPDATE run_id=5 node=U2 source=Authority destination=TM
event=receive timestamp_ns=1791282154419549840 workflow=ARL_UPDATE run_id=6 node=U2 source=Authority destination=TM
event=receive timestamp_ns=1791282155921755889 workflow=ARL_UPDATE run_id=7 node=U2 source=Authority destination=TM
event=receive timestamp_ns=1791282157458075883 workflow=ARL_UPDATE run_id=8 node=U2 source=Authority destination=TM
event=receive timestamp_ns=1791282158998888711 workflow=ARL_UPDATE run_id=9 node=U2 source=Authority destination=TM
event=receive timestamp_ns=1791282160526715411 workflow=ARL_UPDATE run_id=10 node=U2 source=Authority destination=TM
event=receive timestamp_ns=1791282162066398517 workflow=ARL_UPDATE run_id=11 node=U2 source=Authority destination=TM
event=receive timestamp_ns=1791282163603304390 workflow=ARL_UPDATE run_id=12 node=U2 source=Authority destination=TM
event=receive timestamp_ns=1791282165171864294 workflow=ARL_UPDATE run_id=13 node=U2 source=Authority destination=TM
event=receive timestamp_ns=1791282166675587253 workflow=ARL_UPDATE run_id=14 node=U2 source=Authority destination=TM
event=receive timestamp_ns=1791282168209068696 workflow=ARL_UPDATE run_id=15 node=U2 source=Authority destination=TM
event=receive timestamp_ns=1791282169744295097 workflow=ARL_UPDATE run_id=16 node=U2 source=Authority destination=TM
event=receive timestamp_ns=1791282171277146605 workflow=ARL_UPDATE run_id=17 node=U2 source=Authority destination=TM
event=receive timestamp_ns=1791282172816591278 workflow=ARL_UPDATE run_id=18 node=U2 source=Authority destination=TM
event=receive timestamp_ns=1791282174354197056 workflow=ARL_UPDATE run_id=19 node=U2 source=Authority destination=TM
event=receive timestamp_ns=1791282175949694668 workflow=ARL_UPDATE run_id=20 node=U2 source=Authority destination=TM
event=receive timestamp_ns=1791282177490042755 workflow=ARL_UPDATE run_id=21 node=U2 source=Authority destination=TM
event=receive timestamp_ns=1791282179027302588 workflow=ARL_UPDATE run_id=22 node=U2 source=Authority destination=TM
event=receive timestamp_ns=1791282180628323417 workflow=ARL_UPDATE run_id=23 node=U2 source=Authority destination=TM
event=receive timestamp_ns=1791282182162694203 workflow=ARL_UPDATE run_id=24 node=U2 source=Authority destination=TM
event=receive timestamp_ns=1791282183702823955 workflow=ARL_UPDATE run_id=25 node=U2 source=Authority destination=TM
event=receive timestamp_ns=1791282185239260687 workflow=ARL_UPDATE run_id=26 node=U2 source=Authority destination=TM
event=receive timestamp_ns=1791282186773856266 workflow=ARL_UPDATE run_id=27 node=U2 source=Authority destination=TM
event=receive timestamp_ns=1791282188300605956 workflow=ARL_UPDATE run_id=28 node=U2 source=Authority destination=TM
event=receive timestamp_ns=1791282189840633631 workflow=ARL_UPDATE run_id=29 node=U2 source=Authority destination=TM
event=receive timestamp_ns=1791282191381044393 workflow=ARL_UPDATE run_id=30 node=U2 source=Authority destination=TM
event=receive timestamp_ns=1791282192913958146 workflow=ARL_UPDATE run_id=31 node=U2 source=Authority destination=TM
event=receive timestamp_ns=1791282194455138643 workflow=ARL_UPDATE run_id=32 node=U2 source=Authority destination=TM
event=receive timestamp_ns=1791282195981971479 workflow=ARL_UPDATE run_id=33 node=U2 source=Authority destination=TM
event=receive timestamp_ns=1791282197521787033 workflow=ARL_UPDATE run_id=34 node=U2 source=Authority destination=TM
event=receive timestamp_ns=1791282199059753096 workflow=ARL_UPDATE run_id=35 node=U2 source=Authority destination=TM
event=receive timestamp_ns=1791282200593425892 workflow=ARL_UPDATE run_id=36 node=U2 source=Authority destination=TM
event=receive timestamp_ns=1791282202131512800 workflow=ARL_UPDATE run_id=37 node=U2 source=Authority destination=TM
event=receive timestamp_ns=1791282203667484627 workflow=ARL_UPDATE run_id=38 node=U2 source=Authority destination=TM
event=receive timestamp_ns=1791282205201773239 workflow=ARL_UPDATE run_id=39 node=U2 source=Authority destination=TM
event=receive timestamp_ns=1791282206738442545 workflow=ARL_UPDATE run_id=40 node=U2 source=Authority destination=TM
event=receive timestamp_ns=1791282208272214432 workflow=ARL_UPDATE run_id=41 node=U2 source=Authority destination=TM
event=receive timestamp_ns=1791282209808136284 workflow=ARL_UPDATE run_id=42 node=U2 source=Authority destination=TM
event=receive timestamp_ns=1791282211375885370 workflow=ARL_UPDATE run_id=43 node=U2 source=Authority destination=TM
event=receive timestamp_ns=1791282212884820469 workflow=ARL_UPDATE run_id=44 node=U2 source=Authority destination=TM
event=receive timestamp_ns=1791282214419572437 workflow=ARL_UPDATE run_id=45 node=U2 source=Authority destination=TM
event=receive timestamp_ns=1791282215953687835 workflow=ARL_UPDATE run_id=46 node=U2 source=Authority destination=TM
event=receive timestamp_ns=1791282217488315431 workflow=ARL_UPDATE run_id=47 node=U2 source=Authority destination=TM
event=receive timestamp_ns=1791282219026951577 workflow=ARL_UPDATE run_id=48 node=U2 source=Authority destination=TM
event=receive timestamp_ns=1791282220558480774 workflow=ARL_UPDATE run_id=49 node=U2 source=Authority destination=TM
event=receive timestamp_ns=1791282222099583105 workflow=ARL_UPDATE run_id=50 node=U2 source=Authority destination=TM
event=receive timestamp_ns=1791282223635102991 workflow=ARL_UPDATE run_id=51 node=U2 source=Authority destination=TM
event=receive timestamp_ns=1791282225170509901 workflow=ARL_UPDATE run_id=52 node=U2 source=Authority destination=TM
event=receive timestamp_ns=1791282226705508433 workflow=ARL_UPDATE run_id=53 node=U2 source=Authority destination=TM
event=receive timestamp_ns=1791282228243500008 workflow=ARL_UPDATE run_id=54 node=U2 source=Authority destination=TM
event=receive timestamp_ns=1791282229778623445 workflow=ARL_UPDATE run_id=55 node=U2 source=Authority destination=TM
event=receive timestamp_ns=1791282231313483941 workflow=ARL_UPDATE run_id=56 node=U2 source=Authority destination=TM
event=receive timestamp_ns=1791282232846063509 workflow=ARL_UPDATE run_id=57 node=U2 source=Authority destination=TM
event=receive timestamp_ns=1791282234384738940 workflow=ARL_UPDATE run_id=58 node=U2 source=Authority destination=TM
event=receive timestamp_ns=1791282235922039031 workflow=ARL_UPDATE run_id=59 node=U2 source=Authority destination=TM
event=receive timestamp_ns=1791282237457703002 workflow=ARL_UPDATE run_id=60 node=U2 source=Authority destination=TM
event=receive timestamp_ns=1791282238994518429 workflow=ARL_UPDATE run_id=61 node=U2 source=Authority destination=TM
event=receive timestamp_ns=1791282240530237000 workflow=ARL_UPDATE run_id=62 node=U2 source=Authority destination=TM
event=receive timestamp_ns=1791282242061481822 workflow=ARL_UPDATE run_id=63 node=U2 source=Authority destination=TM
event=receive timestamp_ns=1791282243630826075 workflow=ARL_UPDATE run_id=64 node=U2 source=Authority destination=TM
event=receive timestamp_ns=1791282245137694854 workflow=ARL_UPDATE run_id=65 node=U2 source=Authority destination=TM
event=receive timestamp_ns=1791282246679349497 workflow=ARL_UPDATE run_id=66 node=U2 source=Authority destination=TM
event=receive timestamp_ns=1791282248216475161 workflow=ARL_UPDATE run_id=67 node=U2 source=Authority destination=TM
event=receive timestamp_ns=1791282249747702484 workflow=ARL_UPDATE run_id=68 node=U2 source=Authority destination=TM
event=receive timestamp_ns=1791282251283861341 workflow=ARL_UPDATE run_id=69 node=U2 source=Authority destination=TM
event=receive timestamp_ns=1791282252851627543 workflow=ARL_UPDATE run_id=70 node=U2 source=Authority destination=TM
event=receive timestamp_ns=1791282255114975747 workflow=KEY_REQUEST run_id=bench_h3_key_w1 node=U2 source=TM3 destination=TM
event=receive timestamp_ns=1791282259946849253 workflow=KEY_REQUEST run_id=bench_h3_key_w2 node=U2 source=TM3 destination=TM
event=receive timestamp_ns=1791282262702895231 workflow=KEY_REQUEST run_id=bench_h3_key_w3 node=U2 source=TM3 destination=TM
event=receive timestamp_ns=1791282266475027721 workflow=KEY_REQUEST run_id=bench_h3_key_w4 node=U2 source=TM3 destination=TM
event=receive timestamp_ns=1791282271342964935 workflow=KEY_REQUEST run_id=bench_h3_key_w5 node=U2 source=TM3 destination=TM
event=receive timestamp_ns=1791282274602762667 workflow=KEY_REQUEST run_id=bench_h3_key_001 node=U2 source=TM3 destination=TM
event=receive timestamp_ns=1791282277834762926 workflow=KEY_REQUEST run_id=bench_h3_key_002 node=U2 source=TM3 destination=TM
event=receive timestamp_ns=1791282281994450376 workflow=KEY_REQUEST run_id=bench_h3_key_003 node=U2 source=TM3 destination=TM
event=receive timestamp_ns=1791282284362871515 workflow=KEY_REQUEST run_id=bench_h3_key_004 node=U2 source=TM3 destination=TM
event=receive timestamp_ns=1791282289674942648 workflow=KEY_REQUEST run_id=bench_h3_key_005 node=U2 source=TM3 destination=TM
event=receive timestamp_ns=1791282294506575281 workflow=KEY_REQUEST run_id=bench_h3_key_006 node=U2 source=TM3 destination=TM
event=receive timestamp_ns=1791282299371055353 workflow=KEY_REQUEST run_id=bench_h3_key_007 node=U2 source=TM3 destination=TM
event=receive timestamp_ns=1791282302123144124 workflow=KEY_REQUEST run_id=bench_h3_key_008 node=U2 source=TM3 destination=TM
event=receive timestamp_ns=1791282305899393933 workflow=KEY_REQUEST run_id=bench_h3_key_009 node=U2 source=TM3 destination=TM
event=receive timestamp_ns=1791282310254913657 workflow=KEY_REQUEST run_id=bench_h3_key_010 node=U2 source=TM3 destination=TM
event=receive timestamp_ns=1791282315594783980 workflow=KEY_REQUEST run_id=bench_h3_key_011 node=U2 source=TM3 destination=TM
event=receive timestamp_ns=1791282320427194055 workflow=KEY_REQUEST run_id=bench_h3_key_012 node=U2 source=TM3 destination=TM
event=receive timestamp_ns=1791282324234630587 workflow=KEY_REQUEST run_id=bench_h3_key_013 node=U2 source=TM3 destination=TM
event=receive timestamp_ns=1791282328010759577 workflow=KEY_REQUEST run_id=bench_h3_key_014 node=U2 source=TM3 destination=TM
event=receive timestamp_ns=1791282332234910122 workflow=KEY_REQUEST run_id=bench_h3_key_015 node=U2 source=TM3 destination=TM
event=receive timestamp_ns=1791282336012317241 workflow=KEY_REQUEST run_id=bench_h3_key_016 node=U2 source=TM3 destination=TM
event=receive timestamp_ns=1791282340363115427 workflow=KEY_REQUEST run_id=bench_h3_key_017 node=U2 source=TM3 destination=TM
event=receive timestamp_ns=1791282345166793221 workflow=KEY_REQUEST run_id=bench_h3_key_018 node=U2 source=TM3 destination=TM
event=receive timestamp_ns=1791282349354885620 workflow=KEY_REQUEST run_id=bench_h3_key_019 node=U2 source=TM3 destination=TM
event=receive timestamp_ns=1791282354187049670 workflow=KEY_REQUEST run_id=bench_h3_key_020 node=U2 source=TM3 destination=TM
event=receive timestamp_ns=1791282357866714513 workflow=KEY_REQUEST run_id=bench_h3_key_021 node=U2 source=TM3 destination=TM
event=receive timestamp_ns=1791282361546823665 workflow=KEY_REQUEST run_id=bench_h3_key_022 node=U2 source=TM3 destination=TM
event=receive timestamp_ns=1791282365226955748 workflow=KEY_REQUEST run_id=bench_h3_key_023 node=U2 source=TM3 destination=TM
event=receive timestamp_ns=1791282368907156943 workflow=KEY_REQUEST run_id=bench_h3_key_024 node=U2 source=TM3 destination=TM
event=receive timestamp_ns=1791282371723285533 workflow=KEY_REQUEST run_id=bench_h3_key_025 node=U2 source=TM3 destination=TM
event=receive timestamp_ns=1791282375531075095 workflow=KEY_REQUEST run_id=bench_h3_key_026 node=U2 source=TM3 destination=TM
event=receive timestamp_ns=1791282378282753270 workflow=KEY_REQUEST run_id=bench_h3_key_027 node=U2 source=TM3 destination=TM
event=receive timestamp_ns=1791282383531227003 workflow=KEY_REQUEST run_id=bench_h3_key_028 node=U2 source=TM3 destination=TM
event=receive timestamp_ns=1791282384874839142 workflow=KEY_REQUEST run_id=bench_h3_key_029 node=U2 source=TM3 destination=TM
event=receive timestamp_ns=1791282388682773902 workflow=KEY_REQUEST run_id=bench_h3_key_030 node=U2 source=TM3 destination=TM
