event=receive timestamp_ns=1791282088778642987 workflow=KEY_REQUEST run_id=bench_h3_setup node=U4 source=TM3 destination=TM
event=receive timestamp_ns=1791282092249419647 workflow=CT_SHARE run_id=1 node=U4 source=TM3 destination=TM
event=receive timestamp_ns=1791282093783896289 workflow=CT_SHARE run_id=2 node=U4 source=TM3 destination=TM
event=receive timestamp_ns=1791282095347790725 workflow=CT_SHARE run_id=3 node=U4 source=TM3 destination=TM
event=receive timestamp_ns=1791282096915680296 workflow=CT_SHARE run_id=4 node=U4 source=TM3 destination=TM
event=receive timestamp_ns=1791282098486842082 workflow=CT_SHARE run_id=5 node=U4 source=TM3 destination=TM
event=receive timestamp_ns=1791282100055325617 workflow=CT_SHARE run_id=6 node=U4 source=TM3 destination=TM
event=receive timestamp_ns=1791282101623495134 workflow=CT_SHARE run_id=7 node=U4 source=TM3 destination=TM
event=receive timestamp_ns=1791282103186511286 workflow=CT_SHARE run_id=8 node=U4 source=TM3 destination=TM
event=receive timestamp_ns=1791282104754262502 workflow=CT_SHARE run_id=9 node=U4 source=TM3 destination=TM
event=receive timestamp_ns=1791282106329369295 workflow=CT_SHARE run_id=10 node=U4 source=TM3 destination=TM
event=receive timestamp_ns=1791282107897955433 workflow=CT_SHARE run_id=11 node=U4 source=TM3 destination=TM
event=receive timestamp_ns=1791282109432248230 workflow=CT_SHARE run_id=12 node=U4 source=TM3 destination=TM
event=receive timestamp_ns=1791282111007072361 workflow=CT_SHARE run_id=13 node=U4 source=TM3 destination=TM
event=receive timestamp_ns=1791282112529470854 workflow=CT_SHARE run_id=14 node=U4 source=TM3 destination=TM
event=receive timestamp_ns=1791282114133861511 workflow=CT_SHARE run_id=15 node=U4 source=TM3 destination=TM
event=receive timestamp_ns=1791282115704637762 workflow=CT_SHARE run_id=16 node=U4 source=TM3 destination=TM
event=receive timestamp_ns=1791282117233989061 workflow=CT_SHARE run_id=17 node=U4 source=TM3 destination=TM
event=receive timestamp_ns=1791282118835724988 workflow=CT_SHARE run_id=18 node=U4 source=TM3 destination=TM
event=receive timestamp_ns=1791282120371407560 workflow=CT_SHARE run_id=19 node=U4 source=TM3 destination=TM
event=receive timestamp_ns=1791282121970388021 workflow=CT_SHARE run_id=20 node=U4 source=TM3 destination=TM
event=receive timestamp_ns=1791282123542338563 workflow=CT_SHARE run_id=21 node=U4 source=TM3 destination=TM
event=receive timestamp_ns=1791282125075846238 workflow=CT_SHARE run_id=22 node=U4 source=TM3 destination=TM
event=receive timestamp_ns=1791282126645931357 workflow=CT_SHARE run_id=23 node=U4 source=TM3 destination=TM
event=receive timestamp_ns=1791282128213518559 workflow=CT_SHARE run_id=24 node=U4 source=TM3 destination=TM
event=receive timestamp_ns=1791282129777670811 workflow=CT_SHARE run_id=25 node=U4 source=TM3 destination=TM
event=receive timestamp_ns=1791282131320141083 workflow=CT_SHARE run_id=26 node=U4 source=TM3 destination=TM
event=receive timestamp_ns=1791282132853396270 workflow=CT_SHARE run_id=27 node=U4 source=TM3 destination=TM
event=receive timestamp_ns=1791282134385919328 workflow=CT_SHARE run_id=28 node=U4 source=TM3 destination=TM
event=receive timestamp_ns=1791282135922129003 workflow=CT_SHARE run_id=29 node=U4 source=TM3 destination=TM
event=receive timestamp_ns=1791282137458612048 workflow=CT_SHARE run_id=30 node=U4 source=TM3 destination=TM
event=receive timestamp_ns=1791282139030681249 workflow=CT_SHARE run_id=31 node=U4 source=TM3 destination=TM
event=receive timestamp_ns=1791282140598461605 workflow=CT_SHARE run_id=32 node=U4 source=TM3 destination=TM
event=receive timestamp_ns=1791282142161984710 workflow=CT_SHARE run_id=33 node=U4 source=TM3 destination=TM
event=receive timestamp_ns=1791282143699935090 workflow=CT_SHARE run_id=34 node=U4 source=TM3 destination=TM
event=receive timestamp_ns=1791282145267352606 workflow=CT_SHARE run_id=35 node=U4 source=TM3 destination=TM
event=receive timestamp_ns=1791282146898595712 workflow=ARL_UPDATE run_id=1 node=U4 source=Authority destination=TM
event=receive timestamp_ns=1791282148432382914 workflow=ARL_UPDATE run_id=2 node=U4 source=Authority destination=TM
event=receive timestamp_ns=1791282150004358997 workflow=ARL_UPDATE run_id=3 node=U4 source=Authority destination=TM
event=receive timestamp_ns=1791282151507246879 workflow=ARL_UPDATE run_id=4 node=U4 source=Authority destination=TM
event=receive timestamp_ns=1791282153044775383 workflow=ARL_UPDATE run_id=5 node=U4 source=Authority destination=TM
event=receive timestamp_ns=1791282154611921520 workflow=ARL_UPDATE run_id=6 node=U4 source=Authority destination=TM
event=receive timestamp_ns=1791282156113944386 workflow=ARL_UPDATE run_id=7 node=U4 source=Authority destination=TM
event=receive timestamp_ns=1791282157650815678 workflow=ARL_UPDATE run_id=8 node=U4 source=Authority destination=TM
event=receive timestamp_ns=1791282159188151894 workflow=ARL_UPDATE run_id=9 node=U4 source=Authority destination=TM
event=receive timestamp_ns=1791282160722481884 workflow=ARL_UPDATE run_id=10 node=U4 source=Authority destination=TM
event=receive timestamp_ns=1791282162291899401 workflow=ARL_UPDATE run_id=11 node=U4 source=Authority destination=TM
event=receive timestamp_ns=1791282163796158849 workflow=ARL_UPDATE run_id=12 node=U4 source=Authority destination=TM
event=receive timestamp_ns=1791282165364201465 workflow=ARL_UPDATE run_id=13 node=U4 source=Authority destination=TM
event=receive timestamp_ns=1791282166870975690 workflow=ARL_UPDATE run_id=14 node=U4 source=Authority destination=TM
event=receive timestamp_ns=1791282168402587288 workflow=ARL_UPDATE run_id=15 node=U4 source=Authority destination=TM
event=receive timestamp_ns=1791282169936314592 workflow=ARL_UPDATE run_id=16 node=U4 source=Authority destination=TM
event=receive timestamp_ns=1791282171471248898 workflow=ARL_UPDATE run_id=17 node=U4 source=Authority destination=TM
event=receive timestamp_ns=1791282173008042588 workflow=ARL_UPDATE run_id=18 node=U4 source=Authority destination=TM
event=receive timestamp_ns=1791282174545353176 workflow=ARL_UPDATE run_id=19 node=U4 source=Authority destination=TM
event=receive timestamp_ns=1791282176147496061 workflow=ARL_UPDATE run_id=20 node=U4 source=Authority destination=TM
event=receive timestamp_ns=1791282177683695732 workflow=ARL_UPDATE run_id=21 node=U4 source=Authority destination=TM
event=receive timestamp_ns=1791282179219715412 workflow=ARL_UPDATE run_id=22 node=U4 source=Authority destination=TM
event=receive timestamp_ns=1791282180819879514 workflow=ARL_UPDATE run_id=23 node=U4 source=Authority destination=TM
event=receive timestamp_ns=1791282182353966600 workflow=ARL_UPDATE run_id=24 node=U4 source=Authority destination=TM
event=receive timestamp_ns=1791282183888599510 workflow=ARL_UPDATE run_id=25 node=U4 source=Authority destination=TM
event=receive timestamp_ns=1791282185392104976 workflow=ARL_UPDATE run_id=26 node=U4 source=Authority destination=TM
event=receive timestamp_ns=1791282186961076715 workflow=ARL_UPDATE run_id=27 node=U4 source=Authority destination=TM
event=receive timestamp_ns=1791282188496569486 workflow=ARL_UPDATE run_id=28 node=U4 source=Authority destination=TM
event=receive timestamp_ns=1791282190034212140 workflow=ARL_UPDATE run_id=29 node=U4 source=Authority destination=TM
event=receive timestamp_ns=1791282191572677432 workflow=ARL_UPDATE run_id=30 node=U4 source=Authority destination=TM
event=receive timestamp_ns=1791282193108475345 workflow=ARL_UPDATE run_id=31 node=U4 source=Authority destination=TM
event=receive timestamp_ns=1791282194644225860 workflow=ARL_UPDATE run_id=32 node=U4 source=Authority destination=TM
event=receive timestamp_ns=1791282196212154957 workflow=ARL_UPDATE run_id=33 node=U4 source=Authority destination=TM
event=receive timestamp_ns=1791282197715847133 workflow=ARL_UPDATE run_id=34 node=U4 source=Authority destination=TM
event=receive timestamp_ns=1791282199251578623 workflow=ARL_UPDATE run_id=35 node=U4 source=Authority destination=TM
event=receive timestamp_ns=1791282200788073160 workflow=ARL_UPDATE run_id=36 node=U4 source=Authority destination=TM
event=receive timestamp_ns=1791282202324826588 workflow=ARL_UPDATE run_id=37 node=U4 source=Authority destination=TM
event=receive timestamp_ns=1791282203859619752 workflow=ARL_UPDATE run_id=38 node=U4 source=Authority destination=TM
event=receive timestamp_ns=1791282205395667140 workflow=ARL_UPDATE run_id=39 node=U4 source=Authority destination=TM
event=receive timestamp_ns=1791282206929467919 workflow=ARL_UPDATE run_id=40 node=U4 source=Authority destination=TM
event=receive timestamp_ns=1791282208470595815 workflow=ARL_UPDATE run_id=41 node=U4 source=Authority destination=TM
event=receive timestamp_ns=1791282209999456661 workflow=ARL_UPDATE run_id=42 node=U4 source=Authority destination=TM
event=receive timestamp_ns=1791282211533150277 workflow=ARL_UPDATE run_id=43 node=U4 source=Authority destination=TM
event=receive timestamp_ns=1791282213076463518 workflow=ARL_UPDATE run_id=44 node=U4 source=Authority destination=TM
event=receive timestamp_ns=1791282214611438342 workflow=ARL_UPDATE run_id=45 node=U4 source=Authority destination=TM
event=receive timestamp_ns=1791282216112557383 workflow=ARL_UPDATE run_id=46 node=U4 source=Authority destination=TM
event=receive timestamp_ns=1791282217683443172 workflow=ARL_UPDATE run_id=47 node=U4 source=Authority destination=TM
event=receive timestamp_ns=1791282219216973604 workflow=ARL_UPDATE run_id=48 node=U4 source=Authority destination=TM
event=receive timestamp_ns=1791282220752014617 workflow=ARL_UPDATE run_id=49 node=U4 source=Authority destination=TM
event=receive timestamp_ns=1791282222288249809 workflow=ARL_UPDATE run_id=50 node=U4 source=Authority destination=TM
event=receive timestamp_ns=1791282223824372540 workflow=ARL_UPDATE run_id=51 node=U4 source=Authority destination=TM
event=receive timestamp_ns=1791282225332336674 workflow=ARL_UPDATE run_id=52 node=U4 source=Authority destination=TM
event=receive timestamp_ns=1791282226900117257 workflow=ARL_UPDATE run_id=53 node=U4 source=Authority destination=TM
event=receive timestamp_ns=1791282228434785323 workflow=ARL_UPDATE run_id=54 node=U4 source=Authority destination=TM
event=receive timestamp_ns=1791282229970131883 workflow=ARL_UPDATE run_id=55 node=U4 source=Authority destination=TM
event=receive timestamp_ns=1791282231506174351 workflow=ARL_UPDATE run_id=56 node=U4 source=Authority destination=TM
event=receive timestamp_ns=1791282233041148218 workflow=ARL_UPDATE run_id=57 node=U4 source=Authority destination=TM
event=receive timestamp_ns=1791282234576861724 workflow=ARL_UPDATE run_id=58 node=U4 source=Authority destination=TM
event=receive timestamp_ns=1791282236113630786 workflow=ARL_UPDATE run_id=59 node=U4 source=Authority destination=TM
event=receive timestamp_ns=1791282237650860404 workflow=ARL_UPDATE run_id=60 node=U4 source=Authority destination=TM
event=receive timestamp_ns=1791282239191643534 workflow=ARL_UPDATE run_id=61 node=U4 source=Authority destination=TM
event=receive timestamp_ns=1791282240723246851 workflow=ARL_UPDATE run_id=62 node=U4 source=Authority destination=TM
event=receive timestamp_ns=1791282242260456886 workflow=ARL_UPDATE run_id=63 node=U4 source=Authority destination=TM
event=receive timestamp_ns=1791282243826850292 workflow=ARL_UPDATE run_id=64 node=U4 source=Authority destination=TM
event=receive timestamp_ns=1791282245327763620 workflow=ARL_UPDATE run_id=65 node=U4 source=Authority destination=TM
event=receive timestamp_ns=1791282246867567874 workflow=ARL_UPDATE run_id=66 node=U4 source=Authority destination=TM
event=receive timestamp_ns=1791282248404794047 workflow=ARL_UPDATE run_id=67 node=U4 source=Authority destination=TM
event=receive timestamp_ns=1791282249937967620 workflow=ARL_UPDATE run_id=68 node=U4 source=Authority destination=TM
event=receive timestamp_ns=1791282251510144602 workflow=ARL_UPDATE run_id=69 node=U4 source=Authority destination=TM
event=receive timestamp_ns=1791282253043890416 workflow=ARL_UPDATE run_id=70 node=U4 source=Authority destination=TM
event=receive timestamp_ns=1791282254602991964 workflow=KEY_REQUEST run_id=bench_h3_key_w1 node=U4 source=TM3 destination=TM
event=receive timestamp_ns=1791282259434757399 workflow=KEY_REQUEST run_id=bench_h3_key_w2 node=U4 source=TM3 destination=TM
event=receive timestamp_ns=1791282263274708413 workflow=KEY_REQUEST run_id=bench_h3_key_w3 node=U4 source=TM3 destination=TM
event=receive timestamp_ns=1791282266474892332 workflow=KEY_REQUEST run_id=bench_h3_key_w4 node=U4 source=TM3 destination=TM
event=receive timestamp_ns=1791282270858941674 workflow=KEY_REQUEST run_id=bench_h3_key_w5 node=U4 source=TM3 destination=TM
event=receive timestamp_ns=1791282274602757821 workflow=KEY_REQUEST run_id=bench_h3_key_001 node=U4 source=TM3 destination=TM
event=receive timestamp_ns=1791282278447122287 workflow=KEY_REQUEST run_id=bench_h3_key_002 node=U4 source=TM3 destination=TM
event=receive timestamp_ns=1791282281610505104 workflow=KEY_REQUEST run_id=bench_h3_key_003 node=U4 source=TM3 destination=TM
event=receive timestamp_ns=1791282284363084612 workflow=KEY_REQUEST run_id=bench_h3_key_004 node=U4 source=TM3 destination=TM
event=receive timestamp_ns=1791282289162917852 workflow=KEY_REQUEST run_id=bench_h3_key_005 node=U4 source=TM3 destination=TM
event=receive timestamp_ns=1791282294506711670 workflow=KEY_REQUEST run_id=bench_h3_key_006 node=U4 source=TM3 destination=TM
event=receive timestamp_ns=1791282298858935626 workflow=KEY_REQUEST run_id=bench_h3_key_007 node=U4 source=TM3 destination=TM
event=receive timestamp_ns=1791282302666963168 workflow=KEY_REQUEST run_id=bench_h3_key_008 node=U4 source=TM3 destination=TM
event=receive timestamp_ns=1791282305899123415 workflow=KEY_REQUEST run_id=bench_h3_key_009 node=U4 source=TM3 destination=TM
event=receive timestamp_ns=1791282310283069417 workflow=KEY_REQUEST run_id=bench_h3_key_010 node=U4 source=TM3 destination=TM
event=receive timestamp_ns=1791282315594865905 workflow=KEY_REQUEST run_id=bench_h3_key_011 node=U4 source=TM3 destination=TM
event=receive timestamp_ns=1791282320427094168 workflow=KEY_REQUEST run_id=bench_h3_key_012 node=U4 source=TM3 destination=TM
event=receive timestamp_ns=1791282324234630632 workflow=KEY_REQUEST run_id=bench_h3_key_013 node=U4 source=TM3 destination=TM
event=receive timestamp_ns=1791282328106651013 workflow=KEY_REQUEST run_id=bench_h3_key_014 node=U4 source=TM3 destination=TM
event=receive timestamp_ns=1791282332746943191 workflow=KEY_REQUEST run_id=bench_h3_key_015 node=U4 source=TM3 destination=TM
event=receive timestamp_ns=1791282335498634869 workflow=KEY_REQUEST run_id=bench_h3_key_016 node=U4 source=TM3 destination=TM
event=receive timestamp_ns=1791282340874988705 workflow=KEY_REQUEST run_id=bench_h3_key_017 node=U4 source=TM3 destination=TM
event=receive timestamp_ns=1791282345166648967 workflow=KEY_REQUEST run_id=bench_h3_key_018 node=U4 source=TM3 destination=TM
event=receive timestamp_ns=1791282348842980594 workflow=KEY_REQUEST run_id=bench_h3_key_019 node=U4 source=TM3 destination=TM
event=receive timestamp_ns=1791282354187200118 workflow=KEY_REQUEST run_id=bench_h3_key_020 node=U4 source=TM3 destination=TM
event=receive timestamp_ns=1791282357866679076 workflow=KEY_REQUEST run_id=bench_h3_key_021 node=U4 source=TM3 destination=TM
event=receive timestamp_ns=1791282361550973600 workflow=KEY_REQUEST run_id=bench_h3_key_022 node=U4 source=TM3 destination=TM
event=receive timestamp_ns=1791282365227106007 workflow=KEY_REQUEST run_id=bench_h3_key_023 node=U4 source=TM3 destination=TM
event=receive timestamp_ns=1791282368907157102 workflow=KEY_REQUEST run_id=bench_h3_key_024 node=U4 source=TM3 destination=TM
event=receive timestamp_ns=1791282371722954287 workflow=KEY_REQUEST run_id=bench_h3_key_025 node=U4 source=TM3 destination=TM
event=receive timestamp_ns=1791282375594868357 workflow=KEY_REQUEST run_id=bench_h3_key_026 node=U4 source=TM3 destination=TM
event=receive timestamp_ns=1791282378282946918 workflow=KEY_REQUEST run_id=bench_h3_key_027 node=U4 source=TM3 destination=TM
event=receive timestamp_ns=1791282382634911007 workflow=KEY_REQUEST run_id=bench_h3_key_028 node=U4 source=TM3 destination=TM
event=receive timestamp_ns=1791282385386490130 workflow=KEY_REQUEST run_id=bench_h3_key_029 node=U4 source=TM3 destination=TM
event=receive timestamp_ns=1791282388746719784 workflow=KEY_REQUEST run_id=bench_h3_key_030 node=U4 source=TM3 destination=TM
