event=receive timestamp_ns=1791282088362982086 workflow=KEY_REQUEST run_id=bench_h3_setup node=U5 source=TM3 destination=TM
event=receive timestamp_ns=1791282092348437465 workflow=CT_SHARE run_id=1 node=U5 source=TM3 destination=TM
event=receive timestamp_ns=1791282093882688801 workflow=CT_SHARE run_id=2 node=U5 source=TM3 destination=TM
event=receive timestamp_ns=1791282095450746961 workflow=CT_SHARE run_id=3 node=U5 source=TM3 destination=TM
event=receive timestamp_ns=1791282097017929387 workflow=CT_SHARE run_id=4 node=U5 source=TM3 destination=TM
event=receive timestamp_ns=1791282098585732760 workflow=CT_SHARE run_id=5 node=U5 source=TM3 destination=TM
event=receive timestamp_ns=1791282100151325146 workflow=CT_SHARE run_id=6 node=U5 source=TM3 destination=TM
event=receive timestamp_ns=1791282101719378449 workflow=CT_SHARE run_id=7 node=U5 source=TM3 destination=TM
event=receive timestamp_ns=1791282103286301280 workflow=CT_SHARE run_id=8 node=U5 source=TM3 destination=TM
event=receive timestamp_ns=1791282104855130914 workflow=CT_SHARE run_id=9 node=U5 source=TM3 destination=TM
event=receive timestamp_ns=1791282106421769540 workflow=CT_SHARE run_id=10 node=U5 source=TM3 destination=TM
event=receive timestamp_ns=1791282107958376401 workflow=CT_SHARE run_id=11 node=U5 source=TM3 destination=TM
event=receive timestamp_ns=1791282109526359916 workflow=CT_SHARE run_id=12 node=U5 source=TM3 destination=TM
event=receive timestamp_ns=1791282111094878395 workflow=CT_SHARE run_id=13 node=U5 source=TM3 destination=TM
event=receive timestamp_ns=1791282112626049600 workflow=CT_SHARE run_id=14 node=U5 source=TM3 destination=TM
event=receive timestamp_ns=1791282114258410459 workflow=CT_SHARE run_id=15 node=U5 source=TM3 destination=TM
event=receive timestamp_ns=1791282115765038443 workflow=CT_SHARE run_id=16 node=U5 source=TM3 destination=TM
event=receive timestamp_ns=1791282117333726435 workflow=CT_SHARE run_id=17 node=U5 source=TM3 destination=TM
event=receive timestamp_ns=1791282118930537794 workflow=CT_SHARE run_id=18 node=U5 source=TM3 destination=TM
event=receive timestamp_ns=1791282120472787842 workflow=CT_SHARE run_id=19 node=U5 source=TM3 destination=TM
event=receive timestamp_ns=1791282122066299235 workflow=CT_SHARE run_id=20 node=U5 source=TM3 destination=TM
event=receive timestamp_ns=1791282123601570551 workflow=CT_SHARE run_id=21 node=U5 source=TM3 destination=TM
event=receive timestamp_ns=1791282125171930723 workflow=CT_SHARE run_id=22 node=U5 source=TM3 destination=TM
event=receive timestamp_ns=1791282126740735742 workflow=CT_SHARE run_id=23 node=U5 source=TM3 destination=TM
event=receive timestamp_ns=1791282128307002995 workflow=CT_SHARE run_id=24 node=U5 source=TM3 destination=TM
event=receive timestamp_ns=1791282129842435924 workflow=CT_SHARE run_id=25 node=U5 source=TM3 destination=TM
event=receive timestamp_ns=1791282131410407200 workflow=CT_SHARE run_id=26 node=U5 source=TM3 destination=TM
event=receive timestamp_ns=1791282132946807715 workflow=CT_SHARE run_id=27 node=U5 source=TM3 destination=TM
event=receive timestamp_ns=1791282134481551725 workflow=CT_SHARE run_id=28 node=U5 source=TM3 destination=TM
event=receive timestamp_ns=1791282136020006264 workflow=CT_SHARE run_id=29 node=U5 source=TM3 destination=TM
event=receive timestamp_ns=1791282137556543041 workflow=CT_SHARE run_id=30 node=U5 source=TM3 destination=TM
event=receive timestamp_ns=1791282139125239713 workflow=CT_SHARE run_id=31 node=U5 source=TM3 destination=TM
event=receive timestamp_ns=1791282140694978981 workflow=CT_SHARE run_id=32 node=U5 source=TM3 destination=TM
event=receive timestamp_ns=1791282142257910887 workflow=CT_SHARE run_id=33 node=U5 source=TM3 destination=TM
event=receive timestamp_ns=1791282143800741419 workflow=CT_SHARE run_id=34 node=U5 source=TM3 destination=TM
event=receive timestamp_ns=1791282145333870747 workflow=CT_SHARE run_id=35 node=U5 source=TM3 destination=TM
event=receive timestamp_ns=1791282146995015738 workflow=ARL_UPDATE run_id=1 node=U5 source=Authority destination=TM
event=receive timestamp_ns=1791282148530000015 workflow=ARL_UPDATE run_id=2 node=U5 source=Authority destination=TM
event=receive timestamp_ns=1791282150099678103 workflow=ARL_UPDATE run_id=3 node=U5 source=Authority destination=TM
event=receive timestamp_ns=1791282151604651651 workflow=ARL_UPDATE run_id=4 node=U5 source=Authority destination=TM
event=receive timestamp_ns=1791282153140974594 workflow=ARL_UPDATE run_id=5 node=U5 source=Authority destination=TM
event=receive timestamp_ns=1791282154709265669 workflow=ARL_UPDATE run_id=6 node=U5 source=Authority destination=TM
event=receive timestamp_ns=1791282156206575426 workflow=ARL_UPDATE run_id=7 node=U5 source=Authority destination=TM
event=receive timestamp_ns=1791282157746878396 workflow=ARL_UPDATE run_id=8 node=U5 source=Authority destination=TM
event=receive timestamp_ns=1791282159286810776 workflow=ARL_UPDATE run_id=9 node=U5 source=Authority destination=TM
event=receive timestamp_ns=1791282160820814709 workflow=ARL_UPDATE run_id=10 node=U5 source=Authority destination=TM
event=receive timestamp_ns=1791282162391957185 workflow=ARL_UPDATE run_id=11 node=U5 source=Authority destination=TM
event=receive timestamp_ns=1791282163890459956 workflow=ARL_UPDATE run_id=12 node=U5 source=Authority destination=TM
event=receive timestamp_ns=1791282165459193501 workflow=ARL_UPDATE run_id=13 node=U5 source=Authority destination=TM
event=receive timestamp_ns=1791282166994802094 workflow=ARL_UPDATE run_id=14 node=U5 source=Authority destination=TM
event=receive timestamp_ns=1791282168498876919 workflow=ARL_UPDATE run_id=15 node=U5 source=Authority destination=TM
event=receive timestamp_ns=1791282170035979892 workflow=ARL_UPDATE run_id=16 node=U5 source=Authority destination=TM
event=receive timestamp_ns=1791282171536866884 workflow=ARL_UPDATE run_id=17 node=U5 source=Authority destination=TM
event=receive timestamp_ns=1791282173102241385 workflow=ARL_UPDATE run_id=18 node=U5 source=Authority destination=TM
event=receive timestamp_ns=1791282174640916249 workflow=ARL_UPDATE run_id=19 node=U5 source=Authority destination=TM
event=receive timestamp_ns=1791282176237985111 workflow=ARL_UPDATE run_id=20 node=U5 source=Authority destination=TM
event=receive timestamp_ns=1791282177775968078 workflow=ARL_UPDATE run_id=21 node=U5 source=Authority destination=TM
event=receive timestamp_ns=1791282179316415419 workflow=ARL_UPDATE run_id=22 node=U5 source=Authority destination=TM
event=receive timestamp_ns=1791282180912567540 workflow=ARL_UPDATE run_id=23 node=U5 source=Authority destination=TM
event=receive timestamp_ns=1791282182447227384 workflow=ARL_UPDATE run_id=24 node=U5 source=Authority destination=TM
event=receive timestamp_ns=1791282183949136567 workflow=ARL_UPDATE run_id=25 node=U5 source=Authority destination=TM
event=receive timestamp_ns=1791282185489627553 workflow=ARL_UPDATE run_id=26 node=U5 source=Authority destination=TM
event=receive timestamp_ns=1791282187059032750 workflow=ARL_UPDATE run_id=27 node=U5 source=Authority destination=TM
event=receive timestamp_ns=1791282188593051566 workflow=ARL_UPDATE run_id=28 node=U5 source=Authority destination=TM
event=receive timestamp_ns=1791282190092644955 workflow=ARL_UPDATE run_id=29 node=U5 source=Authority destination=TM
event=receive timestamp_ns=1791282191667107402 workflow=ARL_UPDATE run_id=30 node=U5 source=Authority destination=TM
event=receive timestamp_ns=1791282193198858057 workflow=ARL_UPDATE run_id=31 node=U5 source=Authority destination=TM
event=receive timestamp_ns=1791282194739165724 workflow=ARL_UPDATE run_id=32 node=U5 source=Authority destination=TM
event=receive timestamp_ns=1791282196301668158 workflow=ARL_UPDATE run_id=33 node=U5 source=Authority destination=TM
event=receive timestamp_ns=1791282197811324966 workflow=ARL_UPDATE run_id=34 node=U5 source=Authority destination=TM
event=receive timestamp_ns=1791282199350739629 workflow=ARL_UPDATE run_id=35 node=U5 source=Authority destination=TM
event=receive timestamp_ns=1791282200878598733 workflow=ARL_UPDATE run_id=36 node=U5 source=Authority destination=TM
event=receive timestamp_ns=1791282202418961322 workflow=ARL_UPDATE run_id=37 node=U5 source=Authority destination=TM
event=receive timestamp_ns=1791282203957184332 workflow=ARL_UPDATE run_id=38 node=U5 source=Authority destination=TM
event=receive timestamp_ns=1791282205522430040 workflow=ARL_UPDATE run_id=39 node=U5 source=Authority destination=TM
event=receive timestamp_ns=1791282207025021917 workflow=ARL_UPDATE run_id=40 node=U5 source=Authority destination=TM
event=receive timestamp_ns=1791282208561626247 workflow=ARL_UPDATE run_id=41 node=U5 source=Authority destination=TM
event=receive timestamp_ns=1791282210094536933 workflow=ARL_UPDATE run_id=42 node=U5 source=Authority destination=TM
event=receive timestamp_ns=1791282211635402442 workflow=ARL_UPDATE run_id=43 node=U5 source=Authority destination=TM
event=receive timestamp_ns=1791282213171046635 workflow=ARL_UPDATE run_id=44 node=U5 source=Authority destination=TM
event=receive timestamp_ns=1791282214701720064 workflow=ARL_UPDATE run_id=45 node=U5 source=Authority destination=TM
event=receive timestamp_ns=1791282216209428874 workflow=ARL_UPDATE run_id=46 node=U5 source=Authority destination=TM
event=receive timestamp_ns=1791282217740879982 workflow=ARL_UPDATE run_id=47 node=U5 source=Authority destination=TM
event=receive timestamp_ns=1791282219309866268 workflow=ARL_UPDATE run_id=48 node=U5 source=Authority destination=TM
event=receive timestamp_ns=1791282220848140858 workflow=ARL_UPDATE run_id=49 node=U5 source=Authority destination=TM
event=receive timestamp_ns=1791282222382211787 workflow=ARL_UPDATE run_id=50 node=U5 source=Authority destination=TM
event=receive timestamp_ns=1791282223921219034 workflow=ARL_UPDATE run_id=51 node=U5 source=Authority destination=TM
event=receive timestamp_ns=1791282225427999080 workflow=ARL_UPDATE run_id=52 node=U5 source=Authority destination=TM
event=receive timestamp_ns=1791282226995723043 workflow=ARL_UPDATE run_id=53 node=U5 source=Authority destination=TM
event=receive timestamp_ns=1791282228530273831 workflow=ARL_UPDATE run_id=54 node=U5 source=Authority destination=TM
event=receive timestamp_ns=1791282230067335824 workflow=ARL_UPDATE run_id=55 node=U5 source=Authority destination=TM
event=receive timestamp_ns=1791282231602766843 workflow=ARL_UPDATE run_id=56 node=U5 source=Authority destination=TM
event=receive timestamp_ns=1791282233138987441 workflow=ARL_UPDATE run_id=57 node=U5 source=Authority destination=TM
event=receive timestamp_ns=1791282234669373886 workflow=ARL_UPDATE run_id=58 node=U5 source=Authority destination=TM
event=receive timestamp_ns=1791282236210451600 workflow=ARL_UPDATE run_id=59 node=U5 source=Authority destination=TM
event=receive timestamp_ns=1791282237746705824 workflow=ARL_UPDATE run_id=60 node=U5 source=Authority destination=TM
event=receive timestamp_ns=1791282239287787682 workflow=ARL_UPDATE run_id=61 node=U5 source=Authority destination=TM
event=receive timestamp_ns=1791282240818996574 workflow=ARL_UPDATE run_id=62 node=U5 source=Authority destination=TM
event=receive timestamp_ns=1791282242355944734 workflow=ARL_UPDATE run_id=63 node=U5 source=Authority destination=TM
event=receive timestamp_ns=1791282243921801877 workflow=ARL_UPDATE run_id=64 node=U5 source=Authority destination=TM
event=receive timestamp_ns=1791282245427851024 workflow=ARL_UPDATE run_id=65 node=U5 source=Authority destination=TM
event=receive timestamp_ns=1791282246961193645 workflow=ARL_UPDATE run_id=66 node=U5 source=Authority destination=TM
event=receive timestamp_ns=1791282248494118125 workflow=ARL_UPDATE run_id=67 node=U5 source=Authority destination=TM
event=receive timestamp_ns=1791282250035928552 workflow=ARL_UPDATE run_id=68 node=U5 source=Authority destination=TM
event=receive timestamp_ns=1791282251604523275 workflow=ARL_UPDATE run_id=69 node=U5 source=Authority destination=TM
event=receive timestamp_ns=1791282253140139695 workflow=ARL_UPDATE run_id=70 node=U5 source=Authority destination=TM
event=receive timestamp_ns=1791282254702580261 workflow=KEY_REQUEST run_id=bench_h3_key_w1 node=U5 source=TM3 destination=TM
event=receive timestamp_ns=1791282259530687098 workflow=KEY_REQUEST run_id=bench_h3_key_w2 node=U5 source=TM3 destination=TM
event=receive timestamp_ns=1791282263370709055 workflow=KEY_REQUEST run_id=bench_h3_key_w3 node=U5 source=TM3 destination=TM
event=receive timestamp_ns=1791282266570785159 workflow=KEY_REQUEST run_id=bench_h3_key_w4 node=U5 source=TM3 destination=TM
event=receive timestamp_ns=1791282271434671052 workflow=KEY_REQUEST run_id=bench_h3_key_w5 node=U5 source=TM3 destination=TM
event=receive timestamp_ns=1791282274698902124 workflow=KEY_REQUEST run_id=bench_h3_key_001 node=U5 source=TM3 destination=TM
event=receive timestamp_ns=1791282278539214211 workflow=KEY_REQUEST run_id=bench_h3_key_002 node=U5 source=TM3 destination=TM
event=receive timestamp_ns=1791282281706790839 workflow=KEY_REQUEST run_id=bench_h3_key_003 node=U5 source=TM3 destination=TM
event=receive timestamp_ns=1791282284458806403 workflow=KEY_REQUEST run_id=bench_h3_key_004 node=U5 source=TM3 destination=TM
event=receive timestamp_ns=1791282289259302451 workflow=KEY_REQUEST run_id=bench_h3_key_005 node=U5 source=TM3 destination=TM
event=receive timestamp_ns=1791282294634687864 workflow=KEY_REQUEST run_id=bench_h3_key_006 node=U5 source=TM3 destination=TM
event=receive timestamp_ns=1791282298958682159 workflow=KEY_REQUEST run_id=bench_h3_key_007 node=U5 source=TM3 destination=TM
event=receive timestamp_ns=1791282302762719964 workflow=KEY_REQUEST run_id=bench_h3_key_008 node=U5 source=TM3 destination=TM
event=receive timestamp_ns=1791282305483239019 workflow=KEY_REQUEST run_id=bench_h3_key_009 node=U5 source=TM3 destination=TM
event=receive timestamp_ns=1791282310890821832 workflow=KEY_REQUEST run_id=bench_h3_key_010 node=U5 source=TM3 destination=TM
event=receive timestamp_ns=1791282315179086531 workflow=KEY_REQUEST run_id=bench_h3_key_011 node=U5 source=TM3 destination=TM
event=receive timestamp_ns=1791282320010980841 workflow=KEY_REQUEST run_id=bench_h3_key_012 node=U5 source=TM3 destination=TM
event=receive timestamp_ns=1791282324330846287 workflow=KEY_REQUEST run_id=bench_h3_key_013 node=U5 source=TM3 destination=TM
event=receive timestamp_ns=1791282328170758534 workflow=KEY_REQUEST run_id=bench_h3_key_014 node=U5 source=TM3 destination=TM
event=receive timestamp_ns=1791282332842972915 workflow=KEY_REQUEST run_id=bench_h3_key_015 node=U5 source=TM3 destination=TM
event=receive timestamp_ns=1791282335594774221 workflow=KEY_REQUEST run_id=bench_h3_key_016 node=U5 source=TM3 destination=TM
event=receive timestamp_ns=1791282340458961315 workflow=KEY_REQUEST run_id=bench_h3_key_017 node=U5 source=TM3 destination=TM
event=receive timestamp_ns=1791282345258548019 workflow=KEY_REQUEST run_id=bench_h3_key_018 node=U5 source=TM3 destination=TM
event=receive timestamp_ns=1791282348938735432 workflow=KEY_REQUEST run_id=bench_h3_key_019 node=U5 source=TM3 destination=TM
event=receive timestamp_ns=1791282354283489895 workflow=KEY_REQUEST run_id=bench_h3_key_020 node=U5 source=TM3 destination=TM
event=receive timestamp_ns=1791282357962650099 workflow=KEY_REQUEST run_id=bench_h3_key_021 node=U5 source=TM3 destination=TM
event=receive timestamp_ns=1791282361642751488 workflow=KEY_REQUEST run_id=bench_h3_key_022 node=U5 source=TM3 destination=TM
event=receive timestamp_ns=1791282365322943873 workflow=KEY_REQUEST run_id=bench_h3_key_023 node=U5 source=TM3 destination=TM
event=receive timestamp_ns=1791282369038686367 workflow=KEY_REQUEST run_id=bench_h3_key_024 node=U5 source=TM3 destination=TM
event=receive timestamp_ns=1791282371818879775 workflow=KEY_REQUEST run_id=bench_h3_key_025 node=U5 source=TM3 destination=TM
event=receive timestamp_ns=1791282375690920468 workflow=KEY_REQUEST run_id=bench_h3_key_026 node=U5 source=TM3 destination=TM
event=receive timestamp_ns=1791282378379132980 workflow=KEY_REQUEST run_id=bench_h3_key_027 node=U5 source=TM3 destination=TM
event=receive timestamp_ns=1791282382730775695 workflow=KEY_REQUEST run_id=bench_h3_key_028 node=U5 source=TM3 destination=TM
event=receive timestamp_ns=1791282385514466131 workflow=KEY_REQUEST run_id=bench_h3_key_029 node=U5 source=TM3 destination=TM
event=receive timestamp_ns=1791282388234518249 workflow=KEY_REQUEST run_id=bench_h3_key_030 node=U5 source=TM3 destination=TM
