event=send timestamp_ns=1791278643028714750 workflow=KEY_RESPONSE run_id=bench_h2_setup node=Authority source=Authority destination=bench_h2_setup
event=receive timestamp_ns=1791278643018822959 workflow=KEY_REQUEST run_id=bench_h2_setup node=Authority source=TM2 destination=TM
event=receive timestamp_ns=1791278646638677695 workflow=CT_SHARE run_id=1 node=Authority source=TM2 destination=TM
event=receive timestamp_ns=1791278648202549050 workflow=CT_SHARE run_id=2 node=Authority source=TM2 destination=TM
event=receive timestamp_ns=1791278649706560099 workflow=CT_SHARE run_id=3 node=Authority source=TM2 destination=TM
event=receive timestamp_ns=1791278651242721717 workflow=CT_SHARE run_id=4 node=Authority source=TM2 destination=TM
event=receive timestamp_ns=1791278652778534738 workflow=CT_SHARE run_id=5 node=Authority source=TM2 destination=TM
event=receive timestamp_ns=1791278654314804238 workflow=CT_SHARE run_id=6 node=Authority source=TM2 destination=TM
event=receive timestamp_ns=1791278655850959492 workflow=CT_SHARE run_id=7 node=Authority source=TM2 destination=TM
event=receive timestamp_ns=1791278657386562244 workflow=CT_SHARE run_id=8 node=Authority source=TM2 destination=TM
event=receive timestamp_ns=1791278659022652181 workflow=CT_SHARE run_id=9 node=Authority source=TM2 destination=TM
event=receive timestamp_ns=1791278660526422588 workflow=CT_SHARE run_id=10 node=Authority source=TM2 destination=TM
event=receive timestamp_ns=1791278662126468004 workflow=CT_SHARE run_id=11 node=Authority source=TM2 destination=TM
event=receive timestamp_ns=1791278663658419294 workflow=CT_SHARE run_id=12 node=Authority source=TM2 destination=TM
event=receive timestamp_ns=1791278665194794156 workflow=CT_SHARE run_id=13 node=Authority source=TM2 destination=TM
event=receive timestamp_ns=1791278666731219149 workflow=CT_SHARE run_id=14 node=Authority source=TM2 destination=TM
event=receive timestamp_ns=1791278668266813202 workflow=CT_SHARE run_id=15 node=Authority source=TM2 destination=TM
event=receive timestamp_ns=1791278669866832137 workflow=CT_SHARE run_id=16 node=Authority source=TM2 destination=TM
event=receive timestamp_ns=1791278671402515111 workflow=CT_SHARE run_id=17 node=Authority source=TM2 destination=TM
event=receive timestamp_ns=1791278672938538210 workflow=CT_SHARE run_id=18 node=Authority source=TM2 destination=TM
event=receive timestamp_ns=1791278674538710803 workflow=CT_SHARE run_id=19 node=Authority source=TM2 destination=TM
event=receive timestamp_ns=1791278676138486253 workflow=CT_SHARE run_id=20 node=Authority source=TM2 destination=TM
event=receive timestamp_ns=1791278677674960360 workflow=CT_SHARE run_id=21 node=Authority source=TM2 destination=TM
event=receive timestamp_ns=1791278679274668145 workflow=CT_SHARE run_id=22 node=Authority source=TM2 destination=TM
event=receive timestamp_ns=1791278680810495775 workflow=CT_SHARE run_id=23 node=Authority source=TM2 destination=TM
event=receive timestamp_ns=1791278682346785298 workflow=CT_SHARE run_id=24 node=Authority source=TM2 destination=TM
event=receive timestamp_ns=1791278683946746175 workflow=CT_SHARE run_id=25 node=Authority source=TM2 destination=TM
event=receive timestamp_ns=1791278685514558883 workflow=CT_SHARE run_id=26 node=Authority source=TM2 destination=TM
event=receive timestamp_ns=1791278687018425164 workflow=CT_SHARE run_id=27 node=Authority source=TM2 destination=TM
event=receive timestamp_ns=1791278688554732549 workflow=CT_SHARE run_id=28 node=Authority source=TM2 destination=TM
event=receive timestamp_ns=1791278690090572079 workflow=CT_SHARE run_id=29 node=Authority source=TM2 destination=TM
event=receive timestamp_ns=1791278691626629406 workflow=CT_SHARE run_id=30 node=Authority source=TM2 destination=TM
event=receive timestamp_ns=1791278693162662257 workflow=CT_SHARE run_id=31 node=Authority source=TM2 destination=TM
event=receive timestamp_ns=1791278694698925312 workflow=CT_SHARE run_id=32 node=Authority source=TM2 destination=TM
event=receive timestamp_ns=1791278696234817388 workflow=CT_SHARE run_id=33 node=Authority source=TM2 destination=TM
event=receive timestamp_ns=1791278697770500184 workflow=CT_SHARE run_id=34 node=Authority source=TM2 destination=TM
event=receive timestamp_ns=1791278699306706406 workflow=CT_SHARE run_id=35 node=Authority source=TM2 destination=TM
event=send timestamp_ns=1791278699419626478 workflow=ARL_UPDATE run_id=1 node=Authority source=Authority destination=TM
event=send timestamp_ns=1791278700151560745 workflow=ARL_UPDATE run_id=2 node=Authority source=Authority destination=TM
event=send timestamp_ns=1791278701689652603 workflow=ARL_UPDATE run_id=3 node=Authority source=Authority destination=TM
event=send timestamp_ns=1791278703225372889 workflow=ARL_UPDATE run_id=4 node=Authority source=Authority destination=TM
event=send timestamp_ns=1791278704967372329 workflow=ARL_UPDATE run_id=5 node=Authority source=Authority destination=TM
event=send timestamp_ns=1791278706299935058 workflow=ARL_UPDATE run_id=6 node=Authority source=Authority destination=TM
event=send timestamp_ns=1791278708042612013 workflow=ARL_UPDATE run_id=7 node=Authority source=Authority destination=TM
event=send timestamp_ns=1791278709370718217 workflow=ARL_UPDATE run_id=8 node=Authority source=Authority destination=TM
event=send timestamp_ns=1791278710910544238 workflow=ARL_UPDATE run_id=9 node=Authority source=Authority destination=TM
event=send timestamp_ns=1791278712511762466 workflow=ARL_UPDATE run_id=10 node=Authority source=Authority destination=TM
event=send timestamp_ns=1791278714112589178 workflow=ARL_UPDATE run_id=11 node=Authority source=Authority destination=TM
event=send timestamp_ns=1791278715711090532 workflow=ARL_UPDATE run_id=12 node=Authority source=Authority destination=TM
event=send timestamp_ns=1791278717246740820 workflow=ARL_UPDATE run_id=13 node=Authority source=Authority destination=TM
event=send timestamp_ns=1791278718849513678 workflow=ARL_UPDATE run_id=14 node=Authority source=Authority destination=TM
event=send timestamp_ns=1791278720378429990 workflow=ARL_UPDATE run_id=15 node=Authority source=Authority destination=TM
event=send timestamp_ns=1791278721916924193 workflow=ARL_UPDATE run_id=16 node=Authority source=Authority destination=TM
event=send timestamp_ns=1791278723651594572 workflow=ARL_UPDATE run_id=17 node=Authority source=Authority destination=TM
event=send timestamp_ns=1791278724986295666 workflow=ARL_UPDATE run_id=18 node=Authority source=Authority destination=TM
event=send timestamp_ns=1791278726592662272 workflow=ARL_UPDATE run_id=19 node=Authority source=Authority destination=TM
event=send timestamp_ns=1791278728326367268 workflow=ARL_UPDATE run_id=20 node=Authority source=Authority destination=TM
event=send timestamp_ns=1791278729724583481 workflow=ARL_UPDATE run_id=21 node=Authority source=Authority destination=TM
event=send timestamp_ns=1791278731464347322 workflow=ARL_UPDATE run_id=22 node=Authority source=Authority destination=TM
event=send timestamp_ns=1791278732799201884 workflow=ARL_UPDATE run_id=23 node=Authority source=Authority destination=TM
event=send timestamp_ns=1791278734333178659 workflow=ARL_UPDATE run_id=24 node=Authority source=Authority destination=TM
event=send timestamp_ns=1791278735872212133 workflow=ARL_UPDATE run_id=25 node=Authority source=Authority destination=TM
event=send timestamp_ns=1791278737609656347 workflow=ARL_UPDATE run_id=26 node=Authority source=Authority destination=TM
event=send timestamp_ns=1791278738939751781 workflow=ARL_UPDATE run_id=27 node=Authority source=Authority destination=TM
event=send timestamp_ns=1791278740476059795 workflow=ARL_UPDATE run_id=28 node=Authority source=Authority destination=TM
event=send timestamp_ns=1791278742216403738 workflow=ARL_UPDATE run_id=29 node=Authority source=Authority destination=TM
event=send timestamp_ns=1791278743544926234 workflow=ARL_UPDATE run_id=30 node=Authority source=Authority destination=TM
event=send timestamp_ns=1791278745080572343 workflow=ARL_UPDATE run_id=31 node=Authority source=Authority destination=TM
event=send timestamp_ns=1791278746826853309 workflow=ARL_UPDATE run_id=32 node=Authority source=Authority destination=TM
event=send timestamp_ns=1791278748156316310 workflow=ARL_UPDATE run_id=33 node=Authority source=Authority destination=TM
event=send timestamp_ns=1791278749899340974 workflow=ARL_UPDATE run_id=34 node=Authority source=Authority destination=TM
event=send timestamp_ns=1791278751229666997 workflow=ARL_UPDATE run_id=35 node=Authority source=Authority destination=TM
event=send timestamp_ns=1791278752969413722 workflow=ARL_UPDATE run_id=36 node=Authority source=Authority destination=TM
event=send timestamp_ns=1791278754295671002 workflow=ARL_UPDATE run_id=37 node=Authority source=Authority destination=TM
event=send timestamp_ns=1791278755835112817 workflow=ARL_UPDATE run_id=38 node=Authority source=Authority destination=TM
event=send timestamp_ns=1791278757374296819 workflow=ARL_UPDATE run_id=39 node=Authority source=Authority destination=TM
event=send timestamp_ns=1791278758904053439 workflow=ARL_UPDATE run_id=40 node=Authority source=Authority destination=TM
event=send timestamp_ns=1791278760441946975 workflow=ARL_UPDATE run_id=41 node=Authority source=Authority destination=TM
event=send timestamp_ns=1791278761983627867 workflow=ARL_UPDATE run_id=42 node=Authority source=Authority destination=TM
event=send timestamp_ns=1791278763512848780 workflow=ARL_UPDATE run_id=43 node=Authority source=Authority destination=TM
event=send timestamp_ns=1791278765256950146 workflow=ARL_UPDATE run_id=44 node=Authority source=Authority destination=TM
event=send timestamp_ns=1791278766584708742 workflow=ARL_UPDATE run_id=45 node=Authority source=Authority destination=TM
event=send timestamp_ns=1791278768121122039 workflow=ARL_UPDATE run_id=46 node=Authority source=Authority destination=TM
event=send timestamp_ns=1791278769864981521 workflow=ARL_UPDATE run_id=47 node=Authority source=Authority destination=TM
event=send timestamp_ns=1791278771195810286 workflow=ARL_UPDATE run_id=48 node=Authority source=Authority destination=TM
event=send timestamp_ns=1791278772731044858 workflow=ARL_UPDATE run_id=49 node=Authority source=Authority destination=TM
event=send timestamp_ns=1791278774263349870 workflow=ARL_UPDATE run_id=50 node=Authority source=Authority destination=TM
event=send timestamp_ns=1791278775799954096 workflow=ARL_UPDATE run_id=51 node=Authority source=Authority destination=TM
event=send timestamp_ns=1791278777337117504 workflow=ARL_UPDATE run_id=52 node=Authority source=Authority destination=TM
event=send timestamp_ns=1791278778872410766 workflow=ARL_UPDATE run_id=53 node=Authority source=Authority destination=TM
event=send timestamp_ns=1791278780409621801 workflow=ARL_UPDATE run_id=54 node=Authority source=Authority destination=TM
event=send timestamp_ns=1791278782156222536 workflow=ARL_UPDATE run_id=55 node=Authority source=Authority destination=TM
event=send timestamp_ns=1791278783550560372 workflow=ARL_UPDATE run_id=56 node=Authority source=Authority destination=TM
event=send timestamp_ns=1791278785151882782 workflow=ARL_UPDATE run_id=57 node=Authority source=Authority destination=TM
event=send timestamp_ns=1791278786681749618 workflow=ARL_UPDATE run_id=58 node=Authority source=Authority destination=TM
event=send timestamp_ns=1791278788285085673 workflow=ARL_UPDATE run_id=59 node=Authority source=Authority destination=TM
event=send timestamp_ns=1791278789820369555 workflow=ARL_UPDATE run_id=60 node=Authority source=Authority destination=TM
event=send timestamp_ns=1791278791387728667 workflow=ARL_UPDATE run_id=61 node=Authority source=Authority destination=TM
event=send timestamp_ns=1791278792990785899 workflow=ARL_UPDATE run_id=62 node=Authority source=Authority destination=TM
event=send timestamp_ns=1791278794525036587 workflow=ARL_UPDATE run_id=63 node=Authority source=Authority destination=TM
event=send timestamp_ns=1791278796058020806 workflow=ARL_UPDATE run_id=64 node=Authority source=Authority destination=TM
event=send timestamp_ns=1791278797591785020 workflow=ARL_UPDATE run_id=65 node=Authority source=Authority destination=TM
event=send timestamp_ns=1791278799133421977 workflow=ARL_UPDATE run_id=66 node=Authority source=Authority destination=TM
event=send timestamp_ns=1791278800665323266 workflow=ARL_UPDATE run_id=67 node=Authority source=Authority destination=TM
event=send timestamp_ns=1791278802202647337 workflow=ARL_UPDATE run_id=68 node=Authority source=Authority destination=TM
event=send timestamp_ns=1791278803738148292 workflow=ARL_UPDATE run_id=69 node=Authority source=Authority destination=TM
event=send timestamp_ns=1791278805479896078 workflow=ARL_UPDATE run_id=70 node=Authority source=Authority destination=TM
event=send timestamp_ns=1791278808115373172 workflow=KEY_RESPONSE run_id=bench_h2_key_w1 node=Authority source=Authority destination=bench_h2_key_w1
event=receive timestamp_ns=1791278808106816027 workflow=KEY_REQUEST run_id=bench_h2_key_w1 node=Authority source=TM2 destination=TM
event=send timestamp_ns=1791278811703652666 workflow=KEY_RESPONSE run_id=bench_h2_key_w2 node=Authority source=Authority destination=bench_h2_key_w2
event=receive timestamp_ns=1791278811690927875 workflow=KEY_REQUEST run_id=bench_h2_key_w2 node=Authority source=TM2 destination=TM
event=send timestamp_ns=1791278814228723328 workflow=KEY_RESPONSE run_id=bench_h2_key_w3 node=Authority source=Authority destination=bench_h2_key_w3
event=receive timestamp_ns=1791278814218754499 workflow=KEY_REQUEST run_id=bench_h2_key_w3 node=Authority source=TM2 destination=TM
event=send timestamp_ns=1791278816786822297 workflow=KEY_RESPONSE run_id=bench_h2_key_w4 node=Authority source=Authority destination=bench_h2_key_w4
event=receive timestamp_ns=1791278816778733318 workflow=KEY_REQUEST run_id=bench_h2_key_w4 node=Authority source=TM2 destination=TM
event=send timestamp_ns=1791278820406351589 workflow=KEY_RESPONSE run_id=bench_h2_key_w5 node=Authority source=Authority destination=bench_h2_key_w5
event=receive timestamp_ns=1791278820395144387 workflow=KEY_REQUEST run_id=bench_h2_key_w5 node=Authority source=TM2 destination=TM
event=send timestamp_ns=1791278824016200201 workflow=KEY_RESPONSE run_id=bench_h2_key_001 node=Authority source=Authority destination=bench_h2_key_001
event=receive timestamp_ns=1791278824010640333 workflow=KEY_REQUEST run_id=bench_h2_key_001 node=Authority source=TM2 destination=TM
event=send timestamp_ns=1791278826484674005 workflow=KEY_RESPONSE run_id=bench_h2_key_002 node=Authority source=Authority destination=bench_h2_key_002
event=receive timestamp_ns=1791278826474601355 workflow=KEY_REQUEST run_id=bench_h2_key_002 node=Authority source=TM2 destination=TM
event=send timestamp_ns=1791278830096150599 workflow=KEY_RESPONSE run_id=bench_h2_key_003 node=Authority source=Authority destination=bench_h2_key_003
event=receive timestamp_ns=1791278830090479104 workflow=KEY_REQUEST run_id=bench_h2_key_003 node=Authority source=TM2 destination=TM
event=send timestamp_ns=1791278833684474646 workflow=KEY_RESPONSE run_id=bench_h2_key_004 node=Authority source=Authority destination=bench_h2_key_004
event=receive timestamp_ns=1791278833674838128 workflow=KEY_REQUEST run_id=bench_h2_key_004 node=Authority source=TM2 destination=TM
event=send timestamp_ns=1791278836176618873 workflow=KEY_RESPONSE run_id=bench_h2_key_005 node=Authority source=Authority destination=bench_h2_key_005
event=receive timestamp_ns=1791278836170553235 workflow=KEY_REQUEST run_id=bench_h2_key_005 node=Authority source=TM2 destination=TM
event=send timestamp_ns=1791278840790816027 workflow=KEY_RESPONSE run_id=bench_h2_key_006 node=Authority source=Authority destination=bench_h2_key_006
event=receive timestamp_ns=1791278840779046730 workflow=KEY_REQUEST run_id=bench_h2_key_006 node=Authority source=TM2 destination=TM
event=send timestamp_ns=1791278843377680494 workflow=KEY_RESPONSE run_id=bench_h2_key_007 node=Authority source=Authority destination=bench_h2_key_007
event=receive timestamp_ns=1791278843370571091 workflow=KEY_REQUEST run_id=bench_h2_key_007 node=Authority source=TM2 destination=TM
event=send timestamp_ns=1791278846934674190 workflow=KEY_RESPONSE run_id=bench_h2_key_008 node=Authority source=Authority destination=bench_h2_key_008
event=receive timestamp_ns=1791278846926672441 workflow=KEY_REQUEST run_id=bench_h2_key_008 node=Authority source=TM2 destination=TM
event=send timestamp_ns=1791278850513467962 workflow=KEY_RESPONSE run_id=bench_h2_key_009 node=Authority source=Authority destination=bench_h2_key_009
event=receive timestamp_ns=1791278850506557102 workflow=KEY_REQUEST run_id=bench_h2_key_009 node=Authority source=TM2 destination=TM
event=send timestamp_ns=1791278853071794417 workflow=KEY_RESPONSE run_id=bench_h2_key_010 node=Authority source=Authority destination=bench_h2_key_010
event=receive timestamp_ns=1791278853066575628 workflow=KEY_REQUEST run_id=bench_h2_key_010 node=Authority source=TM2 destination=TM
event=send timestamp_ns=1791278857684116036 workflow=KEY_RESPONSE run_id=bench_h2_key_011 node=Authority source=Authority destination=bench_h2_key_011
event=receive timestamp_ns=1791278857674824781 workflow=KEY_REQUEST run_id=bench_h2_key_011 node=Authority source=TM2 destination=TM
event=send timestamp_ns=1791278860242915029 workflow=KEY_RESPONSE run_id=bench_h2_key_012 node=Authority source=Authority destination=bench_h2_key_012
event=receive timestamp_ns=1791278860234725104 workflow=KEY_REQUEST run_id=bench_h2_key_012 node=Authority source=TM2 destination=TM
event=send timestamp_ns=1791278863829182678 workflow=KEY_RESPONSE run_id=bench_h2_key_013 node=Authority source=Authority destination=bench_h2_key_013
event=receive timestamp_ns=1791278863818892428 workflow=KEY_REQUEST run_id=bench_h2_key_013 node=Authority source=TM2 destination=TM
event=send timestamp_ns=1791278867441273983 workflow=KEY_RESPONSE run_id=bench_h2_key_014 node=Authority source=Authority destination=bench_h2_key_014
event=receive timestamp_ns=1791278867434648353 workflow=KEY_REQUEST run_id=bench_h2_key_014 node=Authority source=TM2 destination=TM
event=send timestamp_ns=1791278871057964302 workflow=KEY_RESPONSE run_id=bench_h2_key_015 node=Authority source=Authority destination=bench_h2_key_015
event=receive timestamp_ns=1791278871050513255 workflow=KEY_REQUEST run_id=bench_h2_key_015 node=Authority source=TM2 destination=TM
event=send timestamp_ns=1791278873585372292 workflow=KEY_RESPONSE run_id=bench_h2_key_016 node=Authority source=Authority destination=bench_h2_key_016
event=receive timestamp_ns=1791278873578778542 workflow=KEY_REQUEST run_id=bench_h2_key_016 node=Authority source=TM2 destination=TM
event=send timestamp_ns=1791278877168961682 workflow=KEY_RESPONSE run_id=bench_h2_key_017 node=Authority source=Authority destination=bench_h2_key_017
event=receive timestamp_ns=1791278877162855848 workflow=KEY_REQUEST run_id=bench_h2_key_017 node=Authority source=TM2 destination=TM
event=send timestamp_ns=1791278879728751733 workflow=KEY_RESPONSE run_id=bench_h2_key_018 node=Authority source=Authority destination=bench_h2_key_018
event=receive timestamp_ns=1791278879722532594 workflow=KEY_REQUEST run_id=bench_h2_key_018 node=Authority source=TM2 destination=TM
event=send timestamp_ns=1791278884335558657 workflow=KEY_RESPONSE run_id=bench_h2_key_019 node=Authority source=Authority destination=bench_h2_key_019
event=receive timestamp_ns=1791278884330764045 workflow=KEY_REQUEST run_id=bench_h2_key_019 node=Authority source=TM2 destination=TM
event=send timestamp_ns=1791278886900973874 workflow=KEY_RESPONSE run_id=bench_h2_key_020 node=Authority source=Authority destination=bench_h2_key_020
event=receive timestamp_ns=1791278886890704079 workflow=KEY_REQUEST run_id=bench_h2_key_020 node=Authority source=TM2 destination=TM
event=send timestamp_ns=1791278890515593352 workflow=KEY_RESPONSE run_id=bench_h2_key_021 node=Authority source=Authority destination=bench_h2_key_021
event=receive timestamp_ns=1791278890506675559 workflow=KEY_REQUEST run_id=bench_h2_key_021 node=Authority source=TM2 destination=TM
event=send timestamp_ns=1791278895123589008 workflow=KEY_RESPONSE run_id=bench_h2_key_022 node=Authority source=Authority destination=bench_h2_key_022
event=receive timestamp_ns=1791278895114702025 workflow=KEY_REQUEST run_id=bench_h2_key_022 node=Authority source=TM2 destination=TM
event=send timestamp_ns=1791278898709320683 workflow=KEY_RESPONSE run_id=bench_h2_key_023 node=Authority source=Authority destination=bench_h2_key_023
event=receive timestamp_ns=1791278898698686799 workflow=KEY_REQUEST run_id=bench_h2_key_023 node=Authority source=TM2 destination=TM
event=send timestamp_ns=1791278903345514829 workflow=KEY_RESPONSE run_id=bench_h2_key_024 node=Authority source=Authority destination=bench_h2_key_024
event=receive timestamp_ns=1791278903338588670 workflow=KEY_REQUEST run_id=bench_h2_key_024 node=Authority source=TM2 destination=TM
event=send timestamp_ns=1791278905871525867 workflow=KEY_RESPONSE run_id=bench_h2_key_025 node=Authority source=Authority destination=bench_h2_key_025
event=receive timestamp_ns=1791278905866689128 workflow=KEY_REQUEST run_id=bench_h2_key_025 node=Authority source=TM2 destination=TM
event=send timestamp_ns=1791278910484423245 workflow=KEY_RESPONSE run_id=bench_h2_key_026 node=Authority source=Authority destination=bench_h2_key_026
event=receive timestamp_ns=1791278910478659833 workflow=KEY_REQUEST run_id=bench_h2_key_026 node=Authority source=TM2 destination=TM
event=send timestamp_ns=1791278914065349165 workflow=KEY_RESPONSE run_id=bench_h2_key_027 node=Authority source=Authority destination=bench_h2_key_027
event=receive timestamp_ns=1791278914058871751 workflow=KEY_REQUEST run_id=bench_h2_key_027 node=Authority source=TM2 destination=TM
event=send timestamp_ns=1791278918671737255 workflow=KEY_RESPONSE run_id=bench_h2_key_028 node=Authority source=Authority destination=bench_h2_key_028
event=receive timestamp_ns=1791278918666730130 workflow=KEY_REQUEST run_id=bench_h2_key_028 node=Authority source=TM2 destination=TM
event=send timestamp_ns=1791278921230937127 workflow=KEY_RESPONSE run_id=bench_h2_key_029 node=Authority source=Authority destination=bench_h2_key_029
event=receive timestamp_ns=1791278921226406763 workflow=KEY_REQUEST run_id=bench_h2_key_029 node=Authority source=TM2 destination=TM
event=send timestamp_ns=1791278924815422600 workflow=KEY_RESPONSE run_id=bench_h2_key_030 node=Authority source=Authority destination=bench_h2_key_030
