event=receive timestamp_ns=1791278642923664326 workflow=KEY_REQUEST run_id=bench_h2_setup node=U1 source=TM2 destination=TM
event=receive timestamp_ns=1791278646538519371 workflow=CT_SHARE run_id=1 node=U1 source=TM2 destination=TM
event=receive timestamp_ns=1791278648074795383 workflow=CT_SHARE run_id=2 node=U1 source=TM2 destination=TM
event=receive timestamp_ns=1791278649610888975 workflow=CT_SHARE run_id=3 node=U1 source=TM2 destination=TM
event=receive timestamp_ns=1791278651146491489 workflow=CT_SHARE run_id=4 node=U1 source=TM2 destination=TM
event=receive timestamp_ns=1791278652686433325 workflow=CT_SHARE run_id=5 node=U1 source=TM2 destination=TM
event=receive timestamp_ns=1791278654218583405 workflow=CT_SHARE run_id=6 node=U1 source=TM2 destination=TM
event=receive timestamp_ns=1791278655754480148 workflow=CT_SHARE run_id=7 node=U1 source=TM2 destination=TM
event=receive timestamp_ns=1791278657290941675 workflow=CT_SHARE run_id=8 node=U1 source=TM2 destination=TM
event=receive timestamp_ns=1791278658890844426 workflow=CT_SHARE run_id=9 node=U1 source=TM2 destination=TM
event=receive timestamp_ns=1791278660426449826 workflow=CT_SHARE run_id=10 node=U1 source=TM2 destination=TM
event=receive timestamp_ns=1791278662026596575 workflow=CT_SHARE run_id=11 node=U1 source=TM2 destination=TM
event=receive timestamp_ns=1791278663562470972 workflow=CT_SHARE run_id=12 node=U1 source=TM2 destination=TM
event=receive timestamp_ns=1791278665098434376 workflow=CT_SHARE run_id=13 node=U1 source=TM2 destination=TM
event=receive timestamp_ns=1791278666634751756 workflow=CT_SHARE run_id=14 node=U1 source=TM2 destination=TM
event=receive timestamp_ns=1791278668202744781 workflow=CT_SHARE run_id=15 node=U1 source=TM2 destination=TM
event=receive timestamp_ns=1791278669770858936 workflow=CT_SHARE run_id=16 node=U1 source=TM2 destination=TM
event=receive timestamp_ns=1791278671306803261 workflow=CT_SHARE run_id=17 node=U1 source=TM2 destination=TM
event=receive timestamp_ns=1791278672843030310 workflow=CT_SHARE run_id=18 node=U1 source=TM2 destination=TM
event=receive timestamp_ns=1791278674446555463 workflow=CT_SHARE run_id=19 node=U1 source=TM2 destination=TM
event=receive timestamp_ns=1791278676042626332 workflow=CT_SHARE run_id=20 node=U1 source=TM2 destination=TM
event=receive timestamp_ns=1791278677578444666 workflow=CT_SHARE run_id=21 node=U1 source=TM2 destination=TM
event=receive timestamp_ns=1791278679178466696 workflow=CT_SHARE run_id=22 node=U1 source=TM2 destination=TM
event=receive timestamp_ns=1791278680718755213 workflow=CT_SHARE run_id=23 node=U1 source=TM2 destination=TM
event=receive timestamp_ns=1791278682250563703 workflow=CT_SHARE run_id=24 node=U1 source=TM2 destination=TM
event=receive timestamp_ns=1791278683850767997 workflow=CT_SHARE run_id=25 node=U1 source=TM2 destination=TM
event=receive timestamp_ns=1791278685386520304 workflow=CT_SHARE run_id=26 node=U1 source=TM2 destination=TM
event=receive timestamp_ns=1791278686922933680 workflow=CT_SHARE run_id=27 node=U1 source=TM2 destination=TM
event=receive timestamp_ns=1791278688490941116 workflow=CT_SHARE run_id=28 node=U1 source=TM2 destination=TM
event=receive timestamp_ns=1791278689994802613 workflow=CT_SHARE run_id=29 node=U1 source=TM2 destination=TM
event=receive timestamp_ns=1791278691530558509 workflow=CT_SHARE run_id=30 node=U1 source=TM2 destination=TM
event=receive timestamp_ns=1791278693066737809 workflow=CT_SHARE run_id=31 node=U1 source=TM2 destination=TM
event=receive timestamp_ns=1791278694603132689 workflow=CT_SHARE run_id=32 node=U1 source=TM2 destination=TM
event=receive timestamp_ns=1791278696138730240 workflow=CT_SHARE run_id=33 node=U1 source=TM2 destination=TM
event=receive timestamp_ns=1791278697674700698 workflow=CT_SHARE run_id=34 node=U1 source=TM2 destination=TM
event=receive timestamp_ns=1791278699210961734 workflow=CT_SHARE run_id=35 node=U1 source=TM2 destination=TM
event=receive timestamp_ns=1791278700554811734 workflow=ARL_UPDATE run_id=1 node=U1 source=Authority destination=TM
event=receive timestamp_ns=1791278702090994911 workflow=ARL_UPDATE run_id=2 node=U1 source=Authority destination=TM
event=receive timestamp_ns=1791278703626916125 workflow=ARL_UPDATE run_id=3 node=U1 source=Authority destination=TM
event=receive timestamp_ns=1791278705162853556 workflow=ARL_UPDATE run_id=4 node=U1 source=Authority destination=TM
event=receive timestamp_ns=1791278706699012187 workflow=ARL_UPDATE run_id=5 node=U1 source=Authority destination=TM
event=receive timestamp_ns=1791278708234861970 workflow=ARL_UPDATE run_id=6 node=U1 source=Authority destination=TM
event=receive timestamp_ns=1791278709770682841 workflow=ARL_UPDATE run_id=7 node=U1 source=Authority destination=TM
event=receive timestamp_ns=1791278711306690859 workflow=ARL_UPDATE run_id=8 node=U1 source=Authority destination=TM
event=receive timestamp_ns=1791278712842868897 workflow=ARL_UPDATE run_id=9 node=U1 source=Authority destination=TM
event=receive timestamp_ns=1791278714442984283 workflow=ARL_UPDATE run_id=10 node=U1 source=Authority destination=TM
event=receive timestamp_ns=1791278716042962053 workflow=ARL_UPDATE run_id=11 node=U1 source=Authority destination=TM
event=receive timestamp_ns=1791278717642923543 workflow=ARL_UPDATE run_id=12 node=U1 source=Authority destination=TM
event=receive timestamp_ns=1791278719178658520 workflow=ARL_UPDATE run_id=13 node=U1 source=Authority destination=TM
event=receive timestamp_ns=1791278720778773555 workflow=ARL_UPDATE run_id=14 node=U1 source=Authority destination=TM
event=receive timestamp_ns=1791278722314794729 workflow=ARL_UPDATE run_id=15 node=U1 source=Authority destination=TM
event=receive timestamp_ns=1791278723850767155 workflow=ARL_UPDATE run_id=16 node=U1 source=Authority destination=TM
event=receive timestamp_ns=1791278725386720777 workflow=ARL_UPDATE run_id=17 node=U1 source=Authority destination=TM
event=receive timestamp_ns=1791278726923159045 workflow=ARL_UPDATE run_id=18 node=U1 source=Authority destination=TM
event=receive timestamp_ns=1791278728523163829 workflow=ARL_UPDATE run_id=19 node=U1 source=Authority destination=TM
event=receive timestamp_ns=1791278730058702494 workflow=ARL_UPDATE run_id=20 node=U1 source=Authority destination=TM
event=receive timestamp_ns=1791278731658552359 workflow=ARL_UPDATE run_id=21 node=U1 source=Authority destination=TM
event=receive timestamp_ns=1791278733194676693 workflow=ARL_UPDATE run_id=22 node=U1 source=Authority destination=TM
event=receive timestamp_ns=1791278734730706340 workflow=ARL_UPDATE run_id=23 node=U1 source=Authority destination=TM
event=receive timestamp_ns=1791278736266699207 workflow=ARL_UPDATE run_id=24 node=U1 source=Authority destination=TM
event=receive timestamp_ns=1791278737802941514 workflow=ARL_UPDATE run_id=25 node=U1 source=Authority destination=TM
event=receive timestamp_ns=1791278739338724274 workflow=ARL_UPDATE run_id=26 node=U1 source=Authority destination=TM
event=receive timestamp_ns=1791278740874610956 workflow=ARL_UPDATE run_id=27 node=U1 source=Authority destination=TM
event=receive timestamp_ns=1791278742410773219 workflow=ARL_UPDATE run_id=28 node=U1 source=Authority destination=TM
event=receive timestamp_ns=1791278743946554538 workflow=ARL_UPDATE run_id=29 node=U1 source=Authority destination=TM
event=receive timestamp_ns=1791278745486516776 workflow=ARL_UPDATE run_id=30 node=U1 source=Authority destination=TM
event=receive timestamp_ns=1791278747050925672 workflow=ARL_UPDATE run_id=31 node=U1 source=Authority destination=TM
event=receive timestamp_ns=1791278748554699926 workflow=ARL_UPDATE run_id=32 node=U1 source=Authority destination=TM
event=receive timestamp_ns=1791278750090682892 workflow=ARL_UPDATE run_id=33 node=U1 source=Authority destination=TM
event=receive timestamp_ns=1791278751626798427 workflow=ARL_UPDATE run_id=34 node=U1 source=Authority destination=TM
event=receive timestamp_ns=1791278753162667282 workflow=ARL_UPDATE run_id=35 node=U1 source=Authority destination=TM
event=receive timestamp_ns=1791278754699022287 workflow=ARL_UPDATE run_id=36 node=U1 source=Authority destination=TM
event=receive timestamp_ns=1791278756234541373 workflow=ARL_UPDATE run_id=37 node=U1 source=Authority destination=TM
event=receive timestamp_ns=1791278757770793796 workflow=ARL_UPDATE run_id=38 node=U1 source=Authority destination=TM
event=receive timestamp_ns=1791278759306739889 workflow=ARL_UPDATE run_id=39 node=U1 source=Authority destination=TM
event=receive timestamp_ns=1791278760842471562 workflow=ARL_UPDATE run_id=40 node=U1 source=Authority destination=TM
event=receive timestamp_ns=1791278762378537355 workflow=ARL_UPDATE run_id=41 node=U1 source=Authority destination=TM
event=receive timestamp_ns=1791278763914676347 workflow=ARL_UPDATE run_id=42 node=U1 source=Authority destination=TM
event=receive timestamp_ns=1791278765454632000 workflow=ARL_UPDATE run_id=43 node=U1 source=Authority destination=TM
event=receive timestamp_ns=1791278766986771291 workflow=ARL_UPDATE run_id=44 node=U1 source=Authority destination=TM
event=receive timestamp_ns=1791278768522754583 workflow=ARL_UPDATE run_id=45 node=U1 source=Authority destination=TM
event=receive timestamp_ns=1791278770058582409 workflow=ARL_UPDATE run_id=46 node=U1 source=Authority destination=TM
event=receive timestamp_ns=1791278771594601775 workflow=ARL_UPDATE run_id=47 node=U1 source=Authority destination=TM
event=receive timestamp_ns=1791278773130950830 workflow=ARL_UPDATE run_id=48 node=U1 source=Authority destination=TM
event=receive timestamp_ns=1791278774666887731 workflow=ARL_UPDATE run_id=49 node=U1 source=Authority destination=TM
event=receive timestamp_ns=1791278776202535140 workflow=ARL_UPDATE run_id=50 node=U1 source=Authority destination=TM
event=receive timestamp_ns=1791278777738939050 workflow=ARL_UPDATE run_id=51 node=U1 source=Authority destination=TM
event=receive timestamp_ns=1791278779274449615 workflow=ARL_UPDATE run_id=52 node=U1 source=Authority destination=TM
event=receive timestamp_ns=1791278780810630707 workflow=ARL_UPDATE run_id=53 node=U1 source=Authority destination=TM
event=receive timestamp_ns=1791278782346747012 workflow=ARL_UPDATE run_id=54 node=U1 source=Authority destination=TM
event=receive timestamp_ns=1791278783882831497 workflow=ARL_UPDATE run_id=55 node=U1 source=Authority destination=TM
event=receive timestamp_ns=1791278785482625423 workflow=ARL_UPDATE run_id=56 node=U1 source=Authority destination=TM
event=receive timestamp_ns=1791278787082675838 workflow=ARL_UPDATE run_id=57 node=U1 source=Authority destination=TM
event=receive timestamp_ns=1791278788622817248 workflow=ARL_UPDATE run_id=58 node=U1 source=Authority destination=TM
event=receive timestamp_ns=1791278790218831259 workflow=ARL_UPDATE run_id=59 node=U1 source=Authority destination=TM
event=receive timestamp_ns=1791278791786689493 workflow=ARL_UPDATE run_id=60 node=U1 source=Authority destination=TM
event=receive timestamp_ns=1791278793322574056 workflow=ARL_UPDATE run_id=61 node=U1 source=Authority destination=TM
event=receive timestamp_ns=1791278794922618885 workflow=ARL_UPDATE run_id=62 node=U1 source=Authority destination=TM
event=receive timestamp_ns=1791278796458699702 workflow=ARL_UPDATE run_id=63 node=U1 source=Authority destination=TM
event=receive timestamp_ns=1791278797998627671 workflow=ARL_UPDATE run_id=64 node=U1 source=Authority destination=TM
event=receive timestamp_ns=1791278799530457912 workflow=ARL_UPDATE run_id=65 node=U1 source=Authority destination=TM
event=receive timestamp_ns=1791278801066780053 workflow=ARL_UPDATE run_id=66 node=U1 source=Authority destination=TM
event=receive timestamp_ns=1791278802602783359 workflow=ARL_UPDATE run_id=67 node=U1 source=Authority destination=TM
event=receive timestamp_ns=1791278804138500008 workflow=ARL_UPDATE run_id=68 node=U1 source=Authority destination=TM
event=receive timestamp_ns=1791278805674446555 workflow=ARL_UPDATE run_id=69 node=U1 source=Authority destination=TM
event=receive timestamp_ns=1791278807210644535 workflow=ARL_UPDATE run_id=70 node=U1 source=Authority destination=TM
event=receive timestamp_ns=1791278809226722964 workflow=KEY_REQUEST run_id=bench_h2_key_w1 node=U1 source=TM2 destination=TM
event=receive timestamp_ns=1791278811594697710 workflow=KEY_REQUEST run_id=bench_h2_key_w2 node=U1 source=TM2 destination=TM
event=receive timestamp_ns=1791278813610560792 workflow=KEY_REQUEST run_id=bench_h2_key_w3 node=U1 source=TM2 destination=TM
event=receive timestamp_ns=1791278816682798950 workflow=KEY_REQUEST run_id=bench_h2_key_w4 node=U1 source=TM2 destination=TM
event=receive timestamp_ns=1791278820302683139 workflow=KEY_REQUEST run_id=bench_h2_key_w5 node=U1 source=TM2 destination=TM
event=receive timestamp_ns=1791278824618858634 workflow=KEY_REQUEST run_id=bench_h2_key_001 node=U1 source=TM2 destination=TM
event=receive timestamp_ns=1791278827082831753 workflow=KEY_REQUEST run_id=bench_h2_key_002 node=U1 source=TM2 destination=TM
event=receive timestamp_ns=1791278830698793598 workflow=KEY_REQUEST run_id=bench_h2_key_003 node=U1 source=TM2 destination=TM
event=receive timestamp_ns=1791278833067065491 workflow=KEY_REQUEST run_id=bench_h2_key_004 node=U1 source=TM2 destination=TM
event=receive timestamp_ns=1791278835562875211 workflow=KEY_REQUEST run_id=bench_h2_key_005 node=U1 source=TM2 destination=TM
event=receive timestamp_ns=1791278840683038662 workflow=KEY_REQUEST run_id=bench_h2_key_006 node=U1 source=TM2 destination=TM
event=receive timestamp_ns=1791278843242421659 workflow=KEY_REQUEST run_id=bench_h2_key_007 node=U1 source=TM2 destination=TM
event=receive timestamp_ns=1791278846315031445 workflow=KEY_REQUEST run_id=bench_h2_key_008 node=U1 source=TM2 destination=TM
event=receive timestamp_ns=1791278849898483553 workflow=KEY_REQUEST run_id=bench_h2_key_009 node=U1 source=TM2 destination=TM
event=receive timestamp_ns=1791278852970688625 workflow=KEY_REQUEST run_id=bench_h2_key_010 node=U1 source=TM2 destination=TM
event=receive timestamp_ns=1791278857066663647 workflow=KEY_REQUEST run_id=bench_h2_key_011 node=U1 source=TM2 destination=TM
event=receive timestamp_ns=1791278860139079582 workflow=KEY_REQUEST run_id=bench_h2_key_012 node=U1 source=TM2 destination=TM
event=receive timestamp_ns=1791278863722810215 workflow=KEY_REQUEST run_id=bench_h2_key_013 node=U1 source=TM2 destination=TM
event=receive timestamp_ns=1791278867342544734 workflow=KEY_REQUEST run_id=bench_h2_key_014 node=U1 source=TM2 destination=TM
event=receive timestamp_ns=1791278870958566924 workflow=KEY_REQUEST run_id=bench_h2_key_015 node=U1 source=TM2 destination=TM
event=receive timestamp_ns=1791278874186590505 workflow=KEY_REQUEST run_id=bench_h2_key_016 node=U1 source=TM2 destination=TM
event=receive timestamp_ns=1791278876554424928 workflow=KEY_REQUEST run_id=bench_h2_key_017 node=U1 source=TM2 destination=TM
event=receive timestamp_ns=1791278879658714565 workflow=KEY_REQUEST run_id=bench_h2_key_018 node=U1 source=TM2 destination=TM
event=receive timestamp_ns=1791278883722667947 workflow=KEY_REQUEST run_id=bench_h2_key_019 node=U1 source=TM2 destination=TM
event=receive timestamp_ns=1791278886794668281 workflow=KEY_REQUEST run_id=bench_h2_key_020 node=U1 source=TM2 destination=TM
event=receive timestamp_ns=1791278890410846282 workflow=KEY_REQUEST run_id=bench_h2_key_021 node=U1 source=TM2 destination=TM
event=receive timestamp_ns=1791278896234685529 workflow=KEY_REQUEST run_id=bench_h2_key_022 node=U1 source=TM2 destination=TM
event=receive timestamp_ns=1791278898602477837 workflow=KEY_REQUEST run_id=bench_h2_key_023 node=U1 source=TM2 destination=TM
event=receive timestamp_ns=1791278903242462149 workflow=KEY_REQUEST run_id=bench_h2_key_024 node=U1 source=TM2 destination=TM
event=receive timestamp_ns=1791278906474862531 workflow=KEY_REQUEST run_id=bench_h2_key_025 node=U1 source=TM2 destination=TM
event=receive timestamp_ns=1791278909866759782 workflow=KEY_REQUEST run_id=bench_h2_key_026 node=U1 source=TM2 destination=TM
event=receive timestamp_ns=1791278914666702495 workflow=KEY_REQUEST run_id=bench_h2_key_027 node=U1 source=TM2 destination=TM
event=receive timestamp_ns=1791278918058840823 workflow=KEY_REQUEST run_id=bench_h2_key_028 node=U1 source=TM2 destination=TM
event=receive timestamp_ns=1791278922346818082 workflow=KEY_REQUEST run_id=bench_h2_key_029 node=U1 source=TM2 destination=TM
event=receive timestamp_ns=1791278924714500121 workflow=KEY_REQUEST run_id=bench_h2_key_030 node=U1 source=TM2 destination=TM
