event=receive timestamp_ns=1791278643822728003 workflow=KEY_REQUEST run_id=bench_h2_setup node=U3 source=TM2 destination=TM
event=receive timestamp_ns=1791278646538564665 workflow=CT_SHARE run_id=1 node=U3 source=TM2 destination=TM
event=receive timestamp_ns=1791278648106477109 workflow=CT_SHARE run_id=2 node=U3 source=TM2 destination=TM
event=receive timestamp_ns=1791278649610595858 workflow=CT_SHARE run_id=3 node=U3 source=TM2 destination=TM
event=receive timestamp_ns=1791278651146517065 workflow=CT_SHARE run_id=4 node=U3 source=TM2 destination=TM
event=receive timestamp_ns=1791278652682686124 workflow=CT_SHARE run_id=5 node=U3 source=TM2 destination=TM
event=receive timestamp_ns=1791278654218592649 workflow=CT_SHARE run_id=6 node=U3 source=TM2 destination=TM
event=receive timestamp_ns=1791278655786508264 workflow=CT_SHARE run_id=7 node=U3 source=TM2 destination=TM
event=receive timestamp_ns=1791278657290880402 workflow=CT_SHARE run_id=8 node=U3 source=TM2 destination=TM
event=receive timestamp_ns=1791278658890825047 workflow=CT_SHARE run_id=9 node=U3 source=TM2 destination=TM
event=receive timestamp_ns=1791278660426449579 workflow=CT_SHARE run_id=10 node=U3 source=TM2 destination=TM
event=receive timestamp_ns=1791278662026596490 workflow=CT_SHARE run_id=11 node=U3 source=TM2 destination=TM
event=receive timestamp_ns=1791278663562471176 workflow=CT_SHARE run_id=12 node=U3 source=TM2 destination=TM
event=receive timestamp_ns=1791278665098634973 workflow=CT_SHARE run_id=13 node=U3 source=TM2 destination=TM
event=receive timestamp_ns=1791278666634626986 workflow=CT_SHARE run_id=14 node=U3 source=TM2 destination=TM
event=receive timestamp_ns=1791278668170471268 workflow=CT_SHARE run_id=15 node=U3 source=TM2 destination=TM
event=receive timestamp_ns=1791278669770738215 workflow=CT_SHARE run_id=16 node=U3 source=TM2 destination=TM
event=receive timestamp_ns=1791278671306727319 workflow=CT_SHARE run_id=17 node=U3 source=TM2 destination=TM
event=receive timestamp_ns=1791278672843030291 workflow=CT_SHARE run_id=18 node=U3 source=TM2 destination=TM
event=receive timestamp_ns=1791278674446445895 workflow=CT_SHARE run_id=19 node=U3 source=TM2 destination=TM
event=receive timestamp_ns=1791278676042617465 workflow=CT_SHARE run_id=20 node=U3 source=TM2 destination=TM
event=receive timestamp_ns=1791278677578443874 workflow=CT_SHARE run_id=21 node=U3 source=TM2 destination=TM
event=receive timestamp_ns=1791278679178439416 workflow=CT_SHARE run_id=22 node=U3 source=TM2 destination=TM
event=receive timestamp_ns=1791278680718677877 workflow=CT_SHARE run_id=23 node=U3 source=TM2 destination=TM
event=receive timestamp_ns=1791278682250548940 workflow=CT_SHARE run_id=24 node=U3 source=TM2 destination=TM
event=receive timestamp_ns=1791278683850655507 workflow=CT_SHARE run_id=25 node=U3 source=TM2 destination=TM
event=receive timestamp_ns=1791278685386422254 workflow=CT_SHARE run_id=26 node=U3 source=TM2 destination=TM
event=receive timestamp_ns=1791278686922761590 workflow=CT_SHARE run_id=27 node=U3 source=TM2 destination=TM
event=receive timestamp_ns=1791278688490796425 workflow=CT_SHARE run_id=28 node=U3 source=TM2 destination=TM
event=receive timestamp_ns=1791278689994651346 workflow=CT_SHARE run_id=29 node=U3 source=TM2 destination=TM
event=receive timestamp_ns=1791278691530581520 workflow=CT_SHARE run_id=30 node=U3 source=TM2 destination=TM
event=receive timestamp_ns=1791278693066713217 workflow=CT_SHARE run_id=31 node=U3 source=TM2 destination=TM
event=receive timestamp_ns=1791278694602976001 workflow=CT_SHARE run_id=32 node=U3 source=TM2 destination=TM
event=receive timestamp_ns=1791278696138586494 workflow=CT_SHARE run_id=33 node=U3 source=TM2 destination=TM
event=receive timestamp_ns=1791278697674488768 workflow=CT_SHARE run_id=34 node=U3 source=TM2 destination=TM
event=receive timestamp_ns=1791278699210767507 workflow=CT_SHARE run_id=35 node=U3 source=TM2 destination=TM
event=receive timestamp_ns=1791278700746845419 workflow=ARL_UPDATE run_id=1 node=U3 source=Authority destination=TM
event=receive timestamp_ns=1791278702282590929 workflow=ARL_UPDATE run_id=2 node=U3 source=Authority destination=TM
event=receive timestamp_ns=1791278703818906742 workflow=ARL_UPDATE run_id=3 node=U3 source=Authority destination=TM
event=receive timestamp_ns=1791278705354556731 workflow=ARL_UPDATE run_id=4 node=U3 source=Authority destination=TM
event=receive timestamp_ns=1791278706890358571 workflow=ARL_UPDATE run_id=5 node=U3 source=Authority destination=TM
event=receive timestamp_ns=1791278708430532200 workflow=ARL_UPDATE run_id=6 node=U3 source=Authority destination=TM
event=receive timestamp_ns=1791278709962959279 workflow=ARL_UPDATE run_id=7 node=U3 source=Authority destination=TM
event=receive timestamp_ns=1791278711498622075 workflow=ARL_UPDATE run_id=8 node=U3 source=Authority destination=TM
event=receive timestamp_ns=1791278713034734224 workflow=ARL_UPDATE run_id=9 node=U3 source=Authority destination=TM
event=receive timestamp_ns=1791278714634877092 workflow=ARL_UPDATE run_id=10 node=U3 source=Authority destination=TM
event=receive timestamp_ns=1791278716235134237 workflow=ARL_UPDATE run_id=11 node=U3 source=Authority destination=TM
event=receive timestamp_ns=1791278717834749107 workflow=ARL_UPDATE run_id=12 node=U3 source=Authority destination=TM
event=receive timestamp_ns=1791278719370858089 workflow=ARL_UPDATE run_id=13 node=U3 source=Authority destination=TM
event=receive timestamp_ns=1791278720970788232 workflow=ARL_UPDATE run_id=14 node=U3 source=Authority destination=TM
event=receive timestamp_ns=1791278722510433923 workflow=ARL_UPDATE run_id=15 node=U3 source=Authority destination=TM
event=receive timestamp_ns=1791278724043256851 workflow=ARL_UPDATE run_id=16 node=U3 source=Authority destination=TM
event=receive timestamp_ns=1791278725578751278 workflow=ARL_UPDATE run_id=17 node=U3 source=Authority destination=TM
event=receive timestamp_ns=1791278727114633428 workflow=ARL_UPDATE run_id=18 node=U3 source=Authority destination=TM
event=receive timestamp_ns=1791278728714768488 workflow=ARL_UPDATE run_id=19 node=U3 source=Authority destination=TM
event=receive timestamp_ns=1791278730251121326 workflow=ARL_UPDATE run_id=20 node=U3 source=Authority destination=TM
event=receive timestamp_ns=1791278731850691737 workflow=ARL_UPDATE run_id=21 node=U3 source=Authority destination=TM
event=receive timestamp_ns=1791278733418913103 workflow=ARL_UPDATE run_id=22 node=U3 source=Authority destination=TM
event=receive timestamp_ns=1791278734922579980 workflow=ARL_UPDATE run_id=23 node=U3 source=Authority destination=TM
event=receive timestamp_ns=1791278736459184590 workflow=ARL_UPDATE run_id=24 node=U3 source=Authority destination=TM
event=receive timestamp_ns=1791278737994815418 workflow=ARL_UPDATE run_id=25 node=U3 source=Authority destination=TM
event=receive timestamp_ns=1791278739530742788 workflow=ARL_UPDATE run_id=26 node=U3 source=Authority destination=TM
event=receive timestamp_ns=1791278741099079341 workflow=ARL_UPDATE run_id=27 node=U3 source=Authority destination=TM
event=receive timestamp_ns=1791278742602937417 workflow=ARL_UPDATE run_id=28 node=U3 source=Authority destination=TM
event=receive timestamp_ns=1791278744138549525 workflow=ARL_UPDATE run_id=29 node=U3 source=Authority destination=TM
event=receive timestamp_ns=1791278745674787702 workflow=ARL_UPDATE run_id=30 node=U3 source=Authority destination=TM
event=receive timestamp_ns=1791278747242679328 workflow=ARL_UPDATE run_id=31 node=U3 source=Authority destination=TM
event=receive timestamp_ns=1791278748746702899 workflow=ARL_UPDATE run_id=32 node=U3 source=Authority destination=TM
event=receive timestamp_ns=1791278750282840373 workflow=ARL_UPDATE run_id=33 node=U3 source=Authority destination=TM
event=receive timestamp_ns=1791278751818916265 workflow=ARL_UPDATE run_id=34 node=U3 source=Authority destination=TM
event=receive timestamp_ns=1791278753354559880 workflow=ARL_UPDATE run_id=35 node=U3 source=Authority destination=TM
event=receive timestamp_ns=1791278754890945704 workflow=ARL_UPDATE run_id=36 node=U3 source=Authority destination=TM
event=receive timestamp_ns=1791278756426601185 workflow=ARL_UPDATE run_id=37 node=U3 source=Authority destination=TM
event=receive timestamp_ns=1791278757962627665 workflow=ARL_UPDATE run_id=38 node=U3 source=Authority destination=TM
event=receive timestamp_ns=1791278759498715389 workflow=ARL_UPDATE run_id=39 node=U3 source=Authority destination=TM
event=receive timestamp_ns=1791278761034649576 workflow=ARL_UPDATE run_id=40 node=U3 source=Authority destination=TM
event=receive timestamp_ns=1791278762570986360 workflow=ARL_UPDATE run_id=41 node=U3 source=Authority destination=TM
event=receive timestamp_ns=1791278764106648565 workflow=ARL_UPDATE run_id=42 node=U3 source=Authority destination=TM
event=receive timestamp_ns=1791278765642605907 workflow=ARL_UPDATE run_id=43 node=U3 source=Authority destination=TM
event=receive timestamp_ns=1791278767179013949 workflow=ARL_UPDATE run_id=44 node=U3 source=Authority destination=TM
event=receive timestamp_ns=1791278768714651939 workflow=ARL_UPDATE run_id=45 node=U3 source=Authority destination=TM
event=receive timestamp_ns=1791278770250985073 workflow=ARL_UPDATE run_id=46 node=U3 source=Authority destination=TM
event=receive timestamp_ns=1791278771786908194 workflow=ARL_UPDATE run_id=47 node=U3 source=Authority destination=TM
event=receive timestamp_ns=1791278773322756070 workflow=ARL_UPDATE run_id=48 node=U3 source=Authority destination=TM
event=receive timestamp_ns=1791278774858713864 workflow=ARL_UPDATE run_id=49 node=U3 source=Authority destination=TM
event=receive timestamp_ns=1791278776394814794 workflow=ARL_UPDATE run_id=50 node=U3 source=Authority destination=TM
event=receive timestamp_ns=1791278777930468154 workflow=ARL_UPDATE run_id=51 node=U3 source=Authority destination=TM
event=receive timestamp_ns=1791278779466687307 workflow=ARL_UPDATE run_id=52 node=U3 source=Authority destination=TM
event=receive timestamp_ns=1791278781003054717 workflow=ARL_UPDATE run_id=53 node=U3 source=Authority destination=TM
event=receive timestamp_ns=1791278782538773331 workflow=ARL_UPDATE run_id=54 node=U3 source=Authority destination=TM
event=receive timestamp_ns=1791278784074614464 workflow=ARL_UPDATE run_id=55 node=U3 source=Authority destination=TM
event=receive timestamp_ns=1791278785678629457 workflow=ARL_UPDATE run_id=56 node=U3 source=Authority destination=TM
event=receive timestamp_ns=1791278787274442425 workflow=ARL_UPDATE run_id=57 node=U3 source=Authority destination=TM
event=receive timestamp_ns=1791278788815303998 workflow=ARL_UPDATE run_id=58 node=U3 source=Authority destination=TM
event=receive timestamp_ns=1791278790410665345 workflow=ARL_UPDATE run_id=59 node=U3 source=Authority destination=TM
event=receive timestamp_ns=1791278791979258677 workflow=ARL_UPDATE run_id=60 node=U3 source=Authority destination=TM
event=receive timestamp_ns=1791278793514400127 workflow=ARL_UPDATE run_id=61 node=U3 source=Authority destination=TM
event=receive timestamp_ns=1791278795115197482 workflow=ARL_UPDATE run_id=62 node=U3 source=Authority destination=TM
event=receive timestamp_ns=1791278796683171213 workflow=ARL_UPDATE run_id=63 node=U3 source=Authority destination=TM
event=receive timestamp_ns=1791278798186635434 workflow=ARL_UPDATE run_id=64 node=U3 source=Authority destination=TM
event=receive timestamp_ns=1791278799722722719 workflow=ARL_UPDATE run_id=65 node=U3 source=Authority destination=TM
event=receive timestamp_ns=1791278801258560504 workflow=ARL_UPDATE run_id=66 node=U3 source=Authority destination=TM
event=receive timestamp_ns=1791278802794512073 workflow=ARL_UPDATE run_id=67 node=U3 source=Authority destination=TM
event=receive timestamp_ns=1791278804330779575 workflow=ARL_UPDATE run_id=68 node=U3 source=Authority destination=TM
event=receive timestamp_ns=1791278805866601612 workflow=ARL_UPDATE run_id=69 node=U3 source=Authority destination=TM
event=receive timestamp_ns=1791278807402494018 workflow=ARL_UPDATE run_id=70 node=U3 source=Authority destination=TM
event=receive timestamp_ns=1791278808906716527 workflow=KEY_REQUEST run_id=bench_h2_key_w1 node=U3 source=TM2 destination=TM
event=receive timestamp_ns=1791278811594759203 workflow=KEY_REQUEST run_id=bench_h2_key_w2 node=U3 source=TM2 destination=TM
event=receive timestamp_ns=1791278814155123782 workflow=KEY_REQUEST run_id=bench_h2_key_w3 node=U3 source=TM2 destination=TM
event=receive timestamp_ns=1791278818090523875 workflow=KEY_REQUEST run_id=bench_h2_key_w4 node=U3 source=TM2 destination=TM
event=receive timestamp_ns=1791278821194635834 workflow=KEY_REQUEST run_id=bench_h2_key_w5 node=U3 source=TM2 destination=TM
event=receive timestamp_ns=1791278823918574141 workflow=KEY_REQUEST run_id=bench_h2_key_001 node=U3 source=TM2 destination=TM
event=receive timestamp_ns=1791278827306800415 workflow=KEY_REQUEST run_id=bench_h2_key_002 node=U3 source=TM2 destination=TM
event=receive timestamp_ns=1791278829998395109 workflow=KEY_REQUEST run_id=bench_h2_key_003 node=U3 source=TM2 destination=TM
event=receive timestamp_ns=1791278833067049078 workflow=KEY_REQUEST run_id=bench_h2_key_004 node=U3 source=TM2 destination=TM
event=receive timestamp_ns=1791278836074624833 workflow=KEY_REQUEST run_id=bench_h2_key_005 node=U3 source=TM2 destination=TM
event=receive timestamp_ns=1791278840170705060 workflow=KEY_REQUEST run_id=bench_h2_key_006 node=U3 source=TM2 destination=TM
event=receive timestamp_ns=1791278844686448182 workflow=KEY_REQUEST run_id=bench_h2_key_007 node=U3 source=TM2 destination=TM
event=receive timestamp_ns=1791278846926925088 workflow=KEY_REQUEST run_id=bench_h2_key_008 node=U3 source=TM2 destination=TM
event=receive timestamp_ns=1791278849898491704 workflow=KEY_REQUEST run_id=bench_h2_key_009 node=U3 source=TM2 destination=TM
event=receive timestamp_ns=1791278852970671413 workflow=KEY_REQUEST run_id=bench_h2_key_010 node=U3 source=TM2 destination=TM
event=receive timestamp_ns=1791278857578693227 workflow=KEY_REQUEST run_id=bench_h2_key_011 node=U3 source=TM2 destination=TM
event=receive timestamp_ns=1791278861546739236 workflow=KEY_REQUEST run_id=bench_h2_key_012 node=U3 source=TM2 destination=TM
event=receive timestamp_ns=1791278864618626728 workflow=KEY_REQUEST run_id=bench_h2_key_013 node=U3 source=TM2 destination=TM
event=receive timestamp_ns=1791278867342582139 workflow=KEY_REQUEST run_id=bench_h2_key_014 node=U3 source=TM2 destination=TM
event=receive timestamp_ns=1791278870446431234 workflow=KEY_REQUEST run_id=bench_h2_key_015 node=U3 source=TM2 destination=TM
event=receive timestamp_ns=1791278873482717632 workflow=KEY_REQUEST run_id=bench_h2_key_016 node=U3 source=TM2 destination=TM
event=receive timestamp_ns=1791278876554412024 workflow=KEY_REQUEST run_id=bench_h2_key_017 node=U3 source=TM2 destination=TM
event=receive timestamp_ns=1791278879626660041 workflow=KEY_REQUEST run_id=bench_h2_key_018 node=U3 source=TM2 destination=TM
event=receive timestamp_ns=1791278884238810459 workflow=KEY_REQUEST run_id=bench_h2_key_019 node=U3 source=TM2 destination=TM
event=receive timestamp_ns=1791278887690791252 workflow=KEY_REQUEST run_id=bench_h2_key_020 node=U3 source=TM2 destination=TM
event=receive timestamp_ns=1791278890410783211 workflow=KEY_REQUEST run_id=bench_h2_key_021 node=U3 source=TM2 destination=TM
event=receive timestamp_ns=1791278896426430704 workflow=KEY_REQUEST run_id=bench_h2_key_022 node=U3 source=TM2 destination=TM
event=receive timestamp_ns=1791278898666444329 workflow=KEY_REQUEST run_id=bench_h2_key_023 node=U3 source=TM2 destination=TM
event=receive timestamp_ns=1791278902730761998 workflow=KEY_REQUEST run_id=bench_h2_key_024 node=U3 source=TM2 destination=TM
event=receive timestamp_ns=1791278906666494367 workflow=KEY_REQUEST run_id=bench_h2_key_025 node=U3 source=TM2 destination=TM
event=receive timestamp_ns=1791278910378718362 workflow=KEY_REQUEST run_id=bench_h2_key_026 node=U3 source=TM2 destination=TM
event=receive timestamp_ns=1791278915374450409 workflow=KEY_REQUEST run_id=bench_h2_key_027 node=U3 source=TM2 destination=TM
event=receive timestamp_ns=1791278918058813029 workflow=KEY_REQUEST run_id=bench_h2_key_028 node=U3 source=TM2 destination=TM
event=receive timestamp_ns=1791278921134404872 workflow=KEY_REQUEST run_id=bench_h2_key_029 node=U3 source=TM2 destination=TM
event=receive timestamp_ns=1791278924203063484 workflow=KEY_REQUEST run_id=bench_h2_key_030 node=U3 source=TM2 destination=TM
