event=receive timestamp_ns=1791278643050647883 workflow=KEY_REQUEST run_id=bench_h2_setup node=U4 source=TM2 destination=TM
event=receive timestamp_ns=1791278646698436755 workflow=CT_SHARE run_id=1 node=U4 source=TM2 destination=TM
event=receive timestamp_ns=1791278648202694555 workflow=CT_SHARE run_id=2 node=U4 source=TM2 destination=TM
event=receive timestamp_ns=1791278649706560034 workflow=CT_SHARE run_id=3 node=U4 source=TM2 destination=TM
event=receive timestamp_ns=1791278651242692167 workflow=CT_SHARE run_id=4 node=U4 source=TM2 destination=TM
event=receive timestamp_ns=1791278652778593468 workflow=CT_SHARE run_id=5 node=U4 source=TM2 destination=TM
event=receive timestamp_ns=1791278654314540539 workflow=CT_SHARE run_id=6 node=U4 source=TM2 destination=TM
event=receive timestamp_ns=1791278655850786915 workflow=CT_SHARE run_id=7 node=U4 source=TM2 destination=TM
event=receive timestamp_ns=1791278657386575764 workflow=CT_SHARE run_id=8 node=U4 source=TM2 destination=TM
event=receive timestamp_ns=1791278658986754330 workflow=CT_SHARE run_id=9 node=U4 source=TM2 destination=TM
event=receive timestamp_ns=1791278660522456365 workflow=CT_SHARE run_id=10 node=U4 source=TM2 destination=TM
event=receive timestamp_ns=1791278662122606321 workflow=CT_SHARE run_id=11 node=U4 source=TM2 destination=TM
event=receive timestamp_ns=1791278663658439296 workflow=CT_SHARE run_id=12 node=U4 source=TM2 destination=TM
event=receive timestamp_ns=1791278665194610678 workflow=CT_SHARE run_id=13 node=U4 source=TM2 destination=TM
event=receive timestamp_ns=1791278666730528260 workflow=CT_SHARE run_id=14 node=U4 source=TM2 destination=TM
event=receive timestamp_ns=1791278668266814071 workflow=CT_SHARE run_id=15 node=U4 source=TM2 destination=TM
event=receive timestamp_ns=1791278669866876711 workflow=CT_SHARE run_id=16 node=U4 source=TM2 destination=TM
event=receive timestamp_ns=1791278671402624918 workflow=CT_SHARE run_id=17 node=U4 source=TM2 destination=TM
event=receive timestamp_ns=1791278672938624180 workflow=CT_SHARE run_id=18 node=U4 source=TM2 destination=TM
event=receive timestamp_ns=1791278674538777520 workflow=CT_SHARE run_id=19 node=U4 source=TM2 destination=TM
event=receive timestamp_ns=1791278676138499301 workflow=CT_SHARE run_id=20 node=U4 source=TM2 destination=TM
event=receive timestamp_ns=1791278677674993836 workflow=CT_SHARE run_id=21 node=U4 source=TM2 destination=TM
event=receive timestamp_ns=1791278679274708400 workflow=CT_SHARE run_id=22 node=U4 source=TM2 destination=TM
event=receive timestamp_ns=1791278680810500586 workflow=CT_SHARE run_id=23 node=U4 source=TM2 destination=TM
event=receive timestamp_ns=1791278682346844359 workflow=CT_SHARE run_id=24 node=U4 source=TM2 destination=TM
event=receive timestamp_ns=1791278683946660452 workflow=CT_SHARE run_id=25 node=U4 source=TM2 destination=TM
event=receive timestamp_ns=1791278685514559041 workflow=CT_SHARE run_id=26 node=U4 source=TM2 destination=TM
event=receive timestamp_ns=1791278687018431057 workflow=CT_SHARE run_id=27 node=U4 source=TM2 destination=TM
event=receive timestamp_ns=1791278688586593419 workflow=CT_SHARE run_id=28 node=U4 source=TM2 destination=TM
event=receive timestamp_ns=1791278690090534266 workflow=CT_SHARE run_id=29 node=U4 source=TM2 destination=TM
event=receive timestamp_ns=1791278691626739030 workflow=CT_SHARE run_id=30 node=U4 source=TM2 destination=TM
event=receive timestamp_ns=1791278693162547748 workflow=CT_SHARE run_id=31 node=U4 source=TM2 destination=TM
event=receive timestamp_ns=1791278694698949189 workflow=CT_SHARE run_id=32 node=U4 source=TM2 destination=TM
event=receive timestamp_ns=1791278696234735972 workflow=CT_SHARE run_id=33 node=U4 source=TM2 destination=TM
event=receive timestamp_ns=1791278697771633651 workflow=CT_SHARE run_id=34 node=U4 source=TM2 destination=TM
event=receive timestamp_ns=1791278699306641950 workflow=CT_SHARE run_id=35 node=U4 source=TM2 destination=TM
event=receive timestamp_ns=1791278700842659625 workflow=ARL_UPDATE run_id=1 node=U4 source=Authority destination=TM
event=receive timestamp_ns=1791278702378630058 workflow=ARL_UPDATE run_id=2 node=U4 source=Authority destination=TM
event=receive timestamp_ns=1791278703914797385 workflow=ARL_UPDATE run_id=3 node=U4 source=Authority destination=TM
event=receive timestamp_ns=1791278705450477571 workflow=ARL_UPDATE run_id=4 node=U4 source=Authority destination=TM
event=receive timestamp_ns=1791278706986647012 workflow=ARL_UPDATE run_id=5 node=U4 source=Authority destination=TM
event=receive timestamp_ns=1791278708522619598 workflow=ARL_UPDATE run_id=6 node=U4 source=Authority destination=TM
event=receive timestamp_ns=1791278710058984888 workflow=ARL_UPDATE run_id=7 node=U4 source=Authority destination=TM
event=receive timestamp_ns=1791278711595049999 workflow=ARL_UPDATE run_id=8 node=U4 source=Authority destination=TM
event=receive timestamp_ns=1791278713130638998 workflow=ARL_UPDATE run_id=9 node=U4 source=Authority destination=TM
event=receive timestamp_ns=1791278714734787161 workflow=ARL_UPDATE run_id=10 node=U4 source=Authority destination=TM
event=receive timestamp_ns=1791278716362977023 workflow=ARL_UPDATE run_id=11 node=U4 source=Authority destination=TM
event=receive timestamp_ns=1791278717930842284 workflow=ARL_UPDATE run_id=12 node=U4 source=Authority destination=TM
event=receive timestamp_ns=1791278719466863786 workflow=ARL_UPDATE run_id=13 node=U4 source=Authority destination=TM
event=receive timestamp_ns=1791278721066586239 workflow=ARL_UPDATE run_id=14 node=U4 source=Authority destination=TM
event=receive timestamp_ns=1791278722602754524 workflow=ARL_UPDATE run_id=15 node=U4 source=Authority destination=TM
event=receive timestamp_ns=1791278724138858802 workflow=ARL_UPDATE run_id=16 node=U4 source=Authority destination=TM
event=receive timestamp_ns=1791278725674535065 workflow=ARL_UPDATE run_id=17 node=U4 source=Authority destination=TM
event=receive timestamp_ns=1791278727242726258 workflow=ARL_UPDATE run_id=18 node=U4 source=Authority destination=TM
event=receive timestamp_ns=1791278728810806066 workflow=ARL_UPDATE run_id=19 node=U4 source=Authority destination=TM
event=receive timestamp_ns=1791278730346768299 workflow=ARL_UPDATE run_id=20 node=U4 source=Authority destination=TM
event=receive timestamp_ns=1791278731950560724 workflow=ARL_UPDATE run_id=21 node=U4 source=Authority destination=TM
event=receive timestamp_ns=1791278733514759518 workflow=ARL_UPDATE run_id=22 node=U4 source=Authority destination=TM
event=receive timestamp_ns=1791278735018662443 workflow=ARL_UPDATE run_id=23 node=U4 source=Authority destination=TM
event=receive timestamp_ns=1791278736558607348 workflow=ARL_UPDATE run_id=24 node=U4 source=Authority destination=TM
event=receive timestamp_ns=1791278738090699315 workflow=ARL_UPDATE run_id=25 node=U4 source=Authority destination=TM
event=receive timestamp_ns=1791278739626802347 workflow=ARL_UPDATE run_id=26 node=U4 source=Authority destination=TM
event=receive timestamp_ns=1791278741194672545 workflow=ARL_UPDATE run_id=27 node=U4 source=Authority destination=TM
event=receive timestamp_ns=1791278742698806176 workflow=ARL_UPDATE run_id=28 node=U4 source=Authority destination=TM
event=receive timestamp_ns=1791278744238720359 workflow=ARL_UPDATE run_id=29 node=U4 source=Authority destination=TM
event=receive timestamp_ns=1791278745770513266 workflow=ARL_UPDATE run_id=30 node=U4 source=Authority destination=TM
event=receive timestamp_ns=1791278747338477692 workflow=ARL_UPDATE run_id=31 node=U4 source=Authority destination=TM
event=receive timestamp_ns=1791278748842559261 workflow=ARL_UPDATE run_id=32 node=U4 source=Authority destination=TM
event=receive timestamp_ns=1791278750382377362 workflow=ARL_UPDATE run_id=33 node=U4 source=Authority destination=TM
event=receive timestamp_ns=1791278751914712874 workflow=ARL_UPDATE run_id=34 node=U4 source=Authority destination=TM
event=receive timestamp_ns=1791278753450720042 workflow=ARL_UPDATE run_id=35 node=U4 source=Authority destination=TM
event=receive timestamp_ns=1791278754987046223 workflow=ARL_UPDATE run_id=36 node=U4 source=Authority destination=TM
event=receive timestamp_ns=1791278756522626585 workflow=ARL_UPDATE run_id=37 node=U4 source=Authority destination=TM
event=receive timestamp_ns=1791278758062578205 workflow=ARL_UPDATE run_id=38 node=U4 source=Authority destination=TM
event=receive timestamp_ns=1791278759598767590 workflow=ARL_UPDATE run_id=39 node=U4 source=Authority destination=TM
event=receive timestamp_ns=1791278761130745718 workflow=ARL_UPDATE run_id=40 node=U4 source=Authority destination=TM
event=receive timestamp_ns=1791278762666790464 workflow=ARL_UPDATE run_id=41 node=U4 source=Authority destination=TM
event=receive timestamp_ns=1791278764202659471 workflow=ARL_UPDATE run_id=42 node=U4 source=Authority destination=TM
event=receive timestamp_ns=1791278765738790778 workflow=ARL_UPDATE run_id=43 node=U4 source=Authority destination=TM
event=receive timestamp_ns=1791278767275083825 workflow=ARL_UPDATE run_id=44 node=U4 source=Authority destination=TM
event=receive timestamp_ns=1791278768814419463 workflow=ARL_UPDATE run_id=45 node=U4 source=Authority destination=TM
event=receive timestamp_ns=1791278770318554872 workflow=ARL_UPDATE run_id=46 node=U4 source=Authority destination=TM
event=receive timestamp_ns=1791278771882762659 workflow=ARL_UPDATE run_id=47 node=U4 source=Authority destination=TM
event=receive timestamp_ns=1791278773418672694 workflow=ARL_UPDATE run_id=48 node=U4 source=Authority destination=TM
event=receive timestamp_ns=1791278774955027757 workflow=ARL_UPDATE run_id=49 node=U4 source=Authority destination=TM
event=receive timestamp_ns=1791278776490419809 workflow=ARL_UPDATE run_id=50 node=U4 source=Authority destination=TM
event=receive timestamp_ns=1791278778026741482 workflow=ARL_UPDATE run_id=51 node=U4 source=Authority destination=TM
event=receive timestamp_ns=1791278779566653765 workflow=ARL_UPDATE run_id=52 node=U4 source=Authority destination=TM
event=receive timestamp_ns=1791278781098677263 workflow=ARL_UPDATE run_id=53 node=U4 source=Authority destination=TM
event=receive timestamp_ns=1791278782634966688 workflow=ARL_UPDATE run_id=54 node=U4 source=Authority destination=TM
event=receive timestamp_ns=1791278784170723469 workflow=ARL_UPDATE run_id=55 node=U4 source=Authority destination=TM
event=receive timestamp_ns=1791278785770767593 workflow=ARL_UPDATE run_id=56 node=U4 source=Authority destination=TM
event=receive timestamp_ns=1791278787370427553 workflow=ARL_UPDATE run_id=57 node=U4 source=Authority destination=TM
event=receive timestamp_ns=1791278788938934451 workflow=ARL_UPDATE run_id=58 node=U4 source=Authority destination=TM
event=receive timestamp_ns=1791278790506522231 workflow=ARL_UPDATE run_id=59 node=U4 source=Authority destination=TM
event=receive timestamp_ns=1791278792042688893 workflow=ARL_UPDATE run_id=60 node=U4 source=Authority destination=TM
event=receive timestamp_ns=1791278793610543695 workflow=ARL_UPDATE run_id=61 node=U4 source=Authority destination=TM
event=receive timestamp_ns=1791278795214739999 workflow=ARL_UPDATE run_id=62 node=U4 source=Authority destination=TM
event=receive timestamp_ns=1791278796746693798 workflow=ARL_UPDATE run_id=63 node=U4 source=Authority destination=TM
event=receive timestamp_ns=1791278798282538724 workflow=ARL_UPDATE run_id=64 node=U4 source=Authority destination=TM
event=receive timestamp_ns=1791278799786575655 workflow=ARL_UPDATE run_id=65 node=U4 source=Authority destination=TM
event=receive timestamp_ns=1791278801354751487 workflow=ARL_UPDATE run_id=66 node=U4 source=Authority destination=TM
event=receive timestamp_ns=1791278802890658370 workflow=ARL_UPDATE run_id=67 node=U4 source=Authority destination=TM
event=receive timestamp_ns=1791278804426572258 workflow=ARL_UPDATE run_id=68 node=U4 source=Authority destination=TM
event=receive timestamp_ns=1791278805966498277 workflow=ARL_UPDATE run_id=69 node=U4 source=Authority destination=TM
event=receive timestamp_ns=1791278807502386017 workflow=ARL_UPDATE run_id=70 node=U4 source=Authority destination=TM
event=receive timestamp_ns=1791278809002811925 workflow=KEY_REQUEST run_id=bench_h2_key_w1 node=U4 source=TM2 destination=TM
event=receive timestamp_ns=1791278811690997774 workflow=KEY_REQUEST run_id=bench_h2_key_w2 node=U4 source=TM2 destination=TM
event=receive timestamp_ns=1791278814254756912 workflow=KEY_REQUEST run_id=bench_h2_key_w3 node=U4 source=TM2 destination=TM
event=receive timestamp_ns=1791278818186988649 workflow=KEY_REQUEST run_id=bench_h2_key_w4 node=U4 source=TM2 destination=TM
event=receive timestamp_ns=1791278821294861206 workflow=KEY_REQUEST run_id=bench_h2_key_w5 node=U4 source=TM2 destination=TM
event=receive timestamp_ns=1791278824010665681 workflow=KEY_REQUEST run_id=bench_h2_key_001 node=U4 source=TM2 destination=TM
event=receive timestamp_ns=1791278827402755656 workflow=KEY_REQUEST run_id=bench_h2_key_002 node=U4 source=TM2 destination=TM
event=receive timestamp_ns=1791278830090492456 workflow=KEY_REQUEST run_id=bench_h2_key_003 node=U4 source=TM2 destination=TM
event=receive timestamp_ns=1791278833194762536 workflow=KEY_REQUEST run_id=bench_h2_key_004 node=U4 source=TM2 destination=TM
event=receive timestamp_ns=1791278836202696820 workflow=KEY_REQUEST run_id=bench_h2_key_005 node=U4 source=TM2 destination=TM
event=receive timestamp_ns=1791278840779063423 workflow=KEY_REQUEST run_id=bench_h2_key_006 node=U4 source=TM2 destination=TM
event=receive timestamp_ns=1791278843338608371 workflow=KEY_REQUEST run_id=bench_h2_key_007 node=U4 source=TM2 destination=TM
event=receive timestamp_ns=1791278846926741517 workflow=KEY_REQUEST run_id=bench_h2_key_008 node=U4 source=TM2 destination=TM
event=receive timestamp_ns=1791278849994673392 workflow=KEY_REQUEST run_id=bench_h2_key_009 node=U4 source=TM2 destination=TM
event=receive timestamp_ns=1791278853066639882 workflow=KEY_REQUEST run_id=bench_h2_key_010 node=U4 source=TM2 destination=TM
event=receive timestamp_ns=1791278857675052011 workflow=KEY_REQUEST run_id=bench_h2_key_011 node=U4 source=TM2 destination=TM
event=receive timestamp_ns=1791278861642630469 workflow=KEY_REQUEST run_id=bench_h2_key_012 node=U4 source=TM2 destination=TM
event=receive timestamp_ns=1791278864718696678 workflow=KEY_REQUEST run_id=bench_h2_key_013 node=U4 source=TM2 destination=TM
event=receive timestamp_ns=1791278867434632024 workflow=KEY_REQUEST run_id=bench_h2_key_014 node=U4 source=TM2 destination=TM
event=receive timestamp_ns=1791278870538639252 workflow=KEY_REQUEST run_id=bench_h2_key_015 node=U4 source=TM2 destination=TM
event=receive timestamp_ns=1791278874986626851 workflow=KEY_REQUEST run_id=bench_h2_key_016 node=U4 source=TM2 destination=TM
event=receive timestamp_ns=1791278877226580867 workflow=KEY_REQUEST run_id=bench_h2_key_017 node=U4 source=TM2 destination=TM
event=receive timestamp_ns=1791278881130859369 workflow=KEY_REQUEST run_id=bench_h2_key_018 node=U4 source=TM2 destination=TM
event=receive timestamp_ns=1791278883818589724 workflow=KEY_REQUEST run_id=bench_h2_key_019 node=U4 source=TM2 destination=TM
event=receive timestamp_ns=1791278886890703621 workflow=KEY_REQUEST run_id=bench_h2_key_020 node=U4 source=TM2 destination=TM
event=receive timestamp_ns=1791278891402475956 workflow=KEY_REQUEST run_id=bench_h2_key_021 node=U4 source=TM2 destination=TM
event=receive timestamp_ns=1791278895114632314 workflow=KEY_REQUEST run_id=bench_h2_key_022 node=U4 source=TM2 destination=TM
event=receive timestamp_ns=1791278898187069532 workflow=KEY_REQUEST run_id=bench_h2_key_023 node=U4 source=TM2 destination=TM
event=receive timestamp_ns=1791278903338690299 workflow=KEY_REQUEST run_id=bench_h2_key_024 node=U4 source=TM2 destination=TM
event=receive timestamp_ns=1791278907274909627 workflow=KEY_REQUEST run_id=bench_h2_key_025 node=U4 source=TM2 destination=TM
event=receive timestamp_ns=1791278909962707916 workflow=KEY_REQUEST run_id=bench_h2_key_026 node=U4 source=TM2 destination=TM
event=receive timestamp_ns=1791278915466666820 workflow=KEY_REQUEST run_id=bench_h2_key_027 node=U4 source=TM2 destination=TM
event=receive timestamp_ns=1791278918154942935 workflow=KEY_REQUEST run_id=bench_h2_key_028 node=U4 source=TM2 destination=TM
event=receive timestamp_ns=1791278921226465717 workflow=KEY_REQUEST run_id=bench_h2_key_029 node=U4 source=TM2 destination=TM
event=receive timestamp_ns=1791278924298522655 workflow=KEY_REQUEST run_id=bench_h2_key_030 node=U4 source=TM2 destination=TM
