event=receive timestamp_ns=1791278643114495112 workflow=KEY_REQUEST run_id=bench_h2_setup node=U5 source=TM2 destination=TM
event=receive timestamp_ns=1791278646794701945 workflow=CT_SHARE run_id=1 node=U5 source=TM2 destination=TM
event=receive timestamp_ns=1791278648298406787 workflow=CT_SHARE run_id=2 node=U5 source=TM2 destination=TM
event=receive timestamp_ns=1791278649802686384 workflow=CT_SHARE run_id=3 node=U5 source=TM2 destination=TM
event=receive timestamp_ns=1791278651338608959 workflow=CT_SHARE run_id=4 node=U5 source=TM2 destination=TM
event=receive timestamp_ns=1791278652874457317 workflow=CT_SHARE run_id=5 node=U5 source=TM2 destination=TM
event=receive timestamp_ns=1791278654410707048 workflow=CT_SHARE run_id=6 node=U5 source=TM2 destination=TM
event=receive timestamp_ns=1791278655947092806 workflow=CT_SHARE run_id=7 node=U5 source=TM2 destination=TM
event=receive timestamp_ns=1791278657482552414 workflow=CT_SHARE run_id=8 node=U5 source=TM2 destination=TM
event=receive timestamp_ns=1791278659082727337 workflow=CT_SHARE run_id=9 node=U5 source=TM2 destination=TM
event=receive timestamp_ns=1791278660650468634 workflow=CT_SHARE run_id=10 node=U5 source=TM2 destination=TM
event=receive timestamp_ns=1791278662218577923 workflow=CT_SHARE run_id=11 node=U5 source=TM2 destination=TM
event=receive timestamp_ns=1791278663754635537 workflow=CT_SHARE run_id=12 node=U5 source=TM2 destination=TM
event=receive timestamp_ns=1791278665290616043 workflow=CT_SHARE run_id=13 node=U5 source=TM2 destination=TM
event=receive timestamp_ns=1791278666826472743 workflow=CT_SHARE run_id=14 node=U5 source=TM2 destination=TM
event=receive timestamp_ns=1791278668362479210 workflow=CT_SHARE run_id=15 node=U5 source=TM2 destination=TM
event=receive timestamp_ns=1791278669962900343 workflow=CT_SHARE run_id=16 node=U5 source=TM2 destination=TM
event=receive timestamp_ns=1791278671498657692 workflow=CT_SHARE run_id=17 node=U5 source=TM2 destination=TM
event=receive timestamp_ns=1791278673034378375 workflow=CT_SHARE run_id=18 node=U5 source=TM2 destination=TM
event=receive timestamp_ns=1791278674634685490 workflow=CT_SHARE run_id=19 node=U5 source=TM2 destination=TM
event=receive timestamp_ns=1791278676234621874 workflow=CT_SHARE run_id=20 node=U5 source=TM2 destination=TM
event=receive timestamp_ns=1791278677771019168 workflow=CT_SHARE run_id=21 node=U5 source=TM2 destination=TM
event=receive timestamp_ns=1791278679371243005 workflow=CT_SHARE run_id=22 node=U5 source=TM2 destination=TM
event=receive timestamp_ns=1791278680906732639 workflow=CT_SHARE run_id=23 node=U5 source=TM2 destination=TM
event=receive timestamp_ns=1791278682442514941 workflow=CT_SHARE run_id=24 node=U5 source=TM2 destination=TM
event=receive timestamp_ns=1791278684042804778 workflow=CT_SHARE run_id=25 node=U5 source=TM2 destination=TM
event=receive timestamp_ns=1791278685578673088 workflow=CT_SHARE run_id=26 node=U5 source=TM2 destination=TM
event=receive timestamp_ns=1791278687114759583 workflow=CT_SHARE run_id=27 node=U5 source=TM2 destination=TM
event=receive timestamp_ns=1791278688650400417 workflow=CT_SHARE run_id=28 node=U5 source=TM2 destination=TM
event=receive timestamp_ns=1791278690190540626 workflow=CT_SHARE run_id=29 node=U5 source=TM2 destination=TM
event=receive timestamp_ns=1791278691722664232 workflow=CT_SHARE run_id=30 node=U5 source=TM2 destination=TM
event=receive timestamp_ns=1791278693258786180 workflow=CT_SHARE run_id=31 node=U5 source=TM2 destination=TM
event=receive timestamp_ns=1791278694794659405 workflow=CT_SHARE run_id=32 node=U5 source=TM2 destination=TM
event=receive timestamp_ns=1791278696331103347 workflow=CT_SHARE run_id=33 node=U5 source=TM2 destination=TM
event=receive timestamp_ns=1791278697866725691 workflow=CT_SHARE run_id=34 node=U5 source=TM2 destination=TM
event=receive timestamp_ns=1791278699402961124 workflow=CT_SHARE run_id=35 node=U5 source=TM2 destination=TM
event=receive timestamp_ns=1791278700938594196 workflow=ARL_UPDATE run_id=1 node=U5 source=Authority destination=TM
event=receive timestamp_ns=1791278702474604716 workflow=ARL_UPDATE run_id=2 node=U5 source=Authority destination=TM
event=receive timestamp_ns=1791278704010883471 workflow=ARL_UPDATE run_id=3 node=U5 source=Authority destination=TM
event=receive timestamp_ns=1791278705546797862 workflow=ARL_UPDATE run_id=4 node=U5 source=Authority destination=TM
event=receive timestamp_ns=1791278707082694630 workflow=ARL_UPDATE run_id=5 node=U5 source=Authority destination=TM
event=receive timestamp_ns=1791278708618808265 workflow=ARL_UPDATE run_id=6 node=U5 source=Authority destination=TM
event=receive timestamp_ns=1791278710187062103 workflow=ARL_UPDATE run_id=7 node=U5 source=Authority destination=TM
event=receive timestamp_ns=1791278711690858659 workflow=ARL_UPDATE run_id=8 node=U5 source=Authority destination=TM
event=receive timestamp_ns=1791278713226653148 workflow=ARL_UPDATE run_id=9 node=U5 source=Authority destination=TM
event=receive timestamp_ns=1791278714826742399 workflow=ARL_UPDATE run_id=10 node=U5 source=Authority destination=TM
event=receive timestamp_ns=1791278716458573026 workflow=ARL_UPDATE run_id=11 node=U5 source=Authority destination=TM
event=receive timestamp_ns=1791278718026740903 workflow=ARL_UPDATE run_id=12 node=U5 source=Authority destination=TM
event=receive timestamp_ns=1791278719594514268 workflow=ARL_UPDATE run_id=13 node=U5 source=Authority destination=TM
event=receive timestamp_ns=1791278721194623699 workflow=ARL_UPDATE run_id=14 node=U5 source=Authority destination=TM
event=receive timestamp_ns=1791278722698787962 workflow=ARL_UPDATE run_id=15 node=U5 source=Authority destination=TM
event=receive timestamp_ns=1791278724238677896 workflow=ARL_UPDATE run_id=16 node=U5 source=Authority destination=TM
event=receive timestamp_ns=1791278725771065779 workflow=ARL_UPDATE run_id=17 node=U5 source=Authority destination=TM
event=receive timestamp_ns=1791278727338978356 workflow=ARL_UPDATE run_id=18 node=U5 source=Authority destination=TM
event=receive timestamp_ns=1791278728907080092 workflow=ARL_UPDATE run_id=19 node=U5 source=Authority destination=TM
event=receive timestamp_ns=1791278730442811105 workflow=ARL_UPDATE run_id=20 node=U5 source=Authority destination=TM
event=receive timestamp_ns=1791278732074754086 workflow=ARL_UPDATE run_id=21 node=U5 source=Authority destination=TM
event=receive timestamp_ns=1791278733610802595 workflow=ARL_UPDATE run_id=22 node=U5 source=Authority destination=TM
event=receive timestamp_ns=1791278735114419617 workflow=ARL_UPDATE run_id=23 node=U5 source=Authority destination=TM
event=receive timestamp_ns=1791278736650641591 workflow=ARL_UPDATE run_id=24 node=U5 source=Authority destination=TM
event=receive timestamp_ns=1791278738186787214 workflow=ARL_UPDATE run_id=25 node=U5 source=Authority destination=TM
event=receive timestamp_ns=1791278739722680903 workflow=ARL_UPDATE run_id=26 node=U5 source=Authority destination=TM
event=receive timestamp_ns=1791278741258692420 workflow=ARL_UPDATE run_id=27 node=U5 source=Authority destination=TM
event=receive timestamp_ns=1791278742795265748 workflow=ARL_UPDATE run_id=28 node=U5 source=Authority destination=TM
event=receive timestamp_ns=1791278744330850052 workflow=ARL_UPDATE run_id=29 node=U5 source=Authority destination=TM
event=receive timestamp_ns=1791278745866618088 workflow=ARL_UPDATE run_id=30 node=U5 source=Authority destination=TM
event=receive timestamp_ns=1791278747402851072 workflow=ARL_UPDATE run_id=31 node=U5 source=Authority destination=TM
event=receive timestamp_ns=1791278748906658380 workflow=ARL_UPDATE run_id=32 node=U5 source=Authority destination=TM
event=receive timestamp_ns=1791278750474487586 workflow=ARL_UPDATE run_id=33 node=U5 source=Authority destination=TM
event=receive timestamp_ns=1791278752010769728 workflow=ARL_UPDATE run_id=34 node=U5 source=Authority destination=TM
event=receive timestamp_ns=1791278753546814173 workflow=ARL_UPDATE run_id=35 node=U5 source=Authority destination=TM
event=receive timestamp_ns=1791278755082574331 workflow=ARL_UPDATE run_id=36 node=U5 source=Authority destination=TM
event=receive timestamp_ns=1791278756618670352 workflow=ARL_UPDATE run_id=37 node=U5 source=Authority destination=TM
event=receive timestamp_ns=1791278758154801467 workflow=ARL_UPDATE run_id=38 node=U5 source=Authority destination=TM
event=receive timestamp_ns=1791278759690741970 workflow=ARL_UPDATE run_id=39 node=U5 source=Authority destination=TM
event=receive timestamp_ns=1791278761226666367 workflow=ARL_UPDATE run_id=40 node=U5 source=Authority destination=TM
event=receive timestamp_ns=1791278762762461748 workflow=ARL_UPDATE run_id=41 node=U5 source=Authority destination=TM
event=receive timestamp_ns=1791278764298470485 workflow=ARL_UPDATE run_id=42 node=U5 source=Authority destination=TM
event=receive timestamp_ns=1791278765834646648 workflow=ARL_UPDATE run_id=43 node=U5 source=Authority destination=TM
event=receive timestamp_ns=1791278767370674362 workflow=ARL_UPDATE run_id=44 node=U5 source=Authority destination=TM
event=receive timestamp_ns=1791278768906752258 workflow=ARL_UPDATE run_id=45 node=U5 source=Authority destination=TM
event=receive timestamp_ns=1791278770410679022 workflow=ARL_UPDATE run_id=46 node=U5 source=Authority destination=TM
event=receive timestamp_ns=1791278771978811091 workflow=ARL_UPDATE run_id=47 node=U5 source=Authority destination=TM
event=receive timestamp_ns=1791278773514740044 workflow=ARL_UPDATE run_id=48 node=U5 source=Authority destination=TM
event=receive timestamp_ns=1791278775050618359 workflow=ARL_UPDATE run_id=49 node=U5 source=Authority destination=TM
event=receive timestamp_ns=1791278776554791667 workflow=ARL_UPDATE run_id=50 node=U5 source=Authority destination=TM
event=receive timestamp_ns=1791278778122902881 workflow=ARL_UPDATE run_id=51 node=U5 source=Authority destination=TM
event=receive timestamp_ns=1791278779626819953 workflow=ARL_UPDATE run_id=52 node=U5 source=Authority destination=TM
event=receive timestamp_ns=1791278781194719626 workflow=ARL_UPDATE run_id=53 node=U5 source=Authority destination=TM
event=receive timestamp_ns=1791278782731017819 workflow=ARL_UPDATE run_id=54 node=U5 source=Authority destination=TM
event=receive timestamp_ns=1791278784266900730 workflow=ARL_UPDATE run_id=55 node=U5 source=Authority destination=TM
event=receive timestamp_ns=1791278785866722706 workflow=ARL_UPDATE run_id=56 node=U5 source=Authority destination=TM
event=receive timestamp_ns=1791278787434472536 workflow=ARL_UPDATE run_id=57 node=U5 source=Authority destination=TM
event=receive timestamp_ns=1791278789002695662 workflow=ARL_UPDATE run_id=58 node=U5 source=Authority destination=TM
event=receive timestamp_ns=1791278790602601946 workflow=ARL_UPDATE run_id=59 node=U5 source=Authority destination=TM
event=receive timestamp_ns=1791278792138772794 workflow=ARL_UPDATE run_id=60 node=U5 source=Authority destination=TM
event=receive timestamp_ns=1791278793706415013 workflow=ARL_UPDATE run_id=61 node=U5 source=Authority destination=TM
event=receive timestamp_ns=1791278795306744069 workflow=ARL_UPDATE run_id=62 node=U5 source=Authority destination=TM
event=receive timestamp_ns=1791278796842937683 workflow=ARL_UPDATE run_id=63 node=U5 source=Authority destination=TM
event=receive timestamp_ns=1791278798378605611 workflow=ARL_UPDATE run_id=64 node=U5 source=Authority destination=TM
event=receive timestamp_ns=1791278799882563412 workflow=ARL_UPDATE run_id=65 node=U5 source=Authority destination=TM
event=receive timestamp_ns=1791278801450788083 workflow=ARL_UPDATE run_id=66 node=U5 source=Authority destination=TM
event=receive timestamp_ns=1791278802986648292 workflow=ARL_UPDATE run_id=67 node=U5 source=Authority destination=TM
event=receive timestamp_ns=1791278804522530191 workflow=ARL_UPDATE run_id=68 node=U5 source=Authority destination=TM
event=receive timestamp_ns=1791278806058873260 workflow=ARL_UPDATE run_id=69 node=U5 source=Authority destination=TM
event=receive timestamp_ns=1791278807598573702 workflow=ARL_UPDATE run_id=70 node=U5 source=Authority destination=TM
event=receive timestamp_ns=1791278809098585656 workflow=KEY_REQUEST run_id=bench_h2_key_w1 node=U5 source=TM2 destination=TM
event=receive timestamp_ns=1791278811786805322 workflow=KEY_REQUEST run_id=bench_h2_key_w2 node=U5 source=TM2 destination=TM
event=receive timestamp_ns=1791278814314625565 workflow=KEY_REQUEST run_id=bench_h2_key_w3 node=U5 source=TM2 destination=TM
event=receive timestamp_ns=1791278818282573870 workflow=KEY_REQUEST run_id=bench_h2_key_w4 node=U5 source=TM2 destination=TM
event=receive timestamp_ns=1791278821386954512 workflow=KEY_REQUEST run_id=bench_h2_key_w5 node=U5 source=TM2 destination=TM
event=receive timestamp_ns=1791278824106563922 workflow=KEY_REQUEST run_id=bench_h2_key_001 node=U5 source=TM2 destination=TM
event=receive timestamp_ns=1791278827466572731 workflow=KEY_REQUEST run_id=bench_h2_key_002 node=U5 source=TM2 destination=TM
event=receive timestamp_ns=1791278830186433070 workflow=KEY_REQUEST run_id=bench_h2_key_003 node=U5 source=TM2 destination=TM
event=receive timestamp_ns=1791278833258604543 workflow=KEY_REQUEST run_id=bench_h2_key_004 node=U5 source=TM2 destination=TM
event=receive timestamp_ns=1791278836298792571 workflow=KEY_REQUEST run_id=bench_h2_key_005 node=U5 source=TM2 destination=TM
event=receive timestamp_ns=1791278840874850242 workflow=KEY_REQUEST run_id=bench_h2_key_006 node=U5 source=TM2 destination=TM
event=receive timestamp_ns=1791278844874604121 workflow=KEY_REQUEST run_id=bench_h2_key_007 node=U5 source=TM2 destination=TM
event=receive timestamp_ns=1791278846506726035 workflow=KEY_REQUEST run_id=bench_h2_key_008 node=U5 source=TM2 destination=TM
event=receive timestamp_ns=1791278850606700832 workflow=KEY_REQUEST run_id=bench_h2_key_009 node=U5 source=TM2 destination=TM
event=receive timestamp_ns=1791278854539076690 workflow=KEY_REQUEST run_id=bench_h2_key_010 node=U5 source=TM2 destination=TM
event=receive timestamp_ns=1791278857258660483 workflow=KEY_REQUEST run_id=bench_h2_key_011 node=U5 source=TM2 destination=TM
event=receive timestamp_ns=1791278860330757629 workflow=KEY_REQUEST run_id=bench_h2_key_012 node=U5 source=TM2 destination=TM
event=receive timestamp_ns=1791278864810719077 workflow=KEY_REQUEST run_id=bench_h2_key_013 node=U5 source=TM2 destination=TM
event=receive timestamp_ns=1791278867530706619 workflow=KEY_REQUEST run_id=bench_h2_key_014 node=U5 source=TM2 destination=TM
event=receive timestamp_ns=1791278870634446433 workflow=KEY_REQUEST run_id=bench_h2_key_015 node=U5 source=TM2 destination=TM
event=receive timestamp_ns=1791278875050631390 workflow=KEY_REQUEST run_id=bench_h2_key_016 node=U5 source=TM2 destination=TM
event=receive timestamp_ns=1791278877294715854 workflow=KEY_REQUEST run_id=bench_h2_key_017 node=U5 source=TM2 destination=TM
event=receive timestamp_ns=1791278881194647601 workflow=KEY_REQUEST run_id=bench_h2_key_018 node=U5 source=TM2 destination=TM
event=receive timestamp_ns=1791278883914659921 workflow=KEY_REQUEST run_id=bench_h2_key_019 node=U5 source=TM2 destination=TM
event=receive timestamp_ns=1791278886986511041 workflow=KEY_REQUEST run_id=bench_h2_key_020 node=U5 source=TM2 destination=TM
event=receive timestamp_ns=1791278892011077384 workflow=KEY_REQUEST run_id=bench_h2_key_021 node=U5 source=TM2 destination=TM
event=receive timestamp_ns=1791278896618883702 workflow=KEY_REQUEST run_id=bench_h2_key_022 node=U5 source=TM2 destination=TM
event=receive timestamp_ns=1791278898858656474 workflow=KEY_REQUEST run_id=bench_h2_key_023 node=U5 source=TM2 destination=TM
event=receive timestamp_ns=1791278902922451240 workflow=KEY_REQUEST run_id=bench_h2_key_024 node=U5 source=TM2 destination=TM
event=receive timestamp_ns=1791278905962546318 workflow=KEY_REQUEST run_id=bench_h2_key_025 node=U5 source=TM2 destination=TM
event=receive timestamp_ns=1791278910571011682 workflow=KEY_REQUEST run_id=bench_h2_key_026 node=U5 source=TM2 destination=TM
event=receive timestamp_ns=1791278915530792031 workflow=KEY_REQUEST run_id=bench_h2_key_027 node=U5 source=TM2 destination=TM
event=receive timestamp_ns=1791278918250794202 workflow=KEY_REQUEST run_id=bench_h2_key_028 node=U5 source=TM2 destination=TM
event=receive timestamp_ns=1791278921322655318 workflow=KEY_REQUEST run_id=bench_h2_key_029 node=U5 source=TM2 destination=TM
event=receive timestamp_ns=1791278924394619696 workflow=KEY_REQUEST run_id=bench_h2_key_030 node=U5 source=TM2 destination=TM
