event=send timestamp_ns=1791281802480409549 workflow=KEY_RESPONSE run_id=bench_h2_setup node=Authority source=Authority destination=bench_h2_setup
event=receive timestamp_ns=1791281803502784663 workflow=KEY_REQUEST run_id=bench_h2_setup node=Authority source=TM2 destination=TM
event=receive timestamp_ns=1791281806080782960 workflow=CT_SHARE run_id=1 node=Authority source=TM2 destination=TM
event=receive timestamp_ns=1791281807619472000 workflow=CT_SHARE run_id=2 node=Authority source=TM2 destination=TM
event=receive timestamp_ns=1791281809189242202 workflow=CT_SHARE run_id=3 node=Authority source=TM2 destination=TM
event=receive timestamp_ns=1791281810723494670 workflow=CT_SHARE run_id=4 node=Authority source=TM2 destination=TM
event=receive timestamp_ns=1791281812230226287 workflow=CT_SHARE run_id=5 node=Authority source=TM2 destination=TM
event=receive timestamp_ns=1791281813790787781 workflow=CT_SHARE run_id=6 node=Authority source=TM2 destination=TM
event=receive timestamp_ns=1791281815331076677 workflow=CT_SHARE run_id=7 node=Authority source=TM2 destination=TM
event=receive timestamp_ns=1791281816864345230 workflow=CT_SHARE run_id=8 node=Authority source=TM2 destination=TM
event=receive timestamp_ns=1791281818365926987 workflow=CT_SHARE run_id=9 node=Authority source=TM2 destination=TM
event=receive timestamp_ns=1791281819929858801 workflow=CT_SHARE run_id=10 node=Authority source=TM2 destination=TM
event=receive timestamp_ns=1791281821472934206 workflow=CT_SHARE run_id=11 node=Authority source=TM2 destination=TM
event=receive timestamp_ns=1791281823003699742 workflow=CT_SHARE run_id=12 node=Authority source=TM2 destination=TM
event=receive timestamp_ns=1791281824514176496 workflow=CT_SHARE run_id=13 node=Authority source=TM2 destination=TM
event=receive timestamp_ns=1791281826083482830 workflow=CT_SHARE run_id=14 node=Authority source=TM2 destination=TM
event=receive timestamp_ns=1791281827630014066 workflow=CT_SHARE run_id=15 node=Authority source=TM2 destination=TM
event=receive timestamp_ns=1791281829192740871 workflow=CT_SHARE run_id=16 node=Authority source=TM2 destination=TM
event=receive timestamp_ns=1791281830697651111 workflow=CT_SHARE run_id=17 node=Authority source=TM2 destination=TM
event=receive timestamp_ns=1791281832320779133 workflow=CT_SHARE run_id=18 node=Authority source=TM2 destination=TM
event=receive timestamp_ns=1791281833899681503 workflow=CT_SHARE run_id=19 node=Authority source=TM2 destination=TM
event=receive timestamp_ns=1791281835463469360 workflow=CT_SHARE run_id=20 node=Authority source=TM2 destination=TM
event=receive timestamp_ns=1791281836998701754 workflow=CT_SHARE run_id=21 node=Authority source=TM2 destination=TM
event=receive timestamp_ns=1791281838503708900 workflow=CT_SHARE run_id=22 node=Authority source=TM2 destination=TM
event=receive timestamp_ns=1791281840077816210 workflow=CT_SHARE run_id=23 node=Authority source=TM2 destination=TM
event=receive timestamp_ns=1791281841608913108 workflow=CT_SHARE run_id=24 node=Authority source=TM2 destination=TM
event=receive timestamp_ns=1791281843137090659 workflow=CT_SHARE run_id=25 node=Authority source=TM2 destination=TM
event=receive timestamp_ns=1791281844712272029 workflow=CT_SHARE run_id=26 node=Authority source=TM2 destination=TM
event=receive timestamp_ns=1791281846305251457 workflow=CT_SHARE run_id=27 node=Authority source=TM2 destination=TM
event=receive timestamp_ns=1791281847841489025 workflow=CT_SHARE run_id=28 node=Authority source=TM2 destination=TM
event=receive timestamp_ns=1791281849339328915 workflow=CT_SHARE run_id=29 node=Authority source=TM2 destination=TM
event=receive timestamp_ns=1791281850875055703 workflow=CT_SHARE run_id=30 node=Authority source=TM2 destination=TM
event=receive timestamp_ns=1791281852412687993 workflow=CT_SHARE run_id=31 node=Authority source=TM2 destination=TM
event=receive timestamp_ns=1791281853951460965 workflow=CT_SHARE run_id=32 node=Authority source=TM2 destination=TM
event=receive timestamp_ns=1791281855487073285 workflow=CT_SHARE run_id=33 node=Authority source=TM2 destination=TM
event=receive timestamp_ns=1791281857022243152 workflow=CT_SHARE run_id=34 node=Authority source=TM2 destination=TM
event=receive timestamp_ns=1791281858618750243 workflow=CT_SHARE run_id=35 node=Authority source=TM2 destination=TM
event=send timestamp_ns=1791281858822827287 workflow=ARL_UPDATE run_id=1 node=Authority source=Authority destination=TM
event=send timestamp_ns=1791281861077749268 workflow=ARL_UPDATE run_id=2 node=Authority source=Authority destination=TM
event=send timestamp_ns=1791281862619295431 workflow=ARL_UPDATE run_id=3 node=Authority source=Authority destination=TM
event=send timestamp_ns=1791281864154835441 workflow=ARL_UPDATE run_id=4 node=Authority source=Authority destination=TM
event=send timestamp_ns=1791281865688103337 workflow=ARL_UPDATE run_id=5 node=Authority source=Authority destination=TM
event=send timestamp_ns=1791281867224245167 workflow=ARL_UPDATE run_id=6 node=Authority source=Authority destination=TM
event=send timestamp_ns=1791281868759417005 workflow=ARL_UPDATE run_id=7 node=Authority source=Authority destination=TM
event=send timestamp_ns=1791281870299629204 workflow=ARL_UPDATE run_id=8 node=Authority source=Authority destination=TM
event=send timestamp_ns=1791281871839597264 workflow=ARL_UPDATE run_id=9 node=Authority source=Authority destination=TM
event=send timestamp_ns=1791281873366834739 workflow=ARL_UPDATE run_id=10 node=Authority source=Authority destination=TM
event=send timestamp_ns=1791281874907262020 workflow=ARL_UPDATE run_id=11 node=Authority source=Authority destination=TM
event=send timestamp_ns=1791281876441270004 workflow=ARL_UPDATE run_id=12 node=Authority source=Authority destination=TM
event=send timestamp_ns=1791281877980302888 workflow=ARL_UPDATE run_id=13 node=Authority source=Authority destination=TM
event=send timestamp_ns=1791281879518493511 workflow=ARL_UPDATE run_id=14 node=Authority source=Authority destination=TM
event=send timestamp_ns=1791281881049623521 workflow=ARL_UPDATE run_id=15 node=Authority source=Authority destination=TM
event=send timestamp_ns=1791281882588005048 workflow=ARL_UPDATE run_id=16 node=Authority source=Authority destination=TM
event=send timestamp_ns=1791281884117578305 workflow=ARL_UPDATE run_id=17 node=Authority source=Authority destination=TM
event=send timestamp_ns=1791281885657741415 workflow=ARL_UPDATE run_id=18 node=Authority source=Authority destination=TM
event=send timestamp_ns=1791281887202829931 workflow=ARL_UPDATE run_id=19 node=Authority source=Authority destination=TM
event=send timestamp_ns=1791281888734838578 workflow=ARL_UPDATE run_id=20 node=Authority source=Authority destination=TM
event=send timestamp_ns=1791281890274564228 workflow=ARL_UPDATE run_id=21 node=Authority source=Authority destination=TM
event=send timestamp_ns=1791281891801412426 workflow=ARL_UPDATE run_id=22 node=Authority source=Authority destination=TM
event=send timestamp_ns=1791281893338842770 workflow=ARL_UPDATE run_id=23 node=Authority source=Authority destination=TM
event=send timestamp_ns=1791281894881837995 workflow=ARL_UPDATE run_id=24 node=Authority source=Authority destination=TM
event=send timestamp_ns=1791281896424721563 workflow=ARL_UPDATE run_id=25 node=Authority source=Authority destination=TM
event=send timestamp_ns=1791281897950653364 workflow=ARL_UPDATE run_id=26 node=Authority source=Authority destination=TM
event=send timestamp_ns=1791281899486890171 workflow=ARL_UPDATE run_id=27 node=Authority source=Authority destination=TM
event=send timestamp_ns=1791281901028972356 workflow=ARL_UPDATE run_id=28 node=Authority source=Authority destination=TM
event=send timestamp_ns=1791281902557337582 workflow=ARL_UPDATE run_id=29 node=Authority source=Authority destination=TM
event=send timestamp_ns=1791281904101042361 workflow=ARL_UPDATE run_id=30 node=Authority source=Authority destination=TM
event=send timestamp_ns=1791281905626509513 workflow=ARL_UPDATE run_id=31 node=Authority source=Authority destination=TM
event=send timestamp_ns=1791281907162833199 workflow=ARL_UPDATE run_id=32 node=Authority source=Authority destination=TM
event=send timestamp_ns=1791281908700484518 workflow=ARL_UPDATE run_id=33 node=Authority source=Authority destination=TM
event=send timestamp_ns=1791281910231092916 workflow=ARL_UPDATE run_id=34 node=Authority source=Authority destination=TM
event=send timestamp_ns=1791281911764956179 workflow=ARL_UPDATE run_id=35 node=Authority source=Authority destination=TM
event=send timestamp_ns=1791281913306661390 workflow=ARL_UPDATE run_id=36 node=Authority source=Authority destination=TM
event=send timestamp_ns=1791281914844356154 workflow=ARL_UPDATE run_id=37 node=Authority source=Authority destination=TM
event=send timestamp_ns=1791281916449770369 workflow=ARL_UPDATE run_id=38 node=Authority source=Authority destination=TM
event=send timestamp_ns=1791281917983756271 workflow=ARL_UPDATE run_id=39 node=Authority source=Authority destination=TM
event=send timestamp_ns=1791281919516445443 workflow=ARL_UPDATE run_id=40 node=Authority source=Authority destination=TM
event=send timestamp_ns=1791281921049982771 workflow=ARL_UPDATE run_id=41 node=Authority source=Authority destination=TM
event=send timestamp_ns=1791281922589772751 workflow=ARL_UPDATE run_id=42 node=Authority source=Authority destination=TM
event=send timestamp_ns=1791281924120286364 workflow=ARL_UPDATE run_id=43 node=Authority source=Authority destination=TM
event=send timestamp_ns=1791281925662941512 workflow=ARL_UPDATE run_id=44 node=Authority source=Authority destination=TM
event=send timestamp_ns=1791281927196341995 workflow=ARL_UPDATE run_id=45 node=Authority source=Authority destination=TM
event=send timestamp_ns=1791281928733936298 workflow=ARL_UPDATE run_id=46 node=Authority source=Authority destination=TM
event=send timestamp_ns=1791281930266211929 workflow=ARL_UPDATE run_id=47 node=Authority source=Authority destination=TM
event=send timestamp_ns=1791281931801096870 workflow=ARL_UPDATE run_id=48 node=Authority source=Authority destination=TM
event=send timestamp_ns=1791281933341305879 workflow=ARL_UPDATE run_id=49 node=Authority source=Authority destination=TM
event=send timestamp_ns=1791281934939813981 workflow=ARL_UPDATE run_id=50 node=Authority source=Authority destination=TM
event=send timestamp_ns=1791281936482630093 workflow=ARL_UPDATE run_id=51 node=Authority source=Authority destination=TM
event=send timestamp_ns=1791281938016213557 workflow=ARL_UPDATE run_id=52 node=Authority source=Authority destination=TM
event=send timestamp_ns=1791281939542590974 workflow=ARL_UPDATE run_id=53 node=Authority source=Authority destination=TM
event=send timestamp_ns=1791281941088884495 workflow=ARL_UPDATE run_id=54 node=Authority source=Authority destination=TM
event=send timestamp_ns=1791281942618418631 workflow=ARL_UPDATE run_id=55 node=Authority source=Authority destination=TM
event=send timestamp_ns=1791281944152031621 workflow=ARL_UPDATE run_id=56 node=Authority source=Authority destination=TM
event=send timestamp_ns=1791281945684433534 workflow=ARL_UPDATE run_id=57 node=Authority source=Authority destination=TM
event=send timestamp_ns=1791281947227686710 workflow=ARL_UPDATE run_id=58 node=Authority source=Authority destination=TM
event=send timestamp_ns=1791281948760714032 workflow=ARL_UPDATE run_id=59 node=Authority source=Authority destination=TM
event=send timestamp_ns=1791281950297016401 workflow=ARL_UPDATE run_id=60 node=Authority source=Authority destination=TM
event=send timestamp_ns=1791281951896238984 workflow=ARL_UPDATE run_id=61 node=Authority source=Authority destination=TM
event=send timestamp_ns=1791281953430673438 workflow=ARL_UPDATE run_id=62 node=Authority source=Authority destination=TM
event=send timestamp_ns=1791281955032092271 workflow=ARL_UPDATE run_id=63 node=Authority source=Authority destination=TM
event=send timestamp_ns=1791281956570934963 workflow=ARL_UPDATE run_id=64 node=Authority source=Authority destination=TM
event=send timestamp_ns=1791281958117992777 workflow=ARL_UPDATE run_id=65 node=Authority source=Authority destination=TM
event=send timestamp_ns=1791281959716257511 workflow=ARL_UPDATE run_id=66 node=Authority source=Authority destination=TM
event=send timestamp_ns=1791281961253626714 workflow=ARL_UPDATE run_id=67 node=Authority source=Authority destination=TM
event=send timestamp_ns=1791281962787381738 workflow=ARL_UPDATE run_id=68 node=Authority source=Authority destination=TM
event=send timestamp_ns=1791281964327170219 workflow=ARL_UPDATE run_id=69 node=Authority source=Authority destination=TM
event=send timestamp_ns=1791281965862622983 workflow=ARL_UPDATE run_id=70 node=Authority source=Authority destination=TM
event=send timestamp_ns=1791281970168108458 workflow=KEY_RESPONSE run_id=bench_h2_key_w1 node=Authority source=Authority destination=bench_h2_key_w1
event=receive timestamp_ns=1791281971210526712 workflow=KEY_REQUEST run_id=bench_h2_key_w1 node=Authority source=TM2 destination=TM
event=send timestamp_ns=1791281974837887526 workflow=KEY_RESPONSE run_id=bench_h2_key_w2 node=Authority source=Authority destination=bench_h2_key_w2
event=receive timestamp_ns=1791281975882545197 workflow=KEY_REQUEST run_id=bench_h2_key_w2 node=Authority source=TM2 destination=TM
event=send timestamp_ns=1791281978455270167 workflow=KEY_RESPONSE run_id=bench_h2_key_w3 node=Authority source=Authority destination=bench_h2_key_w3
event=receive timestamp_ns=1791281979502452330 workflow=KEY_REQUEST run_id=bench_h2_key_w3 node=Authority source=TM2 destination=TM
event=send timestamp_ns=1791281981009695631 workflow=KEY_RESPONSE run_id=bench_h2_key_w4 node=Authority source=Authority destination=bench_h2_key_w4
event=receive timestamp_ns=1791281982026438019 workflow=KEY_REQUEST run_id=bench_h2_key_w4 node=Authority source=TM2 destination=TM
event=send timestamp_ns=1791281984595580383 workflow=KEY_RESPONSE run_id=bench_h2_key_w5 node=Authority source=Authority destination=bench_h2_key_w5
event=receive timestamp_ns=1791281985610731445 workflow=KEY_REQUEST run_id=bench_h2_key_w5 node=Authority source=TM2 destination=TM
event=send timestamp_ns=1791281988178592147 workflow=KEY_RESPONSE run_id=bench_h2_key_001 node=Authority source=Authority destination=bench_h2_key_001
event=receive timestamp_ns=1791281989194426417 workflow=KEY_REQUEST run_id=bench_h2_key_001 node=Authority source=TM2 destination=TM
event=send timestamp_ns=1791281990703198709 workflow=KEY_RESPONSE run_id=bench_h2_key_002 node=Authority source=Authority destination=bench_h2_key_002
event=receive timestamp_ns=1791281991722550722 workflow=KEY_REQUEST run_id=bench_h2_key_002 node=Authority source=TM2 destination=TM
event=send timestamp_ns=1791281994256123857 workflow=KEY_RESPONSE run_id=bench_h2_key_003 node=Authority source=Authority destination=bench_h2_key_003
event=receive timestamp_ns=1791281995274439832 workflow=KEY_REQUEST run_id=bench_h2_key_003 node=Authority source=TM2 destination=TM
event=send timestamp_ns=1791281996784006269 workflow=KEY_RESPONSE run_id=bench_h2_key_004 node=Authority source=Authority destination=bench_h2_key_004
event=receive timestamp_ns=1791281997802709562 workflow=KEY_REQUEST run_id=bench_h2_key_004 node=Authority source=TM2 destination=TM
event=send timestamp_ns=1791282000371147890 workflow=KEY_RESPONSE run_id=bench_h2_key_005 node=Authority source=Authority destination=bench_h2_key_005
event=receive timestamp_ns=1791282001386845863 workflow=KEY_REQUEST run_id=bench_h2_key_005 node=Authority source=TM2 destination=TM
event=send timestamp_ns=1791282002934147982 workflow=KEY_RESPONSE run_id=bench_h2_key_006 node=Authority source=Authority destination=bench_h2_key_006
event=receive timestamp_ns=1791282003978757605 workflow=KEY_REQUEST run_id=bench_h2_key_006 node=Authority source=TM2 destination=TM
event=send timestamp_ns=1791282005457773798 workflow=KEY_RESPONSE run_id=bench_h2_key_007 node=Authority source=Authority destination=bench_h2_key_007
event=receive timestamp_ns=1791282006474713367 workflow=KEY_REQUEST run_id=bench_h2_key_007 node=Authority source=TM2 destination=TM
event=send timestamp_ns=1791282009041454068 workflow=KEY_RESPONSE run_id=bench_h2_key_008 node=Authority source=Authority destination=bench_h2_key_008
event=receive timestamp_ns=1791282010058712471 workflow=KEY_REQUEST run_id=bench_h2_key_008 node=Authority source=TM2 destination=TM
event=send timestamp_ns=1791282012623279878 workflow=KEY_RESPONSE run_id=bench_h2_key_009 node=Authority source=Authority destination=bench_h2_key_009
event=receive timestamp_ns=1791282013642463482 workflow=KEY_REQUEST run_id=bench_h2_key_009 node=Authority source=TM2 destination=TM
event=send timestamp_ns=1791282016210361471 workflow=KEY_RESPONSE run_id=bench_h2_key_010 node=Authority source=Authority destination=bench_h2_key_010
event=receive timestamp_ns=1791282017226626655 workflow=KEY_REQUEST run_id=bench_h2_key_010 node=Authority source=TM2 destination=TM
event=send timestamp_ns=1791282019792561444 workflow=KEY_RESPONSE run_id=bench_h2_key_011 node=Authority source=Authority destination=bench_h2_key_011
event=receive timestamp_ns=1791282020810700370 workflow=KEY_REQUEST run_id=bench_h2_key_011 node=Authority source=TM2 destination=TM
event=send timestamp_ns=1791282022321843800 workflow=KEY_RESPONSE run_id=bench_h2_key_012 node=Authority source=Authority destination=bench_h2_key_012
event=receive timestamp_ns=1791282023338943095 workflow=KEY_REQUEST run_id=bench_h2_key_012 node=Authority source=TM2 destination=TM
event=send timestamp_ns=1791282025912832759 workflow=KEY_RESPONSE run_id=bench_h2_key_013 node=Authority source=Authority destination=bench_h2_key_013
event=receive timestamp_ns=1791282026958548602 workflow=KEY_REQUEST run_id=bench_h2_key_013 node=Authority source=TM2 destination=TM
event=send timestamp_ns=1791282029559722129 workflow=KEY_RESPONSE run_id=bench_h2_key_014 node=Authority source=Authority destination=bench_h2_key_014
event=receive timestamp_ns=1791282030602695568 workflow=KEY_REQUEST run_id=bench_h2_key_014 node=Authority source=TM2 destination=TM
event=send timestamp_ns=1791282032020739767 workflow=KEY_RESPONSE run_id=bench_h2_key_015 node=Authority source=Authority destination=bench_h2_key_015
event=receive timestamp_ns=1791282033066576795 workflow=KEY_REQUEST run_id=bench_h2_key_015 node=Authority source=TM2 destination=TM
event=send timestamp_ns=1791282034552042360 workflow=KEY_RESPONSE run_id=bench_h2_key_016 node=Authority source=Authority destination=bench_h2_key_016
event=receive timestamp_ns=1791282035594688431 workflow=KEY_REQUEST run_id=bench_h2_key_016 node=Authority source=TM2 destination=TM
event=send timestamp_ns=1791282037081502356 workflow=KEY_RESPONSE run_id=bench_h2_key_017 node=Authority source=Authority destination=bench_h2_key_017
event=receive timestamp_ns=1791282038122568349 workflow=KEY_REQUEST run_id=bench_h2_key_017 node=Authority source=TM2 destination=TM
event=send timestamp_ns=1791282039545064747 workflow=KEY_RESPONSE run_id=bench_h2_key_018 node=Authority source=Authority destination=bench_h2_key_018
event=receive timestamp_ns=1791282040590916304 workflow=KEY_REQUEST run_id=bench_h2_key_018 node=Authority source=TM2 destination=TM
event=send timestamp_ns=1791282043151830723 workflow=KEY_RESPONSE run_id=bench_h2_key_019 node=Authority source=Authority destination=bench_h2_key_019
event=receive timestamp_ns=1791282044170580315 workflow=KEY_REQUEST run_id=bench_h2_key_019 node=Authority source=TM2 destination=TM
event=send timestamp_ns=1791282045650084707 workflow=KEY_RESPONSE run_id=bench_h2_key_020 node=Authority source=Authority destination=bench_h2_key_020
event=receive timestamp_ns=1791282046667068437 workflow=KEY_REQUEST run_id=bench_h2_key_020 node=Authority source=TM2 destination=TM
event=send timestamp_ns=1791282048148562167 workflow=KEY_RESPONSE run_id=bench_h2_key_021 node=Authority source=Authority destination=bench_h2_key_021
event=receive timestamp_ns=1791282049194713661 workflow=KEY_REQUEST run_id=bench_h2_key_021 node=Authority source=TM2 destination=TM
event=send timestamp_ns=1791282051735353813 workflow=KEY_RESPONSE run_id=bench_h2_key_022 node=Authority source=Authority destination=bench_h2_key_022
event=receive timestamp_ns=1791282052778569565 workflow=KEY_REQUEST run_id=bench_h2_key_022 node=Authority source=TM2 destination=TM
event=send timestamp_ns=1791282054192825830 workflow=KEY_RESPONSE run_id=bench_h2_key_023 node=Authority source=Authority destination=bench_h2_key_023
event=receive timestamp_ns=1791282055210827733 workflow=KEY_REQUEST run_id=bench_h2_key_023 node=Authority source=TM2 destination=TM
event=send timestamp_ns=1791282056695020987 workflow=KEY_RESPONSE run_id=bench_h2_key_024 node=Authority source=Authority destination=bench_h2_key_024
event=receive timestamp_ns=1791282057739007734 workflow=KEY_REQUEST run_id=bench_h2_key_024 node=Authority source=TM2 destination=TM
event=send timestamp_ns=1791282060274477659 workflow=KEY_RESPONSE run_id=bench_h2_key_025 node=Authority source=Authority destination=bench_h2_key_025
event=receive timestamp_ns=1791282061290799730 workflow=KEY_REQUEST run_id=bench_h2_key_025 node=Authority source=TM2 destination=TM
event=send timestamp_ns=1791282062807394926 workflow=KEY_RESPONSE run_id=bench_h2_key_026 node=Authority source=Authority destination=bench_h2_key_026
event=receive timestamp_ns=1791282063855104350 workflow=KEY_REQUEST run_id=bench_h2_key_026 node=Authority source=TM2 destination=TM
event=send timestamp_ns=1791282066393463301 workflow=KEY_RESPONSE run_id=bench_h2_key_027 node=Authority source=Authority destination=bench_h2_key_027
event=receive timestamp_ns=1791282067438941230 workflow=KEY_REQUEST run_id=bench_h2_key_027 node=Authority source=TM2 destination=TM
event=send timestamp_ns=1791282068953607302 workflow=KEY_RESPONSE run_id=bench_h2_key_028 node=Authority source=Authority destination=bench_h2_key_028
event=receive timestamp_ns=1791282069995190221 workflow=KEY_REQUEST run_id=bench_h2_key_028 node=Authority source=TM2 destination=TM
event=send timestamp_ns=1791282072565860871 workflow=KEY_RESPONSE run_id=bench_h2_key_029 node=Authority source=Authority destination=bench_h2_key_029
event=receive timestamp_ns=1791282073610629383 workflow=KEY_REQUEST run_id=bench_h2_key_029 node=Authority source=TM2 destination=TM
event=send timestamp_ns=1791282076176222457 workflow=KEY_RESPONSE run_id=bench_h2_key_030 node=Authority source=Authority destination=bench_h2_key_030
event=receive timestamp_ns=1791282077194792882 workflow=KEY_REQUEST run_id=bench_h2_key_030 node=Authority source=TM2 destination=TM
