event=receive timestamp_ns=1791281802410714380 workflow=KEY_REQUEST run_id=bench_h2_setup node=U1 source=TM2 destination=TM
event=receive timestamp_ns=1791281805975257365 workflow=CT_SHARE run_id=1 node=U1 source=TM2 destination=TM
event=receive timestamp_ns=1791281807512153693 workflow=CT_SHARE run_id=2 node=U1 source=TM2 destination=TM
event=receive timestamp_ns=1791281809078394916 workflow=CT_SHARE run_id=3 node=U1 source=TM2 destination=TM
event=receive timestamp_ns=1791281810585949482 workflow=CT_SHARE run_id=4 node=U1 source=TM2 destination=TM
event=receive timestamp_ns=1791281812119136566 workflow=CT_SHARE run_id=5 node=U1 source=TM2 destination=TM
event=receive timestamp_ns=1791281813685595349 workflow=CT_SHARE run_id=6 node=U1 source=TM2 destination=TM
event=receive timestamp_ns=1791281815223661256 workflow=CT_SHARE run_id=7 node=U1 source=TM2 destination=TM
event=receive timestamp_ns=1791281816759052685 workflow=CT_SHARE run_id=8 node=U1 source=TM2 destination=TM
event=receive timestamp_ns=1791281818259683476 workflow=CT_SHARE run_id=9 node=U1 source=TM2 destination=TM
event=receive timestamp_ns=1791281819798423735 workflow=CT_SHARE run_id=10 node=U1 source=TM2 destination=TM
event=receive timestamp_ns=1791281821368331294 workflow=CT_SHARE run_id=11 node=U1 source=TM2 destination=TM
event=receive timestamp_ns=1791281822900780543 workflow=CT_SHARE run_id=12 node=U1 source=TM2 destination=TM
event=receive timestamp_ns=1791281824414084175 workflow=CT_SHARE run_id=13 node=U1 source=TM2 destination=TM
event=receive timestamp_ns=1791281825947269147 workflow=CT_SHARE run_id=14 node=U1 source=TM2 destination=TM
event=receive timestamp_ns=1791281827511770309 workflow=CT_SHARE run_id=15 node=U1 source=TM2 destination=TM
event=receive timestamp_ns=1791281829082972099 workflow=CT_SHARE run_id=16 node=U1 source=TM2 destination=TM
event=receive timestamp_ns=1791281830586147470 workflow=CT_SHARE run_id=17 node=U1 source=TM2 destination=TM
event=receive timestamp_ns=1791281832188619106 workflow=CT_SHARE run_id=18 node=U1 source=TM2 destination=TM
event=receive timestamp_ns=1791281833789467650 workflow=CT_SHARE run_id=19 node=U1 source=TM2 destination=TM
event=receive timestamp_ns=1791281835360029528 workflow=CT_SHARE run_id=20 node=U1 source=TM2 destination=TM
event=receive timestamp_ns=1791281836894497918 workflow=CT_SHARE run_id=21 node=U1 source=TM2 destination=TM
event=receive timestamp_ns=1791281838397228812 workflow=CT_SHARE run_id=22 node=U1 source=TM2 destination=TM
event=receive timestamp_ns=1791281839966974896 workflow=CT_SHARE run_id=23 node=U1 source=TM2 destination=TM
event=receive timestamp_ns=1791281841468481650 workflow=CT_SHARE run_id=24 node=U1 source=TM2 destination=TM
event=receive timestamp_ns=1791281843034230679 workflow=CT_SHARE run_id=25 node=U1 source=TM2 destination=TM
event=receive timestamp_ns=1791281844634568703 workflow=CT_SHARE run_id=26 node=U1 source=TM2 destination=TM
event=receive timestamp_ns=1791281846204312761 workflow=CT_SHARE run_id=27 node=U1 source=TM2 destination=TM
event=receive timestamp_ns=1791281847720635257 workflow=CT_SHARE run_id=28 node=U1 source=TM2 destination=TM
event=receive timestamp_ns=1791281849239130913 workflow=CT_SHARE run_id=29 node=U1 source=TM2 destination=TM
event=receive timestamp_ns=1791281850775248581 workflow=CT_SHARE run_id=30 node=U1 source=TM2 destination=TM
event=receive timestamp_ns=1791281852310566461 workflow=CT_SHARE run_id=31 node=U1 source=TM2 destination=TM
event=receive timestamp_ns=1791281853844128282 workflow=CT_SHARE run_id=32 node=U1 source=TM2 destination=TM
event=receive timestamp_ns=1791281855380809787 workflow=CT_SHARE run_id=33 node=U1 source=TM2 destination=TM
event=receive timestamp_ns=1791281856914148382 workflow=CT_SHARE run_id=34 node=U1 source=TM2 destination=TM
event=receive timestamp_ns=1791281858513492430 workflow=CT_SHARE run_id=35 node=U1 source=TM2 destination=TM
event=receive timestamp_ns=1791281860883744529 workflow=ARL_UPDATE run_id=1 node=U1 source=Authority destination=TM
event=receive timestamp_ns=1791281862418230964 workflow=ARL_UPDATE run_id=2 node=U1 source=Authority destination=TM
event=receive timestamp_ns=1791281863955056020 workflow=ARL_UPDATE run_id=3 node=U1 source=Authority destination=TM
event=receive timestamp_ns=1791281865490047230 workflow=ARL_UPDATE run_id=4 node=U1 source=Authority destination=TM
event=receive timestamp_ns=1791281867025046413 workflow=ARL_UPDATE run_id=5 node=U1 source=Authority destination=TM
event=receive timestamp_ns=1791281868556803459 workflow=ARL_UPDATE run_id=6 node=U1 source=Authority destination=TM
event=receive timestamp_ns=1791281870097110089 workflow=ARL_UPDATE run_id=7 node=U1 source=Authority destination=TM
event=receive timestamp_ns=1791281871631052915 workflow=ARL_UPDATE run_id=8 node=U1 source=Authority destination=TM
event=receive timestamp_ns=1791281873167767753 workflow=ARL_UPDATE run_id=9 node=U1 source=Authority destination=TM
event=receive timestamp_ns=1791281874702221767 workflow=ARL_UPDATE run_id=10 node=U1 source=Authority destination=TM
event=receive timestamp_ns=1791281876241485874 workflow=ARL_UPDATE run_id=11 node=U1 source=Authority destination=TM
event=receive timestamp_ns=1791281877777673168 workflow=ARL_UPDATE run_id=12 node=U1 source=Authority destination=TM
event=receive timestamp_ns=1791281879314410318 workflow=ARL_UPDATE run_id=13 node=U1 source=Authority destination=TM
event=receive timestamp_ns=1791281880849436707 workflow=ARL_UPDATE run_id=14 node=U1 source=Authority destination=TM
event=receive timestamp_ns=1791281882384681640 workflow=ARL_UPDATE run_id=15 node=U1 source=Authority destination=TM
event=receive timestamp_ns=1791281883921118384 workflow=ARL_UPDATE run_id=16 node=U1 source=Authority destination=TM
event=receive timestamp_ns=1791281885458465534 workflow=ARL_UPDATE run_id=17 node=U1 source=Authority destination=TM
event=receive timestamp_ns=1791281887026526377 workflow=ARL_UPDATE run_id=18 node=U1 source=Authority destination=TM
event=receive timestamp_ns=1791281888530673972 workflow=ARL_UPDATE run_id=19 node=U1 source=Authority destination=TM
event=receive timestamp_ns=1791281890065884266 workflow=ARL_UPDATE run_id=20 node=U1 source=Authority destination=TM
event=receive timestamp_ns=1791281891599949025 workflow=ARL_UPDATE run_id=21 node=U1 source=Authority destination=TM
event=receive timestamp_ns=1791281893138084020 workflow=ARL_UPDATE run_id=22 node=U1 source=Authority destination=TM
event=receive timestamp_ns=1791281894675719733 workflow=ARL_UPDATE run_id=23 node=U1 source=Authority destination=TM
event=receive timestamp_ns=1791281896213742917 workflow=ARL_UPDATE run_id=24 node=U1 source=Authority destination=TM
event=receive timestamp_ns=1791281897748729762 workflow=ARL_UPDATE run_id=25 node=U1 source=Authority destination=TM
event=receive timestamp_ns=1791281899280613170 workflow=ARL_UPDATE run_id=26 node=U1 source=Authority destination=TM
event=receive timestamp_ns=1791281900820623066 workflow=ARL_UPDATE run_id=27 node=U1 source=Authority destination=TM
event=receive timestamp_ns=1791281902353085448 workflow=ARL_UPDATE run_id=28 node=U1 source=Authority destination=TM
event=receive timestamp_ns=1791281903925218193 workflow=ARL_UPDATE run_id=29 node=U1 source=Authority destination=TM
event=receive timestamp_ns=1791281905420679808 workflow=ARL_UPDATE run_id=30 node=U1 source=Authority destination=TM
event=receive timestamp_ns=1791281906961657945 workflow=ARL_UPDATE run_id=31 node=U1 source=Authority destination=TM
event=receive timestamp_ns=1791281908497511671 workflow=ARL_UPDATE run_id=32 node=U1 source=Authority destination=TM
event=receive timestamp_ns=1791281910038295774 workflow=ARL_UPDATE run_id=33 node=U1 source=Authority destination=TM
event=receive timestamp_ns=1791281911564337537 workflow=ARL_UPDATE run_id=34 node=U1 source=Authority destination=TM
event=receive timestamp_ns=1791281913106830197 workflow=ARL_UPDATE run_id=35 node=U1 source=Authority destination=TM
event=receive timestamp_ns=1791281914641414425 workflow=ARL_UPDATE run_id=36 node=U1 source=Authority destination=TM
event=receive timestamp_ns=1791281916179625946 workflow=ARL_UPDATE run_id=37 node=U1 source=Authority destination=TM
event=receive timestamp_ns=1791281917782106247 workflow=ARL_UPDATE run_id=38 node=U1 source=Authority destination=TM
event=receive timestamp_ns=1791281919311908993 workflow=ARL_UPDATE run_id=39 node=U1 source=Authority destination=TM
event=receive timestamp_ns=1791281920848265547 workflow=ARL_UPDATE run_id=40 node=U1 source=Authority destination=TM
event=receive timestamp_ns=1791281922385490906 workflow=ARL_UPDATE run_id=41 node=U1 source=Authority destination=TM
event=receive timestamp_ns=1791281923921271105 workflow=ARL_UPDATE run_id=42 node=U1 source=Authority destination=TM
event=receive timestamp_ns=1791281925454188872 workflow=ARL_UPDATE run_id=43 node=U1 source=Authority destination=TM
event=receive timestamp_ns=1791281926994141272 workflow=ARL_UPDATE run_id=44 node=U1 source=Authority destination=TM
event=receive timestamp_ns=1791281928529966536 workflow=ARL_UPDATE run_id=45 node=U1 source=Authority destination=TM
event=receive timestamp_ns=1791281930064068579 workflow=ARL_UPDATE run_id=46 node=U1 source=Authority destination=TM
event=receive timestamp_ns=1791281931602457802 workflow=ARL_UPDATE run_id=47 node=U1 source=Authority destination=TM
event=receive timestamp_ns=1791281933133571054 workflow=ARL_UPDATE run_id=48 node=U1 source=Authority destination=TM
event=receive timestamp_ns=1791281934670033507 workflow=ARL_UPDATE run_id=49 node=U1 source=Authority destination=TM
event=receive timestamp_ns=1791281936275577683 workflow=ARL_UPDATE run_id=50 node=U1 source=Authority destination=TM
event=receive timestamp_ns=1791281937810249294 workflow=ARL_UPDATE run_id=51 node=U1 source=Authority destination=TM
event=receive timestamp_ns=1791281939345590339 workflow=ARL_UPDATE run_id=52 node=U1 source=Authority destination=TM
event=receive timestamp_ns=1791281940881464061 workflow=ARL_UPDATE run_id=53 node=U1 source=Authority destination=TM
event=receive timestamp_ns=1791281942415271989 workflow=ARL_UPDATE run_id=54 node=U1 source=Authority destination=TM
event=receive timestamp_ns=1791281943952950470 workflow=ARL_UPDATE run_id=55 node=U1 source=Authority destination=TM
event=receive timestamp_ns=1791281945488880625 workflow=ARL_UPDATE run_id=56 node=U1 source=Authority destination=TM
event=receive timestamp_ns=1791281947020653290 workflow=ARL_UPDATE run_id=57 node=U1 source=Authority destination=TM
event=receive timestamp_ns=1791281948560909007 workflow=ARL_UPDATE run_id=58 node=U1 source=Authority destination=TM
event=receive timestamp_ns=1791281950096468965 workflow=ARL_UPDATE run_id=59 node=U1 source=Authority destination=TM
event=receive timestamp_ns=1791281951631857463 workflow=ARL_UPDATE run_id=60 node=U1 source=Authority destination=TM
event=receive timestamp_ns=1791281953233093200 workflow=ARL_UPDATE run_id=61 node=U1 source=Authority destination=TM
event=receive timestamp_ns=1791281954767576372 workflow=ARL_UPDATE run_id=62 node=U1 source=Authority destination=TM
event=receive timestamp_ns=1791281956370630359 workflow=ARL_UPDATE run_id=63 node=U1 source=Authority destination=TM
event=receive timestamp_ns=1791281957902649478 workflow=ARL_UPDATE run_id=64 node=U1 source=Authority destination=TM
event=receive timestamp_ns=1791281959447787483 workflow=ARL_UPDATE run_id=65 node=U1 source=Authority destination=TM
event=receive timestamp_ns=1791281961043193815 workflow=ARL_UPDATE run_id=66 node=U1 source=Authority destination=TM
event=receive timestamp_ns=1791281962579018475 workflow=ARL_UPDATE run_id=67 node=U1 source=Authority destination=TM
event=receive timestamp_ns=1791281964148321333 workflow=ARL_UPDATE run_id=68 node=U1 source=Authority destination=TM
event=receive timestamp_ns=1791281965645720722 workflow=ARL_UPDATE run_id=69 node=U1 source=Authority destination=TM
event=receive timestamp_ns=1791281967185349071 workflow=ARL_UPDATE run_id=70 node=U1 source=Authority destination=TM
event=receive timestamp_ns=1791281969546987663 workflow=KEY_REQUEST run_id=bench_h2_key_w1 node=U1 source=TM2 destination=TM
event=receive timestamp_ns=1791281974186718364 workflow=KEY_REQUEST run_id=bench_h2_key_w2 node=U1 source=TM2 destination=TM
event=receive timestamp_ns=1791281977834513351 workflow=KEY_REQUEST run_id=bench_h2_key_w3 node=U1 source=TM2 destination=TM
event=receive timestamp_ns=1791281980910651221 workflow=KEY_REQUEST run_id=bench_h2_key_w4 node=U1 source=TM2 destination=TM
event=receive timestamp_ns=1791281984494690506 workflow=KEY_REQUEST run_id=bench_h2_key_w5 node=U1 source=TM2 destination=TM
event=receive timestamp_ns=1791281988074753161 workflow=KEY_REQUEST run_id=bench_h2_key_001 node=U1 source=TM2 destination=TM
event=receive timestamp_ns=1791281991306698378 workflow=KEY_REQUEST run_id=bench_h2_key_002 node=U1 source=TM2 destination=TM
event=receive timestamp_ns=1791281993642743424 workflow=KEY_REQUEST run_id=bench_h2_key_003 node=U1 source=TM2 destination=TM
event=receive timestamp_ns=1791281997898512222 workflow=KEY_REQUEST run_id=bench_h2_key_004 node=U1 source=TM2 destination=TM
event=receive timestamp_ns=1791282000266779690 workflow=KEY_REQUEST run_id=bench_h2_key_005 node=U1 source=TM2 destination=TM
event=receive timestamp_ns=1791282003534850141 workflow=KEY_REQUEST run_id=bench_h2_key_006 node=U1 source=TM2 destination=TM
event=receive timestamp_ns=1791282006570914604 workflow=KEY_REQUEST run_id=bench_h2_key_007 node=U1 source=TM2 destination=TM
event=receive timestamp_ns=1791282008938590965 workflow=KEY_REQUEST run_id=bench_h2_key_008 node=U1 source=TM2 destination=TM
event=receive timestamp_ns=1791282013226548878 workflow=KEY_REQUEST run_id=bench_h2_key_009 node=U1 source=TM2 destination=TM
event=receive timestamp_ns=1791282015594727829 workflow=KEY_REQUEST run_id=bench_h2_key_010 node=U1 source=TM2 destination=TM
event=receive timestamp_ns=1791282019178820489 workflow=KEY_REQUEST run_id=bench_h2_key_011 node=U1 source=TM2 destination=TM
event=receive timestamp_ns=1791282021707012726 workflow=KEY_REQUEST run_id=bench_h2_key_012 node=U1 source=TM2 destination=TM
event=receive timestamp_ns=1791282025291258247 workflow=KEY_REQUEST run_id=bench_h2_key_013 node=U1 source=TM2 destination=TM
event=receive timestamp_ns=1791282028940369177 workflow=KEY_REQUEST run_id=bench_h2_key_014 node=U1 source=TM2 destination=TM
event=receive timestamp_ns=1791282031434757731 workflow=KEY_REQUEST run_id=bench_h2_key_015 node=U1 source=TM2 destination=TM
event=receive timestamp_ns=1791282033930638720 workflow=KEY_REQUEST run_id=bench_h2_key_016 node=U1 source=TM2 destination=TM
event=receive timestamp_ns=1791282036458719908 workflow=KEY_REQUEST run_id=bench_h2_key_017 node=U1 source=TM2 destination=TM
event=receive timestamp_ns=1791282038923218704 workflow=KEY_REQUEST run_id=bench_h2_key_018 node=U1 source=TM2 destination=TM
event=receive timestamp_ns=1791282043050617303 workflow=KEY_REQUEST run_id=bench_h2_key_019 node=U1 source=TM2 destination=TM
event=receive timestamp_ns=1791282045546591721 workflow=KEY_REQUEST run_id=bench_h2_key_020 node=U1 source=TM2 destination=TM
event=receive timestamp_ns=1791282047530845509 workflow=KEY_REQUEST run_id=bench_h2_key_021 node=U1 source=TM2 destination=TM
event=receive timestamp_ns=1791282051114638675 workflow=KEY_REQUEST run_id=bench_h2_key_022 node=U1 source=TM2 destination=TM
event=receive timestamp_ns=1791282053579058704 workflow=KEY_REQUEST run_id=bench_h2_key_023 node=U1 source=TM2 destination=TM
event=receive timestamp_ns=1791282056074918058 workflow=KEY_REQUEST run_id=bench_h2_key_024 node=U1 source=TM2 destination=TM
event=receive timestamp_ns=1791282059658779485 workflow=KEY_REQUEST run_id=bench_h2_key_025 node=U1 source=TM2 destination=TM
event=receive timestamp_ns=1791282062222641488 workflow=KEY_REQUEST run_id=bench_h2_key_026 node=U1 source=TM2 destination=TM
event=receive timestamp_ns=1791282065771016787 workflow=KEY_REQUEST run_id=bench_h2_key_027 node=U1 source=TM2 destination=TM
event=receive timestamp_ns=1791282069578846335 workflow=KEY_REQUEST run_id=bench_h2_key_028 node=U1 source=TM2 destination=TM
event=receive timestamp_ns=1791282073162451828 workflow=KEY_REQUEST run_id=bench_h2_key_029 node=U1 source=TM2 destination=TM
event=receive timestamp_ns=1791282077291813331 workflow=KEY_REQUEST run_id=bench_h2_key_030 node=U1 source=TM2 destination=TM
