event=receive timestamp_ns=1791281802410663474 workflow=KEY_REQUEST run_id=bench_h2_setup node=U3 source=TM2 destination=TM
event=receive timestamp_ns=1791281806551038585 workflow=CT_SHARE run_id=1 node=U3 source=TM2 destination=TM
event=receive timestamp_ns=1791281808025907841 workflow=CT_SHARE run_id=2 node=U3 source=TM2 destination=TM
event=receive timestamp_ns=1791281809564060139 workflow=CT_SHARE run_id=3 node=U3 source=TM2 destination=TM
event=receive timestamp_ns=1791281811094727417 workflow=CT_SHARE run_id=4 node=U3 source=TM2 destination=TM
event=receive timestamp_ns=1791281812632583654 workflow=CT_SHARE run_id=5 node=U3 source=TM2 destination=TM
event=receive timestamp_ns=1791281814204000839 workflow=CT_SHARE run_id=6 node=U3 source=TM2 destination=TM
event=receive timestamp_ns=1791281815736565098 workflow=CT_SHARE run_id=7 node=U3 source=TM2 destination=TM
event=receive timestamp_ns=1791281817278511433 workflow=CT_SHARE run_id=8 node=U3 source=TM2 destination=TM
event=receive timestamp_ns=1791281818779232318 workflow=CT_SHARE run_id=9 node=U3 source=TM2 destination=TM
event=receive timestamp_ns=1791281820305614429 workflow=CT_SHARE run_id=10 node=U3 source=TM2 destination=TM
event=receive timestamp_ns=1791281821882631758 workflow=CT_SHARE run_id=11 node=U3 source=TM2 destination=TM
event=receive timestamp_ns=1791281823415201966 workflow=CT_SHARE run_id=12 node=U3 source=TM2 destination=TM
event=receive timestamp_ns=1791281824920444117 workflow=CT_SHARE run_id=13 node=U3 source=TM2 destination=TM
event=receive timestamp_ns=1791281826455556918 workflow=CT_SHARE run_id=14 node=U3 source=TM2 destination=TM
event=receive timestamp_ns=1791281827994309085 workflow=CT_SHARE run_id=15 node=U3 source=TM2 destination=TM
event=receive timestamp_ns=1791281829598095479 workflow=CT_SHARE run_id=16 node=U3 source=TM2 destination=TM
event=receive timestamp_ns=1791281831095758453 workflow=CT_SHARE run_id=17 node=U3 source=TM2 destination=TM
event=receive timestamp_ns=1791281832703076248 workflow=CT_SHARE run_id=18 node=U3 source=TM2 destination=TM
event=receive timestamp_ns=1791281834301444659 workflow=CT_SHARE run_id=19 node=U3 source=TM2 destination=TM
event=receive timestamp_ns=1791281835837384343 workflow=CT_SHARE run_id=20 node=U3 source=TM2 destination=TM
event=receive timestamp_ns=1791281837373221575 workflow=CT_SHARE run_id=21 node=U3 source=TM2 destination=TM
event=receive timestamp_ns=1791281838908312730 workflow=CT_SHARE run_id=22 node=U3 source=TM2 destination=TM
event=receive timestamp_ns=1791281840478764301 workflow=CT_SHARE run_id=23 node=U3 source=TM2 destination=TM
event=receive timestamp_ns=1791281841980514202 workflow=CT_SHARE run_id=24 node=U3 source=TM2 destination=TM
event=receive timestamp_ns=1791281843552196539 workflow=CT_SHARE run_id=25 node=U3 source=TM2 destination=TM
event=receive timestamp_ns=1791281845148581592 workflow=CT_SHARE run_id=26 node=U3 source=TM2 destination=TM
event=receive timestamp_ns=1791281846681107088 workflow=CT_SHARE run_id=27 node=U3 source=TM2 destination=TM
event=receive timestamp_ns=1791281848217827030 workflow=CT_SHARE run_id=28 node=U3 source=TM2 destination=TM
event=receive timestamp_ns=1791281849750026844 workflow=CT_SHARE run_id=29 node=U3 source=TM2 destination=TM
event=receive timestamp_ns=1791281851286974088 workflow=CT_SHARE run_id=30 node=U3 source=TM2 destination=TM
event=receive timestamp_ns=1791281852817172817 workflow=CT_SHARE run_id=31 node=U3 source=TM2 destination=TM
event=receive timestamp_ns=1791281854354199493 workflow=CT_SHARE run_id=32 node=U3 source=TM2 destination=TM
event=receive timestamp_ns=1791281855889256922 workflow=CT_SHARE run_id=33 node=U3 source=TM2 destination=TM
event=receive timestamp_ns=1791281857428448216 workflow=CT_SHARE run_id=34 node=U3 source=TM2 destination=TM
event=receive timestamp_ns=1791281859029731197 workflow=CT_SHARE run_id=35 node=U3 source=TM2 destination=TM
event=receive timestamp_ns=1791281860559005962 workflow=ARL_UPDATE run_id=1 node=U3 source=Authority destination=TM
event=receive timestamp_ns=1791281862098725851 workflow=ARL_UPDATE run_id=2 node=U3 source=Authority destination=TM
event=receive timestamp_ns=1791281863635112736 workflow=ARL_UPDATE run_id=3 node=U3 source=Authority destination=TM
event=receive timestamp_ns=1791281865165381739 workflow=ARL_UPDATE run_id=4 node=U3 source=Authority destination=TM
event=receive timestamp_ns=1791281866704936556 workflow=ARL_UPDATE run_id=5 node=U3 source=Authority destination=TM
event=receive timestamp_ns=1791281868244110543 workflow=ARL_UPDATE run_id=6 node=U3 source=Authority destination=TM
event=receive timestamp_ns=1791281869778651773 workflow=ARL_UPDATE run_id=7 node=U3 source=Authority destination=TM
event=receive timestamp_ns=1791281871311826951 workflow=ARL_UPDATE run_id=8 node=U3 source=Authority destination=TM
event=receive timestamp_ns=1791281872851778021 workflow=ARL_UPDATE run_id=9 node=U3 source=Authority destination=TM
event=receive timestamp_ns=1791281874387627175 workflow=ARL_UPDATE run_id=10 node=U3 source=Authority destination=TM
event=receive timestamp_ns=1791281875920747515 workflow=ARL_UPDATE run_id=11 node=U3 source=Authority destination=TM
event=receive timestamp_ns=1791281877454814620 workflow=ARL_UPDATE run_id=12 node=U3 source=Authority destination=TM
event=receive timestamp_ns=1791281878993524434 workflow=ARL_UPDATE run_id=13 node=U3 source=Authority destination=TM
event=receive timestamp_ns=1791281880535924922 workflow=ARL_UPDATE run_id=14 node=U3 source=Authority destination=TM
event=receive timestamp_ns=1791281882070375333 workflow=ARL_UPDATE run_id=15 node=U3 source=Authority destination=TM
event=receive timestamp_ns=1791281883603702776 workflow=ARL_UPDATE run_id=16 node=U3 source=Authority destination=TM
event=receive timestamp_ns=1791281885108866090 workflow=ARL_UPDATE run_id=17 node=U3 source=Authority destination=TM
event=receive timestamp_ns=1791281886703132191 workflow=ARL_UPDATE run_id=18 node=U3 source=Authority destination=TM
event=receive timestamp_ns=1791281888210903924 workflow=ARL_UPDATE run_id=19 node=U3 source=Authority destination=TM
event=receive timestamp_ns=1791281889752886167 workflow=ARL_UPDATE run_id=20 node=U3 source=Authority destination=TM
event=receive timestamp_ns=1791281891279506366 workflow=ARL_UPDATE run_id=21 node=U3 source=Authority destination=TM
event=receive timestamp_ns=1791281892821242928 workflow=ARL_UPDATE run_id=22 node=U3 source=Authority destination=TM
event=receive timestamp_ns=1791281894356939161 workflow=ARL_UPDATE run_id=23 node=U3 source=Authority destination=TM
event=receive timestamp_ns=1791281895894611958 workflow=ARL_UPDATE run_id=24 node=U3 source=Authority destination=TM
event=receive timestamp_ns=1791281897428256970 workflow=ARL_UPDATE run_id=25 node=U3 source=Authority destination=TM
event=receive timestamp_ns=1791281898999670785 workflow=ARL_UPDATE run_id=26 node=U3 source=Authority destination=TM
event=receive timestamp_ns=1791281900500738366 workflow=ARL_UPDATE run_id=27 node=U3 source=Authority destination=TM
event=receive timestamp_ns=1791281902032750712 workflow=ARL_UPDATE run_id=28 node=U3 source=Authority destination=TM
event=receive timestamp_ns=1791281903574277649 workflow=ARL_UPDATE run_id=29 node=U3 source=Authority destination=TM
event=receive timestamp_ns=1791281905101499497 workflow=ARL_UPDATE run_id=30 node=U3 source=Authority destination=TM
event=receive timestamp_ns=1791281906645378082 workflow=ARL_UPDATE run_id=31 node=U3 source=Authority destination=TM
event=receive timestamp_ns=1791281908179367377 workflow=ARL_UPDATE run_id=32 node=U3 source=Authority destination=TM
event=receive timestamp_ns=1791281909713608282 workflow=ARL_UPDATE run_id=33 node=U3 source=Authority destination=TM
event=receive timestamp_ns=1791281911250404899 workflow=ARL_UPDATE run_id=34 node=U3 source=Authority destination=TM
event=receive timestamp_ns=1791281912785563760 workflow=ARL_UPDATE run_id=35 node=U3 source=Authority destination=TM
event=receive timestamp_ns=1791281914321615310 workflow=ARL_UPDATE run_id=36 node=U3 source=Authority destination=TM
event=receive timestamp_ns=1791281915861526690 workflow=ARL_UPDATE run_id=37 node=U3 source=Authority destination=TM
event=receive timestamp_ns=1791281917459009193 workflow=ARL_UPDATE run_id=38 node=U3 source=Authority destination=TM
event=receive timestamp_ns=1791281918994619311 workflow=ARL_UPDATE run_id=39 node=U3 source=Authority destination=TM
event=receive timestamp_ns=1791281920535308947 workflow=ARL_UPDATE run_id=40 node=U3 source=Authority destination=TM
event=receive timestamp_ns=1791281922066733672 workflow=ARL_UPDATE run_id=41 node=U3 source=Authority destination=TM
event=receive timestamp_ns=1791281923600979492 workflow=ARL_UPDATE run_id=42 node=U3 source=Authority destination=TM
event=receive timestamp_ns=1791281925136117984 workflow=ARL_UPDATE run_id=43 node=U3 source=Authority destination=TM
event=receive timestamp_ns=1791281926674510727 workflow=ARL_UPDATE run_id=44 node=U3 source=Authority destination=TM
event=receive timestamp_ns=1791281928211713498 workflow=ARL_UPDATE run_id=45 node=U3 source=Authority destination=TM
event=receive timestamp_ns=1791281929748279588 workflow=ARL_UPDATE run_id=46 node=U3 source=Authority destination=TM
event=receive timestamp_ns=1791281931281675173 workflow=ARL_UPDATE run_id=47 node=U3 source=Authority destination=TM
event=receive timestamp_ns=1791281932814530287 workflow=ARL_UPDATE run_id=48 node=U3 source=Authority destination=TM
event=receive timestamp_ns=1791281934350233340 workflow=ARL_UPDATE run_id=49 node=U3 source=Authority destination=TM
event=receive timestamp_ns=1791281935954772964 workflow=ARL_UPDATE run_id=50 node=U3 source=Authority destination=TM
event=receive timestamp_ns=1791281937493978509 workflow=ARL_UPDATE run_id=51 node=U3 source=Authority destination=TM
event=receive timestamp_ns=1791281939022050120 workflow=ARL_UPDATE run_id=52 node=U3 source=Authority destination=TM
event=receive timestamp_ns=1791281940561866200 workflow=ARL_UPDATE run_id=53 node=U3 source=Authority destination=TM
event=receive timestamp_ns=1791281942102298165 workflow=ARL_UPDATE run_id=54 node=U3 source=Authority destination=TM
event=receive timestamp_ns=1791281943635860585 workflow=ARL_UPDATE run_id=55 node=U3 source=Authority destination=TM
event=receive timestamp_ns=1791281945168765665 workflow=ARL_UPDATE run_id=56 node=U3 source=Authority destination=TM
event=receive timestamp_ns=1791281946705195040 workflow=ARL_UPDATE run_id=57 node=U3 source=Authority destination=TM
event=receive timestamp_ns=1791281948242770678 workflow=ARL_UPDATE run_id=58 node=U3 source=Authority destination=TM
event=receive timestamp_ns=1791281949774084172 workflow=ARL_UPDATE run_id=59 node=U3 source=Authority destination=TM
event=receive timestamp_ns=1791281951318007269 workflow=ARL_UPDATE run_id=60 node=U3 source=Authority destination=TM
event=receive timestamp_ns=1791281952914517186 workflow=ARL_UPDATE run_id=61 node=U3 source=Authority destination=TM
event=receive timestamp_ns=1791281954449525156 workflow=ARL_UPDATE run_id=62 node=U3 source=Authority destination=TM
event=receive timestamp_ns=1791281956052043642 workflow=ARL_UPDATE run_id=63 node=U3 source=Authority destination=TM
event=receive timestamp_ns=1791281957589156317 workflow=ARL_UPDATE run_id=64 node=U3 source=Authority destination=TM
event=receive timestamp_ns=1791281959121798908 workflow=ARL_UPDATE run_id=65 node=U3 source=Authority destination=TM
event=receive timestamp_ns=1791281960722059613 workflow=ARL_UPDATE run_id=66 node=U3 source=Authority destination=TM
event=receive timestamp_ns=1791281962264458142 workflow=ARL_UPDATE run_id=67 node=U3 source=Authority destination=TM
event=receive timestamp_ns=1791281963828980289 workflow=ARL_UPDATE run_id=68 node=U3 source=Authority destination=TM
event=receive timestamp_ns=1791281965333939590 workflow=ARL_UPDATE run_id=69 node=U3 source=Authority destination=TM
event=receive timestamp_ns=1791281966875899922 workflow=ARL_UPDATE run_id=70 node=U3 source=Authority destination=TM
event=receive timestamp_ns=1791281969546989387 workflow=KEY_REQUEST run_id=bench_h2_key_w1 node=U3 source=TM2 destination=TM
event=receive timestamp_ns=1791281974731273964 workflow=KEY_REQUEST run_id=bench_h2_key_w2 node=U3 source=TM2 destination=TM
event=receive timestamp_ns=1791281978410952963 workflow=KEY_REQUEST run_id=bench_h2_key_w3 node=U3 source=TM2 destination=TM
event=receive timestamp_ns=1791281981802688134 workflow=KEY_REQUEST run_id=bench_h2_key_w4 node=U3 source=TM2 destination=TM
event=receive timestamp_ns=1791281984490596577 workflow=KEY_REQUEST run_id=bench_h2_key_w5 node=U3 source=TM2 destination=TM
event=receive timestamp_ns=1791281987563312319 workflow=KEY_REQUEST run_id=bench_h2_key_001 node=U3 source=TM2 destination=TM
event=receive timestamp_ns=1791281992010838467 workflow=KEY_REQUEST run_id=bench_h2_key_002 node=U3 source=TM2 destination=TM
event=receive timestamp_ns=1791281993642743366 workflow=KEY_REQUEST run_id=bench_h2_key_003 node=U3 source=TM2 destination=TM
event=receive timestamp_ns=1791281998094738321 workflow=KEY_REQUEST run_id=bench_h2_key_004 node=U3 source=TM2 destination=TM
event=receive timestamp_ns=1791282000331348721 workflow=KEY_REQUEST run_id=bench_h2_key_005 node=U3 source=TM2 destination=TM
event=receive timestamp_ns=1791282003722723647 workflow=KEY_REQUEST run_id=bench_h2_key_006 node=U3 source=TM2 destination=TM
event=receive timestamp_ns=1791282006763134916 workflow=KEY_REQUEST run_id=bench_h2_key_007 node=U3 source=TM2 destination=TM
event=receive timestamp_ns=1791282009002676779 workflow=KEY_REQUEST run_id=bench_h2_key_008 node=U3 source=TM2 destination=TM
event=receive timestamp_ns=1791282013930650919 workflow=KEY_REQUEST run_id=bench_h2_key_009 node=U3 source=TM2 destination=TM
event=receive timestamp_ns=1791282016170837690 workflow=KEY_REQUEST run_id=bench_h2_key_010 node=U3 source=TM2 destination=TM
event=receive timestamp_ns=1791282019754731565 workflow=KEY_REQUEST run_id=bench_h2_key_011 node=U3 source=TM2 destination=TM
event=receive timestamp_ns=1791282022218739147 workflow=KEY_REQUEST run_id=bench_h2_key_012 node=U3 source=TM2 destination=TM
event=receive timestamp_ns=1791282025866999710 workflow=KEY_REQUEST run_id=bench_h2_key_013 node=U3 source=TM2 destination=TM
event=receive timestamp_ns=1791282029482974312 workflow=KEY_REQUEST run_id=bench_h2_key_014 node=U3 source=TM2 destination=TM
event=receive timestamp_ns=1791282031406899760 workflow=KEY_REQUEST run_id=bench_h2_key_015 node=U3 source=TM2 destination=TM
event=receive timestamp_ns=1791282034442711441 workflow=KEY_REQUEST run_id=bench_h2_key_016 node=U3 source=TM2 destination=TM
event=receive timestamp_ns=1791282037003406386 workflow=KEY_REQUEST run_id=bench_h2_key_017 node=U3 source=TM2 destination=TM
event=receive timestamp_ns=1791282038923128145 workflow=KEY_REQUEST run_id=bench_h2_key_018 node=U3 source=TM2 destination=TM
event=receive timestamp_ns=1791282043050617399 workflow=KEY_REQUEST run_id=bench_h2_key_019 node=U3 source=TM2 destination=TM
event=receive timestamp_ns=1791282045578629648 workflow=KEY_REQUEST run_id=bench_h2_key_020 node=U3 source=TM2 destination=TM
event=receive timestamp_ns=1791282047534817675 workflow=KEY_REQUEST run_id=bench_h2_key_021 node=U3 source=TM2 destination=TM
event=receive timestamp_ns=1791282051627349573 workflow=KEY_REQUEST run_id=bench_h2_key_022 node=U3 source=TM2 destination=TM
event=receive timestamp_ns=1791282053579037971 workflow=KEY_REQUEST run_id=bench_h2_key_023 node=U3 source=TM2 destination=TM
event=receive timestamp_ns=1791282056586994419 workflow=KEY_REQUEST run_id=bench_h2_key_024 node=U3 source=TM2 destination=TM
event=receive timestamp_ns=1791282059662885275 workflow=KEY_REQUEST run_id=bench_h2_key_025 node=U3 source=TM2 destination=TM
event=receive timestamp_ns=1791282062731079787 workflow=KEY_REQUEST run_id=bench_h2_key_026 node=U3 source=TM2 destination=TM
event=receive timestamp_ns=1791282066379163848 workflow=KEY_REQUEST run_id=bench_h2_key_027 node=U3 source=TM2 destination=TM
event=receive timestamp_ns=1791282069743079662 workflow=KEY_REQUEST run_id=bench_h2_key_028 node=U3 source=TM2 destination=TM
event=receive timestamp_ns=1791282072458735292 workflow=KEY_REQUEST run_id=bench_h2_key_029 node=U3 source=TM2 destination=TM
event=receive timestamp_ns=1791282077482866729 workflow=KEY_REQUEST run_id=bench_h2_key_030 node=U3 source=TM2 destination=TM
