event=receive timestamp_ns=1791281802506761891 workflow=KEY_REQUEST run_id=bench_h2_setup node=U4 source=TM2 destination=TM
event=receive timestamp_ns=1791281806646537598 workflow=CT_SHARE run_id=1 node=U4 source=TM2 destination=TM
event=receive timestamp_ns=1791281808119417084 workflow=CT_SHARE run_id=2 node=U4 source=TM2 destination=TM
event=receive timestamp_ns=1791281809690555056 workflow=CT_SHARE run_id=3 node=U4 source=TM2 destination=TM
event=receive timestamp_ns=1791281811225100907 workflow=CT_SHARE run_id=4 node=U4 source=TM2 destination=TM
event=receive timestamp_ns=1791281812759711719 workflow=CT_SHARE run_id=5 node=U4 source=TM2 destination=TM
event=receive timestamp_ns=1791281814296709741 workflow=CT_SHARE run_id=6 node=U4 source=TM2 destination=TM
event=receive timestamp_ns=1791281815834071203 workflow=CT_SHARE run_id=7 node=U4 source=TM2 destination=TM
event=receive timestamp_ns=1791281817363875456 workflow=CT_SHARE run_id=8 node=U4 source=TM2 destination=TM
event=receive timestamp_ns=1791281818871290462 workflow=CT_SHARE run_id=9 node=U4 source=TM2 destination=TM
event=receive timestamp_ns=1791281820440255847 workflow=CT_SHARE run_id=10 node=U4 source=TM2 destination=TM
event=receive timestamp_ns=1791281821975701151 workflow=CT_SHARE run_id=11 node=U4 source=TM2 destination=TM
event=receive timestamp_ns=1791281823518609531 workflow=CT_SHARE run_id=12 node=U4 source=TM2 destination=TM
event=receive timestamp_ns=1791281825014650359 workflow=CT_SHARE run_id=13 node=U4 source=TM2 destination=TM
event=receive timestamp_ns=1791281826585919363 workflow=CT_SHARE run_id=14 node=U4 source=TM2 destination=TM
event=receive timestamp_ns=1791281828092294045 workflow=CT_SHARE run_id=15 node=U4 source=TM2 destination=TM
event=receive timestamp_ns=1791281829690684525 workflow=CT_SHARE run_id=16 node=U4 source=TM2 destination=TM
event=receive timestamp_ns=1791281831198966211 workflow=CT_SHARE run_id=17 node=U4 source=TM2 destination=TM
event=receive timestamp_ns=1791281832828359547 workflow=CT_SHARE run_id=18 node=U4 source=TM2 destination=TM
event=receive timestamp_ns=1791281834399455328 workflow=CT_SHARE run_id=19 node=U4 source=TM2 destination=TM
event=receive timestamp_ns=1791281835935983488 workflow=CT_SHARE run_id=20 node=U4 source=TM2 destination=TM
event=receive timestamp_ns=1791281837504614075 workflow=CT_SHARE run_id=21 node=U4 source=TM2 destination=TM
event=receive timestamp_ns=1791281839005777189 workflow=CT_SHARE run_id=22 node=U4 source=TM2 destination=TM
event=receive timestamp_ns=1791281840540520566 workflow=CT_SHARE run_id=23 node=U4 source=TM2 destination=TM
event=receive timestamp_ns=1791281842107027590 workflow=CT_SHARE run_id=24 node=U4 source=TM2 destination=TM
event=receive timestamp_ns=1791281843642417334 workflow=CT_SHARE run_id=25 node=U4 source=TM2 destination=TM
event=receive timestamp_ns=1791281845243262175 workflow=CT_SHARE run_id=26 node=U4 source=TM2 destination=TM
event=receive timestamp_ns=1791281846777294110 workflow=CT_SHARE run_id=27 node=U4 source=TM2 destination=TM
event=receive timestamp_ns=1791281848340503995 workflow=CT_SHARE run_id=28 node=U4 source=TM2 destination=TM
event=receive timestamp_ns=1791281849846580399 workflow=CT_SHARE run_id=29 node=U4 source=TM2 destination=TM
event=receive timestamp_ns=1791281851383738872 workflow=CT_SHARE run_id=30 node=U4 source=TM2 destination=TM
event=receive timestamp_ns=1791281852914637542 workflow=CT_SHARE run_id=31 node=U4 source=TM2 destination=TM
event=receive timestamp_ns=1791281854449537214 workflow=CT_SHARE run_id=32 node=U4 source=TM2 destination=TM
event=receive timestamp_ns=1791281855988902858 workflow=CT_SHARE run_id=33 node=U4 source=TM2 destination=TM
event=receive timestamp_ns=1791281857523728755 workflow=CT_SHARE run_id=34 node=U4 source=TM2 destination=TM
event=receive timestamp_ns=1791281859124134844 workflow=CT_SHARE run_id=35 node=U4 source=TM2 destination=TM
event=receive timestamp_ns=1791281860657008476 workflow=ARL_UPDATE run_id=1 node=U4 source=Authority destination=TM
event=receive timestamp_ns=1791281862191271708 workflow=ARL_UPDATE run_id=2 node=U4 source=Authority destination=TM
event=receive timestamp_ns=1791281863728383254 workflow=ARL_UPDATE run_id=3 node=U4 source=Authority destination=TM
event=receive timestamp_ns=1791281865264986983 workflow=ARL_UPDATE run_id=4 node=U4 source=Authority destination=TM
event=receive timestamp_ns=1791281866800102700 workflow=ARL_UPDATE run_id=5 node=U4 source=Authority destination=TM
event=receive timestamp_ns=1791281868338976003 workflow=ARL_UPDATE run_id=6 node=U4 source=Authority destination=TM
event=receive timestamp_ns=1791281869838147723 workflow=ARL_UPDATE run_id=7 node=U4 source=Authority destination=TM
event=receive timestamp_ns=1791281871413345857 workflow=ARL_UPDATE run_id=8 node=U4 source=Authority destination=TM
event=receive timestamp_ns=1791281872949865664 workflow=ARL_UPDATE run_id=9 node=U4 source=Authority destination=TM
event=receive timestamp_ns=1791281874478057880 workflow=ARL_UPDATE run_id=10 node=U4 source=Authority destination=TM
event=receive timestamp_ns=1791281876017691891 workflow=ARL_UPDATE run_id=11 node=U4 source=Authority destination=TM
event=receive timestamp_ns=1791281877551107290 workflow=ARL_UPDATE run_id=12 node=U4 source=Authority destination=TM
event=receive timestamp_ns=1791281879090958179 workflow=ARL_UPDATE run_id=13 node=U4 source=Authority destination=TM
event=receive timestamp_ns=1791281880627178883 workflow=ARL_UPDATE run_id=14 node=U4 source=Authority destination=TM
event=receive timestamp_ns=1791281882160474636 workflow=ARL_UPDATE run_id=15 node=U4 source=Authority destination=TM
event=receive timestamp_ns=1791281883661467388 workflow=ARL_UPDATE run_id=16 node=U4 source=Authority destination=TM
event=receive timestamp_ns=1791281885207557875 workflow=ARL_UPDATE run_id=17 node=U4 source=Authority destination=TM
event=receive timestamp_ns=1791281886803169669 workflow=ARL_UPDATE run_id=18 node=U4 source=Authority destination=TM
event=receive timestamp_ns=1791281888306909841 workflow=ARL_UPDATE run_id=19 node=U4 source=Authority destination=TM
event=receive timestamp_ns=1791281889842728519 workflow=ARL_UPDATE run_id=20 node=U4 source=Authority destination=TM
event=receive timestamp_ns=1791281891376123214 workflow=ARL_UPDATE run_id=21 node=U4 source=Authority destination=TM
event=receive timestamp_ns=1791281892915889786 workflow=ARL_UPDATE run_id=22 node=U4 source=Authority destination=TM
event=receive timestamp_ns=1791281894452326308 workflow=ARL_UPDATE run_id=23 node=U4 source=Authority destination=TM
event=receive timestamp_ns=1791281895986989495 workflow=ARL_UPDATE run_id=24 node=U4 source=Authority destination=TM
event=receive timestamp_ns=1791281897522179056 workflow=ARL_UPDATE run_id=25 node=U4 source=Authority destination=TM
event=receive timestamp_ns=1791281899056193143 workflow=ARL_UPDATE run_id=26 node=U4 source=Authority destination=TM
event=receive timestamp_ns=1791281900591331071 workflow=ARL_UPDATE run_id=27 node=U4 source=Authority destination=TM
event=receive timestamp_ns=1791281902134488532 workflow=ARL_UPDATE run_id=28 node=U4 source=Authority destination=TM
event=receive timestamp_ns=1791281903667784959 workflow=ARL_UPDATE run_id=29 node=U4 source=Authority destination=TM
event=receive timestamp_ns=1791281905200961636 workflow=ARL_UPDATE run_id=30 node=U4 source=Authority destination=TM
event=receive timestamp_ns=1791281906735585208 workflow=ARL_UPDATE run_id=31 node=U4 source=Authority destination=TM
event=receive timestamp_ns=1791281908270484994 workflow=ARL_UPDATE run_id=32 node=U4 source=Authority destination=TM
event=receive timestamp_ns=1791281909811718903 workflow=ARL_UPDATE run_id=33 node=U4 source=Authority destination=TM
event=receive timestamp_ns=1791281911345867906 workflow=ARL_UPDATE run_id=34 node=U4 source=Authority destination=TM
event=receive timestamp_ns=1791281912878674386 workflow=ARL_UPDATE run_id=35 node=U4 source=Authority destination=TM
event=receive timestamp_ns=1791281914382469793 workflow=ARL_UPDATE run_id=36 node=U4 source=Authority destination=TM
event=receive timestamp_ns=1791281915950036384 workflow=ARL_UPDATE run_id=37 node=U4 source=Authority destination=TM
event=receive timestamp_ns=1791281917555070798 workflow=ARL_UPDATE run_id=38 node=U4 source=Authority destination=TM
event=receive timestamp_ns=1791281919053214269 workflow=ARL_UPDATE run_id=39 node=U4 source=Authority destination=TM
event=receive timestamp_ns=1791281920626596830 workflow=ARL_UPDATE run_id=40 node=U4 source=Authority destination=TM
event=receive timestamp_ns=1791281922164133454 workflow=ARL_UPDATE run_id=41 node=U4 source=Authority destination=TM
event=receive timestamp_ns=1791281923696711469 workflow=ARL_UPDATE run_id=42 node=U4 source=Authority destination=TM
event=receive timestamp_ns=1791281925234255049 workflow=ARL_UPDATE run_id=43 node=U4 source=Authority destination=TM
event=receive timestamp_ns=1791281926736969420 workflow=ARL_UPDATE run_id=44 node=U4 source=Authority destination=TM
event=receive timestamp_ns=1791281928305135303 workflow=ARL_UPDATE run_id=45 node=U4 source=Authority destination=TM
event=receive timestamp_ns=1791281929837029160 workflow=ARL_UPDATE run_id=46 node=U4 source=Authority destination=TM
event=receive timestamp_ns=1791281931375631380 workflow=ARL_UPDATE run_id=47 node=U4 source=Authority destination=TM
event=receive timestamp_ns=1791281932914239913 workflow=ARL_UPDATE run_id=48 node=U4 source=Authority destination=TM
event=receive timestamp_ns=1791281934449342358 workflow=ARL_UPDATE run_id=49 node=U4 source=Authority destination=TM
event=receive timestamp_ns=1791281936050861727 workflow=ARL_UPDATE run_id=50 node=U4 source=Authority destination=TM
event=receive timestamp_ns=1791281937586990700 workflow=ARL_UPDATE run_id=51 node=U4 source=Authority destination=TM
event=receive timestamp_ns=1791281939120292999 workflow=ARL_UPDATE run_id=52 node=U4 source=Authority destination=TM
event=receive timestamp_ns=1791281940658298619 workflow=ARL_UPDATE run_id=53 node=U4 source=Authority destination=TM
event=receive timestamp_ns=1791281942193697513 workflow=ARL_UPDATE run_id=54 node=U4 source=Authority destination=TM
event=receive timestamp_ns=1791281943693725730 workflow=ARL_UPDATE run_id=55 node=U4 source=Authority destination=TM
event=receive timestamp_ns=1791281945263601438 workflow=ARL_UPDATE run_id=56 node=U4 source=Authority destination=TM
event=receive timestamp_ns=1791281946801644526 workflow=ARL_UPDATE run_id=57 node=U4 source=Authority destination=TM
event=receive timestamp_ns=1791281948300674199 workflow=ARL_UPDATE run_id=58 node=U4 source=Authority destination=TM
event=receive timestamp_ns=1791281949871651123 workflow=ARL_UPDATE run_id=59 node=U4 source=Authority destination=TM
event=receive timestamp_ns=1791281951409447137 workflow=ARL_UPDATE run_id=60 node=U4 source=Authority destination=TM
event=receive timestamp_ns=1791281952972835383 workflow=ARL_UPDATE run_id=61 node=U4 source=Authority destination=TM
event=receive timestamp_ns=1791281954543980479 workflow=ARL_UPDATE run_id=62 node=U4 source=Authority destination=TM
event=receive timestamp_ns=1791281956152468119 workflow=ARL_UPDATE run_id=63 node=U4 source=Authority destination=TM
event=receive timestamp_ns=1791281957683494021 workflow=ARL_UPDATE run_id=64 node=U4 source=Authority destination=TM
event=receive timestamp_ns=1791281959217766040 workflow=ARL_UPDATE run_id=65 node=U4 source=Authority destination=TM
event=receive timestamp_ns=1791281960819514027 workflow=ARL_UPDATE run_id=66 node=U4 source=Authority destination=TM
event=receive timestamp_ns=1791281962354522730 workflow=ARL_UPDATE run_id=67 node=U4 source=Authority destination=TM
event=receive timestamp_ns=1791281963921757391 workflow=ARL_UPDATE run_id=68 node=U4 source=Authority destination=TM
event=receive timestamp_ns=1791281965426797362 workflow=ARL_UPDATE run_id=69 node=U4 source=Authority destination=TM
event=receive timestamp_ns=1791281966962862243 workflow=ARL_UPDATE run_id=70 node=U4 source=Authority destination=TM
event=receive timestamp_ns=1791281969643112286 workflow=KEY_REQUEST run_id=bench_h2_key_w1 node=U4 source=TM2 destination=TM
event=receive timestamp_ns=1791281974826787363 workflow=KEY_REQUEST run_id=bench_h2_key_w2 node=U4 source=TM2 destination=TM
event=receive timestamp_ns=1791281978510907059 workflow=KEY_REQUEST run_id=bench_h2_key_w3 node=U4 source=TM2 destination=TM
event=receive timestamp_ns=1791281982410842621 workflow=KEY_REQUEST run_id=bench_h2_key_w4 node=U4 source=TM2 destination=TM
event=receive timestamp_ns=1791281984650785072 workflow=KEY_REQUEST run_id=bench_h2_key_w5 node=U4 source=TM2 destination=TM
event=receive timestamp_ns=1791281987658812017 workflow=KEY_REQUEST run_id=bench_h2_key_001 node=U4 source=TM2 destination=TM
event=receive timestamp_ns=1791281990698522924 workflow=KEY_REQUEST run_id=bench_h2_key_002 node=U4 source=TM2 destination=TM
event=receive timestamp_ns=1791281993738832409 workflow=KEY_REQUEST run_id=bench_h2_key_003 node=U4 source=TM2 destination=TM
event=receive timestamp_ns=1791281998186817922 workflow=KEY_REQUEST run_id=bench_h2_key_004 node=U4 source=TM2 destination=TM
event=receive timestamp_ns=1791282000426871417 workflow=KEY_REQUEST run_id=bench_h2_key_005 node=U4 source=TM2 destination=TM
event=receive timestamp_ns=1791282003818644111 workflow=KEY_REQUEST run_id=bench_h2_key_006 node=U4 source=TM2 destination=TM
event=receive timestamp_ns=1791282005450802777 workflow=KEY_REQUEST run_id=bench_h2_key_007 node=U4 source=TM2 destination=TM
event=receive timestamp_ns=1791282008522686033 workflow=KEY_REQUEST run_id=bench_h2_key_008 node=U4 source=TM2 destination=TM
event=receive timestamp_ns=1791282014027314942 workflow=KEY_REQUEST run_id=bench_h2_key_009 node=U4 source=TM2 destination=TM
event=receive timestamp_ns=1791282016266737874 workflow=KEY_REQUEST run_id=bench_h2_key_010 node=U4 source=TM2 destination=TM
event=receive timestamp_ns=1791282019275035835 workflow=KEY_REQUEST run_id=bench_h2_key_011 node=U4 source=TM2 destination=TM
event=receive timestamp_ns=1791282022314781127 workflow=KEY_REQUEST run_id=bench_h2_key_012 node=U4 source=TM2 destination=TM
event=receive timestamp_ns=1791282025963271389 workflow=KEY_REQUEST run_id=bench_h2_key_013 node=U4 source=TM2 destination=TM
event=receive timestamp_ns=1791282029035004424 workflow=KEY_REQUEST run_id=bench_h2_key_014 node=U4 source=TM2 destination=TM
event=receive timestamp_ns=1791282032010866040 workflow=KEY_REQUEST run_id=bench_h2_key_015 node=U4 source=TM2 destination=TM
event=receive timestamp_ns=1791282034027219505 workflow=KEY_REQUEST run_id=bench_h2_key_016 node=U4 source=TM2 destination=TM
event=receive timestamp_ns=1791282037067206930 workflow=KEY_REQUEST run_id=bench_h2_key_017 node=U4 source=TM2 destination=TM
event=receive timestamp_ns=1791282039018826275 workflow=KEY_REQUEST run_id=bench_h2_key_018 node=U4 source=TM2 destination=TM
event=receive timestamp_ns=1791282043150414350 workflow=KEY_REQUEST run_id=bench_h2_key_019 node=U4 source=TM2 destination=TM
event=receive timestamp_ns=1791282045674691795 workflow=KEY_REQUEST run_id=bench_h2_key_020 node=U4 source=TM2 destination=TM
event=receive timestamp_ns=1791282047626738061 workflow=KEY_REQUEST run_id=bench_h2_key_021 node=U4 source=TM2 destination=TM
event=receive timestamp_ns=1791282051723021129 workflow=KEY_REQUEST run_id=bench_h2_key_022 node=U4 source=TM2 destination=TM
event=receive timestamp_ns=1791282053674715403 workflow=KEY_REQUEST run_id=bench_h2_key_023 node=U4 source=TM2 destination=TM
event=receive timestamp_ns=1791282056718818861 workflow=KEY_REQUEST run_id=bench_h2_key_024 node=U4 source=TM2 destination=TM
event=receive timestamp_ns=1791282059754753300 workflow=KEY_REQUEST run_id=bench_h2_key_025 node=U4 source=TM2 destination=TM
event=receive timestamp_ns=1791282062826837104 workflow=KEY_REQUEST run_id=bench_h2_key_026 node=U4 source=TM2 destination=TM
event=receive timestamp_ns=1791282066475260903 workflow=KEY_REQUEST run_id=bench_h2_key_027 node=U4 source=TM2 destination=TM
event=receive timestamp_ns=1791282069835177634 workflow=KEY_REQUEST run_id=bench_h2_key_028 node=U4 source=TM2 destination=TM
event=receive timestamp_ns=1791282072554631524 workflow=KEY_REQUEST run_id=bench_h2_key_029 node=U4 source=TM2 destination=TM
event=receive timestamp_ns=1791282077579003117 workflow=KEY_REQUEST run_id=bench_h2_key_030 node=U4 source=TM2 destination=TM
