event=receive timestamp_ns=1791281802571056887 workflow=KEY_REQUEST run_id=bench_h2_setup node=U5 source=TM2 destination=TM
event=receive timestamp_ns=1791281806750091360 workflow=CT_SHARE run_id=1 node=U5 source=TM2 destination=TM
event=receive timestamp_ns=1791281808219656933 workflow=CT_SHARE run_id=2 node=U5 source=TM2 destination=TM
event=receive timestamp_ns=1791281809786102088 workflow=CT_SHARE run_id=3 node=U5 source=TM2 destination=TM
event=receive timestamp_ns=1791281811322809914 workflow=CT_SHARE run_id=4 node=U5 source=TM2 destination=TM
event=receive timestamp_ns=1791281812821242705 workflow=CT_SHARE run_id=5 node=U5 source=TM2 destination=TM
event=receive timestamp_ns=1791281814392430872 workflow=CT_SHARE run_id=6 node=U5 source=TM2 destination=TM
event=receive timestamp_ns=1791281815929254723 workflow=CT_SHARE run_id=7 node=U5 source=TM2 destination=TM
event=receive timestamp_ns=1791281817464445790 workflow=CT_SHARE run_id=8 node=U5 source=TM2 destination=TM
event=receive timestamp_ns=1791281818997969262 workflow=CT_SHARE run_id=9 node=U5 source=TM2 destination=TM
event=receive timestamp_ns=1791281820534881850 workflow=CT_SHARE run_id=10 node=U5 source=TM2 destination=TM
event=receive timestamp_ns=1791281822072453649 workflow=CT_SHARE run_id=11 node=U5 source=TM2 destination=TM
event=receive timestamp_ns=1791281823607397511 workflow=CT_SHARE run_id=12 node=U5 source=TM2 destination=TM
event=receive timestamp_ns=1791281825116091048 workflow=CT_SHARE run_id=13 node=U5 source=TM2 destination=TM
event=receive timestamp_ns=1791281826682806562 workflow=CT_SHARE run_id=14 node=U5 source=TM2 destination=TM
event=receive timestamp_ns=1791281828189385770 workflow=CT_SHARE run_id=15 node=U5 source=TM2 destination=TM
event=receive timestamp_ns=1791281829787796300 workflow=CT_SHARE run_id=16 node=U5 source=TM2 destination=TM
event=receive timestamp_ns=1791281831296615102 workflow=CT_SHARE run_id=17 node=U5 source=TM2 destination=TM
event=receive timestamp_ns=1791281832924014721 workflow=CT_SHARE run_id=18 node=U5 source=TM2 destination=TM
event=receive timestamp_ns=1791281834497657244 workflow=CT_SHARE run_id=19 node=U5 source=TM2 destination=TM
event=receive timestamp_ns=1791281836027624088 workflow=CT_SHARE run_id=20 node=U5 source=TM2 destination=TM
event=receive timestamp_ns=1791281837599998358 workflow=CT_SHARE run_id=21 node=U5 source=TM2 destination=TM
event=receive timestamp_ns=1791281839103251805 workflow=CT_SHARE run_id=22 node=U5 source=TM2 destination=TM
event=receive timestamp_ns=1791281840632607095 workflow=CT_SHARE run_id=23 node=U5 source=TM2 destination=TM
event=receive timestamp_ns=1791281842170839748 workflow=CT_SHARE run_id=24 node=U5 source=TM2 destination=TM
event=receive timestamp_ns=1791281843738508291 workflow=CT_SHARE run_id=25 node=U5 source=TM2 destination=TM
event=receive timestamp_ns=1791281845339305252 workflow=CT_SHARE run_id=26 node=U5 source=TM2 destination=TM
event=receive timestamp_ns=1791281846871527714 workflow=CT_SHARE run_id=27 node=U5 source=TM2 destination=TM
event=receive timestamp_ns=1791281848402466062 workflow=CT_SHARE run_id=28 node=U5 source=TM2 destination=TM
event=receive timestamp_ns=1791281849941878922 workflow=CT_SHARE run_id=29 node=U5 source=TM2 destination=TM
event=receive timestamp_ns=1791281851474819317 workflow=CT_SHARE run_id=30 node=U5 source=TM2 destination=TM
event=receive timestamp_ns=1791281853012528313 workflow=CT_SHARE run_id=31 node=U5 source=TM2 destination=TM
event=receive timestamp_ns=1791281854545257353 workflow=CT_SHARE run_id=32 node=U5 source=TM2 destination=TM
event=receive timestamp_ns=1791281856088797945 workflow=CT_SHARE run_id=33 node=U5 source=TM2 destination=TM
event=receive timestamp_ns=1791281857620959255 workflow=CT_SHARE run_id=34 node=U5 source=TM2 destination=TM
event=receive timestamp_ns=1791281859221747343 workflow=CT_SHARE run_id=35 node=U5 source=TM2 destination=TM
event=receive timestamp_ns=1791281860718468715 workflow=ARL_UPDATE run_id=1 node=U5 source=Authority destination=TM
event=receive timestamp_ns=1791281862290632987 workflow=ARL_UPDATE run_id=2 node=U5 source=Authority destination=TM
event=receive timestamp_ns=1791281863822852677 workflow=ARL_UPDATE run_id=3 node=U5 source=Authority destination=TM
event=receive timestamp_ns=1791281865361570682 workflow=ARL_UPDATE run_id=4 node=U5 source=Authority destination=TM
event=receive timestamp_ns=1791281866866405941 workflow=ARL_UPDATE run_id=5 node=U5 source=Authority destination=TM
event=receive timestamp_ns=1791281868398016099 workflow=ARL_UPDATE run_id=6 node=U5 source=Authority destination=TM
event=receive timestamp_ns=1791281869940219806 workflow=ARL_UPDATE run_id=7 node=U5 source=Authority destination=TM
event=receive timestamp_ns=1791281871507015322 workflow=ARL_UPDATE run_id=8 node=U5 source=Authority destination=TM
event=receive timestamp_ns=1791281873040717680 workflow=ARL_UPDATE run_id=9 node=U5 source=Authority destination=TM
event=receive timestamp_ns=1791281874579837840 workflow=ARL_UPDATE run_id=10 node=U5 source=Authority destination=TM
event=receive timestamp_ns=1791281876110197421 workflow=ARL_UPDATE run_id=11 node=U5 source=Authority destination=TM
event=receive timestamp_ns=1791281877649362173 workflow=ARL_UPDATE run_id=12 node=U5 source=Authority destination=TM
event=receive timestamp_ns=1791281879151971492 workflow=ARL_UPDATE run_id=13 node=U5 source=Authority destination=TM
event=receive timestamp_ns=1791281880722984494 workflow=ARL_UPDATE run_id=14 node=U5 source=Authority destination=TM
event=receive timestamp_ns=1791281882222577328 workflow=ARL_UPDATE run_id=15 node=U5 source=Authority destination=TM
event=receive timestamp_ns=1791281883759768753 workflow=ARL_UPDATE run_id=16 node=U5 source=Authority destination=TM
event=receive timestamp_ns=1791281885299891376 workflow=ARL_UPDATE run_id=17 node=U5 source=Authority destination=TM
event=receive timestamp_ns=1791281886898625821 workflow=ARL_UPDATE run_id=18 node=U5 source=Authority destination=TM
event=receive timestamp_ns=1791281888403750699 workflow=ARL_UPDATE run_id=19 node=U5 source=Authority destination=TM
event=receive timestamp_ns=1791281889939990821 workflow=ARL_UPDATE run_id=20 node=U5 source=Authority destination=TM
event=receive timestamp_ns=1791281891473970165 workflow=ARL_UPDATE run_id=21 node=U5 source=Authority destination=TM
event=receive timestamp_ns=1791281893009598867 workflow=ARL_UPDATE run_id=22 node=U5 source=Authority destination=TM
event=receive timestamp_ns=1791281894549790540 workflow=ARL_UPDATE run_id=23 node=U5 source=Authority destination=TM
event=receive timestamp_ns=1791281896084410875 workflow=ARL_UPDATE run_id=24 node=U5 source=Authority destination=TM
event=receive timestamp_ns=1791281897618418084 workflow=ARL_UPDATE run_id=25 node=U5 source=Authority destination=TM
event=receive timestamp_ns=1791281899150172112 workflow=ARL_UPDATE run_id=26 node=U5 source=Authority destination=TM
event=receive timestamp_ns=1791281900689544910 workflow=ARL_UPDATE run_id=27 node=U5 source=Authority destination=TM
event=receive timestamp_ns=1791281902225969451 workflow=ARL_UPDATE run_id=28 node=U5 source=Authority destination=TM
event=receive timestamp_ns=1791281903761669245 workflow=ARL_UPDATE run_id=29 node=U5 source=Authority destination=TM
event=receive timestamp_ns=1791281905297310007 workflow=ARL_UPDATE run_id=30 node=U5 source=Authority destination=TM
event=receive timestamp_ns=1791281906800205258 workflow=ARL_UPDATE run_id=31 node=U5 source=Authority destination=TM
event=receive timestamp_ns=1791281908367600658 workflow=ARL_UPDATE run_id=32 node=U5 source=Authority destination=TM
event=receive timestamp_ns=1791281909906569607 workflow=ARL_UPDATE run_id=33 node=U5 source=Authority destination=TM
event=receive timestamp_ns=1791281911444342803 workflow=ARL_UPDATE run_id=34 node=U5 source=Authority destination=TM
event=receive timestamp_ns=1791281912980632458 workflow=ARL_UPDATE run_id=35 node=U5 source=Authority destination=TM
event=receive timestamp_ns=1791281914487170154 workflow=ARL_UPDATE run_id=36 node=U5 source=Authority destination=TM
event=receive timestamp_ns=1791281916049966531 workflow=ARL_UPDATE run_id=37 node=U5 source=Authority destination=TM
event=receive timestamp_ns=1791281917648621518 workflow=ARL_UPDATE run_id=38 node=U5 source=Authority destination=TM
event=receive timestamp_ns=1791281919149444927 workflow=ARL_UPDATE run_id=39 node=U5 source=Authority destination=TM
event=receive timestamp_ns=1791281920718751366 workflow=ARL_UPDATE run_id=40 node=U5 source=Authority destination=TM
event=receive timestamp_ns=1791281922259639004 workflow=ARL_UPDATE run_id=41 node=U5 source=Authority destination=TM
event=receive timestamp_ns=1791281923790675519 workflow=ARL_UPDATE run_id=42 node=U5 source=Authority destination=TM
event=receive timestamp_ns=1791281925328973233 workflow=ARL_UPDATE run_id=43 node=U5 source=Authority destination=TM
event=receive timestamp_ns=1791281926833520540 workflow=ARL_UPDATE run_id=44 node=U5 source=Authority destination=TM
event=receive timestamp_ns=1791281928366571093 workflow=ARL_UPDATE run_id=45 node=U5 source=Authority destination=TM
event=receive timestamp_ns=1791281929936260351 workflow=ARL_UPDATE run_id=46 node=U5 source=Authority destination=TM
event=receive timestamp_ns=1791281931473974633 workflow=ARL_UPDATE run_id=47 node=U5 source=Authority destination=TM
event=receive timestamp_ns=1791281933009027430 workflow=ARL_UPDATE run_id=48 node=U5 source=Authority destination=TM
event=receive timestamp_ns=1791281934547117211 workflow=ARL_UPDATE run_id=49 node=U5 source=Authority destination=TM
event=receive timestamp_ns=1791281936148182607 workflow=ARL_UPDATE run_id=50 node=U5 source=Authority destination=TM
event=receive timestamp_ns=1791281937683668363 workflow=ARL_UPDATE run_id=51 node=U5 source=Authority destination=TM
event=receive timestamp_ns=1791281939216441441 workflow=ARL_UPDATE run_id=52 node=U5 source=Authority destination=TM
event=receive timestamp_ns=1791281940755551315 workflow=ARL_UPDATE run_id=53 node=U5 source=Authority destination=TM
event=receive timestamp_ns=1791281942287485500 workflow=ARL_UPDATE run_id=54 node=U5 source=Authority destination=TM
event=receive timestamp_ns=1791281943790405344 workflow=ARL_UPDATE run_id=55 node=U5 source=Authority destination=TM
event=receive timestamp_ns=1791281945328447065 workflow=ARL_UPDATE run_id=56 node=U5 source=Authority destination=TM
event=receive timestamp_ns=1791281946896112166 workflow=ARL_UPDATE run_id=57 node=U5 source=Authority destination=TM
event=receive timestamp_ns=1791281948396799620 workflow=ARL_UPDATE run_id=58 node=U5 source=Authority destination=TM
event=receive timestamp_ns=1791281949935251109 workflow=ARL_UPDATE run_id=59 node=U5 source=Authority destination=TM
event=receive timestamp_ns=1791281951504210345 workflow=ARL_UPDATE run_id=60 node=U5 source=Authority destination=TM
event=receive timestamp_ns=1791281953071524748 workflow=ARL_UPDATE run_id=61 node=U5 source=Authority destination=TM
event=receive timestamp_ns=1791281954639781901 workflow=ARL_UPDATE run_id=62 node=U5 source=Authority destination=TM
event=receive timestamp_ns=1791281956209013743 workflow=ARL_UPDATE run_id=63 node=U5 source=Authority destination=TM
event=receive timestamp_ns=1791281957780608763 workflow=ARL_UPDATE run_id=64 node=U5 source=Authority destination=TM
event=receive timestamp_ns=1791281959316377820 workflow=ARL_UPDATE run_id=65 node=U5 source=Authority destination=TM
event=receive timestamp_ns=1791281960913122203 workflow=ARL_UPDATE run_id=66 node=U5 source=Authority destination=TM
event=receive timestamp_ns=1791281962450886645 workflow=ARL_UPDATE run_id=67 node=U5 source=Authority destination=TM
event=receive timestamp_ns=1791281964014794415 workflow=ARL_UPDATE run_id=68 node=U5 source=Authority destination=TM
event=receive timestamp_ns=1791281965522958465 workflow=ARL_UPDATE run_id=69 node=U5 source=Authority destination=TM
event=receive timestamp_ns=1791281967060641571 workflow=ARL_UPDATE run_id=70 node=U5 source=Authority destination=TM
event=receive timestamp_ns=1791281969739252170 workflow=KEY_REQUEST run_id=bench_h2_key_w1 node=U5 source=TM2 destination=TM
event=receive timestamp_ns=1791281974894726186 workflow=KEY_REQUEST run_id=bench_h2_key_w2 node=U5 source=TM2 destination=TM
event=receive timestamp_ns=1791281978603199644 workflow=KEY_REQUEST run_id=bench_h2_key_w3 node=U5 source=TM2 destination=TM
event=receive timestamp_ns=1791281982542622456 workflow=KEY_REQUEST run_id=bench_h2_key_w4 node=U5 source=TM2 destination=TM
event=receive timestamp_ns=1791281984170729280 workflow=KEY_REQUEST run_id=bench_h2_key_w5 node=U5 source=TM2 destination=TM
event=receive timestamp_ns=1791281988331344407 workflow=KEY_REQUEST run_id=bench_h2_key_001 node=U5 source=TM2 destination=TM
event=receive timestamp_ns=1791281991658548504 workflow=KEY_REQUEST run_id=bench_h2_key_002 node=U5 source=TM2 destination=TM
event=receive timestamp_ns=1791281994346767656 workflow=KEY_REQUEST run_id=bench_h2_key_003 node=U5 source=TM2 destination=TM
event=receive timestamp_ns=1791281998287155622 workflow=KEY_REQUEST run_id=bench_h2_key_004 node=U5 source=TM2 destination=TM
event=receive timestamp_ns=1791282000523035727 workflow=KEY_REQUEST run_id=bench_h2_key_005 node=U5 source=TM2 destination=TM
event=receive timestamp_ns=1791282003022808874 workflow=KEY_REQUEST run_id=bench_h2_key_006 node=U5 source=TM2 destination=TM
event=receive timestamp_ns=1791282006922908717 workflow=KEY_REQUEST run_id=bench_h2_key_007 node=U5 source=TM2 destination=TM
event=receive timestamp_ns=1791282009162711220 workflow=KEY_REQUEST run_id=bench_h2_key_008 node=U5 source=TM2 destination=TM
event=receive timestamp_ns=1791282014122720992 workflow=KEY_REQUEST run_id=bench_h2_key_009 node=U5 source=TM2 destination=TM
event=receive timestamp_ns=1791282016366605030 workflow=KEY_REQUEST run_id=bench_h2_key_010 node=U5 source=TM2 destination=TM
event=receive timestamp_ns=1791282019370912825 workflow=KEY_REQUEST run_id=bench_h2_key_011 node=U5 source=TM2 destination=TM
event=receive timestamp_ns=1791282022410763652 workflow=KEY_REQUEST run_id=bench_h2_key_012 node=U5 source=TM2 destination=TM
event=receive timestamp_ns=1791282025482790784 workflow=KEY_REQUEST run_id=bench_h2_key_013 node=U5 source=TM2 destination=TM
event=receive timestamp_ns=1791282029674881405 workflow=KEY_REQUEST run_id=bench_h2_key_014 node=U5 source=TM2 destination=TM
event=receive timestamp_ns=1791282031594858245 workflow=KEY_REQUEST run_id=bench_h2_key_015 node=U5 source=TM2 destination=TM
event=receive timestamp_ns=1791282034635122332 workflow=KEY_REQUEST run_id=bench_h2_key_016 node=U5 source=TM2 destination=TM
event=receive timestamp_ns=1791282036651041199 workflow=KEY_REQUEST run_id=bench_h2_key_017 node=U5 source=TM2 destination=TM
event=receive timestamp_ns=1791282039627103701 workflow=KEY_REQUEST run_id=bench_h2_key_018 node=U5 source=TM2 destination=TM
event=receive timestamp_ns=1791282043306840016 workflow=KEY_REQUEST run_id=bench_h2_key_019 node=U5 source=TM2 destination=TM
event=receive timestamp_ns=1791282045774527174 workflow=KEY_REQUEST run_id=bench_h2_key_020 node=U5 source=TM2 destination=TM
event=receive timestamp_ns=1791282047722842950 workflow=KEY_REQUEST run_id=bench_h2_key_021 node=U5 source=TM2 destination=TM
event=receive timestamp_ns=1791282051818943892 workflow=KEY_REQUEST run_id=bench_h2_key_022 node=U5 source=TM2 destination=TM
event=receive timestamp_ns=1791282053770751533 workflow=KEY_REQUEST run_id=bench_h2_key_023 node=U5 source=TM2 destination=TM
event=receive timestamp_ns=1791282056779021728 workflow=KEY_REQUEST run_id=bench_h2_key_024 node=U5 source=TM2 destination=TM
event=receive timestamp_ns=1791282059854750454 workflow=KEY_REQUEST run_id=bench_h2_key_025 node=U5 source=TM2 destination=TM
event=receive timestamp_ns=1791282062922913891 workflow=KEY_REQUEST run_id=bench_h2_key_026 node=U5 source=TM2 destination=TM
event=receive timestamp_ns=1791282066574955166 workflow=KEY_REQUEST run_id=bench_h2_key_027 node=U5 source=TM2 destination=TM
event=receive timestamp_ns=1791282069070916931 workflow=KEY_REQUEST run_id=bench_h2_key_028 node=U5 source=TM2 destination=TM
event=receive timestamp_ns=1791282073546811347 workflow=KEY_REQUEST run_id=bench_h2_key_029 node=U5 source=TM2 destination=TM
event=receive timestamp_ns=1791282076266836850 workflow=KEY_REQUEST run_id=bench_h2_key_030 node=U5 source=TM2 destination=TM
