event=send timestamp_ns=1791216461849509176 workflow=KEY_REQUEST run_id=bench_h1_setup node=U1 source=TM1 destination=TM
event=key_latency timestamp_ns=1791216463590047801 workflow=KEY_REQUEST_RESPONSE run_id=bench_h1_setup node=U1 duration_ns=1740540240
event=receive timestamp_ns=1791216463577338326 workflow=KEY_RESPONSE run_id=bench_h1_setup node=U1 source=Authority destination=bench_h1_setup
event=send timestamp_ns=1791216464795595603 workflow=CT_SHARE run_id=1 node=U1 source=TM1 destination=TM
event=send timestamp_ns=1791216465543667108 workflow=CT_SHARE run_id=2 node=U1 source=TM1 destination=TM
event=send timestamp_ns=1791216467104795308 workflow=CT_SHARE run_id=3 node=U1 source=TM1 destination=TM
event=receive timestamp_ns=1791216469753385456 workflow=ARL_UPDATE run_id=1 node=U1 source=Authority destination=TM
event=receive timestamp_ns=1791216471289613951 workflow=ARL_UPDATE run_id=2 node=U1 source=Authority destination=TM
event=receive timestamp_ns=1791216472889348837 workflow=ARL_UPDATE run_id=3 node=U1 source=Authority destination=TM
event=receive timestamp_ns=1791216474425342426 workflow=ARL_UPDATE run_id=4 node=U1 source=Authority destination=TM
event=receive timestamp_ns=1791216475961431166 workflow=ARL_UPDATE run_id=5 node=U1 source=Authority destination=TM
event=receive timestamp_ns=1791216477501458592 workflow=ARL_UPDATE run_id=6 node=U1 source=Authority destination=TM
event=send timestamp_ns=1791216479161871004 workflow=KEY_REQUEST run_id=bench_h1_key_w1 node=U1 source=TM1 destination=TM
event=key_latency timestamp_ns=1791216480906281298 workflow=KEY_REQUEST_RESPONSE run_id=bench_h1_key_w1 node=U1 duration_ns=1744409469
event=receive timestamp_ns=1791216480889975057 workflow=KEY_RESPONSE run_id=bench_h1_key_w1 node=U1 source=Authority destination=bench_h1_key_w1
event=send timestamp_ns=1791216482553788530 workflow=KEY_REQUEST run_id=bench_h1_key_001 node=U1 source=TM1 destination=TM
event=key_latency timestamp_ns=1791216484324219157 workflow=KEY_REQUEST_RESPONSE run_id=bench_h1_key_001 node=U1 duration_ns=1770430615
event=receive timestamp_ns=1791216484313710309 workflow=KEY_RESPONSE run_id=bench_h1_key_001 node=U1 source=Authority destination=bench_h1_key_001
event=send timestamp_ns=1791216485978026673 workflow=KEY_REQUEST run_id=bench_h1_key_002 node=U1 source=TM1 destination=TM
event=key_latency timestamp_ns=1791216489256034719 workflow=KEY_REQUEST_RESPONSE run_id=bench_h1_key_002 node=U1 duration_ns=3278007960
event=receive timestamp_ns=1791216489241660714 workflow=KEY_RESPONSE run_id=bench_h1_key_002 node=U1 source=Authority destination=bench_h1_key_002
