event=send timestamp_ns=1791283277010019135 workflow=KEY_RESPONSE run_id=bench_h1_setup node=Authority source=Authority destination=bench_h1_setup
event=receive timestamp_ns=1791283278062844255 workflow=KEY_REQUEST run_id=bench_h1_setup node=Authority source=TM1 destination=TM
event=receive timestamp_ns=1791283280448209730 workflow=CT_SHARE run_id=1 node=Authority source=TM1 destination=TM
event=receive timestamp_ns=1791283281990772178 workflow=CT_SHARE run_id=2 node=Authority source=TM1 destination=TM
event=receive timestamp_ns=1791283283524597252 workflow=CT_SHARE run_id=3 node=Authority source=TM1 destination=TM
event=receive timestamp_ns=1791283285091175023 workflow=CT_SHARE run_id=4 node=Authority source=TM1 destination=TM
event=receive timestamp_ns=1791283286638082734 workflow=CT_SHARE run_id=5 node=Authority source=TM1 destination=TM
event=receive timestamp_ns=1791283288200037490 workflow=CT_SHARE run_id=6 node=Authority source=TM1 destination=TM
event=receive timestamp_ns=1791283289731793753 workflow=CT_SHARE run_id=7 node=Authority source=TM1 destination=TM
event=receive timestamp_ns=1791283291298457868 workflow=CT_SHARE run_id=8 node=Authority source=TM1 destination=TM
event=receive timestamp_ns=1791283292843502815 workflow=CT_SHARE run_id=9 node=Authority source=TM1 destination=TM
event=receive timestamp_ns=1791283294372145490 workflow=CT_SHARE run_id=10 node=Authority source=TM1 destination=TM
event=receive timestamp_ns=1791283295905708084 workflow=CT_SHARE run_id=11 node=Authority source=TM1 destination=TM
event=receive timestamp_ns=1791283297439163353 workflow=CT_SHARE run_id=12 node=Authority source=TM1 destination=TM
event=receive timestamp_ns=1791283299014566912 workflow=CT_SHARE run_id=13 node=Authority source=TM1 destination=TM
event=receive timestamp_ns=1791283300547401288 workflow=CT_SHARE run_id=14 node=Authority source=TM1 destination=TM
event=receive timestamp_ns=1791283302084735590 workflow=CT_SHARE run_id=15 node=Authority source=TM1 destination=TM
event=receive timestamp_ns=1791283303621806402 workflow=CT_SHARE run_id=16 node=Authority source=TM1 destination=TM
event=receive timestamp_ns=1791283305123606421 workflow=CT_SHARE run_id=17 node=Authority source=TM1 destination=TM
event=receive timestamp_ns=1791283306657035370 workflow=CT_SHARE run_id=18 node=Authority source=TM1 destination=TM
event=receive timestamp_ns=1791283308196403306 workflow=CT_SHARE run_id=19 node=Authority source=TM1 destination=TM
event=receive timestamp_ns=1791283309787093373 workflow=CT_SHARE run_id=20 node=Authority source=TM1 destination=TM
event=receive timestamp_ns=1791283311356843010 workflow=CT_SHARE run_id=21 node=Authority source=TM1 destination=TM
event=receive timestamp_ns=1791283312866125093 workflow=CT_SHARE run_id=22 node=Authority source=TM1 destination=TM
event=receive timestamp_ns=1791283314401509501 workflow=CT_SHARE run_id=23 node=Authority source=TM1 destination=TM
event=receive timestamp_ns=1791283315941323166 workflow=CT_SHARE run_id=24 node=Authority source=TM1 destination=TM
event=receive timestamp_ns=1791283317501415162 workflow=CT_SHARE run_id=25 node=Authority source=TM1 destination=TM
event=receive timestamp_ns=1791283319015380063 workflow=CT_SHARE run_id=26 node=Authority source=TM1 destination=TM
event=receive timestamp_ns=1791283320612124297 workflow=CT_SHARE run_id=27 node=Authority source=TM1 destination=TM
event=receive timestamp_ns=1791283322142096901 workflow=CT_SHARE run_id=28 node=Authority source=TM1 destination=TM
event=receive timestamp_ns=1791283323685275227 workflow=CT_SHARE run_id=29 node=Authority source=TM1 destination=TM
event=receive timestamp_ns=1791283325218666849 workflow=CT_SHARE run_id=30 node=Authority source=TM1 destination=TM
event=receive timestamp_ns=1791283326785005000 workflow=CT_SHARE run_id=31 node=Authority source=TM1 destination=TM
event=receive timestamp_ns=1791283328286518309 workflow=CT_SHARE run_id=32 node=Authority source=TM1 destination=TM
event=receive timestamp_ns=1791283329823362484 workflow=CT_SHARE run_id=33 node=Authority source=TM1 destination=TM
event=receive timestamp_ns=1791283331391617165 workflow=CT_SHARE run_id=34 node=Authority source=TM1 destination=TM
event=receive timestamp_ns=1791283332899969755 workflow=CT_SHARE run_id=35 node=Authority source=TM1 destination=TM
event=send timestamp_ns=1791283332991626399 workflow=ARL_UPDATE run_id=1 node=Authority source=Authority destination=TM
event=send timestamp_ns=1791283334336655950 workflow=ARL_UPDATE run_id=2 node=Authority source=Authority destination=TM
event=send timestamp_ns=1791283335868803391 workflow=ARL_UPDATE run_id=3 node=Authority source=Authority destination=TM
event=send timestamp_ns=1791283337408104918 workflow=ARL_UPDATE run_id=4 node=Authority source=Authority destination=TM
event=send timestamp_ns=1791283338942782901 workflow=ARL_UPDATE run_id=5 node=Authority source=Authority destination=TM
event=send timestamp_ns=1791283340481211040 workflow=ARL_UPDATE run_id=6 node=Authority source=Authority destination=TM
event=send timestamp_ns=1791283342016452123 workflow=ARL_UPDATE run_id=7 node=Authority source=Authority destination=TM
event=send timestamp_ns=1791283343382941159 workflow=ARL_UPDATE run_id=8 node=Authority source=Authority destination=TM
event=send timestamp_ns=1791283344980422637 workflow=ARL_UPDATE run_id=9 node=Authority source=Authority destination=TM
event=send timestamp_ns=1791283346714297975 workflow=ARL_UPDATE run_id=10 node=Authority source=Authority destination=TM
event=send timestamp_ns=1791283348253472715 workflow=ARL_UPDATE run_id=11 node=Authority source=Authority destination=TM
event=send timestamp_ns=1791283349791605616 workflow=ARL_UPDATE run_id=12 node=Authority source=Authority destination=TM
event=send timestamp_ns=1791283351154799474 workflow=ARL_UPDATE run_id=13 node=Authority source=Authority destination=TM
event=send timestamp_ns=1791283352897305570 workflow=ARL_UPDATE run_id=14 node=Authority source=Authority destination=TM
event=send timestamp_ns=1791283354431999373 workflow=ARL_UPDATE run_id=15 node=Authority source=Authority destination=TM
event=send timestamp_ns=1791283355829729026 workflow=ARL_UPDATE run_id=16 node=Authority source=Authority destination=TM
event=send timestamp_ns=1791283357567454428 workflow=ARL_UPDATE run_id=17 node=Authority source=Authority destination=TM
event=send timestamp_ns=1791283359103985087 workflow=ARL_UPDATE run_id=18 node=Authority source=Authority destination=TM
event=send timestamp_ns=1791283360640270248 workflow=ARL_UPDATE run_id=19 node=Authority source=Authority destination=TM
event=send timestamp_ns=1791283362176251485 workflow=ARL_UPDATE run_id=20 node=Authority source=Authority destination=TM
event=send timestamp_ns=1791283363711843230 workflow=ARL_UPDATE run_id=21 node=Authority source=Authority destination=TM
event=send timestamp_ns=1791283365244638863 workflow=ARL_UPDATE run_id=22 node=Authority source=Authority destination=TM
event=send timestamp_ns=1791283366785870813 workflow=ARL_UPDATE run_id=23 node=Authority source=Authority destination=TM
event=send timestamp_ns=1791283368326225798 workflow=ARL_UPDATE run_id=24 node=Authority source=Authority destination=TM
event=send timestamp_ns=1791283369859992673 workflow=ARL_UPDATE run_id=25 node=Authority source=Authority destination=TM
event=send timestamp_ns=1791283371254444404 workflow=ARL_UPDATE run_id=26 node=Authority source=Authority destination=TM
event=send timestamp_ns=1791283372990870578 workflow=ARL_UPDATE run_id=27 node=Authority source=Authority destination=TM
event=send timestamp_ns=1791283374531081030 workflow=ARL_UPDATE run_id=28 node=Authority source=Authority destination=TM
event=send timestamp_ns=1791283376066786468 workflow=ARL_UPDATE run_id=29 node=Authority source=Authority destination=TM
event=send timestamp_ns=1791283377606409723 workflow=ARL_UPDATE run_id=30 node=Authority source=Authority destination=TM
event=send timestamp_ns=1791283379140733658 workflow=ARL_UPDATE run_id=31 node=Authority source=Authority destination=TM
event=send timestamp_ns=1791283380673824422 workflow=ARL_UPDATE run_id=32 node=Authority source=Authority destination=TM
event=send timestamp_ns=1791283382209020020 workflow=ARL_UPDATE run_id=33 node=Authority source=Authority destination=TM
event=send timestamp_ns=1791283383747253145 workflow=ARL_UPDATE run_id=34 node=Authority source=Authority destination=TM
event=send timestamp_ns=1791283385280969520 workflow=ARL_UPDATE run_id=35 node=Authority source=Authority destination=TM
event=send timestamp_ns=1791283386820993437 workflow=ARL_UPDATE run_id=36 node=Authority source=Authority destination=TM
event=send timestamp_ns=1791283388350039991 workflow=ARL_UPDATE run_id=37 node=Authority source=Authority destination=TM
event=send timestamp_ns=1791283389892413661 workflow=ARL_UPDATE run_id=38 node=Authority source=Authority destination=TM
event=send timestamp_ns=1791283391425456124 workflow=ARL_UPDATE run_id=39 node=Authority source=Authority destination=TM
event=send timestamp_ns=1791283392958676361 workflow=ARL_UPDATE run_id=40 node=Authority source=Authority destination=TM
event=send timestamp_ns=1791283394498967034 workflow=ARL_UPDATE run_id=41 node=Authority source=Authority destination=TM
event=send timestamp_ns=1791283396033454205 workflow=ARL_UPDATE run_id=42 node=Authority source=Authority destination=TM
event=send timestamp_ns=1791283397575443770 workflow=ARL_UPDATE run_id=43 node=Authority source=Authority destination=TM
event=send timestamp_ns=1791283399107742823 workflow=ARL_UPDATE run_id=44 node=Authority source=Authority destination=TM
event=send timestamp_ns=1791283400648586743 workflow=ARL_UPDATE run_id=45 node=Authority source=Authority destination=TM
event=send timestamp_ns=1791283402184406462 workflow=ARL_UPDATE run_id=46 node=Authority source=Authority destination=TM
event=send timestamp_ns=1791283403714236054 workflow=ARL_UPDATE run_id=47 node=Authority source=Authority destination=TM
event=send timestamp_ns=1791283405255682940 workflow=ARL_UPDATE run_id=48 node=Authority source=Authority destination=TM
event=send timestamp_ns=1791283406795385809 workflow=ARL_UPDATE run_id=49 node=Authority source=Authority destination=TM
event=send timestamp_ns=1791283408327021521 workflow=ARL_UPDATE run_id=50 node=Authority source=Authority destination=TM
event=send timestamp_ns=1791283409858951116 workflow=ARL_UPDATE run_id=51 node=Authority source=Authority destination=TM
event=send timestamp_ns=1791283411223877528 workflow=ARL_UPDATE run_id=52 node=Authority source=Authority destination=TM
event=send timestamp_ns=1791283412968467841 workflow=ARL_UPDATE run_id=53 node=Authority source=Authority destination=TM
event=send timestamp_ns=1791283414502441889 workflow=ARL_UPDATE run_id=54 node=Authority source=Authority destination=TM
event=send timestamp_ns=1791283416036207837 workflow=ARL_UPDATE run_id=55 node=Authority source=Authority destination=TM
event=send timestamp_ns=1791283417579032538 workflow=ARL_UPDATE run_id=56 node=Authority source=Authority destination=TM
event=send timestamp_ns=1791283419106917756 workflow=ARL_UPDATE run_id=57 node=Authority source=Authority destination=TM
event=send timestamp_ns=1791283420645040787 workflow=ARL_UPDATE run_id=58 node=Authority source=Authority destination=TM
event=send timestamp_ns=1791283422174224904 workflow=ARL_UPDATE run_id=59 node=Authority source=Authority destination=TM
event=send timestamp_ns=1791283423708342401 workflow=ARL_UPDATE run_id=60 node=Authority source=Authority destination=TM
event=send timestamp_ns=1791283425240651787 workflow=ARL_UPDATE run_id=61 node=Authority source=Authority destination=TM
event=send timestamp_ns=1791283426777778708 workflow=ARL_UPDATE run_id=62 node=Authority source=Authority destination=TM
event=send timestamp_ns=1791283428319620854 workflow=ARL_UPDATE run_id=63 node=Authority source=Authority destination=TM
event=send timestamp_ns=1791283429860292032 workflow=ARL_UPDATE run_id=64 node=Authority source=Authority destination=TM
event=send timestamp_ns=1791283431395859518 workflow=ARL_UPDATE run_id=65 node=Authority source=Authority destination=TM
event=send timestamp_ns=1791283432928287394 workflow=ARL_UPDATE run_id=66 node=Authority source=Authority destination=TM
event=send timestamp_ns=1791283434472119820 workflow=ARL_UPDATE run_id=67 node=Authority source=Authority destination=TM
event=send timestamp_ns=1791283436007952825 workflow=ARL_UPDATE run_id=68 node=Authority source=Authority destination=TM
event=send timestamp_ns=1791283437542563911 workflow=ARL_UPDATE run_id=69 node=Authority source=Authority destination=TM
event=send timestamp_ns=1791283439075050696 workflow=ARL_UPDATE run_id=70 node=Authority source=Authority destination=TM
event=send timestamp_ns=1791283443222245037 workflow=KEY_RESPONSE run_id=bench_h1_key_w1 node=Authority source=Authority destination=bench_h1_key_w1
event=receive timestamp_ns=1791283444266631535 workflow=KEY_REQUEST run_id=bench_h1_key_w1 node=Authority source=TM1 destination=TM
event=send timestamp_ns=1791283446648583779 workflow=KEY_RESPONSE run_id=bench_h1_key_w2 node=Authority source=Authority destination=bench_h1_key_w2
event=receive timestamp_ns=1791283447694753677 workflow=KEY_REQUEST run_id=bench_h1_key_w2 node=Authority source=TM1 destination=TM
event=send timestamp_ns=1791283450069453597 workflow=KEY_RESPONSE run_id=bench_h1_key_w3 node=Authority source=Authority destination=bench_h1_key_w3
event=receive timestamp_ns=1791283451146809465 workflow=KEY_REQUEST run_id=bench_h1_key_w3 node=Authority source=TM1 destination=TM
event=send timestamp_ns=1791283453461187406 workflow=KEY_RESPONSE run_id=bench_h1_key_w4 node=Authority source=Authority destination=bench_h1_key_w4
event=receive timestamp_ns=1791283454510802389 workflow=KEY_REQUEST run_id=bench_h1_key_w4 node=Authority source=TM1 destination=TM
event=send timestamp_ns=1791283456887646690 workflow=KEY_RESPONSE run_id=bench_h1_key_w5 node=Authority source=Authority destination=bench_h1_key_w5
event=receive timestamp_ns=1791283457930636455 workflow=KEY_REQUEST run_id=bench_h1_key_w5 node=Authority source=TM1 destination=TM
event=send timestamp_ns=1791283460278463687 workflow=KEY_RESPONSE run_id=bench_h1_key_001 node=Authority source=Authority destination=bench_h1_key_001
event=receive timestamp_ns=1791283461326989130 workflow=KEY_REQUEST run_id=bench_h1_key_001 node=Authority source=TM1 destination=TM
event=send timestamp_ns=1791283463671004659 workflow=KEY_RESPONSE run_id=bench_h1_key_002 node=Authority source=Authority destination=bench_h1_key_002
event=receive timestamp_ns=1791283464714964021 workflow=KEY_REQUEST run_id=bench_h1_key_002 node=Authority source=TM1 destination=TM
event=send timestamp_ns=1791283467065619489 workflow=KEY_RESPONSE run_id=bench_h1_key_003 node=Authority source=Authority destination=bench_h1_key_003
event=receive timestamp_ns=1791283468106515339 workflow=KEY_REQUEST run_id=bench_h1_key_003 node=Authority source=TM1 destination=TM
event=send timestamp_ns=1791283470489122435 workflow=KEY_RESPONSE run_id=bench_h1_key_004 node=Authority source=Authority destination=bench_h1_key_004
event=receive timestamp_ns=1791283471530587402 workflow=KEY_REQUEST run_id=bench_h1_key_004 node=Authority source=TM1 destination=TM
event=send timestamp_ns=1791283473913203770 workflow=KEY_RESPONSE run_id=bench_h1_key_005 node=Authority source=Authority destination=bench_h1_key_005
event=receive timestamp_ns=1791283474954755064 workflow=KEY_REQUEST run_id=bench_h1_key_005 node=Authority source=TM1 destination=TM
event=send timestamp_ns=1791283477331097708 workflow=KEY_RESPONSE run_id=bench_h1_key_006 node=Authority source=Authority destination=bench_h1_key_006
event=receive timestamp_ns=1791283478346402169 workflow=KEY_REQUEST run_id=bench_h1_key_006 node=Authority source=TM1 destination=TM
event=send timestamp_ns=1791283479665885465 workflow=KEY_RESPONSE run_id=bench_h1_key_007 node=Authority source=Authority destination=bench_h1_key_007
event=receive timestamp_ns=1791283480682597317 workflow=KEY_REQUEST run_id=bench_h1_key_007 node=Authority source=TM1 destination=TM
event=send timestamp_ns=1791283483057748157 workflow=KEY_RESPONSE run_id=bench_h1_key_008 node=Authority source=Authority destination=bench_h1_key_008
event=receive timestamp_ns=1791283484074663023 workflow=KEY_REQUEST run_id=bench_h1_key_008 node=Authority source=TM1 destination=TM
event=send timestamp_ns=1791283486453823331 workflow=KEY_RESPONSE run_id=bench_h1_key_009 node=Authority source=Authority destination=bench_h1_key_009
event=receive timestamp_ns=1791283487498967064 workflow=KEY_REQUEST run_id=bench_h1_key_009 node=Authority source=TM1 destination=TM
event=send timestamp_ns=1791283489877882745 workflow=KEY_RESPONSE run_id=bench_h1_key_010 node=Authority source=Authority destination=bench_h1_key_010
event=receive timestamp_ns=1791283490922786582 workflow=KEY_REQUEST run_id=bench_h1_key_010 node=Authority source=TM1 destination=TM
event=send timestamp_ns=1791283493273301592 workflow=KEY_RESPONSE run_id=bench_h1_key_011 node=Authority source=Authority destination=bench_h1_key_011
event=receive timestamp_ns=1791283494314809739 workflow=KEY_REQUEST run_id=bench_h1_key_011 node=Authority source=TM1 destination=TM
event=send timestamp_ns=1791283496699044412 workflow=KEY_RESPONSE run_id=bench_h1_key_012 node=Authority source=Authority destination=bench_h1_key_012
event=receive timestamp_ns=1791283497742800552 workflow=KEY_REQUEST run_id=bench_h1_key_012 node=Authority source=TM1 destination=TM
event=send timestamp_ns=1791283500152751965 workflow=KEY_RESPONSE run_id=bench_h1_key_013 node=Authority source=Authority destination=bench_h1_key_013
event=receive timestamp_ns=1791283501194683167 workflow=KEY_REQUEST run_id=bench_h1_key_013 node=Authority source=TM1 destination=TM
event=send timestamp_ns=1791283503543260429 workflow=KEY_RESPONSE run_id=bench_h1_key_014 node=Authority source=Authority destination=bench_h1_key_014
event=receive timestamp_ns=1791283504590783912 workflow=KEY_REQUEST run_id=bench_h1_key_014 node=Authority source=TM1 destination=TM
event=send timestamp_ns=1791283506970203661 workflow=KEY_RESPONSE run_id=bench_h1_key_015 node=Authority source=Authority destination=bench_h1_key_015
event=receive timestamp_ns=1791283508010647407 workflow=KEY_REQUEST run_id=bench_h1_key_015 node=Authority source=TM1 destination=TM
event=send timestamp_ns=1791283511407151448 workflow=KEY_RESPONSE run_id=bench_h1_key_016 node=Authority source=Authority destination=bench_h1_key_016
event=receive timestamp_ns=1791283512430438669 workflow=KEY_REQUEST run_id=bench_h1_key_016 node=Authority source=TM1 destination=TM
event=send timestamp_ns=1791283513745524409 workflow=KEY_RESPONSE run_id=bench_h1_key_017 node=Authority source=Authority destination=bench_h1_key_017
event=receive timestamp_ns=1791283514762503846 workflow=KEY_REQUEST run_id=bench_h1_key_017 node=Authority source=TM1 destination=TM
event=send timestamp_ns=1791283517111435744 workflow=KEY_RESPONSE run_id=bench_h1_key_018 node=Authority source=Authority destination=bench_h1_key_018
event=receive timestamp_ns=1791283518154714218 workflow=KEY_REQUEST run_id=bench_h1_key_018 node=Authority source=TM1 destination=TM
event=send timestamp_ns=1791283520530420322 workflow=KEY_RESPONSE run_id=bench_h1_key_019 node=Authority source=Authority destination=bench_h1_key_019
event=receive timestamp_ns=1791283521546729371 workflow=KEY_REQUEST run_id=bench_h1_key_019 node=Authority source=TM1 destination=TM
event=send timestamp_ns=1791283523893489528 workflow=KEY_RESPONSE run_id=bench_h1_key_020 node=Authority source=Authority destination=bench_h1_key_020
event=receive timestamp_ns=1791283524942542206 workflow=KEY_REQUEST run_id=bench_h1_key_020 node=Authority source=TM1 destination=TM
event=send timestamp_ns=1791283528335624162 workflow=KEY_RESPONSE run_id=bench_h1_key_021 node=Authority source=Authority destination=bench_h1_key_021
event=receive timestamp_ns=1791283529354412286 workflow=KEY_REQUEST run_id=bench_h1_key_021 node=Authority source=TM1 destination=TM
event=send timestamp_ns=1791283531699529237 workflow=KEY_RESPONSE run_id=bench_h1_key_022 node=Authority source=Authority destination=bench_h1_key_022
event=receive timestamp_ns=1791283532714586322 workflow=KEY_REQUEST run_id=bench_h1_key_022 node=Authority source=TM1 destination=TM
event=send timestamp_ns=1791283534033453384 workflow=KEY_RESPONSE run_id=bench_h1_key_023 node=Authority source=Authority destination=bench_h1_key_023
event=receive timestamp_ns=1791283535050674348 workflow=KEY_REQUEST run_id=bench_h1_key_023 node=Authority source=TM1 destination=TM
event=send timestamp_ns=1791283538415907257 workflow=KEY_RESPONSE run_id=bench_h1_key_024 node=Authority source=Authority destination=bench_h1_key_024
event=receive timestamp_ns=1791283539438519004 workflow=KEY_REQUEST run_id=bench_h1_key_024 node=Authority source=TM1 destination=TM
event=send timestamp_ns=1791283541777766246 workflow=KEY_RESPONSE run_id=bench_h1_key_025 node=Authority source=Authority destination=bench_h1_key_025
event=receive timestamp_ns=1791283542794577043 workflow=KEY_REQUEST run_id=bench_h1_key_025 node=Authority source=TM1 destination=TM
event=send timestamp_ns=1791283545137571236 workflow=KEY_RESPONSE run_id=bench_h1_key_026 node=Authority source=Authority destination=bench_h1_key_026
event=receive timestamp_ns=1791283546154548051 workflow=KEY_REQUEST run_id=bench_h1_key_026 node=Authority source=TM1 destination=TM
event=send timestamp_ns=1791283548499607722 workflow=KEY_RESPONSE run_id=bench_h1_key_027 node=Authority source=Authority destination=bench_h1_key_027
event=receive timestamp_ns=1791283549518534088 workflow=KEY_REQUEST run_id=bench_h1_key_027 node=Authority source=TM1 destination=TM
event=send timestamp_ns=1791283552911145945 workflow=KEY_RESPONSE run_id=bench_h1_key_028 node=Authority source=Authority destination=bench_h1_key_028
event=receive timestamp_ns=1791283553930769337 workflow=KEY_REQUEST run_id=bench_h1_key_028 node=Authority source=TM1 destination=TM
event=send timestamp_ns=1791283556277012721 workflow=KEY_RESPONSE run_id=bench_h1_key_029 node=Authority source=Authority destination=bench_h1_key_029
event=receive timestamp_ns=1791283557322585919 workflow=KEY_REQUEST run_id=bench_h1_key_029 node=Authority source=TM1 destination=TM
event=send timestamp_ns=1791283559665120511 workflow=KEY_RESPONSE run_id=bench_h1_key_030 node=Authority source=Authority destination=bench_h1_key_030
event=receive timestamp_ns=1791283560686647641 workflow=KEY_REQUEST run_id=bench_h1_key_030 node=Authority source=TM1 destination=TM
