event=receive timestamp_ns=1791283278250791558 workflow=KEY_REQUEST run_id=bench_h1_setup node=U2 source=TM1 destination=TM
event=receive timestamp_ns=1791283280986048275 workflow=CT_SHARE run_id=1 node=U2 source=TM1 destination=TM
event=receive timestamp_ns=1791283282489672324 workflow=CT_SHARE run_id=2 node=U2 source=TM1 destination=TM
event=receive timestamp_ns=1791283284053761100 workflow=CT_SHARE run_id=3 node=U2 source=TM1 destination=TM
event=receive timestamp_ns=1791283285556362315 workflow=CT_SHARE run_id=4 node=U2 source=TM1 destination=TM
event=receive timestamp_ns=1791283287132535811 workflow=CT_SHARE run_id=5 node=U2 source=TM1 destination=TM
event=receive timestamp_ns=1791283288700504367 workflow=CT_SHARE run_id=6 node=U2 source=TM1 destination=TM
event=receive timestamp_ns=1791283290237577209 workflow=CT_SHARE run_id=7 node=U2 source=TM1 destination=TM
event=receive timestamp_ns=1791283291805910251 workflow=CT_SHARE run_id=8 node=U2 source=TM1 destination=TM
event=receive timestamp_ns=1791283293340905347 workflow=CT_SHARE run_id=9 node=U2 source=TM1 destination=TM
event=receive timestamp_ns=1791283294877150633 workflow=CT_SHARE run_id=10 node=U2 source=TM1 destination=TM
event=receive timestamp_ns=1791283296409486333 workflow=CT_SHARE run_id=11 node=U2 source=TM1 destination=TM
event=receive timestamp_ns=1791283297949953698 workflow=CT_SHARE run_id=12 node=U2 source=TM1 destination=TM
event=receive timestamp_ns=1791283299515614279 workflow=CT_SHARE run_id=13 node=U2 source=TM1 destination=TM
event=receive timestamp_ns=1791283301048142108 workflow=CT_SHARE run_id=14 node=U2 source=TM1 destination=TM
event=receive timestamp_ns=1791283302551221959 workflow=CT_SHARE run_id=15 node=U2 source=TM1 destination=TM
event=receive timestamp_ns=1791283304120305165 workflow=CT_SHARE run_id=16 node=U2 source=TM1 destination=TM
event=receive timestamp_ns=1791283305619535421 workflow=CT_SHARE run_id=17 node=U2 source=TM1 destination=TM
event=receive timestamp_ns=1791283307158506882 workflow=CT_SHARE run_id=18 node=U2 source=TM1 destination=TM
event=receive timestamp_ns=1791283308726920866 workflow=CT_SHARE run_id=19 node=U2 source=TM1 destination=TM
event=receive timestamp_ns=1791283310294925158 workflow=CT_SHARE run_id=20 node=U2 source=TM1 destination=TM
event=receive timestamp_ns=1791283311862993181 workflow=CT_SHARE run_id=21 node=U2 source=TM1 destination=TM
event=receive timestamp_ns=1791283313367913067 workflow=CT_SHARE run_id=22 node=U2 source=TM1 destination=TM
event=receive timestamp_ns=1791283314907827411 workflow=CT_SHARE run_id=23 node=U2 source=TM1 destination=TM
event=receive timestamp_ns=1791283316440589505 workflow=CT_SHARE run_id=24 node=U2 source=TM1 destination=TM
event=receive timestamp_ns=1791283318011829069 workflow=CT_SHARE run_id=25 node=U2 source=TM1 destination=TM
event=receive timestamp_ns=1791283319511070392 workflow=CT_SHARE run_id=26 node=U2 source=TM1 destination=TM
event=receive timestamp_ns=1791283321109857437 workflow=CT_SHARE run_id=27 node=U2 source=TM1 destination=TM
event=receive timestamp_ns=1791283322648205987 workflow=CT_SHARE run_id=28 node=U2 source=TM1 destination=TM
event=receive timestamp_ns=1791283324221682122 workflow=CT_SHARE run_id=29 node=U2 source=TM1 destination=TM
event=receive timestamp_ns=1791283325723729374 workflow=CT_SHARE run_id=30 node=U2 source=TM1 destination=TM
event=receive timestamp_ns=1791283327285718148 workflow=CT_SHARE run_id=31 node=U2 source=TM1 destination=TM
event=receive timestamp_ns=1791283328793322703 workflow=CT_SHARE run_id=32 node=U2 source=TM1 destination=TM
event=receive timestamp_ns=1791283330328705057 workflow=CT_SHARE run_id=33 node=U2 source=TM1 destination=TM
event=receive timestamp_ns=1791283331898360899 workflow=CT_SHARE run_id=34 node=U2 source=TM1 destination=TM
event=receive timestamp_ns=1791283333722082013 workflow=CT_SHARE run_id=35 node=U2 source=TM1 destination=TM
event=receive timestamp_ns=1791283333730879197 workflow=ARL_UPDATE run_id=1 node=U2 source=Authority destination=TM
event=receive timestamp_ns=1791283335256121129 workflow=ARL_UPDATE run_id=2 node=U2 source=Authority destination=TM
event=receive timestamp_ns=1791283336821523702 workflow=ARL_UPDATE run_id=3 node=U2 source=Authority destination=TM
event=receive timestamp_ns=1791283338325104626 workflow=ARL_UPDATE run_id=4 node=U2 source=Authority destination=TM
event=receive timestamp_ns=1791283339855075200 workflow=ARL_UPDATE run_id=5 node=U2 source=Authority destination=TM
event=receive timestamp_ns=1791283341430275227 workflow=ARL_UPDATE run_id=6 node=U2 source=Authority destination=TM
event=receive timestamp_ns=1791283342965160498 workflow=ARL_UPDATE run_id=7 node=U2 source=Authority destination=TM
event=receive timestamp_ns=1791283344495567711 workflow=ARL_UPDATE run_id=8 node=U2 source=Authority destination=TM
event=receive timestamp_ns=1791283346094097019 workflow=ARL_UPDATE run_id=9 node=U2 source=Authority destination=TM
event=receive timestamp_ns=1791283347637839701 workflow=ARL_UPDATE run_id=10 node=U2 source=Authority destination=TM
event=receive timestamp_ns=1791283349177312409 workflow=ARL_UPDATE run_id=11 node=U2 source=Authority destination=TM
event=receive timestamp_ns=1791283350709226339 workflow=ARL_UPDATE run_id=12 node=U2 source=Authority destination=TM
event=receive timestamp_ns=1791283352278200186 workflow=ARL_UPDATE run_id=13 node=U2 source=Authority destination=TM
event=receive timestamp_ns=1791283353812164598 workflow=ARL_UPDATE run_id=14 node=U2 source=Authority destination=TM
event=receive timestamp_ns=1791283355347052342 workflow=ARL_UPDATE run_id=15 node=U2 source=Authority destination=TM
event=receive timestamp_ns=1791283356981021624 workflow=ARL_UPDATE run_id=16 node=U2 source=Authority destination=TM
event=receive timestamp_ns=1791283358486935321 workflow=ARL_UPDATE run_id=17 node=U2 source=Authority destination=TM
event=receive timestamp_ns=1791283360052550759 workflow=ARL_UPDATE run_id=18 node=U2 source=Authority destination=TM
event=receive timestamp_ns=1791283361561813654 workflow=ARL_UPDATE run_id=19 node=U2 source=Authority destination=TM
event=receive timestamp_ns=1791283363099559342 workflow=ARL_UPDATE run_id=20 node=U2 source=Authority destination=TM
event=receive timestamp_ns=1791283364629096536 workflow=ARL_UPDATE run_id=21 node=U2 source=Authority destination=TM
event=receive timestamp_ns=1791283366165935616 workflow=ARL_UPDATE run_id=22 node=U2 source=Authority destination=TM
event=receive timestamp_ns=1791283367706814788 workflow=ARL_UPDATE run_id=23 node=U2 source=Authority destination=TM
event=receive timestamp_ns=1791283369235289636 workflow=ARL_UPDATE run_id=24 node=U2 source=Authority destination=TM
event=receive timestamp_ns=1791283370774430077 workflow=ARL_UPDATE run_id=25 node=U2 source=Authority destination=TM
event=receive timestamp_ns=1791283372372379982 workflow=ARL_UPDATE run_id=26 node=U2 source=Authority destination=TM
event=receive timestamp_ns=1791283373908121719 workflow=ARL_UPDATE run_id=27 node=U2 source=Authority destination=TM
event=receive timestamp_ns=1791283375445957166 workflow=ARL_UPDATE run_id=28 node=U2 source=Authority destination=TM
event=receive timestamp_ns=1791283377015015704 workflow=ARL_UPDATE run_id=29 node=U2 source=Authority destination=TM
event=receive timestamp_ns=1791283378519138995 workflow=ARL_UPDATE run_id=30 node=U2 source=Authority destination=TM
event=receive timestamp_ns=1791283380079044698 workflow=ARL_UPDATE run_id=31 node=U2 source=Authority destination=TM
event=receive timestamp_ns=1791283381586050612 workflow=ARL_UPDATE run_id=32 node=U2 source=Authority destination=TM
event=receive timestamp_ns=1791283383158022616 workflow=ARL_UPDATE run_id=33 node=U2 source=Authority destination=TM
event=receive timestamp_ns=1791283384659327465 workflow=ARL_UPDATE run_id=34 node=U2 source=Authority destination=TM
event=receive timestamp_ns=1791283386229319744 workflow=ARL_UPDATE run_id=35 node=U2 source=Authority destination=TM
event=receive timestamp_ns=1791283387730095931 workflow=ARL_UPDATE run_id=36 node=U2 source=Authority destination=TM
event=receive timestamp_ns=1791283389302603029 workflow=ARL_UPDATE run_id=37 node=U2 source=Authority destination=TM
event=receive timestamp_ns=1791283390806768309 workflow=ARL_UPDATE run_id=38 node=U2 source=Authority destination=TM
event=receive timestamp_ns=1791283392341080292 workflow=ARL_UPDATE run_id=39 node=U2 source=Authority destination=TM
event=receive timestamp_ns=1791283393873763380 workflow=ARL_UPDATE run_id=40 node=U2 source=Authority destination=TM
event=receive timestamp_ns=1791283395444108504 workflow=ARL_UPDATE run_id=41 node=U2 source=Authority destination=TM
event=receive timestamp_ns=1791283396950443307 workflow=ARL_UPDATE run_id=42 node=U2 source=Authority destination=TM
event=receive timestamp_ns=1791283398486292866 workflow=ARL_UPDATE run_id=43 node=U2 source=Authority destination=TM
event=receive timestamp_ns=1791283400015612457 workflow=ARL_UPDATE run_id=44 node=U2 source=Authority destination=TM
event=receive timestamp_ns=1791283401557621627 workflow=ARL_UPDATE run_id=45 node=U2 source=Authority destination=TM
event=receive timestamp_ns=1791283403094228459 workflow=ARL_UPDATE run_id=46 node=U2 source=Authority destination=TM
event=receive timestamp_ns=1791283404631622610 workflow=ARL_UPDATE run_id=47 node=U2 source=Authority destination=TM
event=receive timestamp_ns=1791283406168860069 workflow=ARL_UPDATE run_id=48 node=U2 source=Authority destination=TM
event=receive timestamp_ns=1791283407702068235 workflow=ARL_UPDATE run_id=49 node=U2 source=Authority destination=TM
event=receive timestamp_ns=1791283409238301443 workflow=ARL_UPDATE run_id=50 node=U2 source=Authority destination=TM
event=receive timestamp_ns=1791283410778083237 workflow=ARL_UPDATE run_id=51 node=U2 source=Authority destination=TM
event=receive timestamp_ns=1791283412342937533 workflow=ARL_UPDATE run_id=52 node=U2 source=Authority destination=TM
event=receive timestamp_ns=1791283413874799522 workflow=ARL_UPDATE run_id=53 node=U2 source=Authority destination=TM
event=receive timestamp_ns=1791283415411057814 workflow=ARL_UPDATE run_id=54 node=U2 source=Authority destination=TM
event=receive timestamp_ns=1791283416949617502 workflow=ARL_UPDATE run_id=55 node=U2 source=Authority destination=TM
event=receive timestamp_ns=1791283418481239813 workflow=ARL_UPDATE run_id=56 node=U2 source=Authority destination=TM
event=receive timestamp_ns=1791283420017014595 workflow=ARL_UPDATE run_id=57 node=U2 source=Authority destination=TM
event=receive timestamp_ns=1791283421555440463 workflow=ARL_UPDATE run_id=58 node=U2 source=Authority destination=TM
event=receive timestamp_ns=1791283423090093494 workflow=ARL_UPDATE run_id=59 node=U2 source=Authority destination=TM
event=receive timestamp_ns=1791283424629176613 workflow=ARL_UPDATE run_id=60 node=U2 source=Authority destination=TM
event=receive timestamp_ns=1791283426165399919 workflow=ARL_UPDATE run_id=61 node=U2 source=Authority destination=TM
event=receive timestamp_ns=1791283427696864413 workflow=ARL_UPDATE run_id=62 node=U2 source=Authority destination=TM
event=receive timestamp_ns=1791283429236679255 workflow=ARL_UPDATE run_id=63 node=U2 source=Authority destination=TM
event=receive timestamp_ns=1791283430771012292 workflow=ARL_UPDATE run_id=64 node=U2 source=Authority destination=TM
event=receive timestamp_ns=1791283432310879146 workflow=ARL_UPDATE run_id=65 node=U2 source=Authority destination=TM
event=receive timestamp_ns=1791283433845159868 workflow=ARL_UPDATE run_id=66 node=U2 source=Authority destination=TM
event=receive timestamp_ns=1791283435388710312 workflow=ARL_UPDATE run_id=67 node=U2 source=Authority destination=TM
event=receive timestamp_ns=1791283436917380469 workflow=ARL_UPDATE run_id=68 node=U2 source=Authority destination=TM
event=receive timestamp_ns=1791283438486271168 workflow=ARL_UPDATE run_id=69 node=U2 source=Authority destination=TM
event=receive timestamp_ns=1791283439981982711 workflow=ARL_UPDATE run_id=70 node=U2 source=Authority destination=TM
event=receive timestamp_ns=1791283442667064831 workflow=KEY_REQUEST run_id=bench_h1_key_w1 node=U2 source=TM1 destination=TM
event=receive timestamp_ns=1791283446698835545 workflow=KEY_REQUEST run_id=bench_h1_key_w2 node=U2 source=TM1 destination=TM
event=receive timestamp_ns=1791283450122690753 workflow=KEY_REQUEST run_id=bench_h1_key_w3 node=U2 source=TM1 destination=TM
event=receive timestamp_ns=1791283453547010026 workflow=KEY_REQUEST run_id=bench_h1_key_w4 node=U2 source=TM1 destination=TM
event=receive timestamp_ns=1791283456938643279 workflow=KEY_REQUEST run_id=bench_h1_key_w5 node=U2 source=TM1 destination=TM
event=receive timestamp_ns=1791283459754833614 workflow=KEY_REQUEST run_id=bench_h1_key_001 node=U2 source=TM1 destination=TM
event=receive timestamp_ns=1791283463659138752 workflow=KEY_REQUEST run_id=bench_h1_key_002 node=U2 source=TM1 destination=TM
event=receive timestamp_ns=1791283467147162371 workflow=KEY_REQUEST run_id=bench_h1_key_003 node=U2 source=TM1 destination=TM
event=receive timestamp_ns=1791283470538786599 workflow=KEY_REQUEST run_id=bench_h1_key_004 node=U2 source=TM1 destination=TM
event=receive timestamp_ns=1791283473962847828 workflow=KEY_REQUEST run_id=bench_h1_key_005 node=U2 source=TM1 destination=TM
event=receive timestamp_ns=1791283477386673291 workflow=KEY_REQUEST run_id=bench_h1_key_006 node=U2 source=TM1 destination=TM
event=receive timestamp_ns=1791283480874855423 workflow=KEY_REQUEST run_id=bench_h1_key_007 node=U2 source=TM1 destination=TM
event=receive timestamp_ns=1791283483114861738 workflow=KEY_REQUEST run_id=bench_h1_key_008 node=U2 source=TM1 destination=TM
event=receive timestamp_ns=1791283485934900025 workflow=KEY_REQUEST run_id=bench_h1_key_009 node=U2 source=TM1 destination=TM
event=receive timestamp_ns=1791283489866743239 workflow=KEY_REQUEST run_id=bench_h1_key_010 node=U2 source=TM1 destination=TM
event=receive timestamp_ns=1791283493358820364 workflow=KEY_REQUEST run_id=bench_h1_key_011 node=U2 source=TM1 destination=TM
event=receive timestamp_ns=1791283496746745627 workflow=KEY_REQUEST run_id=bench_h1_key_012 node=U2 source=TM1 destination=TM
event=receive timestamp_ns=1791283500170764334 workflow=KEY_REQUEST run_id=bench_h1_key_013 node=U2 source=TM1 destination=TM
event=receive timestamp_ns=1791283503626853671 workflow=KEY_REQUEST run_id=bench_h1_key_014 node=U2 source=TM1 destination=TM
event=receive timestamp_ns=1791283507019042566 workflow=KEY_REQUEST run_id=bench_h1_key_015 node=U2 source=TM1 destination=TM
event=receive timestamp_ns=1791283510890519556 workflow=KEY_REQUEST run_id=bench_h1_key_016 node=U2 source=TM1 destination=TM
event=receive timestamp_ns=1791283514954529820 workflow=KEY_REQUEST run_id=bench_h1_key_017 node=U2 source=TM1 destination=TM
event=receive timestamp_ns=1791283516590634244 workflow=KEY_REQUEST run_id=bench_h1_key_018 node=U2 source=TM1 destination=TM
event=receive timestamp_ns=1791283520526615316 workflow=KEY_REQUEST run_id=bench_h1_key_019 node=U2 source=TM1 destination=TM
event=receive timestamp_ns=1791283523882439238 workflow=KEY_REQUEST run_id=bench_h1_key_020 node=U2 source=TM1 destination=TM
event=receive timestamp_ns=1791283529546674018 workflow=KEY_REQUEST run_id=bench_h1_key_021 node=U2 source=TM1 destination=TM
event=receive timestamp_ns=1791283531178628486 workflow=KEY_REQUEST run_id=bench_h1_key_022 node=U2 source=TM1 destination=TM
event=receive timestamp_ns=1791283535242636787 workflow=KEY_REQUEST run_id=bench_h1_key_023 node=U2 source=TM1 destination=TM
event=receive timestamp_ns=1791283537898700437 workflow=KEY_REQUEST run_id=bench_h1_key_024 node=U2 source=TM1 destination=TM
event=receive timestamp_ns=1791283542986628731 workflow=KEY_REQUEST run_id=bench_h1_key_025 node=U2 source=TM1 destination=TM
event=receive timestamp_ns=1791283544618702155 workflow=KEY_REQUEST run_id=bench_h1_key_026 node=U2 source=TM1 destination=TM
event=receive timestamp_ns=1791283549706652707 workflow=KEY_REQUEST run_id=bench_h1_key_027 node=U2 source=TM1 destination=TM
event=receive timestamp_ns=1791283554122609052 workflow=KEY_REQUEST run_id=bench_h1_key_028 node=U2 source=TM1 destination=TM
event=receive timestamp_ns=1791283555755738286 workflow=KEY_REQUEST run_id=bench_h1_key_029 node=U2 source=TM1 destination=TM
event=receive timestamp_ns=1791283559658753784 workflow=KEY_REQUEST run_id=bench_h1_key_030 node=U2 source=TM1 destination=TM
