event=receive timestamp_ns=1791283277099008813 workflow=KEY_REQUEST run_id=bench_h1_setup node=U3 source=TM1 destination=TM
event=receive timestamp_ns=1791283281114261883 workflow=CT_SHARE run_id=1 node=U3 source=TM1 destination=TM
event=receive timestamp_ns=1791283282579806063 workflow=CT_SHARE run_id=2 node=U3 source=TM1 destination=TM
event=receive timestamp_ns=1791283284153211279 workflow=CT_SHARE run_id=3 node=U3 source=TM1 destination=TM
event=receive timestamp_ns=1791283285655128158 workflow=CT_SHARE run_id=4 node=U3 source=TM1 destination=TM
event=receive timestamp_ns=1791283287229032303 workflow=CT_SHARE run_id=5 node=U3 source=TM1 destination=TM
event=receive timestamp_ns=1791283288795027632 workflow=CT_SHARE run_id=6 node=U3 source=TM1 destination=TM
event=receive timestamp_ns=1791283290330686928 workflow=CT_SHARE run_id=7 node=U3 source=TM1 destination=TM
event=receive timestamp_ns=1791283291904694290 workflow=CT_SHARE run_id=8 node=U3 source=TM1 destination=TM
event=receive timestamp_ns=1791283293440467876 workflow=CT_SHARE run_id=9 node=U3 source=TM1 destination=TM
event=receive timestamp_ns=1791283294968917477 workflow=CT_SHARE run_id=10 node=U3 source=TM1 destination=TM
event=receive timestamp_ns=1791283296502856667 workflow=CT_SHARE run_id=11 node=U3 source=TM1 destination=TM
event=receive timestamp_ns=1791283298039879370 workflow=CT_SHARE run_id=12 node=U3 source=TM1 destination=TM
event=receive timestamp_ns=1791283299609250836 workflow=CT_SHARE run_id=13 node=U3 source=TM1 destination=TM
event=receive timestamp_ns=1791283301140534582 workflow=CT_SHARE run_id=14 node=U3 source=TM1 destination=TM
event=receive timestamp_ns=1791283302648636547 workflow=CT_SHARE run_id=15 node=U3 source=TM1 destination=TM
event=receive timestamp_ns=1791283304214324983 workflow=CT_SHARE run_id=16 node=U3 source=TM1 destination=TM
event=receive timestamp_ns=1791283305713534066 workflow=CT_SHARE run_id=17 node=U3 source=TM1 destination=TM
event=receive timestamp_ns=1791283307252430426 workflow=CT_SHARE run_id=18 node=U3 source=TM1 destination=TM
event=receive timestamp_ns=1791283308823677011 workflow=CT_SHARE run_id=19 node=U3 source=TM1 destination=TM
event=receive timestamp_ns=1791283310387887687 workflow=CT_SHARE run_id=20 node=U3 source=TM1 destination=TM
event=receive timestamp_ns=1791283311954945682 workflow=CT_SHARE run_id=21 node=U3 source=TM1 destination=TM
event=receive timestamp_ns=1791283313470010724 workflow=CT_SHARE run_id=22 node=U3 source=TM1 destination=TM
event=receive timestamp_ns=1791283315033261231 workflow=CT_SHARE run_id=23 node=U3 source=TM1 destination=TM
event=receive timestamp_ns=1791283316531735124 workflow=CT_SHARE run_id=24 node=U3 source=TM1 destination=TM
event=receive timestamp_ns=1791283318106372073 workflow=CT_SHARE run_id=25 node=U3 source=TM1 destination=TM
event=receive timestamp_ns=1791283319608920033 workflow=CT_SHARE run_id=26 node=U3 source=TM1 destination=TM
event=receive timestamp_ns=1791283321209357242 workflow=CT_SHARE run_id=27 node=U3 source=TM1 destination=TM
event=receive timestamp_ns=1791283322740488275 workflow=CT_SHARE run_id=28 node=U3 source=TM1 destination=TM
event=receive timestamp_ns=1791283324280172674 workflow=CT_SHARE run_id=29 node=U3 source=TM1 destination=TM
event=receive timestamp_ns=1791283325819133308 workflow=CT_SHARE run_id=30 node=U3 source=TM1 destination=TM
event=receive timestamp_ns=1791283327387012350 workflow=CT_SHARE run_id=31 node=U3 source=TM1 destination=TM
event=receive timestamp_ns=1791283328922057770 workflow=CT_SHARE run_id=32 node=U3 source=TM1 destination=TM
event=receive timestamp_ns=1791283330420263118 workflow=CT_SHARE run_id=33 node=U3 source=TM1 destination=TM
event=receive timestamp_ns=1791283331992140971 workflow=CT_SHARE run_id=34 node=U3 source=TM1 destination=TM
event=receive timestamp_ns=1791283333817717209 workflow=CT_SHARE run_id=35 node=U3 source=TM1 destination=TM
event=receive timestamp_ns=1791283333824069963 workflow=ARL_UPDATE run_id=1 node=U3 source=Authority destination=TM
event=receive timestamp_ns=1791283335348622598 workflow=ARL_UPDATE run_id=2 node=U3 source=Authority destination=TM
event=receive timestamp_ns=1791283336916105376 workflow=ARL_UPDATE run_id=3 node=U3 source=Authority destination=TM
event=receive timestamp_ns=1791283338419217500 workflow=ARL_UPDATE run_id=4 node=U3 source=Authority destination=TM
event=receive timestamp_ns=1791283339987044191 workflow=ARL_UPDATE run_id=5 node=U3 source=Authority destination=TM
event=receive timestamp_ns=1791283341525265411 workflow=ARL_UPDATE run_id=6 node=U3 source=Authority destination=TM
event=receive timestamp_ns=1791283343059870778 workflow=ARL_UPDATE run_id=7 node=U3 source=Authority destination=TM
event=receive timestamp_ns=1791283344597170225 workflow=ARL_UPDATE run_id=8 node=U3 source=Authority destination=TM
event=receive timestamp_ns=1791283346194547866 workflow=ARL_UPDATE run_id=9 node=U3 source=Authority destination=TM
event=receive timestamp_ns=1791283347764683834 workflow=ARL_UPDATE run_id=10 node=U3 source=Authority destination=TM
event=receive timestamp_ns=1791283349267919877 workflow=ARL_UPDATE run_id=11 node=U3 source=Authority destination=TM
event=receive timestamp_ns=1791283350803884148 workflow=ARL_UPDATE run_id=12 node=U3 source=Authority destination=TM
event=receive timestamp_ns=1791283352373601389 workflow=ARL_UPDATE run_id=13 node=U3 source=Authority destination=TM
event=receive timestamp_ns=1791283353940113348 workflow=ARL_UPDATE run_id=14 node=U3 source=Authority destination=TM
event=receive timestamp_ns=1791283355443929433 workflow=ARL_UPDATE run_id=15 node=U3 source=Authority destination=TM
event=receive timestamp_ns=1791283357039409613 workflow=ARL_UPDATE run_id=16 node=U3 source=Authority destination=TM
event=receive timestamp_ns=1791283358578428074 workflow=ARL_UPDATE run_id=17 node=U3 source=Authority destination=TM
event=receive timestamp_ns=1791283360146454682 workflow=ARL_UPDATE run_id=18 node=U3 source=Authority destination=TM
event=receive timestamp_ns=1791283361651057357 workflow=ARL_UPDATE run_id=19 node=U3 source=Authority destination=TM
event=receive timestamp_ns=1791283363188702577 workflow=ARL_UPDATE run_id=20 node=U3 source=Authority destination=TM
event=receive timestamp_ns=1791283364757836992 workflow=ARL_UPDATE run_id=21 node=U3 source=Authority destination=TM
event=receive timestamp_ns=1791283366260963876 workflow=ARL_UPDATE run_id=22 node=U3 source=Authority destination=TM
event=receive timestamp_ns=1791283367796426326 workflow=ARL_UPDATE run_id=23 node=U3 source=Authority destination=TM
event=receive timestamp_ns=1791283369333501861 workflow=ARL_UPDATE run_id=24 node=U3 source=Authority destination=TM
event=receive timestamp_ns=1791283370867961169 workflow=ARL_UPDATE run_id=25 node=U3 source=Authority destination=TM
event=receive timestamp_ns=1791283372468454488 workflow=ARL_UPDATE run_id=26 node=U3 source=Authority destination=TM
event=receive timestamp_ns=1791283374004256140 workflow=ARL_UPDATE run_id=27 node=U3 source=Authority destination=TM
event=receive timestamp_ns=1791283375539241812 workflow=ARL_UPDATE run_id=28 node=U3 source=Authority destination=TM
event=receive timestamp_ns=1791283377072141657 workflow=ARL_UPDATE run_id=29 node=U3 source=Authority destination=TM
event=receive timestamp_ns=1791283378639620627 workflow=ARL_UPDATE run_id=30 node=U3 source=Authority destination=TM
event=receive timestamp_ns=1791283380181527221 workflow=ARL_UPDATE run_id=31 node=U3 source=Authority destination=TM
event=receive timestamp_ns=1791283381676757768 workflow=ARL_UPDATE run_id=32 node=U3 source=Authority destination=TM
event=receive timestamp_ns=1791283383254707202 workflow=ARL_UPDATE run_id=33 node=U3 source=Authority destination=TM
event=receive timestamp_ns=1791283384752574346 workflow=ARL_UPDATE run_id=34 node=U3 source=Authority destination=TM
event=receive timestamp_ns=1791283386286876939 workflow=ARL_UPDATE run_id=35 node=U3 source=Authority destination=TM
event=receive timestamp_ns=1791283387825761798 workflow=ARL_UPDATE run_id=36 node=U3 source=Authority destination=TM
event=receive timestamp_ns=1791283389399801523 workflow=ARL_UPDATE run_id=37 node=U3 source=Authority destination=TM
event=receive timestamp_ns=1791283390902617299 workflow=ARL_UPDATE run_id=38 node=U3 source=Authority destination=TM
event=receive timestamp_ns=1791283392434936371 workflow=ARL_UPDATE run_id=39 node=U3 source=Authority destination=TM
event=receive timestamp_ns=1791283393972024707 workflow=ARL_UPDATE run_id=40 node=U3 source=Authority destination=TM
event=receive timestamp_ns=1791283395538023072 workflow=ARL_UPDATE run_id=41 node=U3 source=Authority destination=TM
event=receive timestamp_ns=1791283397043880055 workflow=ARL_UPDATE run_id=42 node=U3 source=Authority destination=TM
event=receive timestamp_ns=1791283398579836071 workflow=ARL_UPDATE run_id=43 node=U3 source=Authority destination=TM
event=receive timestamp_ns=1791283400149124339 workflow=ARL_UPDATE run_id=44 node=U3 source=Authority destination=TM
event=receive timestamp_ns=1791283401683913421 workflow=ARL_UPDATE run_id=45 node=U3 source=Authority destination=TM
event=receive timestamp_ns=1791283403187753394 workflow=ARL_UPDATE run_id=46 node=U3 source=Authority destination=TM
event=receive timestamp_ns=1791283404723911925 workflow=ARL_UPDATE run_id=47 node=U3 source=Authority destination=TM
event=receive timestamp_ns=1791283406261005650 workflow=ARL_UPDATE run_id=48 node=U3 source=Authority destination=TM
event=receive timestamp_ns=1791283407827822474 workflow=ARL_UPDATE run_id=49 node=U3 source=Authority destination=TM
event=receive timestamp_ns=1791283409332268266 workflow=ARL_UPDATE run_id=50 node=U3 source=Authority destination=TM
event=receive timestamp_ns=1791283410869394058 workflow=ARL_UPDATE run_id=51 node=U3 source=Authority destination=TM
event=receive timestamp_ns=1791283412436389199 workflow=ARL_UPDATE run_id=52 node=U3 source=Authority destination=TM
event=receive timestamp_ns=1791283413971594720 workflow=ARL_UPDATE run_id=53 node=U3 source=Authority destination=TM
event=receive timestamp_ns=1791283415507955485 workflow=ARL_UPDATE run_id=54 node=U3 source=Authority destination=TM
event=receive timestamp_ns=1791283417040379993 workflow=ARL_UPDATE run_id=55 node=U3 source=Authority destination=TM
event=receive timestamp_ns=1791283418607962592 workflow=ARL_UPDATE run_id=56 node=U3 source=Authority destination=TM
event=receive timestamp_ns=1791283420116138924 workflow=ARL_UPDATE run_id=57 node=U3 source=Authority destination=TM
event=receive timestamp_ns=1791283421653363669 workflow=ARL_UPDATE run_id=58 node=U3 source=Authority destination=TM
event=receive timestamp_ns=1791283423185202861 workflow=ARL_UPDATE run_id=59 node=U3 source=Authority destination=TM
event=receive timestamp_ns=1791283424721990993 workflow=ARL_UPDATE run_id=60 node=U3 source=Authority destination=TM
event=receive timestamp_ns=1791283426261446908 workflow=ARL_UPDATE run_id=61 node=U3 source=Authority destination=TM
event=receive timestamp_ns=1791283427793988051 workflow=ARL_UPDATE run_id=62 node=U3 source=Authority destination=TM
event=receive timestamp_ns=1791283429332111150 workflow=ARL_UPDATE run_id=63 node=U3 source=Authority destination=TM
event=receive timestamp_ns=1791283430867833147 workflow=ARL_UPDATE run_id=64 node=U3 source=Authority destination=TM
event=receive timestamp_ns=1791283432400808827 workflow=ARL_UPDATE run_id=65 node=U3 source=Authority destination=TM
event=receive timestamp_ns=1791283433971684286 workflow=ARL_UPDATE run_id=66 node=U3 source=Authority destination=TM
event=receive timestamp_ns=1791283435476487325 workflow=ARL_UPDATE run_id=67 node=U3 source=Authority destination=TM
event=receive timestamp_ns=1791283437010656654 workflow=ARL_UPDATE run_id=68 node=U3 source=Authority destination=TM
event=receive timestamp_ns=1791283438575856071 workflow=ARL_UPDATE run_id=69 node=U3 source=Authority destination=TM
event=receive timestamp_ns=1791283440077929691 workflow=ARL_UPDATE run_id=70 node=U3 source=Authority destination=TM
event=receive timestamp_ns=1791283442762822586 workflow=KEY_REQUEST run_id=bench_h1_key_w1 node=U3 source=TM1 destination=TM
event=receive timestamp_ns=1791283446730925401 workflow=KEY_REQUEST run_id=bench_h1_key_w2 node=U3 source=TM1 destination=TM
event=receive timestamp_ns=1791283450222593562 workflow=KEY_REQUEST run_id=bench_h1_key_w3 node=U3 source=TM1 destination=TM
event=receive timestamp_ns=1791283453547025177 workflow=KEY_REQUEST run_id=bench_h1_key_w4 node=U3 source=TM1 destination=TM
event=receive timestamp_ns=1791283457038658658 workflow=KEY_REQUEST run_id=bench_h1_key_w5 node=U3 source=TM1 destination=TM
event=receive timestamp_ns=1791283459850956666 workflow=KEY_REQUEST run_id=bench_h1_key_001 node=U3 source=TM1 destination=TM
event=receive timestamp_ns=1791283463755075378 workflow=KEY_REQUEST run_id=bench_h1_key_002 node=U3 source=TM1 destination=TM
event=receive timestamp_ns=1791283466634771416 workflow=KEY_REQUEST run_id=bench_h1_key_003 node=U3 source=TM1 destination=TM
event=receive timestamp_ns=1791283470571026155 workflow=KEY_REQUEST run_id=bench_h1_key_004 node=U3 source=TM1 destination=TM
event=receive timestamp_ns=1791283474058844100 workflow=KEY_REQUEST run_id=bench_h1_key_005 node=U3 source=TM1 destination=TM
event=receive timestamp_ns=1791283477487056604 workflow=KEY_REQUEST run_id=bench_h1_key_006 node=U3 source=TM1 destination=TM
event=receive timestamp_ns=1791283480970838829 workflow=KEY_REQUEST run_id=bench_h1_key_007 node=U3 source=TM1 destination=TM
event=receive timestamp_ns=1791283483211355178 workflow=KEY_REQUEST run_id=bench_h1_key_008 node=U3 source=TM1 destination=TM
event=receive timestamp_ns=1791283486027424712 workflow=KEY_REQUEST run_id=bench_h1_key_009 node=U3 source=TM1 destination=TM
event=receive timestamp_ns=1791283489962973016 workflow=KEY_REQUEST run_id=bench_h1_key_010 node=U3 source=TM1 destination=TM
event=receive timestamp_ns=1791283493487000564 workflow=KEY_REQUEST run_id=bench_h1_key_011 node=U3 source=TM1 destination=TM
event=receive timestamp_ns=1791283496842789277 workflow=KEY_REQUEST run_id=bench_h1_key_012 node=U3 source=TM1 destination=TM
event=receive timestamp_ns=1791283500267162186 workflow=KEY_REQUEST run_id=bench_h1_key_013 node=U3 source=TM1 destination=TM
event=receive timestamp_ns=1791283503722753512 workflow=KEY_REQUEST run_id=bench_h1_key_014 node=U3 source=TM1 destination=TM
event=receive timestamp_ns=1791283507146687443 workflow=KEY_REQUEST run_id=bench_h1_key_015 node=U3 source=TM1 destination=TM
event=receive timestamp_ns=1791283510986513195 workflow=KEY_REQUEST run_id=bench_h1_key_016 node=U3 source=TM1 destination=TM
event=receive timestamp_ns=1791283515050585417 workflow=KEY_REQUEST run_id=bench_h1_key_017 node=U3 source=TM1 destination=TM
event=receive timestamp_ns=1791283516682772480 workflow=KEY_REQUEST run_id=bench_h1_key_018 node=U3 source=TM1 destination=TM
event=receive timestamp_ns=1791283520618880235 workflow=KEY_REQUEST run_id=bench_h1_key_019 node=U3 source=TM1 destination=TM
event=receive timestamp_ns=1791283523982684151 workflow=KEY_REQUEST run_id=bench_h1_key_020 node=U3 source=TM1 destination=TM
event=receive timestamp_ns=1791283529642667267 workflow=KEY_REQUEST run_id=bench_h1_key_021 node=U3 source=TM1 destination=TM
event=receive timestamp_ns=1791283531278706271 workflow=KEY_REQUEST run_id=bench_h1_key_022 node=U3 source=TM1 destination=TM
event=receive timestamp_ns=1791283535338606356 workflow=KEY_REQUEST run_id=bench_h1_key_023 node=U3 source=TM1 destination=TM
event=receive timestamp_ns=1791283537994805547 workflow=KEY_REQUEST run_id=bench_h1_key_024 node=U3 source=TM1 destination=TM
event=receive timestamp_ns=1791283543082643378 workflow=KEY_REQUEST run_id=bench_h1_key_025 node=U3 source=TM1 destination=TM
event=receive timestamp_ns=1791283544714715971 workflow=KEY_REQUEST run_id=bench_h1_key_026 node=U3 source=TM1 destination=TM
event=receive timestamp_ns=1791283549802759355 workflow=KEY_REQUEST run_id=bench_h1_key_027 node=U3 source=TM1 destination=TM
event=receive timestamp_ns=1791283554186720253 workflow=KEY_REQUEST run_id=bench_h1_key_028 node=U3 source=TM1 destination=TM
event=receive timestamp_ns=1791283556426793111 workflow=KEY_REQUEST run_id=bench_h1_key_029 node=U3 source=TM1 destination=TM
event=receive timestamp_ns=1791283559242728157 workflow=KEY_REQUEST run_id=bench_h1_key_030 node=U3 source=TM1 destination=TM
