event=receive timestamp_ns=1791283277198693044 workflow=KEY_REQUEST run_id=bench_h1_setup node=U4 source=TM1 destination=TM
event=receive timestamp_ns=1791283281177701672 workflow=CT_SHARE run_id=1 node=U4 source=TM1 destination=TM
event=receive timestamp_ns=1791283282717277043 workflow=CT_SHARE run_id=2 node=U4 source=TM1 destination=TM
event=receive timestamp_ns=1791283284249775143 workflow=CT_SHARE run_id=3 node=U4 source=TM1 destination=TM
event=receive timestamp_ns=1791283285786626288 workflow=CT_SHARE run_id=4 node=U4 source=TM1 destination=TM
event=receive timestamp_ns=1791283287323746823 workflow=CT_SHARE run_id=5 node=U4 source=TM1 destination=TM
event=receive timestamp_ns=1791283288892161164 workflow=CT_SHARE run_id=6 node=U4 source=TM1 destination=TM
event=receive timestamp_ns=1791283290423502156 workflow=CT_SHARE run_id=7 node=U4 source=TM1 destination=TM
event=receive timestamp_ns=1791283291999366388 workflow=CT_SHARE run_id=8 node=U4 source=TM1 destination=TM
event=receive timestamp_ns=1791283293533385209 workflow=CT_SHARE run_id=9 node=U4 source=TM1 destination=TM
event=receive timestamp_ns=1791283295067772465 workflow=CT_SHARE run_id=10 node=U4 source=TM1 destination=TM
event=receive timestamp_ns=1791283296599648288 workflow=CT_SHARE run_id=11 node=U4 source=TM1 destination=TM
event=receive timestamp_ns=1791283298136882827 workflow=CT_SHARE run_id=12 node=U4 source=TM1 destination=TM
event=receive timestamp_ns=1791283299703540100 workflow=CT_SHARE run_id=13 node=U4 source=TM1 destination=TM
event=receive timestamp_ns=1791283301236883800 workflow=CT_SHARE run_id=14 node=U4 source=TM1 destination=TM
event=receive timestamp_ns=1791283302779096148 workflow=CT_SHARE run_id=15 node=U4 source=TM1 destination=TM
event=receive timestamp_ns=1791283304281518912 workflow=CT_SHARE run_id=16 node=U4 source=TM1 destination=TM
event=receive timestamp_ns=1791283305841415952 workflow=CT_SHARE run_id=17 node=U4 source=TM1 destination=TM
event=receive timestamp_ns=1791283307348578751 workflow=CT_SHARE run_id=18 node=U4 source=TM1 destination=TM
event=receive timestamp_ns=1791283308886049552 workflow=CT_SHARE run_id=19 node=U4 source=TM1 destination=TM
event=receive timestamp_ns=1791283310490708307 workflow=CT_SHARE run_id=20 node=U4 source=TM1 destination=TM
event=receive timestamp_ns=1791283312049463081 workflow=CT_SHARE run_id=21 node=U4 source=TM1 destination=TM
event=receive timestamp_ns=1791283313562905026 workflow=CT_SHARE run_id=22 node=U4 source=TM1 destination=TM
event=receive timestamp_ns=1791283315127972859 workflow=CT_SHARE run_id=23 node=U4 source=TM1 destination=TM
event=receive timestamp_ns=1791283316631918574 workflow=CT_SHARE run_id=24 node=U4 source=TM1 destination=TM
event=receive timestamp_ns=1791283318170466416 workflow=CT_SHARE run_id=25 node=U4 source=TM1 destination=TM
event=receive timestamp_ns=1791283319732749039 workflow=CT_SHARE run_id=26 node=U4 source=TM1 destination=TM
event=receive timestamp_ns=1791283321307556425 workflow=CT_SHARE run_id=27 node=U4 source=TM1 destination=TM
event=receive timestamp_ns=1791283322842816029 workflow=CT_SHARE run_id=28 node=U4 source=TM1 destination=TM
event=receive timestamp_ns=1791283324401342647 workflow=CT_SHARE run_id=29 node=U4 source=TM1 destination=TM
event=receive timestamp_ns=1791283325911020490 workflow=CT_SHARE run_id=30 node=U4 source=TM1 destination=TM
event=receive timestamp_ns=1791283327482442840 workflow=CT_SHARE run_id=31 node=U4 source=TM1 destination=TM
event=receive timestamp_ns=1791283329012504616 workflow=CT_SHARE run_id=32 node=U4 source=TM1 destination=TM
event=receive timestamp_ns=1791283330554979253 workflow=CT_SHARE run_id=33 node=U4 source=TM1 destination=TM
event=receive timestamp_ns=1791283332088772204 workflow=CT_SHARE run_id=34 node=U4 source=TM1 destination=TM
event=receive timestamp_ns=1791283333913471346 workflow=CT_SHARE run_id=35 node=U4 source=TM1 destination=TM
event=receive timestamp_ns=1791283333919522049 workflow=ARL_UPDATE run_id=1 node=U4 source=Authority destination=TM
event=receive timestamp_ns=1791283335445416368 workflow=ARL_UPDATE run_id=2 node=U4 source=Authority destination=TM
event=receive timestamp_ns=1791283337010272213 workflow=ARL_UPDATE run_id=3 node=U4 source=Authority destination=TM
event=receive timestamp_ns=1791283338516670706 workflow=ARL_UPDATE run_id=4 node=U4 source=Authority destination=TM
event=receive timestamp_ns=1791283340083985017 workflow=ARL_UPDATE run_id=5 node=U4 source=Authority destination=TM
event=receive timestamp_ns=1791283341619966284 workflow=ARL_UPDATE run_id=6 node=U4 source=Authority destination=TM
event=receive timestamp_ns=1791283343156472255 workflow=ARL_UPDATE run_id=7 node=U4 source=Authority destination=TM
event=receive timestamp_ns=1791283344692864960 workflow=ARL_UPDATE run_id=8 node=U4 source=Authority destination=TM
event=receive timestamp_ns=1791283346289027511 workflow=ARL_UPDATE run_id=9 node=U4 source=Authority destination=TM
event=receive timestamp_ns=1791283347857336105 workflow=ARL_UPDATE run_id=10 node=U4 source=Authority destination=TM
event=receive timestamp_ns=1791283349364837102 workflow=ARL_UPDATE run_id=11 node=U4 source=Authority destination=TM
event=receive timestamp_ns=1791283350900152158 workflow=ARL_UPDATE run_id=12 node=U4 source=Authority destination=TM
event=receive timestamp_ns=1791283352468261209 workflow=ARL_UPDATE run_id=13 node=U4 source=Authority destination=TM
event=receive timestamp_ns=1791283354001844991 workflow=ARL_UPDATE run_id=14 node=U4 source=Authority destination=TM
event=receive timestamp_ns=1791283355540057663 workflow=ARL_UPDATE run_id=15 node=U4 source=Authority destination=TM
event=receive timestamp_ns=1791283357142612320 workflow=ARL_UPDATE run_id=16 node=U4 source=Authority destination=TM
event=receive timestamp_ns=1791283358673811648 workflow=ARL_UPDATE run_id=17 node=U4 source=Authority destination=TM
event=receive timestamp_ns=1791283360207730227 workflow=ARL_UPDATE run_id=18 node=U4 source=Authority destination=TM
event=receive timestamp_ns=1791283361784210999 workflow=ARL_UPDATE run_id=19 node=U4 source=Authority destination=TM
event=receive timestamp_ns=1791283363284041917 workflow=ARL_UPDATE run_id=20 node=U4 source=Authority destination=TM
event=receive timestamp_ns=1791283364851824744 workflow=ARL_UPDATE run_id=21 node=U4 source=Authority destination=TM
event=receive timestamp_ns=1791283366358478799 workflow=ARL_UPDATE run_id=22 node=U4 source=Authority destination=TM
event=receive timestamp_ns=1791283367922202773 workflow=ARL_UPDATE run_id=23 node=U4 source=Authority destination=TM
event=receive timestamp_ns=1791283369427090529 workflow=ARL_UPDATE run_id=24 node=U4 source=Authority destination=TM
event=receive timestamp_ns=1791283370965050219 workflow=ARL_UPDATE run_id=25 node=U4 source=Authority destination=TM
event=receive timestamp_ns=1791283372564498324 workflow=ARL_UPDATE run_id=26 node=U4 source=Authority destination=TM
event=receive timestamp_ns=1791283374100337812 workflow=ARL_UPDATE run_id=27 node=U4 source=Authority destination=TM
event=receive timestamp_ns=1791283375663565257 workflow=ARL_UPDATE run_id=28 node=U4 source=Authority destination=TM
event=receive timestamp_ns=1791283377171290804 workflow=ARL_UPDATE run_id=29 node=U4 source=Authority destination=TM
event=receive timestamp_ns=1791283378737946334 workflow=ARL_UPDATE run_id=30 node=U4 source=Authority destination=TM
event=receive timestamp_ns=1791283380271446307 workflow=ARL_UPDATE run_id=31 node=U4 source=Authority destination=TM
event=receive timestamp_ns=1791283381811013225 workflow=ARL_UPDATE run_id=32 node=U4 source=Authority destination=TM
event=receive timestamp_ns=1791283383348205113 workflow=ARL_UPDATE run_id=33 node=U4 source=Authority destination=TM
event=receive timestamp_ns=1791283384852255024 workflow=ARL_UPDATE run_id=34 node=U4 source=Authority destination=TM
event=receive timestamp_ns=1791283386420011992 workflow=ARL_UPDATE run_id=35 node=U4 source=Authority destination=TM
event=receive timestamp_ns=1791283387922179703 workflow=ARL_UPDATE run_id=36 node=U4 source=Authority destination=TM
event=receive timestamp_ns=1791283389492186456 workflow=ARL_UPDATE run_id=37 node=U4 source=Authority destination=TM
event=receive timestamp_ns=1791283390995657665 workflow=ARL_UPDATE run_id=38 node=U4 source=Authority destination=TM
event=receive timestamp_ns=1791283392532991834 workflow=ARL_UPDATE run_id=39 node=U4 source=Authority destination=TM
event=receive timestamp_ns=1791283394068991460 workflow=ARL_UPDATE run_id=40 node=U4 source=Authority destination=TM
event=receive timestamp_ns=1791283395635777228 workflow=ARL_UPDATE run_id=41 node=U4 source=Authority destination=TM
event=receive timestamp_ns=1791283397176756128 workflow=ARL_UPDATE run_id=42 node=U4 source=Authority destination=TM
event=receive timestamp_ns=1791283398676075664 workflow=ARL_UPDATE run_id=43 node=U4 source=Authority destination=TM
event=receive timestamp_ns=1791283400247307930 workflow=ARL_UPDATE run_id=44 node=U4 source=Authority destination=TM
event=receive timestamp_ns=1791283401783110533 workflow=ARL_UPDATE run_id=45 node=U4 source=Authority destination=TM
event=receive timestamp_ns=1791283403321946927 workflow=ARL_UPDATE run_id=46 node=U4 source=Authority destination=TM
event=receive timestamp_ns=1791283404816234183 workflow=ARL_UPDATE run_id=47 node=U4 source=Authority destination=TM
event=receive timestamp_ns=1791283406356935165 workflow=ARL_UPDATE run_id=48 node=U4 source=Authority destination=TM
event=receive timestamp_ns=1791283407923692236 workflow=ARL_UPDATE run_id=49 node=U4 source=Authority destination=TM
event=receive timestamp_ns=1791283409427935658 workflow=ARL_UPDATE run_id=50 node=U4 source=Authority destination=TM
event=receive timestamp_ns=1791283410964869020 workflow=ARL_UPDATE run_id=51 node=U4 source=Authority destination=TM
event=receive timestamp_ns=1791283412532064026 workflow=ARL_UPDATE run_id=52 node=U4 source=Authority destination=TM
event=receive timestamp_ns=1791283414067893145 workflow=ARL_UPDATE run_id=53 node=U4 source=Authority destination=TM
event=receive timestamp_ns=1791283415603757529 workflow=ARL_UPDATE run_id=54 node=U4 source=Authority destination=TM
event=receive timestamp_ns=1791283417139759195 workflow=ARL_UPDATE run_id=55 node=U4 source=Authority destination=TM
event=receive timestamp_ns=1791283418669542185 workflow=ARL_UPDATE run_id=56 node=U4 source=Authority destination=TM
event=receive timestamp_ns=1791283420212226085 workflow=ARL_UPDATE run_id=57 node=U4 source=Authority destination=TM
event=receive timestamp_ns=1791283421745457073 workflow=ARL_UPDATE run_id=58 node=U4 source=Authority destination=TM
event=receive timestamp_ns=1791283423245549724 workflow=ARL_UPDATE run_id=59 node=U4 source=Authority destination=TM
event=receive timestamp_ns=1791283424782474856 workflow=ARL_UPDATE run_id=60 node=U4 source=Authority destination=TM
event=receive timestamp_ns=1791283426353166693 workflow=ARL_UPDATE run_id=61 node=U4 source=Authority destination=TM
event=receive timestamp_ns=1791283427892451545 workflow=ARL_UPDATE run_id=62 node=U4 source=Authority destination=TM
event=receive timestamp_ns=1791283429427654032 workflow=ARL_UPDATE run_id=63 node=U4 source=Authority destination=TM
event=receive timestamp_ns=1791283430964212744 workflow=ARL_UPDATE run_id=64 node=U4 source=Authority destination=TM
event=receive timestamp_ns=1791283432500613266 workflow=ARL_UPDATE run_id=65 node=U4 source=Authority destination=TM
event=receive timestamp_ns=1791283434067034930 workflow=ARL_UPDATE run_id=66 node=U4 source=Authority destination=TM
event=receive timestamp_ns=1791283435575693755 workflow=ARL_UPDATE run_id=67 node=U4 source=Authority destination=TM
event=receive timestamp_ns=1791283437108848419 workflow=ARL_UPDATE run_id=68 node=U4 source=Authority destination=TM
event=receive timestamp_ns=1791283438672472445 workflow=ARL_UPDATE run_id=69 node=U4 source=Authority destination=TM
event=receive timestamp_ns=1791283440179926403 workflow=ARL_UPDATE run_id=70 node=U4 source=Authority destination=TM
event=receive timestamp_ns=1791283442859411093 workflow=KEY_REQUEST run_id=bench_h1_key_w1 node=U4 source=TM1 destination=TM
event=receive timestamp_ns=1791283446830744083 workflow=KEY_REQUEST run_id=bench_h1_key_w2 node=U4 source=TM1 destination=TM
event=receive timestamp_ns=1791283450347080047 workflow=KEY_REQUEST run_id=bench_h1_key_w3 node=U4 source=TM1 destination=TM
event=receive timestamp_ns=1791283453643261932 workflow=KEY_REQUEST run_id=bench_h1_key_w4 node=U4 source=TM1 destination=TM
event=receive timestamp_ns=1791283457135476758 workflow=KEY_REQUEST run_id=bench_h1_key_w5 node=U4 source=TM1 destination=TM
event=receive timestamp_ns=1791283459951413826 workflow=KEY_REQUEST run_id=bench_h1_key_001 node=U4 source=TM1 destination=TM
event=receive timestamp_ns=1791283463851247970 workflow=KEY_REQUEST run_id=bench_h1_key_002 node=U4 source=TM1 destination=TM
event=receive timestamp_ns=1791283466731142462 workflow=KEY_REQUEST run_id=bench_h1_key_003 node=U4 source=TM1 destination=TM
event=receive timestamp_ns=1791283470666758474 workflow=KEY_REQUEST run_id=bench_h1_key_004 node=U4 source=TM1 destination=TM
event=receive timestamp_ns=1791283474155063698 workflow=KEY_REQUEST run_id=bench_h1_key_005 node=U4 source=TM1 destination=TM
event=receive timestamp_ns=1791283477578773317 workflow=KEY_REQUEST run_id=bench_h1_key_006 node=U4 source=TM1 destination=TM
event=receive timestamp_ns=1791283481035197682 workflow=KEY_REQUEST run_id=bench_h1_key_007 node=U4 source=TM1 destination=TM
event=receive timestamp_ns=1791283483278626853 workflow=KEY_REQUEST run_id=bench_h1_key_008 node=U4 source=TM1 destination=TM
event=receive timestamp_ns=1791283486123161151 workflow=KEY_REQUEST run_id=bench_h1_key_009 node=U4 source=TM1 destination=TM
event=receive timestamp_ns=1791283490059327451 workflow=KEY_REQUEST run_id=bench_h1_key_010 node=U4 source=TM1 destination=TM
event=receive timestamp_ns=1791283493547037524 workflow=KEY_REQUEST run_id=bench_h1_key_011 node=U4 source=TM1 destination=TM
event=receive timestamp_ns=1791283496946720200 workflow=KEY_REQUEST run_id=bench_h1_key_012 node=U4 source=TM1 destination=TM
event=receive timestamp_ns=1791283500362886431 workflow=KEY_REQUEST run_id=bench_h1_key_013 node=U4 source=TM1 destination=TM
event=receive timestamp_ns=1791283503211061049 workflow=KEY_REQUEST run_id=bench_h1_key_014 node=U4 source=TM1 destination=TM
event=receive timestamp_ns=1791283507146689852 workflow=KEY_REQUEST run_id=bench_h1_key_015 node=U4 source=TM1 destination=TM
event=receive timestamp_ns=1791283511082503432 workflow=KEY_REQUEST run_id=bench_h1_key_016 node=U4 source=TM1 destination=TM
event=receive timestamp_ns=1791283515146505921 workflow=KEY_REQUEST run_id=bench_h1_key_017 node=U4 source=TM1 destination=TM
event=receive timestamp_ns=1791283516778714543 workflow=KEY_REQUEST run_id=bench_h1_key_018 node=U4 source=TM1 destination=TM
event=receive timestamp_ns=1791283520715051186 workflow=KEY_REQUEST run_id=bench_h1_key_019 node=U4 source=TM1 destination=TM
event=receive timestamp_ns=1791283524782434120 workflow=KEY_REQUEST run_id=bench_h1_key_020 node=U4 source=TM1 destination=TM
event=receive timestamp_ns=1791283528526640226 workflow=KEY_REQUEST run_id=bench_h1_key_021 node=U4 source=TM1 destination=TM
event=receive timestamp_ns=1791283531882757982 workflow=KEY_REQUEST run_id=bench_h1_key_022 node=U4 source=TM1 destination=TM
event=receive timestamp_ns=1791283534890697329 workflow=KEY_REQUEST run_id=bench_h1_key_023 node=U4 source=TM1 destination=TM
event=receive timestamp_ns=1791283538606598166 workflow=KEY_REQUEST run_id=bench_h1_key_024 node=U4 source=TM1 destination=TM
event=receive timestamp_ns=1791283541962441270 workflow=KEY_REQUEST run_id=bench_h1_key_025 node=U4 source=TM1 destination=TM
event=receive timestamp_ns=1791283544810785339 workflow=KEY_REQUEST run_id=bench_h1_key_026 node=U4 source=TM1 destination=TM
event=receive timestamp_ns=1791283549898704966 workflow=KEY_REQUEST run_id=bench_h1_key_027 node=U4 source=TM1 destination=TM
event=receive timestamp_ns=1791283554282683223 workflow=KEY_REQUEST run_id=bench_h1_key_028 node=U4 source=TM1 destination=TM
event=receive timestamp_ns=1791283556522424698 workflow=KEY_REQUEST run_id=bench_h1_key_029 node=U4 source=TM1 destination=TM
event=receive timestamp_ns=1791283559918725615 workflow=KEY_REQUEST run_id=bench_h1_key_030 node=U4 source=TM1 destination=TM
