event=receive timestamp_ns=1791283277294780433 workflow=KEY_REQUEST run_id=bench_h1_setup node=U5 source=TM1 destination=TM
event=receive timestamp_ns=1791283281268400316 workflow=CT_SHARE run_id=1 node=U5 source=TM1 destination=TM
event=receive timestamp_ns=1791283282808022872 workflow=CT_SHARE run_id=2 node=U5 source=TM1 destination=TM
event=receive timestamp_ns=1791283284344704799 workflow=CT_SHARE run_id=3 node=U5 source=TM1 destination=TM
event=receive timestamp_ns=1791283285880218622 workflow=CT_SHARE run_id=4 node=U5 source=TM1 destination=TM
event=receive timestamp_ns=1791283287422641010 workflow=CT_SHARE run_id=5 node=U5 source=TM1 destination=TM
event=receive timestamp_ns=1791283288983197057 workflow=CT_SHARE run_id=6 node=U5 source=TM1 destination=TM
event=receive timestamp_ns=1791283290525197277 workflow=CT_SHARE run_id=7 node=U5 source=TM1 destination=TM
event=receive timestamp_ns=1791283292091602351 workflow=CT_SHARE run_id=8 node=U5 source=TM1 destination=TM
event=receive timestamp_ns=1791283293622501525 workflow=CT_SHARE run_id=9 node=U5 source=TM1 destination=TM
event=receive timestamp_ns=1791283295166882751 workflow=CT_SHARE run_id=10 node=U5 source=TM1 destination=TM
event=receive timestamp_ns=1791283296696890914 workflow=CT_SHARE run_id=11 node=U5 source=TM1 destination=TM
event=receive timestamp_ns=1791283298231675725 workflow=CT_SHARE run_id=12 node=U5 source=TM1 destination=TM
event=receive timestamp_ns=1791283299801285417 workflow=CT_SHARE run_id=13 node=U5 source=TM1 destination=TM
event=receive timestamp_ns=1791283301334617688 workflow=CT_SHARE run_id=14 node=U5 source=TM1 destination=TM
event=receive timestamp_ns=1791283302876270243 workflow=CT_SHARE run_id=15 node=U5 source=TM1 destination=TM
event=receive timestamp_ns=1791283304377560489 workflow=CT_SHARE run_id=16 node=U5 source=TM1 destination=TM
event=receive timestamp_ns=1791283305944513296 workflow=CT_SHARE run_id=17 node=U5 source=TM1 destination=TM
event=receive timestamp_ns=1791283307445574656 workflow=CT_SHARE run_id=18 node=U5 source=TM1 destination=TM
event=receive timestamp_ns=1791283309013934873 workflow=CT_SHARE run_id=19 node=U5 source=TM1 destination=TM
event=receive timestamp_ns=1791283310585142440 workflow=CT_SHARE run_id=20 node=U5 source=TM1 destination=TM
event=receive timestamp_ns=1791283312113973552 workflow=CT_SHARE run_id=21 node=U5 source=TM1 destination=TM
event=receive timestamp_ns=1791283313656138702 workflow=CT_SHARE run_id=22 node=U5 source=TM1 destination=TM
event=receive timestamp_ns=1791283315226788676 workflow=CT_SHARE run_id=23 node=U5 source=TM1 destination=TM
event=receive timestamp_ns=1791283316727982353 workflow=CT_SHARE run_id=24 node=U5 source=TM1 destination=TM
event=receive timestamp_ns=1791283318266792325 workflow=CT_SHARE run_id=25 node=U5 source=TM1 destination=TM
event=receive timestamp_ns=1791283319836583464 workflow=CT_SHARE run_id=26 node=U5 source=TM1 destination=TM
event=receive timestamp_ns=1791283321398899587 workflow=CT_SHARE run_id=27 node=U5 source=TM1 destination=TM
event=receive timestamp_ns=1791283322937232609 workflow=CT_SHARE run_id=28 node=U5 source=TM1 destination=TM
event=receive timestamp_ns=1791283324505379993 workflow=CT_SHARE run_id=29 node=U5 source=TM1 destination=TM
event=receive timestamp_ns=1791283326007344326 workflow=CT_SHARE run_id=30 node=U5 source=TM1 destination=TM
event=receive timestamp_ns=1791283327577398471 workflow=CT_SHARE run_id=31 node=U5 source=TM1 destination=TM
event=receive timestamp_ns=1791283329113952866 workflow=CT_SHARE run_id=32 node=U5 source=TM1 destination=TM
event=receive timestamp_ns=1791283330641601405 workflow=CT_SHARE run_id=33 node=U5 source=TM1 destination=TM
event=receive timestamp_ns=1791283332183613537 workflow=CT_SHARE run_id=34 node=U5 source=TM1 destination=TM
event=receive timestamp_ns=1791283334012509460 workflow=CT_SHARE run_id=35 node=U5 source=TM1 destination=TM
event=receive timestamp_ns=1791283334018877063 workflow=ARL_UPDATE run_id=1 node=U5 source=Authority destination=TM
event=receive timestamp_ns=1791283335535457273 workflow=ARL_UPDATE run_id=2 node=U5 source=Authority destination=TM
event=receive timestamp_ns=1791283337079104053 workflow=ARL_UPDATE run_id=3 node=U5 source=Authority destination=TM
event=receive timestamp_ns=1791283338611726498 workflow=ARL_UPDATE run_id=4 node=U5 source=Authority destination=TM
event=receive timestamp_ns=1791283340182053359 workflow=ARL_UPDATE run_id=5 node=U5 source=Authority destination=TM
event=receive timestamp_ns=1791283341714984168 workflow=ARL_UPDATE run_id=6 node=U5 source=Authority destination=TM
event=receive timestamp_ns=1791283343251865642 workflow=ARL_UPDATE run_id=7 node=U5 source=Authority destination=TM
event=receive timestamp_ns=1791283344785498868 workflow=ARL_UPDATE run_id=8 node=U5 source=Authority destination=TM
event=receive timestamp_ns=1791283346385035553 workflow=ARL_UPDATE run_id=9 node=U5 source=Authority destination=TM
event=receive timestamp_ns=1791283347955597639 workflow=ARL_UPDATE run_id=10 node=U5 source=Authority destination=TM
event=receive timestamp_ns=1791283349459685007 workflow=ARL_UPDATE run_id=11 node=U5 source=Authority destination=TM
event=receive timestamp_ns=1791283350997142763 workflow=ARL_UPDATE run_id=12 node=U5 source=Authority destination=TM
event=receive timestamp_ns=1791283352564240591 workflow=ARL_UPDATE run_id=13 node=U5 source=Authority destination=TM
event=receive timestamp_ns=1791283354131781519 workflow=ARL_UPDATE run_id=14 node=U5 source=Authority destination=TM
event=receive timestamp_ns=1791283355636395243 workflow=ARL_UPDATE run_id=15 node=U5 source=Authority destination=TM
event=receive timestamp_ns=1791283357235884246 workflow=ARL_UPDATE run_id=16 node=U5 source=Authority destination=TM
event=receive timestamp_ns=1791283358773607360 workflow=ARL_UPDATE run_id=17 node=U5 source=Authority destination=TM
event=receive timestamp_ns=1791283360308436574 workflow=ARL_UPDATE run_id=18 node=U5 source=Authority destination=TM
event=receive timestamp_ns=1791283361876227560 workflow=ARL_UPDATE run_id=19 node=U5 source=Authority destination=TM
event=receive timestamp_ns=1791283363379245246 workflow=ARL_UPDATE run_id=20 node=U5 source=Authority destination=TM
event=receive timestamp_ns=1791283364947026646 workflow=ARL_UPDATE run_id=21 node=U5 source=Authority destination=TM
event=receive timestamp_ns=1791283366453663971 workflow=ARL_UPDATE run_id=22 node=U5 source=Authority destination=TM
event=receive timestamp_ns=1791283368019700651 workflow=ARL_UPDATE run_id=23 node=U5 source=Authority destination=TM
event=receive timestamp_ns=1791283369560308851 workflow=ARL_UPDATE run_id=24 node=U5 source=Authority destination=TM
event=receive timestamp_ns=1791283371059232444 workflow=ARL_UPDATE run_id=25 node=U5 source=Authority destination=TM
event=receive timestamp_ns=1791283372661102879 workflow=ARL_UPDATE run_id=26 node=U5 source=Authority destination=TM
event=receive timestamp_ns=1791283374196390868 workflow=ARL_UPDATE run_id=27 node=U5 source=Authority destination=TM
event=receive timestamp_ns=1791283375737136095 workflow=ARL_UPDATE run_id=28 node=U5 source=Authority destination=TM
event=receive timestamp_ns=1791283377271168873 workflow=ARL_UPDATE run_id=29 node=U5 source=Authority destination=TM
event=receive timestamp_ns=1791283378835565702 workflow=ARL_UPDATE run_id=30 node=U5 source=Authority destination=TM
event=receive timestamp_ns=1791283380336838143 workflow=ARL_UPDATE run_id=31 node=U5 source=Authority destination=TM
event=receive timestamp_ns=1791283381910471634 workflow=ARL_UPDATE run_id=32 node=U5 source=Authority destination=TM
event=receive timestamp_ns=1791283383441932527 workflow=ARL_UPDATE run_id=33 node=U5 source=Authority destination=TM
event=receive timestamp_ns=1791283384947045832 workflow=ARL_UPDATE run_id=34 node=U5 source=Authority destination=TM
event=receive timestamp_ns=1791283386515801235 workflow=ARL_UPDATE run_id=35 node=U5 source=Authority destination=TM
event=receive timestamp_ns=1791283388016856122 workflow=ARL_UPDATE run_id=36 node=U5 source=Authority destination=TM
event=receive timestamp_ns=1791283389588880851 workflow=ARL_UPDATE run_id=37 node=U5 source=Authority destination=TM
event=receive timestamp_ns=1791283391092357958 workflow=ARL_UPDATE run_id=38 node=U5 source=Authority destination=TM
event=receive timestamp_ns=1791283392629120994 workflow=ARL_UPDATE run_id=39 node=U5 source=Authority destination=TM
event=receive timestamp_ns=1791283394165345460 workflow=ARL_UPDATE run_id=40 node=U5 source=Authority destination=TM
event=receive timestamp_ns=1791283395731005936 workflow=ARL_UPDATE run_id=41 node=U5 source=Authority destination=TM
event=receive timestamp_ns=1791283397267919705 workflow=ARL_UPDATE run_id=42 node=U5 source=Authority destination=TM
event=receive timestamp_ns=1791283398773024057 workflow=ARL_UPDATE run_id=43 node=U5 source=Authority destination=TM
event=receive timestamp_ns=1791283400305764208 workflow=ARL_UPDATE run_id=44 node=U5 source=Authority destination=TM
event=receive timestamp_ns=1791283401876447059 workflow=ARL_UPDATE run_id=45 node=U5 source=Authority destination=TM
event=receive timestamp_ns=1791283403411496114 workflow=ARL_UPDATE run_id=46 node=U5 source=Authority destination=TM
event=receive timestamp_ns=1791283404914057758 workflow=ARL_UPDATE run_id=47 node=U5 source=Authority destination=TM
event=receive timestamp_ns=1791283406452124619 workflow=ARL_UPDATE run_id=48 node=U5 source=Authority destination=TM
event=receive timestamp_ns=1791283408019002301 workflow=ARL_UPDATE run_id=49 node=U5 source=Authority destination=TM
event=receive timestamp_ns=1791283409561736537 workflow=ARL_UPDATE run_id=50 node=U5 source=Authority destination=TM
event=receive timestamp_ns=1791283411060372832 workflow=ARL_UPDATE run_id=51 node=U5 source=Authority destination=TM
event=receive timestamp_ns=1791283412633096934 workflow=ARL_UPDATE run_id=52 node=U5 source=Authority destination=TM
event=receive timestamp_ns=1791283414163938774 workflow=ARL_UPDATE run_id=53 node=U5 source=Authority destination=TM
event=receive timestamp_ns=1791283415698883716 workflow=ARL_UPDATE run_id=54 node=U5 source=Authority destination=TM
event=receive timestamp_ns=1791283417235350516 workflow=ARL_UPDATE run_id=55 node=U5 source=Authority destination=TM
event=receive timestamp_ns=1791283418769210318 workflow=ARL_UPDATE run_id=56 node=U5 source=Authority destination=TM
event=receive timestamp_ns=1791283420307115456 workflow=ARL_UPDATE run_id=57 node=U5 source=Authority destination=TM
event=receive timestamp_ns=1791283421846116422 workflow=ARL_UPDATE run_id=58 node=U5 source=Authority destination=TM
event=receive timestamp_ns=1791283423345107373 workflow=ARL_UPDATE run_id=59 node=U5 source=Authority destination=TM
event=receive timestamp_ns=1791283424881359147 workflow=ARL_UPDATE run_id=60 node=U5 source=Authority destination=TM
event=receive timestamp_ns=1791283426449792760 workflow=ARL_UPDATE run_id=61 node=U5 source=Authority destination=TM
event=receive timestamp_ns=1791283427952343513 workflow=ARL_UPDATE run_id=62 node=U5 source=Authority destination=TM
event=receive timestamp_ns=1791283429523100340 workflow=ARL_UPDATE run_id=63 node=U5 source=Authority destination=TM
event=receive timestamp_ns=1791283431059432899 workflow=ARL_UPDATE run_id=64 node=U5 source=Authority destination=TM
event=receive timestamp_ns=1791283432597719488 workflow=ARL_UPDATE run_id=65 node=U5 source=Authority destination=TM
event=receive timestamp_ns=1791283434164289536 workflow=ARL_UPDATE run_id=66 node=U5 source=Authority destination=TM
event=receive timestamp_ns=1791283435666993488 workflow=ARL_UPDATE run_id=67 node=U5 source=Authority destination=TM
event=receive timestamp_ns=1791283437203092885 workflow=ARL_UPDATE run_id=68 node=U5 source=Authority destination=TM
event=receive timestamp_ns=1791283438735589144 workflow=ARL_UPDATE run_id=69 node=U5 source=Authority destination=TM
event=receive timestamp_ns=1791283440276240734 workflow=ARL_UPDATE run_id=70 node=U5 source=Authority destination=TM
event=receive timestamp_ns=1791283442954633463 workflow=KEY_REQUEST run_id=bench_h1_key_w1 node=U5 source=TM1 destination=TM
event=receive timestamp_ns=1791283446926882445 workflow=KEY_REQUEST run_id=bench_h1_key_w2 node=U5 source=TM1 destination=TM
event=receive timestamp_ns=1791283450442787582 workflow=KEY_REQUEST run_id=bench_h1_key_w3 node=U5 source=TM1 destination=TM
event=receive timestamp_ns=1791283453738936491 workflow=KEY_REQUEST run_id=bench_h1_key_w4 node=U5 source=TM1 destination=TM
event=receive timestamp_ns=1791283457226589297 workflow=KEY_REQUEST run_id=bench_h1_key_w5 node=U5 source=TM1 destination=TM
event=receive timestamp_ns=1791283460043046775 workflow=KEY_REQUEST run_id=bench_h1_key_001 node=U5 source=TM1 destination=TM
event=receive timestamp_ns=1791283463951075562 workflow=KEY_REQUEST run_id=bench_h1_key_002 node=U5 source=TM1 destination=TM
event=receive timestamp_ns=1791283466827168210 workflow=KEY_REQUEST run_id=bench_h1_key_003 node=U5 source=TM1 destination=TM
event=receive timestamp_ns=1791283470766765829 workflow=KEY_REQUEST run_id=bench_h1_key_004 node=U5 source=TM1 destination=TM
event=receive timestamp_ns=1791283474250898677 workflow=KEY_REQUEST run_id=bench_h1_key_005 node=U5 source=TM1 destination=TM
event=receive timestamp_ns=1791283477674645534 workflow=KEY_REQUEST run_id=bench_h1_key_006 node=U5 source=TM1 destination=TM
event=receive timestamp_ns=1791283481130964125 workflow=KEY_REQUEST run_id=bench_h1_key_007 node=U5 source=TM1 destination=TM
event=receive timestamp_ns=1791283483375122400 workflow=KEY_REQUEST run_id=bench_h1_key_008 node=U5 source=TM1 destination=TM
event=receive timestamp_ns=1791283486218743002 workflow=KEY_REQUEST run_id=bench_h1_key_009 node=U5 source=TM1 destination=TM
event=receive timestamp_ns=1791283490154790843 workflow=KEY_REQUEST run_id=bench_h1_key_010 node=U5 source=TM1 destination=TM
event=receive timestamp_ns=1791283493647271767 workflow=KEY_REQUEST run_id=bench_h1_key_011 node=U5 source=TM1 destination=TM
event=receive timestamp_ns=1791283497066823023 workflow=KEY_REQUEST run_id=bench_h1_key_012 node=U5 source=TM1 destination=TM
event=receive timestamp_ns=1791283500458932892 workflow=KEY_REQUEST run_id=bench_h1_key_013 node=U5 source=TM1 destination=TM
event=receive timestamp_ns=1791283503338689655 workflow=KEY_REQUEST run_id=bench_h1_key_014 node=U5 source=TM1 destination=TM
event=receive timestamp_ns=1791283507242674839 workflow=KEY_REQUEST run_id=bench_h1_key_015 node=U5 source=TM1 destination=TM
event=receive timestamp_ns=1791283511178515041 workflow=KEY_REQUEST run_id=bench_h1_key_016 node=U5 source=TM1 destination=TM
event=receive timestamp_ns=1791283515242482453 workflow=KEY_REQUEST run_id=bench_h1_key_017 node=U5 source=TM1 destination=TM
event=receive timestamp_ns=1791283516874816414 workflow=KEY_REQUEST run_id=bench_h1_key_018 node=U5 source=TM1 destination=TM
event=receive timestamp_ns=1791283520810626803 workflow=KEY_REQUEST run_id=bench_h1_key_019 node=U5 source=TM1 destination=TM
event=receive timestamp_ns=1791283524874652890 workflow=KEY_REQUEST run_id=bench_h1_key_020 node=U5 source=TM1 destination=TM
event=receive timestamp_ns=1791283528618836103 workflow=KEY_REQUEST run_id=bench_h1_key_021 node=U5 source=TM1 destination=TM
event=receive timestamp_ns=1791283531434630146 workflow=KEY_REQUEST run_id=bench_h1_key_022 node=U5 source=TM1 destination=TM
event=receive timestamp_ns=1791283534282765190 workflow=KEY_REQUEST run_id=bench_h1_key_023 node=U5 source=TM1 destination=TM
event=receive timestamp_ns=1791283538186686476 workflow=KEY_REQUEST run_id=bench_h1_key_024 node=U5 source=TM1 destination=TM
event=receive timestamp_ns=1791283543242532535 workflow=KEY_REQUEST run_id=bench_h1_key_025 node=U5 source=TM1 destination=TM
event=receive timestamp_ns=1791283545482780304 workflow=KEY_REQUEST run_id=bench_h1_key_026 node=U5 source=TM1 destination=TM
event=receive timestamp_ns=1791283549994632976 workflow=KEY_REQUEST run_id=bench_h1_key_027 node=U5 source=TM1 destination=TM
event=receive timestamp_ns=1791283554378712476 workflow=KEY_REQUEST run_id=bench_h1_key_028 node=U5 source=TM1 destination=TM
event=receive timestamp_ns=1791283556618502012 workflow=KEY_REQUEST run_id=bench_h1_key_029 node=U5 source=TM1 destination=TM
event=receive timestamp_ns=1791283560010603882 workflow=KEY_REQUEST run_id=bench_h1_key_030 node=U5 source=TM1 destination=TM
