event=send timestamp_ns=1791281070163583537 workflow=KEY_RESPONSE run_id=bench_h4_setup node=Authority source=Authority destination=bench_h4_setup
event=receive timestamp_ns=1791281071210556044 workflow=KEY_REQUEST run_id=bench_h4_setup node=Authority source=TM4 destination=TM
event=receive timestamp_ns=1791281074792017541 workflow=CT_SHARE run_id=1 node=Authority source=TM4 destination=TM
event=receive timestamp_ns=1791281076383393010 workflow=CT_SHARE run_id=2 node=Authority source=TM4 destination=TM
event=receive timestamp_ns=1791281077954976104 workflow=CT_SHARE run_id=3 node=Authority source=TM4 destination=TM
event=receive timestamp_ns=1791281079522621926 workflow=CT_SHARE run_id=4 node=Authority source=TM4 destination=TM
event=receive timestamp_ns=1791281081114511927 workflow=CT_SHARE run_id=5 node=Authority source=TM4 destination=TM
event=receive timestamp_ns=1791281082679063711 workflow=CT_SHARE run_id=6 node=Authority source=TM4 destination=TM
event=receive timestamp_ns=1791281084253399007 workflow=CT_SHARE run_id=7 node=Authority source=TM4 destination=TM
event=receive timestamp_ns=1791281085757675027 workflow=CT_SHARE run_id=8 node=Authority source=TM4 destination=TM
event=receive timestamp_ns=1791281087296809339 workflow=CT_SHARE run_id=9 node=Authority source=TM4 destination=TM
event=receive timestamp_ns=1791281088860817947 workflow=CT_SHARE run_id=10 node=Authority source=TM4 destination=TM
event=receive timestamp_ns=1791281090459619269 workflow=CT_SHARE run_id=11 node=Authority source=TM4 destination=TM
event=receive timestamp_ns=1791281092023960446 workflow=CT_SHARE run_id=12 node=Authority source=TM4 destination=TM
event=receive timestamp_ns=1791281093601540133 workflow=CT_SHARE run_id=13 node=Authority source=TM4 destination=TM
event=receive timestamp_ns=1791281095168791229 workflow=CT_SHARE run_id=14 node=Authority source=TM4 destination=TM
event=receive timestamp_ns=1791281096732985639 workflow=CT_SHARE run_id=15 node=Authority source=TM4 destination=TM
event=receive timestamp_ns=1791281098340126647 workflow=CT_SHARE run_id=16 node=Authority source=TM4 destination=TM
event=receive timestamp_ns=1791281099865374991 workflow=CT_SHARE run_id=17 node=Authority source=TM4 destination=TM
event=receive timestamp_ns=1791281101468918248 workflow=CT_SHARE run_id=18 node=Authority source=TM4 destination=TM
event=receive timestamp_ns=1791281103070168505 workflow=CT_SHARE run_id=19 node=Authority source=TM4 destination=TM
event=receive timestamp_ns=1791281104603830232 workflow=CT_SHARE run_id=20 node=Authority source=TM4 destination=TM
event=receive timestamp_ns=1791281106173759391 workflow=CT_SHARE run_id=21 node=Authority source=TM4 destination=TM
event=receive timestamp_ns=1791281107740174722 workflow=CT_SHARE run_id=22 node=Authority source=TM4 destination=TM
event=receive timestamp_ns=1791281109305087415 workflow=CT_SHARE run_id=23 node=Authority source=TM4 destination=TM
event=receive timestamp_ns=1791281110880577642 workflow=CT_SHARE run_id=24 node=Authority source=TM4 destination=TM
event=receive timestamp_ns=1791281112410534047 workflow=CT_SHARE run_id=25 node=Authority source=TM4 destination=TM
event=receive timestamp_ns=1791281113991342273 workflow=CT_SHARE run_id=26 node=Authority source=TM4 destination=TM
event=receive timestamp_ns=1791281115522606907 workflow=CT_SHARE run_id=27 node=Authority source=TM4 destination=TM
event=receive timestamp_ns=1791281117119973073 workflow=CT_SHARE run_id=28 node=Authority source=TM4 destination=TM
event=receive timestamp_ns=1791281118684499200 workflow=CT_SHARE run_id=29 node=Authority source=TM4 destination=TM
event=receive timestamp_ns=1791281120260403964 workflow=CT_SHARE run_id=30 node=Authority source=TM4 destination=TM
event=receive timestamp_ns=1791281121829263630 workflow=CT_SHARE run_id=31 node=Authority source=TM4 destination=TM
event=receive timestamp_ns=1791281123391187287 workflow=CT_SHARE run_id=32 node=Authority source=TM4 destination=TM
event=receive timestamp_ns=1791281124933942077 workflow=CT_SHARE run_id=33 node=Authority source=TM4 destination=TM
event=receive timestamp_ns=1791281126533205054 workflow=CT_SHARE run_id=34 node=Authority source=TM4 destination=TM
event=receive timestamp_ns=1791281128097164192 workflow=CT_SHARE run_id=35 node=Authority source=TM4 destination=TM
event=send timestamp_ns=1791281128200686102 workflow=ARL_UPDATE run_id=1 node=Authority source=Authority destination=TM
event=send timestamp_ns=1791281130757769267 workflow=ARL_UPDATE run_id=2 node=Authority source=Authority destination=TM
event=send timestamp_ns=1791281132297881431 workflow=ARL_UPDATE run_id=3 node=Authority source=Authority destination=TM
event=send timestamp_ns=1791281133829465681 workflow=ARL_UPDATE run_id=4 node=Authority source=Authority destination=TM
event=send timestamp_ns=1791281135370923575 workflow=ARL_UPDATE run_id=5 node=Authority source=Authority destination=TM
event=send timestamp_ns=1791281136905502777 workflow=ARL_UPDATE run_id=6 node=Authority source=Authority destination=TM
event=send timestamp_ns=1791281138446647494 workflow=ARL_UPDATE run_id=7 node=Authority source=Authority destination=TM
event=send timestamp_ns=1791281139971786691 workflow=ARL_UPDATE run_id=8 node=Authority source=Authority destination=TM
event=send timestamp_ns=1791281141501838769 workflow=ARL_UPDATE run_id=9 node=Authority source=Authority destination=TM
event=send timestamp_ns=1791281143113995393 workflow=ARL_UPDATE run_id=10 node=Authority source=Authority destination=TM
event=send timestamp_ns=1791281144648396897 workflow=ARL_UPDATE run_id=11 node=Authority source=Authority destination=TM
event=send timestamp_ns=1791281146185028004 workflow=ARL_UPDATE run_id=12 node=Authority source=Authority destination=TM
event=send timestamp_ns=1791281147725368436 workflow=ARL_UPDATE run_id=13 node=Authority source=Authority destination=TM
event=send timestamp_ns=1791281149256935788 workflow=ARL_UPDATE run_id=14 node=Authority source=Authority destination=TM
event=send timestamp_ns=1791281150786809808 workflow=ARL_UPDATE run_id=15 node=Authority source=Authority destination=TM
event=send timestamp_ns=1791281152327912760 workflow=ARL_UPDATE run_id=16 node=Authority source=Authority destination=TM
event=send timestamp_ns=1791281153864143632 workflow=ARL_UPDATE run_id=17 node=Authority source=Authority destination=TM
event=send timestamp_ns=1791281155404352503 workflow=ARL_UPDATE run_id=18 node=Authority source=Authority destination=TM
event=send timestamp_ns=1791281156937829026 workflow=ARL_UPDATE run_id=19 node=Authority source=Authority destination=TM
event=send timestamp_ns=1791281158539228778 workflow=ARL_UPDATE run_id=20 node=Authority source=Authority destination=TM
event=send timestamp_ns=1791281160066819388 workflow=ARL_UPDATE run_id=21 node=Authority source=Authority destination=TM
event=send timestamp_ns=1791281161604033737 workflow=ARL_UPDATE run_id=22 node=Authority source=Authority destination=TM
event=send timestamp_ns=1791281163141863830 workflow=ARL_UPDATE run_id=23 node=Authority source=Authority destination=TM
event=send timestamp_ns=1791281164669596359 workflow=ARL_UPDATE run_id=24 node=Authority source=Authority destination=TM
event=send timestamp_ns=1791281166206722413 workflow=ARL_UPDATE run_id=25 node=Authority source=Authority destination=TM
event=send timestamp_ns=1791281167744815338 workflow=ARL_UPDATE run_id=26 node=Authority source=Authority destination=TM
event=send timestamp_ns=1791281169277839639 workflow=ARL_UPDATE run_id=27 node=Authority source=Authority destination=TM
event=send timestamp_ns=1791281170816477516 workflow=ARL_UPDATE run_id=28 node=Authority source=Authority destination=TM
event=send timestamp_ns=1791281172417421047 workflow=ARL_UPDATE run_id=29 node=Authority source=Authority destination=TM
event=send timestamp_ns=1791281173952273604 workflow=ARL_UPDATE run_id=30 node=Authority source=Authority destination=TM
event=send timestamp_ns=1791281175555797768 workflow=ARL_UPDATE run_id=31 node=Authority source=Authority destination=TM
event=send timestamp_ns=1791281177087637909 workflow=ARL_UPDATE run_id=32 node=Authority source=Authority destination=TM
event=send timestamp_ns=1791281178623196827 workflow=ARL_UPDATE run_id=33 node=Authority source=Authority destination=TM
event=send timestamp_ns=1791281180161309029 workflow=ARL_UPDATE run_id=34 node=Authority source=Authority destination=TM
event=send timestamp_ns=1791281181700659315 workflow=ARL_UPDATE run_id=35 node=Authority source=Authority destination=TM
event=send timestamp_ns=1791281183236307674 workflow=ARL_UPDATE run_id=36 node=Authority source=Authority destination=TM
event=send timestamp_ns=1791281184781016173 workflow=ARL_UPDATE run_id=37 node=Authority source=Authority destination=TM
event=send timestamp_ns=1791281186323802804 workflow=ARL_UPDATE run_id=38 node=Authority source=Authority destination=TM
event=send timestamp_ns=1791281187889656015 workflow=ARL_UPDATE run_id=39 node=Authority source=Authority destination=TM
event=send timestamp_ns=1791281189428588376 workflow=ARL_UPDATE run_id=40 node=Authority source=Authority destination=TM
event=send timestamp_ns=1791281191019870926 workflow=ARL_UPDATE run_id=41 node=Authority source=Authority destination=TM
event=send timestamp_ns=1791281192551346710 workflow=ARL_UPDATE run_id=42 node=Authority source=Authority destination=TM
event=send timestamp_ns=1791281194081125595 workflow=ARL_UPDATE run_id=43 node=Authority source=Authority destination=TM
event=send timestamp_ns=1791281195621953288 workflow=ARL_UPDATE run_id=44 node=Authority source=Authority destination=TM
event=send timestamp_ns=1791281197157447605 workflow=ARL_UPDATE run_id=45 node=Authority source=Authority destination=TM
event=send timestamp_ns=1791281198693760114 workflow=ARL_UPDATE run_id=46 node=Authority source=Authority destination=TM
event=send timestamp_ns=1791281200234095688 workflow=ARL_UPDATE run_id=47 node=Authority source=Authority destination=TM
event=send timestamp_ns=1791281201770091021 workflow=ARL_UPDATE run_id=48 node=Authority source=Authority destination=TM
event=send timestamp_ns=1791281203298991789 workflow=ARL_UPDATE run_id=49 node=Authority source=Authority destination=TM
event=send timestamp_ns=1791281204838001506 workflow=ARL_UPDATE run_id=50 node=Authority source=Authority destination=TM
event=send timestamp_ns=1791281206377387670 workflow=ARL_UPDATE run_id=51 node=Authority source=Authority destination=TM
event=send timestamp_ns=1791281207907172922 workflow=ARL_UPDATE run_id=52 node=Authority source=Authority destination=TM
event=send timestamp_ns=1791281209444073120 workflow=ARL_UPDATE run_id=53 node=Authority source=Authority destination=TM
event=send timestamp_ns=1791281211045631968 workflow=ARL_UPDATE run_id=54 node=Authority source=Authority destination=TM
event=send timestamp_ns=1791281212581273985 workflow=ARL_UPDATE run_id=55 node=Authority source=Authority destination=TM
event=send timestamp_ns=1791281214119460394 workflow=ARL_UPDATE run_id=56 node=Authority source=Authority destination=TM
event=send timestamp_ns=1791281215649385228 workflow=ARL_UPDATE run_id=57 node=Authority source=Authority destination=TM
event=send timestamp_ns=1791281217182277665 workflow=ARL_UPDATE run_id=58 node=Authority source=Authority destination=TM
event=send timestamp_ns=1791281218717344837 workflow=ARL_UPDATE run_id=59 node=Authority source=Authority destination=TM
event=send timestamp_ns=1791281220255024611 workflow=ARL_UPDATE run_id=60 node=Authority source=Authority destination=TM
event=send timestamp_ns=1791281221794546404 workflow=ARL_UPDATE run_id=61 node=Authority source=Authority destination=TM
event=send timestamp_ns=1791281223327455091 workflow=ARL_UPDATE run_id=62 node=Authority source=Authority destination=TM
event=send timestamp_ns=1791281224865421576 workflow=ARL_UPDATE run_id=63 node=Authority source=Authority destination=TM
event=send timestamp_ns=1791281226405673998 workflow=ARL_UPDATE run_id=64 node=Authority source=Authority destination=TM
event=send timestamp_ns=1791281227944631736 workflow=ARL_UPDATE run_id=65 node=Authority source=Authority destination=TM
event=send timestamp_ns=1791281229477350019 workflow=ARL_UPDATE run_id=66 node=Authority source=Authority destination=TM
event=send timestamp_ns=1791281231015438242 workflow=ARL_UPDATE run_id=67 node=Authority source=Authority destination=TM
event=send timestamp_ns=1791281232620337515 workflow=ARL_UPDATE run_id=68 node=Authority source=Authority destination=TM
event=send timestamp_ns=1791281234145888483 workflow=ARL_UPDATE run_id=69 node=Authority source=Authority destination=TM
event=send timestamp_ns=1791281235682481093 workflow=ARL_UPDATE run_id=70 node=Authority source=Authority destination=TM
event=send timestamp_ns=1791281239667230479 workflow=KEY_RESPONSE run_id=bench_h4_key_w1 node=Authority source=Authority destination=bench_h4_key_w1
event=receive timestamp_ns=1791281240682774360 workflow=KEY_REQUEST run_id=bench_h4_key_w1 node=Authority source=TM4 destination=TM
event=send timestamp_ns=1791281243027165358 workflow=KEY_RESPONSE run_id=bench_h4_key_w2 node=Authority source=Authority destination=bench_h4_key_w2
event=receive timestamp_ns=1791281244042678175 workflow=KEY_REQUEST run_id=bench_h4_key_w2 node=Authority source=TM4 destination=TM
event=send timestamp_ns=1791281246484904209 workflow=KEY_RESPONSE run_id=bench_h4_key_w3 node=Authority source=Authority destination=bench_h4_key_w3
event=receive timestamp_ns=1791281247530651128 workflow=KEY_REQUEST run_id=bench_h4_key_w3 node=Authority source=TM4 destination=TM
event=send timestamp_ns=1791281249939359724 workflow=KEY_RESPONSE run_id=bench_h4_key_w4 node=Authority source=Authority destination=bench_h4_key_w4
event=receive timestamp_ns=1791281250954517531 workflow=KEY_REQUEST run_id=bench_h4_key_w4 node=Authority source=TM4 destination=TM
event=send timestamp_ns=1791281253396781964 workflow=KEY_RESPONSE run_id=bench_h4_key_w5 node=Authority source=Authority destination=bench_h4_key_w5
event=receive timestamp_ns=1791281254442653042 workflow=KEY_REQUEST run_id=bench_h4_key_w5 node=Authority source=TM4 destination=TM
event=send timestamp_ns=1791281256853814322 workflow=KEY_RESPONSE run_id=bench_h4_key_001 node=Authority source=Authority destination=bench_h4_key_001
event=receive timestamp_ns=1791281257898823413 workflow=KEY_REQUEST run_id=bench_h4_key_001 node=Authority source=TM4 destination=TM
event=send timestamp_ns=1791281260309940218 workflow=KEY_RESPONSE run_id=bench_h4_key_002 node=Authority source=Authority destination=bench_h4_key_002
event=receive timestamp_ns=1791281261354634249 workflow=KEY_REQUEST run_id=bench_h4_key_002 node=Authority source=TM4 destination=TM
event=send timestamp_ns=1791281263771744119 workflow=KEY_RESPONSE run_id=bench_h4_key_003 node=Authority source=Authority destination=bench_h4_key_003
event=receive timestamp_ns=1791281264810663755 workflow=KEY_REQUEST run_id=bench_h4_key_003 node=Authority source=TM4 destination=TM
event=send timestamp_ns=1791281266230904419 workflow=KEY_RESPONSE run_id=bench_h4_key_004 node=Authority source=Authority destination=bench_h4_key_004
event=receive timestamp_ns=1791281267274943990 workflow=KEY_REQUEST run_id=bench_h4_key_004 node=Authority source=TM4 destination=TM
event=send timestamp_ns=1791281269679266476 workflow=KEY_RESPONSE run_id=bench_h4_key_005 node=Authority source=Authority destination=bench_h4_key_005
event=receive timestamp_ns=1791281270702628732 workflow=KEY_REQUEST run_id=bench_h4_key_005 node=Authority source=TM4 destination=TM
event=send timestamp_ns=1791281273044348978 workflow=KEY_RESPONSE run_id=bench_h4_key_006 node=Authority source=Authority destination=bench_h4_key_006
event=receive timestamp_ns=1791281274059020045 workflow=KEY_REQUEST run_id=bench_h4_key_006 node=Authority source=TM4 destination=TM
event=send timestamp_ns=1791281277460672795 workflow=KEY_RESPONSE run_id=bench_h4_key_007 node=Authority source=Authority destination=bench_h4_key_007
event=receive timestamp_ns=1791281278506730103 workflow=KEY_REQUEST run_id=bench_h4_key_007 node=Authority source=TM4 destination=TM
event=send timestamp_ns=1791281281941123048 workflow=KEY_RESPONSE run_id=bench_h4_key_008 node=Authority source=Authority destination=bench_h4_key_008
event=receive timestamp_ns=1791281282986702921 workflow=KEY_REQUEST run_id=bench_h4_key_008 node=Authority source=TM4 destination=TM
event=send timestamp_ns=1791281285399139683 workflow=KEY_RESPONSE run_id=bench_h4_key_009 node=Authority source=Authority destination=bench_h4_key_009
event=receive timestamp_ns=1791281286446667632 workflow=KEY_REQUEST run_id=bench_h4_key_009 node=Authority source=TM4 destination=TM
event=send timestamp_ns=1791281288856391654 workflow=KEY_RESPONSE run_id=bench_h4_key_010 node=Authority source=Authority destination=bench_h4_key_010
event=receive timestamp_ns=1791281289902709863 workflow=KEY_REQUEST run_id=bench_h4_key_010 node=Authority source=TM4 destination=TM
event=send timestamp_ns=1791281292375354582 workflow=KEY_RESPONSE run_id=bench_h4_key_011 node=Authority source=Authority destination=bench_h4_key_011
event=receive timestamp_ns=1791281293418441675 workflow=KEY_REQUEST run_id=bench_h4_key_011 node=Authority source=TM4 destination=TM
event=send timestamp_ns=1791281295830175131 workflow=KEY_RESPONSE run_id=bench_h4_key_012 node=Authority source=Authority destination=bench_h4_key_012
event=receive timestamp_ns=1791281296874526540 workflow=KEY_REQUEST run_id=bench_h4_key_012 node=Authority source=TM4 destination=TM
