event=receive timestamp_ns=1791281070058730961 workflow=KEY_REQUEST run_id=bench_h4_setup node=U1 source=TM4 destination=TM
event=receive timestamp_ns=1791281074676593246 workflow=CT_SHARE run_id=1 node=U1 source=TM4 destination=TM
event=receive timestamp_ns=1791281076280498696 workflow=CT_SHARE run_id=2 node=U1 source=TM4 destination=TM
event=receive timestamp_ns=1791281077844387986 workflow=CT_SHARE run_id=3 node=U1 source=TM4 destination=TM
event=receive timestamp_ns=1791281079441841182 workflow=CT_SHARE run_id=4 node=U1 source=TM4 destination=TM
event=receive timestamp_ns=1791281081016902213 workflow=CT_SHARE run_id=5 node=U1 source=TM4 destination=TM
event=receive timestamp_ns=1791281082577778113 workflow=CT_SHARE run_id=6 node=U1 source=TM4 destination=TM
event=receive timestamp_ns=1791281084149352312 workflow=CT_SHARE run_id=7 node=U1 source=TM4 destination=TM
event=receive timestamp_ns=1791281085652172816 workflow=CT_SHARE run_id=8 node=U1 source=TM4 destination=TM
event=receive timestamp_ns=1791281087188487716 workflow=CT_SHARE run_id=9 node=U1 source=TM4 destination=TM
event=receive timestamp_ns=1791281088753470750 workflow=CT_SHARE run_id=10 node=U1 source=TM4 destination=TM
event=receive timestamp_ns=1791281090357050052 workflow=CT_SHARE run_id=11 node=U1 source=TM4 destination=TM
event=receive timestamp_ns=1791281091925046667 workflow=CT_SHARE run_id=12 node=U1 source=TM4 destination=TM
event=receive timestamp_ns=1791281093490368764 workflow=CT_SHARE run_id=13 node=U1 source=TM4 destination=TM
event=receive timestamp_ns=1791281095059483958 workflow=CT_SHARE run_id=14 node=U1 source=TM4 destination=TM
event=receive timestamp_ns=1791281096629650439 workflow=CT_SHARE run_id=15 node=U1 source=TM4 destination=TM
event=receive timestamp_ns=1791281098228790566 workflow=CT_SHARE run_id=16 node=U1 source=TM4 destination=TM
event=receive timestamp_ns=1791281099765300576 workflow=CT_SHARE run_id=17 node=U1 source=TM4 destination=TM
event=receive timestamp_ns=1791281101361780769 workflow=CT_SHARE run_id=18 node=U1 source=TM4 destination=TM
event=receive timestamp_ns=1791281102962782235 workflow=CT_SHARE run_id=19 node=U1 source=TM4 destination=TM
event=receive timestamp_ns=1791281104497374480 workflow=CT_SHARE run_id=20 node=U1 source=TM4 destination=TM
event=receive timestamp_ns=1791281106069341007 workflow=CT_SHARE run_id=21 node=U1 source=TM4 destination=TM
event=receive timestamp_ns=1791281107639252603 workflow=CT_SHARE run_id=22 node=U1 source=TM4 destination=TM
event=receive timestamp_ns=1791281109205142537 workflow=CT_SHARE run_id=23 node=U1 source=TM4 destination=TM
event=receive timestamp_ns=1791281110774117796 workflow=CT_SHARE run_id=24 node=U1 source=TM4 destination=TM
event=receive timestamp_ns=1791281112308651101 workflow=CT_SHARE run_id=25 node=U1 source=TM4 destination=TM
event=receive timestamp_ns=1791281113882542519 workflow=CT_SHARE run_id=26 node=U1 source=TM4 destination=TM
event=receive timestamp_ns=1791281115445161060 workflow=CT_SHARE run_id=27 node=U1 source=TM4 destination=TM
event=receive timestamp_ns=1791281117018756810 workflow=CT_SHARE run_id=28 node=U1 source=TM4 destination=TM
event=receive timestamp_ns=1791281118582461729 workflow=CT_SHARE run_id=29 node=U1 source=TM4 destination=TM
event=receive timestamp_ns=1791281120155630160 workflow=CT_SHARE run_id=30 node=U1 source=TM4 destination=TM
event=receive timestamp_ns=1791281121722238824 workflow=CT_SHARE run_id=31 node=U1 source=TM4 destination=TM
event=receive timestamp_ns=1791281123289368554 workflow=CT_SHARE run_id=32 node=U1 source=TM4 destination=TM
event=receive timestamp_ns=1791281124824074387 workflow=CT_SHARE run_id=33 node=U1 source=TM4 destination=TM
event=receive timestamp_ns=1791281126422469312 workflow=CT_SHARE run_id=34 node=U1 source=TM4 destination=TM
event=receive timestamp_ns=1791281127992787439 workflow=CT_SHARE run_id=35 node=U1 source=TM4 destination=TM
event=receive timestamp_ns=1791281130356990350 workflow=ARL_UPDATE run_id=1 node=U1 source=Authority destination=TM
event=receive timestamp_ns=1791281131891987475 workflow=ARL_UPDATE run_id=2 node=U1 source=Authority destination=TM
event=receive timestamp_ns=1791281133424737041 workflow=ARL_UPDATE run_id=3 node=U1 source=Authority destination=TM
event=receive timestamp_ns=1791281134963781569 workflow=ARL_UPDATE run_id=4 node=U1 source=Authority destination=TM
event=receive timestamp_ns=1791281136532513373 workflow=ARL_UPDATE run_id=5 node=U1 source=Authority destination=TM
event=receive timestamp_ns=1791281138066948772 workflow=ARL_UPDATE run_id=6 node=U1 source=Authority destination=TM
event=receive timestamp_ns=1791281139569085344 workflow=ARL_UPDATE run_id=7 node=U1 source=Authority destination=TM
event=receive timestamp_ns=1791281141104884740 workflow=ARL_UPDATE run_id=8 node=U1 source=Authority destination=TM
event=receive timestamp_ns=1791281142643932026 workflow=ARL_UPDATE run_id=9 node=U1 source=Authority destination=TM
event=receive timestamp_ns=1791281144247088000 workflow=ARL_UPDATE run_id=10 node=U1 source=Authority destination=TM
event=receive timestamp_ns=1791281145781738026 workflow=ARL_UPDATE run_id=11 node=U1 source=Authority destination=TM
event=receive timestamp_ns=1791281147313115032 workflow=ARL_UPDATE run_id=12 node=U1 source=Authority destination=TM
event=receive timestamp_ns=1791281148854552150 workflow=ARL_UPDATE run_id=13 node=U1 source=Authority destination=TM
event=receive timestamp_ns=1791281150389787280 workflow=ARL_UPDATE run_id=14 node=U1 source=Authority destination=TM
event=receive timestamp_ns=1791281151930204566 workflow=ARL_UPDATE run_id=15 node=U1 source=Authority destination=TM
event=receive timestamp_ns=1791281153459732702 workflow=ARL_UPDATE run_id=16 node=U1 source=Authority destination=TM
event=receive timestamp_ns=1791281155031882627 workflow=ARL_UPDATE run_id=17 node=U1 source=Authority destination=TM
event=receive timestamp_ns=1791281156534416802 workflow=ARL_UPDATE run_id=18 node=U1 source=Authority destination=TM
event=receive timestamp_ns=1791281158062811934 workflow=ARL_UPDATE run_id=19 node=U1 source=Authority destination=TM
event=receive timestamp_ns=1791281159661202899 workflow=ARL_UPDATE run_id=20 node=U1 source=Authority destination=TM
event=receive timestamp_ns=1791281161203064826 workflow=ARL_UPDATE run_id=21 node=U1 source=Authority destination=TM
event=receive timestamp_ns=1791281162739957954 workflow=ARL_UPDATE run_id=22 node=U1 source=Authority destination=TM
event=receive timestamp_ns=1791281164271272965 workflow=ARL_UPDATE run_id=23 node=U1 source=Authority destination=TM
event=receive timestamp_ns=1791281165806738947 workflow=ARL_UPDATE run_id=24 node=U1 source=Authority destination=TM
event=receive timestamp_ns=1791281167344100293 workflow=ARL_UPDATE run_id=25 node=U1 source=Authority destination=TM
event=receive timestamp_ns=1791281168880868741 workflow=ARL_UPDATE run_id=26 node=U1 source=Authority destination=TM
event=receive timestamp_ns=1791281170416224823 workflow=ARL_UPDATE run_id=27 node=U1 source=Authority destination=TM
event=receive timestamp_ns=1791281171952568130 workflow=ARL_UPDATE run_id=28 node=U1 source=Authority destination=TM
event=receive timestamp_ns=1791281173548840170 workflow=ARL_UPDATE run_id=29 node=U1 source=Authority destination=TM
event=receive timestamp_ns=1791281175094921905 workflow=ARL_UPDATE run_id=30 node=U1 source=Authority destination=TM
event=receive timestamp_ns=1791281176691789874 workflow=ARL_UPDATE run_id=31 node=U1 source=Authority destination=TM
event=receive timestamp_ns=1791281178220634755 workflow=ARL_UPDATE run_id=32 node=U1 source=Authority destination=TM
event=receive timestamp_ns=1791281179759084774 workflow=ARL_UPDATE run_id=33 node=U1 source=Authority destination=TM
event=receive timestamp_ns=1791281181298632820 workflow=ARL_UPDATE run_id=34 node=U1 source=Authority destination=TM
event=receive timestamp_ns=1791281182833069702 workflow=ARL_UPDATE run_id=35 node=U1 source=Authority destination=TM
event=receive timestamp_ns=1791281184405596866 workflow=ARL_UPDATE run_id=36 node=U1 source=Authority destination=TM
event=receive timestamp_ns=1791281185911101980 workflow=ARL_UPDATE run_id=37 node=U1 source=Authority destination=TM
event=receive timestamp_ns=1791281187478183129 workflow=ARL_UPDATE run_id=38 node=U1 source=Authority destination=TM
event=receive timestamp_ns=1791281189009202333 workflow=ARL_UPDATE run_id=39 node=U1 source=Authority destination=TM
event=receive timestamp_ns=1791281190542459437 workflow=ARL_UPDATE run_id=40 node=U1 source=Authority destination=TM
event=receive timestamp_ns=1791281192142461815 workflow=ARL_UPDATE run_id=41 node=U1 source=Authority destination=TM
event=receive timestamp_ns=1791281193681315917 workflow=ARL_UPDATE run_id=42 node=U1 source=Authority destination=TM
event=receive timestamp_ns=1791281195219003037 workflow=ARL_UPDATE run_id=43 node=U1 source=Authority destination=TM
event=receive timestamp_ns=1791281196758893456 workflow=ARL_UPDATE run_id=44 node=U1 source=Authority destination=TM
event=receive timestamp_ns=1791281198290756814 workflow=ARL_UPDATE run_id=45 node=U1 source=Authority destination=TM
event=receive timestamp_ns=1791281199824686828 workflow=ARL_UPDATE run_id=46 node=U1 source=Authority destination=TM
event=receive timestamp_ns=1791281201366410564 workflow=ARL_UPDATE run_id=47 node=U1 source=Authority destination=TM
event=receive timestamp_ns=1791281202894210599 workflow=ARL_UPDATE run_id=48 node=U1 source=Authority destination=TM
event=receive timestamp_ns=1791281204434249046 workflow=ARL_UPDATE run_id=49 node=U1 source=Authority destination=TM
event=receive timestamp_ns=1791281205969736289 workflow=ARL_UPDATE run_id=50 node=U1 source=Authority destination=TM
event=receive timestamp_ns=1791281207507465694 workflow=ARL_UPDATE run_id=51 node=U1 source=Authority destination=TM
event=receive timestamp_ns=1791281209043224281 workflow=ARL_UPDATE run_id=52 node=U1 source=Authority destination=TM
event=receive timestamp_ns=1791281210584421929 workflow=ARL_UPDATE run_id=53 node=U1 source=Authority destination=TM
event=receive timestamp_ns=1791281212181786079 workflow=ARL_UPDATE run_id=54 node=U1 source=Authority destination=TM
event=receive timestamp_ns=1791281213716226074 workflow=ARL_UPDATE run_id=55 node=U1 source=Authority destination=TM
event=receive timestamp_ns=1791281215250471140 workflow=ARL_UPDATE run_id=56 node=U1 source=Authority destination=TM
event=receive timestamp_ns=1791281216787025813 workflow=ARL_UPDATE run_id=57 node=U1 source=Authority destination=TM
event=receive timestamp_ns=1791281218317548407 workflow=ARL_UPDATE run_id=58 node=U1 source=Authority destination=TM
event=receive timestamp_ns=1791281219856713829 workflow=ARL_UPDATE run_id=59 node=U1 source=Authority destination=TM
event=receive timestamp_ns=1791281221394011233 workflow=ARL_UPDATE run_id=60 node=U1 source=Authority destination=TM
event=receive timestamp_ns=1791281222925874209 workflow=ARL_UPDATE run_id=61 node=U1 source=Authority destination=TM
event=receive timestamp_ns=1791281224465761995 workflow=ARL_UPDATE run_id=62 node=U1 source=Authority destination=TM
event=receive timestamp_ns=1791281226001001065 workflow=ARL_UPDATE run_id=63 node=U1 source=Authority destination=TM
event=receive timestamp_ns=1791281227533390138 workflow=ARL_UPDATE run_id=64 node=U1 source=Authority destination=TM
event=receive timestamp_ns=1791281229068844186 workflow=ARL_UPDATE run_id=65 node=U1 source=Authority destination=TM
event=receive timestamp_ns=1791281230609565709 workflow=ARL_UPDATE run_id=66 node=U1 source=Authority destination=TM
event=receive timestamp_ns=1791281232146980728 workflow=ARL_UPDATE run_id=67 node=U1 source=Authority destination=TM
event=receive timestamp_ns=1791281233744554412 workflow=ARL_UPDATE run_id=68 node=U1 source=Authority destination=TM
event=receive timestamp_ns=1791281235278055735 workflow=ARL_UPDATE run_id=69 node=U1 source=Authority destination=TM
event=receive timestamp_ns=1791281236816695573 workflow=ARL_UPDATE run_id=70 node=U1 source=Authority destination=TM
event=receive timestamp_ns=1791281239563422762 workflow=KEY_REQUEST run_id=bench_h4_key_w1 node=U1 source=TM4 destination=TM
event=receive timestamp_ns=1791281242410886667 workflow=KEY_REQUEST run_id=bench_h4_key_w2 node=U1 source=TM4 destination=TM
event=receive timestamp_ns=1791281247086856636 workflow=KEY_REQUEST run_id=bench_h4_key_w3 node=U1 source=TM4 destination=TM
event=receive timestamp_ns=1791281251050838875 workflow=KEY_REQUEST run_id=bench_h4_key_w4 node=U1 source=TM4 destination=TM
event=receive timestamp_ns=1791281253998596580 workflow=KEY_REQUEST run_id=bench_h4_key_w5 node=U1 source=TM4 destination=TM
event=receive timestamp_ns=1791281256746955282 workflow=KEY_REQUEST run_id=bench_h4_key_001 node=U1 source=TM4 destination=TM
event=receive timestamp_ns=1791281260906789962 workflow=KEY_REQUEST run_id=bench_h4_key_002 node=U1 source=TM4 destination=TM
event=receive timestamp_ns=1791281263659298697 workflow=KEY_REQUEST run_id=bench_h4_key_003 node=U1 source=TM4 destination=TM
event=receive timestamp_ns=1791281266122830334 workflow=KEY_REQUEST run_id=bench_h4_key_004 node=U1 source=TM4 destination=TM
event=receive timestamp_ns=1791281270795001906 workflow=KEY_REQUEST run_id=bench_h4_key_005 node=U1 source=TM4 destination=TM
event=receive timestamp_ns=1791281272426761619 workflow=KEY_REQUEST run_id=bench_h4_key_006 node=U1 source=TM4 destination=TM
event=receive timestamp_ns=1791281278058659774 workflow=KEY_REQUEST run_id=bench_h4_key_007 node=U1 source=TM4 destination=TM
event=receive timestamp_ns=1791281281834847093 workflow=KEY_REQUEST run_id=bench_h4_key_008 node=U1 source=TM4 destination=TM
event=receive timestamp_ns=1791281286026934481 workflow=KEY_REQUEST run_id=bench_h4_key_009 node=U1 source=TM4 destination=TM
event=receive timestamp_ns=1791281288779269435 workflow=KEY_REQUEST run_id=bench_h4_key_010 node=U1 source=TM4 destination=TM
event=receive timestamp_ns=1791281292234788560 workflow=KEY_REQUEST run_id=bench_h4_key_011 node=U1 source=TM4 destination=TM
event=receive timestamp_ns=1791281296426915510 workflow=KEY_REQUEST run_id=bench_h4_key_012 node=U1 source=TM4 destination=TM
