event=receive timestamp_ns=1791281069963025221 workflow=KEY_REQUEST run_id=bench_h4_setup node=U2 source=TM4 destination=TM
event=receive timestamp_ns=1791281074073023196 workflow=CT_SHARE run_id=1 node=U2 source=TM4 destination=TM
event=receive timestamp_ns=1791281075667956319 workflow=CT_SHARE run_id=2 node=U2 source=TM4 destination=TM
event=receive timestamp_ns=1791281077234582355 workflow=CT_SHARE run_id=3 node=U2 source=TM4 destination=TM
event=receive timestamp_ns=1791281078833368600 workflow=CT_SHARE run_id=4 node=U2 source=TM4 destination=TM
event=receive timestamp_ns=1791281080405372268 workflow=CT_SHARE run_id=5 node=U2 source=TM4 destination=TM
event=receive timestamp_ns=1791281081976065587 workflow=CT_SHARE run_id=6 node=U2 source=TM4 destination=TM
event=receive timestamp_ns=1791281083542372715 workflow=CT_SHARE run_id=7 node=U2 source=TM4 destination=TM
event=receive timestamp_ns=1791281085045986991 workflow=CT_SHARE run_id=8 node=U2 source=TM4 destination=TM
event=receive timestamp_ns=1791281086615718943 workflow=CT_SHARE run_id=9 node=U2 source=TM4 destination=TM
event=receive timestamp_ns=1791281088177697825 workflow=CT_SHARE run_id=10 node=U2 source=TM4 destination=TM
event=receive timestamp_ns=1791281089746272633 workflow=CT_SHARE run_id=11 node=U2 source=TM4 destination=TM
event=receive timestamp_ns=1791281091318202644 workflow=CT_SHARE run_id=12 node=U2 source=TM4 destination=TM
event=receive timestamp_ns=1791281092881686738 workflow=CT_SHARE run_id=13 node=U2 source=TM4 destination=TM
event=receive timestamp_ns=1791281094422863017 workflow=CT_SHARE run_id=14 node=U2 source=TM4 destination=TM
event=receive timestamp_ns=1791281096022165468 workflow=CT_SHARE run_id=15 node=U2 source=TM4 destination=TM
event=receive timestamp_ns=1791281097621452030 workflow=CT_SHARE run_id=16 node=U2 source=TM4 destination=TM
event=receive timestamp_ns=1791281099153460179 workflow=CT_SHARE run_id=17 node=U2 source=TM4 destination=TM
event=receive timestamp_ns=1791281100753745282 workflow=CT_SHARE run_id=18 node=U2 source=TM4 destination=TM
event=receive timestamp_ns=1791281102354197903 workflow=CT_SHARE run_id=19 node=U2 source=TM4 destination=TM
event=receive timestamp_ns=1791281103890127468 workflow=CT_SHARE run_id=20 node=U2 source=TM4 destination=TM
event=receive timestamp_ns=1791281105493331598 workflow=CT_SHARE run_id=21 node=U2 source=TM4 destination=TM
event=receive timestamp_ns=1791281107061906384 workflow=CT_SHARE run_id=22 node=U2 source=TM4 destination=TM
event=receive timestamp_ns=1791281108593189428 workflow=CT_SHARE run_id=23 node=U2 source=TM4 destination=TM
event=receive timestamp_ns=1791281110161690627 workflow=CT_SHARE run_id=24 node=U2 source=TM4 destination=TM
event=receive timestamp_ns=1791281111703827611 workflow=CT_SHARE run_id=25 node=U2 source=TM4 destination=TM
event=receive timestamp_ns=1791281113273141494 workflow=CT_SHARE run_id=26 node=U2 source=TM4 destination=TM
event=receive timestamp_ns=1791281114836207142 workflow=CT_SHARE run_id=27 node=U2 source=TM4 destination=TM
event=receive timestamp_ns=1791281116408646329 workflow=CT_SHARE run_id=28 node=U2 source=TM4 destination=TM
event=receive timestamp_ns=1791281117977767039 workflow=CT_SHARE run_id=29 node=U2 source=TM4 destination=TM
event=receive timestamp_ns=1791281119544898226 workflow=CT_SHARE run_id=30 node=U2 source=TM4 destination=TM
event=receive timestamp_ns=1791281121115167262 workflow=CT_SHARE run_id=31 node=U2 source=TM4 destination=TM
event=receive timestamp_ns=1791281122682151868 workflow=CT_SHARE run_id=32 node=U2 source=TM4 destination=TM
event=receive timestamp_ns=1791281124242911865 workflow=CT_SHARE run_id=33 node=U2 source=TM4 destination=TM
event=receive timestamp_ns=1791281125817689877 workflow=CT_SHARE run_id=34 node=U2 source=TM4 destination=TM
event=receive timestamp_ns=1791281127380548954 workflow=CT_SHARE run_id=35 node=U2 source=TM4 destination=TM
event=receive timestamp_ns=1791281129939531541 workflow=ARL_UPDATE run_id=1 node=U2 source=Authority destination=TM
event=receive timestamp_ns=1791281131477260626 workflow=ARL_UPDATE run_id=2 node=U2 source=Authority destination=TM
event=receive timestamp_ns=1791281133006248090 workflow=ARL_UPDATE run_id=3 node=U2 source=Authority destination=TM
event=receive timestamp_ns=1791281134547867819 workflow=ARL_UPDATE run_id=4 node=U2 source=Authority destination=TM
event=receive timestamp_ns=1791281136085404657 workflow=ARL_UPDATE run_id=5 node=U2 source=Authority destination=TM
event=receive timestamp_ns=1791281137622704241 workflow=ARL_UPDATE run_id=6 node=U2 source=Authority destination=TM
event=receive timestamp_ns=1791281139150617631 workflow=ARL_UPDATE run_id=7 node=U2 source=Authority destination=TM
event=receive timestamp_ns=1791281140688981855 workflow=ARL_UPDATE run_id=8 node=U2 source=Authority destination=TM
event=receive timestamp_ns=1791281142227442646 workflow=ARL_UPDATE run_id=9 node=U2 source=Authority destination=TM
event=receive timestamp_ns=1791281143833666095 workflow=ARL_UPDATE run_id=10 node=U2 source=Authority destination=TM
event=receive timestamp_ns=1791281145370210128 workflow=ARL_UPDATE run_id=11 node=U2 source=Authority destination=TM
event=receive timestamp_ns=1791281146906062823 workflow=ARL_UPDATE run_id=12 node=U2 source=Authority destination=TM
event=receive timestamp_ns=1791281148436248682 workflow=ARL_UPDATE run_id=13 node=U2 source=Authority destination=TM
event=receive timestamp_ns=1791281149976616596 workflow=ARL_UPDATE run_id=14 node=U2 source=Authority destination=TM
event=receive timestamp_ns=1791281151505980129 workflow=ARL_UPDATE run_id=15 node=U2 source=Authority destination=TM
event=receive timestamp_ns=1791281153039588644 workflow=ARL_UPDATE run_id=16 node=U2 source=Authority destination=TM
event=receive timestamp_ns=1791281154612462601 workflow=ARL_UPDATE run_id=17 node=U2 source=Authority destination=TM
event=receive timestamp_ns=1791281156148239803 workflow=ARL_UPDATE run_id=18 node=U2 source=Authority destination=TM
event=receive timestamp_ns=1791281157654454431 workflow=ARL_UPDATE run_id=19 node=U2 source=Authority destination=TM
event=receive timestamp_ns=1791281159253096135 workflow=ARL_UPDATE run_id=20 node=U2 source=Authority destination=TM
event=receive timestamp_ns=1791281160790398484 workflow=ARL_UPDATE run_id=21 node=U2 source=Authority destination=TM
event=receive timestamp_ns=1791281162321534094 workflow=ARL_UPDATE run_id=22 node=U2 source=Authority destination=TM
event=receive timestamp_ns=1791281163856523490 workflow=ARL_UPDATE run_id=23 node=U2 source=Authority destination=TM
event=receive timestamp_ns=1791281165390260047 workflow=ARL_UPDATE run_id=24 node=U2 source=Authority destination=TM
event=receive timestamp_ns=1791281166931123215 workflow=ARL_UPDATE run_id=25 node=U2 source=Authority destination=TM
event=receive timestamp_ns=1791281168466752100 workflow=ARL_UPDATE run_id=26 node=U2 source=Authority destination=TM
event=receive timestamp_ns=1791281169998069875 workflow=ARL_UPDATE run_id=27 node=U2 source=Authority destination=TM
event=receive timestamp_ns=1791281171534895500 workflow=ARL_UPDATE run_id=28 node=U2 source=Authority destination=TM
event=receive timestamp_ns=1791281173133824265 workflow=ARL_UPDATE run_id=29 node=U2 source=Authority destination=TM
event=receive timestamp_ns=1791281174672703640 workflow=ARL_UPDATE run_id=30 node=U2 source=Authority destination=TM
event=receive timestamp_ns=1791281176271874052 workflow=ARL_UPDATE run_id=31 node=U2 source=Authority destination=TM
event=receive timestamp_ns=1791281177807965670 workflow=ARL_UPDATE run_id=32 node=U2 source=Authority destination=TM
event=receive timestamp_ns=1791281179344775789 workflow=ARL_UPDATE run_id=33 node=U2 source=Authority destination=TM
event=receive timestamp_ns=1791281180885244476 workflow=ARL_UPDATE run_id=34 node=U2 source=Authority destination=TM
event=receive timestamp_ns=1791281182417390435 workflow=ARL_UPDATE run_id=35 node=U2 source=Authority destination=TM
event=receive timestamp_ns=1791281183957435147 workflow=ARL_UPDATE run_id=36 node=U2 source=Authority destination=TM
event=receive timestamp_ns=1791281185487453469 workflow=ARL_UPDATE run_id=37 node=U2 source=Authority destination=TM
event=receive timestamp_ns=1791281187063666496 workflow=ARL_UPDATE run_id=38 node=U2 source=Authority destination=TM
event=receive timestamp_ns=1791281188596496944 workflow=ARL_UPDATE run_id=39 node=U2 source=Authority destination=TM
event=receive timestamp_ns=1791281190136222521 workflow=ARL_UPDATE run_id=40 node=U2 source=Authority destination=TM
event=receive timestamp_ns=1791281191731942049 workflow=ARL_UPDATE run_id=41 node=U2 source=Authority destination=TM
event=receive timestamp_ns=1791281193270668602 workflow=ARL_UPDATE run_id=42 node=U2 source=Authority destination=TM
event=receive timestamp_ns=1791281194802933180 workflow=ARL_UPDATE run_id=43 node=U2 source=Authority destination=TM
event=receive timestamp_ns=1791281196338941556 workflow=ARL_UPDATE run_id=44 node=U2 source=Authority destination=TM
event=receive timestamp_ns=1791281197875935063 workflow=ARL_UPDATE run_id=45 node=U2 source=Authority destination=TM
event=receive timestamp_ns=1791281199410620905 workflow=ARL_UPDATE run_id=46 node=U2 source=Authority destination=TM
event=receive timestamp_ns=1791281200949469120 workflow=ARL_UPDATE run_id=47 node=U2 source=Authority destination=TM
event=receive timestamp_ns=1791281202480052072 workflow=ARL_UPDATE run_id=48 node=U2 source=Authority destination=TM
event=receive timestamp_ns=1791281204017882091 workflow=ARL_UPDATE run_id=49 node=U2 source=Authority destination=TM
event=receive timestamp_ns=1791281205555835301 workflow=ARL_UPDATE run_id=50 node=U2 source=Authority destination=TM
event=receive timestamp_ns=1791281207091762713 workflow=ARL_UPDATE run_id=51 node=U2 source=Authority destination=TM
event=receive timestamp_ns=1791281208628260916 workflow=ARL_UPDATE run_id=52 node=U2 source=Authority destination=TM
event=receive timestamp_ns=1791281210160833237 workflow=ARL_UPDATE run_id=53 node=U2 source=Authority destination=TM
event=receive timestamp_ns=1791281211757963787 workflow=ARL_UPDATE run_id=54 node=U2 source=Authority destination=TM
event=receive timestamp_ns=1791281213295159128 workflow=ARL_UPDATE run_id=55 node=U2 source=Authority destination=TM
event=receive timestamp_ns=1791281214836388345 workflow=ARL_UPDATE run_id=56 node=U2 source=Authority destination=TM
event=receive timestamp_ns=1791281216372680621 workflow=ARL_UPDATE run_id=57 node=U2 source=Authority destination=TM
event=receive timestamp_ns=1791281217904823739 workflow=ARL_UPDATE run_id=58 node=U2 source=Authority destination=TM
event=receive timestamp_ns=1791281219442630508 workflow=ARL_UPDATE run_id=59 node=U2 source=Authority destination=TM
event=receive timestamp_ns=1791281220978093142 workflow=ARL_UPDATE run_id=60 node=U2 source=Authority destination=TM
event=receive timestamp_ns=1791281222515993430 workflow=ARL_UPDATE run_id=61 node=U2 source=Authority destination=TM
event=receive timestamp_ns=1791281224045486288 workflow=ARL_UPDATE run_id=62 node=U2 source=Authority destination=TM
event=receive timestamp_ns=1791281225585948404 workflow=ARL_UPDATE run_id=63 node=U2 source=Authority destination=TM
event=receive timestamp_ns=1791281227121632243 workflow=ARL_UPDATE run_id=64 node=U2 source=Authority destination=TM
event=receive timestamp_ns=1791281228658955821 workflow=ARL_UPDATE run_id=65 node=U2 source=Authority destination=TM
event=receive timestamp_ns=1791281230197371491 workflow=ARL_UPDATE run_id=66 node=U2 source=Authority destination=TM
event=receive timestamp_ns=1791281231733000770 workflow=ARL_UPDATE run_id=67 node=U2 source=Authority destination=TM
event=receive timestamp_ns=1791281233328293696 workflow=ARL_UPDATE run_id=68 node=U2 source=Authority destination=TM
event=receive timestamp_ns=1791281234867474405 workflow=ARL_UPDATE run_id=69 node=U2 source=Authority destination=TM
event=receive timestamp_ns=1791281236405265793 workflow=ARL_UPDATE run_id=70 node=U2 source=Authority destination=TM
event=receive timestamp_ns=1791281240363034560 workflow=KEY_REQUEST run_id=bench_h4_key_w1 node=U2 source=TM4 destination=TM
event=receive timestamp_ns=1791281242826667899 workflow=KEY_REQUEST run_id=bench_h4_key_w2 node=U2 source=TM4 destination=TM
event=receive timestamp_ns=1791281247178943973 workflow=KEY_REQUEST run_id=bench_h4_key_w3 node=U2 source=TM4 destination=TM
event=receive timestamp_ns=1791281249739006452 workflow=KEY_REQUEST run_id=bench_h4_key_w4 node=U2 source=TM4 destination=TM
event=receive timestamp_ns=1791281254094438202 workflow=KEY_REQUEST run_id=bench_h4_key_w5 node=U2 source=TM4 destination=TM
event=receive timestamp_ns=1791281256651224596 workflow=KEY_REQUEST run_id=bench_h4_key_001 node=U2 source=TM4 destination=TM
event=receive timestamp_ns=1791281261002914005 workflow=KEY_REQUEST run_id=bench_h4_key_002 node=U2 source=TM4 destination=TM
event=receive timestamp_ns=1791281263563070609 workflow=KEY_REQUEST run_id=bench_h4_key_003 node=U2 source=TM4 destination=TM
event=receive timestamp_ns=1791281266954817055 workflow=KEY_REQUEST run_id=bench_h4_key_004 node=U2 source=TM4 destination=TM
event=receive timestamp_ns=1791281269482606582 workflow=KEY_REQUEST run_id=bench_h4_key_005 node=U2 source=TM4 destination=TM
event=receive timestamp_ns=1791281272842872252 workflow=KEY_REQUEST run_id=bench_h4_key_006 node=U2 source=TM4 destination=TM
event=receive timestamp_ns=1791281277259194378 workflow=KEY_REQUEST run_id=bench_h4_key_007 node=U2 source=TM4 destination=TM
event=receive timestamp_ns=1791281282635134564 workflow=KEY_REQUEST run_id=bench_h4_key_008 node=U2 source=TM4 destination=TM
event=receive timestamp_ns=1791281285195055810 workflow=KEY_REQUEST run_id=bench_h4_key_009 node=U2 source=TM4 destination=TM
event=receive timestamp_ns=1791281289578964003 workflow=KEY_REQUEST run_id=bench_h4_key_010 node=U2 source=TM4 destination=TM
event=receive timestamp_ns=1791281292138921743 workflow=KEY_REQUEST run_id=bench_h4_key_011 node=U2 source=TM4 destination=TM
event=receive timestamp_ns=1791281296526757364 workflow=KEY_REQUEST run_id=bench_h4_key_012 node=U2 source=TM4 destination=TM
