event=receive timestamp_ns=1791281069866732306 workflow=KEY_REQUEST run_id=bench_h4_setup node=U3 source=TM4 destination=TM
event=receive timestamp_ns=1791281073976516804 workflow=CT_SHARE run_id=1 node=U3 source=TM4 destination=TM
event=receive timestamp_ns=1791281075575602916 workflow=CT_SHARE run_id=2 node=U3 source=TM4 destination=TM
event=receive timestamp_ns=1791281077142482083 workflow=CT_SHARE run_id=3 node=U3 source=TM4 destination=TM
event=receive timestamp_ns=1791281078740142420 workflow=CT_SHARE run_id=4 node=U3 source=TM4 destination=TM
event=receive timestamp_ns=1791281080312064251 workflow=CT_SHARE run_id=5 node=U3 source=TM4 destination=TM
event=receive timestamp_ns=1791281081881495346 workflow=CT_SHARE run_id=6 node=U3 source=TM4 destination=TM
event=receive timestamp_ns=1791281083409539858 workflow=CT_SHARE run_id=7 node=U3 source=TM4 destination=TM
event=receive timestamp_ns=1791281084952707641 workflow=CT_SHARE run_id=8 node=U3 source=TM4 destination=TM
event=receive timestamp_ns=1791281086514795873 workflow=CT_SHARE run_id=9 node=U3 source=TM4 destination=TM
event=receive timestamp_ns=1791281088081450195 workflow=CT_SHARE run_id=10 node=U3 source=TM4 destination=TM
event=receive timestamp_ns=1791281089649672552 workflow=CT_SHARE run_id=11 node=U3 source=TM4 destination=TM
event=receive timestamp_ns=1791281091220897866 workflow=CT_SHARE run_id=12 node=U3 source=TM4 destination=TM
event=receive timestamp_ns=1791281092787990886 workflow=CT_SHARE run_id=13 node=U3 source=TM4 destination=TM
event=receive timestamp_ns=1791281094353625398 workflow=CT_SHARE run_id=14 node=U3 source=TM4 destination=TM
event=receive timestamp_ns=1791281095924039514 workflow=CT_SHARE run_id=15 node=U3 source=TM4 destination=TM
event=receive timestamp_ns=1791281097528720235 workflow=CT_SHARE run_id=16 node=U3 source=TM4 destination=TM
event=receive timestamp_ns=1791281099091587876 workflow=CT_SHARE run_id=17 node=U3 source=TM4 destination=TM
event=receive timestamp_ns=1791281100690704439 workflow=CT_SHARE run_id=18 node=U3 source=TM4 destination=TM
event=receive timestamp_ns=1791281102258715073 workflow=CT_SHARE run_id=19 node=U3 source=TM4 destination=TM
event=receive timestamp_ns=1791281103825370407 workflow=CT_SHARE run_id=20 node=U3 source=TM4 destination=TM
event=receive timestamp_ns=1791281105397691525 workflow=CT_SHARE run_id=21 node=U3 source=TM4 destination=TM
event=receive timestamp_ns=1791281106963827494 workflow=CT_SHARE run_id=22 node=U3 source=TM4 destination=TM
event=receive timestamp_ns=1791281108500861836 workflow=CT_SHARE run_id=23 node=U3 source=TM4 destination=TM
event=receive timestamp_ns=1791281110065331833 workflow=CT_SHARE run_id=24 node=U3 source=TM4 destination=TM
event=receive timestamp_ns=1791281111633630681 workflow=CT_SHARE run_id=25 node=U3 source=TM4 destination=TM
event=receive timestamp_ns=1791281113207187412 workflow=CT_SHARE run_id=26 node=U3 source=TM4 destination=TM
event=receive timestamp_ns=1791281114738991702 workflow=CT_SHARE run_id=27 node=U3 source=TM4 destination=TM
event=receive timestamp_ns=1791281116309120009 workflow=CT_SHARE run_id=28 node=U3 source=TM4 destination=TM
event=receive timestamp_ns=1791281117882037025 workflow=CT_SHARE run_id=29 node=U3 source=TM4 destination=TM
event=receive timestamp_ns=1791281119447529358 workflow=CT_SHARE run_id=30 node=U3 source=TM4 destination=TM
event=receive timestamp_ns=1791281121022639762 workflow=CT_SHARE run_id=31 node=U3 source=TM4 destination=TM
event=receive timestamp_ns=1791281122580569878 workflow=CT_SHARE run_id=32 node=U3 source=TM4 destination=TM
event=receive timestamp_ns=1791281124146080653 workflow=CT_SHARE run_id=33 node=U3 source=TM4 destination=TM
event=receive timestamp_ns=1791281125721214938 workflow=CT_SHARE run_id=34 node=U3 source=TM4 destination=TM
event=receive timestamp_ns=1791281127293080076 workflow=CT_SHARE run_id=35 node=U3 source=TM4 destination=TM
event=receive timestamp_ns=1791281130033156230 workflow=ARL_UPDATE run_id=1 node=U3 source=Authority destination=TM
event=receive timestamp_ns=1791281131572878141 workflow=ARL_UPDATE run_id=2 node=U3 source=Authority destination=TM
event=receive timestamp_ns=1791281133106880371 workflow=ARL_UPDATE run_id=3 node=U3 source=Authority destination=TM
event=receive timestamp_ns=1791281134676558672 workflow=ARL_UPDATE run_id=4 node=U3 source=Authority destination=TM
event=receive timestamp_ns=1791281136182881661 workflow=ARL_UPDATE run_id=5 node=U3 source=Authority destination=TM
event=receive timestamp_ns=1791281137713352715 workflow=ARL_UPDATE run_id=6 node=U3 source=Authority destination=TM
event=receive timestamp_ns=1791281139255101098 workflow=ARL_UPDATE run_id=7 node=U3 source=Authority destination=TM
event=receive timestamp_ns=1791281140749410292 workflow=ARL_UPDATE run_id=8 node=U3 source=Authority destination=TM
event=receive timestamp_ns=1791281142323928346 workflow=ARL_UPDATE run_id=9 node=U3 source=Authority destination=TM
event=receive timestamp_ns=1791281143926288460 workflow=ARL_UPDATE run_id=10 node=U3 source=Authority destination=TM
event=receive timestamp_ns=1791281145458541147 workflow=ARL_UPDATE run_id=11 node=U3 source=Authority destination=TM
event=receive timestamp_ns=1791281146994948457 workflow=ARL_UPDATE run_id=12 node=U3 source=Authority destination=TM
event=receive timestamp_ns=1791281148532155477 workflow=ARL_UPDATE run_id=13 node=U3 source=Authority destination=TM
event=receive timestamp_ns=1791281150066298946 workflow=ARL_UPDATE run_id=14 node=U3 source=Authority destination=TM
event=receive timestamp_ns=1791281151601597005 workflow=ARL_UPDATE run_id=15 node=U3 source=Authority destination=TM
event=receive timestamp_ns=1791281153140190193 workflow=ARL_UPDATE run_id=16 node=U3 source=Authority destination=TM
event=receive timestamp_ns=1791281154702728849 workflow=ARL_UPDATE run_id=17 node=U3 source=Authority destination=TM
event=receive timestamp_ns=1791281156245299495 workflow=ARL_UPDATE run_id=18 node=U3 source=Authority destination=TM
event=receive timestamp_ns=1791281157748901288 workflow=ARL_UPDATE run_id=19 node=U3 source=Authority destination=TM
event=receive timestamp_ns=1791281159344273257 workflow=ARL_UPDATE run_id=20 node=U3 source=Authority destination=TM
event=receive timestamp_ns=1791281160886485294 workflow=ARL_UPDATE run_id=21 node=U3 source=Authority destination=TM
event=receive timestamp_ns=1791281162419918454 workflow=ARL_UPDATE run_id=22 node=U3 source=Authority destination=TM
event=receive timestamp_ns=1791281163952741832 workflow=ARL_UPDATE run_id=23 node=U3 source=Authority destination=TM
event=receive timestamp_ns=1791281165490435793 workflow=ARL_UPDATE run_id=24 node=U3 source=Authority destination=TM
event=receive timestamp_ns=1791281167021905796 workflow=ARL_UPDATE run_id=25 node=U3 source=Authority destination=TM
event=receive timestamp_ns=1791281168560265852 workflow=ARL_UPDATE run_id=26 node=U3 source=Authority destination=TM
event=receive timestamp_ns=1791281170097067272 workflow=ARL_UPDATE run_id=27 node=U3 source=Authority destination=TM
event=receive timestamp_ns=1791281171633684771 workflow=ARL_UPDATE run_id=28 node=U3 source=Authority destination=TM
event=receive timestamp_ns=1791281173233126683 workflow=ARL_UPDATE run_id=29 node=U3 source=Authority destination=TM
event=receive timestamp_ns=1791281174769691360 workflow=ARL_UPDATE run_id=30 node=U3 source=Authority destination=TM
event=receive timestamp_ns=1791281176371458117 workflow=ARL_UPDATE run_id=31 node=U3 source=Authority destination=TM
event=receive timestamp_ns=1791281177908154324 workflow=ARL_UPDATE run_id=32 node=U3 source=Authority destination=TM
event=receive timestamp_ns=1791281179441874100 workflow=ARL_UPDATE run_id=33 node=U3 source=Authority destination=TM
event=receive timestamp_ns=1791281180978054062 workflow=ARL_UPDATE run_id=34 node=U3 source=Authority destination=TM
event=receive timestamp_ns=1791281182518959594 workflow=ARL_UPDATE run_id=35 node=U3 source=Authority destination=TM
event=receive timestamp_ns=1791281184047881191 workflow=ARL_UPDATE run_id=36 node=U3 source=Authority destination=TM
event=receive timestamp_ns=1791281185592306062 workflow=ARL_UPDATE run_id=37 node=U3 source=Authority destination=TM
event=receive timestamp_ns=1791281187156396066 workflow=ARL_UPDATE run_id=38 node=U3 source=Authority destination=TM
event=receive timestamp_ns=1791281188724329636 workflow=ARL_UPDATE run_id=39 node=U3 source=Authority destination=TM
event=receive timestamp_ns=1791281190226672855 workflow=ARL_UPDATE run_id=40 node=U3 source=Authority destination=TM
event=receive timestamp_ns=1791281191828054412 workflow=ARL_UPDATE run_id=41 node=U3 source=Authority destination=TM
event=receive timestamp_ns=1791281193363301131 workflow=ARL_UPDATE run_id=42 node=U3 source=Authority destination=TM
event=receive timestamp_ns=1791281194899091654 workflow=ARL_UPDATE run_id=43 node=U3 source=Authority destination=TM
event=receive timestamp_ns=1791281196433855961 workflow=ARL_UPDATE run_id=44 node=U3 source=Authority destination=TM
event=receive timestamp_ns=1791281197972167566 workflow=ARL_UPDATE run_id=45 node=U3 source=Authority destination=TM
event=receive timestamp_ns=1791281199504261964 workflow=ARL_UPDATE run_id=46 node=U3 source=Authority destination=TM
event=receive timestamp_ns=1791281201043016086 workflow=ARL_UPDATE run_id=47 node=U3 source=Authority destination=TM
event=receive timestamp_ns=1791281202577186458 workflow=ARL_UPDATE run_id=48 node=U3 source=Authority destination=TM
event=receive timestamp_ns=1791281204114264432 workflow=ARL_UPDATE run_id=49 node=U3 source=Authority destination=TM
event=receive timestamp_ns=1791281205645491264 workflow=ARL_UPDATE run_id=50 node=U3 source=Authority destination=TM
event=receive timestamp_ns=1791281207185424372 workflow=ARL_UPDATE run_id=51 node=U3 source=Authority destination=TM
event=receive timestamp_ns=1791281208721257490 workflow=ARL_UPDATE run_id=52 node=U3 source=Authority destination=TM
event=receive timestamp_ns=1791281210256028480 workflow=ARL_UPDATE run_id=53 node=U3 source=Authority destination=TM
event=receive timestamp_ns=1791281211857774095 workflow=ARL_UPDATE run_id=54 node=U3 source=Authority destination=TM
event=receive timestamp_ns=1791281213392933996 workflow=ARL_UPDATE run_id=55 node=U3 source=Authority destination=TM
event=receive timestamp_ns=1791281214930035001 workflow=ARL_UPDATE run_id=56 node=U3 source=Authority destination=TM
event=receive timestamp_ns=1791281216465182851 workflow=ARL_UPDATE run_id=57 node=U3 source=Authority destination=TM
event=receive timestamp_ns=1791281218000983074 workflow=ARL_UPDATE run_id=58 node=U3 source=Authority destination=TM
event=receive timestamp_ns=1791281219533118884 workflow=ARL_UPDATE run_id=59 node=U3 source=Authority destination=TM
event=receive timestamp_ns=1791281221073289147 workflow=ARL_UPDATE run_id=60 node=U3 source=Authority destination=TM
event=receive timestamp_ns=1791281222612079324 workflow=ARL_UPDATE run_id=61 node=U3 source=Authority destination=TM
event=receive timestamp_ns=1791281224145420649 workflow=ARL_UPDATE run_id=62 node=U3 source=Authority destination=TM
event=receive timestamp_ns=1791281225681135926 workflow=ARL_UPDATE run_id=63 node=U3 source=Authority destination=TM
event=receive timestamp_ns=1791281227218521729 workflow=ARL_UPDATE run_id=64 node=U3 source=Authority destination=TM
event=receive timestamp_ns=1791281228754835171 workflow=ARL_UPDATE run_id=65 node=U3 source=Authority destination=TM
event=receive timestamp_ns=1791281230288532813 workflow=ARL_UPDATE run_id=66 node=U3 source=Authority destination=TM
event=receive timestamp_ns=1791281231825320505 workflow=ARL_UPDATE run_id=67 node=U3 source=Authority destination=TM
event=receive timestamp_ns=1791281233424017450 workflow=ARL_UPDATE run_id=68 node=U3 source=Authority destination=TM
event=receive timestamp_ns=1791281234960396330 workflow=ARL_UPDATE run_id=69 node=U3 source=Authority destination=TM
event=receive timestamp_ns=1791281236496193117 workflow=ARL_UPDATE run_id=70 node=U3 source=Authority destination=TM
event=receive timestamp_ns=1791281239886540455 workflow=KEY_REQUEST run_id=bench_h4_key_w1 node=U3 source=TM4 destination=TM
event=receive timestamp_ns=1791281242730840983 workflow=KEY_REQUEST run_id=bench_h4_key_w2 node=U3 source=TM4 destination=TM
event=receive timestamp_ns=1791281246699077447 workflow=KEY_REQUEST run_id=bench_h4_key_w3 node=U3 source=TM4 destination=TM
event=receive timestamp_ns=1791281250154714956 workflow=KEY_REQUEST run_id=bench_h4_key_w4 node=U3 source=TM4 destination=TM
event=receive timestamp_ns=1791281253099520455 workflow=KEY_REQUEST run_id=bench_h4_key_w5 node=U3 source=TM4 destination=TM
event=receive timestamp_ns=1791281257066464184 workflow=KEY_REQUEST run_id=bench_h4_key_001 node=U3 source=TM4 destination=TM
event=receive timestamp_ns=1791281260554885644 workflow=KEY_REQUEST run_id=bench_h4_key_002 node=U3 source=TM4 destination=TM
event=receive timestamp_ns=1791281263466452741 workflow=KEY_REQUEST run_id=bench_h4_key_003 node=U3 source=TM4 destination=TM
event=receive timestamp_ns=1791281266442639706 workflow=KEY_REQUEST run_id=bench_h4_key_004 node=U3 source=TM4 destination=TM
event=receive timestamp_ns=1791281269902567690 workflow=KEY_REQUEST run_id=bench_h4_key_005 node=U3 source=TM4 destination=TM
event=receive timestamp_ns=1791281272746709270 workflow=KEY_REQUEST run_id=bench_h4_key_006 node=U3 source=TM4 destination=TM
event=receive timestamp_ns=1791281277162650015 workflow=KEY_REQUEST run_id=bench_h4_key_007 node=U3 source=TM4 destination=TM
event=receive timestamp_ns=1791281282154737374 workflow=KEY_REQUEST run_id=bench_h4_key_008 node=U3 source=TM4 destination=TM
event=receive timestamp_ns=1791281285614978961 workflow=KEY_REQUEST run_id=bench_h4_key_009 node=U3 source=TM4 destination=TM
event=receive timestamp_ns=1791281289066969447 workflow=KEY_REQUEST run_id=bench_h4_key_010 node=U3 source=TM4 destination=TM
event=receive timestamp_ns=1791281292554906775 workflow=KEY_REQUEST run_id=bench_h4_key_011 node=U3 source=TM4 destination=TM
event=receive timestamp_ns=1791281295531065731 workflow=KEY_REQUEST run_id=bench_h4_key_012 node=U3 source=TM4 destination=TM
