event=receive timestamp_ns=1791281069866748543 workflow=KEY_REQUEST run_id=bench_h4_setup node=U5 source=TM4 destination=TM
event=receive timestamp_ns=1791281074522207844 workflow=CT_SHARE run_id=1 node=U5 source=TM4 destination=TM
event=receive timestamp_ns=1791281076087992093 workflow=CT_SHARE run_id=2 node=U5 source=TM4 destination=TM
event=receive timestamp_ns=1791281077651390159 workflow=CT_SHARE run_id=3 node=U5 source=TM4 destination=TM
event=receive timestamp_ns=1791281079250742958 workflow=CT_SHARE run_id=4 node=U5 source=TM4 destination=TM
event=receive timestamp_ns=1791281080821372610 workflow=CT_SHARE run_id=5 node=U5 source=TM4 destination=TM
event=receive timestamp_ns=1791281082402553328 workflow=CT_SHARE run_id=6 node=U5 source=TM4 destination=TM
event=receive timestamp_ns=1791281083922066391 workflow=CT_SHARE run_id=7 node=U5 source=TM4 destination=TM
event=receive timestamp_ns=1791281085459767631 workflow=CT_SHARE run_id=8 node=U5 source=TM4 destination=TM
event=receive timestamp_ns=1791281087028643101 workflow=CT_SHARE run_id=9 node=U5 source=TM4 destination=TM
event=receive timestamp_ns=1791281088562088386 workflow=CT_SHARE run_id=10 node=U5 source=TM4 destination=TM
event=receive timestamp_ns=1791281090164932884 workflow=CT_SHARE run_id=11 node=U5 source=TM4 destination=TM
event=receive timestamp_ns=1791281091734449008 workflow=CT_SHARE run_id=12 node=U5 source=TM4 destination=TM
event=receive timestamp_ns=1791281093313175829 workflow=CT_SHARE run_id=13 node=U5 source=TM4 destination=TM
event=receive timestamp_ns=1791281094834442916 workflow=CT_SHARE run_id=14 node=U5 source=TM4 destination=TM
event=receive timestamp_ns=1791281096436211323 workflow=CT_SHARE run_id=15 node=U5 source=TM4 destination=TM
event=receive timestamp_ns=1791281098039464571 workflow=CT_SHARE run_id=16 node=U5 source=TM4 destination=TM
event=receive timestamp_ns=1791281099601741373 workflow=CT_SHARE run_id=17 node=U5 source=TM4 destination=TM
event=receive timestamp_ns=1791281101170342890 workflow=CT_SHARE run_id=18 node=U5 source=TM4 destination=TM
event=receive timestamp_ns=1791281102737504891 workflow=CT_SHARE run_id=19 node=U5 source=TM4 destination=TM
event=receive timestamp_ns=1791281104340570002 workflow=CT_SHARE run_id=20 node=U5 source=TM4 destination=TM
event=receive timestamp_ns=1791281105909313196 workflow=CT_SHARE run_id=21 node=U5 source=TM4 destination=TM
event=receive timestamp_ns=1791281107473337627 workflow=CT_SHARE run_id=22 node=U5 source=TM4 destination=TM
event=receive timestamp_ns=1791281109009204583 workflow=CT_SHARE run_id=23 node=U5 source=TM4 destination=TM
event=receive timestamp_ns=1791281110577264741 workflow=CT_SHARE run_id=24 node=U5 source=TM4 destination=TM
event=receive timestamp_ns=1791281112148889000 workflow=CT_SHARE run_id=25 node=U5 source=TM4 destination=TM
event=receive timestamp_ns=1791281113686020366 workflow=CT_SHARE run_id=26 node=U5 source=TM4 destination=TM
event=receive timestamp_ns=1791281115257206428 workflow=CT_SHARE run_id=27 node=U5 source=TM4 destination=TM
event=receive timestamp_ns=1791281116820732284 workflow=CT_SHARE run_id=28 node=U5 source=TM4 destination=TM
event=receive timestamp_ns=1791281118387355440 workflow=CT_SHARE run_id=29 node=U5 source=TM4 destination=TM
event=receive timestamp_ns=1791281119959987151 workflow=CT_SHARE run_id=30 node=U5 source=TM4 destination=TM
event=receive timestamp_ns=1791281121526527574 workflow=CT_SHARE run_id=31 node=U5 source=TM4 destination=TM
event=receive timestamp_ns=1791281123096316200 workflow=CT_SHARE run_id=32 node=U5 source=TM4 destination=TM
event=receive timestamp_ns=1791281124662707251 workflow=CT_SHARE run_id=33 node=U5 source=TM4 destination=TM
event=receive timestamp_ns=1791281126231007594 workflow=CT_SHARE run_id=34 node=U5 source=TM4 destination=TM
event=receive timestamp_ns=1791281127801714228 workflow=CT_SHARE run_id=35 node=U5 source=TM4 destination=TM
event=receive timestamp_ns=1791281130228250531 workflow=ARL_UPDATE run_id=1 node=U5 source=Authority destination=TM
event=receive timestamp_ns=1791281131763579570 workflow=ARL_UPDATE run_id=2 node=U5 source=Authority destination=TM
event=receive timestamp_ns=1791281133296869112 workflow=ARL_UPDATE run_id=3 node=U5 source=Authority destination=TM
event=receive timestamp_ns=1791281134867087441 workflow=ARL_UPDATE run_id=4 node=U5 source=Authority destination=TM
event=receive timestamp_ns=1791281136368555188 workflow=ARL_UPDATE run_id=5 node=U5 source=Authority destination=TM
event=receive timestamp_ns=1791281137910972555 workflow=ARL_UPDATE run_id=6 node=U5 source=Authority destination=TM
event=receive timestamp_ns=1791281139475651422 workflow=ARL_UPDATE run_id=7 node=U5 source=Authority destination=TM
event=receive timestamp_ns=1791281140945302243 workflow=ARL_UPDATE run_id=8 node=U5 source=Authority destination=TM
event=receive timestamp_ns=1791281142480054678 workflow=ARL_UPDATE run_id=9 node=U5 source=Authority destination=TM
event=receive timestamp_ns=1791281144727219986 workflow=ARL_UPDATE run_id=10 node=U5 source=Authority destination=TM
event=receive timestamp_ns=1791281146190815151 workflow=ARL_UPDATE run_id=11 node=U5 source=Authority destination=TM
event=receive timestamp_ns=1791281147729541618 workflow=ARL_UPDATE run_id=12 node=U5 source=Authority destination=TM
event=receive timestamp_ns=1791281149240560471 workflow=ARL_UPDATE run_id=13 node=U5 source=Authority destination=TM
event=receive timestamp_ns=1791281150771720475 workflow=ARL_UPDATE run_id=14 node=U5 source=Authority destination=TM
event=receive timestamp_ns=1791281152307976587 workflow=ARL_UPDATE run_id=15 node=U5 source=Authority destination=TM
event=receive timestamp_ns=1791281153842972471 workflow=ARL_UPDATE run_id=16 node=U5 source=Authority destination=TM
event=receive timestamp_ns=1791281155406013118 workflow=ARL_UPDATE run_id=17 node=U5 source=Authority destination=TM
event=receive timestamp_ns=1791281156910382177 workflow=ARL_UPDATE run_id=18 node=U5 source=Authority destination=TM
event=receive timestamp_ns=1791281158482736277 workflow=ARL_UPDATE run_id=19 node=U5 source=Authority destination=TM
event=receive timestamp_ns=1791281160047682344 workflow=ARL_UPDATE run_id=20 node=U5 source=Authority destination=TM
event=receive timestamp_ns=1791281161585379072 workflow=ARL_UPDATE run_id=21 node=U5 source=Authority destination=TM
event=receive timestamp_ns=1791281163117861533 workflow=ARL_UPDATE run_id=22 node=U5 source=Authority destination=TM
event=receive timestamp_ns=1791281164660383351 workflow=ARL_UPDATE run_id=23 node=U5 source=Authority destination=TM
event=receive timestamp_ns=1791281166193399739 workflow=ARL_UPDATE run_id=24 node=U5 source=Authority destination=TM
event=receive timestamp_ns=1791281167724828202 workflow=ARL_UPDATE run_id=25 node=U5 source=Authority destination=TM
event=receive timestamp_ns=1791281169265375764 workflow=ARL_UPDATE run_id=26 node=U5 source=Authority destination=TM
event=receive timestamp_ns=1791281170767132241 workflow=ARL_UPDATE run_id=27 node=U5 source=Authority destination=TM
event=receive timestamp_ns=1791281172336672108 workflow=ARL_UPDATE run_id=28 node=U5 source=Authority destination=TM
event=receive timestamp_ns=1791281173937841976 workflow=ARL_UPDATE run_id=29 node=U5 source=Authority destination=TM
event=receive timestamp_ns=1791281175475704955 workflow=ARL_UPDATE run_id=30 node=U5 source=Authority destination=TM
event=receive timestamp_ns=1791281177037953754 workflow=ARL_UPDATE run_id=31 node=U5 source=Authority destination=TM
event=receive timestamp_ns=1791281178608554733 workflow=ARL_UPDATE run_id=32 node=U5 source=Authority destination=TM
event=receive timestamp_ns=1791281180117208929 workflow=ARL_UPDATE run_id=33 node=U5 source=Authority destination=TM
event=receive timestamp_ns=1791281181684808828 workflow=ARL_UPDATE run_id=34 node=U5 source=Authority destination=TM
event=receive timestamp_ns=1791281183216854992 workflow=ARL_UPDATE run_id=35 node=U5 source=Authority destination=TM
event=receive timestamp_ns=1791281184753197904 workflow=ARL_UPDATE run_id=36 node=U5 source=Authority destination=TM
event=receive timestamp_ns=1791281186293596756 workflow=ARL_UPDATE run_id=37 node=U5 source=Authority destination=TM
event=receive timestamp_ns=1791281187858822757 workflow=ARL_UPDATE run_id=38 node=U5 source=Authority destination=TM
event=receive timestamp_ns=1791281189433103079 workflow=ARL_UPDATE run_id=39 node=U5 source=Authority destination=TM
event=receive timestamp_ns=1791281190927880006 workflow=ARL_UPDATE run_id=40 node=U5 source=Authority destination=TM
event=receive timestamp_ns=1791281192528731979 workflow=ARL_UPDATE run_id=41 node=U5 source=Authority destination=TM
event=receive timestamp_ns=1791281194068248095 workflow=ARL_UPDATE run_id=42 node=U5 source=Authority destination=TM
event=receive timestamp_ns=1791281195602596789 workflow=ARL_UPDATE run_id=43 node=U5 source=Authority destination=TM
event=receive timestamp_ns=1791281197137021611 workflow=ARL_UPDATE run_id=44 node=U5 source=Authority destination=TM
event=receive timestamp_ns=1791281198638613180 workflow=ARL_UPDATE run_id=45 node=U5 source=Authority destination=TM
event=receive timestamp_ns=1791281200212455854 workflow=ARL_UPDATE run_id=46 node=U5 source=Authority destination=TM
event=receive timestamp_ns=1791281201752368375 workflow=ARL_UPDATE run_id=47 node=U5 source=Authority destination=TM
event=receive timestamp_ns=1791281203279968975 workflow=ARL_UPDATE run_id=48 node=U5 source=Authority destination=TM
event=receive timestamp_ns=1791281204782952867 workflow=ARL_UPDATE run_id=49 node=U5 source=Authority destination=TM
event=receive timestamp_ns=1791281206321891511 workflow=ARL_UPDATE run_id=50 node=U5 source=Authority destination=TM
event=receive timestamp_ns=1791281207887335980 workflow=ARL_UPDATE run_id=51 node=U5 source=Authority destination=TM
event=receive timestamp_ns=1791281209422076204 workflow=ARL_UPDATE run_id=52 node=U5 source=Authority destination=TM
event=receive timestamp_ns=1791281210961769126 workflow=ARL_UPDATE run_id=53 node=U5 source=Authority destination=TM
event=receive timestamp_ns=1791281212560970992 workflow=ARL_UPDATE run_id=54 node=U5 source=Authority destination=TM
event=receive timestamp_ns=1791281214066430814 workflow=ARL_UPDATE run_id=55 node=U5 source=Authority destination=TM
event=receive timestamp_ns=1791281215632794828 workflow=ARL_UPDATE run_id=56 node=U5 source=Authority destination=TM
event=receive timestamp_ns=1791281217134405729 workflow=ARL_UPDATE run_id=57 node=U5 source=Authority destination=TM
event=receive timestamp_ns=1791281218700922887 workflow=ARL_UPDATE run_id=58 node=U5 source=Authority destination=TM
event=receive timestamp_ns=1791281220240136811 workflow=ARL_UPDATE run_id=59 node=U5 source=Authority destination=TM
event=receive timestamp_ns=1791281221746352659 workflow=ARL_UPDATE run_id=60 node=U5 source=Authority destination=TM
event=receive timestamp_ns=1791281223310557867 workflow=ARL_UPDATE run_id=61 node=U5 source=Authority destination=TM
event=receive timestamp_ns=1791281224818158887 workflow=ARL_UPDATE run_id=62 node=U5 source=Authority destination=TM
event=receive timestamp_ns=1791281226381878086 workflow=ARL_UPDATE run_id=63 node=U5 source=Authority destination=TM
event=receive timestamp_ns=1791281227920363787 workflow=ARL_UPDATE run_id=64 node=U5 source=Authority destination=TM
event=receive timestamp_ns=1791281229425446780 workflow=ARL_UPDATE run_id=65 node=U5 source=Authority destination=TM
event=receive timestamp_ns=1791281230958512493 workflow=ARL_UPDATE run_id=66 node=U5 source=Authority destination=TM
event=receive timestamp_ns=1791281232563356007 workflow=ARL_UPDATE run_id=67 node=U5 source=Authority destination=TM
event=receive timestamp_ns=1791281234128721969 workflow=ARL_UPDATE run_id=68 node=U5 source=Authority destination=TM
event=receive timestamp_ns=1791281235629213175 workflow=ARL_UPDATE run_id=69 node=U5 source=Authority destination=TM
event=receive timestamp_ns=1791281237203306740 workflow=ARL_UPDATE run_id=70 node=U5 source=Authority destination=TM
event=receive timestamp_ns=1791281239882786250 workflow=KEY_REQUEST run_id=bench_h4_key_w1 node=U5 source=TM4 destination=TM
event=receive timestamp_ns=1791281242794698973 workflow=KEY_REQUEST run_id=bench_h4_key_w2 node=U5 source=TM4 destination=TM
event=receive timestamp_ns=1791281246763312886 workflow=KEY_REQUEST run_id=bench_h4_key_w3 node=U5 source=TM4 destination=TM
event=receive timestamp_ns=1791281250254777395 workflow=KEY_REQUEST run_id=bench_h4_key_w4 node=U5 source=TM4 destination=TM
event=receive timestamp_ns=1791281253099188892 workflow=KEY_REQUEST run_id=bench_h4_key_w5 node=U5 source=TM4 destination=TM
event=receive timestamp_ns=1791281257066471843 workflow=KEY_REQUEST run_id=bench_h4_key_001 node=U5 source=TM4 destination=TM
event=receive timestamp_ns=1791281260618915910 workflow=KEY_REQUEST run_id=bench_h4_key_002 node=U5 source=TM4 destination=TM
event=receive timestamp_ns=1791281263466546925 workflow=KEY_REQUEST run_id=bench_h4_key_003 node=U5 source=TM4 destination=TM
event=receive timestamp_ns=1791281265931414974 workflow=KEY_REQUEST run_id=bench_h4_key_004 node=U5 source=TM4 destination=TM
event=receive timestamp_ns=1791281269902572549 workflow=KEY_REQUEST run_id=bench_h4_key_005 node=U5 source=TM4 destination=TM
event=receive timestamp_ns=1791281272810987684 workflow=KEY_REQUEST run_id=bench_h4_key_006 node=U5 source=TM4 destination=TM
event=receive timestamp_ns=1791281277162686716 workflow=KEY_REQUEST run_id=bench_h4_key_007 node=U5 source=TM4 destination=TM
event=receive timestamp_ns=1791281282154739386 workflow=KEY_REQUEST run_id=bench_h4_key_008 node=U5 source=TM4 destination=TM
event=receive timestamp_ns=1791281285710695335 workflow=KEY_REQUEST run_id=bench_h4_key_009 node=U5 source=TM4 destination=TM
event=receive timestamp_ns=1791281288554871973 workflow=KEY_REQUEST run_id=bench_h4_key_010 node=U5 source=TM4 destination=TM
event=receive timestamp_ns=1791281292554872386 workflow=KEY_REQUEST run_id=bench_h4_key_011 node=U5 source=TM4 destination=TM
event=receive timestamp_ns=1791281295531039866 workflow=KEY_REQUEST run_id=bench_h4_key_012 node=U5 source=TM4 destination=TM
