event=send timestamp_ns=1791284168207548507 workflow=KEY_RESPONSE run_id=bench_h4_setup node=Authority source=Authority destination=bench_h4_setup
event=receive timestamp_ns=1791284169258455298 workflow=KEY_REQUEST run_id=bench_h4_setup node=Authority source=TM4 destination=TM
event=receive timestamp_ns=1791284171738163345 workflow=CT_SHARE run_id=1 node=Authority source=TM4 destination=TM
event=receive timestamp_ns=1791284173286060884 workflow=CT_SHARE run_id=2 node=Authority source=TM4 destination=TM
event=receive timestamp_ns=1791284174872761321 workflow=CT_SHARE run_id=3 node=Authority source=TM4 destination=TM
event=receive timestamp_ns=1791284176482458957 workflow=CT_SHARE run_id=4 node=Authority source=TM4 destination=TM
event=receive timestamp_ns=1791284178075461749 workflow=CT_SHARE run_id=5 node=Authority source=TM4 destination=TM
event=receive timestamp_ns=1791284179680039342 workflow=CT_SHARE run_id=6 node=Authority source=TM4 destination=TM
event=receive timestamp_ns=1791284181208443007 workflow=CT_SHARE run_id=7 node=Authority source=TM4 destination=TM
event=receive timestamp_ns=1791284182779844169 workflow=CT_SHARE run_id=8 node=Authority source=TM4 destination=TM
event=receive timestamp_ns=1791284184345419876 workflow=CT_SHARE run_id=9 node=Authority source=TM4 destination=TM
event=receive timestamp_ns=1791284185849675573 workflow=CT_SHARE run_id=10 node=Authority source=TM4 destination=TM
event=receive timestamp_ns=1791284187511067704 workflow=CT_SHARE run_id=11 node=Authority source=TM4 destination=TM
event=receive timestamp_ns=1791284189047487339 workflow=CT_SHARE run_id=12 node=Authority source=TM4 destination=TM
event=receive timestamp_ns=1791284190583301429 workflow=CT_SHARE run_id=13 node=Authority source=TM4 destination=TM
event=receive timestamp_ns=1791284192161776415 workflow=CT_SHARE run_id=14 node=Authority source=TM4 destination=TM
event=receive timestamp_ns=1791284193719575186 workflow=CT_SHARE run_id=15 node=Authority source=TM4 destination=TM
event=receive timestamp_ns=1791284195264642011 workflow=CT_SHARE run_id=16 node=Authority source=TM4 destination=TM
event=receive timestamp_ns=1791284196853801365 workflow=CT_SHARE run_id=17 node=Authority source=TM4 destination=TM
event=receive timestamp_ns=1791284198425812953 workflow=CT_SHARE run_id=18 node=Authority source=TM4 destination=TM
event=receive timestamp_ns=1791284199993289423 workflow=CT_SHARE run_id=19 node=Authority source=TM4 destination=TM
event=receive timestamp_ns=1791284201528195657 workflow=CT_SHARE run_id=20 node=Authority source=TM4 destination=TM
event=receive timestamp_ns=1791284203067557854 workflow=CT_SHARE run_id=21 node=Authority source=TM4 destination=TM
event=receive timestamp_ns=1791284204602998843 workflow=CT_SHARE run_id=22 node=Authority source=TM4 destination=TM
event=receive timestamp_ns=1791284206169591679 workflow=CT_SHARE run_id=23 node=Authority source=TM4 destination=TM
event=receive timestamp_ns=1791284207737103878 workflow=CT_SHARE run_id=24 node=Authority source=TM4 destination=TM
event=receive timestamp_ns=1791284209305516942 workflow=CT_SHARE run_id=25 node=Authority source=TM4 destination=TM
event=receive timestamp_ns=1791284210871016357 workflow=CT_SHARE run_id=26 node=Authority source=TM4 destination=TM
event=receive timestamp_ns=1791284212443307130 workflow=CT_SHARE run_id=27 node=Authority source=TM4 destination=TM
event=receive timestamp_ns=1791284214016200818 workflow=CT_SHARE run_id=28 node=Authority source=TM4 destination=TM
event=receive timestamp_ns=1791284215577226279 workflow=CT_SHARE run_id=29 node=Authority source=TM4 destination=TM
event=receive timestamp_ns=1791284217111086904 workflow=CT_SHARE run_id=30 node=Authority source=TM4 destination=TM
event=receive timestamp_ns=1791284218679445997 workflow=CT_SHARE run_id=31 node=Authority source=TM4 destination=TM
event=receive timestamp_ns=1791284220220789268 workflow=CT_SHARE run_id=32 node=Authority source=TM4 destination=TM
event=receive timestamp_ns=1791284221771897212 workflow=CT_SHARE run_id=33 node=Authority source=TM4 destination=TM
event=receive timestamp_ns=1791284223327239035 workflow=CT_SHARE run_id=34 node=Authority source=TM4 destination=TM
event=receive timestamp_ns=1791284224888849584 workflow=CT_SHARE run_id=35 node=Authority source=TM4 destination=TM
event=send timestamp_ns=1791284225022531697 workflow=ARL_UPDATE run_id=1 node=Authority source=Authority destination=TM
event=send timestamp_ns=1791284227550254588 workflow=ARL_UPDATE run_id=2 node=Authority source=Authority destination=TM
event=send timestamp_ns=1791284229085972608 workflow=ARL_UPDATE run_id=3 node=Authority source=Authority destination=TM
event=send timestamp_ns=1791284230621996230 workflow=ARL_UPDATE run_id=4 node=Authority source=Authority destination=TM
event=send timestamp_ns=1791284232157829307 workflow=ARL_UPDATE run_id=5 node=Authority source=Authority destination=TM
event=send timestamp_ns=1791284233761842778 workflow=ARL_UPDATE run_id=6 node=Authority source=Authority destination=TM
event=send timestamp_ns=1791284235296871284 workflow=ARL_UPDATE run_id=7 node=Authority source=Authority destination=TM
event=send timestamp_ns=1791284236838173617 workflow=ARL_UPDATE run_id=8 node=Authority source=Authority destination=TM
event=send timestamp_ns=1791284238383052514 workflow=ARL_UPDATE run_id=9 node=Authority source=Authority destination=TM
event=send timestamp_ns=1791284239981723938 workflow=ARL_UPDATE run_id=10 node=Authority source=Authority destination=TM
event=send timestamp_ns=1791284241513580848 workflow=ARL_UPDATE run_id=11 node=Authority source=Authority destination=TM
event=send timestamp_ns=1791284243041277500 workflow=ARL_UPDATE run_id=12 node=Authority source=Authority destination=TM
event=send timestamp_ns=1791284244579790696 workflow=ARL_UPDATE run_id=13 node=Authority source=Authority destination=TM
event=send timestamp_ns=1791284246115202999 workflow=ARL_UPDATE run_id=14 node=Authority source=Authority destination=TM
event=send timestamp_ns=1791284247647010485 workflow=ARL_UPDATE run_id=15 node=Authority source=Authority destination=TM
event=send timestamp_ns=1791284249193206207 workflow=ARL_UPDATE run_id=16 node=Authority source=Authority destination=TM
event=send timestamp_ns=1791284250731291195 workflow=ARL_UPDATE run_id=17 node=Authority source=Authority destination=TM
event=send timestamp_ns=1791284252266009668 workflow=ARL_UPDATE run_id=18 node=Authority source=Authority destination=TM
event=send timestamp_ns=1791284253804080041 workflow=ARL_UPDATE run_id=19 node=Authority source=Authority destination=TM
event=send timestamp_ns=1791284255346891324 workflow=ARL_UPDATE run_id=20 node=Authority source=Authority destination=TM
event=send timestamp_ns=1791284256908364912 workflow=ARL_UPDATE run_id=21 node=Authority source=Authority destination=TM
event=send timestamp_ns=1791284258512072363 workflow=ARL_UPDATE run_id=22 node=Authority source=Authority destination=TM
event=send timestamp_ns=1791284260044425284 workflow=ARL_UPDATE run_id=23 node=Authority source=Authority destination=TM
event=send timestamp_ns=1791284261582427747 workflow=ARL_UPDATE run_id=24 node=Authority source=Authority destination=TM
event=send timestamp_ns=1791284263124405928 workflow=ARL_UPDATE run_id=25 node=Authority source=Authority destination=TM
event=send timestamp_ns=1791284264678743671 workflow=ARL_UPDATE run_id=26 node=Authority source=Authority destination=TM
event=send timestamp_ns=1791284266228599016 workflow=ARL_UPDATE run_id=27 node=Authority source=Authority destination=TM
event=send timestamp_ns=1791284267793529993 workflow=ARL_UPDATE run_id=28 node=Authority source=Authority destination=TM
event=send timestamp_ns=1791284269360240092 workflow=ARL_UPDATE run_id=29 node=Authority source=Authority destination=TM
event=send timestamp_ns=1791284270895212831 workflow=ARL_UPDATE run_id=30 node=Authority source=Authority destination=TM
event=send timestamp_ns=1791284272431309538 workflow=ARL_UPDATE run_id=31 node=Authority source=Authority destination=TM
event=send timestamp_ns=1791284273966088468 workflow=ARL_UPDATE run_id=32 node=Authority source=Authority destination=TM
event=send timestamp_ns=1791284275502815102 workflow=ARL_UPDATE run_id=33 node=Authority source=Authority destination=TM
event=send timestamp_ns=1791284277036117829 workflow=ARL_UPDATE run_id=34 node=Authority source=Authority destination=TM
event=send timestamp_ns=1791284278569313305 workflow=ARL_UPDATE run_id=35 node=Authority source=Authority destination=TM
event=send timestamp_ns=1791284280105174565 workflow=ARL_UPDATE run_id=36 node=Authority source=Authority destination=TM
event=send timestamp_ns=1791284281647078206 workflow=ARL_UPDATE run_id=37 node=Authority source=Authority destination=TM
event=send timestamp_ns=1791284283183631310 workflow=ARL_UPDATE run_id=38 node=Authority source=Authority destination=TM
event=send timestamp_ns=1791284284785152239 workflow=ARL_UPDATE run_id=39 node=Authority source=Authority destination=TM
event=send timestamp_ns=1791284286309027486 workflow=ARL_UPDATE run_id=40 node=Authority source=Authority destination=TM
event=send timestamp_ns=1791284287853342843 workflow=ARL_UPDATE run_id=41 node=Authority source=Authority destination=TM
event=send timestamp_ns=1791284289390017473 workflow=ARL_UPDATE run_id=42 node=Authority source=Authority destination=TM
event=send timestamp_ns=1791284290929131305 workflow=ARL_UPDATE run_id=43 node=Authority source=Authority destination=TM
event=send timestamp_ns=1791284292466665848 workflow=ARL_UPDATE run_id=44 node=Authority source=Authority destination=TM
event=send timestamp_ns=1791284294035568676 workflow=ARL_UPDATE run_id=45 node=Authority source=Authority destination=TM
event=send timestamp_ns=1791284295606502066 workflow=ARL_UPDATE run_id=46 node=Authority source=Authority destination=TM
event=send timestamp_ns=1791284297162583235 workflow=ARL_UPDATE run_id=47 node=Authority source=Authority destination=TM
event=send timestamp_ns=1791284298702243707 workflow=ARL_UPDATE run_id=48 node=Authority source=Authority destination=TM
event=send timestamp_ns=1791284300240654094 workflow=ARL_UPDATE run_id=49 node=Authority source=Authority destination=TM
event=send timestamp_ns=1791284301776081649 workflow=ARL_UPDATE run_id=50 node=Authority source=Authority destination=TM
event=send timestamp_ns=1791284303311626638 workflow=ARL_UPDATE run_id=51 node=Authority source=Authority destination=TM
event=send timestamp_ns=1791284304848993742 workflow=ARL_UPDATE run_id=52 node=Authority source=Authority destination=TM
event=send timestamp_ns=1791284306390519226 workflow=ARL_UPDATE run_id=53 node=Authority source=Authority destination=TM
event=send timestamp_ns=1791284307951123023 workflow=ARL_UPDATE run_id=54 node=Authority source=Authority destination=TM
event=send timestamp_ns=1791284309493370338 workflow=ARL_UPDATE run_id=55 node=Authority source=Authority destination=TM
event=send timestamp_ns=1791284311058069254 workflow=ARL_UPDATE run_id=56 node=Authority source=Authority destination=TM
event=send timestamp_ns=1791284312590738739 workflow=ARL_UPDATE run_id=57 node=Authority source=Authority destination=TM
event=send timestamp_ns=1791284314138969998 workflow=ARL_UPDATE run_id=58 node=Authority source=Authority destination=TM
event=send timestamp_ns=1791284315697844069 workflow=ARL_UPDATE run_id=59 node=Authority source=Authority destination=TM
event=send timestamp_ns=1791284317297725003 workflow=ARL_UPDATE run_id=60 node=Authority source=Authority destination=TM
event=send timestamp_ns=1791284318895781423 workflow=ARL_UPDATE run_id=61 node=Authority source=Authority destination=TM
event=send timestamp_ns=1791284320429956333 workflow=ARL_UPDATE run_id=62 node=Authority source=Authority destination=TM
event=send timestamp_ns=1791284321960390247 workflow=ARL_UPDATE run_id=63 node=Authority source=Authority destination=TM
event=send timestamp_ns=1791284323495009599 workflow=ARL_UPDATE run_id=64 node=Authority source=Authority destination=TM
event=send timestamp_ns=1791284325025510226 workflow=ARL_UPDATE run_id=65 node=Authority source=Authority destination=TM
event=send timestamp_ns=1791284326570601382 workflow=ARL_UPDATE run_id=66 node=Authority source=Authority destination=TM
event=send timestamp_ns=1791284328103721070 workflow=ARL_UPDATE run_id=67 node=Authority source=Authority destination=TM
event=send timestamp_ns=1791284329649352857 workflow=ARL_UPDATE run_id=68 node=Authority source=Authority destination=TM
event=send timestamp_ns=1791284331192641883 workflow=ARL_UPDATE run_id=69 node=Authority source=Authority destination=TM
event=send timestamp_ns=1791284332750213006 workflow=ARL_UPDATE run_id=70 node=Authority source=Authority destination=TM
event=send timestamp_ns=1791284335697870575 workflow=KEY_RESPONSE run_id=bench_h4_key_w1 node=Authority source=Authority destination=bench_h4_key_w1
event=receive timestamp_ns=1791284336714578947 workflow=KEY_REQUEST run_id=bench_h4_key_w1 node=Authority source=TM4 destination=TM
event=send timestamp_ns=1791284339055614052 workflow=KEY_RESPONSE run_id=bench_h4_key_w2 node=Authority source=Authority destination=bench_h4_key_w2
event=receive timestamp_ns=1791284340074495114 workflow=KEY_REQUEST run_id=bench_h4_key_w2 node=Authority source=TM4 destination=TM
event=send timestamp_ns=1791284343511384625 workflow=KEY_RESPONSE run_id=bench_h4_key_w3 node=Authority source=Authority destination=bench_h4_key_w3
event=receive timestamp_ns=1791284344554984098 workflow=KEY_REQUEST run_id=bench_h4_key_w3 node=Authority source=TM4 destination=TM
event=send timestamp_ns=1791284346971030368 workflow=KEY_RESPONSE run_id=bench_h4_key_w4 node=Authority source=Authority destination=bench_h4_key_w4
event=receive timestamp_ns=1791284348010520972 workflow=KEY_REQUEST run_id=bench_h4_key_w4 node=Authority source=TM4 destination=TM
event=send timestamp_ns=1791284349430940639 workflow=KEY_RESPONSE run_id=bench_h4_key_w5 node=Authority source=Authority destination=bench_h4_key_w5
event=receive timestamp_ns=1791284350474793820 workflow=KEY_REQUEST run_id=bench_h4_key_w5 node=Authority source=TM4 destination=TM
event=send timestamp_ns=1791284352886345598 workflow=KEY_RESPONSE run_id=bench_h4_key_001 node=Authority source=Authority destination=bench_h4_key_001
event=receive timestamp_ns=1791284353930674198 workflow=KEY_REQUEST run_id=bench_h4_key_001 node=Authority source=TM4 destination=TM
event=send timestamp_ns=1791284356341701934 workflow=KEY_RESPONSE run_id=bench_h4_key_002 node=Authority source=Authority destination=bench_h4_key_002
event=receive timestamp_ns=1791284357390741020 workflow=KEY_REQUEST run_id=bench_h4_key_002 node=Authority source=TM4 destination=TM
event=send timestamp_ns=1791284359799309613 workflow=KEY_RESPONSE run_id=bench_h4_key_003 node=Authority source=Authority destination=bench_h4_key_003
event=receive timestamp_ns=1791284360843830125 workflow=KEY_REQUEST run_id=bench_h4_key_003 node=Authority source=TM4 destination=TM
event=send timestamp_ns=1791284363256659297 workflow=KEY_RESPONSE run_id=bench_h4_key_004 node=Authority source=Authority destination=bench_h4_key_004
event=receive timestamp_ns=1791284364298832337 workflow=KEY_REQUEST run_id=bench_h4_key_004 node=Authority source=TM4 destination=TM
event=send timestamp_ns=1791284366646925455 workflow=KEY_RESPONSE run_id=bench_h4_key_005 node=Authority source=Authority destination=bench_h4_key_005
event=receive timestamp_ns=1791284367690924041 workflow=KEY_REQUEST run_id=bench_h4_key_005 node=Authority source=TM4 destination=TM
event=send timestamp_ns=1791284371191580474 workflow=KEY_RESPONSE run_id=bench_h4_key_006 node=Authority source=Authority destination=bench_h4_key_006
event=receive timestamp_ns=1791284372234897608 workflow=KEY_REQUEST run_id=bench_h4_key_006 node=Authority source=TM4 destination=TM
event=send timestamp_ns=1791284376726205788 workflow=KEY_RESPONSE run_id=bench_h4_key_007 node=Authority source=Authority destination=bench_h4_key_007
event=receive timestamp_ns=1791284377770705095 workflow=KEY_REQUEST run_id=bench_h4_key_007 node=Authority source=TM4 destination=TM
event=send timestamp_ns=1791284380218857864 workflow=KEY_RESPONSE run_id=bench_h4_key_008 node=Authority source=Authority destination=bench_h4_key_008
event=receive timestamp_ns=1791284381259211144 workflow=KEY_REQUEST run_id=bench_h4_key_008 node=Authority source=TM4 destination=TM
event=send timestamp_ns=1791284384727010432 workflow=KEY_RESPONSE run_id=bench_h4_key_009 node=Authority source=Authority destination=bench_h4_key_009
event=receive timestamp_ns=1791284385774858599 workflow=KEY_REQUEST run_id=bench_h4_key_009 node=Authority source=TM4 destination=TM
event=send timestamp_ns=1791284389238027159 workflow=KEY_RESPONSE run_id=bench_h4_key_010 node=Authority source=Authority destination=bench_h4_key_010
event=receive timestamp_ns=1791284390282754587 workflow=KEY_REQUEST run_id=bench_h4_key_010 node=Authority source=TM4 destination=TM
event=send timestamp_ns=1791284393719098068 workflow=KEY_RESPONSE run_id=bench_h4_key_011 node=Authority source=Authority destination=bench_h4_key_011
event=receive timestamp_ns=1791284394767110566 workflow=KEY_REQUEST run_id=bench_h4_key_011 node=Authority source=TM4 destination=TM
event=send timestamp_ns=1791284397201700454 workflow=KEY_RESPONSE run_id=bench_h4_key_012 node=Authority source=Authority destination=bench_h4_key_012
event=receive timestamp_ns=1791284398218684105 workflow=KEY_REQUEST run_id=bench_h4_key_012 node=Authority source=TM4 destination=TM
event=send timestamp_ns=1791284401722141901 workflow=KEY_RESPONSE run_id=bench_h4_key_013 node=Authority source=Authority destination=bench_h4_key_013
event=receive timestamp_ns=1791284402763096647 workflow=KEY_REQUEST run_id=bench_h4_key_013 node=Authority source=TM4 destination=TM
event=send timestamp_ns=1791284405244641652 workflow=KEY_RESPONSE run_id=bench_h4_key_014 node=Authority source=Authority destination=bench_h4_key_014
event=receive timestamp_ns=1791284406282895566 workflow=KEY_REQUEST run_id=bench_h4_key_014 node=Authority source=TM4 destination=TM
event=send timestamp_ns=1791284408730859832 workflow=KEY_RESPONSE run_id=bench_h4_key_015 node=Authority source=Authority destination=bench_h4_key_015
event=receive timestamp_ns=1791284409770890336 workflow=KEY_REQUEST run_id=bench_h4_key_015 node=Authority source=TM4 destination=TM
event=send timestamp_ns=1791284412218174746 workflow=KEY_RESPONSE run_id=bench_h4_key_016 node=Authority source=Authority destination=bench_h4_key_016
event=receive timestamp_ns=1791284413262937036 workflow=KEY_REQUEST run_id=bench_h4_key_016 node=Authority source=TM4 destination=TM
event=send timestamp_ns=1791284415604927289 workflow=KEY_RESPONSE run_id=bench_h4_key_017 node=Authority source=Authority destination=bench_h4_key_017
event=receive timestamp_ns=1791284416650515026 workflow=KEY_REQUEST run_id=bench_h4_key_017 node=Authority source=TM4 destination=TM
event=send timestamp_ns=1791284420086122783 workflow=KEY_RESPONSE run_id=bench_h4_key_018 node=Authority source=Authority destination=bench_h4_key_018
event=receive timestamp_ns=1791284421134608068 workflow=KEY_REQUEST run_id=bench_h4_key_018 node=Authority source=TM4 destination=TM
event=send timestamp_ns=1791284423544628464 workflow=KEY_RESPONSE run_id=bench_h4_key_019 node=Authority source=Authority destination=bench_h4_key_019
event=receive timestamp_ns=1791284424590638951 workflow=KEY_REQUEST run_id=bench_h4_key_019 node=Authority source=TM4 destination=TM
event=send timestamp_ns=1791284427028987231 workflow=KEY_RESPONSE run_id=bench_h4_key_020 node=Authority source=Authority destination=bench_h4_key_020
event=receive timestamp_ns=1791284428074754059 workflow=KEY_REQUEST run_id=bench_h4_key_020 node=Authority source=TM4 destination=TM
event=send timestamp_ns=1791284430489381412 workflow=KEY_RESPONSE run_id=bench_h4_key_021 node=Authority source=Authority destination=bench_h4_key_021
event=receive timestamp_ns=1791284431530767722 workflow=KEY_REQUEST run_id=bench_h4_key_021 node=Authority source=TM4 destination=TM
event=send timestamp_ns=1791284433940903948 workflow=KEY_RESPONSE run_id=bench_h4_key_022 node=Authority source=Authority destination=bench_h4_key_022
event=receive timestamp_ns=1791284434986762286 workflow=KEY_REQUEST run_id=bench_h4_key_022 node=Authority source=TM4 destination=TM
event=send timestamp_ns=1791284437431573947 workflow=KEY_RESPONSE run_id=bench_h4_key_023 node=Authority source=Authority destination=bench_h4_key_023
event=receive timestamp_ns=1791284438475081323 workflow=KEY_REQUEST run_id=bench_h4_key_023 node=Authority source=TM4 destination=TM
event=send timestamp_ns=1791284441912973610 workflow=KEY_RESPONSE run_id=bench_h4_key_024 node=Authority source=Authority destination=bench_h4_key_024
event=receive timestamp_ns=1791284442958629530 workflow=KEY_REQUEST run_id=bench_h4_key_024 node=Authority source=TM4 destination=TM
event=send timestamp_ns=1791284445308530915 workflow=KEY_RESPONSE run_id=bench_h4_key_025 node=Authority source=Authority destination=bench_h4_key_025
event=receive timestamp_ns=1791284446346714896 workflow=KEY_REQUEST run_id=bench_h4_key_025 node=Authority source=TM4 destination=TM
event=send timestamp_ns=1791284448702065679 workflow=KEY_RESPONSE run_id=bench_h4_key_026 node=Authority source=Authority destination=bench_h4_key_026
event=receive timestamp_ns=1791284449742712491 workflow=KEY_REQUEST run_id=bench_h4_key_026 node=Authority source=TM4 destination=TM
event=send timestamp_ns=1791284453182240090 workflow=KEY_RESPONSE run_id=bench_h4_key_027 node=Authority source=Authority destination=bench_h4_key_027
event=receive timestamp_ns=1791284454218726299 workflow=KEY_REQUEST run_id=bench_h4_key_027 node=Authority source=TM4 destination=TM
event=send timestamp_ns=1791284457655500658 workflow=KEY_RESPONSE run_id=bench_h4_key_028 node=Authority source=Authority destination=bench_h4_key_028
event=receive timestamp_ns=1791284458702704297 workflow=KEY_REQUEST run_id=bench_h4_key_028 node=Authority source=TM4 destination=TM
event=send timestamp_ns=1791284461049708867 workflow=KEY_RESPONSE run_id=bench_h4_key_029 node=Authority source=Authority destination=bench_h4_key_029
event=receive timestamp_ns=1791284462091157888 workflow=KEY_REQUEST run_id=bench_h4_key_029 node=Authority source=TM4 destination=TM
event=send timestamp_ns=1791284464435638326 workflow=KEY_RESPONSE run_id=bench_h4_key_030 node=Authority source=Authority destination=bench_h4_key_030
event=receive timestamp_ns=1791284465454433551 workflow=KEY_REQUEST run_id=bench_h4_key_030 node=Authority source=TM4 destination=TM
