event=receive timestamp_ns=1791284168142479948 workflow=KEY_REQUEST run_id=bench_h4_setup node=U1 source=TM4 destination=TM
event=receive timestamp_ns=1791284171633763021 workflow=CT_SHARE run_id=1 node=U1 source=TM4 destination=TM
event=receive timestamp_ns=1791284173173454035 workflow=CT_SHARE run_id=2 node=U1 source=TM4 destination=TM
event=receive timestamp_ns=1791284174770500643 workflow=CT_SHARE run_id=3 node=U1 source=TM4 destination=TM
event=receive timestamp_ns=1791284176371737360 workflow=CT_SHARE run_id=4 node=U1 source=TM4 destination=TM
event=receive timestamp_ns=1791284178001302118 workflow=CT_SHARE run_id=5 node=U1 source=TM4 destination=TM
event=receive timestamp_ns=1791284179571493697 workflow=CT_SHARE run_id=6 node=U1 source=TM4 destination=TM
event=receive timestamp_ns=1791284181140278681 workflow=CT_SHARE run_id=7 node=U1 source=TM4 destination=TM
event=receive timestamp_ns=1791284182675255641 workflow=CT_SHARE run_id=8 node=U1 source=TM4 destination=TM
event=receive timestamp_ns=1791284184242133657 workflow=CT_SHARE run_id=9 node=U1 source=TM4 destination=TM
event=receive timestamp_ns=1791284185777425940 workflow=CT_SHARE run_id=10 node=U1 source=TM4 destination=TM
event=receive timestamp_ns=1791284187410056839 workflow=CT_SHARE run_id=11 node=U1 source=TM4 destination=TM
event=receive timestamp_ns=1791284188945674928 workflow=CT_SHARE run_id=12 node=U1 source=TM4 destination=TM
event=receive timestamp_ns=1791284190483512782 workflow=CT_SHARE run_id=13 node=U1 source=TM4 destination=TM
event=receive timestamp_ns=1791284192052018577 workflow=CT_SHARE run_id=14 node=U1 source=TM4 destination=TM
event=receive timestamp_ns=1791284193619671454 workflow=CT_SHARE run_id=15 node=U1 source=TM4 destination=TM
event=receive timestamp_ns=1791284195154680963 workflow=CT_SHARE run_id=16 node=U1 source=TM4 destination=TM
event=receive timestamp_ns=1791284196756299435 workflow=CT_SHARE run_id=17 node=U1 source=TM4 destination=TM
event=receive timestamp_ns=1791284198321737824 workflow=CT_SHARE run_id=18 node=U1 source=TM4 destination=TM
event=receive timestamp_ns=1791284199892882477 workflow=CT_SHARE run_id=19 node=U1 source=TM4 destination=TM
event=receive timestamp_ns=1791284201430393704 workflow=CT_SHARE run_id=20 node=U1 source=TM4 destination=TM
event=receive timestamp_ns=1791284202961408385 workflow=CT_SHARE run_id=21 node=U1 source=TM4 destination=TM
event=receive timestamp_ns=1791284204500066056 workflow=CT_SHARE run_id=22 node=U1 source=TM4 destination=TM
event=receive timestamp_ns=1791284206070168318 workflow=CT_SHARE run_id=23 node=U1 source=TM4 destination=TM
event=receive timestamp_ns=1791284207637610299 workflow=CT_SHARE run_id=24 node=U1 source=TM4 destination=TM
event=receive timestamp_ns=1791284209202480706 workflow=CT_SHARE run_id=25 node=U1 source=TM4 destination=TM
event=receive timestamp_ns=1791284210773891342 workflow=CT_SHARE run_id=26 node=U1 source=TM4 destination=TM
event=receive timestamp_ns=1791284212337551640 workflow=CT_SHARE run_id=27 node=U1 source=TM4 destination=TM
event=receive timestamp_ns=1791284213905971946 workflow=CT_SHARE run_id=28 node=U1 source=TM4 destination=TM
event=receive timestamp_ns=1791284215475207686 workflow=CT_SHARE run_id=29 node=U1 source=TM4 destination=TM
event=receive timestamp_ns=1791284217044556917 workflow=CT_SHARE run_id=30 node=U1 source=TM4 destination=TM
event=receive timestamp_ns=1791284218578221258 workflow=CT_SHARE run_id=31 node=U1 source=TM4 destination=TM
event=receive timestamp_ns=1791284220114982712 workflow=CT_SHARE run_id=32 node=U1 source=TM4 destination=TM
event=receive timestamp_ns=1791284221649387033 workflow=CT_SHARE run_id=33 node=U1 source=TM4 destination=TM
event=receive timestamp_ns=1791284223223791168 workflow=CT_SHARE run_id=34 node=U1 source=TM4 destination=TM
event=receive timestamp_ns=1791284224786487686 workflow=CT_SHARE run_id=35 node=U1 source=TM4 destination=TM
event=receive timestamp_ns=1791284227170029323 workflow=ARL_UPDATE run_id=1 node=U1 source=Authority destination=TM
event=receive timestamp_ns=1791284228686660058 workflow=ARL_UPDATE run_id=2 node=U1 source=Authority destination=TM
event=receive timestamp_ns=1791284230223126639 workflow=ARL_UPDATE run_id=3 node=U1 source=Authority destination=TM
event=receive timestamp_ns=1791284231758736054 workflow=ARL_UPDATE run_id=4 node=U1 source=Authority destination=TM
event=receive timestamp_ns=1791284233294798079 workflow=ARL_UPDATE run_id=5 node=U1 source=Authority destination=TM
event=receive timestamp_ns=1791284234899463641 workflow=ARL_UPDATE run_id=6 node=U1 source=Authority destination=TM
event=receive timestamp_ns=1791284236446183721 workflow=ARL_UPDATE run_id=7 node=U1 source=Authority destination=TM
event=receive timestamp_ns=1791284238001597802 workflow=ARL_UPDATE run_id=8 node=U1 source=Authority destination=TM
event=receive timestamp_ns=1791284239508049129 workflow=ARL_UPDATE run_id=9 node=U1 source=Authority destination=TM
event=receive timestamp_ns=1791284241106499572 workflow=ARL_UPDATE run_id=10 node=U1 source=Authority destination=TM
event=receive timestamp_ns=1791284242642194895 workflow=ARL_UPDATE run_id=11 node=U1 source=Authority destination=TM
event=receive timestamp_ns=1791284244181107157 workflow=ARL_UPDATE run_id=12 node=U1 source=Authority destination=TM
event=receive timestamp_ns=1791284245712805594 workflow=ARL_UPDATE run_id=13 node=U1 source=Authority destination=TM
event=receive timestamp_ns=1791284247249783056 workflow=ARL_UPDATE run_id=14 node=U1 source=Authority destination=TM
event=receive timestamp_ns=1791284248788123227 workflow=ARL_UPDATE run_id=15 node=U1 source=Authority destination=TM
event=receive timestamp_ns=1791284250329039507 workflow=ARL_UPDATE run_id=16 node=U1 source=Authority destination=TM
event=receive timestamp_ns=1791284251859911235 workflow=ARL_UPDATE run_id=17 node=U1 source=Authority destination=TM
event=receive timestamp_ns=1791284253427951701 workflow=ARL_UPDATE run_id=18 node=U1 source=Authority destination=TM
event=receive timestamp_ns=1791284254932377370 workflow=ARL_UPDATE run_id=19 node=U1 source=Authority destination=TM
event=receive timestamp_ns=1791284256500623938 workflow=ARL_UPDATE run_id=20 node=U1 source=Authority destination=TM
event=receive timestamp_ns=1791284258036995985 workflow=ARL_UPDATE run_id=21 node=U1 source=Authority destination=TM
event=receive timestamp_ns=1791284259669767943 workflow=ARL_UPDATE run_id=22 node=U1 source=Authority destination=TM
event=receive timestamp_ns=1791284261176227937 workflow=ARL_UPDATE run_id=23 node=U1 source=Authority destination=TM
event=receive timestamp_ns=1791284262741001819 workflow=ARL_UPDATE run_id=24 node=U1 source=Authority destination=TM
event=receive timestamp_ns=1791284264274144832 workflow=ARL_UPDATE run_id=25 node=U1 source=Authority destination=TM
event=receive timestamp_ns=1791284265813911904 workflow=ARL_UPDATE run_id=26 node=U1 source=Authority destination=TM
event=receive timestamp_ns=1791284267349772709 workflow=ARL_UPDATE run_id=27 node=U1 source=Authority destination=TM
event=receive timestamp_ns=1791284268917380830 workflow=ARL_UPDATE run_id=28 node=U1 source=Authority destination=TM
event=receive timestamp_ns=1791284270484574411 workflow=ARL_UPDATE run_id=29 node=U1 source=Authority destination=TM
event=receive timestamp_ns=1791284272054136253 workflow=ARL_UPDATE run_id=30 node=U1 source=Authority destination=TM
event=receive timestamp_ns=1791284273557810564 workflow=ARL_UPDATE run_id=31 node=U1 source=Authority destination=TM
event=receive timestamp_ns=1791284275092868920 workflow=ARL_UPDATE run_id=32 node=U1 source=Authority destination=TM
event=receive timestamp_ns=1791284276628490386 workflow=ARL_UPDATE run_id=33 node=U1 source=Authority destination=TM
event=receive timestamp_ns=1791284278164585336 workflow=ARL_UPDATE run_id=34 node=U1 source=Authority destination=TM
event=receive timestamp_ns=1791284279698819100 workflow=ARL_UPDATE run_id=35 node=U1 source=Authority destination=TM
event=receive timestamp_ns=1791284281235168288 workflow=ARL_UPDATE run_id=36 node=U1 source=Authority destination=TM
event=receive timestamp_ns=1791284282774606149 workflow=ARL_UPDATE run_id=37 node=U1 source=Authority destination=TM
event=receive timestamp_ns=1791284284309469970 workflow=ARL_UPDATE run_id=38 node=U1 source=Authority destination=TM
event=receive timestamp_ns=1791284285905194270 workflow=ARL_UPDATE run_id=39 node=U1 source=Authority destination=TM
event=receive timestamp_ns=1791284287445562403 workflow=ARL_UPDATE run_id=40 node=U1 source=Authority destination=TM
event=receive timestamp_ns=1791284288981519816 workflow=ARL_UPDATE run_id=41 node=U1 source=Authority destination=TM
event=receive timestamp_ns=1791284290515672012 workflow=ARL_UPDATE run_id=42 node=U1 source=Authority destination=TM
event=receive timestamp_ns=1791284292052226751 workflow=ARL_UPDATE run_id=43 node=U1 source=Authority destination=TM
event=receive timestamp_ns=1791284293586652734 workflow=ARL_UPDATE run_id=44 node=U1 source=Authority destination=TM
event=receive timestamp_ns=1791284295187744797 workflow=ARL_UPDATE run_id=45 node=U1 source=Authority destination=TM
event=receive timestamp_ns=1791284296751419428 workflow=ARL_UPDATE run_id=46 node=U1 source=Authority destination=TM
event=receive timestamp_ns=1791284298295639243 workflow=ARL_UPDATE run_id=47 node=U1 source=Authority destination=TM
event=receive timestamp_ns=1791284299828603839 workflow=ARL_UPDATE run_id=48 node=U1 source=Authority destination=TM
event=receive timestamp_ns=1791284301362484792 workflow=ARL_UPDATE run_id=49 node=U1 source=Authority destination=TM
event=receive timestamp_ns=1791284302928556175 workflow=ARL_UPDATE run_id=50 node=U1 source=Authority destination=TM
event=receive timestamp_ns=1791284304438843975 workflow=ARL_UPDATE run_id=51 node=U1 source=Authority destination=TM
event=receive timestamp_ns=1791284305974575710 workflow=ARL_UPDATE run_id=52 node=U1 source=Authority destination=TM
event=receive timestamp_ns=1791284307540996947 workflow=ARL_UPDATE run_id=53 node=U1 source=Authority destination=TM
event=receive timestamp_ns=1791284309076544398 workflow=ARL_UPDATE run_id=54 node=U1 source=Authority destination=TM
event=receive timestamp_ns=1791284310643720919 workflow=ARL_UPDATE run_id=55 node=U1 source=Authority destination=TM
event=receive timestamp_ns=1791284312212074815 workflow=ARL_UPDATE run_id=56 node=U1 source=Authority destination=TM
event=receive timestamp_ns=1791284313715052183 workflow=ARL_UPDATE run_id=57 node=U1 source=Authority destination=TM
event=receive timestamp_ns=1791284315284940194 workflow=ARL_UPDATE run_id=58 node=U1 source=Authority destination=TM
event=receive timestamp_ns=1791284316820386799 workflow=ARL_UPDATE run_id=59 node=U1 source=Authority destination=TM
event=receive timestamp_ns=1791284318454891022 workflow=ARL_UPDATE run_id=60 node=U1 source=Authority destination=TM
event=receive timestamp_ns=1791284320016826561 workflow=ARL_UPDATE run_id=61 node=U1 source=Authority destination=TM
event=receive timestamp_ns=1791284321553533186 workflow=ARL_UPDATE run_id=62 node=U1 source=Authority destination=TM
event=receive timestamp_ns=1791284323087421117 workflow=ARL_UPDATE run_id=63 node=U1 source=Authority destination=TM
event=receive timestamp_ns=1791284324625989199 workflow=ARL_UPDATE run_id=64 node=U1 source=Authority destination=TM
event=receive timestamp_ns=1791284326163800872 workflow=ARL_UPDATE run_id=65 node=U1 source=Authority destination=TM
event=receive timestamp_ns=1791284327695980414 workflow=ARL_UPDATE run_id=66 node=U1 source=Authority destination=TM
event=receive timestamp_ns=1791284329238557176 workflow=ARL_UPDATE run_id=67 node=U1 source=Authority destination=TM
event=receive timestamp_ns=1791284330805126815 workflow=ARL_UPDATE run_id=68 node=U1 source=Authority destination=TM
event=receive timestamp_ns=1791284332340857297 workflow=ARL_UPDATE run_id=69 node=U1 source=Authority destination=TM
event=receive timestamp_ns=1791284333901717649 workflow=ARL_UPDATE run_id=70 node=U1 source=Authority destination=TM
event=receive timestamp_ns=1791284336810671118 workflow=KEY_REQUEST run_id=bench_h4_key_w1 node=U1 source=TM4 destination=TM
event=receive timestamp_ns=1791284338442473708 workflow=KEY_REQUEST run_id=bench_h4_key_w2 node=U1 source=TM4 destination=TM
event=receive timestamp_ns=1791284344139283863 workflow=KEY_REQUEST run_id=bench_h4_key_w3 node=U1 source=TM4 destination=TM
event=receive timestamp_ns=1791284346858799693 workflow=KEY_REQUEST run_id=bench_h4_key_w4 node=U1 source=TM4 destination=TM
event=receive timestamp_ns=1791284349323168175 workflow=KEY_REQUEST run_id=bench_h4_key_w5 node=U1 source=TM4 destination=TM
event=receive timestamp_ns=1791284353482428536 workflow=KEY_REQUEST run_id=bench_h4_key_001 node=U1 source=TM4 destination=TM
event=receive timestamp_ns=1791284356970904680 workflow=KEY_REQUEST run_id=bench_h4_key_002 node=U1 source=TM4 destination=TM
event=receive timestamp_ns=1791284359694726674 workflow=KEY_REQUEST run_id=bench_h4_key_003 node=U1 source=TM4 destination=TM
event=receive timestamp_ns=1791284363883146577 workflow=KEY_REQUEST run_id=bench_h4_key_004 node=U1 source=TM4 destination=TM
event=receive timestamp_ns=1791284366539067558 workflow=KEY_REQUEST run_id=bench_h4_key_005 node=U1 source=TM4 destination=TM
event=receive timestamp_ns=1791284371147414734 workflow=KEY_REQUEST run_id=bench_h4_key_006 node=U1 source=TM4 destination=TM
event=receive timestamp_ns=1791284376106889245 workflow=KEY_REQUEST run_id=bench_h4_key_007 node=U1 source=TM4 destination=TM
event=receive timestamp_ns=1791284379594995533 workflow=KEY_REQUEST run_id=bench_h4_key_008 node=U1 source=TM4 destination=TM
event=receive timestamp_ns=1791284384618901366 workflow=KEY_REQUEST run_id=bench_h4_key_009 node=U1 source=TM4 destination=TM
event=receive timestamp_ns=1791284389226524061 workflow=KEY_REQUEST run_id=bench_h4_key_010 node=U1 source=TM4 destination=TM
event=receive timestamp_ns=1791284393098719554 workflow=KEY_REQUEST run_id=bench_h4_key_011 node=U1 source=TM4 destination=TM
event=receive timestamp_ns=1791284396587024349 workflow=KEY_REQUEST run_id=bench_h4_key_012 node=U1 source=TM4 destination=TM
event=receive timestamp_ns=1791284401610741546 workflow=KEY_REQUEST run_id=bench_h4_key_013 node=U1 source=TM4 destination=TM
event=receive timestamp_ns=1791284405162695807 workflow=KEY_REQUEST run_id=bench_h4_key_014 node=U1 source=TM4 destination=TM
event=receive timestamp_ns=1791284408618529119 workflow=KEY_REQUEST run_id=bench_h4_key_015 node=U1 source=TM4 destination=TM
event=receive timestamp_ns=1791284412106980763 workflow=KEY_REQUEST run_id=bench_h4_key_016 node=U1 source=TM4 destination=TM
event=receive timestamp_ns=1791284415498925928 workflow=KEY_REQUEST run_id=bench_h4_key_017 node=U1 source=TM4 destination=TM
event=receive timestamp_ns=1791284420683177735 workflow=KEY_REQUEST run_id=bench_h4_key_018 node=U1 source=TM4 destination=TM
event=receive timestamp_ns=1791284424170821441 workflow=KEY_REQUEST run_id=bench_h4_key_019 node=U1 source=TM4 destination=TM
event=receive timestamp_ns=1791284426922865549 workflow=KEY_REQUEST run_id=bench_h4_key_020 node=U1 source=TM4 destination=TM
event=receive timestamp_ns=1791284431114491658 workflow=KEY_REQUEST run_id=bench_h4_key_021 node=U1 source=TM4 destination=TM
event=receive timestamp_ns=1791284433835070774 workflow=KEY_REQUEST run_id=bench_h4_key_022 node=U1 source=TM4 destination=TM
event=receive timestamp_ns=1791284437323063971 workflow=KEY_REQUEST run_id=bench_h4_key_023 node=U1 source=TM4 destination=TM
event=receive timestamp_ns=1791284443050800640 workflow=KEY_REQUEST run_id=bench_h4_key_024 node=U1 source=TM4 destination=TM
event=receive timestamp_ns=1791284444682769440 workflow=KEY_REQUEST run_id=bench_h4_key_025 node=U1 source=TM4 destination=TM
event=receive timestamp_ns=1791284448587349708 workflow=KEY_REQUEST run_id=bench_h4_key_026 node=U1 source=TM4 destination=TM
event=receive timestamp_ns=1791284453803012005 workflow=KEY_REQUEST run_id=bench_h4_key_027 node=U1 source=TM4 destination=TM
event=receive timestamp_ns=1791284457546914227 workflow=KEY_REQUEST run_id=bench_h4_key_028 node=U1 source=TM4 destination=TM
event=receive timestamp_ns=1791284460426581117 workflow=KEY_REQUEST run_id=bench_h4_key_029 node=U1 source=TM4 destination=TM
event=receive timestamp_ns=1791284465039211619 workflow=KEY_REQUEST run_id=bench_h4_key_030 node=U1 source=TM4 destination=TM
