event=receive timestamp_ns=1791284168042605075 workflow=KEY_REQUEST run_id=bench_h4_setup node=U2 source=TM4 destination=TM
event=receive timestamp_ns=1791284171025534559 workflow=CT_SHARE run_id=1 node=U2 source=TM4 destination=TM
event=receive timestamp_ns=1791284172561606974 workflow=CT_SHARE run_id=2 node=U2 source=TM4 destination=TM
event=receive timestamp_ns=1791284174169242364 workflow=CT_SHARE run_id=3 node=U2 source=TM4 destination=TM
event=receive timestamp_ns=1791284175772045586 workflow=CT_SHARE run_id=4 node=U2 source=TM4 destination=TM
event=receive timestamp_ns=1791284177393838958 workflow=CT_SHARE run_id=5 node=U2 source=TM4 destination=TM
event=receive timestamp_ns=1791284178962358545 workflow=CT_SHARE run_id=6 node=U2 source=TM4 destination=TM
event=receive timestamp_ns=1791284180531358243 workflow=CT_SHARE run_id=7 node=U2 source=TM4 destination=TM
event=receive timestamp_ns=1791284182066261500 workflow=CT_SHARE run_id=8 node=U2 source=TM4 destination=TM
event=receive timestamp_ns=1791284183633458414 workflow=CT_SHARE run_id=9 node=U2 source=TM4 destination=TM
event=receive timestamp_ns=1791284185173365832 workflow=CT_SHARE run_id=10 node=U2 source=TM4 destination=TM
event=receive timestamp_ns=1791284186802214676 workflow=CT_SHARE run_id=11 node=U2 source=TM4 destination=TM
event=receive timestamp_ns=1791284188339240281 workflow=CT_SHARE run_id=12 node=U2 source=TM4 destination=TM
event=receive timestamp_ns=1791284189905560404 workflow=CT_SHARE run_id=13 node=U2 source=TM4 destination=TM
event=receive timestamp_ns=1791284191443719840 workflow=CT_SHARE run_id=14 node=U2 source=TM4 destination=TM
event=receive timestamp_ns=1791284193009722240 workflow=CT_SHARE run_id=15 node=U2 source=TM4 destination=TM
event=receive timestamp_ns=1791284194577353131 workflow=CT_SHARE run_id=16 node=U2 source=TM4 destination=TM
event=receive timestamp_ns=1791284196147139421 workflow=CT_SHARE run_id=17 node=U2 source=TM4 destination=TM
event=receive timestamp_ns=1791284197746084677 workflow=CT_SHARE run_id=18 node=U2 source=TM4 destination=TM
event=receive timestamp_ns=1791284199284104052 workflow=CT_SHARE run_id=19 node=U2 source=TM4 destination=TM
event=receive timestamp_ns=1791284200849683573 workflow=CT_SHARE run_id=20 node=U2 source=TM4 destination=TM
event=receive timestamp_ns=1791284202359348549 workflow=CT_SHARE run_id=21 node=U2 source=TM4 destination=TM
event=receive timestamp_ns=1791284203890301278 workflow=CT_SHARE run_id=22 node=U2 source=TM4 destination=TM
event=receive timestamp_ns=1791284205458741311 workflow=CT_SHARE run_id=23 node=U2 source=TM4 destination=TM
event=receive timestamp_ns=1791284207025855792 workflow=CT_SHARE run_id=24 node=U2 source=TM4 destination=TM
event=receive timestamp_ns=1791284208597228175 workflow=CT_SHARE run_id=25 node=U2 source=TM4 destination=TM
event=receive timestamp_ns=1791284210163332238 workflow=CT_SHARE run_id=26 node=U2 source=TM4 destination=TM
event=receive timestamp_ns=1791284211733114849 workflow=CT_SHARE run_id=27 node=U2 source=TM4 destination=TM
event=receive timestamp_ns=1791284213300670056 workflow=CT_SHARE run_id=28 node=U2 source=TM4 destination=TM
event=receive timestamp_ns=1791284214871458059 workflow=CT_SHARE run_id=29 node=U2 source=TM4 destination=TM
event=receive timestamp_ns=1791284216435882978 workflow=CT_SHARE run_id=30 node=U2 source=TM4 destination=TM
event=receive timestamp_ns=1791284217970773387 workflow=CT_SHARE run_id=31 node=U2 source=TM4 destination=TM
event=receive timestamp_ns=1791284219507154385 workflow=CT_SHARE run_id=32 node=U2 source=TM4 destination=TM
event=receive timestamp_ns=1791284221043494642 workflow=CT_SHARE run_id=33 node=U2 source=TM4 destination=TM
event=receive timestamp_ns=1791284222649000903 workflow=CT_SHARE run_id=34 node=U2 source=TM4 destination=TM
event=receive timestamp_ns=1791284224178714081 workflow=CT_SHARE run_id=35 node=U2 source=TM4 destination=TM
event=receive timestamp_ns=1791284226735654601 workflow=ARL_UPDATE run_id=1 node=U2 source=Authority destination=TM
event=receive timestamp_ns=1791284228278934463 workflow=ARL_UPDATE run_id=2 node=U2 source=Authority destination=TM
event=receive timestamp_ns=1791284229809373715 workflow=ARL_UPDATE run_id=3 node=U2 source=Authority destination=TM
event=receive timestamp_ns=1791284231343345943 workflow=ARL_UPDATE run_id=4 node=U2 source=Authority destination=TM
event=receive timestamp_ns=1791284232885465633 workflow=ARL_UPDATE run_id=5 node=U2 source=Authority destination=TM
event=receive timestamp_ns=1791284234479425954 workflow=ARL_UPDATE run_id=6 node=U2 source=Authority destination=TM
event=receive timestamp_ns=1791284236013399904 workflow=ARL_UPDATE run_id=7 node=U2 source=Authority destination=TM
event=receive timestamp_ns=1791284237596582450 workflow=ARL_UPDATE run_id=8 node=U2 source=Authority destination=TM
event=receive timestamp_ns=1791284239094110848 workflow=ARL_UPDATE run_id=9 node=U2 source=Authority destination=TM
event=receive timestamp_ns=1791284240699972906 workflow=ARL_UPDATE run_id=10 node=U2 source=Authority destination=TM
event=receive timestamp_ns=1791284242223409212 workflow=ARL_UPDATE run_id=11 node=U2 source=Authority destination=TM
event=receive timestamp_ns=1791284243772132848 workflow=ARL_UPDATE run_id=12 node=U2 source=Authority destination=TM
event=receive timestamp_ns=1791284245303589429 workflow=ARL_UPDATE run_id=13 node=U2 source=Authority destination=TM
event=receive timestamp_ns=1791284246843458589 workflow=ARL_UPDATE run_id=14 node=U2 source=Authority destination=TM
event=receive timestamp_ns=1791284248364850954 workflow=ARL_UPDATE run_id=15 node=U2 source=Authority destination=TM
event=receive timestamp_ns=1791284249904007034 workflow=ARL_UPDATE run_id=16 node=U2 source=Authority destination=TM
event=receive timestamp_ns=1791284251476186921 workflow=ARL_UPDATE run_id=17 node=U2 source=Authority destination=TM
event=receive timestamp_ns=1791284253009975588 workflow=ARL_UPDATE run_id=18 node=U2 source=Authority destination=TM
event=receive timestamp_ns=1791284254520572955 workflow=ARL_UPDATE run_id=19 node=U2 source=Authority destination=TM
event=receive timestamp_ns=1791284256088325746 workflow=ARL_UPDATE run_id=20 node=U2 source=Authority destination=TM
event=receive timestamp_ns=1791284257622922295 workflow=ARL_UPDATE run_id=21 node=U2 source=Authority destination=TM
event=receive timestamp_ns=1791284259249183855 workflow=ARL_UPDATE run_id=22 node=U2 source=Authority destination=TM
event=receive timestamp_ns=1791284260760174026 workflow=ARL_UPDATE run_id=23 node=U2 source=Authority destination=TM
event=receive timestamp_ns=1791284262332378177 workflow=ARL_UPDATE run_id=24 node=U2 source=Authority destination=TM
event=receive timestamp_ns=1791284263828879214 workflow=ARL_UPDATE run_id=25 node=U2 source=Authority destination=TM
event=receive timestamp_ns=1791284265401119248 workflow=ARL_UPDATE run_id=26 node=U2 source=Authority destination=TM
event=receive timestamp_ns=1791284266934926289 workflow=ARL_UPDATE run_id=27 node=U2 source=Authority destination=TM
event=receive timestamp_ns=1791284268501844876 workflow=ARL_UPDATE run_id=28 node=U2 source=Authority destination=TM
event=receive timestamp_ns=1791284270071894292 workflow=ARL_UPDATE run_id=29 node=U2 source=Authority destination=TM
event=receive timestamp_ns=1791284271597725106 workflow=ARL_UPDATE run_id=30 node=U2 source=Authority destination=TM
event=receive timestamp_ns=1791284273139464354 workflow=ARL_UPDATE run_id=31 node=U2 source=Authority destination=TM
event=receive timestamp_ns=1791284274709724229 workflow=ARL_UPDATE run_id=32 node=U2 source=Authority destination=TM
event=receive timestamp_ns=1791284276209247622 workflow=ARL_UPDATE run_id=33 node=U2 source=Authority destination=TM
event=receive timestamp_ns=1791284277784727979 workflow=ARL_UPDATE run_id=34 node=U2 source=Authority destination=TM
event=receive timestamp_ns=1791284279285678626 workflow=ARL_UPDATE run_id=35 node=U2 source=Authority destination=TM
event=receive timestamp_ns=1791284280825144026 workflow=ARL_UPDATE run_id=36 node=U2 source=Authority destination=TM
event=receive timestamp_ns=1791284282356286176 workflow=ARL_UPDATE run_id=37 node=U2 source=Authority destination=TM
event=receive timestamp_ns=1791284283893820099 workflow=ARL_UPDATE run_id=38 node=U2 source=Authority destination=TM
event=receive timestamp_ns=1791284285488243542 workflow=ARL_UPDATE run_id=39 node=U2 source=Authority destination=TM
event=receive timestamp_ns=1791284287028794326 workflow=ARL_UPDATE run_id=40 node=U2 source=Authority destination=TM
event=receive timestamp_ns=1791284288566870969 workflow=ARL_UPDATE run_id=41 node=U2 source=Authority destination=TM
event=receive timestamp_ns=1791284290097689618 workflow=ARL_UPDATE run_id=42 node=U2 source=Authority destination=TM
event=receive timestamp_ns=1791284291669669718 workflow=ARL_UPDATE run_id=43 node=U2 source=Authority destination=TM
event=receive timestamp_ns=1791284293174895812 workflow=ARL_UPDATE run_id=44 node=U2 source=Authority destination=TM
event=receive timestamp_ns=1791284294770060239 workflow=ARL_UPDATE run_id=45 node=U2 source=Authority destination=TM
event=receive timestamp_ns=1791284296339787599 workflow=ARL_UPDATE run_id=46 node=U2 source=Authority destination=TM
event=receive timestamp_ns=1791284297877133627 workflow=ARL_UPDATE run_id=47 node=U2 source=Authority destination=TM
event=receive timestamp_ns=1791284299411866780 workflow=ARL_UPDATE run_id=48 node=U2 source=Authority destination=TM
event=receive timestamp_ns=1791284300950752716 workflow=ARL_UPDATE run_id=49 node=U2 source=Authority destination=TM
event=receive timestamp_ns=1791284302488622253 workflow=ARL_UPDATE run_id=50 node=U2 source=Authority destination=TM
event=receive timestamp_ns=1791284304019884137 workflow=ARL_UPDATE run_id=51 node=U2 source=Authority destination=TM
event=receive timestamp_ns=1791284305556102880 workflow=ARL_UPDATE run_id=52 node=U2 source=Authority destination=TM
event=receive timestamp_ns=1791284307092662669 workflow=ARL_UPDATE run_id=53 node=U2 source=Authority destination=TM
event=receive timestamp_ns=1791284308658851126 workflow=ARL_UPDATE run_id=54 node=U2 source=Authority destination=TM
event=receive timestamp_ns=1791284310225045064 workflow=ARL_UPDATE run_id=55 node=U2 source=Authority destination=TM
event=receive timestamp_ns=1791284311763778010 workflow=ARL_UPDATE run_id=56 node=U2 source=Authority destination=TM
event=receive timestamp_ns=1791284313338837706 workflow=ARL_UPDATE run_id=57 node=U2 source=Authority destination=TM
event=receive timestamp_ns=1791284314870755510 workflow=ARL_UPDATE run_id=58 node=U2 source=Authority destination=TM
event=receive timestamp_ns=1791284316405577024 workflow=ARL_UPDATE run_id=59 node=U2 source=Authority destination=TM
event=receive timestamp_ns=1791284318033989044 workflow=ARL_UPDATE run_id=60 node=U2 source=Authority destination=TM
event=receive timestamp_ns=1791284319602243864 workflow=ARL_UPDATE run_id=61 node=U2 source=Authority destination=TM
event=receive timestamp_ns=1791284321135899989 workflow=ARL_UPDATE run_id=62 node=U2 source=Authority destination=TM
event=receive timestamp_ns=1791284322671055238 workflow=ARL_UPDATE run_id=63 node=U2 source=Authority destination=TM
event=receive timestamp_ns=1791284324209912822 workflow=ARL_UPDATE run_id=64 node=U2 source=Authority destination=TM
event=receive timestamp_ns=1791284325745745512 workflow=ARL_UPDATE run_id=65 node=U2 source=Authority destination=TM
event=receive timestamp_ns=1791284327284954211 workflow=ARL_UPDATE run_id=66 node=U2 source=Authority destination=TM
event=receive timestamp_ns=1791284328820471937 workflow=ARL_UPDATE run_id=67 node=U2 source=Authority destination=TM
event=receive timestamp_ns=1791284330388384880 workflow=ARL_UPDATE run_id=68 node=U2 source=Authority destination=TM
event=receive timestamp_ns=1791284331921374749 workflow=ARL_UPDATE run_id=69 node=U2 source=Authority destination=TM
event=receive timestamp_ns=1791284333490825966 workflow=ARL_UPDATE run_id=70 node=U2 source=Authority destination=TM
event=receive timestamp_ns=1791284336906740231 workflow=KEY_REQUEST run_id=bench_h4_key_w1 node=U2 source=TM4 destination=TM
event=receive timestamp_ns=1791284338346643480 workflow=KEY_REQUEST run_id=bench_h4_key_w2 node=U2 source=TM4 destination=TM
event=receive timestamp_ns=1791284344234979442 workflow=KEY_REQUEST run_id=bench_h4_key_w3 node=U2 source=TM4 destination=TM
event=receive timestamp_ns=1791284346762865748 workflow=KEY_REQUEST run_id=bench_h4_key_w4 node=U2 source=TM4 destination=TM
event=receive timestamp_ns=1791284350126952131 workflow=KEY_REQUEST run_id=bench_h4_key_w5 node=U2 source=TM4 destination=TM
event=receive timestamp_ns=1791284352683130138 workflow=KEY_REQUEST run_id=bench_h4_key_001 node=U2 source=TM4 destination=TM
event=receive timestamp_ns=1791284357067084913 workflow=KEY_REQUEST run_id=bench_h4_key_002 node=U2 source=TM4 destination=TM
event=receive timestamp_ns=1791284359594913639 workflow=KEY_REQUEST run_id=bench_h4_key_003 node=U2 source=TM4 destination=TM
event=receive timestamp_ns=1791284363978822821 workflow=KEY_REQUEST run_id=bench_h4_key_004 node=U2 source=TM4 destination=TM
event=receive timestamp_ns=1791284366443169444 workflow=KEY_REQUEST run_id=bench_h4_key_005 node=U2 source=TM4 destination=TM
event=receive timestamp_ns=1791284370475091084 workflow=KEY_REQUEST run_id=bench_h4_key_006 node=U2 source=TM4 destination=TM
event=receive timestamp_ns=1791284376554998297 workflow=KEY_REQUEST run_id=bench_h4_key_007 node=U2 source=TM4 destination=TM
event=receive timestamp_ns=1791284379499122998 workflow=KEY_REQUEST run_id=bench_h4_key_008 node=U2 source=TM4 destination=TM
event=receive timestamp_ns=1791284384523017034 workflow=KEY_REQUEST run_id=bench_h4_key_009 node=U2 source=TM4 destination=TM
event=receive timestamp_ns=1791284388523355170 workflow=KEY_REQUEST run_id=bench_h4_key_010 node=U2 source=TM4 destination=TM
event=receive timestamp_ns=1791284393515061329 workflow=KEY_REQUEST run_id=bench_h4_key_011 node=U2 source=TM4 destination=TM
event=receive timestamp_ns=1791284396495256685 workflow=KEY_REQUEST run_id=bench_h4_key_012 node=U2 source=TM4 destination=TM
event=receive timestamp_ns=1791284401514904960 workflow=KEY_REQUEST run_id=bench_h4_key_013 node=U2 source=TM4 destination=TM
event=receive timestamp_ns=1791284404555022278 workflow=KEY_REQUEST run_id=bench_h4_key_014 node=U2 source=TM4 destination=TM
event=receive timestamp_ns=1791284408522849257 workflow=KEY_REQUEST run_id=bench_h4_key_015 node=U2 source=TM4 destination=TM
event=receive timestamp_ns=1791284411498666879 workflow=KEY_REQUEST run_id=bench_h4_key_016 node=U2 source=TM4 destination=TM
event=receive timestamp_ns=1791284416842889645 workflow=KEY_REQUEST run_id=bench_h4_key_017 node=U2 source=TM4 destination=TM
event=receive timestamp_ns=1791284420779133093 workflow=KEY_REQUEST run_id=bench_h4_key_018 node=U2 source=TM4 destination=TM
event=receive timestamp_ns=1791284423375006652 workflow=KEY_REQUEST run_id=bench_h4_key_019 node=U2 source=TM4 destination=TM
event=receive timestamp_ns=1791284427722672909 workflow=KEY_REQUEST run_id=bench_h4_key_020 node=U2 source=TM4 destination=TM
event=receive timestamp_ns=1791284430283131269 workflow=KEY_REQUEST run_id=bench_h4_key_021 node=U2 source=TM4 destination=TM
event=receive timestamp_ns=1791284434634546072 workflow=KEY_REQUEST run_id=bench_h4_key_022 node=U2 source=TM4 destination=TM
event=receive timestamp_ns=1791284437258982589 workflow=KEY_REQUEST run_id=bench_h4_key_023 node=U2 source=TM4 destination=TM
event=receive timestamp_ns=1791284442606944058 workflow=KEY_REQUEST run_id=bench_h4_key_024 node=U2 source=TM4 destination=TM
event=receive timestamp_ns=1791284445099054896 workflow=KEY_REQUEST run_id=bench_h4_key_025 node=U2 source=TM4 destination=TM
event=receive timestamp_ns=1791284449418704988 workflow=KEY_REQUEST run_id=bench_h4_key_026 node=U2 source=TM4 destination=TM
event=receive timestamp_ns=1791284452971064496 workflow=KEY_REQUEST run_id=bench_h4_key_027 node=U2 source=TM4 destination=TM
event=receive timestamp_ns=1791284458351192215 workflow=KEY_REQUEST run_id=bench_h4_key_028 node=U2 source=TM4 destination=TM
event=receive timestamp_ns=1791284460842997614 workflow=KEY_REQUEST run_id=bench_h4_key_029 node=U2 source=TM4 destination=TM
event=receive timestamp_ns=1791284465130734609 workflow=KEY_REQUEST run_id=bench_h4_key_030 node=U2 source=TM4 destination=TM
