event=receive timestamp_ns=1791284168462747190 workflow=KEY_REQUEST run_id=bench_h4_setup node=U3 source=TM4 destination=TM
event=receive timestamp_ns=1791284171442018248 workflow=CT_SHARE run_id=1 node=U3 source=TM4 destination=TM
event=receive timestamp_ns=1791284172977695784 workflow=CT_SHARE run_id=2 node=U3 source=TM4 destination=TM
event=receive timestamp_ns=1791284174581753597 workflow=CT_SHARE run_id=3 node=U3 source=TM4 destination=TM
event=receive timestamp_ns=1791284176209780089 workflow=CT_SHARE run_id=4 node=U3 source=TM4 destination=TM
event=receive timestamp_ns=1791284177809596015 workflow=CT_SHARE run_id=5 node=U3 source=TM4 destination=TM
event=receive timestamp_ns=1791284179378802524 workflow=CT_SHARE run_id=6 node=U3 source=TM4 destination=TM
event=receive timestamp_ns=1791284180947155893 workflow=CT_SHARE run_id=7 node=U3 source=TM4 destination=TM
event=receive timestamp_ns=1791284182482101751 workflow=CT_SHARE run_id=8 node=U3 source=TM4 destination=TM
event=receive timestamp_ns=1791284184050892762 workflow=CT_SHARE run_id=9 node=U3 source=TM4 destination=TM
event=receive timestamp_ns=1791284185592465974 workflow=CT_SHARE run_id=10 node=U3 source=TM4 destination=TM
event=receive timestamp_ns=1791284187217625359 workflow=CT_SHARE run_id=11 node=U3 source=TM4 destination=TM
event=receive timestamp_ns=1791284188753592113 workflow=CT_SHARE run_id=12 node=U3 source=TM4 destination=TM
event=receive timestamp_ns=1791284190325357676 workflow=CT_SHARE run_id=13 node=U3 source=TM4 destination=TM
event=receive timestamp_ns=1791284191858428410 workflow=CT_SHARE run_id=14 node=U3 source=TM4 destination=TM
event=receive timestamp_ns=1791284193425684647 workflow=CT_SHARE run_id=15 node=U3 source=TM4 destination=TM
event=receive timestamp_ns=1791284194993717775 workflow=CT_SHARE run_id=16 node=U3 source=TM4 destination=TM
event=receive timestamp_ns=1791284196593832425 workflow=CT_SHARE run_id=17 node=U3 source=TM4 destination=TM
event=receive timestamp_ns=1791284198165522704 workflow=CT_SHARE run_id=18 node=U3 source=TM4 destination=TM
event=receive timestamp_ns=1791284199700388950 workflow=CT_SHARE run_id=19 node=U3 source=TM4 destination=TM
event=receive timestamp_ns=1791284201239172008 workflow=CT_SHARE run_id=20 node=U3 source=TM4 destination=TM
event=receive timestamp_ns=1791284202769712228 workflow=CT_SHARE run_id=21 node=U3 source=TM4 destination=TM
event=receive timestamp_ns=1791284204338722476 workflow=CT_SHARE run_id=22 node=U3 source=TM4 destination=TM
event=receive timestamp_ns=1791284205875258025 workflow=CT_SHARE run_id=23 node=U3 source=TM4 destination=TM
event=receive timestamp_ns=1791284207442154809 workflow=CT_SHARE run_id=24 node=U3 source=TM4 destination=TM
event=receive timestamp_ns=1791284209014555591 workflow=CT_SHARE run_id=25 node=U3 source=TM4 destination=TM
event=receive timestamp_ns=1791284210613218845 workflow=CT_SHARE run_id=26 node=U3 source=TM4 destination=TM
event=receive timestamp_ns=1791284212145977427 workflow=CT_SHARE run_id=27 node=U3 source=TM4 destination=TM
event=receive timestamp_ns=1791284213716090687 workflow=CT_SHARE run_id=28 node=U3 source=TM4 destination=TM
event=receive timestamp_ns=1791284215282233566 workflow=CT_SHARE run_id=29 node=U3 source=TM4 destination=TM
event=receive timestamp_ns=1791284216849815251 workflow=CT_SHARE run_id=30 node=U3 source=TM4 destination=TM
event=receive timestamp_ns=1791284218385456945 workflow=CT_SHARE run_id=31 node=U3 source=TM4 destination=TM
event=receive timestamp_ns=1791284219926494845 workflow=CT_SHARE run_id=32 node=U3 source=TM4 destination=TM
event=receive timestamp_ns=1791284221457537701 workflow=CT_SHARE run_id=33 node=U3 source=TM4 destination=TM
event=receive timestamp_ns=1791284223060844222 workflow=CT_SHARE run_id=34 node=U3 source=TM4 destination=TM
event=receive timestamp_ns=1791284224593803416 workflow=CT_SHARE run_id=35 node=U3 source=TM4 destination=TM
event=receive timestamp_ns=1791284227342537866 workflow=ARL_UPDATE run_id=1 node=U3 source=Authority destination=TM
event=receive timestamp_ns=1791284228879667002 workflow=ARL_UPDATE run_id=2 node=U3 source=Authority destination=TM
event=receive timestamp_ns=1791284230414404571 workflow=ARL_UPDATE run_id=3 node=U3 source=Authority destination=TM
event=receive timestamp_ns=1791284231917729921 workflow=ARL_UPDATE run_id=4 node=U3 source=Authority destination=TM
event=receive timestamp_ns=1791284233498154640 workflow=ARL_UPDATE run_id=5 node=U3 source=Authority destination=TM
event=receive timestamp_ns=1791284235087811389 workflow=ARL_UPDATE run_id=6 node=U3 source=Authority destination=TM
event=receive timestamp_ns=1791284236627690465 workflow=ARL_UPDATE run_id=7 node=U3 source=Authority destination=TM
event=receive timestamp_ns=1791284238164509739 workflow=ARL_UPDATE run_id=8 node=U3 source=Authority destination=TM
event=receive timestamp_ns=1791284239709398152 workflow=ARL_UPDATE run_id=9 node=U3 source=Authority destination=TM
event=receive timestamp_ns=1791284241297206285 workflow=ARL_UPDATE run_id=10 node=U3 source=Authority destination=TM
event=receive timestamp_ns=1791284242831322245 workflow=ARL_UPDATE run_id=11 node=U3 source=Authority destination=TM
event=receive timestamp_ns=1791284244371358847 workflow=ARL_UPDATE run_id=12 node=U3 source=Authority destination=TM
event=receive timestamp_ns=1791284245901628327 workflow=ARL_UPDATE run_id=13 node=U3 source=Authority destination=TM
event=receive timestamp_ns=1791284247444495452 workflow=ARL_UPDATE run_id=14 node=U3 source=Authority destination=TM
event=receive timestamp_ns=1791284248982566622 workflow=ARL_UPDATE run_id=15 node=U3 source=Authority destination=TM
event=receive timestamp_ns=1791284250517609168 workflow=ARL_UPDATE run_id=16 node=U3 source=Authority destination=TM
event=receive timestamp_ns=1791284252086715085 workflow=ARL_UPDATE run_id=17 node=U3 source=Authority destination=TM
event=receive timestamp_ns=1791284253620209404 workflow=ARL_UPDATE run_id=18 node=U3 source=Authority destination=TM
event=receive timestamp_ns=1791284255124033200 workflow=ARL_UPDATE run_id=19 node=U3 source=Authority destination=TM
event=receive timestamp_ns=1791284256691895078 workflow=ARL_UPDATE run_id=20 node=U3 source=Authority destination=TM
event=receive timestamp_ns=1791284258221475840 workflow=ARL_UPDATE run_id=21 node=U3 source=Authority destination=TM
event=receive timestamp_ns=1791284259860036438 workflow=ARL_UPDATE run_id=22 node=U3 source=Authority destination=TM
event=receive timestamp_ns=1791284261365601216 workflow=ARL_UPDATE run_id=23 node=U3 source=Authority destination=TM
event=receive timestamp_ns=1791284262932667410 workflow=ARL_UPDATE run_id=24 node=U3 source=Authority destination=TM
event=receive timestamp_ns=1791284264434085484 workflow=ARL_UPDATE run_id=25 node=U3 source=Authority destination=TM
event=receive timestamp_ns=1791284266005623580 workflow=ARL_UPDATE run_id=26 node=U3 source=Authority destination=TM
event=receive timestamp_ns=1791284267575083189 workflow=ARL_UPDATE run_id=27 node=U3 source=Authority destination=TM
event=receive timestamp_ns=1791284269106984295 workflow=ARL_UPDATE run_id=28 node=U3 source=Authority destination=TM
event=receive timestamp_ns=1791284270677516283 workflow=ARL_UPDATE run_id=29 node=U3 source=Authority destination=TM
event=receive timestamp_ns=1791284272211429324 workflow=ARL_UPDATE run_id=30 node=U3 source=Authority destination=TM
event=receive timestamp_ns=1791284273745369147 workflow=ARL_UPDATE run_id=31 node=U3 source=Authority destination=TM
event=receive timestamp_ns=1791284275318133409 workflow=ARL_UPDATE run_id=32 node=U3 source=Authority destination=TM
event=receive timestamp_ns=1791284276820908218 workflow=ARL_UPDATE run_id=33 node=U3 source=Authority destination=TM
event=receive timestamp_ns=1791284278358005794 workflow=ARL_UPDATE run_id=34 node=U3 source=Authority destination=TM
event=receive timestamp_ns=1791284279894609999 workflow=ARL_UPDATE run_id=35 node=U3 source=Authority destination=TM
event=receive timestamp_ns=1791284281428333083 workflow=ARL_UPDATE run_id=36 node=U3 source=Authority destination=TM
event=receive timestamp_ns=1791284282965030662 workflow=ARL_UPDATE run_id=37 node=U3 source=Authority destination=TM
event=receive timestamp_ns=1791284284499776343 workflow=ARL_UPDATE run_id=38 node=U3 source=Authority destination=TM
event=receive timestamp_ns=1791284286098649918 workflow=ARL_UPDATE run_id=39 node=U3 source=Authority destination=TM
event=receive timestamp_ns=1791284287634963115 workflow=ARL_UPDATE run_id=40 node=U3 source=Authority destination=TM
event=receive timestamp_ns=1791284289173993007 workflow=ARL_UPDATE run_id=41 node=U3 source=Authority destination=TM
event=receive timestamp_ns=1791284290710251132 workflow=ARL_UPDATE run_id=42 node=U3 source=Authority destination=TM
event=receive timestamp_ns=1791284292274932929 workflow=ARL_UPDATE run_id=43 node=U3 source=Authority destination=TM
event=receive timestamp_ns=1791284293786784605 workflow=ARL_UPDATE run_id=44 node=U3 source=Authority destination=TM
event=receive timestamp_ns=1791284295379035884 workflow=ARL_UPDATE run_id=45 node=U3 source=Authority destination=TM
event=receive timestamp_ns=1791284296943827464 workflow=ARL_UPDATE run_id=46 node=U3 source=Authority destination=TM
event=receive timestamp_ns=1791284298485015435 workflow=ARL_UPDATE run_id=47 node=U3 source=Authority destination=TM
event=receive timestamp_ns=1791284300020909413 workflow=ARL_UPDATE run_id=48 node=U3 source=Authority destination=TM
event=receive timestamp_ns=1791284301559983689 workflow=ARL_UPDATE run_id=49 node=U3 source=Authority destination=TM
event=receive timestamp_ns=1791284303093266598 workflow=ARL_UPDATE run_id=50 node=U3 source=Authority destination=TM
event=receive timestamp_ns=1791284304628758233 workflow=ARL_UPDATE run_id=51 node=U3 source=Authority destination=TM
event=receive timestamp_ns=1791284306163473973 workflow=ARL_UPDATE run_id=52 node=U3 source=Authority destination=TM
event=receive timestamp_ns=1791284307699377312 workflow=ARL_UPDATE run_id=53 node=U3 source=Authority destination=TM
event=receive timestamp_ns=1791284309264603334 workflow=ARL_UPDATE run_id=54 node=U3 source=Authority destination=TM
event=receive timestamp_ns=1791284310834463431 workflow=ARL_UPDATE run_id=55 node=U3 source=Authority destination=TM
event=receive timestamp_ns=1791284312374050403 workflow=ARL_UPDATE run_id=56 node=U3 source=Authority destination=TM
event=receive timestamp_ns=1791284313906716675 workflow=ARL_UPDATE run_id=57 node=U3 source=Authority destination=TM
event=receive timestamp_ns=1791284315476000728 workflow=ARL_UPDATE run_id=58 node=U3 source=Authority destination=TM
event=receive timestamp_ns=1791284317012717837 workflow=ARL_UPDATE run_id=59 node=U3 source=Authority destination=TM
event=receive timestamp_ns=1791284318637582486 workflow=ARL_UPDATE run_id=60 node=U3 source=Authority destination=TM
event=receive timestamp_ns=1791284320209081222 workflow=ARL_UPDATE run_id=61 node=U3 source=Authority destination=TM
event=receive timestamp_ns=1791284321745806422 workflow=ARL_UPDATE run_id=62 node=U3 source=Authority destination=TM
event=receive timestamp_ns=1791284323278416812 workflow=ARL_UPDATE run_id=63 node=U3 source=Authority destination=TM
event=receive timestamp_ns=1791284324818142925 workflow=ARL_UPDATE run_id=64 node=U3 source=Authority destination=TM
event=receive timestamp_ns=1791284326354057886 workflow=ARL_UPDATE run_id=65 node=U3 source=Authority destination=TM
event=receive timestamp_ns=1791284327886338964 workflow=ARL_UPDATE run_id=66 node=U3 source=Authority destination=TM
event=receive timestamp_ns=1791284329426803250 workflow=ARL_UPDATE run_id=67 node=U3 source=Authority destination=TM
event=receive timestamp_ns=1791284330962891971 workflow=ARL_UPDATE run_id=68 node=U3 source=Authority destination=TM
event=receive timestamp_ns=1791284332531104210 workflow=ARL_UPDATE run_id=69 node=U3 source=Authority destination=TM
event=receive timestamp_ns=1791284334093414243 workflow=ARL_UPDATE run_id=70 node=U3 source=Authority destination=TM
event=receive timestamp_ns=1791284335402736503 workflow=KEY_REQUEST run_id=bench_h4_key_w1 node=U3 source=TM4 destination=TM
event=receive timestamp_ns=1791284338762704469 workflow=KEY_REQUEST run_id=bench_h4_key_w2 node=U3 source=TM4 destination=TM
event=receive timestamp_ns=1791284343242702960 workflow=KEY_REQUEST run_id=bench_h4_key_w3 node=U3 source=TM4 destination=TM
event=receive timestamp_ns=1791284347179146255 workflow=KEY_REQUEST run_id=bench_h4_key_w4 node=U3 source=TM4 destination=TM
event=receive timestamp_ns=1791284349646797308 workflow=KEY_REQUEST run_id=bench_h4_key_w5 node=U3 source=TM4 destination=TM
event=receive timestamp_ns=1791284352587301698 workflow=KEY_REQUEST run_id=bench_h4_key_001 node=U3 source=TM4 destination=TM
event=receive timestamp_ns=1791284356558463354 workflow=KEY_REQUEST run_id=bench_h4_key_002 node=U3 source=TM4 destination=TM
event=receive timestamp_ns=1791284359499059917 workflow=KEY_REQUEST run_id=bench_h4_key_003 node=U3 source=TM4 destination=TM
event=receive timestamp_ns=1791284363466817988 workflow=KEY_REQUEST run_id=bench_h4_key_004 node=U3 source=TM4 destination=TM
event=receive timestamp_ns=1791284366346985715 workflow=KEY_REQUEST run_id=bench_h4_key_005 node=U3 source=TM4 destination=TM
event=receive timestamp_ns=1791284370378705892 workflow=KEY_REQUEST run_id=bench_h4_key_006 node=U3 source=TM4 destination=TM
event=receive timestamp_ns=1791284376459147051 workflow=KEY_REQUEST run_id=bench_h4_key_007 node=U3 source=TM4 destination=TM
event=receive timestamp_ns=1791284379403244314 workflow=KEY_REQUEST run_id=bench_h4_key_008 node=U3 source=TM4 destination=TM
event=receive timestamp_ns=1791284384458647810 workflow=KEY_REQUEST run_id=bench_h4_key_009 node=U3 source=TM4 destination=TM
event=receive timestamp_ns=1791284388426964791 workflow=KEY_REQUEST run_id=bench_h4_key_010 node=U3 source=TM4 destination=TM
event=receive timestamp_ns=1791284393450680819 workflow=KEY_REQUEST run_id=bench_h4_key_011 node=U3 source=TM4 destination=TM
event=receive timestamp_ns=1791284396394873572 workflow=KEY_REQUEST run_id=bench_h4_key_012 node=U3 source=TM4 destination=TM
event=receive timestamp_ns=1791284401451871838 workflow=KEY_REQUEST run_id=bench_h4_key_013 node=U3 source=TM4 destination=TM
event=receive timestamp_ns=1791284404458706818 workflow=KEY_REQUEST run_id=bench_h4_key_014 node=U3 source=TM4 destination=TM
event=receive timestamp_ns=1791284408458706745 workflow=KEY_REQUEST run_id=bench_h4_key_015 node=U3 source=TM4 destination=TM
event=receive timestamp_ns=1791284411406863458 workflow=KEY_REQUEST run_id=bench_h4_key_016 node=U3 source=TM4 destination=TM
event=receive timestamp_ns=1791284415818623419 workflow=KEY_REQUEST run_id=bench_h4_key_017 node=U3 source=TM4 destination=TM
event=receive timestamp_ns=1791284419787045358 workflow=KEY_REQUEST run_id=bench_h4_key_018 node=U3 source=TM4 destination=TM
event=receive timestamp_ns=1791284423758859712 workflow=KEY_REQUEST run_id=bench_h4_key_019 node=U3 source=TM4 destination=TM
event=receive timestamp_ns=1791284427246787480 workflow=KEY_REQUEST run_id=bench_h4_key_020 node=U3 source=TM4 destination=TM
event=receive timestamp_ns=1791284430698897816 workflow=KEY_REQUEST run_id=bench_h4_key_021 node=U3 source=TM4 destination=TM
event=receive timestamp_ns=1791284433643040277 workflow=KEY_REQUEST run_id=bench_h4_key_022 node=U3 source=TM4 destination=TM
event=receive timestamp_ns=1791284437675350402 workflow=KEY_REQUEST run_id=bench_h4_key_023 node=U3 source=TM4 destination=TM
event=receive timestamp_ns=1791284441611490542 workflow=KEY_REQUEST run_id=bench_h4_key_024 node=U3 source=TM4 destination=TM
event=receive timestamp_ns=1791284444490673943 workflow=KEY_REQUEST run_id=bench_h4_key_025 node=U3 source=TM4 destination=TM
event=receive timestamp_ns=1791284448910647434 workflow=KEY_REQUEST run_id=bench_h4_key_026 node=U3 source=TM4 destination=TM
event=receive timestamp_ns=1791284453390741347 workflow=KEY_REQUEST run_id=bench_h4_key_027 node=U3 source=TM4 destination=TM
event=receive timestamp_ns=1791284457898745970 workflow=KEY_REQUEST run_id=bench_h4_key_028 node=U3 source=TM4 destination=TM
event=receive timestamp_ns=1791284460746801636 workflow=KEY_REQUEST run_id=bench_h4_key_029 node=U3 source=TM4 destination=TM
event=receive timestamp_ns=1791284464651042809 workflow=KEY_REQUEST run_id=bench_h4_key_030 node=U3 source=TM4 destination=TM
