event=receive timestamp_ns=1791284167946675215 workflow=KEY_REQUEST run_id=bench_h4_setup node=U5 source=TM4 destination=TM
event=receive timestamp_ns=1791284171442469118 workflow=CT_SHARE run_id=1 node=U5 source=TM4 destination=TM
event=receive timestamp_ns=1791284172977859553 workflow=CT_SHARE run_id=2 node=U5 source=TM4 destination=TM
event=receive timestamp_ns=1791284174578370104 workflow=CT_SHARE run_id=3 node=U5 source=TM4 destination=TM
event=receive timestamp_ns=1791284176209771709 workflow=CT_SHARE run_id=4 node=U5 source=TM4 destination=TM
event=receive timestamp_ns=1791284177810861061 workflow=CT_SHARE run_id=5 node=U5 source=TM4 destination=TM
event=receive timestamp_ns=1791284179380232119 workflow=CT_SHARE run_id=6 node=U5 source=TM4 destination=TM
event=receive timestamp_ns=1791284180947155854 workflow=CT_SHARE run_id=7 node=U5 source=TM4 destination=TM
event=receive timestamp_ns=1791284182485705385 workflow=CT_SHARE run_id=8 node=U5 source=TM4 destination=TM
event=receive timestamp_ns=1791284184050883652 workflow=CT_SHARE run_id=9 node=U5 source=TM4 destination=TM
event=receive timestamp_ns=1791284185590335876 workflow=CT_SHARE run_id=10 node=U5 source=TM4 destination=TM
event=receive timestamp_ns=1791284187217719918 workflow=CT_SHARE run_id=11 node=U5 source=TM4 destination=TM
event=receive timestamp_ns=1791284188753613948 workflow=CT_SHARE run_id=12 node=U5 source=TM4 destination=TM
event=receive timestamp_ns=1791284190292349462 workflow=CT_SHARE run_id=13 node=U5 source=TM4 destination=TM
event=receive timestamp_ns=1791284191858364009 workflow=CT_SHARE run_id=14 node=U5 source=TM4 destination=TM
event=receive timestamp_ns=1791284193425790538 workflow=CT_SHARE run_id=15 node=U5 source=TM4 destination=TM
event=receive timestamp_ns=1791284194993764986 workflow=CT_SHARE run_id=16 node=U5 source=TM4 destination=TM
event=receive timestamp_ns=1791284196561841695 workflow=CT_SHARE run_id=17 node=U5 source=TM4 destination=TM
event=receive timestamp_ns=1791284198163428417 workflow=CT_SHARE run_id=18 node=U5 source=TM4 destination=TM
event=receive timestamp_ns=1791284199700243116 workflow=CT_SHARE run_id=19 node=U5 source=TM4 destination=TM
event=receive timestamp_ns=1791284201236506572 workflow=CT_SHARE run_id=20 node=U5 source=TM4 destination=TM
event=receive timestamp_ns=1791284202769707323 workflow=CT_SHARE run_id=21 node=U5 source=TM4 destination=TM
event=receive timestamp_ns=1791284204310349767 workflow=CT_SHARE run_id=22 node=U5 source=TM4 destination=TM
event=receive timestamp_ns=1791284205874231529 workflow=CT_SHARE run_id=23 node=U5 source=TM4 destination=TM
event=receive timestamp_ns=1791284207442236119 workflow=CT_SHARE run_id=24 node=U5 source=TM4 destination=TM
event=receive timestamp_ns=1791284209011450411 workflow=CT_SHARE run_id=25 node=U5 source=TM4 destination=TM
event=receive timestamp_ns=1791284210581424702 workflow=CT_SHARE run_id=26 node=U5 source=TM4 destination=TM
event=receive timestamp_ns=1791284212145745352 workflow=CT_SHARE run_id=27 node=U5 source=TM4 destination=TM
event=receive timestamp_ns=1791284213716210210 workflow=CT_SHARE run_id=28 node=U5 source=TM4 destination=TM
event=receive timestamp_ns=1791284215281863509 workflow=CT_SHARE run_id=29 node=U5 source=TM4 destination=TM
event=receive timestamp_ns=1791284216849969543 workflow=CT_SHARE run_id=30 node=U5 source=TM4 destination=TM
event=receive timestamp_ns=1791284218385409614 workflow=CT_SHARE run_id=31 node=U5 source=TM4 destination=TM
event=receive timestamp_ns=1791284219927284561 workflow=CT_SHARE run_id=32 node=U5 source=TM4 destination=TM
event=receive timestamp_ns=1791284221457596020 workflow=CT_SHARE run_id=33 node=U5 source=TM4 destination=TM
event=receive timestamp_ns=1791284223061030667 workflow=CT_SHARE run_id=34 node=U5 source=TM4 destination=TM
event=receive timestamp_ns=1791284224594365996 workflow=CT_SHARE run_id=35 node=U5 source=TM4 destination=TM
event=receive timestamp_ns=1791284227023496440 workflow=ARL_UPDATE run_id=1 node=U5 source=Authority destination=TM
event=receive timestamp_ns=1791284228526555843 workflow=ARL_UPDATE run_id=2 node=U5 source=Authority destination=TM
event=receive timestamp_ns=1791284230061524970 workflow=ARL_UPDATE run_id=3 node=U5 source=Authority destination=TM
event=receive timestamp_ns=1791284231598649915 workflow=ARL_UPDATE run_id=4 node=U5 source=Authority destination=TM
event=receive timestamp_ns=1791284233166798645 workflow=ARL_UPDATE run_id=5 node=U5 source=Authority destination=TM
event=receive timestamp_ns=1791284234766738824 workflow=ARL_UPDATE run_id=6 node=U5 source=Authority destination=TM
event=receive timestamp_ns=1791284236303431002 workflow=ARL_UPDATE run_id=7 node=U5 source=Authority destination=TM
event=receive timestamp_ns=1791284237843674985 workflow=ARL_UPDATE run_id=8 node=U5 source=Authority destination=TM
event=receive timestamp_ns=1791284239425747241 workflow=ARL_UPDATE run_id=9 node=U5 source=Authority destination=TM
event=receive timestamp_ns=1791284240978750829 workflow=ARL_UPDATE run_id=10 node=U5 source=Authority destination=TM
event=receive timestamp_ns=1791284242514130887 workflow=ARL_UPDATE run_id=11 node=U5 source=Authority destination=TM
event=receive timestamp_ns=1791284244054141336 workflow=ARL_UPDATE run_id=12 node=U5 source=Authority destination=TM
event=receive timestamp_ns=1791284245591192440 workflow=ARL_UPDATE run_id=13 node=U5 source=Authority destination=TM
event=receive timestamp_ns=1791284247126856673 workflow=ARL_UPDATE run_id=14 node=U5 source=Authority destination=TM
event=receive timestamp_ns=1791284248623569576 workflow=ARL_UPDATE run_id=15 node=U5 source=Authority destination=TM
event=receive timestamp_ns=1791284250202601906 workflow=ARL_UPDATE run_id=16 node=U5 source=Authority destination=TM
event=receive timestamp_ns=1791284251766260103 workflow=ARL_UPDATE run_id=17 node=U5 source=Authority destination=TM
event=receive timestamp_ns=1791284253301573339 workflow=ARL_UPDATE run_id=18 node=U5 source=Authority destination=TM
event=receive timestamp_ns=1791284254806007303 workflow=ARL_UPDATE run_id=19 node=U5 source=Authority destination=TM
event=receive timestamp_ns=1791284256373528632 workflow=ARL_UPDATE run_id=20 node=U5 source=Authority destination=TM
event=receive timestamp_ns=1791284257941170321 workflow=ARL_UPDATE run_id=21 node=U5 source=Authority destination=TM
event=receive timestamp_ns=1791284259502846194 workflow=ARL_UPDATE run_id=22 node=U5 source=Authority destination=TM
event=receive timestamp_ns=1791284261045262995 workflow=ARL_UPDATE run_id=23 node=U5 source=Authority destination=TM
event=receive timestamp_ns=1791284262615898092 workflow=ARL_UPDATE run_id=24 node=U5 source=Authority destination=TM
event=receive timestamp_ns=1791284264116624642 workflow=ARL_UPDATE run_id=25 node=U5 source=Authority destination=TM
event=receive timestamp_ns=1791284265691749360 workflow=ARL_UPDATE run_id=26 node=U5 source=Authority destination=TM
event=receive timestamp_ns=1791284267255651061 workflow=ARL_UPDATE run_id=27 node=U5 source=Authority destination=TM
event=receive timestamp_ns=1791284268820588848 workflow=ARL_UPDATE run_id=28 node=U5 source=Authority destination=TM
event=receive timestamp_ns=1791284270360436462 workflow=ARL_UPDATE run_id=29 node=U5 source=Authority destination=TM
event=receive timestamp_ns=1791284271890681806 workflow=ARL_UPDATE run_id=30 node=U5 source=Authority destination=TM
event=receive timestamp_ns=1791284273423648858 workflow=ARL_UPDATE run_id=31 node=U5 source=Authority destination=TM
event=receive timestamp_ns=1791284274995114715 workflow=ARL_UPDATE run_id=32 node=U5 source=Authority destination=TM
event=receive timestamp_ns=1791284276500962949 workflow=ARL_UPDATE run_id=33 node=U5 source=Authority destination=TM
event=receive timestamp_ns=1791284278040807461 workflow=ARL_UPDATE run_id=34 node=U5 source=Authority destination=TM
event=receive timestamp_ns=1791284279572762747 workflow=ARL_UPDATE run_id=35 node=U5 source=Authority destination=TM
event=receive timestamp_ns=1791284281107261558 workflow=ARL_UPDATE run_id=36 node=U5 source=Authority destination=TM
event=receive timestamp_ns=1791284282643102292 workflow=ARL_UPDATE run_id=37 node=U5 source=Authority destination=TM
event=receive timestamp_ns=1791284284181519510 workflow=ARL_UPDATE run_id=38 node=U5 source=Authority destination=TM
event=receive timestamp_ns=1791284285813690972 workflow=ARL_UPDATE run_id=39 node=U5 source=Authority destination=TM
event=receive timestamp_ns=1791284287317401013 workflow=ARL_UPDATE run_id=40 node=U5 source=Authority destination=TM
event=receive timestamp_ns=1791284288852978332 workflow=ARL_UPDATE run_id=41 node=U5 source=Authority destination=TM
event=receive timestamp_ns=1791284290385734173 workflow=ARL_UPDATE run_id=42 node=U5 source=Authority destination=TM
event=receive timestamp_ns=1791284291924868863 workflow=ARL_UPDATE run_id=43 node=U5 source=Authority destination=TM
event=receive timestamp_ns=1791284293463733331 workflow=ARL_UPDATE run_id=44 node=U5 source=Authority destination=TM
event=receive timestamp_ns=1791284295063663697 workflow=ARL_UPDATE run_id=45 node=U5 source=Authority destination=TM
event=receive timestamp_ns=1791284296630153717 workflow=ARL_UPDATE run_id=46 node=U5 source=Authority destination=TM
event=receive timestamp_ns=1791284298161395203 workflow=ARL_UPDATE run_id=47 node=U5 source=Authority destination=TM
event=receive timestamp_ns=1791284299700026573 workflow=ARL_UPDATE run_id=48 node=U5 source=Authority destination=TM
event=receive timestamp_ns=1791284301274103520 workflow=ARL_UPDATE run_id=49 node=U5 source=Authority destination=TM
event=receive timestamp_ns=1791284302778908997 workflow=ARL_UPDATE run_id=50 node=U5 source=Authority destination=TM
event=receive timestamp_ns=1791284304309825087 workflow=ARL_UPDATE run_id=51 node=U5 source=Authority destination=TM
event=receive timestamp_ns=1791284305844172346 workflow=ARL_UPDATE run_id=52 node=U5 source=Authority destination=TM
event=receive timestamp_ns=1791284307378936555 workflow=ARL_UPDATE run_id=53 node=U5 source=Authority destination=TM
event=receive timestamp_ns=1791284308949865408 workflow=ARL_UPDATE run_id=54 node=U5 source=Authority destination=TM
event=receive timestamp_ns=1791284310518908911 workflow=ARL_UPDATE run_id=55 node=U5 source=Authority destination=TM
event=receive timestamp_ns=1791284312054787695 workflow=ARL_UPDATE run_id=56 node=U5 source=Authority destination=TM
event=receive timestamp_ns=1791284313590881357 workflow=ARL_UPDATE run_id=57 node=U5 source=Authority destination=TM
event=receive timestamp_ns=1791284315156585587 workflow=ARL_UPDATE run_id=58 node=U5 source=Authority destination=TM
event=receive timestamp_ns=1791284316725624268 workflow=ARL_UPDATE run_id=59 node=U5 source=Authority destination=TM
event=receive timestamp_ns=1791284318317343280 workflow=ARL_UPDATE run_id=60 node=U5 source=Authority destination=TM
event=receive timestamp_ns=1791284319926246647 workflow=ARL_UPDATE run_id=61 node=U5 source=Authority destination=TM
event=receive timestamp_ns=1791284321394203818 workflow=ARL_UPDATE run_id=62 node=U5 source=Authority destination=TM
event=receive timestamp_ns=1791284322959950090 workflow=ARL_UPDATE run_id=63 node=U5 source=Authority destination=TM
event=receive timestamp_ns=1791284324495605282 workflow=ARL_UPDATE run_id=64 node=U5 source=Authority destination=TM
event=receive timestamp_ns=1791284326007945937 workflow=ARL_UPDATE run_id=65 node=U5 source=Authority destination=TM
event=receive timestamp_ns=1791284327537524589 workflow=ARL_UPDATE run_id=66 node=U5 source=Authority destination=TM
event=receive timestamp_ns=1791284329073825874 workflow=ARL_UPDATE run_id=67 node=U5 source=Authority destination=TM
event=receive timestamp_ns=1791284330648181006 workflow=ARL_UPDATE run_id=68 node=U5 source=Authority destination=TM
event=receive timestamp_ns=1791284332178643259 workflow=ARL_UPDATE run_id=69 node=U5 source=Authority destination=TM
event=receive timestamp_ns=1791284333777810839 workflow=ARL_UPDATE run_id=70 node=U5 source=Authority destination=TM
event=receive timestamp_ns=1791284335402639848 workflow=KEY_REQUEST run_id=bench_h4_key_w1 node=U5 source=TM4 destination=TM
event=receive timestamp_ns=1791284338762747926 workflow=KEY_REQUEST run_id=bench_h4_key_w2 node=U5 source=TM4 destination=TM
event=receive timestamp_ns=1791284343214765611 workflow=KEY_REQUEST run_id=bench_h4_key_w3 node=U5 source=TM4 destination=TM
event=receive timestamp_ns=1791284347179138759 workflow=KEY_REQUEST run_id=bench_h4_key_w4 node=U5 source=TM4 destination=TM
event=receive timestamp_ns=1791284349674828159 workflow=KEY_REQUEST run_id=bench_h4_key_w5 node=U5 source=TM4 destination=TM
event=receive timestamp_ns=1791284353194821330 workflow=KEY_REQUEST run_id=bench_h4_key_001 node=U5 source=TM4 destination=TM
event=receive timestamp_ns=1791284356650618861 workflow=KEY_REQUEST run_id=bench_h4_key_002 node=U5 source=TM4 destination=TM
event=receive timestamp_ns=1791284360106812426 workflow=KEY_REQUEST run_id=bench_h4_key_003 node=U5 source=TM4 destination=TM
event=receive timestamp_ns=1791284362954975803 workflow=KEY_REQUEST run_id=bench_h4_key_004 node=U5 source=TM4 destination=TM
event=receive timestamp_ns=1791284366347091132 workflow=KEY_REQUEST run_id=bench_h4_key_005 node=U5 source=TM4 destination=TM
event=receive timestamp_ns=1791284370986755418 workflow=KEY_REQUEST run_id=bench_h4_key_006 node=U5 source=TM4 destination=TM
event=receive timestamp_ns=1791284375914602020 workflow=KEY_REQUEST run_id=bench_h4_key_007 node=U5 source=TM4 destination=TM
event=receive timestamp_ns=1791284379403111304 workflow=KEY_REQUEST run_id=bench_h4_key_008 node=U5 source=TM4 destination=TM
event=receive timestamp_ns=1791284384427099366 workflow=KEY_REQUEST run_id=bench_h4_key_009 node=U5 source=TM4 destination=TM
event=receive timestamp_ns=1791284388426964160 workflow=KEY_REQUEST run_id=bench_h4_key_010 node=U5 source=TM4 destination=TM
event=receive timestamp_ns=1791284393450820818 workflow=KEY_REQUEST run_id=bench_h4_key_011 node=U5 source=TM4 destination=TM
event=receive timestamp_ns=1791284396939438043 workflow=KEY_REQUEST run_id=bench_h4_key_012 node=U5 source=TM4 destination=TM
event=receive timestamp_ns=1791284400939125475 workflow=KEY_REQUEST run_id=bench_h4_key_013 node=U5 source=TM4 destination=TM
event=receive timestamp_ns=1791284404426948811 workflow=KEY_REQUEST run_id=bench_h4_key_014 node=U5 source=TM4 destination=TM
event=receive timestamp_ns=1791284407947269916 workflow=KEY_REQUEST run_id=bench_h4_key_015 node=U5 source=TM4 destination=TM
event=receive timestamp_ns=1791284411915189932 workflow=KEY_REQUEST run_id=bench_h4_key_016 node=U5 source=TM4 destination=TM
event=receive timestamp_ns=1791284415307214970 workflow=KEY_REQUEST run_id=bench_h4_key_017 node=U5 source=TM4 destination=TM
event=receive timestamp_ns=1791284420298932639 workflow=KEY_REQUEST run_id=bench_h4_key_018 node=U5 source=TM4 destination=TM
event=receive timestamp_ns=1791284423851113553 workflow=KEY_REQUEST run_id=bench_h4_key_019 node=U5 source=TM4 destination=TM
event=receive timestamp_ns=1791284427311073949 workflow=KEY_REQUEST run_id=bench_h4_key_020 node=U5 source=TM4 destination=TM
event=receive timestamp_ns=1791284430794958759 workflow=KEY_REQUEST run_id=bench_h4_key_021 node=U5 source=TM4 destination=TM
event=receive timestamp_ns=1791284434250665867 workflow=KEY_REQUEST run_id=bench_h4_key_022 node=U5 source=TM4 destination=TM
event=receive timestamp_ns=1791284437707175893 workflow=KEY_REQUEST run_id=bench_h4_key_023 node=U5 source=TM4 destination=TM
event=receive timestamp_ns=1791284441611461154 workflow=KEY_REQUEST run_id=bench_h4_key_024 node=U5 source=TM4 destination=TM
event=receive timestamp_ns=1791284445006920144 workflow=KEY_REQUEST run_id=bench_h4_key_025 node=U5 source=TM4 destination=TM
event=receive timestamp_ns=1791284448395049621 workflow=KEY_REQUEST run_id=bench_h4_key_026 node=U5 source=TM4 destination=TM
event=receive timestamp_ns=1791284453391237935 workflow=KEY_REQUEST run_id=bench_h4_key_027 node=U5 source=TM4 destination=TM
event=receive timestamp_ns=1791284457354853419 workflow=KEY_REQUEST run_id=bench_h4_key_028 node=U5 source=TM4 destination=TM
event=receive timestamp_ns=1791284460267179277 workflow=KEY_REQUEST run_id=bench_h4_key_029 node=U5 source=TM4 destination=TM
event=receive timestamp_ns=1791284464138834605 workflow=KEY_REQUEST run_id=bench_h4_key_030 node=U5 source=TM4 destination=TM
