event=send timestamp_ns=1791282706897151086 workflow=KEY_RESPONSE run_id=bench_h5_setup node=Authority source=Authority destination=bench_h5_setup
event=receive timestamp_ns=1791282707914813762 workflow=KEY_REQUEST run_id=bench_h5_setup node=Authority source=TM5 destination=TM
event=receive timestamp_ns=1791282710598552373 workflow=CT_SHARE run_id=1 node=Authority source=TM5 destination=TM
event=receive timestamp_ns=1791282712166627443 workflow=CT_SHARE run_id=2 node=Authority source=TM5 destination=TM
event=receive timestamp_ns=1791282713671389818 workflow=CT_SHARE run_id=3 node=Authority source=TM5 destination=TM
event=receive timestamp_ns=1791282715245995187 workflow=CT_SHARE run_id=4 node=Authority source=TM5 destination=TM
event=receive timestamp_ns=1791282716770441972 workflow=CT_SHARE run_id=5 node=Authority source=TM5 destination=TM
event=receive timestamp_ns=1791282718303549537 workflow=CT_SHARE run_id=6 node=Authority source=TM5 destination=TM
event=receive timestamp_ns=1791282719844529160 workflow=CT_SHARE run_id=7 node=Authority source=TM5 destination=TM
event=receive timestamp_ns=1791282721381221957 workflow=CT_SHARE run_id=8 node=Authority source=TM5 destination=TM
event=receive timestamp_ns=1791282722881009708 workflow=CT_SHARE run_id=9 node=Authority source=TM5 destination=TM
event=receive timestamp_ns=1791282724450125489 workflow=CT_SHARE run_id=10 node=Authority source=TM5 destination=TM
event=receive timestamp_ns=1791282725992673617 workflow=CT_SHARE run_id=11 node=Authority source=TM5 destination=TM
event=receive timestamp_ns=1791282727527753546 workflow=CT_SHARE run_id=12 node=Authority source=TM5 destination=TM
event=receive timestamp_ns=1791282729121814409 workflow=CT_SHARE run_id=13 node=Authority source=TM5 destination=TM
event=receive timestamp_ns=1791282730640444406 workflow=CT_SHARE run_id=14 node=Authority source=TM5 destination=TM
event=receive timestamp_ns=1791282732165932268 workflow=CT_SHARE run_id=15 node=Authority source=TM5 destination=TM
event=receive timestamp_ns=1791282733738605468 workflow=CT_SHARE run_id=16 node=Authority source=TM5 destination=TM
event=receive timestamp_ns=1791282735268017562 workflow=CT_SHARE run_id=17 node=Authority source=TM5 destination=TM
event=receive timestamp_ns=1791282736769547925 workflow=CT_SHARE run_id=18 node=Authority source=TM5 destination=TM
event=receive timestamp_ns=1791282738313453272 workflow=CT_SHARE run_id=19 node=Authority source=TM5 destination=TM
event=receive timestamp_ns=1791282739847606258 workflow=CT_SHARE run_id=20 node=Authority source=TM5 destination=TM
event=receive timestamp_ns=1791282741375960614 workflow=CT_SHARE run_id=21 node=Authority source=TM5 destination=TM
event=receive timestamp_ns=1791282743011308521 workflow=CT_SHARE run_id=22 node=Authority source=TM5 destination=TM
event=receive timestamp_ns=1791282744521313146 workflow=CT_SHARE run_id=23 node=Authority source=TM5 destination=TM
event=receive timestamp_ns=1791282746057568867 workflow=CT_SHARE run_id=24 node=Authority source=TM5 destination=TM
event=receive timestamp_ns=1791282747622370397 workflow=CT_SHARE run_id=25 node=Authority source=TM5 destination=TM
event=receive timestamp_ns=1791282749160021533 workflow=CT_SHARE run_id=26 node=Authority source=TM5 destination=TM
event=receive timestamp_ns=1791282750671086095 workflow=CT_SHARE run_id=27 node=Authority source=TM5 destination=TM
event=receive timestamp_ns=1791282752231128888 workflow=CT_SHARE run_id=28 node=Authority source=TM5 destination=TM
event=receive timestamp_ns=1791282753736247532 workflow=CT_SHARE run_id=29 node=Authority source=TM5 destination=TM
event=receive timestamp_ns=1791282755370577034 workflow=CT_SHARE run_id=30 node=Authority source=TM5 destination=TM
event=receive timestamp_ns=1791282756869616615 workflow=CT_SHARE run_id=31 node=Authority source=TM5 destination=TM
event=receive timestamp_ns=1791282758443033744 workflow=CT_SHARE run_id=32 node=Authority source=TM5 destination=TM
event=receive timestamp_ns=1791282759981823471 workflow=CT_SHARE run_id=33 node=Authority source=TM5 destination=TM
event=receive timestamp_ns=1791282761483083966 workflow=CT_SHARE run_id=34 node=Authority source=TM5 destination=TM
event=receive timestamp_ns=1791282763043679187 workflow=CT_SHARE run_id=35 node=Authority source=TM5 destination=TM
event=send timestamp_ns=1791282763128166134 workflow=ARL_UPDATE run_id=1 node=Authority source=Authority destination=TM
event=send timestamp_ns=1791282764677019386 workflow=ARL_UPDATE run_id=2 node=Authority source=Authority destination=TM
event=send timestamp_ns=1791282766426573141 workflow=ARL_UPDATE run_id=3 node=Authority source=Authority destination=TM
event=send timestamp_ns=1791282769076950879 workflow=ARL_UPDATE run_id=4 node=Authority source=Authority destination=TM
event=send timestamp_ns=1791282771731699638 workflow=ARL_UPDATE run_id=5 node=Authority source=Authority destination=TM
event=send timestamp_ns=1791282774178076654 workflow=ARL_UPDATE run_id=6 node=Authority source=Authority destination=TM
event=send timestamp_ns=1791282775751771581 workflow=ARL_UPDATE run_id=7 node=Authority source=Authority destination=TM
event=send timestamp_ns=1791282777288653855 workflow=ARL_UPDATE run_id=8 node=Authority source=Authority destination=TM
event=send timestamp_ns=1791282778819553602 workflow=ARL_UPDATE run_id=9 node=Authority source=Authority destination=TM
event=send timestamp_ns=1791282780360869005 workflow=ARL_UPDATE run_id=10 node=Authority source=Authority destination=TM
event=send timestamp_ns=1791282781890528189 workflow=ARL_UPDATE run_id=11 node=Authority source=Authority destination=TM
event=send timestamp_ns=1791282783431253748 workflow=ARL_UPDATE run_id=12 node=Authority source=Authority destination=TM
event=send timestamp_ns=1791282784966260953 workflow=ARL_UPDATE run_id=13 node=Authority source=Authority destination=TM
event=send timestamp_ns=1791282786501570729 workflow=ARL_UPDATE run_id=14 node=Authority source=Authority destination=TM
event=send timestamp_ns=1791282788245859253 workflow=ARL_UPDATE run_id=15 node=Authority source=Authority destination=TM
event=send timestamp_ns=1791282790697057918 workflow=ARL_UPDATE run_id=16 node=Authority source=Authority destination=TM
event=send timestamp_ns=1791282792230194809 workflow=ARL_UPDATE run_id=17 node=Authority source=Authority destination=TM
event=send timestamp_ns=1791282793758385570 workflow=ARL_UPDATE run_id=18 node=Authority source=Authority destination=TM
event=send timestamp_ns=1791282795302007939 workflow=ARL_UPDATE run_id=19 node=Authority source=Authority destination=TM
event=send timestamp_ns=1791282796831805934 workflow=ARL_UPDATE run_id=20 node=Authority source=Authority destination=TM
event=send timestamp_ns=1791282798373497278 workflow=ARL_UPDATE run_id=21 node=Authority source=Authority destination=TM
event=send timestamp_ns=1791282799908306656 workflow=ARL_UPDATE run_id=22 node=Authority source=Authority destination=TM
event=send timestamp_ns=1791282801441566878 workflow=ARL_UPDATE run_id=23 node=Authority source=Authority destination=TM
event=send timestamp_ns=1791282802983437644 workflow=ARL_UPDATE run_id=24 node=Authority source=Authority destination=TM
event=send timestamp_ns=1791282804524046931 workflow=ARL_UPDATE run_id=25 node=Authority source=Authority destination=TM
event=send timestamp_ns=1791282806261296391 workflow=ARL_UPDATE run_id=26 node=Authority source=Authority destination=TM
event=send timestamp_ns=1791282808710510183 workflow=ARL_UPDATE run_id=27 node=Authority source=Authority destination=TM
event=send timestamp_ns=1791282810252775487 workflow=ARL_UPDATE run_id=28 node=Authority source=Authority destination=TM
event=send timestamp_ns=1791282811790120628 workflow=ARL_UPDATE run_id=29 node=Authority source=Authority destination=TM
event=send timestamp_ns=1791282813320847455 workflow=ARL_UPDATE run_id=30 node=Authority source=Authority destination=TM
event=send timestamp_ns=1791282814859208771 workflow=ARL_UPDATE run_id=31 node=Authority source=Authority destination=TM
event=send timestamp_ns=1791282816394217883 workflow=ARL_UPDATE run_id=32 node=Authority source=Authority destination=TM
event=send timestamp_ns=1791282817929199413 workflow=ARL_UPDATE run_id=33 node=Authority source=Authority destination=TM
event=send timestamp_ns=1791282819464638793 workflow=ARL_UPDATE run_id=34 node=Authority source=Authority destination=TM
event=send timestamp_ns=1791282820996858128 workflow=ARL_UPDATE run_id=35 node=Authority source=Authority destination=TM
event=send timestamp_ns=1791282822527887718 workflow=ARL_UPDATE run_id=36 node=Authority source=Authority destination=TM
event=send timestamp_ns=1791282824067376928 workflow=ARL_UPDATE run_id=37 node=Authority source=Authority destination=TM
event=send timestamp_ns=1791282825608195756 workflow=ARL_UPDATE run_id=38 node=Authority source=Authority destination=TM
event=send timestamp_ns=1791282827141468060 workflow=ARL_UPDATE run_id=39 node=Authority source=Authority destination=TM
event=send timestamp_ns=1791282828671606611 workflow=ARL_UPDATE run_id=40 node=Authority source=Authority destination=TM
event=send timestamp_ns=1791282830210193444 workflow=ARL_UPDATE run_id=41 node=Authority source=Authority destination=TM
event=send timestamp_ns=1791282831753562588 workflow=ARL_UPDATE run_id=42 node=Authority source=Authority destination=TM
event=send timestamp_ns=1791282833289765221 workflow=ARL_UPDATE run_id=43 node=Authority source=Authority destination=TM
event=send timestamp_ns=1791282834822709003 workflow=ARL_UPDATE run_id=44 node=Authority source=Authority destination=TM
event=send timestamp_ns=1791282836557474020 workflow=ARL_UPDATE run_id=45 node=Authority source=Authority destination=TM
event=send timestamp_ns=1791282839010286155 workflow=ARL_UPDATE run_id=46 node=Authority source=Authority destination=TM
event=send timestamp_ns=1791282840552320367 workflow=ARL_UPDATE run_id=47 node=Authority source=Authority destination=TM
event=send timestamp_ns=1791282842081253897 workflow=ARL_UPDATE run_id=48 node=Authority source=Authority destination=TM
event=send timestamp_ns=1791282843625997537 workflow=ARL_UPDATE run_id=49 node=Authority source=Authority destination=TM
event=send timestamp_ns=1791282845152376748 workflow=ARL_UPDATE run_id=50 node=Authority source=Authority destination=TM
event=send timestamp_ns=1791282846695683281 workflow=ARL_UPDATE run_id=51 node=Authority source=Authority destination=TM
event=send timestamp_ns=1791282848231764930 workflow=ARL_UPDATE run_id=52 node=Authority source=Authority destination=TM
event=send timestamp_ns=1791282849772667283 workflow=ARL_UPDATE run_id=53 node=Authority source=Authority destination=TM
event=send timestamp_ns=1791282851304695180 workflow=ARL_UPDATE run_id=54 node=Authority source=Authority destination=TM
event=send timestamp_ns=1791282852840277573 workflow=ARL_UPDATE run_id=55 node=Authority source=Authority destination=TM
event=send timestamp_ns=1791282854376051946 workflow=ARL_UPDATE run_id=56 node=Authority source=Authority destination=TM
event=send timestamp_ns=1791282855907771453 workflow=ARL_UPDATE run_id=57 node=Authority source=Authority destination=TM
event=send timestamp_ns=1791282857453323510 workflow=ARL_UPDATE run_id=58 node=Authority source=Authority destination=TM
event=send timestamp_ns=1791282858981693620 workflow=ARL_UPDATE run_id=59 node=Authority source=Authority destination=TM
event=send timestamp_ns=1791282860525957987 workflow=ARL_UPDATE run_id=60 node=Authority source=Authority destination=TM
event=send timestamp_ns=1791282862054007702 workflow=ARL_UPDATE run_id=61 node=Authority source=Authority destination=TM
event=send timestamp_ns=1791282863591765965 workflow=ARL_UPDATE run_id=62 node=Authority source=Authority destination=TM
event=send timestamp_ns=1791282865125530274 workflow=ARL_UPDATE run_id=63 node=Authority source=Authority destination=TM
event=send timestamp_ns=1791282866668123317 workflow=ARL_UPDATE run_id=64 node=Authority source=Authority destination=TM
event=send timestamp_ns=1791282868197749095 workflow=ARL_UPDATE run_id=65 node=Authority source=Authority destination=TM
event=send timestamp_ns=1791282869728843026 workflow=ARL_UPDATE run_id=66 node=Authority source=Authority destination=TM
event=send timestamp_ns=1791282871269942741 workflow=ARL_UPDATE run_id=67 node=Authority source=Authority destination=TM
event=send timestamp_ns=1791282873013358915 workflow=ARL_UPDATE run_id=68 node=Authority source=Authority destination=TM
event=send timestamp_ns=1791282875469266314 workflow=ARL_UPDATE run_id=69 node=Authority source=Authority destination=TM
event=send timestamp_ns=1791282877062661059 workflow=ARL_UPDATE run_id=70 node=Authority source=Authority destination=TM
event=send timestamp_ns=1791282880115911279 workflow=KEY_RESPONSE run_id=bench_h5_key_w1 node=Authority source=Authority destination=bench_h5_key_w1
event=receive timestamp_ns=1791282881130860254 workflow=KEY_REQUEST run_id=bench_h5_key_w1 node=Authority source=TM5 destination=TM
event=send timestamp_ns=1791282883700500787 workflow=KEY_RESPONSE run_id=bench_h5_key_w2 node=Authority source=Authority destination=bench_h5_key_w2
event=receive timestamp_ns=1791282884714492968 workflow=KEY_REQUEST run_id=bench_h5_key_w2 node=Authority source=TM5 destination=TM
event=send timestamp_ns=1791282887284260421 workflow=KEY_RESPONSE run_id=bench_h5_key_w3 node=Authority source=Authority destination=bench_h5_key_w3
event=receive timestamp_ns=1791282888298796433 workflow=KEY_REQUEST run_id=bench_h5_key_w3 node=Authority source=TM5 destination=TM
event=send timestamp_ns=1791282890897186354 workflow=KEY_RESPONSE run_id=bench_h5_key_w4 node=Authority source=Authority destination=bench_h5_key_w4
event=receive timestamp_ns=1791282891914463037 workflow=KEY_REQUEST run_id=bench_h5_key_w4 node=Authority source=TM5 destination=TM
event=send timestamp_ns=1791282894450342701 workflow=KEY_RESPONSE run_id=bench_h5_key_w5 node=Authority source=Authority destination=bench_h5_key_w5
event=receive timestamp_ns=1791282895466972587 workflow=KEY_REQUEST run_id=bench_h5_key_w5 node=Authority source=TM5 destination=TM
event=send timestamp_ns=1791282898033845766 workflow=KEY_RESPONSE run_id=bench_h5_key_001 node=Authority source=Authority destination=bench_h5_key_001
event=receive timestamp_ns=1791282899050497758 workflow=KEY_REQUEST run_id=bench_h5_key_001 node=Authority source=TM5 destination=TM
event=send timestamp_ns=1791282901584403949 workflow=KEY_RESPONSE run_id=bench_h5_key_002 node=Authority source=Authority destination=bench_h5_key_002
event=receive timestamp_ns=1791282902602584342 workflow=KEY_REQUEST run_id=bench_h5_key_002 node=Authority source=TM5 destination=TM
event=send timestamp_ns=1791282905136232515 workflow=KEY_RESPONSE run_id=bench_h5_key_003 node=Authority source=Authority destination=bench_h5_key_003
event=receive timestamp_ns=1791282906154444540 workflow=KEY_REQUEST run_id=bench_h5_key_003 node=Authority source=TM5 destination=TM
event=send timestamp_ns=1791282909780388220 workflow=KEY_RESPONSE run_id=bench_h5_key_004 node=Authority source=Authority destination=bench_h5_key_004
event=receive timestamp_ns=1791282910826734030 workflow=KEY_REQUEST run_id=bench_h5_key_004 node=Authority source=TM5 destination=TM
event=send timestamp_ns=1791282913393260688 workflow=KEY_RESPONSE run_id=bench_h5_key_005 node=Authority source=Authority destination=bench_h5_key_005
event=receive timestamp_ns=1791282914410664930 workflow=KEY_REQUEST run_id=bench_h5_key_005 node=Authority source=TM5 destination=TM
event=send timestamp_ns=1791282917014908476 workflow=KEY_RESPONSE run_id=bench_h5_key_006 node=Authority source=Authority destination=bench_h5_key_006
event=receive timestamp_ns=1791282918058654472 workflow=KEY_REQUEST run_id=bench_h5_key_006 node=Authority source=TM5 destination=TM
event=send timestamp_ns=1791282920655219731 workflow=KEY_RESPONSE run_id=bench_h5_key_007 node=Authority source=Authority destination=bench_h5_key_007
event=receive timestamp_ns=1791282921674684181 workflow=KEY_REQUEST run_id=bench_h5_key_007 node=Authority source=TM5 destination=TM
event=send timestamp_ns=1791282925263754352 workflow=KEY_RESPONSE run_id=bench_h5_key_008 node=Authority source=Authority destination=bench_h5_key_008
event=receive timestamp_ns=1791282926282737881 workflow=KEY_REQUEST run_id=bench_h5_key_008 node=Authority source=TM5 destination=TM
event=send timestamp_ns=1791282928817026081 workflow=KEY_RESPONSE run_id=bench_h5_key_009 node=Authority source=Authority destination=bench_h5_key_009
event=receive timestamp_ns=1791282929834767128 workflow=KEY_REQUEST run_id=bench_h5_key_009 node=Authority source=TM5 destination=TM
event=send timestamp_ns=1791282933428273240 workflow=KEY_RESPONSE run_id=bench_h5_key_010 node=Authority source=Authority destination=bench_h5_key_010
event=receive timestamp_ns=1791282934443071906 workflow=KEY_REQUEST run_id=bench_h5_key_010 node=Authority source=TM5 destination=TM
event=send timestamp_ns=1791282936980133533 workflow=KEY_RESPONSE run_id=bench_h5_key_011 node=Authority source=Authority destination=bench_h5_key_011
event=receive timestamp_ns=1791282937994499646 workflow=KEY_REQUEST run_id=bench_h5_key_011 node=Authority source=TM5 destination=TM
event=send timestamp_ns=1791282940530452148 workflow=KEY_RESPONSE run_id=bench_h5_key_012 node=Authority source=Authority destination=bench_h5_key_012
event=receive timestamp_ns=1791282941546527650 workflow=KEY_REQUEST run_id=bench_h5_key_012 node=Authority source=TM5 destination=TM
event=send timestamp_ns=1791282944115065336 workflow=KEY_RESPONSE run_id=bench_h5_key_013 node=Authority source=Authority destination=bench_h5_key_013
event=receive timestamp_ns=1791282945130455771 workflow=KEY_REQUEST run_id=bench_h5_key_013 node=Authority source=TM5 destination=TM
event=send timestamp_ns=1791282947631143654 workflow=KEY_RESPONSE run_id=bench_h5_key_014 node=Authority source=Authority destination=bench_h5_key_014
event=receive timestamp_ns=1791282948650589895 workflow=KEY_REQUEST run_id=bench_h5_key_014 node=Authority source=TM5 destination=TM
event=send timestamp_ns=1791282951218833427 workflow=KEY_RESPONSE run_id=bench_h5_key_015 node=Authority source=Authority destination=bench_h5_key_015
event=receive timestamp_ns=1791282952234835346 workflow=KEY_REQUEST run_id=bench_h5_key_015 node=Authority source=TM5 destination=TM
event=send timestamp_ns=1791282954807198427 workflow=KEY_RESPONSE run_id=bench_h5_key_016 node=Authority source=Authority destination=bench_h5_key_016
event=receive timestamp_ns=1791282955854453854 workflow=KEY_REQUEST run_id=bench_h5_key_016 node=Authority source=TM5 destination=TM
event=send timestamp_ns=1791282959508749628 workflow=KEY_RESPONSE run_id=bench_h5_key_017 node=Authority source=Authority destination=bench_h5_key_017
event=receive timestamp_ns=1791282960558562270 workflow=KEY_REQUEST run_id=bench_h5_key_017 node=Authority source=TM5 destination=TM
event=send timestamp_ns=1791282964282250015 workflow=KEY_RESPONSE run_id=bench_h5_key_018 node=Authority source=Authority destination=bench_h5_key_018
event=receive timestamp_ns=1791282965323065886 workflow=KEY_REQUEST run_id=bench_h5_key_018 node=Authority source=TM5 destination=TM
event=send timestamp_ns=1791282967964899893 workflow=KEY_RESPONSE run_id=bench_h5_key_019 node=Authority source=Authority destination=bench_h5_key_019
event=receive timestamp_ns=1791282969002935148 workflow=KEY_REQUEST run_id=bench_h5_key_019 node=Authority source=TM5 destination=TM
event=send timestamp_ns=1791282971540594549 workflow=KEY_RESPONSE run_id=bench_h5_key_020 node=Authority source=Authority destination=bench_h5_key_020
event=receive timestamp_ns=1791282972586897708 workflow=KEY_REQUEST run_id=bench_h5_key_020 node=Authority source=TM5 destination=TM
event=send timestamp_ns=1791282975123806360 workflow=KEY_RESPONSE run_id=bench_h5_key_021 node=Authority source=Authority destination=bench_h5_key_021
event=receive timestamp_ns=1791282976139002831 workflow=KEY_REQUEST run_id=bench_h5_key_021 node=Authority source=TM5 destination=TM
event=send timestamp_ns=1791282979735041785 workflow=KEY_RESPONSE run_id=bench_h5_key_022 node=Authority source=Authority destination=bench_h5_key_022
event=receive timestamp_ns=1791282980778426122 workflow=KEY_REQUEST run_id=bench_h5_key_022 node=Authority source=TM5 destination=TM
event=send timestamp_ns=1791282983380581349 workflow=KEY_RESPONSE run_id=bench_h5_key_023 node=Authority source=Authority destination=bench_h5_key_023
event=receive timestamp_ns=1791282984426580093 workflow=KEY_REQUEST run_id=bench_h5_key_023 node=Authority source=TM5 destination=TM
event=send timestamp_ns=1791282986963659482 workflow=KEY_RESPONSE run_id=bench_h5_key_024 node=Authority source=Authority destination=bench_h5_key_024
event=receive timestamp_ns=1791282987978799564 workflow=KEY_REQUEST run_id=bench_h5_key_024 node=Authority source=TM5 destination=TM
event=send timestamp_ns=1791282990554066996 workflow=KEY_RESPONSE run_id=bench_h5_key_025 node=Authority source=Authority destination=bench_h5_key_025
event=receive timestamp_ns=1791282991599137117 workflow=KEY_REQUEST run_id=bench_h5_key_025 node=Authority source=TM5 destination=TM
event=send timestamp_ns=1791282994198489809 workflow=KEY_RESPONSE run_id=bench_h5_key_026 node=Authority source=Authority destination=bench_h5_key_026
event=receive timestamp_ns=1791282995243124349 workflow=KEY_REQUEST run_id=bench_h5_key_026 node=Authority source=TM5 destination=TM
event=send timestamp_ns=1791282997854918597 workflow=KEY_RESPONSE run_id=bench_h5_key_027 node=Authority source=Authority destination=bench_h5_key_027
event=receive timestamp_ns=1791282998894666762 workflow=KEY_REQUEST run_id=bench_h5_key_027 node=Authority source=TM5 destination=TM
event=send timestamp_ns=1791283002556209213 workflow=KEY_RESPONSE run_id=bench_h5_key_028 node=Authority source=Authority destination=bench_h5_key_028
event=receive timestamp_ns=1791283003599065690 workflow=KEY_REQUEST run_id=bench_h5_key_028 node=Authority source=TM5 destination=TM
event=send timestamp_ns=1791283006262978801 workflow=KEY_RESPONSE run_id=bench_h5_key_029 node=Authority source=Authority destination=bench_h5_key_029
event=receive timestamp_ns=1791283007306484138 workflow=KEY_REQUEST run_id=bench_h5_key_029 node=Authority source=TM5 destination=TM
event=send timestamp_ns=1791283010963799288 workflow=KEY_RESPONSE run_id=bench_h5_key_030 node=Authority source=Authority destination=bench_h5_key_030
event=receive timestamp_ns=1791283011982646460 workflow=KEY_REQUEST run_id=bench_h5_key_030 node=Authority source=TM5 destination=TM
