event=receive timestamp_ns=1791282706795137115 workflow=KEY_REQUEST run_id=bench_h5_setup node=U1 source=TM5 destination=TM
event=receive timestamp_ns=1791282711036822810 workflow=CT_SHARE run_id=1 node=U1 source=TM5 destination=TM
event=receive timestamp_ns=1791282712571560149 workflow=CT_SHARE run_id=2 node=U1 source=TM5 destination=TM
event=receive timestamp_ns=1791282714071958619 workflow=CT_SHARE run_id=3 node=U1 source=TM5 destination=TM
event=receive timestamp_ns=1791282715645148829 workflow=CT_SHARE run_id=4 node=U1 source=TM5 destination=TM
event=receive timestamp_ns=1791282717144594150 workflow=CT_SHARE run_id=5 node=U1 source=TM5 destination=TM
event=receive timestamp_ns=1791282718718960551 workflow=CT_SHARE run_id=6 node=U1 source=TM5 destination=TM
event=receive timestamp_ns=1791282720259082336 workflow=CT_SHARE run_id=7 node=U1 source=TM5 destination=TM
event=receive timestamp_ns=1791282721789412025 workflow=CT_SHARE run_id=8 node=U1 source=TM5 destination=TM
event=receive timestamp_ns=1791282723291400133 workflow=CT_SHARE run_id=9 node=U1 source=TM5 destination=TM
event=receive timestamp_ns=1791282724855035484 workflow=CT_SHARE run_id=10 node=U1 source=TM5 destination=TM
event=receive timestamp_ns=1791282726393516868 workflow=CT_SHARE run_id=11 node=U1 source=TM5 destination=TM
event=receive timestamp_ns=1791282727932028833 workflow=CT_SHARE run_id=12 node=U1 source=TM5 destination=TM
event=receive timestamp_ns=1791282729536528318 workflow=CT_SHARE run_id=13 node=U1 source=TM5 destination=TM
event=receive timestamp_ns=1791282731071643086 workflow=CT_SHARE run_id=14 node=U1 source=TM5 destination=TM
event=receive timestamp_ns=1791282732572389596 workflow=CT_SHARE run_id=15 node=U1 source=TM5 destination=TM
event=receive timestamp_ns=1791282734138172222 workflow=CT_SHARE run_id=16 node=U1 source=TM5 destination=TM
event=receive timestamp_ns=1791282735672572194 workflow=CT_SHARE run_id=17 node=U1 source=TM5 destination=TM
event=receive timestamp_ns=1791282737206807195 workflow=CT_SHARE run_id=18 node=U1 source=TM5 destination=TM
event=receive timestamp_ns=1791282738713162287 workflow=CT_SHARE run_id=19 node=U1 source=TM5 destination=TM
event=receive timestamp_ns=1791282740249560795 workflow=CT_SHARE run_id=20 node=U1 source=TM5 destination=TM
event=receive timestamp_ns=1791282741785558025 workflow=CT_SHARE run_id=21 node=U1 source=TM5 destination=TM
event=receive timestamp_ns=1791282743416058314 workflow=CT_SHARE run_id=22 node=U1 source=TM5 destination=TM
event=receive timestamp_ns=1791282744956320191 workflow=CT_SHARE run_id=23 node=U1 source=TM5 destination=TM
event=receive timestamp_ns=1791282746463514074 workflow=CT_SHARE run_id=24 node=U1 source=TM5 destination=TM
event=receive timestamp_ns=1791282747992604002 workflow=CT_SHARE run_id=25 node=U1 source=TM5 destination=TM
event=receive timestamp_ns=1791282749566908038 workflow=CT_SHARE run_id=26 node=U1 source=TM5 destination=TM
event=receive timestamp_ns=1791282751069586770 workflow=CT_SHARE run_id=27 node=U1 source=TM5 destination=TM
event=receive timestamp_ns=1791282752637400032 workflow=CT_SHARE run_id=28 node=U1 source=TM5 destination=TM
event=receive timestamp_ns=1791282754141034857 workflow=CT_SHARE run_id=29 node=U1 source=TM5 destination=TM
event=receive timestamp_ns=1791282755772168307 workflow=CT_SHARE run_id=30 node=U1 source=TM5 destination=TM
event=receive timestamp_ns=1791282757277253394 workflow=CT_SHARE run_id=31 node=U1 source=TM5 destination=TM
event=receive timestamp_ns=1791282758844302649 workflow=CT_SHARE run_id=32 node=U1 source=TM5 destination=TM
event=receive timestamp_ns=1791282760380754909 workflow=CT_SHARE run_id=33 node=U1 source=TM5 destination=TM
event=receive timestamp_ns=1791282761883207774 workflow=CT_SHARE run_id=34 node=U1 source=TM5 destination=TM
event=receive timestamp_ns=1791282763772743116 workflow=CT_SHARE run_id=35 node=U1 source=TM5 destination=TM
event=receive timestamp_ns=1791282763779966495 workflow=ARL_UPDATE run_id=1 node=U1 source=Authority destination=TM
event=receive timestamp_ns=1791282765303100059 workflow=ARL_UPDATE run_id=2 node=U1 source=Authority destination=TM
event=receive timestamp_ns=1791282767962729656 workflow=ARL_UPDATE run_id=3 node=U1 source=Authority destination=TM
event=receive timestamp_ns=1791282770651456657 workflow=ARL_UPDATE run_id=4 node=U1 source=Authority destination=TM
event=receive timestamp_ns=1791282773271623332 workflow=ARL_UPDATE run_id=5 node=U1 source=Authority destination=TM
event=receive timestamp_ns=1791282774804944207 workflow=ARL_UPDATE run_id=6 node=U1 source=Authority destination=TM
event=receive timestamp_ns=1791282776369423567 workflow=ARL_UPDATE run_id=7 node=U1 source=Authority destination=TM
event=receive timestamp_ns=1791282777910501832 workflow=ARL_UPDATE run_id=8 node=U1 source=Authority destination=TM
event=receive timestamp_ns=1791282779446173852 workflow=ARL_UPDATE run_id=9 node=U1 source=Authority destination=TM
event=receive timestamp_ns=1791282780980286922 workflow=ARL_UPDATE run_id=10 node=U1 source=Authority destination=TM
event=receive timestamp_ns=1791282782517881945 workflow=ARL_UPDATE run_id=11 node=U1 source=Authority destination=TM
event=receive timestamp_ns=1791282784058456045 workflow=ARL_UPDATE run_id=12 node=U1 source=Authority destination=TM
event=receive timestamp_ns=1791282785588718501 workflow=ARL_UPDATE run_id=13 node=U1 source=Authority destination=TM
event=receive timestamp_ns=1791282787125493977 workflow=ARL_UPDATE run_id=14 node=U1 source=Authority destination=TM
event=receive timestamp_ns=1791282789782511936 workflow=ARL_UPDATE run_id=15 node=U1 source=Authority destination=TM
event=receive timestamp_ns=1791282791316055992 workflow=ARL_UPDATE run_id=16 node=U1 source=Authority destination=TM
event=receive timestamp_ns=1791282792848339781 workflow=ARL_UPDATE run_id=17 node=U1 source=Authority destination=TM
event=receive timestamp_ns=1791282794381435505 workflow=ARL_UPDATE run_id=18 node=U1 source=Authority destination=TM
event=receive timestamp_ns=1791282795924937215 workflow=ARL_UPDATE run_id=19 node=U1 source=Authority destination=TM
event=receive timestamp_ns=1791282797460329092 workflow=ARL_UPDATE run_id=20 node=U1 source=Authority destination=TM
event=receive timestamp_ns=1791282798992325477 workflow=ARL_UPDATE run_id=21 node=U1 source=Authority destination=TM
event=receive timestamp_ns=1791282800533909544 workflow=ARL_UPDATE run_id=22 node=U1 source=Authority destination=TM
event=receive timestamp_ns=1791282802100354490 workflow=ARL_UPDATE run_id=23 node=U1 source=Authority destination=TM
event=receive timestamp_ns=1791282803606296833 workflow=ARL_UPDATE run_id=24 node=U1 source=Authority destination=TM
event=receive timestamp_ns=1791282805141570039 workflow=ARL_UPDATE run_id=25 node=U1 source=Authority destination=TM
event=receive timestamp_ns=1791282807798287894 workflow=ARL_UPDATE run_id=26 node=U1 source=Authority destination=TM
event=receive timestamp_ns=1791282809332949081 workflow=ARL_UPDATE run_id=27 node=U1 source=Authority destination=TM
event=receive timestamp_ns=1791282810870641854 workflow=ARL_UPDATE run_id=28 node=U1 source=Authority destination=TM
event=receive timestamp_ns=1791282812406001143 workflow=ARL_UPDATE run_id=29 node=U1 source=Authority destination=TM
event=receive timestamp_ns=1791282813942673206 workflow=ARL_UPDATE run_id=30 node=U1 source=Authority destination=TM
event=receive timestamp_ns=1791282815478689663 workflow=ARL_UPDATE run_id=31 node=U1 source=Authority destination=TM
event=receive timestamp_ns=1791282817012828947 workflow=ARL_UPDATE run_id=32 node=U1 source=Authority destination=TM
event=receive timestamp_ns=1791282818578115270 workflow=ARL_UPDATE run_id=33 node=U1 source=Authority destination=TM
event=receive timestamp_ns=1791282820086138627 workflow=ARL_UPDATE run_id=34 node=U1 source=Authority destination=TM
event=receive timestamp_ns=1791282821617498332 workflow=ARL_UPDATE run_id=35 node=U1 source=Authority destination=TM
event=receive timestamp_ns=1791282823151572853 workflow=ARL_UPDATE run_id=36 node=U1 source=Authority destination=TM
event=receive timestamp_ns=1791282824690184995 workflow=ARL_UPDATE run_id=37 node=U1 source=Authority destination=TM
event=receive timestamp_ns=1791282826222597457 workflow=ARL_UPDATE run_id=38 node=U1 source=Authority destination=TM
event=receive timestamp_ns=1791282827760764487 workflow=ARL_UPDATE run_id=39 node=U1 source=Authority destination=TM
event=receive timestamp_ns=1791282829299124785 workflow=ARL_UPDATE run_id=40 node=U1 source=Authority destination=TM
event=receive timestamp_ns=1791282830835613751 workflow=ARL_UPDATE run_id=41 node=U1 source=Authority destination=TM
event=receive timestamp_ns=1791282832372866370 workflow=ARL_UPDATE run_id=42 node=U1 source=Authority destination=TM
event=receive timestamp_ns=1791282833911925005 workflow=ARL_UPDATE run_id=43 node=U1 source=Authority destination=TM
event=receive timestamp_ns=1791282835443575739 workflow=ARL_UPDATE run_id=44 node=U1 source=Authority destination=TM
event=receive timestamp_ns=1791282838096684819 workflow=ARL_UPDATE run_id=45 node=U1 source=Authority destination=TM
event=receive timestamp_ns=1791282839636004974 workflow=ARL_UPDATE run_id=46 node=U1 source=Authority destination=TM
event=receive timestamp_ns=1791282841173884920 workflow=ARL_UPDATE run_id=47 node=U1 source=Authority destination=TM
event=receive timestamp_ns=1791282842705114467 workflow=ARL_UPDATE run_id=48 node=U1 source=Authority destination=TM
event=receive timestamp_ns=1791282844245573508 workflow=ARL_UPDATE run_id=49 node=U1 source=Authority destination=TM
event=receive timestamp_ns=1791282845781223535 workflow=ARL_UPDATE run_id=50 node=U1 source=Authority destination=TM
event=receive timestamp_ns=1791282847318037430 workflow=ARL_UPDATE run_id=51 node=U1 source=Authority destination=TM
event=receive timestamp_ns=1791282848854985254 workflow=ARL_UPDATE run_id=52 node=U1 source=Authority destination=TM
event=receive timestamp_ns=1791282850386696079 workflow=ARL_UPDATE run_id=53 node=U1 source=Authority destination=TM
event=receive timestamp_ns=1791282851918691016 workflow=ARL_UPDATE run_id=54 node=U1 source=Authority destination=TM
event=receive timestamp_ns=1791282853462579814 workflow=ARL_UPDATE run_id=55 node=U1 source=Authority destination=TM
event=receive timestamp_ns=1791282854994431208 workflow=ARL_UPDATE run_id=56 node=U1 source=Authority destination=TM
event=receive timestamp_ns=1791282856529718556 workflow=ARL_UPDATE run_id=57 node=U1 source=Authority destination=TM
event=receive timestamp_ns=1791282858065480073 workflow=ARL_UPDATE run_id=58 node=U1 source=Authority destination=TM
event=receive timestamp_ns=1791282859602934324 workflow=ARL_UPDATE run_id=59 node=U1 source=Authority destination=TM
event=receive timestamp_ns=1791282861139867579 workflow=ARL_UPDATE run_id=60 node=U1 source=Authority destination=TM
event=receive timestamp_ns=1791282862676714451 workflow=ARL_UPDATE run_id=61 node=U1 source=Authority destination=TM
event=receive timestamp_ns=1791282864212771559 workflow=ARL_UPDATE run_id=62 node=U1 source=Authority destination=TM
event=receive timestamp_ns=1791282865742961092 workflow=ARL_UPDATE run_id=63 node=U1 source=Authority destination=TM
event=receive timestamp_ns=1791282867284631302 workflow=ARL_UPDATE run_id=64 node=U1 source=Authority destination=TM
event=receive timestamp_ns=1791282868812476196 workflow=ARL_UPDATE run_id=65 node=U1 source=Authority destination=TM
event=receive timestamp_ns=1791282870357621354 workflow=ARL_UPDATE run_id=66 node=U1 source=Authority destination=TM
event=receive timestamp_ns=1791282871926607777 workflow=ARL_UPDATE run_id=67 node=U1 source=Authority destination=TM
event=receive timestamp_ns=1791282874546067686 workflow=ARL_UPDATE run_id=68 node=U1 source=Authority destination=TM
event=receive timestamp_ns=1791282876083964657 workflow=ARL_UPDATE run_id=69 node=U1 source=Authority destination=TM
event=receive timestamp_ns=1791282877685569696 workflow=ARL_UPDATE run_id=70 node=U1 source=Authority destination=TM
event=receive timestamp_ns=1791282880010520757 workflow=KEY_REQUEST run_id=bench_h5_key_w1 node=U1 source=TM5 destination=TM
event=receive timestamp_ns=1791282883594869086 workflow=KEY_REQUEST run_id=bench_h5_key_w2 node=U1 source=TM5 destination=TM
event=receive timestamp_ns=1791282888394714070 workflow=KEY_REQUEST run_id=bench_h5_key_w3 node=U1 source=TM5 destination=TM
event=receive timestamp_ns=1791282890794532144 workflow=KEY_REQUEST run_id=bench_h5_key_w4 node=U1 source=TM5 destination=TM
event=receive timestamp_ns=1791282895050822771 workflow=KEY_REQUEST run_id=bench_h5_key_w5 node=U1 source=TM5 destination=TM
event=receive timestamp_ns=1791282897418981434 workflow=KEY_REQUEST run_id=bench_h5_key_001 node=U1 source=TM5 destination=TM
event=receive timestamp_ns=1791282901482473567 workflow=KEY_REQUEST run_id=bench_h5_key_002 node=U1 source=TM5 destination=TM
event=receive timestamp_ns=1791282904522800402 workflow=KEY_REQUEST run_id=bench_h5_key_003 node=U1 source=TM5 destination=TM
event=receive timestamp_ns=1791282909674734477 workflow=KEY_REQUEST run_id=bench_h5_key_004 node=U1 source=TM5 destination=TM
event=receive timestamp_ns=1791282913290493588 workflow=KEY_REQUEST run_id=bench_h5_key_005 node=U1 source=TM5 destination=TM
event=receive timestamp_ns=1791282917615098207 workflow=KEY_REQUEST run_id=bench_h5_key_006 node=U1 source=TM5 destination=TM
event=receive timestamp_ns=1791282921258620530 workflow=KEY_REQUEST run_id=bench_h5_key_007 node=U1 source=TM5 destination=TM
event=receive timestamp_ns=1791282924650529986 workflow=KEY_REQUEST run_id=bench_h5_key_008 node=U1 source=TM5 destination=TM
event=receive timestamp_ns=1791282929930856221 workflow=KEY_REQUEST run_id=bench_h5_key_009 node=U1 source=TM5 destination=TM
event=receive timestamp_ns=1791282933322795639 workflow=KEY_REQUEST run_id=bench_h5_key_010 node=U1 source=TM5 destination=TM
event=receive timestamp_ns=1791282938090955304 workflow=KEY_REQUEST run_id=bench_h5_key_011 node=U1 source=TM5 destination=TM
event=receive timestamp_ns=1791282940458774810 workflow=KEY_REQUEST run_id=bench_h5_key_012 node=U1 source=TM5 destination=TM
event=receive timestamp_ns=1791282944010436673 workflow=KEY_REQUEST run_id=bench_h5_key_013 node=U1 source=TM5 destination=TM
event=receive timestamp_ns=1791282947530512942 workflow=KEY_REQUEST run_id=bench_h5_key_014 node=U1 source=TM5 destination=TM
event=receive timestamp_ns=1791282952330645312 workflow=KEY_REQUEST run_id=bench_h5_key_015 node=U1 source=TM5 destination=TM
event=receive timestamp_ns=1791282954698700854 workflow=KEY_REQUEST run_id=bench_h5_key_016 node=U1 source=TM5 destination=TM
event=receive timestamp_ns=1791282959402878787 workflow=KEY_REQUEST run_id=bench_h5_key_017 node=U1 source=TM5 destination=TM
event=receive timestamp_ns=1791282964171122992 workflow=KEY_REQUEST run_id=bench_h5_key_018 node=U1 source=TM5 destination=TM
event=receive timestamp_ns=1791282967850861537 workflow=KEY_REQUEST run_id=bench_h5_key_019 node=U1 source=TM5 destination=TM
event=receive timestamp_ns=1791282971434862626 workflow=KEY_REQUEST run_id=bench_h5_key_020 node=U1 source=TM5 destination=TM
event=receive timestamp_ns=1791282975018821821 workflow=KEY_REQUEST run_id=bench_h5_key_021 node=U1 source=TM5 destination=TM
event=receive timestamp_ns=1791282979627088254 workflow=KEY_REQUEST run_id=bench_h5_key_022 node=U1 source=TM5 destination=TM
event=receive timestamp_ns=1791282983274964471 workflow=KEY_REQUEST run_id=bench_h5_key_023 node=U1 source=TM5 destination=TM
event=receive timestamp_ns=1791282986859224798 workflow=KEY_REQUEST run_id=bench_h5_key_024 node=U1 source=TM5 destination=TM
event=receive timestamp_ns=1791282990443255467 workflow=KEY_REQUEST run_id=bench_h5_key_025 node=U1 source=TM5 destination=TM
event=receive timestamp_ns=1791282994090722047 workflow=KEY_REQUEST run_id=bench_h5_key_026 node=U1 source=TM5 destination=TM
event=receive timestamp_ns=1791282997739347689 workflow=KEY_REQUEST run_id=bench_h5_key_027 node=U1 source=TM5 destination=TM
event=receive timestamp_ns=1791283002446695871 workflow=KEY_REQUEST run_id=bench_h5_key_028 node=U1 source=TM5 destination=TM
event=receive timestamp_ns=1791283006155361963 workflow=KEY_REQUEST run_id=bench_h5_key_029 node=U1 source=TM5 destination=TM
event=receive timestamp_ns=1791283010859140946 workflow=KEY_REQUEST run_id=bench_h5_key_030 node=U1 source=TM5 destination=TM
