event=receive timestamp_ns=1791282706698915102 workflow=KEY_REQUEST run_id=bench_h5_setup node=U2 source=TM5 destination=TM
event=receive timestamp_ns=1791282710460610870 workflow=CT_SHARE run_id=1 node=U2 source=TM5 destination=TM
event=receive timestamp_ns=1791282711954496515 workflow=CT_SHARE run_id=2 node=U2 source=TM5 destination=TM
event=receive timestamp_ns=1791282713460235787 workflow=CT_SHARE run_id=3 node=U2 source=TM5 destination=TM
event=receive timestamp_ns=1791282715004077716 workflow=CT_SHARE run_id=4 node=U2 source=TM5 destination=TM
event=receive timestamp_ns=1791282716531533792 workflow=CT_SHARE run_id=5 node=U2 source=TM5 destination=TM
event=receive timestamp_ns=1791282718109212035 workflow=CT_SHARE run_id=6 node=U2 source=TM5 destination=TM
event=receive timestamp_ns=1791282719647274388 workflow=CT_SHARE run_id=7 node=U2 source=TM5 destination=TM
event=receive timestamp_ns=1791282721179652865 workflow=CT_SHARE run_id=8 node=U2 source=TM5 destination=TM
event=receive timestamp_ns=1791282722687452240 workflow=CT_SHARE run_id=9 node=U2 source=TM5 destination=TM
event=receive timestamp_ns=1791282724256274063 workflow=CT_SHARE run_id=10 node=U2 source=TM5 destination=TM
event=receive timestamp_ns=1791282725791109811 workflow=CT_SHARE run_id=11 node=U2 source=TM5 destination=TM
event=receive timestamp_ns=1791282727324898523 workflow=CT_SHARE run_id=12 node=U2 source=TM5 destination=TM
event=receive timestamp_ns=1791282728923717195 workflow=CT_SHARE run_id=13 node=U2 source=TM5 destination=TM
event=receive timestamp_ns=1791282730460299030 workflow=CT_SHARE run_id=14 node=U2 source=TM5 destination=TM
event=receive timestamp_ns=1791282731993158956 workflow=CT_SHARE run_id=15 node=U2 source=TM5 destination=TM
event=receive timestamp_ns=1791282733536433405 workflow=CT_SHARE run_id=16 node=U2 source=TM5 destination=TM
event=receive timestamp_ns=1791282735071776761 workflow=CT_SHARE run_id=17 node=U2 source=TM5 destination=TM
event=receive timestamp_ns=1791282736600313723 workflow=CT_SHARE run_id=18 node=U2 source=TM5 destination=TM
event=receive timestamp_ns=1791282738103589803 workflow=CT_SHARE run_id=19 node=U2 source=TM5 destination=TM
event=receive timestamp_ns=1791282739639932452 workflow=CT_SHARE run_id=20 node=U2 source=TM5 destination=TM
event=receive timestamp_ns=1791282741175243820 workflow=CT_SHARE run_id=21 node=U2 source=TM5 destination=TM
event=receive timestamp_ns=1791282742807836897 workflow=CT_SHARE run_id=22 node=U2 source=TM5 destination=TM
event=receive timestamp_ns=1791282744347827063 workflow=CT_SHARE run_id=23 node=U2 source=TM5 destination=TM
event=receive timestamp_ns=1791282745851842198 workflow=CT_SHARE run_id=24 node=U2 source=TM5 destination=TM
event=receive timestamp_ns=1791282747388288336 workflow=CT_SHARE run_id=25 node=U2 source=TM5 destination=TM
event=receive timestamp_ns=1791282748957772422 workflow=CT_SHARE run_id=26 node=U2 source=TM5 destination=TM
event=receive timestamp_ns=1791282750465026516 workflow=CT_SHARE run_id=27 node=U2 source=TM5 destination=TM
event=receive timestamp_ns=1791282752030951393 workflow=CT_SHARE run_id=28 node=U2 source=TM5 destination=TM
event=receive timestamp_ns=1791282753534831181 workflow=CT_SHARE run_id=29 node=U2 source=TM5 destination=TM
event=receive timestamp_ns=1791282755165245662 workflow=CT_SHARE run_id=30 node=U2 source=TM5 destination=TM
event=receive timestamp_ns=1791282756669127781 workflow=CT_SHARE run_id=31 node=U2 source=TM5 destination=TM
event=receive timestamp_ns=1791282758202164652 workflow=CT_SHARE run_id=32 node=U2 source=TM5 destination=TM
event=receive timestamp_ns=1791282759770841187 workflow=CT_SHARE run_id=33 node=U2 source=TM5 destination=TM
event=receive timestamp_ns=1791282761277290237 workflow=CT_SHARE run_id=34 node=U2 source=TM5 destination=TM
event=receive timestamp_ns=1791282762847054294 workflow=CT_SHARE run_id=35 node=U2 source=TM5 destination=TM
event=receive timestamp_ns=1791282764375073313 workflow=ARL_UPDATE run_id=1 node=U2 source=Authority destination=TM
event=receive timestamp_ns=1791282765903845113 workflow=ARL_UPDATE run_id=2 node=U2 source=Authority destination=TM
event=receive timestamp_ns=1791282768559972562 workflow=ARL_UPDATE run_id=3 node=U2 source=Authority destination=TM
event=receive timestamp_ns=1791282771253603676 workflow=ARL_UPDATE run_id=4 node=U2 source=Authority destination=TM
event=receive timestamp_ns=1791282773877021020 workflow=ARL_UPDATE run_id=5 node=U2 source=Authority destination=TM
event=receive timestamp_ns=1791282775413824671 workflow=ARL_UPDATE run_id=6 node=U2 source=Authority destination=TM
event=receive timestamp_ns=1791282776981723933 workflow=ARL_UPDATE run_id=7 node=U2 source=Authority destination=TM
event=receive timestamp_ns=1791282778519265806 workflow=ARL_UPDATE run_id=8 node=U2 source=Authority destination=TM
event=receive timestamp_ns=1791282780046948858 workflow=ARL_UPDATE run_id=9 node=U2 source=Authority destination=TM
event=receive timestamp_ns=1791282781582568708 workflow=ARL_UPDATE run_id=10 node=U2 source=Authority destination=TM
event=receive timestamp_ns=1791282783121052897 workflow=ARL_UPDATE run_id=11 node=U2 source=Authority destination=TM
event=receive timestamp_ns=1791282784657593202 workflow=ARL_UPDATE run_id=12 node=U2 source=Authority destination=TM
event=receive timestamp_ns=1791282786196626045 workflow=ARL_UPDATE run_id=13 node=U2 source=Authority destination=TM
event=receive timestamp_ns=1791282787728260755 workflow=ARL_UPDATE run_id=14 node=U2 source=Authority destination=TM
event=receive timestamp_ns=1791282790392382739 workflow=ARL_UPDATE run_id=15 node=U2 source=Authority destination=TM
event=receive timestamp_ns=1791282791925162036 workflow=ARL_UPDATE run_id=16 node=U2 source=Authority destination=TM
event=receive timestamp_ns=1791282793454425210 workflow=ARL_UPDATE run_id=17 node=U2 source=Authority destination=TM
event=receive timestamp_ns=1791282794998390540 workflow=ARL_UPDATE run_id=18 node=U2 source=Authority destination=TM
event=receive timestamp_ns=1791282796532606048 workflow=ARL_UPDATE run_id=19 node=U2 source=Authority destination=TM
event=receive timestamp_ns=1791282798062862179 workflow=ARL_UPDATE run_id=20 node=U2 source=Authority destination=TM
event=receive timestamp_ns=1791282799603819862 workflow=ARL_UPDATE run_id=21 node=U2 source=Authority destination=TM
event=receive timestamp_ns=1791282801145550267 workflow=ARL_UPDATE run_id=22 node=U2 source=Authority destination=TM
event=receive timestamp_ns=1791282802678439852 workflow=ARL_UPDATE run_id=23 node=U2 source=Authority destination=TM
event=receive timestamp_ns=1791282804213690856 workflow=ARL_UPDATE run_id=24 node=U2 source=Authority destination=TM
event=receive timestamp_ns=1791282805742219457 workflow=ARL_UPDATE run_id=25 node=U2 source=Authority destination=TM
event=receive timestamp_ns=1791282808404780557 workflow=ARL_UPDATE run_id=26 node=U2 source=Authority destination=TM
event=receive timestamp_ns=1791282809940106379 workflow=ARL_UPDATE run_id=27 node=U2 source=Authority destination=TM
event=receive timestamp_ns=1791282811482930814 workflow=ARL_UPDATE run_id=28 node=U2 source=Authority destination=TM
event=receive timestamp_ns=1791282813014550054 workflow=ARL_UPDATE run_id=29 node=U2 source=Authority destination=TM
event=receive timestamp_ns=1791282814550731872 workflow=ARL_UPDATE run_id=30 node=U2 source=Authority destination=TM
event=receive timestamp_ns=1791282816090571772 workflow=ARL_UPDATE run_id=31 node=U2 source=Authority destination=TM
event=receive timestamp_ns=1791282817620809209 workflow=ARL_UPDATE run_id=32 node=U2 source=Authority destination=TM
event=receive timestamp_ns=1791282819184057638 workflow=ARL_UPDATE run_id=33 node=U2 source=Authority destination=TM
event=receive timestamp_ns=1791282820685964212 workflow=ARL_UPDATE run_id=34 node=U2 source=Authority destination=TM
event=receive timestamp_ns=1791282822235839137 workflow=ARL_UPDATE run_id=35 node=U2 source=Authority destination=TM
event=receive timestamp_ns=1791282823763235018 workflow=ARL_UPDATE run_id=36 node=U2 source=Authority destination=TM
event=receive timestamp_ns=1791282825301221731 workflow=ARL_UPDATE run_id=37 node=U2 source=Authority destination=TM
event=receive timestamp_ns=1791282826861707283 workflow=ARL_UPDATE run_id=38 node=U2 source=Authority destination=TM
event=receive timestamp_ns=1791282828399569830 workflow=ARL_UPDATE run_id=39 node=U2 source=Authority destination=TM
event=receive timestamp_ns=1791282829901658482 workflow=ARL_UPDATE run_id=40 node=U2 source=Authority destination=TM
event=receive timestamp_ns=1791282831438675157 workflow=ARL_UPDATE run_id=41 node=U2 source=Authority destination=TM
event=receive timestamp_ns=1791282832977631552 workflow=ARL_UPDATE run_id=42 node=U2 source=Authority destination=TM
event=receive timestamp_ns=1791282834513137082 workflow=ARL_UPDATE run_id=43 node=U2 source=Authority destination=TM
event=receive timestamp_ns=1791282836046910528 workflow=ARL_UPDATE run_id=44 node=U2 source=Authority destination=TM
event=receive timestamp_ns=1791282838706296598 workflow=ARL_UPDATE run_id=45 node=U2 source=Authority destination=TM
event=receive timestamp_ns=1791282840247031182 workflow=ARL_UPDATE run_id=46 node=U2 source=Authority destination=TM
event=receive timestamp_ns=1791282841779645955 workflow=ARL_UPDATE run_id=47 node=U2 source=Authority destination=TM
event=receive timestamp_ns=1791282843314223091 workflow=ARL_UPDATE run_id=48 node=U2 source=Authority destination=TM
event=receive timestamp_ns=1791282844850335795 workflow=ARL_UPDATE run_id=49 node=U2 source=Authority destination=TM
event=receive timestamp_ns=1791282846387984821 workflow=ARL_UPDATE run_id=50 node=U2 source=Authority destination=TM
event=receive timestamp_ns=1791282847924940708 workflow=ARL_UPDATE run_id=51 node=U2 source=Authority destination=TM
event=receive timestamp_ns=1791282849459684985 workflow=ARL_UPDATE run_id=52 node=U2 source=Authority destination=TM
event=receive timestamp_ns=1791282850992830901 workflow=ARL_UPDATE run_id=53 node=U2 source=Authority destination=TM
event=receive timestamp_ns=1791282852532997791 workflow=ARL_UPDATE run_id=54 node=U2 source=Authority destination=TM
event=receive timestamp_ns=1791282854065335494 workflow=ARL_UPDATE run_id=55 node=U2 source=Authority destination=TM
event=receive timestamp_ns=1791282855604015434 workflow=ARL_UPDATE run_id=56 node=U2 source=Authority destination=TM
event=receive timestamp_ns=1791282857136941764 workflow=ARL_UPDATE run_id=57 node=U2 source=Authority destination=TM
event=receive timestamp_ns=1791282858670186563 workflow=ARL_UPDATE run_id=58 node=U2 source=Authority destination=TM
event=receive timestamp_ns=1791282860210567144 workflow=ARL_UPDATE run_id=59 node=U2 source=Authority destination=TM
event=receive timestamp_ns=1791282861745963008 workflow=ARL_UPDATE run_id=60 node=U2 source=Authority destination=TM
event=receive timestamp_ns=1791282863278632182 workflow=ARL_UPDATE run_id=61 node=U2 source=Authority destination=TM
event=receive timestamp_ns=1791282864817597107 workflow=ARL_UPDATE run_id=62 node=U2 source=Authority destination=TM
event=receive timestamp_ns=1791282866356384695 workflow=ARL_UPDATE run_id=63 node=U2 source=Authority destination=TM
event=receive timestamp_ns=1791282867893582003 workflow=ARL_UPDATE run_id=64 node=U2 source=Authority destination=TM
event=receive timestamp_ns=1791282869425551805 workflow=ARL_UPDATE run_id=65 node=U2 source=Authority destination=TM
event=receive timestamp_ns=1791282870963964197 workflow=ARL_UPDATE run_id=66 node=U2 source=Authority destination=TM
event=receive timestamp_ns=1791282872533203247 workflow=ARL_UPDATE run_id=67 node=U2 source=Authority destination=TM
event=receive timestamp_ns=1791282875155453511 workflow=ARL_UPDATE run_id=68 node=U2 source=Authority destination=TM
event=receive timestamp_ns=1791282876692362800 workflow=ARL_UPDATE run_id=69 node=U2 source=Authority destination=TM
event=receive timestamp_ns=1791282878288322480 workflow=ARL_UPDATE run_id=70 node=U2 source=Authority destination=TM
event=receive timestamp_ns=1791282879914596376 workflow=KEY_REQUEST run_id=bench_h5_key_w1 node=U2 source=TM5 destination=TM
event=receive timestamp_ns=1791282883562936600 workflow=KEY_REQUEST run_id=bench_h5_key_w2 node=U2 source=TM5 destination=TM
event=receive timestamp_ns=1791282887978595237 workflow=KEY_REQUEST run_id=bench_h5_key_w3 node=U2 source=TM5 destination=TM
event=receive timestamp_ns=1791282890698992989 workflow=KEY_REQUEST run_id=bench_h5_key_w4 node=U2 source=TM5 destination=TM
event=receive timestamp_ns=1791282895659008835 workflow=KEY_REQUEST run_id=bench_h5_key_w5 node=U2 source=TM5 destination=TM
event=receive timestamp_ns=1791282897898786152 workflow=KEY_REQUEST run_id=bench_h5_key_001 node=U2 source=TM5 destination=TM
event=receive timestamp_ns=1791282901386474746 workflow=KEY_REQUEST run_id=bench_h5_key_002 node=U2 source=TM5 destination=TM
event=receive timestamp_ns=1791282904938595772 workflow=KEY_REQUEST run_id=bench_h5_key_003 node=U2 source=TM5 destination=TM
event=receive timestamp_ns=1791282909578656769 workflow=KEY_REQUEST run_id=bench_h5_key_004 node=U2 source=TM5 destination=TM
event=receive timestamp_ns=1791282913258707821 workflow=KEY_REQUEST run_id=bench_h5_key_005 node=U2 source=TM5 destination=TM
event=receive timestamp_ns=1791282917706930612 workflow=KEY_REQUEST run_id=bench_h5_key_006 node=U2 source=TM5 destination=TM
event=receive timestamp_ns=1791282920458974390 workflow=KEY_REQUEST run_id=bench_h5_key_007 node=U2 source=TM5 destination=TM
event=receive timestamp_ns=1791282924554933367 workflow=KEY_REQUEST run_id=bench_h5_key_008 node=U2 source=TM5 destination=TM
event=receive timestamp_ns=1791282930026903687 workflow=KEY_REQUEST run_id=bench_h5_key_009 node=U2 source=TM5 destination=TM
event=receive timestamp_ns=1791282932714950715 workflow=KEY_REQUEST run_id=bench_h5_key_010 node=U2 source=TM5 destination=TM
event=receive timestamp_ns=1791282938186621132 workflow=KEY_REQUEST run_id=bench_h5_key_011 node=U2 source=TM5 destination=TM
event=receive timestamp_ns=1791282940426703707 workflow=KEY_REQUEST run_id=bench_h5_key_012 node=U2 source=TM5 destination=TM
event=receive timestamp_ns=1791282945322526777 workflow=KEY_REQUEST run_id=bench_h5_key_013 node=U2 source=TM5 destination=TM
event=receive timestamp_ns=1791282946954596922 workflow=KEY_REQUEST run_id=bench_h5_key_014 node=U2 source=TM5 destination=TM
event=receive timestamp_ns=1791282952426459349 workflow=KEY_REQUEST run_id=bench_h5_key_015 node=U2 source=TM5 destination=TM
event=receive timestamp_ns=1791282954666562132 workflow=KEY_REQUEST run_id=bench_h5_key_016 node=U2 source=TM5 destination=TM
event=receive timestamp_ns=1791282958795053215 workflow=KEY_REQUEST run_id=bench_h5_key_017 node=U2 source=TM5 destination=TM
event=receive timestamp_ns=1791282964074827765 workflow=KEY_REQUEST run_id=bench_h5_key_018 node=U2 source=TM5 destination=TM
event=receive timestamp_ns=1791282967754706656 workflow=KEY_REQUEST run_id=bench_h5_key_019 node=U2 source=TM5 destination=TM
event=receive timestamp_ns=1791282972779029783 workflow=KEY_REQUEST run_id=bench_h5_key_020 node=U2 source=TM5 destination=TM
event=receive timestamp_ns=1791282974410859586 workflow=KEY_REQUEST run_id=bench_h5_key_021 node=U2 source=TM5 destination=TM
event=receive timestamp_ns=1791282980426732792 workflow=KEY_REQUEST run_id=bench_h5_key_022 node=U2 source=TM5 destination=TM
event=receive timestamp_ns=1791282983179047139 workflow=KEY_REQUEST run_id=bench_h5_key_023 node=U2 source=TM5 destination=TM
event=receive timestamp_ns=1791282986250795777 workflow=KEY_REQUEST run_id=bench_h5_key_024 node=U2 source=TM5 destination=TM
event=receive timestamp_ns=1791282991243112962 workflow=KEY_REQUEST run_id=bench_h5_key_025 node=U2 source=TM5 destination=TM
event=receive timestamp_ns=1791282993994755682 workflow=KEY_REQUEST run_id=bench_h5_key_026 node=U2 source=TM5 destination=TM
event=receive timestamp_ns=1791282997675310622 workflow=KEY_REQUEST run_id=bench_h5_key_027 node=U2 source=TM5 destination=TM
event=receive timestamp_ns=1791283001835122788 workflow=KEY_REQUEST run_id=bench_h5_key_028 node=U2 source=TM5 destination=TM
event=receive timestamp_ns=1791283005546755124 workflow=KEY_REQUEST run_id=bench_h5_key_029 node=U2 source=TM5 destination=TM
event=receive timestamp_ns=1791283010762853316 workflow=KEY_REQUEST run_id=bench_h5_key_030 node=U2 source=TM5 destination=TM
