event=receive timestamp_ns=1791282706606942263 workflow=KEY_REQUEST run_id=bench_h5_setup node=U3 source=TM5 destination=TM
event=receive timestamp_ns=1791282710295944029 workflow=CT_SHARE run_id=1 node=U3 source=TM5 destination=TM
event=receive timestamp_ns=1791282711861955836 workflow=CT_SHARE run_id=2 node=U3 source=TM5 destination=TM
event=receive timestamp_ns=1791282713369020215 workflow=CT_SHARE run_id=3 node=U3 source=TM5 destination=TM
event=receive timestamp_ns=1791282714910394821 workflow=CT_SHARE run_id=4 node=U3 source=TM5 destination=TM
event=receive timestamp_ns=1791282716437991065 workflow=CT_SHARE run_id=5 node=U3 source=TM5 destination=TM
event=receive timestamp_ns=1791282717977567219 workflow=CT_SHARE run_id=6 node=U3 source=TM5 destination=TM
event=receive timestamp_ns=1791282719548445150 workflow=CT_SHARE run_id=7 node=U3 source=TM5 destination=TM
event=receive timestamp_ns=1791282721086692771 workflow=CT_SHARE run_id=8 node=U3 source=TM5 destination=TM
event=receive timestamp_ns=1791282722591721784 workflow=CT_SHARE run_id=9 node=U3 source=TM5 destination=TM
event=receive timestamp_ns=1791282724122894470 workflow=CT_SHARE run_id=10 node=U3 source=TM5 destination=TM
event=receive timestamp_ns=1791282725684850254 workflow=CT_SHARE run_id=11 node=U3 source=TM5 destination=TM
event=receive timestamp_ns=1791282727226419651 workflow=CT_SHARE run_id=12 node=U3 source=TM5 destination=TM
event=receive timestamp_ns=1791282728826163160 workflow=CT_SHARE run_id=13 node=U3 source=TM5 destination=TM
event=receive timestamp_ns=1791282730364967012 workflow=CT_SHARE run_id=14 node=U3 source=TM5 destination=TM
event=receive timestamp_ns=1791282731871469263 workflow=CT_SHARE run_id=15 node=U3 source=TM5 destination=TM
event=receive timestamp_ns=1791282733407374594 workflow=CT_SHARE run_id=16 node=U3 source=TM5 destination=TM
event=receive timestamp_ns=1791282734976404188 workflow=CT_SHARE run_id=17 node=U3 source=TM5 destination=TM
event=receive timestamp_ns=1791282736498290993 workflow=CT_SHARE run_id=18 node=U3 source=TM5 destination=TM
event=receive timestamp_ns=1791282738004612291 workflow=CT_SHARE run_id=19 node=U3 source=TM5 destination=TM
event=receive timestamp_ns=1791282739544786992 workflow=CT_SHARE run_id=20 node=U3 source=TM5 destination=TM
event=receive timestamp_ns=1791282741080038285 workflow=CT_SHARE run_id=21 node=U3 source=TM5 destination=TM
event=receive timestamp_ns=1791282742713360470 workflow=CT_SHARE run_id=22 node=U3 source=TM5 destination=TM
event=receive timestamp_ns=1791282744218800567 workflow=CT_SHARE run_id=23 node=U3 source=TM5 destination=TM
event=receive timestamp_ns=1791282745757373829 workflow=CT_SHARE run_id=24 node=U3 source=TM5 destination=TM
event=receive timestamp_ns=1791282747295140923 workflow=CT_SHARE run_id=25 node=U3 source=TM5 destination=TM
event=receive timestamp_ns=1791282748829578740 workflow=CT_SHARE run_id=26 node=U3 source=TM5 destination=TM
event=receive timestamp_ns=1791282750365075639 workflow=CT_SHARE run_id=27 node=U3 source=TM5 destination=TM
event=receive timestamp_ns=1791282751932711333 workflow=CT_SHARE run_id=28 node=U3 source=TM5 destination=TM
event=receive timestamp_ns=1791282753435820568 workflow=CT_SHARE run_id=29 node=U3 source=TM5 destination=TM
event=receive timestamp_ns=1791282755068068476 workflow=CT_SHARE run_id=30 node=U3 source=TM5 destination=TM
event=receive timestamp_ns=1791282756573627457 workflow=CT_SHARE run_id=31 node=U3 source=TM5 destination=TM
event=receive timestamp_ns=1791282758108833772 workflow=CT_SHARE run_id=32 node=U3 source=TM5 destination=TM
event=receive timestamp_ns=1791282759676017474 workflow=CT_SHARE run_id=33 node=U3 source=TM5 destination=TM
event=receive timestamp_ns=1791282761176912919 workflow=CT_SHARE run_id=34 node=U3 source=TM5 destination=TM
event=receive timestamp_ns=1791282762750245469 workflow=CT_SHARE run_id=35 node=U3 source=TM5 destination=TM
event=receive timestamp_ns=1791282763954978399 workflow=ARL_UPDATE run_id=1 node=U3 source=Authority destination=TM
event=receive timestamp_ns=1791282765524123548 workflow=ARL_UPDATE run_id=2 node=U3 source=Authority destination=TM
event=receive timestamp_ns=1791282768146812275 workflow=ARL_UPDATE run_id=3 node=U3 source=Authority destination=TM
event=receive timestamp_ns=1791282770834570184 workflow=ARL_UPDATE run_id=4 node=U3 source=Authority destination=TM
event=receive timestamp_ns=1791282773458740505 workflow=ARL_UPDATE run_id=5 node=U3 source=Authority destination=TM
event=receive timestamp_ns=1791282774994612492 workflow=ARL_UPDATE run_id=6 node=U3 source=Authority destination=TM
event=receive timestamp_ns=1791282776561589116 workflow=ARL_UPDATE run_id=7 node=U3 source=Authority destination=TM
event=receive timestamp_ns=1791282778099598012 workflow=ARL_UPDATE run_id=8 node=U3 source=Authority destination=TM
event=receive timestamp_ns=1791282779632557256 workflow=ARL_UPDATE run_id=9 node=U3 source=Authority destination=TM
event=receive timestamp_ns=1791282781173228768 workflow=ARL_UPDATE run_id=10 node=U3 source=Authority destination=TM
event=receive timestamp_ns=1791282782708605350 workflow=ARL_UPDATE run_id=11 node=U3 source=Authority destination=TM
event=receive timestamp_ns=1791282784246592676 workflow=ARL_UPDATE run_id=12 node=U3 source=Authority destination=TM
event=receive timestamp_ns=1791282785777422389 workflow=ARL_UPDATE run_id=13 node=U3 source=Authority destination=TM
event=receive timestamp_ns=1791282787348241733 workflow=ARL_UPDATE run_id=14 node=U3 source=Authority destination=TM
event=receive timestamp_ns=1791282789972244890 workflow=ARL_UPDATE run_id=15 node=U3 source=Authority destination=TM
event=receive timestamp_ns=1791282791503825941 workflow=ARL_UPDATE run_id=16 node=U3 source=Authority destination=TM
event=receive timestamp_ns=1791282793039754711 workflow=ARL_UPDATE run_id=17 node=U3 source=Authority destination=TM
event=receive timestamp_ns=1791282794579141039 workflow=ARL_UPDATE run_id=18 node=U3 source=Authority destination=TM
event=receive timestamp_ns=1791282796116417155 workflow=ARL_UPDATE run_id=19 node=U3 source=Authority destination=TM
event=receive timestamp_ns=1791282797650391450 workflow=ARL_UPDATE run_id=20 node=U3 source=Authority destination=TM
event=receive timestamp_ns=1791282799185436608 workflow=ARL_UPDATE run_id=21 node=U3 source=Authority destination=TM
event=receive timestamp_ns=1791282800755694432 workflow=ARL_UPDATE run_id=22 node=U3 source=Authority destination=TM
event=receive timestamp_ns=1791282802258406669 workflow=ARL_UPDATE run_id=23 node=U3 source=Authority destination=TM
event=receive timestamp_ns=1791282803793600091 workflow=ARL_UPDATE run_id=24 node=U3 source=Authority destination=TM
event=receive timestamp_ns=1791282805332650641 workflow=ARL_UPDATE run_id=25 node=U3 source=Authority destination=TM
event=receive timestamp_ns=1791282807985828865 workflow=ARL_UPDATE run_id=26 node=U3 source=Authority destination=TM
event=receive timestamp_ns=1791282809523216097 workflow=ARL_UPDATE run_id=27 node=U3 source=Authority destination=TM
event=receive timestamp_ns=1791282811059652139 workflow=ARL_UPDATE run_id=28 node=U3 source=Authority destination=TM
event=receive timestamp_ns=1791282812594153439 workflow=ARL_UPDATE run_id=29 node=U3 source=Authority destination=TM
event=receive timestamp_ns=1791282814129144917 workflow=ARL_UPDATE run_id=30 node=U3 source=Authority destination=TM
event=receive timestamp_ns=1791282815668904292 workflow=ARL_UPDATE run_id=31 node=U3 source=Authority destination=TM
event=receive timestamp_ns=1791282817203054099 workflow=ARL_UPDATE run_id=32 node=U3 source=Authority destination=TM
event=receive timestamp_ns=1791282818769928930 workflow=ARL_UPDATE run_id=33 node=U3 source=Authority destination=TM
event=receive timestamp_ns=1791282820276365225 workflow=ARL_UPDATE run_id=34 node=U3 source=Authority destination=TM
event=receive timestamp_ns=1791282821806538531 workflow=ARL_UPDATE run_id=35 node=U3 source=Authority destination=TM
event=receive timestamp_ns=1791282823346170131 workflow=ARL_UPDATE run_id=36 node=U3 source=Authority destination=TM
event=receive timestamp_ns=1791282824878274467 workflow=ARL_UPDATE run_id=37 node=U3 source=Authority destination=TM
event=receive timestamp_ns=1791282826417287261 workflow=ARL_UPDATE run_id=38 node=U3 source=Authority destination=TM
event=receive timestamp_ns=1791282827984781846 workflow=ARL_UPDATE run_id=39 node=U3 source=Authority destination=TM
event=receive timestamp_ns=1791282829485928109 workflow=ARL_UPDATE run_id=40 node=U3 source=Authority destination=TM
event=receive timestamp_ns=1791282831027552952 workflow=ARL_UPDATE run_id=41 node=U3 source=Authority destination=TM
event=receive timestamp_ns=1791282832562080849 workflow=ARL_UPDATE run_id=42 node=U3 source=Authority destination=TM
event=receive timestamp_ns=1791282834094140423 workflow=ARL_UPDATE run_id=43 node=U3 source=Authority destination=TM
event=receive timestamp_ns=1791282835631572899 workflow=ARL_UPDATE run_id=44 node=U3 source=Authority destination=TM
event=receive timestamp_ns=1791282838284948693 workflow=ARL_UPDATE run_id=45 node=U3 source=Authority destination=TM
event=receive timestamp_ns=1791282839820648887 workflow=ARL_UPDATE run_id=46 node=U3 source=Authority destination=TM
event=receive timestamp_ns=1791282841362868656 workflow=ARL_UPDATE run_id=47 node=U3 source=Authority destination=TM
event=receive timestamp_ns=1791282842899076260 workflow=ARL_UPDATE run_id=48 node=U3 source=Authority destination=TM
event=receive timestamp_ns=1791282844433561210 workflow=ARL_UPDATE run_id=49 node=U3 source=Authority destination=TM
event=receive timestamp_ns=1791282845972338314 workflow=ARL_UPDATE run_id=50 node=U3 source=Authority destination=TM
event=receive timestamp_ns=1791282847505984628 workflow=ARL_UPDATE run_id=51 node=U3 source=Authority destination=TM
event=receive timestamp_ns=1791282849044038675 workflow=ARL_UPDATE run_id=52 node=U3 source=Authority destination=TM
event=receive timestamp_ns=1791282850577663473 workflow=ARL_UPDATE run_id=53 node=U3 source=Authority destination=TM
event=receive timestamp_ns=1791282852113265154 workflow=ARL_UPDATE run_id=54 node=U3 source=Authority destination=TM
event=receive timestamp_ns=1791282853646831714 workflow=ARL_UPDATE run_id=55 node=U3 source=Authority destination=TM
event=receive timestamp_ns=1791282855188222533 workflow=ARL_UPDATE run_id=56 node=U3 source=Authority destination=TM
event=receive timestamp_ns=1791282856723863480 workflow=ARL_UPDATE run_id=57 node=U3 source=Authority destination=TM
event=receive timestamp_ns=1791282858255444128 workflow=ARL_UPDATE run_id=58 node=U3 source=Authority destination=TM
event=receive timestamp_ns=1791282859790935513 workflow=ARL_UPDATE run_id=59 node=U3 source=Authority destination=TM
event=receive timestamp_ns=1791282861334372454 workflow=ARL_UPDATE run_id=60 node=U3 source=Authority destination=TM
event=receive timestamp_ns=1791282862868137965 workflow=ARL_UPDATE run_id=61 node=U3 source=Authority destination=TM
event=receive timestamp_ns=1791282864398969045 workflow=ARL_UPDATE run_id=62 node=U3 source=Authority destination=TM
event=receive timestamp_ns=1791282865937793903 workflow=ARL_UPDATE run_id=63 node=U3 source=Authority destination=TM
event=receive timestamp_ns=1791282867475071827 workflow=ARL_UPDATE run_id=64 node=U3 source=Authority destination=TM
event=receive timestamp_ns=1791282869010218333 workflow=ARL_UPDATE run_id=65 node=U3 source=Authority destination=TM
event=receive timestamp_ns=1791282870541263121 workflow=ARL_UPDATE run_id=66 node=U3 source=Authority destination=TM
event=receive timestamp_ns=1791282872111890064 workflow=ARL_UPDATE run_id=67 node=U3 source=Authority destination=TM
event=receive timestamp_ns=1791282874734824033 workflow=ARL_UPDATE run_id=68 node=U3 source=Authority destination=TM
event=receive timestamp_ns=1791282876275477684 workflow=ARL_UPDATE run_id=69 node=U3 source=Authority destination=TM
event=receive timestamp_ns=1791282877876732564 workflow=ARL_UPDATE run_id=70 node=U3 source=Authority destination=TM
event=receive timestamp_ns=1791282880330989942 workflow=KEY_REQUEST run_id=bench_h5_key_w1 node=U3 source=TM5 destination=TM
event=receive timestamp_ns=1791282883402648029 workflow=KEY_REQUEST run_id=bench_h5_key_w2 node=U3 source=TM5 destination=TM
event=receive timestamp_ns=1791282887534636026 workflow=KEY_REQUEST run_id=bench_h5_key_w3 node=U3 source=TM5 destination=TM
event=receive timestamp_ns=1791282890603212973 workflow=KEY_REQUEST run_id=bench_h5_key_w4 node=U3 source=TM5 destination=TM
event=receive timestamp_ns=1791282894156205734 workflow=KEY_REQUEST run_id=bench_h5_key_w5 node=U3 source=TM5 destination=TM
event=receive timestamp_ns=1791282897739121351 workflow=KEY_REQUEST run_id=bench_h5_key_001 node=U3 source=TM5 destination=TM
event=receive timestamp_ns=1791282901290554004 workflow=KEY_REQUEST run_id=bench_h5_key_002 node=U3 source=TM5 destination=TM
event=receive timestamp_ns=1791282904842576239 workflow=KEY_REQUEST run_id=bench_h5_key_003 node=U3 source=TM5 destination=TM
event=receive timestamp_ns=1791282909482549780 workflow=KEY_REQUEST run_id=bench_h5_key_004 node=U3 source=TM5 destination=TM
event=receive timestamp_ns=1791282912618900127 workflow=KEY_REQUEST run_id=bench_h5_key_005 node=U3 source=TM5 destination=TM
event=receive timestamp_ns=1791282917230700040 workflow=KEY_REQUEST run_id=bench_h5_key_006 node=U3 source=TM5 destination=TM
event=receive timestamp_ns=1791282920362752417 workflow=KEY_REQUEST run_id=bench_h5_key_007 node=U3 source=TM5 destination=TM
event=receive timestamp_ns=1791282924970450855 workflow=KEY_REQUEST run_id=bench_h5_key_008 node=U3 source=TM5 destination=TM
event=receive timestamp_ns=1791282928522830700 workflow=KEY_REQUEST run_id=bench_h5_key_009 node=U3 source=TM5 destination=TM
event=receive timestamp_ns=1791282933131057186 workflow=KEY_REQUEST run_id=bench_h5_key_010 node=U3 source=TM5 destination=TM
event=receive timestamp_ns=1791282936682986062 workflow=KEY_REQUEST run_id=bench_h5_key_011 node=U3 source=TM5 destination=TM
event=receive timestamp_ns=1791282940266594819 workflow=KEY_REQUEST run_id=bench_h5_key_012 node=U3 source=TM5 destination=TM
event=receive timestamp_ns=1791282943818521431 workflow=KEY_REQUEST run_id=bench_h5_key_013 node=U3 source=TM5 destination=TM
event=receive timestamp_ns=1791282947370489507 workflow=KEY_REQUEST run_id=bench_h5_key_014 node=U3 source=TM5 destination=TM
event=receive timestamp_ns=1791282950922777670 workflow=KEY_REQUEST run_id=bench_h5_key_015 node=U3 source=TM5 destination=TM
event=receive timestamp_ns=1791282954506845638 workflow=KEY_REQUEST run_id=bench_h5_key_016 node=U3 source=TM5 destination=TM
event=receive timestamp_ns=1791282958698847154 workflow=KEY_REQUEST run_id=bench_h5_key_017 node=U3 source=TM5 destination=TM
event=receive timestamp_ns=1791282963978625749 workflow=KEY_REQUEST run_id=bench_h5_key_018 node=U3 source=TM5 destination=TM
event=receive timestamp_ns=1791282967146894457 workflow=KEY_REQUEST run_id=bench_h5_key_019 node=U3 source=TM5 destination=TM
event=receive timestamp_ns=1791282971754917158 workflow=KEY_REQUEST run_id=bench_h5_key_020 node=U3 source=TM5 destination=TM
event=receive timestamp_ns=1791282974826489706 workflow=KEY_REQUEST run_id=bench_h5_key_021 node=U3 source=TM5 destination=TM
event=receive timestamp_ns=1791282979434663319 workflow=KEY_REQUEST run_id=bench_h5_key_022 node=U3 source=TM5 destination=TM
event=receive timestamp_ns=1791282983594516321 workflow=KEY_REQUEST run_id=bench_h5_key_023 node=U3 source=TM5 destination=TM
event=receive timestamp_ns=1791282986666718329 workflow=KEY_REQUEST run_id=bench_h5_key_024 node=U3 source=TM5 destination=TM
event=receive timestamp_ns=1791282990282658264 workflow=KEY_REQUEST run_id=bench_h5_key_025 node=U3 source=TM5 destination=TM
event=receive timestamp_ns=1791282994410875222 workflow=KEY_REQUEST run_id=bench_h5_key_026 node=U3 source=TM5 destination=TM
event=receive timestamp_ns=1791282997034946894 workflow=KEY_REQUEST run_id=bench_h5_key_027 node=U3 source=TM5 destination=TM
event=receive timestamp_ns=1791283002250759868 workflow=KEY_REQUEST run_id=bench_h5_key_028 node=U3 source=TM5 destination=TM
event=receive timestamp_ns=1791283005450645542 workflow=KEY_REQUEST run_id=bench_h5_key_029 node=U3 source=TM5 destination=TM
event=receive timestamp_ns=1791283010667490973 workflow=KEY_REQUEST run_id=bench_h5_key_030 node=U3 source=TM5 destination=TM
