event=receive timestamp_ns=1791282707022851041 workflow=KEY_REQUEST run_id=bench_h5_setup node=U4 source=TM5 destination=TM
event=receive timestamp_ns=1791282710196785563 workflow=CT_SHARE run_id=1 node=U4 source=TM5 destination=TM
event=receive timestamp_ns=1791282711735894850 workflow=CT_SHARE run_id=2 node=U4 source=TM5 destination=TM
event=receive timestamp_ns=1791282713275191234 workflow=CT_SHARE run_id=3 node=U4 source=TM5 destination=TM
event=receive timestamp_ns=1791282714812840710 workflow=CT_SHARE run_id=4 node=U4 source=TM5 destination=TM
event=receive timestamp_ns=1791282716350874774 workflow=CT_SHARE run_id=5 node=U4 source=TM5 destination=TM
event=receive timestamp_ns=1791282717884366460 workflow=CT_SHARE run_id=6 node=U4 source=TM5 destination=TM
event=receive timestamp_ns=1791282719424378386 workflow=CT_SHARE run_id=7 node=U4 source=TM5 destination=TM
event=receive timestamp_ns=1791282720959002287 workflow=CT_SHARE run_id=8 node=U4 source=TM5 destination=TM
event=receive timestamp_ns=1791282722495019195 workflow=CT_SHARE run_id=9 node=U4 source=TM5 destination=TM
event=receive timestamp_ns=1791282724029725768 workflow=CT_SHARE run_id=10 node=U4 source=TM5 destination=TM
event=receive timestamp_ns=1791282725563161879 workflow=CT_SHARE run_id=11 node=U4 source=TM5 destination=TM
event=receive timestamp_ns=1791282727135004341 workflow=CT_SHARE run_id=12 node=U4 source=TM5 destination=TM
event=receive timestamp_ns=1791282728734547572 workflow=CT_SHARE run_id=13 node=U4 source=TM5 destination=TM
event=receive timestamp_ns=1791282730239734149 workflow=CT_SHARE run_id=14 node=U4 source=TM5 destination=TM
event=receive timestamp_ns=1791282731809192008 workflow=CT_SHARE run_id=15 node=U4 source=TM5 destination=TM
event=receive timestamp_ns=1791282733307434787 workflow=CT_SHARE run_id=16 node=U4 source=TM5 destination=TM
event=receive timestamp_ns=1791282734878442861 workflow=CT_SHARE run_id=17 node=U4 source=TM5 destination=TM
event=receive timestamp_ns=1791282736370623615 workflow=CT_SHARE run_id=18 node=U4 source=TM5 destination=TM
event=receive timestamp_ns=1791282737913547903 workflow=CT_SHARE run_id=19 node=U4 source=TM5 destination=TM
event=receive timestamp_ns=1791282739448577190 workflow=CT_SHARE run_id=20 node=U4 source=TM5 destination=TM
event=receive timestamp_ns=1791282740979169674 workflow=CT_SHARE run_id=21 node=U4 source=TM5 destination=TM
event=receive timestamp_ns=1791282742588280658 workflow=CT_SHARE run_id=22 node=U4 source=TM5 destination=TM
event=receive timestamp_ns=1791282744116879005 workflow=CT_SHARE run_id=23 node=U4 source=TM5 destination=TM
event=receive timestamp_ns=1791282745663293354 workflow=CT_SHARE run_id=24 node=U4 source=TM5 destination=TM
event=receive timestamp_ns=1791282747197014034 workflow=CT_SHARE run_id=25 node=U4 source=TM5 destination=TM
event=receive timestamp_ns=1791282748736203305 workflow=CT_SHARE run_id=26 node=U4 source=TM5 destination=TM
event=receive timestamp_ns=1791282750291086747 workflow=CT_SHARE run_id=27 node=U4 source=TM5 destination=TM
event=receive timestamp_ns=1791282751840867780 workflow=CT_SHARE run_id=28 node=U4 source=TM5 destination=TM
event=receive timestamp_ns=1791282753340386074 workflow=CT_SHARE run_id=29 node=U4 source=TM5 destination=TM
event=receive timestamp_ns=1791282754969032746 workflow=CT_SHARE run_id=30 node=U4 source=TM5 destination=TM
event=receive timestamp_ns=1791282756469750508 workflow=CT_SHARE run_id=31 node=U4 source=TM5 destination=TM
event=receive timestamp_ns=1791282758012389961 workflow=CT_SHARE run_id=32 node=U4 source=TM5 destination=TM
event=receive timestamp_ns=1791282759582621328 workflow=CT_SHARE run_id=33 node=U4 source=TM5 destination=TM
event=receive timestamp_ns=1791282761090186170 workflow=CT_SHARE run_id=34 node=U4 source=TM5 destination=TM
event=receive timestamp_ns=1791282762623168751 workflow=CT_SHARE run_id=35 node=U4 source=TM5 destination=TM
event=receive timestamp_ns=1791282764052046624 workflow=ARL_UPDATE run_id=1 node=U4 source=Authority destination=TM
event=receive timestamp_ns=1791282765618989289 workflow=ARL_UPDATE run_id=2 node=U4 source=Authority destination=TM
event=receive timestamp_ns=1791282768241785720 workflow=ARL_UPDATE run_id=3 node=U4 source=Authority destination=TM
event=receive timestamp_ns=1791282770930845989 workflow=ARL_UPDATE run_id=4 node=U4 source=Authority destination=TM
event=receive timestamp_ns=1791282773550283117 workflow=ARL_UPDATE run_id=5 node=U4 source=Authority destination=TM
event=receive timestamp_ns=1791282775090478235 workflow=ARL_UPDATE run_id=6 node=U4 source=Authority destination=TM
event=receive timestamp_ns=1791282776662518642 workflow=ARL_UPDATE run_id=7 node=U4 source=Authority destination=TM
event=receive timestamp_ns=1791282778196451649 workflow=ARL_UPDATE run_id=8 node=U4 source=Authority destination=TM
event=receive timestamp_ns=1791282779728772937 workflow=ARL_UPDATE run_id=9 node=U4 source=Authority destination=TM
event=receive timestamp_ns=1791282781268634723 workflow=ARL_UPDATE run_id=10 node=U4 source=Authority destination=TM
event=receive timestamp_ns=1791282782805120437 workflow=ARL_UPDATE run_id=11 node=U4 source=Authority destination=TM
event=receive timestamp_ns=1791282784340418740 workflow=ARL_UPDATE run_id=12 node=U4 source=Authority destination=TM
event=receive timestamp_ns=1791282785876066233 workflow=ARL_UPDATE run_id=13 node=U4 source=Authority destination=TM
event=receive timestamp_ns=1791282787443752217 workflow=ARL_UPDATE run_id=14 node=U4 source=Authority destination=TM
event=receive timestamp_ns=1791282790066028361 workflow=ARL_UPDATE run_id=15 node=U4 source=Authority destination=TM
event=receive timestamp_ns=1791282791602975324 workflow=ARL_UPDATE run_id=16 node=U4 source=Authority destination=TM
event=receive timestamp_ns=1791282793136764932 workflow=ARL_UPDATE run_id=17 node=U4 source=Authority destination=TM
event=receive timestamp_ns=1791282794675717180 workflow=ARL_UPDATE run_id=18 node=U4 source=Authority destination=TM
event=receive timestamp_ns=1791282796209754201 workflow=ARL_UPDATE run_id=19 node=U4 source=Authority destination=TM
event=receive timestamp_ns=1791282797745773054 workflow=ARL_UPDATE run_id=20 node=U4 source=Authority destination=TM
event=receive timestamp_ns=1791282799280916694 workflow=ARL_UPDATE run_id=21 node=U4 source=Authority destination=TM
event=receive timestamp_ns=1791282800847061310 workflow=ARL_UPDATE run_id=22 node=U4 source=Authority destination=TM
event=receive timestamp_ns=1791282802388728886 workflow=ARL_UPDATE run_id=23 node=U4 source=Authority destination=TM
event=receive timestamp_ns=1791282803890955605 workflow=ARL_UPDATE run_id=24 node=U4 source=Authority destination=TM
event=receive timestamp_ns=1791282805426693015 workflow=ARL_UPDATE run_id=25 node=U4 source=Authority destination=TM
event=receive timestamp_ns=1791282808078751424 workflow=ARL_UPDATE run_id=26 node=U4 source=Authority destination=TM
event=receive timestamp_ns=1791282809618380903 workflow=ARL_UPDATE run_id=27 node=U4 source=Authority destination=TM
event=receive timestamp_ns=1791282811154885556 workflow=ARL_UPDATE run_id=28 node=U4 source=Authority destination=TM
event=receive timestamp_ns=1791282812689062719 workflow=ARL_UPDATE run_id=29 node=U4 source=Authority destination=TM
event=receive timestamp_ns=1791282814228370820 workflow=ARL_UPDATE run_id=30 node=U4 source=Authority destination=TM
event=receive timestamp_ns=1791282815764348244 workflow=ARL_UPDATE run_id=31 node=U4 source=Authority destination=TM
event=receive timestamp_ns=1791282817300739493 workflow=ARL_UPDATE run_id=32 node=U4 source=Authority destination=TM
event=receive timestamp_ns=1791282818830624667 workflow=ARL_UPDATE run_id=33 node=U4 source=Authority destination=TM
event=receive timestamp_ns=1791282820372673775 workflow=ARL_UPDATE run_id=34 node=U4 source=Authority destination=TM
event=receive timestamp_ns=1791282821872357800 workflow=ARL_UPDATE run_id=35 node=U4 source=Authority destination=TM
event=receive timestamp_ns=1791282823442464228 workflow=ARL_UPDATE run_id=36 node=U4 source=Authority destination=TM
event=receive timestamp_ns=1791282824942625786 workflow=ARL_UPDATE run_id=37 node=U4 source=Authority destination=TM
event=receive timestamp_ns=1791282826513985381 workflow=ARL_UPDATE run_id=38 node=U4 source=Authority destination=TM
event=receive timestamp_ns=1791282828048245488 workflow=ARL_UPDATE run_id=39 node=U4 source=Authority destination=TM
event=receive timestamp_ns=1791282829581600132 workflow=ARL_UPDATE run_id=40 node=U4 source=Authority destination=TM
event=receive timestamp_ns=1791282831121289499 workflow=ARL_UPDATE run_id=41 node=U4 source=Authority destination=TM
event=receive timestamp_ns=1791282832660151571 workflow=ARL_UPDATE run_id=42 node=U4 source=Authority destination=TM
event=receive timestamp_ns=1791282834192159573 workflow=ARL_UPDATE run_id=43 node=U4 source=Authority destination=TM
event=receive timestamp_ns=1791282835727208897 workflow=ARL_UPDATE run_id=44 node=U4 source=Authority destination=TM
event=receive timestamp_ns=1791282838384396351 workflow=ARL_UPDATE run_id=45 node=U4 source=Authority destination=TM
event=receive timestamp_ns=1791282839921173982 workflow=ARL_UPDATE run_id=46 node=U4 source=Authority destination=TM
event=receive timestamp_ns=1791282841458238065 workflow=ARL_UPDATE run_id=47 node=U4 source=Authority destination=TM
event=receive timestamp_ns=1791282842993580373 workflow=ARL_UPDATE run_id=48 node=U4 source=Authority destination=TM
event=receive timestamp_ns=1791282844529311855 workflow=ARL_UPDATE run_id=49 node=U4 source=Authority destination=TM
event=receive timestamp_ns=1791282846070197956 workflow=ARL_UPDATE run_id=50 node=U4 source=Authority destination=TM
event=receive timestamp_ns=1791282847603456663 workflow=ARL_UPDATE run_id=51 node=U4 source=Authority destination=TM
event=receive timestamp_ns=1791282849139300818 workflow=ARL_UPDATE run_id=52 node=U4 source=Authority destination=TM
event=receive timestamp_ns=1791282850675357590 workflow=ARL_UPDATE run_id=53 node=U4 source=Authority destination=TM
event=receive timestamp_ns=1791282852209927643 workflow=ARL_UPDATE run_id=54 node=U4 source=Authority destination=TM
event=receive timestamp_ns=1791282853747916773 workflow=ARL_UPDATE run_id=55 node=U4 source=Authority destination=TM
event=receive timestamp_ns=1791282855283487262 workflow=ARL_UPDATE run_id=56 node=U4 source=Authority destination=TM
event=receive timestamp_ns=1791282856819300914 workflow=ARL_UPDATE run_id=57 node=U4 source=Authority destination=TM
event=receive timestamp_ns=1791282858349708086 workflow=ARL_UPDATE run_id=58 node=U4 source=Authority destination=TM
event=receive timestamp_ns=1791282859856360423 workflow=ARL_UPDATE run_id=59 node=U4 source=Authority destination=TM
event=receive timestamp_ns=1791282861424215147 workflow=ARL_UPDATE run_id=60 node=U4 source=Authority destination=TM
event=receive timestamp_ns=1791282862961810892 workflow=ARL_UPDATE run_id=61 node=U4 source=Authority destination=TM
event=receive timestamp_ns=1791282864465181517 workflow=ARL_UPDATE run_id=62 node=U4 source=Authority destination=TM
event=receive timestamp_ns=1791282866035767533 workflow=ARL_UPDATE run_id=63 node=U4 source=Authority destination=TM
event=receive timestamp_ns=1791282867534507317 workflow=ARL_UPDATE run_id=64 node=U4 source=Authority destination=TM
event=receive timestamp_ns=1791282869103494362 workflow=ARL_UPDATE run_id=65 node=U4 source=Authority destination=TM
event=receive timestamp_ns=1791282870640667810 workflow=ARL_UPDATE run_id=66 node=U4 source=Authority destination=TM
event=receive timestamp_ns=1791282872210201863 workflow=ARL_UPDATE run_id=67 node=U4 source=Authority destination=TM
event=receive timestamp_ns=1791282874837521604 workflow=ARL_UPDATE run_id=68 node=U4 source=Authority destination=TM
event=receive timestamp_ns=1791282876369006651 workflow=ARL_UPDATE run_id=69 node=U4 source=Authority destination=TM
event=receive timestamp_ns=1791282877972193530 workflow=ARL_UPDATE run_id=70 node=U4 source=Authority destination=TM
event=receive timestamp_ns=1791282880235095534 workflow=KEY_REQUEST run_id=bench_h5_key_w1 node=U4 source=TM5 destination=TM
event=receive timestamp_ns=1791282883306574849 workflow=KEY_REQUEST run_id=bench_h5_key_w2 node=U4 source=TM5 destination=TM
event=receive timestamp_ns=1791282887434914606 workflow=KEY_REQUEST run_id=bench_h5_key_w3 node=U4 source=TM5 destination=TM
event=receive timestamp_ns=1791282890507329345 workflow=KEY_REQUEST run_id=bench_h5_key_w4 node=U4 source=TM5 destination=TM
event=receive timestamp_ns=1791282894570660039 workflow=KEY_REQUEST run_id=bench_h5_key_w5 node=U4 source=TM5 destination=TM
event=receive timestamp_ns=1791282897642813397 workflow=KEY_REQUEST run_id=bench_h5_key_001 node=U4 source=TM5 destination=TM
event=receive timestamp_ns=1791282901706663199 workflow=KEY_REQUEST run_id=bench_h5_key_002 node=U4 source=TM5 destination=TM
event=receive timestamp_ns=1791282904746620204 workflow=KEY_REQUEST run_id=bench_h5_key_003 node=U4 source=TM5 destination=TM
event=receive timestamp_ns=1791282909386593356 workflow=KEY_REQUEST run_id=bench_h5_key_004 node=U4 source=TM5 destination=TM
event=receive timestamp_ns=1791282913034591455 workflow=KEY_REQUEST run_id=bench_h5_key_005 node=U4 source=TM5 destination=TM
event=receive timestamp_ns=1791282917130768229 workflow=KEY_REQUEST run_id=bench_h5_key_006 node=U4 source=TM5 destination=TM
event=receive timestamp_ns=1791282920778516364 workflow=KEY_REQUEST run_id=bench_h5_key_007 node=U4 source=TM5 destination=TM
event=receive timestamp_ns=1791282924878482485 workflow=KEY_REQUEST run_id=bench_h5_key_008 node=U4 source=TM5 destination=TM
event=receive timestamp_ns=1791282928938769056 workflow=KEY_REQUEST run_id=bench_h5_key_009 node=U4 source=TM5 destination=TM
event=receive timestamp_ns=1791282933034916665 workflow=KEY_REQUEST run_id=bench_h5_key_010 node=U4 source=TM5 destination=TM
event=receive timestamp_ns=1791282937102503329 workflow=KEY_REQUEST run_id=bench_h5_key_011 node=U4 source=TM5 destination=TM
event=receive timestamp_ns=1791282940170424878 workflow=KEY_REQUEST run_id=bench_h5_key_012 node=U4 source=TM5 destination=TM
event=receive timestamp_ns=1791282944234631945 workflow=KEY_REQUEST run_id=bench_h5_key_013 node=U4 source=TM5 destination=TM
event=receive timestamp_ns=1791282947274412182 workflow=KEY_REQUEST run_id=bench_h5_key_014 node=U4 source=TM5 destination=TM
event=receive timestamp_ns=1791282951338755962 workflow=KEY_REQUEST run_id=bench_h5_key_015 node=U4 source=TM5 destination=TM
event=receive timestamp_ns=1791282954410789358 workflow=KEY_REQUEST run_id=bench_h5_key_016 node=U4 source=TM5 destination=TM
event=receive timestamp_ns=1791282959114718116 workflow=KEY_REQUEST run_id=bench_h5_key_017 node=U4 source=TM5 destination=TM
event=receive timestamp_ns=1791282963883273372 workflow=KEY_REQUEST run_id=bench_h5_key_018 node=U4 source=TM5 destination=TM
event=receive timestamp_ns=1791282967562910663 workflow=KEY_REQUEST run_id=bench_h5_key_019 node=U4 source=TM5 destination=TM
event=receive timestamp_ns=1791282971662444877 workflow=KEY_REQUEST run_id=bench_h5_key_020 node=U4 source=TM5 destination=TM
event=receive timestamp_ns=1791282974731062131 workflow=KEY_REQUEST run_id=bench_h5_key_021 node=U4 source=TM5 destination=TM
event=receive timestamp_ns=1791282979883016762 workflow=KEY_REQUEST run_id=bench_h5_key_022 node=U4 source=TM5 destination=TM
event=receive timestamp_ns=1791282983499014431 workflow=KEY_REQUEST run_id=bench_h5_key_023 node=U4 source=TM5 destination=TM
event=receive timestamp_ns=1791282986571064765 workflow=KEY_REQUEST run_id=bench_h5_key_024 node=U4 source=TM5 destination=TM
event=receive timestamp_ns=1791282990671391398 workflow=KEY_REQUEST run_id=bench_h5_key_025 node=U4 source=TM5 destination=TM
event=receive timestamp_ns=1791282994314769164 workflow=KEY_REQUEST run_id=bench_h5_key_026 node=U4 source=TM5 destination=TM
event=receive timestamp_ns=1791282996938853733 workflow=KEY_REQUEST run_id=bench_h5_key_027 node=U4 source=TM5 destination=TM
event=receive timestamp_ns=1791283001643180252 workflow=KEY_REQUEST run_id=bench_h5_key_028 node=U4 source=TM5 destination=TM
event=receive timestamp_ns=1791283005355211437 workflow=KEY_REQUEST run_id=bench_h5_key_029 node=U4 source=TM5 destination=TM
event=receive timestamp_ns=1791283010058830437 workflow=KEY_REQUEST run_id=bench_h5_key_030 node=U4 source=TM5 destination=TM
