event=receive timestamp_ns=1791281315121844904 workflow=CT_SHARE run_id=31 node=Authority source=TM4 destination=TM
event=send timestamp_ns=1791281315128294326 workflow=KEY_RESPONSE run_id=bench_h4_key_009 node=Authority source=Authority destination=bench_h4_key_009
event=receive timestamp_ns=1791281316170824003 workflow=KEY_REQUEST run_id=bench_h4_key_009 node=Authority source=TM4 destination=TM
event=send timestamp_ns=1791281316179003975 workflow=KEY_RESPONSE run_id=bench_h4_key_w4 node=Authority source=Authority destination=bench_h4_key_w4
event=receive timestamp_ns=1791281317194721759 workflow=KEY_REQUEST run_id=bench_h4_key_w4 node=Authority source=TM4 destination=TM
event=receive timestamp_ns=1791281317202768730 workflow=CT_SHARE run_id=11 node=Authority source=TM4 destination=TM
event=receive timestamp_ns=1791281317209229165 workflow=CT_SHARE run_id=30 node=Authority source=TM4 destination=TM
event=receive timestamp_ns=1791281317216003595 workflow=CT_SHARE run_id=12 node=Authority source=TM4 destination=TM
event=send timestamp_ns=1791281317220382650 workflow=KEY_RESPONSE run_id=bench_h4_key_002 node=Authority source=Authority destination=bench_h4_key_002
event=receive timestamp_ns=1791281318250748345 workflow=KEY_REQUEST run_id=bench_h4_key_002 node=Authority source=TM4 destination=TM
event=receive timestamp_ns=1791281318257698127 workflow=CT_SHARE run_id=13 node=Authority source=TM4 destination=TM
event=receive timestamp_ns=1791281318265153735 workflow=CT_SHARE run_id=32 node=Authority source=TM4 destination=TM
event=receive timestamp_ns=1791281318271923422 workflow=CT_SHARE run_id=15 node=Authority source=TM4 destination=TM
event=send timestamp_ns=1791281318276313399 workflow=KEY_RESPONSE run_id=bench_h4_key_010 node=Authority source=Authority destination=bench_h4_key_010
event=receive timestamp_ns=1791281319306673177 workflow=KEY_REQUEST run_id=bench_h4_key_010 node=Authority source=TM4 destination=TM
event=receive timestamp_ns=1791281319316458408 workflow=CT_SHARE run_id=14 node=Authority source=TM4 destination=TM
event=receive timestamp_ns=1791281319323011552 workflow=CT_SHARE run_id=16 node=Authority source=TM4 destination=TM
event=send timestamp_ns=1791281319327518291 workflow=KEY_RESPONSE run_id=bench_h4_key_003 node=Authority source=Authority destination=bench_h4_key_003
event=receive timestamp_ns=1791281320362505973 workflow=KEY_REQUEST run_id=bench_h4_key_003 node=Authority source=TM4 destination=TM
event=receive timestamp_ns=1791281320371500516 workflow=CT_SHARE run_id=8 node=Authority source=TM4 destination=TM
event=receive timestamp_ns=1791281320378199542 workflow=CT_SHARE run_id=17 node=Authority source=TM4 destination=TM
event=receive timestamp_ns=1791281320385515567 workflow=CT_SHARE run_id=7 node=Authority source=TM4 destination=TM
event=receive timestamp_ns=1791281320392481763 workflow=CT_SHARE run_id=9 node=Authority source=TM4 destination=TM
event=send timestamp_ns=1791281320397986608 workflow=KEY_RESPONSE run_id=bench_h4_key_011 node=Authority source=Authority destination=bench_h4_key_011
event=receive timestamp_ns=1791281321418539417 workflow=KEY_REQUEST run_id=bench_h4_key_011 node=Authority source=TM4 destination=TM
event=receive timestamp_ns=1791281321425503009 workflow=CT_SHARE run_id=18 node=Authority source=TM4 destination=TM
event=send timestamp_ns=1791281321433673236 workflow=KEY_RESPONSE run_id=bench_h4_key_w1 node=Authority source=Authority destination=bench_h4_key_w1
event=receive timestamp_ns=1791281322634409637 workflow=KEY_REQUEST run_id=bench_h4_key_w1 node=Authority source=TM4 destination=TM
event=receive timestamp_ns=1791281322642876070 workflow=CT_SHARE run_id=10 node=Authority source=TM4 destination=TM
event=receive timestamp_ns=1791281322650256396 workflow=CT_SHARE run_id=19 node=Authority source=TM4 destination=TM
event=send timestamp_ns=1791281322654825747 workflow=KEY_RESPONSE run_id=bench_h4_key_007 node=Authority source=Authority destination=bench_h4_key_007
event=receive timestamp_ns=1791281323690687210 workflow=KEY_REQUEST run_id=bench_h4_key_007 node=Authority source=TM4 destination=TM
event=receive timestamp_ns=1791281323699855676 workflow=CT_SHARE run_id=4 node=Authority source=TM4 destination=TM
event=receive timestamp_ns=1791281323706704215 workflow=CT_SHARE run_id=21 node=Authority source=TM4 destination=TM
event=receive timestamp_ns=1791281323713389029 workflow=CT_SHARE run_id=2 node=Authority source=TM4 destination=TM
event=send timestamp_ns=1791281323717708782 workflow=KEY_RESPONSE run_id=bench_h4_key_004 node=Authority source=Authority destination=bench_h4_key_004
event=receive timestamp_ns=1791281324746507194 workflow=KEY_REQUEST run_id=bench_h4_key_004 node=Authority source=TM4 destination=TM
event=receive timestamp_ns=1791281324753185830 workflow=CT_SHARE run_id=20 node=Authority source=TM4 destination=TM
event=receive timestamp_ns=1791281324759847675 workflow=CT_SHARE run_id=3 node=Authority source=TM4 destination=TM
event=send timestamp_ns=1791281324764784758 workflow=KEY_RESPONSE run_id=bench_h4_key_012 node=Authority source=Authority destination=bench_h4_key_012
event=receive timestamp_ns=1791281325802778263 workflow=KEY_REQUEST run_id=bench_h4_key_012 node=Authority source=TM4 destination=TM
event=receive timestamp_ns=1791281325810341976 workflow=CT_SHARE run_id=24 node=Authority source=TM4 destination=TM
event=send timestamp_ns=1791281325815910580 workflow=KEY_RESPONSE run_id=bench_h4_key_w2 node=Authority source=Authority destination=bench_h4_key_w2
event=receive timestamp_ns=1791281326858365773 workflow=KEY_REQUEST run_id=bench_h4_key_w2 node=Authority source=TM4 destination=TM
event=receive timestamp_ns=1791281326865322139 workflow=CT_SHARE run_id=23 node=Authority source=TM4 destination=TM
event=receive timestamp_ns=1791281326872210580 workflow=CT_SHARE run_id=22 node=Authority source=TM4 destination=TM
event=receive timestamp_ns=1791281326879012036 workflow=CT_SHARE run_id=6 node=Authority source=TM4 destination=TM
event=receive timestamp_ns=1791281326885874572 workflow=CT_SHARE run_id=5 node=Authority source=TM4 destination=TM
event=send timestamp_ns=1791281326890507543 workflow=KEY_RESPONSE run_id=bench_h4_key_005 node=Authority source=Authority destination=bench_h4_key_005
event=receive timestamp_ns=1791281327914452439 workflow=KEY_REQUEST run_id=bench_h4_key_005 node=Authority source=TM4 destination=TM
event=receive timestamp_ns=1791281327922479364 workflow=CT_SHARE run_id=26 node=Authority source=TM4 destination=TM
event=receive timestamp_ns=1791281327931169630 workflow=CT_SHARE run_id=33 node=Authority source=TM4 destination=TM
event=receive timestamp_ns=1791281327939369847 workflow=CT_SHARE run_id=25 node=Authority source=TM4 destination=TM
event=send timestamp_ns=1791281327944027117 workflow=KEY_RESPONSE run_id=bench_h4_key_008 node=Authority source=Authority destination=bench_h4_key_008
event=receive timestamp_ns=1791281328970487573 workflow=KEY_REQUEST run_id=bench_h4_key_008 node=Authority source=TM4 destination=TM
event=receive timestamp_ns=1791281328984856977 workflow=CT_SHARE run_id=34 node=Authority source=TM4 destination=TM
event=send timestamp_ns=1791281328996433252 workflow=KEY_RESPONSE run_id=bench_h4_setup node=Authority source=Authority destination=bench_h4_setup
event=receive timestamp_ns=1791281330026432842 workflow=KEY_REQUEST run_id=bench_h4_setup node=Authority source=TM4 destination=TM
event=send timestamp_ns=1791281330031711391 workflow=KEY_RESPONSE run_id=bench_h4_key_w5 node=Authority source=Authority destination=bench_h4_key_w5
event=receive timestamp_ns=1791281331050435079 workflow=KEY_REQUEST run_id=bench_h4_key_w5 node=Authority source=TM4 destination=TM
event=receive timestamp_ns=1791281331057362295 workflow=CT_SHARE run_id=29 node=Authority source=TM4 destination=TM
event=receive timestamp_ns=1791281331065218706 workflow=CT_SHARE run_id=28 node=Authority source=TM4 destination=TM
event=receive timestamp_ns=1791281331072198629 workflow=CT_SHARE run_id=35 node=Authority source=TM4 destination=TM
event=send timestamp_ns=1791281331076970641 workflow=KEY_RESPONSE run_id=bench_h4_key_006 node=Authority source=Authority destination=bench_h4_key_006
event=receive timestamp_ns=1791281332106424258 workflow=KEY_REQUEST run_id=bench_h4_key_006 node=Authority source=TM4 destination=TM
event=send timestamp_ns=1791281332111251634 workflow=KEY_RESPONSE run_id=bench_h4_key_w3 node=Authority source=Authority destination=bench_h4_key_w3
event=receive timestamp_ns=1791281333130675633 workflow=KEY_REQUEST run_id=bench_h4_key_w3 node=Authority source=TM4 destination=TM
event=receive timestamp_ns=1791281333137242586 workflow=CT_SHARE run_id=27 node=Authority source=TM4 destination=TM
event=send timestamp_ns=1791281333141689204 workflow=KEY_RESPONSE run_id=bench_h4_key_001 node=Authority source=Authority destination=bench_h4_key_001
event=receive timestamp_ns=1791281334186592483 workflow=KEY_REQUEST run_id=bench_h4_key_001 node=Authority source=TM4 destination=TM
event=receive timestamp_ns=1791281334194885151 workflow=CT_SHARE run_id=1 node=Authority source=TM4 destination=TM
event=send timestamp_ns=1791281335344234194 workflow=KEY_RESPONSE run_id=bench_h1_setup node=Authority source=Authority destination=bench_h1_setup
event=receive timestamp_ns=1791281336366377022 workflow=KEY_REQUEST run_id=bench_h1_setup node=Authority source=TM1 destination=TM
event=receive timestamp_ns=1791281337663420271 workflow=CT_SHARE run_id=1 node=Authority source=TM1 destination=TM
event=receive timestamp_ns=1791281339192363854 workflow=CT_SHARE run_id=2 node=Authority source=TM1 destination=TM
event=receive timestamp_ns=1791281340739227104 workflow=CT_SHARE run_id=3 node=Authority source=TM1 destination=TM
event=receive timestamp_ns=1791281342273846178 workflow=CT_SHARE run_id=4 node=Authority source=TM1 destination=TM
event=receive timestamp_ns=1791281343839307319 workflow=CT_SHARE run_id=5 node=Authority source=TM1 destination=TM
event=receive timestamp_ns=1791281345343604803 workflow=CT_SHARE run_id=6 node=Authority source=TM1 destination=TM
event=receive timestamp_ns=1791281346880611895 workflow=CT_SHARE run_id=7 node=Authority source=TM1 destination=TM
event=receive timestamp_ns=1791281348414652917 workflow=CT_SHARE run_id=8 node=Authority source=TM1 destination=TM
event=receive timestamp_ns=1791281349983347819 workflow=CT_SHARE run_id=9 node=Authority source=TM1 destination=TM
event=receive timestamp_ns=1791281351487498150 workflow=CT_SHARE run_id=10 node=Authority source=TM1 destination=TM
event=receive timestamp_ns=1791281353022472356 workflow=CT_SHARE run_id=11 node=Authority source=TM1 destination=TM
event=receive timestamp_ns=1791281354561865879 workflow=CT_SHARE run_id=12 node=Authority source=TM1 destination=TM
event=receive timestamp_ns=1791281356098035102 workflow=CT_SHARE run_id=13 node=Authority source=TM1 destination=TM
event=receive timestamp_ns=1791281357634357374 workflow=CT_SHARE run_id=14 node=Authority source=TM1 destination=TM
event=receive timestamp_ns=1791281359203253605 workflow=CT_SHARE run_id=15 node=Authority source=TM1 destination=TM
event=receive timestamp_ns=1791281360703724941 workflow=CT_SHARE run_id=16 node=Authority source=TM1 destination=TM
event=receive timestamp_ns=1791281362241559891 workflow=CT_SHARE run_id=17 node=Authority source=TM1 destination=TM
event=receive timestamp_ns=1791281363778111937 workflow=CT_SHARE run_id=18 node=Authority source=TM1 destination=TM
event=receive timestamp_ns=1791281365378218538 workflow=CT_SHARE run_id=19 node=Authority source=TM1 destination=TM
event=receive timestamp_ns=1791281366951134273 workflow=CT_SHARE run_id=20 node=Authority source=TM1 destination=TM
event=receive timestamp_ns=1791281368451864141 workflow=CT_SHARE run_id=21 node=Authority source=TM1 destination=TM
event=receive timestamp_ns=1791281369987383204 workflow=CT_SHARE run_id=22 node=Authority source=TM1 destination=TM
event=receive timestamp_ns=1791281371526929101 workflow=CT_SHARE run_id=23 node=Authority source=TM1 destination=TM
event=receive timestamp_ns=1791281373060796749 workflow=CT_SHARE run_id=24 node=Authority source=TM1 destination=TM
event=receive timestamp_ns=1791281374591497339 workflow=CT_SHARE run_id=25 node=Authority source=TM1 destination=TM
event=receive timestamp_ns=1791281376124660837 workflow=CT_SHARE run_id=26 node=Authority source=TM1 destination=TM
event=receive timestamp_ns=1791281377665525730 workflow=CT_SHARE run_id=27 node=Authority source=TM1 destination=TM
event=receive timestamp_ns=1791281379229778661 workflow=CT_SHARE run_id=28 node=Authority source=TM1 destination=TM
event=receive timestamp_ns=1791281380765646613 workflow=CT_SHARE run_id=29 node=Authority source=TM1 destination=TM
event=receive timestamp_ns=1791281382274342337 workflow=CT_SHARE run_id=30 node=Authority source=TM1 destination=TM
event=receive timestamp_ns=1791281383806167090 workflow=CT_SHARE run_id=31 node=Authority source=TM1 destination=TM
event=receive timestamp_ns=1791281385344707564 workflow=CT_SHARE run_id=32 node=Authority source=TM1 destination=TM
event=receive timestamp_ns=1791281386884441458 workflow=CT_SHARE run_id=33 node=Authority source=TM1 destination=TM
event=receive timestamp_ns=1791281388419081182 workflow=CT_SHARE run_id=34 node=Authority source=TM1 destination=TM
event=receive timestamp_ns=1791281389955077908 workflow=CT_SHARE run_id=35 node=Authority source=TM1 destination=TM
event=send timestamp_ns=1791281390041622481 workflow=ARL_UPDATE run_id=1 node=Authority source=Authority destination=TM
event=send timestamp_ns=1791281391387235226 workflow=ARL_UPDATE run_id=2 node=Authority source=Authority destination=TM
event=send timestamp_ns=1791281392922638396 workflow=ARL_UPDATE run_id=3 node=Authority source=Authority destination=TM
event=send timestamp_ns=1791281394460114242 workflow=ARL_UPDATE run_id=4 node=Authority source=Authority destination=TM
event=send timestamp_ns=1791281395998944046 workflow=ARL_UPDATE run_id=5 node=Authority source=Authority destination=TM
event=send timestamp_ns=1791281397536638631 workflow=ARL_UPDATE run_id=6 node=Authority source=Authority destination=TM
event=send timestamp_ns=1791281398875885816 workflow=ARL_UPDATE run_id=7 node=Authority source=Authority destination=TM
event=send timestamp_ns=1791281400608439832 workflow=ARL_UPDATE run_id=8 node=Authority source=Authority destination=TM
event=send timestamp_ns=1791281402141465819 workflow=ARL_UPDATE run_id=9 node=Authority source=Authority destination=TM
event=send timestamp_ns=1791281403676611611 workflow=ARL_UPDATE run_id=10 node=Authority source=Authority destination=TM
event=send timestamp_ns=1791281405075863077 workflow=ARL_UPDATE run_id=11 node=Authority source=Authority destination=TM
event=send timestamp_ns=1791281406806159981 workflow=ARL_UPDATE run_id=12 node=Authority source=Authority destination=TM
event=send timestamp_ns=1791281408354599229 workflow=ARL_UPDATE run_id=13 node=Authority source=Authority destination=TM
event=send timestamp_ns=1791281409883548177 workflow=ARL_UPDATE run_id=14 node=Authority source=Authority destination=TM
event=send timestamp_ns=1791281411223758205 workflow=ARL_UPDATE run_id=15 node=Authority source=Authority destination=TM
event=send timestamp_ns=1791281412958834690 workflow=ARL_UPDATE run_id=16 node=Authority source=Authority destination=TM
event=send timestamp_ns=1791281414494486243 workflow=ARL_UPDATE run_id=17 node=Authority source=Authority destination=TM
event=send timestamp_ns=1791281415831021228 workflow=ARL_UPDATE run_id=18 node=Authority source=Authority destination=TM
event=send timestamp_ns=1791281417559111823 workflow=ARL_UPDATE run_id=19 node=Authority source=Authority destination=TM
event=send timestamp_ns=1791281419094948971 workflow=ARL_UPDATE run_id=20 node=Authority source=Authority destination=TM
event=send timestamp_ns=1791281420634546637 workflow=ARL_UPDATE run_id=21 node=Authority source=Authority destination=TM
event=send timestamp_ns=1791281422170669641 workflow=ARL_UPDATE run_id=22 node=Authority source=Authority destination=TM
event=send timestamp_ns=1791281423706196165 workflow=ARL_UPDATE run_id=23 node=Authority source=Authority destination=TM
event=send timestamp_ns=1791281425244535401 workflow=ARL_UPDATE run_id=24 node=Authority source=Authority destination=TM
event=send timestamp_ns=1791281426780180169 workflow=ARL_UPDATE run_id=25 node=Authority source=Authority destination=TM
event=send timestamp_ns=1791281428192774529 workflow=ARL_UPDATE run_id=26 node=Authority source=Authority destination=TM
event=send timestamp_ns=1791281429779939281 workflow=ARL_UPDATE run_id=27 node=Authority source=Authority destination=TM
event=send timestamp_ns=1791281431512843339 workflow=ARL_UPDATE run_id=28 node=Authority source=Authority destination=TM
event=send timestamp_ns=1791281433050188855 workflow=ARL_UPDATE run_id=29 node=Authority source=Authority destination=TM
event=send timestamp_ns=1791281434592044250 workflow=ARL_UPDATE run_id=30 node=Authority source=Authority destination=TM
event=send timestamp_ns=1791281436123024992 workflow=ARL_UPDATE run_id=31 node=Authority source=Authority destination=TM
event=send timestamp_ns=1791281437659417890 workflow=ARL_UPDATE run_id=32 node=Authority source=Authority destination=TM
event=send timestamp_ns=1791281439197876144 workflow=ARL_UPDATE run_id=33 node=Authority source=Authority destination=TM
event=send timestamp_ns=1791281440534758826 workflow=ARL_UPDATE run_id=34 node=Authority source=Authority destination=TM
event=send timestamp_ns=1791281442069722045 workflow=ARL_UPDATE run_id=35 node=Authority source=Authority destination=TM
event=send timestamp_ns=1791281443804654655 workflow=ARL_UPDATE run_id=36 node=Authority source=Authority destination=TM
event=send timestamp_ns=1791281445344067206 workflow=ARL_UPDATE run_id=37 node=Authority source=Authority destination=TM
event=send timestamp_ns=1791281446870770670 workflow=ARL_UPDATE run_id=38 node=Authority source=Authority destination=TM
event=send timestamp_ns=1791281448413660416 workflow=ARL_UPDATE run_id=39 node=Authority source=Authority destination=TM
event=send timestamp_ns=1791281449944503881 workflow=ARL_UPDATE run_id=40 node=Authority source=Authority destination=TM
event=send timestamp_ns=1791281451290243429 workflow=ARL_UPDATE run_id=41 node=Authority source=Authority destination=TM
event=send timestamp_ns=1791281452819672912 workflow=ARL_UPDATE run_id=42 node=Authority source=Authority destination=TM
event=send timestamp_ns=1791281454365297300 workflow=ARL_UPDATE run_id=43 node=Authority source=Authority destination=TM
event=send timestamp_ns=1791281455898897256 workflow=ARL_UPDATE run_id=44 node=Authority source=Authority destination=TM
event=send timestamp_ns=1791281457626297644 workflow=ARL_UPDATE run_id=45 node=Authority source=Authority destination=TM
event=send timestamp_ns=1791281458970504186 workflow=ARL_UPDATE run_id=46 node=Authority source=Authority destination=TM
event=send timestamp_ns=1791281460501826227 workflow=ARL_UPDATE run_id=47 node=Authority source=Authority destination=TM
event=send timestamp_ns=1791281551562219826 workflow=ARL_UPDATE run_id=48 node=Authority source=Authority destination=TM
event=send timestamp_ns=1791281642701581178 workflow=ARL_UPDATE run_id=49 node=Authority source=Authority destination=TM
event=send timestamp_ns=1791281644509928766 workflow=ARL_UPDATE run_id=50 node=Authority source=Authority destination=TM
event=send timestamp_ns=1791281646045692668 workflow=ARL_UPDATE run_id=51 node=Authority source=Authority destination=TM
event=send timestamp_ns=1791281647391596432 workflow=ARL_UPDATE run_id=52 node=Authority source=Authority destination=TM
event=send timestamp_ns=1791281649122850519 workflow=ARL_UPDATE run_id=53 node=Authority source=Authority destination=TM
event=send timestamp_ns=1791281650449634380 workflow=ARL_UPDATE run_id=54 node=Authority source=Authority destination=TM
event=send timestamp_ns=1791281651990668148 workflow=ARL_UPDATE run_id=55 node=Authority source=Authority destination=TM
event=send timestamp_ns=1791281653722213249 workflow=ARL_UPDATE run_id=56 node=Authority source=Authority destination=TM
event=send timestamp_ns=1791281655259115161 workflow=ARL_UPDATE run_id=57 node=Authority source=Authority destination=TM
event=send timestamp_ns=1791281656594237328 workflow=ARL_UPDATE run_id=58 node=Authority source=Authority destination=TM
event=send timestamp_ns=1791281658328559949 workflow=ARL_UPDATE run_id=59 node=Authority source=Authority destination=TM
event=send timestamp_ns=1791281659735862540 workflow=ARL_UPDATE run_id=60 node=Authority source=Authority destination=TM
event=send timestamp_ns=1791281661263301557 workflow=ARL_UPDATE run_id=61 node=Authority source=Authority destination=TM
event=send timestamp_ns=1791281663011289351 workflow=ARL_UPDATE run_id=62 node=Authority source=Authority destination=TM
event=send timestamp_ns=1791281664542523165 workflow=ARL_UPDATE run_id=63 node=Authority source=Authority destination=TM
event=send timestamp_ns=1791281666072749801 workflow=ARL_UPDATE run_id=64 node=Authority source=Authority destination=TM
event=send timestamp_ns=1791281667415469827 workflow=ARL_UPDATE run_id=65 node=Authority source=Authority destination=TM
event=send timestamp_ns=1791281669146889888 workflow=ARL_UPDATE run_id=66 node=Authority source=Authority destination=TM
event=send timestamp_ns=1791281670486743976 workflow=ARL_UPDATE run_id=67 node=Authority source=Authority destination=TM
event=send timestamp_ns=1791281672218965434 workflow=ARL_UPDATE run_id=68 node=Authority source=Authority destination=TM
event=send timestamp_ns=1791281673753070058 workflow=ARL_UPDATE run_id=69 node=Authority source=Authority destination=TM
event=send timestamp_ns=1791281675161391639 workflow=ARL_UPDATE run_id=70 node=Authority source=Authority destination=TM
event=send timestamp_ns=1791281678326181440 workflow=KEY_RESPONSE run_id=bench_h1_key_w1 node=Authority source=Authority destination=bench_h1_key_w1
event=receive timestamp_ns=1791281679370428809 workflow=KEY_REQUEST run_id=bench_h1_key_w1 node=Authority source=TM1 destination=TM
event=send timestamp_ns=1791281681716907138 workflow=KEY_RESPONSE run_id=bench_h1_key_w2 node=Authority source=Authority destination=bench_h1_key_w2
event=receive timestamp_ns=1791281682730392947 workflow=KEY_REQUEST run_id=bench_h1_key_w2 node=Authority source=TM1 destination=TM
event=send timestamp_ns=1791281685108229561 workflow=KEY_RESPONSE run_id=bench_h1_key_w3 node=Authority source=Authority destination=bench_h1_key_w3
event=receive timestamp_ns=1791281686122767708 workflow=KEY_REQUEST run_id=bench_h1_key_w3 node=Authority source=TM1 destination=TM
event=send timestamp_ns=1791281687476078738 workflow=KEY_RESPONSE run_id=bench_h1_key_w4 node=Authority source=Authority destination=bench_h1_key_w4
event=receive timestamp_ns=1791281688490594329 workflow=KEY_REQUEST run_id=bench_h1_key_w4 node=Authority source=TM1 destination=TM
event=send timestamp_ns=1791281690863299046 workflow=KEY_RESPONSE run_id=bench_h1_key_w5 node=Authority source=Authority destination=bench_h1_key_w5
event=receive timestamp_ns=1791281691882736052 workflow=KEY_REQUEST run_id=bench_h1_key_w5 node=Authority source=TM1 destination=TM
event=send timestamp_ns=1791281694258040200 workflow=KEY_RESPONSE run_id=bench_h1_key_001 node=Authority source=Authority destination=bench_h1_key_001
event=receive timestamp_ns=1791281695278493220 workflow=KEY_REQUEST run_id=bench_h1_key_001 node=Authority source=TM1 destination=TM
event=send timestamp_ns=1791281697653980410 workflow=KEY_RESPONSE run_id=bench_h1_key_002 node=Authority source=Authority destination=bench_h1_key_002
event=receive timestamp_ns=1791281698702653708 workflow=KEY_REQUEST run_id=bench_h1_key_002 node=Authority source=TM1 destination=TM
event=send timestamp_ns=1791281699927334814 workflow=KEY_RESPONSE run_id=bench_h1_key_003 node=Authority source=Authority destination=bench_h1_key_003
event=receive timestamp_ns=1791281700970581525 workflow=KEY_REQUEST run_id=bench_h1_key_003 node=Authority source=TM1 destination=TM
event=send timestamp_ns=1791281703316186776 workflow=KEY_RESPONSE run_id=bench_h1_key_004 node=Authority source=Authority destination=bench_h1_key_004
event=receive timestamp_ns=1791281704330444298 workflow=KEY_REQUEST run_id=bench_h1_key_004 node=Authority source=TM1 destination=TM
event=send timestamp_ns=1791281705679713584 workflow=KEY_RESPONSE run_id=bench_h1_key_005 node=Authority source=Authority destination=bench_h1_key_005
event=receive timestamp_ns=1791281706702383255 workflow=KEY_REQUEST run_id=bench_h1_key_005 node=Authority source=TM1 destination=TM
event=send timestamp_ns=1791281710102920434 workflow=KEY_RESPONSE run_id=bench_h1_key_006 node=Authority source=Authority destination=bench_h1_key_006
event=receive timestamp_ns=1791281711150831307 workflow=KEY_REQUEST run_id=bench_h1_key_006 node=Authority source=TM1 destination=TM
event=send timestamp_ns=1791281713527500669 workflow=KEY_RESPONSE run_id=bench_h1_key_007 node=Authority source=Authority destination=bench_h1_key_007
event=receive timestamp_ns=1791281714570449142 workflow=KEY_REQUEST run_id=bench_h1_key_007 node=Authority source=TM1 destination=TM
event=send timestamp_ns=1791281716911242911 workflow=KEY_RESPONSE run_id=bench_h1_key_008 node=Authority source=Authority destination=bench_h1_key_008
event=receive timestamp_ns=1791281717930632055 workflow=KEY_REQUEST run_id=bench_h1_key_008 node=Authority source=TM1 destination=TM
event=send timestamp_ns=1791281721328629820 workflow=KEY_RESPONSE run_id=bench_h1_key_009 node=Authority source=Authority destination=bench_h1_key_009
event=receive timestamp_ns=1791281722350781615 workflow=KEY_REQUEST run_id=bench_h1_key_009 node=Authority source=TM1 destination=TM
event=send timestamp_ns=1791281724723957557 workflow=KEY_RESPONSE run_id=bench_h1_key_010 node=Authority source=Authority destination=bench_h1_key_010
event=receive timestamp_ns=1791281725738835286 workflow=KEY_REQUEST run_id=bench_h1_key_010 node=Authority source=TM1 destination=TM
event=send timestamp_ns=1791281728117043463 workflow=KEY_RESPONSE run_id=bench_h1_key_011 node=Authority source=Authority destination=bench_h1_key_011
event=receive timestamp_ns=1791281729162478542 workflow=KEY_REQUEST run_id=bench_h1_key_011 node=Authority source=TM1 destination=TM
event=send timestamp_ns=1791281732559256159 workflow=KEY_RESPONSE run_id=bench_h1_key_012 node=Authority source=Authority destination=bench_h1_key_012
event=receive timestamp_ns=1791281733582412319 workflow=KEY_REQUEST run_id=bench_h1_key_012 node=Authority source=TM1 destination=TM
event=send timestamp_ns=1791281735958430129 workflow=KEY_RESPONSE run_id=bench_h1_key_013 node=Authority source=Authority destination=bench_h1_key_013
event=receive timestamp_ns=1791281737002697010 workflow=KEY_REQUEST run_id=bench_h1_key_013 node=Authority source=TM1 destination=TM
event=send timestamp_ns=1791281739343460063 workflow=KEY_RESPONSE run_id=bench_h1_key_014 node=Authority source=Authority destination=bench_h1_key_014
event=receive timestamp_ns=1791281740362937112 workflow=KEY_REQUEST run_id=bench_h1_key_014 node=Authority source=TM1 destination=TM
event=send timestamp_ns=1791281742769073038 workflow=KEY_RESPONSE run_id=bench_h1_key_015 node=Authority source=Authority destination=bench_h1_key_015
event=receive timestamp_ns=1791281743786565558 workflow=KEY_REQUEST run_id=bench_h1_key_015 node=Authority source=TM1 destination=TM
event=send timestamp_ns=1791281747186157677 workflow=KEY_RESPONSE run_id=bench_h1_key_016 node=Authority source=Authority destination=bench_h1_key_016
event=receive timestamp_ns=1791281748202746038 workflow=KEY_REQUEST run_id=bench_h1_key_016 node=Authority source=TM1 destination=TM
event=send timestamp_ns=1791281750582062960 workflow=KEY_RESPONSE run_id=bench_h1_key_017 node=Authority source=Authority destination=bench_h1_key_017
event=receive timestamp_ns=1791281751626673061 workflow=KEY_REQUEST run_id=bench_h1_key_017 node=Authority source=TM1 destination=TM
event=send timestamp_ns=1791281752853076108 workflow=KEY_RESPONSE run_id=bench_h1_key_018 node=Authority source=Authority destination=bench_h1_key_018
event=receive timestamp_ns=1791281753903043944 workflow=KEY_REQUEST run_id=bench_h1_key_018 node=Authority source=TM1 destination=TM
event=send timestamp_ns=1791281755124723759 workflow=KEY_RESPONSE run_id=bench_h1_key_019 node=Authority source=Authority destination=bench_h1_key_019
event=receive timestamp_ns=1791281756142517440 workflow=KEY_REQUEST run_id=bench_h1_key_019 node=Authority source=TM1 destination=TM
event=send timestamp_ns=1791281758515034351 workflow=KEY_RESPONSE run_id=bench_h1_key_020 node=Authority source=Authority destination=bench_h1_key_020
event=receive timestamp_ns=1791281759531216370 workflow=KEY_REQUEST run_id=bench_h1_key_020 node=Authority source=TM1 destination=TM
event=send timestamp_ns=1791281761846432362 workflow=KEY_RESPONSE run_id=bench_h1_key_021 node=Authority source=Authority destination=bench_h1_key_021
event=receive timestamp_ns=1791281762890711432 workflow=KEY_REQUEST run_id=bench_h1_key_021 node=Authority source=TM1 destination=TM
event=send timestamp_ns=1791281764213887627 workflow=KEY_RESPONSE run_id=bench_h1_key_022 node=Authority source=Authority destination=bench_h1_key_022
event=receive timestamp_ns=1791281765258716608 workflow=KEY_REQUEST run_id=bench_h1_key_022 node=Authority source=TM1 destination=TM
event=send timestamp_ns=1791281767647667660 workflow=KEY_RESPONSE run_id=bench_h1_key_023 node=Authority source=Authority destination=bench_h1_key_023
event=receive timestamp_ns=1791281768682547883 workflow=KEY_REQUEST run_id=bench_h1_key_023 node=Authority source=TM1 destination=TM
event=send timestamp_ns=1791281771060040923 workflow=KEY_RESPONSE run_id=bench_h1_key_024 node=Authority source=Authority destination=bench_h1_key_024
event=receive timestamp_ns=1791281772138913779 workflow=KEY_REQUEST run_id=bench_h1_key_024 node=Authority source=TM1 destination=TM
event=send timestamp_ns=1791281774488578259 workflow=KEY_RESPONSE run_id=bench_h1_key_025 node=Authority source=Authority destination=bench_h1_key_025
event=receive timestamp_ns=1791281775534666709 workflow=KEY_REQUEST run_id=bench_h1_key_025 node=Authority source=TM1 destination=TM
event=send timestamp_ns=1791281777911379561 workflow=KEY_RESPONSE run_id=bench_h1_key_026 node=Authority source=Authority destination=bench_h1_key_026
event=receive timestamp_ns=1791281778954836113 workflow=KEY_REQUEST run_id=bench_h1_key_026 node=Authority source=TM1 destination=TM
event=send timestamp_ns=1791281781302872516 workflow=KEY_RESPONSE run_id=bench_h1_key_027 node=Authority source=Authority destination=bench_h1_key_027
event=receive timestamp_ns=1791281782346817363 workflow=KEY_REQUEST run_id=bench_h1_key_027 node=Authority source=TM1 destination=TM
event=send timestamp_ns=1791281785745262394 workflow=KEY_RESPONSE run_id=bench_h1_key_028 node=Authority source=Authority destination=bench_h1_key_028
event=receive timestamp_ns=1791281786794511091 workflow=KEY_REQUEST run_id=bench_h1_key_028 node=Authority source=TM1 destination=TM
event=send timestamp_ns=1791281789171867567 workflow=KEY_RESPONSE run_id=bench_h1_key_029 node=Authority source=Authority destination=bench_h1_key_029
event=receive timestamp_ns=1791281790218776249 workflow=KEY_REQUEST run_id=bench_h1_key_029 node=Authority source=TM1 destination=TM
event=send timestamp_ns=1791281791443468997 workflow=KEY_RESPONSE run_id=bench_h1_key_030 node=Authority source=Authority destination=bench_h1_key_030
