event=receive timestamp_ns=1791281314965794351 workflow=ARL_UPDATE run_id=48 node=U2 source=Authority destination=TM
event=receive timestamp_ns=1791281314966001190 workflow=ARL_UPDATE run_id=4 node=U2 source=Authority destination=TM
event=receive timestamp_ns=1791281314966025376 workflow=ARL_UPDATE run_id=38 node=U2 source=Authority destination=TM
event=receive timestamp_ns=1791281314966054652 workflow=ARL_UPDATE run_id=37 node=U2 source=Authority destination=TM
event=receive timestamp_ns=1791281314966073492 workflow=ARL_UPDATE run_id=3 node=U2 source=Authority destination=TM
event=receive timestamp_ns=1791281314974700417 workflow=CT_SHARE run_id=31 node=U2 source=TM4 destination=TM
event=receive timestamp_ns=1791281314975125893 workflow=KEY_REQUEST run_id=bench_h4_key_009 node=U2 source=TM4 destination=TM
event=receive timestamp_ns=1791281314975143026 workflow=KEY_REQUEST run_id=bench_h4_key_w4 node=U2 source=TM4 destination=TM
event=receive timestamp_ns=1791281314981763711 workflow=CT_SHARE run_id=11 node=U2 source=TM4 destination=TM
event=receive timestamp_ns=1791281314988726234 workflow=CT_SHARE run_id=30 node=U2 source=TM4 destination=TM
event=receive timestamp_ns=1791281314988779567 workflow=ARL_UPDATE run_id=14 node=U2 source=Authority destination=TM
event=receive timestamp_ns=1791281314988790707 workflow=ARL_UPDATE run_id=13 node=U2 source=Authority destination=TM
event=receive timestamp_ns=1791281314988798961 workflow=ARL_UPDATE run_id=47 node=U2 source=Authority destination=TM
event=receive timestamp_ns=1791281314988806617 workflow=ARL_UPDATE run_id=46 node=U2 source=Authority destination=TM
event=receive timestamp_ns=1791281314988813903 workflow=ARL_UPDATE run_id=12 node=U2 source=Authority destination=TM
event=receive timestamp_ns=1791281314995290461 workflow=CT_SHARE run_id=12 node=U2 source=TM4 destination=TM
event=receive timestamp_ns=1791281314995311081 workflow=ARL_UPDATE run_id=2 node=U2 source=Authority destination=TM
event=receive timestamp_ns=1791281314995318923 workflow=ARL_UPDATE run_id=36 node=U2 source=Authority destination=TM
event=receive timestamp_ns=1791281314995327032 workflow=ARL_UPDATE run_id=17 node=U2 source=Authority destination=TM
event=receive timestamp_ns=1791281314998898841 workflow=ARL_UPDATE run_id=51 node=U2 source=Authority destination=TM
event=receive timestamp_ns=1791281314998933959 workflow=ARL_UPDATE run_id=7 node=U2 source=Authority destination=TM
event=receive timestamp_ns=1791281314998943908 workflow=ARL_UPDATE run_id=6 node=U2 source=Authority destination=TM
event=receive timestamp_ns=1791281314998955364 workflow=KEY_REQUEST run_id=bench_h4_key_002 node=U2 source=TM4 destination=TM
event=receive timestamp_ns=1791281315005853447 workflow=CT_SHARE run_id=13 node=U2 source=TM4 destination=TM
event=receive timestamp_ns=1791281315012503573 workflow=CT_SHARE run_id=32 node=U2 source=TM4 destination=TM
event=receive timestamp_ns=1791281315012532738 workflow=ARL_UPDATE run_id=50 node=U2 source=Authority destination=TM
event=receive timestamp_ns=1791281315012541333 workflow=ARL_UPDATE run_id=16 node=U2 source=Authority destination=TM
event=receive timestamp_ns=1791281315019426120 workflow=CT_SHARE run_id=15 node=U2 source=TM4 destination=TM
event=receive timestamp_ns=1791281315019506397 workflow=KEY_REQUEST run_id=bench_h4_key_010 node=U2 source=TM4 destination=TM
event=receive timestamp_ns=1791281315019516054 workflow=ARL_UPDATE run_id=15 node=U2 source=Authority destination=TM
event=receive timestamp_ns=1791281315019524277 workflow=ARL_UPDATE run_id=49 node=U2 source=Authority destination=TM
event=receive timestamp_ns=1791281315019532028 workflow=ARL_UPDATE run_id=39 node=U2 source=Authority destination=TM
event=receive timestamp_ns=1791281315019539739 workflow=ARL_UPDATE run_id=5 node=U2 source=Authority destination=TM
event=receive timestamp_ns=1791281315025994137 workflow=CT_SHARE run_id=14 node=U2 source=TM4 destination=TM
event=receive timestamp_ns=1791281315026008548 workflow=ARL_UPDATE run_id=32 node=U2 source=Authority destination=TM
event=receive timestamp_ns=1791281315029026666 workflow=ARL_UPDATE run_id=66 node=U2 source=Authority destination=TM
event=receive timestamp_ns=1791281315029054113 workflow=ARL_UPDATE run_id=31 node=U2 source=Authority destination=TM
event=receive timestamp_ns=1791281315029063693 workflow=ARL_UPDATE run_id=65 node=U2 source=Authority destination=TM
event=receive timestamp_ns=1791281315035997000 workflow=CT_SHARE run_id=16 node=U2 source=TM4 destination=TM
event=receive timestamp_ns=1791281315036039219 workflow=ARL_UPDATE run_id=42 node=U2 source=Authority destination=TM
event=receive timestamp_ns=1791281315036057642 workflow=ARL_UPDATE run_id=41 node=U2 source=Authority destination=TM
event=receive timestamp_ns=1791281315036070695 workflow=KEY_REQUEST run_id=bench_h4_key_003 node=U2 source=TM4 destination=TM
event=receive timestamp_ns=1791281315042737266 workflow=CT_SHARE run_id=8 node=U2 source=TM4 destination=TM
event=receive timestamp_ns=1791281315042770381 workflow=ARL_UPDATE run_id=40 node=U2 source=Authority destination=TM
event=receive timestamp_ns=1791281315049263379 workflow=CT_SHARE run_id=17 node=U2 source=TM4 destination=TM
event=receive timestamp_ns=1791281315049283544 workflow=ARL_UPDATE run_id=30 node=U2 source=Authority destination=TM
event=receive timestamp_ns=1791281315049292323 workflow=ARL_UPDATE run_id=64 node=U2 source=Authority destination=TM
event=receive timestamp_ns=1791281315055816253 workflow=CT_SHARE run_id=7 node=U2 source=TM4 destination=TM
event=receive timestamp_ns=1791281315055839794 workflow=ARL_UPDATE run_id=35 node=U2 source=Authority destination=TM
event=receive timestamp_ns=1791281315055849365 workflow=ARL_UPDATE run_id=1 node=U2 source=Authority destination=TM
event=receive timestamp_ns=1791281315055857322 workflow=ARL_UPDATE run_id=34 node=U2 source=Authority destination=TM
event=receive timestamp_ns=1791281315063079636 workflow=CT_SHARE run_id=9 node=U2 source=TM4 destination=TM
event=receive timestamp_ns=1791281315063121039 workflow=KEY_REQUEST run_id=bench_h4_key_011 node=U2 source=TM4 destination=TM
event=receive timestamp_ns=1791281315069786489 workflow=CT_SHARE run_id=18 node=U2 source=TM4 destination=TM
event=receive timestamp_ns=1791281315069828285 workflow=ARL_UPDATE run_id=45 node=U2 source=Authority destination=TM
event=receive timestamp_ns=1791281315069837821 workflow=ARL_UPDATE run_id=44 node=U2 source=Authority destination=TM
event=receive timestamp_ns=1791281315069848372 workflow=KEY_REQUEST run_id=bench_h4_key_w1 node=U2 source=TM4 destination=TM
event=receive timestamp_ns=1791281315069856058 workflow=ARL_UPDATE run_id=43 node=U2 source=Authority destination=TM
event=receive timestamp_ns=1791281315076608800 workflow=CT_SHARE run_id=10 node=U2 source=TM4 destination=TM
event=receive timestamp_ns=1791281315076644801 workflow=ARL_UPDATE run_id=33 node=U2 source=Authority destination=TM
event=receive timestamp_ns=1791281315083396274 workflow=CT_SHARE run_id=19 node=U2 source=TM4 destination=TM
event=receive timestamp_ns=1791281315086181938 workflow=ARL_UPDATE run_id=67 node=U2 source=Authority destination=TM
event=receive timestamp_ns=1791281315086218995 workflow=ARL_UPDATE run_id=26 node=U2 source=Authority destination=TM
event=receive timestamp_ns=1791281315086228000 workflow=ARL_UPDATE run_id=60 node=U2 source=Authority destination=TM
event=receive timestamp_ns=1791281315086251046 workflow=KEY_REQUEST run_id=bench_h4_key_007 node=U2 source=TM4 destination=TM
event=receive timestamp_ns=1791281315093018156 workflow=CT_SHARE run_id=4 node=U2 source=TM4 destination=TM
event=receive timestamp_ns=1791281315099786957 workflow=CT_SHARE run_id=21 node=U2 source=TM4 destination=TM
event=receive timestamp_ns=1791281315106411546 workflow=CT_SHARE run_id=2 node=U2 source=TM4 destination=TM
event=receive timestamp_ns=1791281315106483358 workflow=KEY_REQUEST run_id=bench_h4_key_004 node=U2 source=TM4 destination=TM
event=receive timestamp_ns=1791281315109351159 workflow=ARL_UPDATE run_id=70 node=U2 source=Authority destination=TM
event=receive timestamp_ns=1791281315116709486 workflow=CT_SHARE run_id=20 node=U2 source=TM4 destination=TM
event=receive timestamp_ns=1791281315116750976 workflow=ARL_UPDATE run_id=69 node=U2 source=Authority destination=TM
event=receive timestamp_ns=1791281315116761404 workflow=ARL_UPDATE run_id=59 node=U2 source=Authority destination=TM
event=receive timestamp_ns=1791281315116770308 workflow=ARL_UPDATE run_id=25 node=U2 source=Authority destination=TM
event=receive timestamp_ns=1791281315116778688 workflow=ARL_UPDATE run_id=68 node=U2 source=Authority destination=TM
event=receive timestamp_ns=1791281315123859908 workflow=CT_SHARE run_id=3 node=U2 source=TM4 destination=TM
event=receive timestamp_ns=1791281315123886368 workflow=ARL_UPDATE run_id=24 node=U2 source=Authority destination=TM
event=receive timestamp_ns=1791281315123897273 workflow=KEY_REQUEST run_id=bench_h4_key_012 node=U2 source=TM4 destination=TM
event=receive timestamp_ns=1791281315123905257 workflow=ARL_UPDATE run_id=58 node=U2 source=Authority destination=TM
event=receive timestamp_ns=1791281315123913954 workflow=ARL_UPDATE run_id=63 node=U2 source=Authority destination=TM
event=receive timestamp_ns=1791281315123922391 workflow=ARL_UPDATE run_id=29 node=U2 source=Authority destination=TM
event=receive timestamp_ns=1791281315133553887 workflow=CT_SHARE run_id=24 node=U2 source=TM4 destination=TM
event=receive timestamp_ns=1791281315133683662 workflow=KEY_REQUEST run_id=bench_h4_key_w2 node=U2 source=TM4 destination=TM
event=receive timestamp_ns=1791281315140595726 workflow=CT_SHARE run_id=23 node=U2 source=TM4 destination=TM
event=receive timestamp_ns=1791281315147465755 workflow=CT_SHARE run_id=22 node=U2 source=TM4 destination=TM
event=receive timestamp_ns=1791281315154756661 workflow=CT_SHARE run_id=6 node=U2 source=TM4 destination=TM
event=receive timestamp_ns=1791281315154784621 workflow=ARL_UPDATE run_id=28 node=U2 source=Authority destination=TM
event=receive timestamp_ns=1791281315154793875 workflow=ARL_UPDATE run_id=62 node=U2 source=Authority destination=TM
event=receive timestamp_ns=1791281315161650051 workflow=CT_SHARE run_id=5 node=U2 source=TM4 destination=TM
event=receive timestamp_ns=1791281315161669773 workflow=KEY_REQUEST run_id=bench_h4_key_005 node=U2 source=TM4 destination=TM
event=receive timestamp_ns=1791281315161679256 workflow=ARL_UPDATE run_id=61 node=U2 source=Authority destination=TM
event=receive timestamp_ns=1791281315161687488 workflow=ARL_UPDATE run_id=27 node=U2 source=Authority destination=TM
event=receive timestamp_ns=1791281315161695394 workflow=ARL_UPDATE run_id=20 node=U2 source=Authority destination=TM
event=receive timestamp_ns=1791281315161703073 workflow=ARL_UPDATE run_id=54 node=U2 source=Authority destination=TM
event=receive timestamp_ns=1791281315161711103 workflow=ARL_UPDATE run_id=10 node=U2 source=Authority destination=TM
event=receive timestamp_ns=1791281315161718881 workflow=ARL_UPDATE run_id=9 node=U2 source=Authority destination=TM
event=receive timestamp_ns=1791281315169834591 workflow=CT_SHARE run_id=26 node=U2 source=TM4 destination=TM
event=receive timestamp_ns=1791281315176942589 workflow=CT_SHARE run_id=33 node=U2 source=TM4 destination=TM
event=receive timestamp_ns=1791281315189330301 workflow=CT_SHARE run_id=25 node=U2 source=TM4 destination=TM
event=receive timestamp_ns=1791281315189381408 workflow=ARL_UPDATE run_id=19 node=U2 source=Authority destination=TM
event=receive timestamp_ns=1791281315189403395 workflow=KEY_REQUEST run_id=bench_h4_key_008 node=U2 source=TM4 destination=TM
event=receive timestamp_ns=1791281315189421877 workflow=ARL_UPDATE run_id=53 node=U2 source=Authority destination=TM
event=receive timestamp_ns=1791281315196818973 workflow=CT_SHARE run_id=34 node=U2 source=TM4 destination=TM
event=receive timestamp_ns=1791281315196848162 workflow=KEY_REQUEST run_id=bench_h4_setup node=U2 source=TM4 destination=TM
event=receive timestamp_ns=1791281315196857712 workflow=ARL_UPDATE run_id=52 node=U2 source=Authority destination=TM
event=receive timestamp_ns=1791281315196865812 workflow=ARL_UPDATE run_id=18 node=U2 source=Authority destination=TM
event=receive timestamp_ns=1791281315196874204 workflow=KEY_REQUEST run_id=bench_h4_key_w5 node=U2 source=TM4 destination=TM
event=receive timestamp_ns=1791281315196887164 workflow=ARL_UPDATE run_id=8 node=U2 source=Authority destination=TM
event=receive timestamp_ns=1791281315196896242 workflow=ARL_UPDATE run_id=57 node=U2 source=Authority destination=TM
event=receive timestamp_ns=1791281315196904619 workflow=ARL_UPDATE run_id=23 node=U2 source=Authority destination=TM
event=receive timestamp_ns=1791281315206562148 workflow=CT_SHARE run_id=29 node=U2 source=TM4 destination=TM
event=receive timestamp_ns=1791281315216954576 workflow=CT_SHARE run_id=28 node=U2 source=TM4 destination=TM
event=receive timestamp_ns=1791281315226644522 workflow=CT_SHARE run_id=35 node=U2 source=TM4 destination=TM
event=receive timestamp_ns=1791281315226698266 workflow=KEY_REQUEST run_id=bench_h4_key_006 node=U2 source=TM4 destination=TM
event=receive timestamp_ns=1791281315226719036 workflow=KEY_REQUEST run_id=bench_h4_key_w3 node=U2 source=TM4 destination=TM
event=receive timestamp_ns=1791281315237271939 workflow=CT_SHARE run_id=27 node=U2 source=TM4 destination=TM
event=receive timestamp_ns=1791281315237341923 workflow=KEY_REQUEST run_id=bench_h4_key_001 node=U2 source=TM4 destination=TM
event=receive timestamp_ns=1791281315237362858 workflow=ARL_UPDATE run_id=22 node=U2 source=Authority destination=TM
event=receive timestamp_ns=1791281315237381200 workflow=ARL_UPDATE run_id=56 node=U2 source=Authority destination=TM
event=receive timestamp_ns=1791281315250249044 workflow=CT_SHARE run_id=1 node=U2 source=TM4 destination=TM
event=receive timestamp_ns=1791281315250285119 workflow=ARL_UPDATE run_id=55 node=U2 source=Authority destination=TM
event=receive timestamp_ns=1791281315250294895 workflow=ARL_UPDATE run_id=21 node=U2 source=Authority destination=TM
event=receive timestamp_ns=1791281315250313127 workflow=ARL_UPDATE run_id=11 node=U2 source=Authority destination=TM
event=receive timestamp_ns=1791281323374822780 workflow=KEY_REQUEST run_id=bench_h1_setup node=U2 source=TM1 destination=TM
event=receive timestamp_ns=1791281338161471323 workflow=CT_SHARE run_id=1 node=U2 source=TM1 destination=TM
event=receive timestamp_ns=1791281339697715765 workflow=CT_SHARE run_id=2 node=U2 source=TM1 destination=TM
event=receive timestamp_ns=1791281341238165389 workflow=CT_SHARE run_id=3 node=U2 source=TM1 destination=TM
event=receive timestamp_ns=1791281342772362088 workflow=CT_SHARE run_id=4 node=U2 source=TM1 destination=TM
event=receive timestamp_ns=1791281344343912422 workflow=CT_SHARE run_id=5 node=U2 source=TM1 destination=TM
event=receive timestamp_ns=1791281345846046822 workflow=CT_SHARE run_id=6 node=U2 source=TM1 destination=TM
event=receive timestamp_ns=1791281347385658682 workflow=CT_SHARE run_id=7 node=U2 source=TM1 destination=TM
event=receive timestamp_ns=1791281348913832474 workflow=CT_SHARE run_id=8 node=U2 source=TM1 destination=TM
event=receive timestamp_ns=1791281350488366506 workflow=CT_SHARE run_id=9 node=U2 source=TM1 destination=TM
event=receive timestamp_ns=1791281351987598679 workflow=CT_SHARE run_id=10 node=U2 source=TM1 destination=TM
event=receive timestamp_ns=1791281353526501676 workflow=CT_SHARE run_id=11 node=U2 source=TM1 destination=TM
event=receive timestamp_ns=1791281355062784302 workflow=CT_SHARE run_id=12 node=U2 source=TM1 destination=TM
event=receive timestamp_ns=1791281356599896761 workflow=CT_SHARE run_id=13 node=U2 source=TM1 destination=TM
event=receive timestamp_ns=1791281358137611561 workflow=CT_SHARE run_id=14 node=U2 source=TM1 destination=TM
event=receive timestamp_ns=1791281359678400263 workflow=CT_SHARE run_id=15 node=U2 source=TM1 destination=TM
event=receive timestamp_ns=1791281361212824018 workflow=CT_SHARE run_id=16 node=U2 source=TM1 destination=TM
event=receive timestamp_ns=1791281362747179621 workflow=CT_SHARE run_id=17 node=U2 source=TM1 destination=TM
event=receive timestamp_ns=1791281364281446795 workflow=CT_SHARE run_id=18 node=U2 source=TM1 destination=TM
event=receive timestamp_ns=1791281365883753757 workflow=CT_SHARE run_id=19 node=U2 source=TM1 destination=TM
event=receive timestamp_ns=1791281367446100291 workflow=CT_SHARE run_id=20 node=U2 source=TM1 destination=TM
event=receive timestamp_ns=1791281368986447405 workflow=CT_SHARE run_id=21 node=U2 source=TM1 destination=TM
event=receive timestamp_ns=1791281370483384398 workflow=CT_SHARE run_id=22 node=U2 source=TM1 destination=TM
event=receive timestamp_ns=1791281372018172670 workflow=CT_SHARE run_id=23 node=U2 source=TM1 destination=TM
event=receive timestamp_ns=1791281373560959510 workflow=CT_SHARE run_id=24 node=U2 source=TM1 destination=TM
event=receive timestamp_ns=1791281375129543415 workflow=CT_SHARE run_id=25 node=U2 source=TM1 destination=TM
event=receive timestamp_ns=1791281376627242830 workflow=CT_SHARE run_id=26 node=U2 source=TM1 destination=TM
event=receive timestamp_ns=1791281378173951762 workflow=CT_SHARE run_id=27 node=U2 source=TM1 destination=TM
event=receive timestamp_ns=1791281379736419828 workflow=CT_SHARE run_id=28 node=U2 source=TM1 destination=TM
event=receive timestamp_ns=1791281381274216748 workflow=CT_SHARE run_id=29 node=U2 source=TM1 destination=TM
event=receive timestamp_ns=1791281382812589407 workflow=CT_SHARE run_id=30 node=U2 source=TM1 destination=TM
event=receive timestamp_ns=1791281384310393952 workflow=CT_SHARE run_id=31 node=U2 source=TM1 destination=TM
event=receive timestamp_ns=1791281385848724877 workflow=CT_SHARE run_id=32 node=U2 source=TM1 destination=TM
event=receive timestamp_ns=1791281387389059824 workflow=CT_SHARE run_id=33 node=U2 source=TM1 destination=TM
event=receive timestamp_ns=1791281388918380160 workflow=CT_SHARE run_id=34 node=U2 source=TM1 destination=TM
event=receive timestamp_ns=1791281390777784265 workflow=CT_SHARE run_id=35 node=U2 source=TM1 destination=TM
event=receive timestamp_ns=1791281390777841129 workflow=ARL_UPDATE run_id=1 node=U2 source=Authority destination=TM
event=receive timestamp_ns=1791281392302721713 workflow=ARL_UPDATE run_id=2 node=U2 source=Authority destination=TM
event=receive timestamp_ns=1791281393834727917 workflow=ARL_UPDATE run_id=3 node=U2 source=Authority destination=TM
event=receive timestamp_ns=1791281395370648678 workflow=ARL_UPDATE run_id=4 node=U2 source=Authority destination=TM
event=receive timestamp_ns=1791281396939000051 workflow=ARL_UPDATE run_id=5 node=U2 source=Authority destination=TM
event=receive timestamp_ns=1791281398474754730 workflow=ARL_UPDATE run_id=6 node=U2 source=Authority destination=TM
event=receive timestamp_ns=1791281400010674999 workflow=ARL_UPDATE run_id=7 node=U2 source=Authority destination=TM
event=receive timestamp_ns=1791281401522744986 workflow=ARL_UPDATE run_id=8 node=U2 source=Authority destination=TM
event=receive timestamp_ns=1791281403083050858 workflow=ARL_UPDATE run_id=9 node=U2 source=Authority destination=TM
event=receive timestamp_ns=1791281404618968943 workflow=ARL_UPDATE run_id=10 node=U2 source=Authority destination=TM
event=receive timestamp_ns=1791281406186894992 workflow=ARL_UPDATE run_id=11 node=U2 source=Authority destination=TM
event=receive timestamp_ns=1791281407754931066 workflow=ARL_UPDATE run_id=12 node=U2 source=Authority destination=TM
event=receive timestamp_ns=1791281409259025341 workflow=ARL_UPDATE run_id=13 node=U2 source=Authority destination=TM
event=receive timestamp_ns=1791281410826894786 workflow=ARL_UPDATE run_id=14 node=U2 source=Authority destination=TM
event=receive timestamp_ns=1791281412330551986 workflow=ARL_UPDATE run_id=15 node=U2 source=Authority destination=TM
event=receive timestamp_ns=1791281413866463930 workflow=ARL_UPDATE run_id=16 node=U2 source=Authority destination=TM
event=receive timestamp_ns=1791281415402693585 workflow=ARL_UPDATE run_id=17 node=U2 source=Authority destination=TM
event=receive timestamp_ns=1791281416938623907 workflow=ARL_UPDATE run_id=18 node=U2 source=Authority destination=TM
event=receive timestamp_ns=1791281418475174182 workflow=ARL_UPDATE run_id=19 node=U2 source=Authority destination=TM
event=receive timestamp_ns=1791281420010845293 workflow=ARL_UPDATE run_id=20 node=U2 source=Authority destination=TM
event=receive timestamp_ns=1791281421547024082 workflow=ARL_UPDATE run_id=21 node=U2 source=Authority destination=TM
event=receive timestamp_ns=1791281423082547079 workflow=ARL_UPDATE run_id=22 node=U2 source=Authority destination=TM
event=receive timestamp_ns=1791281424650922472 workflow=ARL_UPDATE run_id=23 node=U2 source=Authority destination=TM
event=receive timestamp_ns=1791281426154672481 workflow=ARL_UPDATE run_id=24 node=U2 source=Authority destination=TM
event=receive timestamp_ns=1791281427690746273 workflow=ARL_UPDATE run_id=25 node=U2 source=Authority destination=TM
event=receive timestamp_ns=1791281429294673625 workflow=ARL_UPDATE run_id=26 node=U2 source=Authority destination=TM
event=receive timestamp_ns=1791281430890598025 workflow=ARL_UPDATE run_id=27 node=U2 source=Authority destination=TM
event=receive timestamp_ns=1791281432426532122 workflow=ARL_UPDATE run_id=28 node=U2 source=Authority destination=TM
event=receive timestamp_ns=1791281433962786053 workflow=ARL_UPDATE run_id=29 node=U2 source=Authority destination=TM
event=receive timestamp_ns=1791281435498876940 workflow=ARL_UPDATE run_id=30 node=U2 source=Authority destination=TM
event=receive timestamp_ns=1791281437034757624 workflow=ARL_UPDATE run_id=31 node=U2 source=Authority destination=TM
event=receive timestamp_ns=1791281438571033576 workflow=ARL_UPDATE run_id=32 node=U2 source=Authority destination=TM
event=receive timestamp_ns=1791281440106881972 workflow=ARL_UPDATE run_id=33 node=U2 source=Authority destination=TM
event=receive timestamp_ns=1791281441642575908 workflow=ARL_UPDATE run_id=34 node=U2 source=Authority destination=TM
event=receive timestamp_ns=1791281443178781963 workflow=ARL_UPDATE run_id=35 node=U2 source=Authority destination=TM
event=receive timestamp_ns=1791281444714606066 workflow=ARL_UPDATE run_id=36 node=U2 source=Authority destination=TM
event=receive timestamp_ns=1791281446250674202 workflow=ARL_UPDATE run_id=37 node=U2 source=Authority destination=TM
event=receive timestamp_ns=1791281447786612434 workflow=ARL_UPDATE run_id=38 node=U2 source=Authority destination=TM
event=receive timestamp_ns=1791281449322595354 workflow=ARL_UPDATE run_id=39 node=U2 source=Authority destination=TM
event=receive timestamp_ns=1791281450859023093 workflow=ARL_UPDATE run_id=40 node=U2 source=Authority destination=TM
event=receive timestamp_ns=1791281452426582478 workflow=ARL_UPDATE run_id=41 node=U2 source=Authority destination=TM
event=receive timestamp_ns=1791281453966550058 workflow=ARL_UPDATE run_id=42 node=U2 source=Authority destination=TM
event=receive timestamp_ns=1791281455470929836 workflow=ARL_UPDATE run_id=43 node=U2 source=Authority destination=TM
event=receive timestamp_ns=1791281457002759119 workflow=ARL_UPDATE run_id=44 node=U2 source=Authority destination=TM
event=receive timestamp_ns=1791281458538921483 workflow=ARL_UPDATE run_id=45 node=U2 source=Authority destination=TM
event=receive timestamp_ns=1791281460074662269 workflow=ARL_UPDATE run_id=46 node=U2 source=Authority destination=TM
event=receive timestamp_ns=1791281643882918683 workflow=ARL_UPDATE run_id=49 node=U2 source=Authority destination=TM
event=receive timestamp_ns=1791281645418782561 workflow=ARL_UPDATE run_id=50 node=U2 source=Authority destination=TM
event=receive timestamp_ns=1791281646954898018 workflow=ARL_UPDATE run_id=51 node=U2 source=Authority destination=TM
event=receive timestamp_ns=1791281648490972693 workflow=ARL_UPDATE run_id=52 node=U2 source=Authority destination=TM
event=receive timestamp_ns=1791281650026928711 workflow=ARL_UPDATE run_id=53 node=U2 source=Authority destination=TM
event=receive timestamp_ns=1791281651562611600 workflow=ARL_UPDATE run_id=54 node=U2 source=Authority destination=TM
event=receive timestamp_ns=1791281653102573227 workflow=ARL_UPDATE run_id=55 node=U2 source=Authority destination=TM
event=receive timestamp_ns=1791281654634750672 workflow=ARL_UPDATE run_id=56 node=U2 source=Authority destination=TM
event=receive timestamp_ns=1791281656170678015 workflow=ARL_UPDATE run_id=57 node=U2 source=Authority destination=TM
event=receive timestamp_ns=1791281657706713927 workflow=ARL_UPDATE run_id=58 node=U2 source=Authority destination=TM
event=receive timestamp_ns=1791281659242590215 workflow=ARL_UPDATE run_id=59 node=U2 source=Authority destination=TM
event=receive timestamp_ns=1791281660842992682 workflow=ARL_UPDATE run_id=60 node=U2 source=Authority destination=TM
event=receive timestamp_ns=1791281662378954176 workflow=ARL_UPDATE run_id=61 node=U2 source=Authority destination=TM
event=receive timestamp_ns=1791281663914811612 workflow=ARL_UPDATE run_id=62 node=U2 source=Authority destination=TM
event=receive timestamp_ns=1791281665450877478 workflow=ARL_UPDATE run_id=63 node=U2 source=Authority destination=TM
event=receive timestamp_ns=1791281666990758826 workflow=ARL_UPDATE run_id=64 node=U2 source=Authority destination=TM
event=receive timestamp_ns=1791281668522649493 workflow=ARL_UPDATE run_id=65 node=U2 source=Authority destination=TM
event=receive timestamp_ns=1791281670058830672 workflow=ARL_UPDATE run_id=66 node=U2 source=Authority destination=TM
event=receive timestamp_ns=1791281671594641105 workflow=ARL_UPDATE run_id=67 node=U2 source=Authority destination=TM
event=receive timestamp_ns=1791281673130703632 workflow=ARL_UPDATE run_id=68 node=U2 source=Authority destination=TM
event=receive timestamp_ns=1791281674666935379 workflow=ARL_UPDATE run_id=69 node=U2 source=Authority destination=TM
event=receive timestamp_ns=1791281676266959094 workflow=ARL_UPDATE run_id=70 node=U2 source=Authority destination=TM
event=receive timestamp_ns=1791281677802769876 workflow=KEY_REQUEST run_id=bench_h1_key_w1 node=U2 source=TM1 destination=TM
event=receive timestamp_ns=1791281681707034014 workflow=KEY_REQUEST run_id=bench_h1_key_w2 node=U2 source=TM1 destination=TM
event=receive timestamp_ns=1791281684586770573 workflow=KEY_REQUEST run_id=bench_h1_key_w3 node=U2 source=TM1 destination=TM
event=receive timestamp_ns=1791281687466928085 workflow=KEY_REQUEST run_id=bench_h1_key_w4 node=U2 source=TM1 destination=TM
event=receive timestamp_ns=1791281690346613110 workflow=KEY_REQUEST run_id=bench_h1_key_w5 node=U2 source=TM1 destination=TM
event=receive timestamp_ns=1791281694250665752 workflow=KEY_REQUEST run_id=bench_h1_key_001 node=U2 source=TM1 destination=TM
event=receive timestamp_ns=1791281697706837726 workflow=KEY_REQUEST run_id=bench_h1_key_002 node=U2 source=TM1 destination=TM
event=receive timestamp_ns=1791281699403152814 workflow=KEY_REQUEST run_id=bench_h1_key_003 node=U2 source=TM1 destination=TM
event=receive timestamp_ns=1791281703307046152 workflow=KEY_REQUEST run_id=bench_h1_key_004 node=U2 source=TM1 destination=TM
event=receive timestamp_ns=1791281706890577767 workflow=KEY_REQUEST run_id=bench_h1_key_005 node=U2 source=TM1 destination=TM
event=receive timestamp_ns=1791281710794707047 workflow=KEY_REQUEST run_id=bench_h1_key_006 node=U2 source=TM1 destination=TM
event=receive timestamp_ns=1791281713515221279 workflow=KEY_REQUEST run_id=bench_h1_key_007 node=U2 source=TM1 destination=TM
event=receive timestamp_ns=1791281717002487795 workflow=KEY_REQUEST run_id=bench_h1_key_008 node=U2 source=TM1 destination=TM
event=receive timestamp_ns=1791281720810703985 workflow=KEY_REQUEST run_id=bench_h1_key_009 node=U2 source=TM1 destination=TM
event=receive timestamp_ns=1791281724778926018 workflow=KEY_REQUEST run_id=bench_h1_key_010 node=U2 source=TM1 destination=TM
event=receive timestamp_ns=1791281728170691887 workflow=KEY_REQUEST run_id=bench_h1_key_011 node=U2 source=TM1 destination=TM
event=receive timestamp_ns=1791281732554604277 workflow=KEY_REQUEST run_id=bench_h1_key_012 node=U2 source=TM1 destination=TM
event=receive timestamp_ns=1791281736010742936 workflow=KEY_REQUEST run_id=bench_h1_key_013 node=U2 source=TM1 destination=TM
event=receive timestamp_ns=1791281738826587790 workflow=KEY_REQUEST run_id=bench_h1_key_014 node=U2 source=TM1 destination=TM
event=receive timestamp_ns=1791281742766551197 workflow=KEY_REQUEST run_id=bench_h1_key_015 node=U2 source=TM1 destination=TM
event=receive timestamp_ns=1791281746666684715 workflow=KEY_REQUEST run_id=bench_h1_key_016 node=U2 source=TM1 destination=TM
event=receive timestamp_ns=1791281750666834937 workflow=KEY_REQUEST run_id=bench_h1_key_017 node=U2 source=TM1 destination=TM
event=receive timestamp_ns=1791281752330913126 workflow=KEY_REQUEST run_id=bench_h1_key_018 node=U2 source=TM1 destination=TM
event=receive timestamp_ns=1791281755114729331 workflow=KEY_REQUEST run_id=bench_h1_key_019 node=U2 source=TM1 destination=TM
event=receive timestamp_ns=1791281758570832876 workflow=KEY_REQUEST run_id=bench_h1_key_020 node=U2 source=TM1 destination=TM
event=receive timestamp_ns=1791281761322591700 workflow=KEY_REQUEST run_id=bench_h1_key_021 node=U2 source=TM1 destination=TM
event=receive timestamp_ns=1791281764203129380 workflow=KEY_REQUEST run_id=bench_h1_key_022 node=U2 source=TM1 destination=TM
event=receive timestamp_ns=1791281768362890793 workflow=KEY_REQUEST run_id=bench_h1_key_023 node=U2 source=TM1 destination=TM
event=receive timestamp_ns=1791281771050934893 workflow=KEY_REQUEST run_id=bench_h1_key_024 node=U2 source=TM1 destination=TM
event=receive timestamp_ns=1791281775210595289 workflow=KEY_REQUEST run_id=bench_h1_key_025 node=U2 source=TM1 destination=TM
event=receive timestamp_ns=1791281777899166596 workflow=KEY_REQUEST run_id=bench_h1_key_026 node=U2 source=TM1 destination=TM
event=receive timestamp_ns=1791281781386929166 workflow=KEY_REQUEST run_id=bench_h1_key_027 node=U2 source=TM1 destination=TM
event=receive timestamp_ns=1791281785226520432 workflow=KEY_REQUEST run_id=bench_h1_key_028 node=U2 source=TM1 destination=TM
event=receive timestamp_ns=1791281789163000331 workflow=KEY_REQUEST run_id=bench_h1_key_029 node=U2 source=TM1 destination=TM
event=receive timestamp_ns=1791281790926516494 workflow=KEY_REQUEST run_id=bench_h1_key_030 node=U2 source=TM1 destination=TM
