event=receive timestamp_ns=1791281315126604625 workflow=ARL_UPDATE run_id=48 node=U3 source=Authority destination=TM
event=receive timestamp_ns=1791281315126651013 workflow=ARL_UPDATE run_id=4 node=U3 source=Authority destination=TM
event=receive timestamp_ns=1791281315126671334 workflow=ARL_UPDATE run_id=38 node=U3 source=Authority destination=TM
event=receive timestamp_ns=1791281315126700836 workflow=ARL_UPDATE run_id=37 node=U3 source=Authority destination=TM
event=receive timestamp_ns=1791281315126720351 workflow=ARL_UPDATE run_id=3 node=U3 source=Authority destination=TM
event=receive timestamp_ns=1791281315136560425 workflow=CT_SHARE run_id=31 node=U3 source=TM4 destination=TM
event=receive timestamp_ns=1791281315136598791 workflow=KEY_REQUEST run_id=bench_h4_key_009 node=U3 source=TM4 destination=TM
event=receive timestamp_ns=1791281315136608891 workflow=KEY_REQUEST run_id=bench_h4_key_w4 node=U3 source=TM4 destination=TM
event=receive timestamp_ns=1791281315143430074 workflow=CT_SHARE run_id=11 node=U3 source=TM4 destination=TM
event=receive timestamp_ns=1791281315151679188 workflow=CT_SHARE run_id=30 node=U3 source=TM4 destination=TM
event=receive timestamp_ns=1791281315151728868 workflow=ARL_UPDATE run_id=14 node=U3 source=Authority destination=TM
event=receive timestamp_ns=1791281315151750456 workflow=ARL_UPDATE run_id=13 node=U3 source=Authority destination=TM
event=receive timestamp_ns=1791281315151769538 workflow=ARL_UPDATE run_id=47 node=U3 source=Authority destination=TM
event=receive timestamp_ns=1791281315151787742 workflow=ARL_UPDATE run_id=46 node=U3 source=Authority destination=TM
event=receive timestamp_ns=1791281315151805188 workflow=ARL_UPDATE run_id=12 node=U3 source=Authority destination=TM
event=receive timestamp_ns=1791281315166293675 workflow=CT_SHARE run_id=12 node=U3 source=TM4 destination=TM
event=receive timestamp_ns=1791281315166360035 workflow=ARL_UPDATE run_id=2 node=U3 source=Authority destination=TM
event=receive timestamp_ns=1791281315166369155 workflow=ARL_UPDATE run_id=36 node=U3 source=Authority destination=TM
event=receive timestamp_ns=1791281315166379927 workflow=ARL_UPDATE run_id=17 node=U3 source=Authority destination=TM
event=receive timestamp_ns=1791281315169635240 workflow=ARL_UPDATE run_id=51 node=U3 source=Authority destination=TM
event=receive timestamp_ns=1791281315169706020 workflow=ARL_UPDATE run_id=7 node=U3 source=Authority destination=TM
event=receive timestamp_ns=1791281315169734786 workflow=ARL_UPDATE run_id=6 node=U3 source=Authority destination=TM
event=receive timestamp_ns=1791281315169747323 workflow=KEY_REQUEST run_id=bench_h4_key_002 node=U3 source=TM4 destination=TM
event=receive timestamp_ns=1791281315176587838 workflow=CT_SHARE run_id=13 node=U3 source=TM4 destination=TM
event=receive timestamp_ns=1791281315183471750 workflow=CT_SHARE run_id=32 node=U3 source=TM4 destination=TM
event=receive timestamp_ns=1791281315183511744 workflow=ARL_UPDATE run_id=50 node=U3 source=Authority destination=TM
event=receive timestamp_ns=1791281315183521503 workflow=ARL_UPDATE run_id=16 node=U3 source=Authority destination=TM
event=receive timestamp_ns=1791281315196118982 workflow=CT_SHARE run_id=15 node=U3 source=TM4 destination=TM
event=receive timestamp_ns=1791281315196181635 workflow=KEY_REQUEST run_id=bench_h4_key_010 node=U3 source=TM4 destination=TM
event=receive timestamp_ns=1791281315196202419 workflow=ARL_UPDATE run_id=15 node=U3 source=Authority destination=TM
event=receive timestamp_ns=1791281315196221588 workflow=ARL_UPDATE run_id=49 node=U3 source=Authority destination=TM
event=receive timestamp_ns=1791281315196239675 workflow=ARL_UPDATE run_id=39 node=U3 source=Authority destination=TM
event=receive timestamp_ns=1791281315196258003 workflow=ARL_UPDATE run_id=5 node=U3 source=Authority destination=TM
event=receive timestamp_ns=1791281315204184110 workflow=CT_SHARE run_id=14 node=U3 source=TM4 destination=TM
event=receive timestamp_ns=1791281315204256073 workflow=ARL_UPDATE run_id=32 node=U3 source=Authority destination=TM
event=receive timestamp_ns=1791281315206833044 workflow=ARL_UPDATE run_id=66 node=U3 source=Authority destination=TM
event=receive timestamp_ns=1791281315206877010 workflow=ARL_UPDATE run_id=31 node=U3 source=Authority destination=TM
event=receive timestamp_ns=1791281315206896891 workflow=ARL_UPDATE run_id=65 node=U3 source=Authority destination=TM
event=receive timestamp_ns=1791281315217331606 workflow=CT_SHARE run_id=16 node=U3 source=TM4 destination=TM
event=receive timestamp_ns=1791281315217364287 workflow=ARL_UPDATE run_id=42 node=U3 source=Authority destination=TM
event=receive timestamp_ns=1791281315217374757 workflow=ARL_UPDATE run_id=41 node=U3 source=Authority destination=TM
event=receive timestamp_ns=1791281315217385764 workflow=KEY_REQUEST run_id=bench_h4_key_003 node=U3 source=TM4 destination=TM
event=receive timestamp_ns=1791281315226478471 workflow=CT_SHARE run_id=8 node=U3 source=TM4 destination=TM
event=receive timestamp_ns=1791281315226540077 workflow=ARL_UPDATE run_id=40 node=U3 source=Authority destination=TM
event=receive timestamp_ns=1791281315239000418 workflow=CT_SHARE run_id=17 node=U3 source=TM4 destination=TM
event=receive timestamp_ns=1791281315239043394 workflow=ARL_UPDATE run_id=30 node=U3 source=Authority destination=TM
event=receive timestamp_ns=1791281315239053187 workflow=ARL_UPDATE run_id=64 node=U3 source=Authority destination=TM
event=receive timestamp_ns=1791281315246836973 workflow=CT_SHARE run_id=7 node=U3 source=TM4 destination=TM
event=receive timestamp_ns=1791281315246870157 workflow=ARL_UPDATE run_id=35 node=U3 source=Authority destination=TM
event=receive timestamp_ns=1791281315246880526 workflow=ARL_UPDATE run_id=1 node=U3 source=Authority destination=TM
event=receive timestamp_ns=1791281315246889142 workflow=ARL_UPDATE run_id=34 node=U3 source=Authority destination=TM
event=receive timestamp_ns=1791281315257026829 workflow=CT_SHARE run_id=9 node=U3 source=TM4 destination=TM
event=receive timestamp_ns=1791281315257063232 workflow=KEY_REQUEST run_id=bench_h4_key_011 node=U3 source=TM4 destination=TM
event=receive timestamp_ns=1791281315265179414 workflow=CT_SHARE run_id=18 node=U3 source=TM4 destination=TM
event=receive timestamp_ns=1791281315265238519 workflow=ARL_UPDATE run_id=45 node=U3 source=Authority destination=TM
event=receive timestamp_ns=1791281315265260501 workflow=ARL_UPDATE run_id=44 node=U3 source=Authority destination=TM
event=receive timestamp_ns=1791281315265282852 workflow=KEY_REQUEST run_id=bench_h4_key_w1 node=U3 source=TM4 destination=TM
event=receive timestamp_ns=1791281315265301742 workflow=ARL_UPDATE run_id=43 node=U3 source=Authority destination=TM
event=receive timestamp_ns=1791281315273670848 workflow=CT_SHARE run_id=10 node=U3 source=TM4 destination=TM
event=receive timestamp_ns=1791281315273731725 workflow=ARL_UPDATE run_id=33 node=U3 source=Authority destination=TM
event=receive timestamp_ns=1791281315286840965 workflow=CT_SHARE run_id=19 node=U3 source=TM4 destination=TM
event=receive timestamp_ns=1791281315290626302 workflow=ARL_UPDATE run_id=67 node=U3 source=Authority destination=TM
event=receive timestamp_ns=1791281315290719842 workflow=ARL_UPDATE run_id=26 node=U3 source=Authority destination=TM
event=receive timestamp_ns=1791281315290744251 workflow=ARL_UPDATE run_id=60 node=U3 source=Authority destination=TM
event=receive timestamp_ns=1791281315290755496 workflow=KEY_REQUEST run_id=bench_h4_key_007 node=U3 source=TM4 destination=TM
event=receive timestamp_ns=1791281315297713273 workflow=CT_SHARE run_id=4 node=U3 source=TM4 destination=TM
event=receive timestamp_ns=1791281315306175024 workflow=CT_SHARE run_id=21 node=U3 source=TM4 destination=TM
event=receive timestamp_ns=1791281315317053419 workflow=CT_SHARE run_id=2 node=U3 source=TM4 destination=TM
event=receive timestamp_ns=1791281315317091479 workflow=KEY_REQUEST run_id=bench_h4_key_004 node=U3 source=TM4 destination=TM
event=receive timestamp_ns=1791281315323311289 workflow=ARL_UPDATE run_id=70 node=U3 source=Authority destination=TM
event=receive timestamp_ns=1791281315332538738 workflow=CT_SHARE run_id=20 node=U3 source=TM4 destination=TM
event=receive timestamp_ns=1791281315332595596 workflow=ARL_UPDATE run_id=69 node=U3 source=Authority destination=TM
event=receive timestamp_ns=1791281315332605961 workflow=ARL_UPDATE run_id=59 node=U3 source=Authority destination=TM
event=receive timestamp_ns=1791281315332614552 workflow=ARL_UPDATE run_id=25 node=U3 source=Authority destination=TM
event=receive timestamp_ns=1791281315332622669 workflow=ARL_UPDATE run_id=68 node=U3 source=Authority destination=TM
event=receive timestamp_ns=1791281315339529450 workflow=CT_SHARE run_id=3 node=U3 source=TM4 destination=TM
event=receive timestamp_ns=1791281315339549246 workflow=ARL_UPDATE run_id=24 node=U3 source=Authority destination=TM
event=receive timestamp_ns=1791281315339560750 workflow=KEY_REQUEST run_id=bench_h4_key_012 node=U3 source=TM4 destination=TM
event=receive timestamp_ns=1791281315339568789 workflow=ARL_UPDATE run_id=58 node=U3 source=Authority destination=TM
event=receive timestamp_ns=1791281315339577413 workflow=ARL_UPDATE run_id=63 node=U3 source=Authority destination=TM
event=receive timestamp_ns=1791281315339585884 workflow=ARL_UPDATE run_id=29 node=U3 source=Authority destination=TM
event=receive timestamp_ns=1791281315346432291 workflow=CT_SHARE run_id=24 node=U3 source=TM4 destination=TM
event=receive timestamp_ns=1791281315346461677 workflow=KEY_REQUEST run_id=bench_h4_key_w2 node=U3 source=TM4 destination=TM
event=receive timestamp_ns=1791281315356860684 workflow=CT_SHARE run_id=23 node=U3 source=TM4 destination=TM
event=receive timestamp_ns=1791281315363697098 workflow=CT_SHARE run_id=22 node=U3 source=TM4 destination=TM
event=receive timestamp_ns=1791281315373312401 workflow=CT_SHARE run_id=6 node=U3 source=TM4 destination=TM
event=receive timestamp_ns=1791281315373346697 workflow=ARL_UPDATE run_id=28 node=U3 source=Authority destination=TM
event=receive timestamp_ns=1791281315373356823 workflow=ARL_UPDATE run_id=62 node=U3 source=Authority destination=TM
event=receive timestamp_ns=1791281315380644293 workflow=CT_SHARE run_id=5 node=U3 source=TM4 destination=TM
event=receive timestamp_ns=1791281315380677400 workflow=KEY_REQUEST run_id=bench_h4_key_005 node=U3 source=TM4 destination=TM
event=receive timestamp_ns=1791281315380688098 workflow=ARL_UPDATE run_id=61 node=U3 source=Authority destination=TM
event=receive timestamp_ns=1791281315380696790 workflow=ARL_UPDATE run_id=27 node=U3 source=Authority destination=TM
event=receive timestamp_ns=1791281315380704741 workflow=ARL_UPDATE run_id=20 node=U3 source=Authority destination=TM
event=receive timestamp_ns=1791281315380712432 workflow=ARL_UPDATE run_id=54 node=U3 source=Authority destination=TM
event=receive timestamp_ns=1791281315380720085 workflow=ARL_UPDATE run_id=10 node=U3 source=Authority destination=TM
event=receive timestamp_ns=1791281315380727900 workflow=ARL_UPDATE run_id=9 node=U3 source=Authority destination=TM
event=receive timestamp_ns=1791281315393805164 workflow=CT_SHARE run_id=26 node=U3 source=TM4 destination=TM
event=receive timestamp_ns=1791281315403535207 workflow=CT_SHARE run_id=33 node=U3 source=TM4 destination=TM
event=receive timestamp_ns=1791281315410390567 workflow=CT_SHARE run_id=25 node=U3 source=TM4 destination=TM
event=receive timestamp_ns=1791281315410416700 workflow=ARL_UPDATE run_id=19 node=U3 source=Authority destination=TM
event=receive timestamp_ns=1791281315410427448 workflow=KEY_REQUEST run_id=bench_h4_key_008 node=U3 source=TM4 destination=TM
event=receive timestamp_ns=1791281315410435779 workflow=ARL_UPDATE run_id=53 node=U3 source=Authority destination=TM
event=receive timestamp_ns=1791281315419654105 workflow=CT_SHARE run_id=34 node=U3 source=TM4 destination=TM
event=receive timestamp_ns=1791281315419706177 workflow=KEY_REQUEST run_id=bench_h4_setup node=U3 source=TM4 destination=TM
event=receive timestamp_ns=1791281315419727838 workflow=ARL_UPDATE run_id=52 node=U3 source=Authority destination=TM
event=receive timestamp_ns=1791281315419746635 workflow=ARL_UPDATE run_id=18 node=U3 source=Authority destination=TM
event=receive timestamp_ns=1791281315419765409 workflow=KEY_REQUEST run_id=bench_h4_key_w5 node=U3 source=TM4 destination=TM
event=receive timestamp_ns=1791281315419794048 workflow=ARL_UPDATE run_id=8 node=U3 source=Authority destination=TM
event=receive timestamp_ns=1791281315419813430 workflow=ARL_UPDATE run_id=57 node=U3 source=Authority destination=TM
event=receive timestamp_ns=1791281315419832527 workflow=ARL_UPDATE run_id=23 node=U3 source=Authority destination=TM
event=receive timestamp_ns=1791281315434884154 workflow=CT_SHARE run_id=29 node=U3 source=TM4 destination=TM
event=receive timestamp_ns=1791281315445749970 workflow=CT_SHARE run_id=28 node=U3 source=TM4 destination=TM
event=receive timestamp_ns=1791281315453638515 workflow=CT_SHARE run_id=35 node=U3 source=TM4 destination=TM
event=receive timestamp_ns=1791281315453672226 workflow=KEY_REQUEST run_id=bench_h4_key_006 node=U3 source=TM4 destination=TM
event=receive timestamp_ns=1791281315453681378 workflow=KEY_REQUEST run_id=bench_h4_key_w3 node=U3 source=TM4 destination=TM
event=receive timestamp_ns=1791281315460538222 workflow=CT_SHARE run_id=27 node=U3 source=TM4 destination=TM
event=receive timestamp_ns=1791281315460556484 workflow=KEY_REQUEST run_id=bench_h4_key_001 node=U3 source=TM4 destination=TM
event=receive timestamp_ns=1791281315460565394 workflow=ARL_UPDATE run_id=22 node=U3 source=Authority destination=TM
event=receive timestamp_ns=1791281315460573335 workflow=ARL_UPDATE run_id=56 node=U3 source=Authority destination=TM
event=receive timestamp_ns=1791281315467484169 workflow=CT_SHARE run_id=1 node=U3 source=TM4 destination=TM
event=receive timestamp_ns=1791281315467503033 workflow=ARL_UPDATE run_id=55 node=U3 source=Authority destination=TM
event=receive timestamp_ns=1791281315467512148 workflow=ARL_UPDATE run_id=21 node=U3 source=Authority destination=TM
event=receive timestamp_ns=1791281315467520068 workflow=ARL_UPDATE run_id=11 node=U3 source=Authority destination=TM
event=receive timestamp_ns=1791281323470754336 workflow=KEY_REQUEST run_id=bench_h1_setup node=U3 source=TM1 destination=TM
event=receive timestamp_ns=1791281338289486333 workflow=CT_SHARE run_id=1 node=U3 source=TM1 destination=TM
event=receive timestamp_ns=1791281339800824970 workflow=CT_SHARE run_id=2 node=U3 source=TM1 destination=TM
event=receive timestamp_ns=1791281341337067226 workflow=CT_SHARE run_id=3 node=U3 source=TM1 destination=TM
event=receive timestamp_ns=1791281342870909861 workflow=CT_SHARE run_id=4 node=U3 source=TM1 destination=TM
event=receive timestamp_ns=1791281344406390051 workflow=CT_SHARE run_id=5 node=U3 source=TM1 destination=TM
event=receive timestamp_ns=1791281345940364045 workflow=CT_SHARE run_id=6 node=U3 source=TM1 destination=TM
event=receive timestamp_ns=1791281347478429127 workflow=CT_SHARE run_id=7 node=U3 source=TM1 destination=TM
event=receive timestamp_ns=1791281349010001725 workflow=CT_SHARE run_id=8 node=U3 source=TM1 destination=TM
event=receive timestamp_ns=1791281350583923531 workflow=CT_SHARE run_id=9 node=U3 source=TM1 destination=TM
event=receive timestamp_ns=1791281352084331182 workflow=CT_SHARE run_id=10 node=U3 source=TM1 destination=TM
event=receive timestamp_ns=1791281353623128569 workflow=CT_SHARE run_id=11 node=U3 source=TM1 destination=TM
event=receive timestamp_ns=1791281355158085495 workflow=CT_SHARE run_id=12 node=U3 source=TM1 destination=TM
event=receive timestamp_ns=1791281356690685124 workflow=CT_SHARE run_id=13 node=U3 source=TM1 destination=TM
event=receive timestamp_ns=1791281358266129862 workflow=CT_SHARE run_id=14 node=U3 source=TM1 destination=TM
event=receive timestamp_ns=1791281359769401427 workflow=CT_SHARE run_id=15 node=U3 source=TM1 destination=TM
event=receive timestamp_ns=1791281361307004400 workflow=CT_SHARE run_id=16 node=U3 source=TM1 destination=TM
event=receive timestamp_ns=1791281362841805477 workflow=CT_SHARE run_id=17 node=U3 source=TM1 destination=TM
event=receive timestamp_ns=1791281364379007060 workflow=CT_SHARE run_id=18 node=U3 source=TM1 destination=TM
event=receive timestamp_ns=1791281365975935159 workflow=CT_SHARE run_id=19 node=U3 source=TM1 destination=TM
event=receive timestamp_ns=1791281367546994255 workflow=CT_SHARE run_id=20 node=U3 source=TM1 destination=TM
event=receive timestamp_ns=1791281369041211592 workflow=CT_SHARE run_id=21 node=U3 source=TM1 destination=TM
event=receive timestamp_ns=1791281370579516174 workflow=CT_SHARE run_id=22 node=U3 source=TM1 destination=TM
event=receive timestamp_ns=1791281372115376988 workflow=CT_SHARE run_id=23 node=U3 source=TM1 destination=TM
event=receive timestamp_ns=1791281373657444687 workflow=CT_SHARE run_id=24 node=U3 source=TM1 destination=TM
event=receive timestamp_ns=1791281375225492161 workflow=CT_SHARE run_id=25 node=U3 source=TM1 destination=TM
event=receive timestamp_ns=1791281376729898702 workflow=CT_SHARE run_id=26 node=U3 source=TM1 destination=TM
event=receive timestamp_ns=1791281378267231809 workflow=CT_SHARE run_id=27 node=U3 source=TM1 destination=TM
event=receive timestamp_ns=1791281379799522931 workflow=CT_SHARE run_id=28 node=U3 source=TM1 destination=TM
event=receive timestamp_ns=1791281381335672308 workflow=CT_SHARE run_id=29 node=U3 source=TM1 destination=TM
event=receive timestamp_ns=1791281382907028139 workflow=CT_SHARE run_id=30 node=U3 source=TM1 destination=TM
event=receive timestamp_ns=1791281384412333338 workflow=CT_SHARE run_id=31 node=U3 source=TM1 destination=TM
event=receive timestamp_ns=1791281385943822663 workflow=CT_SHARE run_id=32 node=U3 source=TM1 destination=TM
event=receive timestamp_ns=1791281387480340260 workflow=CT_SHARE run_id=33 node=U3 source=TM1 destination=TM
event=receive timestamp_ns=1791281389009454077 workflow=CT_SHARE run_id=34 node=U3 source=TM1 destination=TM
event=receive timestamp_ns=1791281390873873943 workflow=CT_SHARE run_id=35 node=U3 source=TM1 destination=TM
event=receive timestamp_ns=1791281390873928072 workflow=ARL_UPDATE run_id=1 node=U3 source=Authority destination=TM
event=receive timestamp_ns=1791281392362737928 workflow=ARL_UPDATE run_id=2 node=U3 source=Authority destination=TM
event=receive timestamp_ns=1791281393930813025 workflow=ARL_UPDATE run_id=3 node=U3 source=Authority destination=TM
event=receive timestamp_ns=1791281395466704862 workflow=ARL_UPDATE run_id=4 node=U3 source=Authority destination=TM
event=receive timestamp_ns=1791281397035393860 workflow=ARL_UPDATE run_id=5 node=U3 source=Authority destination=TM
event=receive timestamp_ns=1791281398571280073 workflow=ARL_UPDATE run_id=6 node=U3 source=Authority destination=TM
event=receive timestamp_ns=1791281400106606455 workflow=ARL_UPDATE run_id=7 node=U3 source=Authority destination=TM
event=receive timestamp_ns=1791281401610507763 workflow=ARL_UPDATE run_id=8 node=U3 source=Authority destination=TM
event=receive timestamp_ns=1791281403179437466 workflow=ARL_UPDATE run_id=9 node=U3 source=Authority destination=TM
event=receive timestamp_ns=1791281404714680619 workflow=ARL_UPDATE run_id=10 node=U3 source=Authority destination=TM
event=receive timestamp_ns=1791281406282923427 workflow=ARL_UPDATE run_id=11 node=U3 source=Authority destination=TM
event=receive timestamp_ns=1791281407850919510 workflow=ARL_UPDATE run_id=12 node=U3 source=Authority destination=TM
event=receive timestamp_ns=1791281409386853094 workflow=ARL_UPDATE run_id=13 node=U3 source=Authority destination=TM
event=receive timestamp_ns=1791281410923012168 workflow=ARL_UPDATE run_id=14 node=U3 source=Authority destination=TM
event=receive timestamp_ns=1791281412458828611 workflow=ARL_UPDATE run_id=15 node=U3 source=Authority destination=TM
event=receive timestamp_ns=1791281413962586932 workflow=ARL_UPDATE run_id=16 node=U3 source=Authority destination=TM
event=receive timestamp_ns=1791281415498701725 workflow=ARL_UPDATE run_id=17 node=U3 source=Authority destination=TM
event=receive timestamp_ns=1791281417034726273 workflow=ARL_UPDATE run_id=18 node=U3 source=Authority destination=TM
event=receive timestamp_ns=1791281418570777667 workflow=ARL_UPDATE run_id=19 node=U3 source=Authority destination=TM
event=receive timestamp_ns=1791281420106825910 workflow=ARL_UPDATE run_id=20 node=U3 source=Authority destination=TM
event=receive timestamp_ns=1791281421642521816 workflow=ARL_UPDATE run_id=21 node=U3 source=Authority destination=TM
event=receive timestamp_ns=1791281423178736323 workflow=ARL_UPDATE run_id=22 node=U3 source=Authority destination=TM
event=receive timestamp_ns=1791281424714993767 workflow=ARL_UPDATE run_id=23 node=U3 source=Authority destination=TM
event=receive timestamp_ns=1791281426254662586 workflow=ARL_UPDATE run_id=24 node=U3 source=Authority destination=TM
event=receive timestamp_ns=1791281427786744803 workflow=ARL_UPDATE run_id=25 node=U3 source=Authority destination=TM
event=receive timestamp_ns=1791281429391012101 workflow=ARL_UPDATE run_id=26 node=U3 source=Authority destination=TM
event=receive timestamp_ns=1791281430986773661 workflow=ARL_UPDATE run_id=27 node=U3 source=Authority destination=TM
event=receive timestamp_ns=1791281432522796219 workflow=ARL_UPDATE run_id=28 node=U3 source=Authority destination=TM
event=receive timestamp_ns=1791281434059085911 workflow=ARL_UPDATE run_id=29 node=U3 source=Authority destination=TM
event=receive timestamp_ns=1791281435594661859 workflow=ARL_UPDATE run_id=30 node=U3 source=Authority destination=TM
event=receive timestamp_ns=1791281437130722128 workflow=ARL_UPDATE run_id=31 node=U3 source=Authority destination=TM
event=receive timestamp_ns=1791281438666530804 workflow=ARL_UPDATE run_id=32 node=U3 source=Authority destination=TM
event=receive timestamp_ns=1791281440206823892 workflow=ARL_UPDATE run_id=33 node=U3 source=Authority destination=TM
event=receive timestamp_ns=1791281441738907906 workflow=ARL_UPDATE run_id=34 node=U3 source=Authority destination=TM
event=receive timestamp_ns=1791281443275000760 workflow=ARL_UPDATE run_id=35 node=U3 source=Authority destination=TM
event=receive timestamp_ns=1791281444810511569 workflow=ARL_UPDATE run_id=36 node=U3 source=Authority destination=TM
event=receive timestamp_ns=1791281446346657688 workflow=ARL_UPDATE run_id=37 node=U3 source=Authority destination=TM
event=receive timestamp_ns=1791281447882730220 workflow=ARL_UPDATE run_id=38 node=U3 source=Authority destination=TM
event=receive timestamp_ns=1791281449418754633 workflow=ARL_UPDATE run_id=39 node=U3 source=Authority destination=TM
event=receive timestamp_ns=1791281450954831436 workflow=ARL_UPDATE run_id=40 node=U3 source=Authority destination=TM
event=receive timestamp_ns=1791281452522644936 workflow=ARL_UPDATE run_id=41 node=U3 source=Authority destination=TM
event=receive timestamp_ns=1791281454026806261 workflow=ARL_UPDATE run_id=42 node=U3 source=Authority destination=TM
event=receive timestamp_ns=1791281455562625088 workflow=ARL_UPDATE run_id=43 node=U3 source=Authority destination=TM
event=receive timestamp_ns=1791281457130659467 workflow=ARL_UPDATE run_id=44 node=U3 source=Authority destination=TM
event=receive timestamp_ns=1791281458634890083 workflow=ARL_UPDATE run_id=45 node=U3 source=Authority destination=TM
event=receive timestamp_ns=1791281460170934811 workflow=ARL_UPDATE run_id=46 node=U3 source=Authority destination=TM
event=receive timestamp_ns=1791281643978854369 workflow=ARL_UPDATE run_id=49 node=U3 source=Authority destination=TM
event=receive timestamp_ns=1791281645514850862 workflow=ARL_UPDATE run_id=50 node=U3 source=Authority destination=TM
event=receive timestamp_ns=1791281647050813811 workflow=ARL_UPDATE run_id=51 node=U3 source=Authority destination=TM
event=receive timestamp_ns=1791281648586731010 workflow=ARL_UPDATE run_id=52 node=U3 source=Authority destination=TM
event=receive timestamp_ns=1791281650126778358 workflow=ARL_UPDATE run_id=53 node=U3 source=Authority destination=TM
event=receive timestamp_ns=1791281651659209639 workflow=ARL_UPDATE run_id=54 node=U3 source=Authority destination=TM
event=receive timestamp_ns=1791281653230694221 workflow=ARL_UPDATE run_id=55 node=U3 source=Authority destination=TM
event=receive timestamp_ns=1791281654730569599 workflow=ARL_UPDATE run_id=56 node=U3 source=Authority destination=TM
event=receive timestamp_ns=1791281656266602821 workflow=ARL_UPDATE run_id=57 node=U3 source=Authority destination=TM
event=receive timestamp_ns=1791281657803124845 workflow=ARL_UPDATE run_id=58 node=U3 source=Authority destination=TM
event=receive timestamp_ns=1791281659338710435 workflow=ARL_UPDATE run_id=59 node=U3 source=Authority destination=TM
event=receive timestamp_ns=1791281660938771523 workflow=ARL_UPDATE run_id=60 node=U3 source=Authority destination=TM
event=receive timestamp_ns=1791281662474841212 workflow=ARL_UPDATE run_id=61 node=U3 source=Authority destination=TM
event=receive timestamp_ns=1791281664011030481 workflow=ARL_UPDATE run_id=62 node=U3 source=Authority destination=TM
event=receive timestamp_ns=1791281665546687287 workflow=ARL_UPDATE run_id=63 node=U3 source=Authority destination=TM
event=receive timestamp_ns=1791281667082897502 workflow=ARL_UPDATE run_id=64 node=U3 source=Authority destination=TM
event=receive timestamp_ns=1791281668618645108 workflow=ARL_UPDATE run_id=65 node=U3 source=Authority destination=TM
event=receive timestamp_ns=1791281670155025211 workflow=ARL_UPDATE run_id=66 node=U3 source=Authority destination=TM
event=receive timestamp_ns=1791281671690470619 workflow=ARL_UPDATE run_id=67 node=U3 source=Authority destination=TM
event=receive timestamp_ns=1791281673226770398 workflow=ARL_UPDATE run_id=68 node=U3 source=Authority destination=TM
event=receive timestamp_ns=1791281674763097197 workflow=ARL_UPDATE run_id=69 node=U3 source=Authority destination=TM
event=receive timestamp_ns=1791281676362746581 workflow=ARL_UPDATE run_id=70 node=U3 source=Authority destination=TM
event=receive timestamp_ns=1791281677902738874 workflow=KEY_REQUEST run_id=bench_h1_key_w1 node=U3 source=TM1 destination=TM
event=receive timestamp_ns=1791281681802772259 workflow=KEY_REQUEST run_id=bench_h1_key_w2 node=U3 source=TM1 destination=TM
event=receive timestamp_ns=1791281684682685978 workflow=KEY_REQUEST run_id=bench_h1_key_w3 node=U3 source=TM1 destination=TM
event=receive timestamp_ns=1791281687562550601 workflow=KEY_REQUEST run_id=bench_h1_key_w4 node=U3 source=TM1 destination=TM
event=receive timestamp_ns=1791281690442729926 workflow=KEY_REQUEST run_id=bench_h1_key_w5 node=U3 source=TM1 destination=TM
event=receive timestamp_ns=1791281694414799844 workflow=KEY_REQUEST run_id=bench_h1_key_001 node=U3 source=TM1 destination=TM
event=receive timestamp_ns=1791281697226590007 workflow=KEY_REQUEST run_id=bench_h1_key_002 node=U3 source=TM1 destination=TM
event=receive timestamp_ns=1791281700010822376 workflow=KEY_REQUEST run_id=bench_h1_key_003 node=U3 source=TM1 destination=TM
event=receive timestamp_ns=1791281702891313644 workflow=KEY_REQUEST run_id=bench_h1_key_004 node=U3 source=TM1 destination=TM
event=receive timestamp_ns=1791281705770555821 workflow=KEY_REQUEST run_id=bench_h1_key_005 node=U3 source=TM1 destination=TM
event=receive timestamp_ns=1791281710187063777 workflow=KEY_REQUEST run_id=bench_h1_key_006 node=U3 source=TM1 destination=TM
event=receive timestamp_ns=1791281714314861112 workflow=KEY_REQUEST run_id=bench_h1_key_007 node=U3 source=TM1 destination=TM
event=receive timestamp_ns=1791281717002487773 workflow=KEY_REQUEST run_id=bench_h1_key_008 node=U3 source=TM1 destination=TM
event=receive timestamp_ns=1791281721418907228 workflow=KEY_REQUEST run_id=bench_h1_key_009 node=U3 source=TM1 destination=TM
event=receive timestamp_ns=1791281724299055623 workflow=KEY_REQUEST run_id=bench_h1_key_010 node=U3 source=TM1 destination=TM
event=receive timestamp_ns=1791281728266478665 workflow=KEY_REQUEST run_id=bench_h1_key_011 node=U3 source=TM1 destination=TM
event=receive timestamp_ns=1791281732138666653 workflow=KEY_REQUEST run_id=bench_h1_key_012 node=U3 source=TM1 destination=TM
event=receive timestamp_ns=1791281736106795134 workflow=KEY_REQUEST run_id=bench_h1_key_013 node=U3 source=TM1 destination=TM
event=receive timestamp_ns=1791281738922534223 workflow=KEY_REQUEST run_id=bench_h1_key_014 node=U3 source=TM1 destination=TM
event=receive timestamp_ns=1791281742859122395 workflow=KEY_REQUEST run_id=bench_h1_key_015 node=U3 source=TM1 destination=TM
event=receive timestamp_ns=1791281747274739891 workflow=KEY_REQUEST run_id=bench_h1_key_016 node=U3 source=TM1 destination=TM
event=receive timestamp_ns=1791281750734597043 workflow=KEY_REQUEST run_id=bench_h1_key_017 node=U3 source=TM1 destination=TM
event=receive timestamp_ns=1791281752426857247 workflow=KEY_REQUEST run_id=bench_h1_key_018 node=U3 source=TM1 destination=TM
event=receive timestamp_ns=1791281755210722492 workflow=KEY_REQUEST run_id=bench_h1_key_019 node=U3 source=TM1 destination=TM
event=receive timestamp_ns=1791281758090668818 workflow=KEY_REQUEST run_id=bench_h1_key_020 node=U3 source=TM1 destination=TM
event=receive timestamp_ns=1791281761931310441 workflow=KEY_REQUEST run_id=bench_h1_key_021 node=U3 source=TM1 destination=TM
event=receive timestamp_ns=1791281764299175287 workflow=KEY_REQUEST run_id=bench_h1_key_022 node=U3 source=TM1 destination=TM
event=receive timestamp_ns=1791281768458752050 workflow=KEY_REQUEST run_id=bench_h1_key_023 node=U3 source=TM1 destination=TM
event=receive timestamp_ns=1791281771146562327 workflow=KEY_REQUEST run_id=bench_h1_key_024 node=U3 source=TM1 destination=TM
event=receive timestamp_ns=1791281775274809852 workflow=KEY_REQUEST run_id=bench_h1_key_025 node=U3 source=TM1 destination=TM
event=receive timestamp_ns=1791281777994963908 workflow=KEY_REQUEST run_id=bench_h1_key_026 node=U3 source=TM1 destination=TM
event=receive timestamp_ns=1791281780874895547 workflow=KEY_REQUEST run_id=bench_h1_key_027 node=U3 source=TM1 destination=TM
event=receive timestamp_ns=1791281785834872591 workflow=KEY_REQUEST run_id=bench_h1_key_028 node=U3 source=TM1 destination=TM
event=receive timestamp_ns=1791281789322627236 workflow=KEY_REQUEST run_id=bench_h1_key_029 node=U3 source=TM1 destination=TM
event=receive timestamp_ns=1791281791022748895 workflow=KEY_REQUEST run_id=bench_h1_key_030 node=U3 source=TM1 destination=TM
