event=receive timestamp_ns=1791281315185392259 workflow=ARL_UPDATE run_id=48 node=U4 source=Authority destination=TM
event=receive timestamp_ns=1791281315191767209 workflow=ARL_UPDATE run_id=4 node=U4 source=Authority destination=TM
event=receive timestamp_ns=1791281315191792594 workflow=ARL_UPDATE run_id=38 node=U4 source=Authority destination=TM
event=receive timestamp_ns=1791281315191811381 workflow=ARL_UPDATE run_id=37 node=U4 source=Authority destination=TM
event=receive timestamp_ns=1791281315191829596 workflow=ARL_UPDATE run_id=3 node=U4 source=Authority destination=TM
event=receive timestamp_ns=1791281315191849210 workflow=ARL_UPDATE run_id=14 node=U4 source=Authority destination=TM
event=receive timestamp_ns=1791281315191866240 workflow=ARL_UPDATE run_id=13 node=U4 source=Authority destination=TM
event=receive timestamp_ns=1791281315191883226 workflow=ARL_UPDATE run_id=47 node=U4 source=Authority destination=TM
event=receive timestamp_ns=1791281315204411922 workflow=ARL_UPDATE run_id=46 node=U4 source=Authority destination=TM
event=receive timestamp_ns=1791281315204442995 workflow=ARL_UPDATE run_id=12 node=U4 source=Authority destination=TM
event=receive timestamp_ns=1791281315204466640 workflow=ARL_UPDATE run_id=2 node=U4 source=Authority destination=TM
event=receive timestamp_ns=1791281315204483318 workflow=ARL_UPDATE run_id=36 node=U4 source=Authority destination=TM
event=receive timestamp_ns=1791281315204501651 workflow=ARL_UPDATE run_id=17 node=U4 source=Authority destination=TM
event=receive timestamp_ns=1791281315208374602 workflow=ARL_UPDATE run_id=51 node=U4 source=Authority destination=TM
event=receive timestamp_ns=1791281315208410077 workflow=ARL_UPDATE run_id=7 node=U4 source=Authority destination=TM
event=receive timestamp_ns=1791281315208429910 workflow=ARL_UPDATE run_id=6 node=U4 source=Authority destination=TM
event=receive timestamp_ns=1791281315208448748 workflow=ARL_UPDATE run_id=50 node=U4 source=Authority destination=TM
event=receive timestamp_ns=1791281315208465974 workflow=ARL_UPDATE run_id=16 node=U4 source=Authority destination=TM
event=receive timestamp_ns=1791281315213232237 workflow=ARL_UPDATE run_id=15 node=U4 source=Authority destination=TM
event=receive timestamp_ns=1791281315213260704 workflow=ARL_UPDATE run_id=49 node=U4 source=Authority destination=TM
event=receive timestamp_ns=1791281315213322609 workflow=ARL_UPDATE run_id=39 node=U4 source=Authority destination=TM
event=receive timestamp_ns=1791281315213342607 workflow=ARL_UPDATE run_id=5 node=U4 source=Authority destination=TM
event=receive timestamp_ns=1791281315213361743 workflow=ARL_UPDATE run_id=32 node=U4 source=Authority destination=TM
event=receive timestamp_ns=1791281315215855444 workflow=ARL_UPDATE run_id=66 node=U4 source=Authority destination=TM
event=receive timestamp_ns=1791281315215894532 workflow=ARL_UPDATE run_id=31 node=U4 source=Authority destination=TM
event=receive timestamp_ns=1791281315215914756 workflow=ARL_UPDATE run_id=65 node=U4 source=Authority destination=TM
event=receive timestamp_ns=1791281315215933845 workflow=ARL_UPDATE run_id=42 node=U4 source=Authority destination=TM
event=receive timestamp_ns=1791281315222155258 workflow=ARL_UPDATE run_id=41 node=U4 source=Authority destination=TM
event=receive timestamp_ns=1791281315222180011 workflow=ARL_UPDATE run_id=40 node=U4 source=Authority destination=TM
event=receive timestamp_ns=1791281315229623472 workflow=ARL_UPDATE run_id=30 node=U4 source=Authority destination=TM
event=receive timestamp_ns=1791281315229642515 workflow=ARL_UPDATE run_id=64 node=U4 source=Authority destination=TM
event=receive timestamp_ns=1791281315239320213 workflow=ARL_UPDATE run_id=35 node=U4 source=Authority destination=TM
event=receive timestamp_ns=1791281315239345985 workflow=ARL_UPDATE run_id=1 node=U4 source=Authority destination=TM
event=receive timestamp_ns=1791281315239364132 workflow=ARL_UPDATE run_id=34 node=U4 source=Authority destination=TM
event=receive timestamp_ns=1791281315239383537 workflow=ARL_UPDATE run_id=45 node=U4 source=Authority destination=TM
event=receive timestamp_ns=1791281315244633890 workflow=ARL_UPDATE run_id=44 node=U4 source=Authority destination=TM
event=receive timestamp_ns=1791281315244653182 workflow=ARL_UPDATE run_id=43 node=U4 source=Authority destination=TM
event=receive timestamp_ns=1791281315244662002 workflow=ARL_UPDATE run_id=33 node=U4 source=Authority destination=TM
event=receive timestamp_ns=1791281315251791870 workflow=ARL_UPDATE run_id=67 node=U4 source=Authority destination=TM
event=receive timestamp_ns=1791281315251813613 workflow=ARL_UPDATE run_id=26 node=U4 source=Authority destination=TM
event=receive timestamp_ns=1791281315256012398 workflow=ARL_UPDATE run_id=60 node=U4 source=Authority destination=TM
event=receive timestamp_ns=1791281315258059497 workflow=ARL_UPDATE run_id=70 node=U4 source=Authority destination=TM
event=receive timestamp_ns=1791281315258094386 workflow=ARL_UPDATE run_id=69 node=U4 source=Authority destination=TM
event=receive timestamp_ns=1791281315258114987 workflow=ARL_UPDATE run_id=59 node=U4 source=Authority destination=TM
event=receive timestamp_ns=1791281315258132778 workflow=ARL_UPDATE run_id=25 node=U4 source=Authority destination=TM
event=receive timestamp_ns=1791281315262238089 workflow=ARL_UPDATE run_id=68 node=U4 source=Authority destination=TM
event=receive timestamp_ns=1791281315262343804 workflow=ARL_UPDATE run_id=24 node=U4 source=Authority destination=TM
event=receive timestamp_ns=1791281315262373673 workflow=ARL_UPDATE run_id=58 node=U4 source=Authority destination=TM
event=receive timestamp_ns=1791281315262393160 workflow=ARL_UPDATE run_id=63 node=U4 source=Authority destination=TM
event=receive timestamp_ns=1791281315262411706 workflow=ARL_UPDATE run_id=29 node=U4 source=Authority destination=TM
event=receive timestamp_ns=1791281315274299189 workflow=ARL_UPDATE run_id=28 node=U4 source=Authority destination=TM
event=receive timestamp_ns=1791281315274353827 workflow=ARL_UPDATE run_id=62 node=U4 source=Authority destination=TM
event=receive timestamp_ns=1791281315281835201 workflow=ARL_UPDATE run_id=61 node=U4 source=Authority destination=TM
event=receive timestamp_ns=1791281315281867496 workflow=ARL_UPDATE run_id=27 node=U4 source=Authority destination=TM
event=receive timestamp_ns=1791281315281887853 workflow=ARL_UPDATE run_id=20 node=U4 source=Authority destination=TM
event=receive timestamp_ns=1791281315281907233 workflow=ARL_UPDATE run_id=54 node=U4 source=Authority destination=TM
event=receive timestamp_ns=1791281315281926523 workflow=ARL_UPDATE run_id=10 node=U4 source=Authority destination=TM
event=receive timestamp_ns=1791281315281945769 workflow=ARL_UPDATE run_id=9 node=U4 source=Authority destination=TM
event=receive timestamp_ns=1791281315286547136 workflow=ARL_UPDATE run_id=19 node=U4 source=Authority destination=TM
event=receive timestamp_ns=1791281315286578605 workflow=ARL_UPDATE run_id=53 node=U4 source=Authority destination=TM
event=receive timestamp_ns=1791281315292104105 workflow=ARL_UPDATE run_id=52 node=U4 source=Authority destination=TM
event=receive timestamp_ns=1791281315292129607 workflow=ARL_UPDATE run_id=18 node=U4 source=Authority destination=TM
event=receive timestamp_ns=1791281315292147527 workflow=ARL_UPDATE run_id=8 node=U4 source=Authority destination=TM
event=receive timestamp_ns=1791281315300383887 workflow=ARL_UPDATE run_id=57 node=U4 source=Authority destination=TM
event=receive timestamp_ns=1791281315300417718 workflow=ARL_UPDATE run_id=23 node=U4 source=Authority destination=TM
event=receive timestamp_ns=1791281315300439252 workflow=ARL_UPDATE run_id=22 node=U4 source=Authority destination=TM
event=receive timestamp_ns=1791281315305798059 workflow=ARL_UPDATE run_id=56 node=U4 source=Authority destination=TM
event=receive timestamp_ns=1791281315305811334 workflow=ARL_UPDATE run_id=55 node=U4 source=Authority destination=TM
event=receive timestamp_ns=1791281315305819770 workflow=ARL_UPDATE run_id=21 node=U4 source=Authority destination=TM
event=receive timestamp_ns=1791281315311898381 workflow=ARL_UPDATE run_id=11 node=U4 source=Authority destination=TM
event=receive timestamp_ns=1791281323573001734 workflow=KEY_REQUEST run_id=bench_h1_setup node=U4 source=TM1 destination=TM
event=receive timestamp_ns=1791281338325520612 workflow=CT_SHARE run_id=1 node=U4 source=TM1 destination=TM
event=receive timestamp_ns=1791281339903608601 workflow=CT_SHARE run_id=2 node=U4 source=TM1 destination=TM
event=receive timestamp_ns=1791281341441219530 workflow=CT_SHARE run_id=3 node=U4 source=TM1 destination=TM
event=receive timestamp_ns=1791281342972874179 workflow=CT_SHARE run_id=4 node=U4 source=TM1 destination=TM
event=receive timestamp_ns=1791281344504195525 workflow=CT_SHARE run_id=5 node=U4 source=TM1 destination=TM
event=receive timestamp_ns=1791281346044845661 workflow=CT_SHARE run_id=6 node=U4 source=TM1 destination=TM
event=receive timestamp_ns=1791281347584823049 workflow=CT_SHARE run_id=7 node=U4 source=TM1 destination=TM
event=receive timestamp_ns=1791281349119041744 workflow=CT_SHARE run_id=8 node=U4 source=TM1 destination=TM
event=receive timestamp_ns=1791281350691622241 workflow=CT_SHARE run_id=9 node=U4 source=TM1 destination=TM
event=receive timestamp_ns=1791281352193292273 workflow=CT_SHARE run_id=10 node=U4 source=TM1 destination=TM
event=receive timestamp_ns=1791281353728228930 workflow=CT_SHARE run_id=11 node=U4 source=TM1 destination=TM
event=receive timestamp_ns=1791281355270755220 workflow=CT_SHARE run_id=12 node=U4 source=TM1 destination=TM
event=receive timestamp_ns=1791281356800165779 workflow=CT_SHARE run_id=13 node=U4 source=TM1 destination=TM
event=receive timestamp_ns=1791281358376593341 workflow=CT_SHARE run_id=14 node=U4 source=TM1 destination=TM
event=receive timestamp_ns=1791281359879335608 workflow=CT_SHARE run_id=15 node=U4 source=TM1 destination=TM
event=receive timestamp_ns=1791281361412599929 workflow=CT_SHARE run_id=16 node=U4 source=TM1 destination=TM
event=receive timestamp_ns=1791281362948067488 workflow=CT_SHARE run_id=17 node=U4 source=TM1 destination=TM
event=receive timestamp_ns=1791281364474452959 workflow=CT_SHARE run_id=18 node=U4 source=TM1 destination=TM
event=receive timestamp_ns=1791281366084440802 workflow=CT_SHARE run_id=19 node=U4 source=TM1 destination=TM
event=receive timestamp_ns=1791281367641964606 workflow=CT_SHARE run_id=20 node=U4 source=TM1 destination=TM
event=receive timestamp_ns=1791281369147130561 workflow=CT_SHARE run_id=21 node=U4 source=TM1 destination=TM
event=receive timestamp_ns=1791281370683185299 workflow=CT_SHARE run_id=22 node=U4 source=TM1 destination=TM
event=receive timestamp_ns=1791281372227618549 workflow=CT_SHARE run_id=23 node=U4 source=TM1 destination=TM
event=receive timestamp_ns=1791281373756414893 workflow=CT_SHARE run_id=24 node=U4 source=TM1 destination=TM
event=receive timestamp_ns=1791281375331778580 workflow=CT_SHARE run_id=25 node=U4 source=TM1 destination=TM
event=receive timestamp_ns=1791281376834867099 workflow=CT_SHARE run_id=26 node=U4 source=TM1 destination=TM
event=receive timestamp_ns=1791281378368542774 workflow=CT_SHARE run_id=27 node=U4 source=TM1 destination=TM
event=receive timestamp_ns=1791281379908777362 workflow=CT_SHARE run_id=28 node=U4 source=TM1 destination=TM
event=receive timestamp_ns=1791281381440302374 workflow=CT_SHARE run_id=29 node=U4 source=TM1 destination=TM
event=receive timestamp_ns=1791281383009969779 workflow=CT_SHARE run_id=30 node=U4 source=TM1 destination=TM
event=receive timestamp_ns=1791281384510413183 workflow=CT_SHARE run_id=31 node=U4 source=TM1 destination=TM
event=receive timestamp_ns=1791281386053772857 workflow=CT_SHARE run_id=32 node=U4 source=TM1 destination=TM
event=receive timestamp_ns=1791281387589030660 workflow=CT_SHARE run_id=33 node=U4 source=TM1 destination=TM
event=receive timestamp_ns=1791281389112713404 workflow=CT_SHARE run_id=34 node=U4 source=TM1 destination=TM
event=receive timestamp_ns=1791281390979416398 workflow=CT_SHARE run_id=35 node=U4 source=TM1 destination=TM
event=receive timestamp_ns=1791281390979454805 workflow=ARL_UPDATE run_id=1 node=U4 source=Authority destination=TM
event=receive timestamp_ns=1791281392458818205 workflow=ARL_UPDATE run_id=2 node=U4 source=Authority destination=TM
event=receive timestamp_ns=1791281393998622430 workflow=ARL_UPDATE run_id=3 node=U4 source=Authority destination=TM
event=receive timestamp_ns=1791281395566798527 workflow=ARL_UPDATE run_id=4 node=U4 source=Authority destination=TM
event=receive timestamp_ns=1791281397131146664 workflow=ARL_UPDATE run_id=5 node=U4 source=Authority destination=TM
event=receive timestamp_ns=1791281398670736576 workflow=ARL_UPDATE run_id=6 node=U4 source=Authority destination=TM
event=receive timestamp_ns=1791281400202903787 workflow=ARL_UPDATE run_id=7 node=U4 source=Authority destination=TM
event=receive timestamp_ns=1791281401706744922 workflow=ARL_UPDATE run_id=8 node=U4 source=Authority destination=TM
event=receive timestamp_ns=1791281403275614312 workflow=ARL_UPDATE run_id=9 node=U4 source=Authority destination=TM
event=receive timestamp_ns=1791281404815195499 workflow=ARL_UPDATE run_id=10 node=U4 source=Authority destination=TM
event=receive timestamp_ns=1791281406379008685 workflow=ARL_UPDATE run_id=11 node=U4 source=Authority destination=TM
event=receive timestamp_ns=1791281407950940408 workflow=ARL_UPDATE run_id=12 node=U4 source=Authority destination=TM
event=receive timestamp_ns=1791281409482632252 workflow=ARL_UPDATE run_id=13 node=U4 source=Authority destination=TM
event=receive timestamp_ns=1791281411018600736 workflow=ARL_UPDATE run_id=14 node=U4 source=Authority destination=TM
event=receive timestamp_ns=1791281412558555003 workflow=ARL_UPDATE run_id=15 node=U4 source=Authority destination=TM
event=receive timestamp_ns=1791281414058798160 workflow=ARL_UPDATE run_id=16 node=U4 source=Authority destination=TM
event=receive timestamp_ns=1791281415595108686 workflow=ARL_UPDATE run_id=17 node=U4 source=Authority destination=TM
event=receive timestamp_ns=1791281417130740583 workflow=ARL_UPDATE run_id=18 node=U4 source=Authority destination=TM
event=receive timestamp_ns=1791281418666493667 workflow=ARL_UPDATE run_id=19 node=U4 source=Authority destination=TM
event=receive timestamp_ns=1791281420202702858 workflow=ARL_UPDATE run_id=20 node=U4 source=Authority destination=TM
event=receive timestamp_ns=1791281421738800539 workflow=ARL_UPDATE run_id=21 node=U4 source=Authority destination=TM
event=receive timestamp_ns=1791281423274537288 workflow=ARL_UPDATE run_id=22 node=U4 source=Authority destination=TM
event=receive timestamp_ns=1791281424814567453 workflow=ARL_UPDATE run_id=23 node=U4 source=Authority destination=TM
event=receive timestamp_ns=1791281426346465561 workflow=ARL_UPDATE run_id=24 node=U4 source=Authority destination=TM
event=receive timestamp_ns=1791281427882559355 workflow=ARL_UPDATE run_id=25 node=U4 source=Authority destination=TM
event=receive timestamp_ns=1791281429482967448 workflow=ARL_UPDATE run_id=26 node=U4 source=Authority destination=TM
event=receive timestamp_ns=1791281431114705378 workflow=ARL_UPDATE run_id=27 node=U4 source=Authority destination=TM
event=receive timestamp_ns=1791281432622772108 workflow=ARL_UPDATE run_id=28 node=U4 source=Authority destination=TM
event=receive timestamp_ns=1791281434155138813 workflow=ARL_UPDATE run_id=29 node=U4 source=Authority destination=TM
event=receive timestamp_ns=1791281435690463822 workflow=ARL_UPDATE run_id=30 node=U4 source=Authority destination=TM
event=receive timestamp_ns=1791281437230653127 workflow=ARL_UPDATE run_id=31 node=U4 source=Authority destination=TM
event=receive timestamp_ns=1791281438762736559 workflow=ARL_UPDATE run_id=32 node=U4 source=Authority destination=TM
event=receive timestamp_ns=1791281440298751011 workflow=ARL_UPDATE run_id=33 node=U4 source=Authority destination=TM
event=receive timestamp_ns=1791281441834759564 workflow=ARL_UPDATE run_id=34 node=U4 source=Authority destination=TM
event=receive timestamp_ns=1791281443370686185 workflow=ARL_UPDATE run_id=35 node=U4 source=Authority destination=TM
event=receive timestamp_ns=1791281444906738867 workflow=ARL_UPDATE run_id=36 node=U4 source=Authority destination=TM
event=receive timestamp_ns=1791281446442680835 workflow=ARL_UPDATE run_id=37 node=U4 source=Authority destination=TM
event=receive timestamp_ns=1791281447978619602 workflow=ARL_UPDATE run_id=38 node=U4 source=Authority destination=TM
event=receive timestamp_ns=1791281449514534380 workflow=ARL_UPDATE run_id=39 node=U4 source=Authority destination=TM
event=receive timestamp_ns=1791281451051048108 workflow=ARL_UPDATE run_id=40 node=U4 source=Authority destination=TM
event=receive timestamp_ns=1791281452619006081 workflow=ARL_UPDATE run_id=41 node=U4 source=Authority destination=TM
event=receive timestamp_ns=1791281454122977269 workflow=ARL_UPDATE run_id=42 node=U4 source=Authority destination=TM
event=receive timestamp_ns=1791281455690821703 workflow=ARL_UPDATE run_id=43 node=U4 source=Authority destination=TM
event=receive timestamp_ns=1791281457226871980 workflow=ARL_UPDATE run_id=44 node=U4 source=Authority destination=TM
event=receive timestamp_ns=1791281458730797950 workflow=ARL_UPDATE run_id=45 node=U4 source=Authority destination=TM
event=receive timestamp_ns=1791281460266503335 workflow=ARL_UPDATE run_id=46 node=U4 source=Authority destination=TM
event=receive timestamp_ns=1791281644075039622 workflow=ARL_UPDATE run_id=49 node=U4 source=Authority destination=TM
event=receive timestamp_ns=1791281645614760124 workflow=ARL_UPDATE run_id=50 node=U4 source=Authority destination=TM
event=receive timestamp_ns=1791281647146852911 workflow=ARL_UPDATE run_id=51 node=U4 source=Authority destination=TM
event=receive timestamp_ns=1791281648682900817 workflow=ARL_UPDATE run_id=52 node=U4 source=Authority destination=TM
event=receive timestamp_ns=1791281650219001717 workflow=ARL_UPDATE run_id=53 node=U4 source=Authority destination=TM
event=receive timestamp_ns=1791281651754568381 workflow=ARL_UPDATE run_id=54 node=U4 source=Authority destination=TM
event=receive timestamp_ns=1791281653322690229 workflow=ARL_UPDATE run_id=55 node=U4 source=Authority destination=TM
event=receive timestamp_ns=1791281654826849607 workflow=ARL_UPDATE run_id=56 node=U4 source=Authority destination=TM
event=receive timestamp_ns=1791281656362614280 workflow=ARL_UPDATE run_id=57 node=U4 source=Authority destination=TM
event=receive timestamp_ns=1791281657898920962 workflow=ARL_UPDATE run_id=58 node=U4 source=Authority destination=TM
event=receive timestamp_ns=1791281659435254749 workflow=ARL_UPDATE run_id=59 node=U4 source=Authority destination=TM
event=receive timestamp_ns=1791281661034598424 workflow=ARL_UPDATE run_id=60 node=U4 source=Authority destination=TM
event=receive timestamp_ns=1791281662571265412 workflow=ARL_UPDATE run_id=61 node=U4 source=Authority destination=TM
event=receive timestamp_ns=1791281664110836740 workflow=ARL_UPDATE run_id=62 node=U4 source=Authority destination=TM
event=receive timestamp_ns=1791281665646509168 workflow=ARL_UPDATE run_id=63 node=U4 source=Authority destination=TM
event=receive timestamp_ns=1791281667183129434 workflow=ARL_UPDATE run_id=64 node=U4 source=Authority destination=TM
event=receive timestamp_ns=1791281668718718890 workflow=ARL_UPDATE run_id=65 node=U4 source=Authority destination=TM
event=receive timestamp_ns=1791281670251076399 workflow=ARL_UPDATE run_id=66 node=U4 source=Authority destination=TM
event=receive timestamp_ns=1791281671790878433 workflow=ARL_UPDATE run_id=67 node=U4 source=Authority destination=TM
event=receive timestamp_ns=1791281673322491599 workflow=ARL_UPDATE run_id=68 node=U4 source=Authority destination=TM
event=receive timestamp_ns=1791281674858748154 workflow=ARL_UPDATE run_id=69 node=U4 source=Authority destination=TM
event=receive timestamp_ns=1791281676458834956 workflow=ARL_UPDATE run_id=70 node=U4 source=Authority destination=TM
event=receive timestamp_ns=1791281677994949919 workflow=KEY_REQUEST run_id=bench_h1_key_w1 node=U4 source=TM1 destination=TM
event=receive timestamp_ns=1791281681902567837 workflow=KEY_REQUEST run_id=bench_h1_key_w2 node=U4 source=TM1 destination=TM
event=receive timestamp_ns=1791281684779062424 workflow=KEY_REQUEST run_id=bench_h1_key_w3 node=U4 source=TM1 destination=TM
event=receive timestamp_ns=1791281687658867085 workflow=KEY_REQUEST run_id=bench_h1_key_w4 node=U4 source=TM1 destination=TM
event=receive timestamp_ns=1791281690538792286 workflow=KEY_REQUEST run_id=bench_h1_key_w5 node=U4 source=TM1 destination=TM
event=receive timestamp_ns=1791281694446630650 workflow=KEY_REQUEST run_id=bench_h1_key_001 node=U4 source=TM1 destination=TM
event=receive timestamp_ns=1791281697322785740 workflow=KEY_REQUEST run_id=bench_h1_key_002 node=U4 source=TM1 destination=TM
event=receive timestamp_ns=1791281700106535752 workflow=KEY_REQUEST run_id=bench_h1_key_003 node=U4 source=TM1 destination=TM
event=receive timestamp_ns=1791281702986983591 workflow=KEY_REQUEST run_id=bench_h1_key_004 node=U4 source=TM1 destination=TM
event=receive timestamp_ns=1791281705866423423 workflow=KEY_REQUEST run_id=bench_h1_key_005 node=U4 source=TM1 destination=TM
event=receive timestamp_ns=1791281710282455436 workflow=KEY_REQUEST run_id=bench_h1_key_006 node=U4 source=TM1 destination=TM
event=receive timestamp_ns=1791281714410821119 workflow=KEY_REQUEST run_id=bench_h1_key_007 node=U4 source=TM1 destination=TM
event=receive timestamp_ns=1791281717098426386 workflow=KEY_REQUEST run_id=bench_h1_key_008 node=U4 source=TM1 destination=TM
event=receive timestamp_ns=1791281721514759268 workflow=KEY_REQUEST run_id=bench_h1_key_009 node=U4 source=TM1 destination=TM
event=receive timestamp_ns=1791281724394704811 workflow=KEY_REQUEST run_id=bench_h1_key_010 node=U4 source=TM1 destination=TM
event=receive timestamp_ns=1791281728366521767 workflow=KEY_REQUEST run_id=bench_h1_key_011 node=U4 source=TM1 destination=TM
event=receive timestamp_ns=1791281732234669585 workflow=KEY_REQUEST run_id=bench_h1_key_012 node=U4 source=TM1 destination=TM
event=receive timestamp_ns=1791281736202885420 workflow=KEY_REQUEST run_id=bench_h1_key_013 node=U4 source=TM1 destination=TM
event=receive timestamp_ns=1791281739018903441 workflow=KEY_REQUEST run_id=bench_h1_key_014 node=U4 source=TM1 destination=TM
event=receive timestamp_ns=1791281742986824918 workflow=KEY_REQUEST run_id=bench_h1_key_015 node=U4 source=TM1 destination=TM
event=receive timestamp_ns=1791281747370862584 workflow=KEY_REQUEST run_id=bench_h1_key_016 node=U4 source=TM1 destination=TM
event=receive timestamp_ns=1791281750830749754 workflow=KEY_REQUEST run_id=bench_h1_key_017 node=U4 source=TM1 destination=TM
event=receive timestamp_ns=1791281752522888751 workflow=KEY_REQUEST run_id=bench_h1_key_018 node=U4 source=TM1 destination=TM
event=receive timestamp_ns=1791281755307209078 workflow=KEY_REQUEST run_id=bench_h1_key_019 node=U4 source=TM1 destination=TM
event=receive timestamp_ns=1791281758186919641 workflow=KEY_REQUEST run_id=bench_h1_key_020 node=U4 source=TM1 destination=TM
event=receive timestamp_ns=1791281762026967914 workflow=KEY_REQUEST run_id=bench_h1_key_021 node=U4 source=TM1 destination=TM
event=receive timestamp_ns=1791281764398740248 workflow=KEY_REQUEST run_id=bench_h1_key_022 node=U4 source=TM1 destination=TM
event=receive timestamp_ns=1791281768526680386 workflow=KEY_REQUEST run_id=bench_h1_key_023 node=U4 source=TM1 destination=TM
event=receive timestamp_ns=1791281771242740583 workflow=KEY_REQUEST run_id=bench_h1_key_024 node=U4 source=TM1 destination=TM
event=receive timestamp_ns=1791281775370650158 workflow=KEY_REQUEST run_id=bench_h1_key_025 node=U4 source=TM1 destination=TM
event=receive timestamp_ns=1791281778094890795 workflow=KEY_REQUEST run_id=bench_h1_key_026 node=U4 source=TM1 destination=TM
event=receive timestamp_ns=1791281781482927703 workflow=KEY_REQUEST run_id=bench_h1_key_027 node=U4 source=TM1 destination=TM
event=receive timestamp_ns=1791281785418754943 workflow=KEY_REQUEST run_id=bench_h1_key_028 node=U4 source=TM1 destination=TM
event=receive timestamp_ns=1791281789354615827 workflow=KEY_REQUEST run_id=bench_h1_key_029 node=U4 source=TM1 destination=TM
event=receive timestamp_ns=1791281791114631183 workflow=KEY_REQUEST run_id=bench_h1_key_030 node=U4 source=TM1 destination=TM
