event=receive timestamp_ns=1791281315183720848 workflow=ARL_UPDATE run_id=48 node=U5 source=Authority destination=TM
event=receive timestamp_ns=1791281315183774318 workflow=ARL_UPDATE run_id=4 node=U5 source=Authority destination=TM
event=receive timestamp_ns=1791281315183794410 workflow=ARL_UPDATE run_id=38 node=U5 source=Authority destination=TM
event=receive timestamp_ns=1791281315183825687 workflow=ARL_UPDATE run_id=37 node=U5 source=Authority destination=TM
event=receive timestamp_ns=1791281315183845485 workflow=ARL_UPDATE run_id=3 node=U5 source=Authority destination=TM
event=receive timestamp_ns=1791281315191456298 workflow=CT_SHARE run_id=31 node=U5 source=TM4 destination=TM
event=receive timestamp_ns=1791281315191506484 workflow=KEY_REQUEST run_id=bench_h4_key_009 node=U5 source=TM4 destination=TM
event=receive timestamp_ns=1791281315191527306 workflow=KEY_REQUEST run_id=bench_h4_key_w4 node=U5 source=TM4 destination=TM
event=receive timestamp_ns=1791281315204904155 workflow=CT_SHARE run_id=11 node=U5 source=TM4 destination=TM
event=receive timestamp_ns=1791281315212625746 workflow=CT_SHARE run_id=30 node=U5 source=TM4 destination=TM
event=receive timestamp_ns=1791281315212686528 workflow=ARL_UPDATE run_id=14 node=U5 source=Authority destination=TM
event=receive timestamp_ns=1791281315212707781 workflow=ARL_UPDATE run_id=13 node=U5 source=Authority destination=TM
event=receive timestamp_ns=1791281315212725755 workflow=ARL_UPDATE run_id=47 node=U5 source=Authority destination=TM
event=receive timestamp_ns=1791281315212743215 workflow=ARL_UPDATE run_id=46 node=U5 source=Authority destination=TM
event=receive timestamp_ns=1791281315212759953 workflow=ARL_UPDATE run_id=12 node=U5 source=Authority destination=TM
event=receive timestamp_ns=1791281315224557867 workflow=CT_SHARE run_id=12 node=U5 source=TM4 destination=TM
event=receive timestamp_ns=1791281315224597026 workflow=ARL_UPDATE run_id=2 node=U5 source=Authority destination=TM
event=receive timestamp_ns=1791281315224606450 workflow=ARL_UPDATE run_id=36 node=U5 source=Authority destination=TM
event=receive timestamp_ns=1791281315224615934 workflow=ARL_UPDATE run_id=17 node=U5 source=Authority destination=TM
event=receive timestamp_ns=1791281315227652604 workflow=ARL_UPDATE run_id=51 node=U5 source=Authority destination=TM
event=receive timestamp_ns=1791281315227698910 workflow=ARL_UPDATE run_id=7 node=U5 source=Authority destination=TM
event=receive timestamp_ns=1791281315227720392 workflow=ARL_UPDATE run_id=6 node=U5 source=Authority destination=TM
event=receive timestamp_ns=1791281315227742681 workflow=KEY_REQUEST run_id=bench_h4_key_002 node=U5 source=TM4 destination=TM
event=receive timestamp_ns=1791281315238996389 workflow=CT_SHARE run_id=13 node=U5 source=TM4 destination=TM
event=receive timestamp_ns=1791281315247207476 workflow=CT_SHARE run_id=32 node=U5 source=TM4 destination=TM
event=receive timestamp_ns=1791281315247234988 workflow=ARL_UPDATE run_id=50 node=U5 source=Authority destination=TM
event=receive timestamp_ns=1791281315247244020 workflow=ARL_UPDATE run_id=16 node=U5 source=Authority destination=TM
event=receive timestamp_ns=1791281315257074990 workflow=CT_SHARE run_id=15 node=U5 source=TM4 destination=TM
event=receive timestamp_ns=1791281315257108834 workflow=KEY_REQUEST run_id=bench_h4_key_010 node=U5 source=TM4 destination=TM
event=receive timestamp_ns=1791281315257118925 workflow=ARL_UPDATE run_id=15 node=U5 source=Authority destination=TM
event=receive timestamp_ns=1791281315257127806 workflow=ARL_UPDATE run_id=49 node=U5 source=Authority destination=TM
event=receive timestamp_ns=1791281315257136195 workflow=ARL_UPDATE run_id=39 node=U5 source=Authority destination=TM
event=receive timestamp_ns=1791281315257144384 workflow=ARL_UPDATE run_id=5 node=U5 source=Authority destination=TM
event=receive timestamp_ns=1791281315264046366 workflow=CT_SHARE run_id=14 node=U5 source=TM4 destination=TM
event=receive timestamp_ns=1791281315264076322 workflow=ARL_UPDATE run_id=32 node=U5 source=Authority destination=TM
event=receive timestamp_ns=1791281315266956260 workflow=ARL_UPDATE run_id=66 node=U5 source=Authority destination=TM
event=receive timestamp_ns=1791281315267063472 workflow=ARL_UPDATE run_id=31 node=U5 source=Authority destination=TM
event=receive timestamp_ns=1791281315267085313 workflow=ARL_UPDATE run_id=65 node=U5 source=Authority destination=TM
event=receive timestamp_ns=1791281315278807473 workflow=CT_SHARE run_id=16 node=U5 source=TM4 destination=TM
event=receive timestamp_ns=1791281315278845273 workflow=ARL_UPDATE run_id=42 node=U5 source=Authority destination=TM
event=receive timestamp_ns=1791281315278855514 workflow=ARL_UPDATE run_id=41 node=U5 source=Authority destination=TM
event=receive timestamp_ns=1791281315278866790 workflow=KEY_REQUEST run_id=bench_h4_key_003 node=U5 source=TM4 destination=TM
event=receive timestamp_ns=1791281315286598812 workflow=CT_SHARE run_id=8 node=U5 source=TM4 destination=TM
event=receive timestamp_ns=1791281315286637573 workflow=ARL_UPDATE run_id=40 node=U5 source=Authority destination=TM
event=receive timestamp_ns=1791281315296058109 workflow=CT_SHARE run_id=17 node=U5 source=TM4 destination=TM
event=receive timestamp_ns=1791281315296115123 workflow=ARL_UPDATE run_id=30 node=U5 source=Authority destination=TM
event=receive timestamp_ns=1791281315296135446 workflow=ARL_UPDATE run_id=64 node=U5 source=Authority destination=TM
event=receive timestamp_ns=1791281315308454029 workflow=CT_SHARE run_id=7 node=U5 source=TM4 destination=TM
event=receive timestamp_ns=1791281315308480839 workflow=ARL_UPDATE run_id=35 node=U5 source=Authority destination=TM
event=receive timestamp_ns=1791281315308490589 workflow=ARL_UPDATE run_id=1 node=U5 source=Authority destination=TM
event=receive timestamp_ns=1791281315308499113 workflow=ARL_UPDATE run_id=34 node=U5 source=Authority destination=TM
event=receive timestamp_ns=1791281315315466467 workflow=CT_SHARE run_id=9 node=U5 source=TM4 destination=TM
event=receive timestamp_ns=1791281315315532417 workflow=KEY_REQUEST run_id=bench_h4_key_011 node=U5 source=TM4 destination=TM
event=receive timestamp_ns=1791281315329820569 workflow=CT_SHARE run_id=18 node=U5 source=TM4 destination=TM
event=receive timestamp_ns=1791281315329907230 workflow=ARL_UPDATE run_id=45 node=U5 source=Authority destination=TM
event=receive timestamp_ns=1791281315329928587 workflow=ARL_UPDATE run_id=44 node=U5 source=Authority destination=TM
event=receive timestamp_ns=1791281315329950668 workflow=KEY_REQUEST run_id=bench_h4_key_w1 node=U5 source=TM4 destination=TM
event=receive timestamp_ns=1791281315329968489 workflow=ARL_UPDATE run_id=43 node=U5 source=Authority destination=TM
event=receive timestamp_ns=1791281315337835650 workflow=CT_SHARE run_id=10 node=U5 source=TM4 destination=TM
event=receive timestamp_ns=1791281315337872147 workflow=ARL_UPDATE run_id=33 node=U5 source=Authority destination=TM
event=receive timestamp_ns=1791281315344722653 workflow=CT_SHARE run_id=19 node=U5 source=TM4 destination=TM
event=receive timestamp_ns=1791281315348288404 workflow=ARL_UPDATE run_id=67 node=U5 source=Authority destination=TM
event=receive timestamp_ns=1791281315348330189 workflow=ARL_UPDATE run_id=26 node=U5 source=Authority destination=TM
event=receive timestamp_ns=1791281315348350628 workflow=ARL_UPDATE run_id=60 node=U5 source=Authority destination=TM
event=receive timestamp_ns=1791281315348371615 workflow=KEY_REQUEST run_id=bench_h4_key_007 node=U5 source=TM4 destination=TM
event=receive timestamp_ns=1791281315356408765 workflow=CT_SHARE run_id=4 node=U5 source=TM4 destination=TM
event=receive timestamp_ns=1791281315368296127 workflow=CT_SHARE run_id=21 node=U5 source=TM4 destination=TM
event=receive timestamp_ns=1791281315375200436 workflow=CT_SHARE run_id=2 node=U5 source=TM4 destination=TM
event=receive timestamp_ns=1791281315375223286 workflow=KEY_REQUEST run_id=bench_h4_key_004 node=U5 source=TM4 destination=TM
event=receive timestamp_ns=1791281315379246370 workflow=ARL_UPDATE run_id=70 node=U5 source=Authority destination=TM
event=receive timestamp_ns=1791281315388099463 workflow=CT_SHARE run_id=20 node=U5 source=TM4 destination=TM
event=receive timestamp_ns=1791281315388131869 workflow=ARL_UPDATE run_id=69 node=U5 source=Authority destination=TM
event=receive timestamp_ns=1791281315388141768 workflow=ARL_UPDATE run_id=59 node=U5 source=Authority destination=TM
event=receive timestamp_ns=1791281315388150330 workflow=ARL_UPDATE run_id=25 node=U5 source=Authority destination=TM
event=receive timestamp_ns=1791281315388158519 workflow=ARL_UPDATE run_id=68 node=U5 source=Authority destination=TM
event=receive timestamp_ns=1791281315394993179 workflow=CT_SHARE run_id=3 node=U5 source=TM4 destination=TM
event=receive timestamp_ns=1791281315395009388 workflow=ARL_UPDATE run_id=24 node=U5 source=Authority destination=TM
event=receive timestamp_ns=1791281315395019509 workflow=KEY_REQUEST run_id=bench_h4_key_012 node=U5 source=TM4 destination=TM
event=receive timestamp_ns=1791281315395027414 workflow=ARL_UPDATE run_id=58 node=U5 source=Authority destination=TM
event=receive timestamp_ns=1791281315395035875 workflow=ARL_UPDATE run_id=63 node=U5 source=Authority destination=TM
event=receive timestamp_ns=1791281315395044270 workflow=ARL_UPDATE run_id=29 node=U5 source=Authority destination=TM
event=receive timestamp_ns=1791281315402405999 workflow=CT_SHARE run_id=24 node=U5 source=TM4 destination=TM
event=receive timestamp_ns=1791281315402452112 workflow=KEY_REQUEST run_id=bench_h4_key_w2 node=U5 source=TM4 destination=TM
event=receive timestamp_ns=1791281315411007275 workflow=CT_SHARE run_id=23 node=U5 source=TM4 destination=TM
event=receive timestamp_ns=1791281315420453050 workflow=CT_SHARE run_id=22 node=U5 source=TM4 destination=TM
event=receive timestamp_ns=1791281315427267960 workflow=CT_SHARE run_id=6 node=U5 source=TM4 destination=TM
event=receive timestamp_ns=1791281315427284516 workflow=ARL_UPDATE run_id=28 node=U5 source=Authority destination=TM
event=receive timestamp_ns=1791281315427293711 workflow=ARL_UPDATE run_id=62 node=U5 source=Authority destination=TM
event=receive timestamp_ns=1791281315434879774 workflow=CT_SHARE run_id=5 node=U5 source=TM4 destination=TM
event=receive timestamp_ns=1791281315434922392 workflow=KEY_REQUEST run_id=bench_h4_key_005 node=U5 source=TM4 destination=TM
event=receive timestamp_ns=1791281315434934301 workflow=ARL_UPDATE run_id=61 node=U5 source=Authority destination=TM
event=receive timestamp_ns=1791281315434943236 workflow=ARL_UPDATE run_id=27 node=U5 source=Authority destination=TM
event=receive timestamp_ns=1791281315434951507 workflow=ARL_UPDATE run_id=20 node=U5 source=Authority destination=TM
event=receive timestamp_ns=1791281315434959394 workflow=ARL_UPDATE run_id=54 node=U5 source=Authority destination=TM
event=receive timestamp_ns=1791281315434967246 workflow=ARL_UPDATE run_id=10 node=U5 source=Authority destination=TM
event=receive timestamp_ns=1791281315434975196 workflow=ARL_UPDATE run_id=9 node=U5 source=Authority destination=TM
event=receive timestamp_ns=1791281315442316665 workflow=CT_SHARE run_id=26 node=U5 source=TM4 destination=TM
event=receive timestamp_ns=1791281315449893234 workflow=CT_SHARE run_id=33 node=U5 source=TM4 destination=TM
event=receive timestamp_ns=1791281315463876641 workflow=CT_SHARE run_id=25 node=U5 source=TM4 destination=TM
event=receive timestamp_ns=1791281315463933931 workflow=ARL_UPDATE run_id=19 node=U5 source=Authority destination=TM
event=receive timestamp_ns=1791281315463956118 workflow=KEY_REQUEST run_id=bench_h4_key_008 node=U5 source=TM4 destination=TM
event=receive timestamp_ns=1791281315463974635 workflow=ARL_UPDATE run_id=53 node=U5 source=Authority destination=TM
event=receive timestamp_ns=1791281315471738971 workflow=CT_SHARE run_id=34 node=U5 source=TM4 destination=TM
event=receive timestamp_ns=1791281315471791669 workflow=KEY_REQUEST run_id=bench_h4_setup node=U5 source=TM4 destination=TM
event=receive timestamp_ns=1791281315471802339 workflow=ARL_UPDATE run_id=52 node=U5 source=Authority destination=TM
event=receive timestamp_ns=1791281315471810595 workflow=ARL_UPDATE run_id=18 node=U5 source=Authority destination=TM
event=receive timestamp_ns=1791281315471818983 workflow=KEY_REQUEST run_id=bench_h4_key_w5 node=U5 source=TM4 destination=TM
event=receive timestamp_ns=1791281315471836232 workflow=ARL_UPDATE run_id=8 node=U5 source=Authority destination=TM
event=receive timestamp_ns=1791281315471844970 workflow=ARL_UPDATE run_id=57 node=U5 source=Authority destination=TM
event=receive timestamp_ns=1791281315471853610 workflow=ARL_UPDATE run_id=23 node=U5 source=Authority destination=TM
event=receive timestamp_ns=1791281315478506892 workflow=CT_SHARE run_id=29 node=U5 source=TM4 destination=TM
event=receive timestamp_ns=1791281315485287513 workflow=CT_SHARE run_id=28 node=U5 source=TM4 destination=TM
event=receive timestamp_ns=1791281315491983916 workflow=CT_SHARE run_id=35 node=U5 source=TM4 destination=TM
event=receive timestamp_ns=1791281315492011810 workflow=KEY_REQUEST run_id=bench_h4_key_006 node=U5 source=TM4 destination=TM
event=receive timestamp_ns=1791281315492020638 workflow=KEY_REQUEST run_id=bench_h4_key_w3 node=U5 source=TM4 destination=TM
event=receive timestamp_ns=1791281315499824831 workflow=CT_SHARE run_id=27 node=U5 source=TM4 destination=TM
event=receive timestamp_ns=1791281315500075918 workflow=KEY_REQUEST run_id=bench_h4_key_001 node=U5 source=TM4 destination=TM
event=receive timestamp_ns=1791281315500123504 workflow=ARL_UPDATE run_id=22 node=U5 source=Authority destination=TM
event=receive timestamp_ns=1791281315500145681 workflow=ARL_UPDATE run_id=56 node=U5 source=Authority destination=TM
event=receive timestamp_ns=1791281315508930164 workflow=CT_SHARE run_id=1 node=U5 source=TM4 destination=TM
event=receive timestamp_ns=1791281315509012816 workflow=ARL_UPDATE run_id=55 node=U5 source=Authority destination=TM
event=receive timestamp_ns=1791281315509023922 workflow=ARL_UPDATE run_id=21 node=U5 source=Authority destination=TM
event=receive timestamp_ns=1791281315509032592 workflow=ARL_UPDATE run_id=11 node=U5 source=Authority destination=TM
event=receive timestamp_ns=1791281323115063029 workflow=KEY_REQUEST run_id=bench_h1_setup node=U5 source=TM1 destination=TM
event=receive timestamp_ns=1791281338485540519 workflow=CT_SHARE run_id=1 node=U5 source=TM1 destination=TM
event=receive timestamp_ns=1791281339990617324 workflow=CT_SHARE run_id=2 node=U5 source=TM1 destination=TM
event=receive timestamp_ns=1791281341526800749 workflow=CT_SHARE run_id=3 node=U5 source=TM1 destination=TM
event=receive timestamp_ns=1791281343065652796 workflow=CT_SHARE run_id=4 node=U5 source=TM1 destination=TM
event=receive timestamp_ns=1791281344600226462 workflow=CT_SHARE run_id=5 node=U5 source=TM1 destination=TM
event=receive timestamp_ns=1791281346133648169 workflow=CT_SHARE run_id=6 node=U5 source=TM1 destination=TM
event=receive timestamp_ns=1791281347668012300 workflow=CT_SHARE run_id=7 node=U5 source=TM1 destination=TM
event=receive timestamp_ns=1791281349204740014 workflow=CT_SHARE run_id=8 node=U5 source=TM1 destination=TM
event=receive timestamp_ns=1791281350777679268 workflow=CT_SHARE run_id=9 node=U5 source=TM1 destination=TM
event=receive timestamp_ns=1791281352283270454 workflow=CT_SHARE run_id=10 node=U5 source=TM1 destination=TM
event=receive timestamp_ns=1791281353816483913 workflow=CT_SHARE run_id=11 node=U5 source=TM1 destination=TM
event=receive timestamp_ns=1791281355355019000 workflow=CT_SHARE run_id=12 node=U5 source=TM1 destination=TM
event=receive timestamp_ns=1791281356886786420 workflow=CT_SHARE run_id=13 node=U5 source=TM1 destination=TM
event=receive timestamp_ns=1791281358455101864 workflow=CT_SHARE run_id=14 node=U5 source=TM1 destination=TM
event=receive timestamp_ns=1791281359957992274 workflow=CT_SHARE run_id=15 node=U5 source=TM1 destination=TM
event=receive timestamp_ns=1791281361493584667 workflow=CT_SHARE run_id=16 node=U5 source=TM1 destination=TM
event=receive timestamp_ns=1791281363031929997 workflow=CT_SHARE run_id=17 node=U5 source=TM1 destination=TM
event=receive timestamp_ns=1791281364570383766 workflow=CT_SHARE run_id=18 node=U5 source=TM1 destination=TM
event=receive timestamp_ns=1791281366162239067 workflow=CT_SHARE run_id=19 node=U5 source=TM1 destination=TM
event=receive timestamp_ns=1791281367741424978 workflow=CT_SHARE run_id=20 node=U5 source=TM1 destination=TM
event=receive timestamp_ns=1791281369236078318 workflow=CT_SHARE run_id=21 node=U5 source=TM1 destination=TM
event=receive timestamp_ns=1791281370737237964 workflow=CT_SHARE run_id=22 node=U5 source=TM1 destination=TM
event=receive timestamp_ns=1791281372313936505 workflow=CT_SHARE run_id=23 node=U5 source=TM1 destination=TM
event=receive timestamp_ns=1791281373848871072 workflow=CT_SHARE run_id=24 node=U5 source=TM1 destination=TM
event=receive timestamp_ns=1791281375414803180 workflow=CT_SHARE run_id=25 node=U5 source=TM1 destination=TM
event=receive timestamp_ns=1791281376918734858 workflow=CT_SHARE run_id=26 node=U5 source=TM1 destination=TM
event=receive timestamp_ns=1791281378462033231 workflow=CT_SHARE run_id=27 node=U5 source=TM1 destination=TM
event=receive timestamp_ns=1791281379989343935 workflow=CT_SHARE run_id=28 node=U5 source=TM1 destination=TM
event=receive timestamp_ns=1791281381529516853 workflow=CT_SHARE run_id=29 node=U5 source=TM1 destination=TM
event=receive timestamp_ns=1791281383069341261 workflow=CT_SHARE run_id=30 node=U5 source=TM1 destination=TM
event=receive timestamp_ns=1791281384595951837 workflow=CT_SHARE run_id=31 node=U5 source=TM1 destination=TM
event=receive timestamp_ns=1791281386141044261 workflow=CT_SHARE run_id=32 node=U5 source=TM1 destination=TM
event=receive timestamp_ns=1791281387705768321 workflow=CT_SHARE run_id=33 node=U5 source=TM1 destination=TM
event=receive timestamp_ns=1791281389211520568 workflow=CT_SHARE run_id=34 node=U5 source=TM1 destination=TM
event=receive timestamp_ns=1791281391064913356 workflow=CT_SHARE run_id=35 node=U5 source=TM1 destination=TM
event=receive timestamp_ns=1791281391065022678 workflow=ARL_UPDATE run_id=1 node=U5 source=Authority destination=TM
event=receive timestamp_ns=1791281392554737695 workflow=ARL_UPDATE run_id=2 node=U5 source=Authority destination=TM
event=receive timestamp_ns=1791281394090553114 workflow=ARL_UPDATE run_id=3 node=U5 source=Authority destination=TM
event=receive timestamp_ns=1791281395658830397 workflow=ARL_UPDATE run_id=4 node=U5 source=Authority destination=TM
event=receive timestamp_ns=1791281397226911657 workflow=ARL_UPDATE run_id=5 node=U5 source=Authority destination=TM
event=receive timestamp_ns=1791281398763236122 workflow=ARL_UPDATE run_id=6 node=U5 source=Authority destination=TM
event=receive timestamp_ns=1791281400298903413 workflow=ARL_UPDATE run_id=7 node=U5 source=Authority destination=TM
event=receive timestamp_ns=1791281401834643334 workflow=ARL_UPDATE run_id=8 node=U5 source=Authority destination=TM
event=receive timestamp_ns=1791281403370685965 workflow=ARL_UPDATE run_id=9 node=U5 source=Authority destination=TM
event=receive timestamp_ns=1791281404906861277 workflow=ARL_UPDATE run_id=10 node=U5 source=Authority destination=TM
event=receive timestamp_ns=1791281406475334017 workflow=ARL_UPDATE run_id=11 node=U5 source=Authority destination=TM
event=receive timestamp_ns=1791281408043158283 workflow=ARL_UPDATE run_id=12 node=U5 source=Authority destination=TM
event=receive timestamp_ns=1791281409547096466 workflow=ARL_UPDATE run_id=13 node=U5 source=Authority destination=TM
event=receive timestamp_ns=1791281411114835235 workflow=ARL_UPDATE run_id=14 node=U5 source=Authority destination=TM
event=receive timestamp_ns=1791281412650621068 workflow=ARL_UPDATE run_id=15 node=U5 source=Authority destination=TM
event=receive timestamp_ns=1791281414155078896 workflow=ARL_UPDATE run_id=16 node=U5 source=Authority destination=TM
event=receive timestamp_ns=1791281415690729793 workflow=ARL_UPDATE run_id=17 node=U5 source=Authority destination=TM
event=receive timestamp_ns=1791281417226672146 workflow=ARL_UPDATE run_id=18 node=U5 source=Authority destination=TM
event=receive timestamp_ns=1791281418762573444 workflow=ARL_UPDATE run_id=19 node=U5 source=Authority destination=TM
event=receive timestamp_ns=1791281420298487685 workflow=ARL_UPDATE run_id=20 node=U5 source=Authority destination=TM
event=receive timestamp_ns=1791281421834663281 workflow=ARL_UPDATE run_id=21 node=U5 source=Authority destination=TM
event=receive timestamp_ns=1791281423370515586 workflow=ARL_UPDATE run_id=22 node=U5 source=Authority destination=TM
event=receive timestamp_ns=1791281424906643808 workflow=ARL_UPDATE run_id=23 node=U5 source=Authority destination=TM
event=receive timestamp_ns=1791281426442727578 workflow=ARL_UPDATE run_id=24 node=U5 source=Authority destination=TM
event=receive timestamp_ns=1791281427978780262 workflow=ARL_UPDATE run_id=25 node=U5 source=Authority destination=TM
event=receive timestamp_ns=1791281429578889308 workflow=ARL_UPDATE run_id=26 node=U5 source=Authority destination=TM
event=receive timestamp_ns=1791281431210553012 workflow=ARL_UPDATE run_id=27 node=U5 source=Authority destination=TM
event=receive timestamp_ns=1791281432714580198 workflow=ARL_UPDATE run_id=28 node=U5 source=Authority destination=TM
event=receive timestamp_ns=1791281434251290946 workflow=ARL_UPDATE run_id=29 node=U5 source=Authority destination=TM
event=receive timestamp_ns=1791281435787306329 workflow=ARL_UPDATE run_id=30 node=U5 source=Authority destination=TM
event=receive timestamp_ns=1791281437322773066 workflow=ARL_UPDATE run_id=31 node=U5 source=Authority destination=TM
event=receive timestamp_ns=1791281438859106542 workflow=ARL_UPDATE run_id=32 node=U5 source=Authority destination=TM
event=receive timestamp_ns=1791281440394653500 workflow=ARL_UPDATE run_id=33 node=U5 source=Authority destination=TM
event=receive timestamp_ns=1791281441930692162 workflow=ARL_UPDATE run_id=34 node=U5 source=Authority destination=TM
event=receive timestamp_ns=1791281443466586456 workflow=ARL_UPDATE run_id=35 node=U5 source=Authority destination=TM
event=receive timestamp_ns=1791281445002767752 workflow=ARL_UPDATE run_id=36 node=U5 source=Authority destination=TM
event=receive timestamp_ns=1791281446538516541 workflow=ARL_UPDATE run_id=37 node=U5 source=Authority destination=TM
event=receive timestamp_ns=1791281448074447129 workflow=ARL_UPDATE run_id=38 node=U5 source=Authority destination=TM
event=receive timestamp_ns=1791281449610534059 workflow=ARL_UPDATE run_id=39 node=U5 source=Authority destination=TM
event=receive timestamp_ns=1791281451147065381 workflow=ARL_UPDATE run_id=40 node=U5 source=Authority destination=TM
event=receive timestamp_ns=1791281452714800520 workflow=ARL_UPDATE run_id=41 node=U5 source=Authority destination=TM
event=receive timestamp_ns=1791281454218888964 workflow=ARL_UPDATE run_id=42 node=U5 source=Authority destination=TM
event=receive timestamp_ns=1791281455786775051 workflow=ARL_UPDATE run_id=43 node=U5 source=Authority destination=TM
event=receive timestamp_ns=1791281457291429555 workflow=ARL_UPDATE run_id=44 node=U5 source=Authority destination=TM
event=receive timestamp_ns=1791281458826721009 workflow=ARL_UPDATE run_id=45 node=U5 source=Authority destination=TM
event=receive timestamp_ns=1791281460362638701 workflow=ARL_UPDATE run_id=46 node=U5 source=Authority destination=TM
event=receive timestamp_ns=1791281644170680458 workflow=ARL_UPDATE run_id=49 node=U5 source=Authority destination=TM
event=receive timestamp_ns=1791281645706875508 workflow=ARL_UPDATE run_id=50 node=U5 source=Authority destination=TM
event=receive timestamp_ns=1791281647274807558 workflow=ARL_UPDATE run_id=51 node=U5 source=Authority destination=TM
event=receive timestamp_ns=1791281648778780268 workflow=ARL_UPDATE run_id=52 node=U5 source=Authority destination=TM
event=receive timestamp_ns=1791281650314892625 workflow=ARL_UPDATE run_id=53 node=U5 source=Authority destination=TM
event=receive timestamp_ns=1791281651854958706 workflow=ARL_UPDATE run_id=54 node=U5 source=Authority destination=TM
event=receive timestamp_ns=1791281653386663042 workflow=ARL_UPDATE run_id=55 node=U5 source=Authority destination=TM
event=receive timestamp_ns=1791281654922476664 workflow=ARL_UPDATE run_id=56 node=U5 source=Authority destination=TM
event=receive timestamp_ns=1791281656462759525 workflow=ARL_UPDATE run_id=57 node=U5 source=Authority destination=TM
event=receive timestamp_ns=1791281657994782215 workflow=ARL_UPDATE run_id=58 node=U5 source=Authority destination=TM
event=receive timestamp_ns=1791281659498757850 workflow=ARL_UPDATE run_id=59 node=U5 source=Authority destination=TM
event=receive timestamp_ns=1791281661098717678 workflow=ARL_UPDATE run_id=60 node=U5 source=Authority destination=TM
event=receive timestamp_ns=1791281662667262027 workflow=ARL_UPDATE run_id=61 node=U5 source=Authority destination=TM
event=receive timestamp_ns=1791281664203409171 workflow=ARL_UPDATE run_id=62 node=U5 source=Authority destination=TM
event=receive timestamp_ns=1791281665707057937 workflow=ARL_UPDATE run_id=63 node=U5 source=Authority destination=TM
event=receive timestamp_ns=1791281667274967081 workflow=ARL_UPDATE run_id=64 node=U5 source=Authority destination=TM
event=receive timestamp_ns=1791281668810897663 workflow=ARL_UPDATE run_id=65 node=U5 source=Authority destination=TM
event=receive timestamp_ns=1791281670314884943 workflow=ARL_UPDATE run_id=66 node=U5 source=Authority destination=TM
event=receive timestamp_ns=1791281671882859754 workflow=ARL_UPDATE run_id=67 node=U5 source=Authority destination=TM
event=receive timestamp_ns=1791281673418812653 workflow=ARL_UPDATE run_id=68 node=U5 source=Authority destination=TM
event=receive timestamp_ns=1791281674954880189 workflow=ARL_UPDATE run_id=69 node=U5 source=Authority destination=TM
event=receive timestamp_ns=1791281676554831367 workflow=ARL_UPDATE run_id=70 node=U5 source=Authority destination=TM
event=receive timestamp_ns=1791281678090563022 workflow=KEY_REQUEST run_id=bench_h1_key_w1 node=U5 source=TM1 destination=TM
event=receive timestamp_ns=1791281681994727794 workflow=KEY_REQUEST run_id=bench_h1_key_w2 node=U5 source=TM1 destination=TM
event=receive timestamp_ns=1791281684874844587 workflow=KEY_REQUEST run_id=bench_h1_key_w3 node=U5 source=TM1 destination=TM
event=receive timestamp_ns=1791281687754539624 workflow=KEY_REQUEST run_id=bench_h1_key_w4 node=U5 source=TM1 destination=TM
event=receive timestamp_ns=1791281690634785831 workflow=KEY_REQUEST run_id=bench_h1_key_w5 node=U5 source=TM1 destination=TM
event=receive timestamp_ns=1791281694543123706 workflow=KEY_REQUEST run_id=bench_h1_key_001 node=U5 source=TM1 destination=TM
event=receive timestamp_ns=1791281697418718058 workflow=KEY_REQUEST run_id=bench_h1_key_002 node=U5 source=TM1 destination=TM
event=receive timestamp_ns=1791281700202725959 workflow=KEY_REQUEST run_id=bench_h1_key_003 node=U5 source=TM1 destination=TM
event=receive timestamp_ns=1791281703658646610 workflow=KEY_REQUEST run_id=bench_h1_key_004 node=U5 source=TM1 destination=TM
event=receive timestamp_ns=1791281705962679469 workflow=KEY_REQUEST run_id=bench_h1_key_005 node=U5 source=TM1 destination=TM
event=receive timestamp_ns=1791281710378508933 workflow=KEY_REQUEST run_id=bench_h1_key_006 node=U5 source=TM1 destination=TM
event=receive timestamp_ns=1791281714506902739 workflow=KEY_REQUEST run_id=bench_h1_key_007 node=U5 source=TM1 destination=TM
event=receive timestamp_ns=1791281717198563140 workflow=KEY_REQUEST run_id=bench_h1_key_008 node=U5 source=TM1 destination=TM
event=receive timestamp_ns=1791281721614678540 workflow=KEY_REQUEST run_id=bench_h1_key_009 node=U5 source=TM1 destination=TM
event=receive timestamp_ns=1791281724490746870 workflow=KEY_REQUEST run_id=bench_h1_key_010 node=U5 source=TM1 destination=TM
event=receive timestamp_ns=1791281728458861413 workflow=KEY_REQUEST run_id=bench_h1_key_011 node=U5 source=TM1 destination=TM
event=receive timestamp_ns=1791281732334763852 workflow=KEY_REQUEST run_id=bench_h1_key_012 node=U5 source=TM1 destination=TM
event=receive timestamp_ns=1791281736238649272 workflow=KEY_REQUEST run_id=bench_h1_key_013 node=U5 source=TM1 destination=TM
event=receive timestamp_ns=1791281739083121525 workflow=KEY_REQUEST run_id=bench_h1_key_014 node=U5 source=TM1 destination=TM
event=receive timestamp_ns=1791281743050857974 workflow=KEY_REQUEST run_id=bench_h1_key_015 node=U5 source=TM1 destination=TM
event=receive timestamp_ns=1791281747466874550 workflow=KEY_REQUEST run_id=bench_h1_key_016 node=U5 source=TM1 destination=TM
event=receive timestamp_ns=1791281750927116501 workflow=KEY_REQUEST run_id=bench_h1_key_017 node=U5 source=TM1 destination=TM
event=receive timestamp_ns=1791281752618844639 workflow=KEY_REQUEST run_id=bench_h1_key_018 node=U5 source=TM1 destination=TM
event=receive timestamp_ns=1791281755402907802 workflow=KEY_REQUEST run_id=bench_h1_key_019 node=U5 source=TM1 destination=TM
event=receive timestamp_ns=1791281758282939659 workflow=KEY_REQUEST run_id=bench_h1_key_020 node=U5 source=TM1 destination=TM
event=receive timestamp_ns=1791281762122696264 workflow=KEY_REQUEST run_id=bench_h1_key_021 node=U5 source=TM1 destination=TM
event=receive timestamp_ns=1791281764522773291 workflow=KEY_REQUEST run_id=bench_h1_key_022 node=U5 source=TM1 destination=TM
event=receive timestamp_ns=1791281768622447327 workflow=KEY_REQUEST run_id=bench_h1_key_023 node=U5 source=TM1 destination=TM
event=receive timestamp_ns=1791281771338634952 workflow=KEY_REQUEST run_id=bench_h1_key_024 node=U5 source=TM1 destination=TM
event=receive timestamp_ns=1791281775467336207 workflow=KEY_REQUEST run_id=bench_h1_key_025 node=U5 source=TM1 destination=TM
event=receive timestamp_ns=1791281778186736126 workflow=KEY_REQUEST run_id=bench_h1_key_026 node=U5 source=TM1 destination=TM
event=receive timestamp_ns=1791281781066625475 workflow=KEY_REQUEST run_id=bench_h1_key_027 node=U5 source=TM1 destination=TM
event=receive timestamp_ns=1791281786026554062 workflow=KEY_REQUEST run_id=bench_h1_key_028 node=U5 source=TM1 destination=TM
event=receive timestamp_ns=1791281789482688795 workflow=KEY_REQUEST run_id=bench_h1_key_029 node=U5 source=TM1 destination=TM
event=receive timestamp_ns=1791281791210693508 workflow=KEY_REQUEST run_id=bench_h1_key_030 node=U5 source=TM1 destination=TM
