event=send timestamp_ns=1791283855353107623 workflow=KEY_RESPONSE run_id=bench_h3_setup node=Authority source=Authority destination=bench_h3_setup
event=receive timestamp_ns=1791283856394771236 workflow=KEY_REQUEST run_id=bench_h3_setup node=Authority source=TM3 destination=TM
event=receive timestamp_ns=1791283859807118062 workflow=CT_SHARE run_id=1 node=Authority source=TM3 destination=TM
event=receive timestamp_ns=1791283861347237751 workflow=CT_SHARE run_id=2 node=Authority source=TM3 destination=TM
event=receive timestamp_ns=1791283862913913910 workflow=CT_SHARE run_id=3 node=Authority source=TM3 destination=TM
event=receive timestamp_ns=1791283864473093835 workflow=CT_SHARE run_id=4 node=Authority source=TM3 destination=TM
event=receive timestamp_ns=1791283866048301041 workflow=CT_SHARE run_id=5 node=Authority source=TM3 destination=TM
event=receive timestamp_ns=1791283867620389962 workflow=CT_SHARE run_id=6 node=Authority source=TM3 destination=TM
event=receive timestamp_ns=1791283869189138804 workflow=CT_SHARE run_id=7 node=Authority source=TM3 destination=TM
event=receive timestamp_ns=1791283870755607594 workflow=CT_SHARE run_id=8 node=Authority source=TM3 destination=TM
event=receive timestamp_ns=1791283872315359779 workflow=CT_SHARE run_id=9 node=Authority source=TM3 destination=TM
event=receive timestamp_ns=1791283873890803750 workflow=CT_SHARE run_id=10 node=Authority source=TM3 destination=TM
event=receive timestamp_ns=1791283875459777460 workflow=CT_SHARE run_id=11 node=Authority source=TM3 destination=TM
event=receive timestamp_ns=1791283877025745396 workflow=CT_SHARE run_id=12 node=Authority source=TM3 destination=TM
event=receive timestamp_ns=1791283878597647583 workflow=CT_SHARE run_id=13 node=Authority source=TM3 destination=TM
event=receive timestamp_ns=1791283880166358035 workflow=CT_SHARE run_id=14 node=Authority source=TM3 destination=TM
event=receive timestamp_ns=1791283881727603335 workflow=CT_SHARE run_id=15 node=Authority source=TM3 destination=TM
event=receive timestamp_ns=1791283883302036243 workflow=CT_SHARE run_id=16 node=Authority source=TM3 destination=TM
event=receive timestamp_ns=1791283884867933005 workflow=CT_SHARE run_id=17 node=Authority source=TM3 destination=TM
event=receive timestamp_ns=1791283886433717795 workflow=CT_SHARE run_id=18 node=Authority source=TM3 destination=TM
event=receive timestamp_ns=1791283888003007335 workflow=CT_SHARE run_id=19 node=Authority source=TM3 destination=TM
event=receive timestamp_ns=1791283889571399108 workflow=CT_SHARE run_id=20 node=Authority source=TM3 destination=TM
event=receive timestamp_ns=1791283891143683519 workflow=CT_SHARE run_id=21 node=Authority source=TM3 destination=TM
event=receive timestamp_ns=1791283892711096174 workflow=CT_SHARE run_id=22 node=Authority source=TM3 destination=TM
event=receive timestamp_ns=1791283894278557886 workflow=CT_SHARE run_id=23 node=Authority source=TM3 destination=TM
event=receive timestamp_ns=1791283895843771605 workflow=CT_SHARE run_id=24 node=Authority source=TM3 destination=TM
event=receive timestamp_ns=1791283897409038088 workflow=CT_SHARE run_id=25 node=Authority source=TM3 destination=TM
event=receive timestamp_ns=1791283898982622306 workflow=CT_SHARE run_id=26 node=Authority source=TM3 destination=TM
event=receive timestamp_ns=1791283900548610743 workflow=CT_SHARE run_id=27 node=Authority source=TM3 destination=TM
event=receive timestamp_ns=1791283902115822622 workflow=CT_SHARE run_id=28 node=Authority source=TM3 destination=TM
event=receive timestamp_ns=1791283903676958204 workflow=CT_SHARE run_id=29 node=Authority source=TM3 destination=TM
event=receive timestamp_ns=1791283905250527245 workflow=CT_SHARE run_id=30 node=Authority source=TM3 destination=TM
event=receive timestamp_ns=1791283906792475038 workflow=CT_SHARE run_id=31 node=Authority source=TM3 destination=TM
event=receive timestamp_ns=1791283908352162224 workflow=CT_SHARE run_id=32 node=Authority source=TM3 destination=TM
event=receive timestamp_ns=1791283909950172938 workflow=CT_SHARE run_id=33 node=Authority source=TM3 destination=TM
event=receive timestamp_ns=1791283911478691261 workflow=CT_SHARE run_id=34 node=Authority source=TM3 destination=TM
event=receive timestamp_ns=1791283913060651579 workflow=CT_SHARE run_id=35 node=Authority source=TM3 destination=TM
event=send timestamp_ns=1791283913256851649 workflow=ARL_UPDATE run_id=1 node=Authority source=Authority destination=TM
event=send timestamp_ns=1791283915511987466 workflow=ARL_UPDATE run_id=2 node=Authority source=Authority destination=TM
event=send timestamp_ns=1791283917050953220 workflow=ARL_UPDATE run_id=3 node=Authority source=Authority destination=TM
event=send timestamp_ns=1791283918794946490 workflow=ARL_UPDATE run_id=4 node=Authority source=Authority destination=TM
event=send timestamp_ns=1791283920122220883 workflow=ARL_UPDATE run_id=5 node=Authority source=Authority destination=TM
event=send timestamp_ns=1791283921867673701 workflow=ARL_UPDATE run_id=6 node=Authority source=Authority destination=TM
event=send timestamp_ns=1791283923401054769 workflow=ARL_UPDATE run_id=7 node=Authority source=Authority destination=TM
event=send timestamp_ns=1791283924802958401 workflow=ARL_UPDATE run_id=8 node=Authority source=Authority destination=TM
event=send timestamp_ns=1791283926401092323 workflow=ARL_UPDATE run_id=9 node=Authority source=Authority destination=TM
event=send timestamp_ns=1791283928138502698 workflow=ARL_UPDATE run_id=10 node=Authority source=Authority destination=TM
event=send timestamp_ns=1791283929675410562 workflow=ARL_UPDATE run_id=11 node=Authority source=Authority destination=TM
event=send timestamp_ns=1791283931003488985 workflow=ARL_UPDATE run_id=12 node=Authority source=Authority destination=TM
event=send timestamp_ns=1791283932744711560 workflow=ARL_UPDATE run_id=13 node=Authority source=Authority destination=TM
event=send timestamp_ns=1791283934279678250 workflow=ARL_UPDATE run_id=14 node=Authority source=Authority destination=TM
event=send timestamp_ns=1791283935812943989 workflow=ARL_UPDATE run_id=15 node=Authority source=Authority destination=TM
event=send timestamp_ns=1791283937144713908 workflow=ARL_UPDATE run_id=16 node=Authority source=Authority destination=TM
event=send timestamp_ns=1791283938888347103 workflow=ARL_UPDATE run_id=17 node=Authority source=Authority destination=TM
event=send timestamp_ns=1791283940215507427 workflow=ARL_UPDATE run_id=18 node=Authority source=Authority destination=TM
event=send timestamp_ns=1791283941962487480 workflow=ARL_UPDATE run_id=19 node=Authority source=Authority destination=TM
event=send timestamp_ns=1791283943293105207 workflow=ARL_UPDATE run_id=20 node=Authority source=Authority destination=TM
event=send timestamp_ns=1791283945037635872 workflow=ARL_UPDATE run_id=21 node=Authority source=Authority destination=TM
event=send timestamp_ns=1791283946576470989 workflow=ARL_UPDATE run_id=22 node=Authority source=Authority destination=TM
event=send timestamp_ns=1791283948104750836 workflow=ARL_UPDATE run_id=23 node=Authority source=Authority destination=TM
event=send timestamp_ns=1791283949435912035 workflow=ARL_UPDATE run_id=24 node=Authority source=Authority destination=TM
event=send timestamp_ns=1791283950973408945 workflow=ARL_UPDATE run_id=25 node=Authority source=Authority destination=TM
event=send timestamp_ns=1791283952507958152 workflow=ARL_UPDATE run_id=26 node=Authority source=Authority destination=TM
event=send timestamp_ns=1791283954043887753 workflow=ARL_UPDATE run_id=27 node=Authority source=Authority destination=TM
event=send timestamp_ns=1791283955582250520 workflow=ARL_UPDATE run_id=28 node=Authority source=Authority destination=TM
event=send timestamp_ns=1791283957117423452 workflow=ARL_UPDATE run_id=29 node=Authority source=Authority destination=TM
event=send timestamp_ns=1791283958655445753 workflow=ARL_UPDATE run_id=30 node=Authority source=Authority destination=TM
event=send timestamp_ns=1791283960397595347 workflow=ARL_UPDATE run_id=31 node=Authority source=Authority destination=TM
event=send timestamp_ns=1791283961725644230 workflow=ARL_UPDATE run_id=32 node=Authority source=Authority destination=TM
event=send timestamp_ns=1791283963264364256 workflow=ARL_UPDATE run_id=33 node=Authority source=Authority destination=TM
event=send timestamp_ns=1791283965003933733 workflow=ARL_UPDATE run_id=34 node=Authority source=Authority destination=TM
event=send timestamp_ns=1791283966541659959 workflow=ARL_UPDATE run_id=35 node=Authority source=Authority destination=TM
event=send timestamp_ns=1791283968078255993 workflow=ARL_UPDATE run_id=36 node=Authority source=Authority destination=TM
event=send timestamp_ns=1791283969617560681 workflow=ARL_UPDATE run_id=37 node=Authority source=Authority destination=TM
event=send timestamp_ns=1791283971162085422 workflow=ARL_UPDATE run_id=38 node=Authority source=Authority destination=TM
event=send timestamp_ns=1791283972511901634 workflow=ARL_UPDATE run_id=39 node=Authority source=Authority destination=TM
event=send timestamp_ns=1791283974049669729 workflow=ARL_UPDATE run_id=40 node=Authority source=Authority destination=TM
event=send timestamp_ns=1791283975797743054 workflow=ARL_UPDATE run_id=41 node=Authority source=Authority destination=TM
event=send timestamp_ns=1791283977154258502 workflow=ARL_UPDATE run_id=42 node=Authority source=Authority destination=TM
event=send timestamp_ns=1791283978690390390 workflow=ARL_UPDATE run_id=43 node=Authority source=Authority destination=TM
event=send timestamp_ns=1791283980223113530 workflow=ARL_UPDATE run_id=44 node=Authority source=Authority destination=TM
event=send timestamp_ns=1791283981759965781 workflow=ARL_UPDATE run_id=45 node=Authority source=Authority destination=TM
event=send timestamp_ns=1791283983503961732 workflow=ARL_UPDATE run_id=46 node=Authority source=Authority destination=TM
event=send timestamp_ns=1791283985042866609 workflow=ARL_UPDATE run_id=47 node=Authority source=Authority destination=TM
event=send timestamp_ns=1791283986436805621 workflow=ARL_UPDATE run_id=48 node=Authority source=Authority destination=TM
event=send timestamp_ns=1791283988038730159 workflow=ARL_UPDATE run_id=49 node=Authority source=Authority destination=TM
event=send timestamp_ns=1791283989778167443 workflow=ARL_UPDATE run_id=50 node=Authority source=Authority destination=TM
event=send timestamp_ns=1791283991173888907 workflow=ARL_UPDATE run_id=51 node=Authority source=Authority destination=TM
event=send timestamp_ns=1791283992913520890 workflow=ARL_UPDATE run_id=52 node=Authority source=Authority destination=TM
event=send timestamp_ns=1791283994268588485 workflow=ARL_UPDATE run_id=53 node=Authority source=Authority destination=TM
event=send timestamp_ns=1791283995874539137 workflow=ARL_UPDATE run_id=54 node=Authority source=Authority destination=TM
event=send timestamp_ns=1791283997413469967 workflow=ARL_UPDATE run_id=55 node=Authority source=Authority destination=TM
event=send timestamp_ns=1791283999013995706 workflow=ARL_UPDATE run_id=56 node=Authority source=Authority destination=TM
event=send timestamp_ns=1791284000549648912 workflow=ARL_UPDATE run_id=57 node=Authority source=Authority destination=TM
event=send timestamp_ns=1791284002072427302 workflow=ARL_UPDATE run_id=58 node=Authority source=Authority destination=TM
event=send timestamp_ns=1791284003607230857 workflow=ARL_UPDATE run_id=59 node=Authority source=Authority destination=TM
event=send timestamp_ns=1791284005146984096 workflow=ARL_UPDATE run_id=60 node=Authority source=Authority destination=TM
event=send timestamp_ns=1791284006685184801 workflow=ARL_UPDATE run_id=61 node=Authority source=Authority destination=TM
event=send timestamp_ns=1791284008221902208 workflow=ARL_UPDATE run_id=62 node=Authority source=Authority destination=TM
event=send timestamp_ns=1791284009758223592 workflow=ARL_UPDATE run_id=63 node=Authority source=Authority destination=TM
event=send timestamp_ns=1791284011299969804 workflow=ARL_UPDATE run_id=64 node=Authority source=Authority destination=TM
event=send timestamp_ns=1791284012828339735 workflow=ARL_UPDATE run_id=65 node=Authority source=Authority destination=TM
event=send timestamp_ns=1791284014370889461 workflow=ARL_UPDATE run_id=66 node=Authority source=Authority destination=TM
event=send timestamp_ns=1791284016112307142 workflow=ARL_UPDATE run_id=67 node=Authority source=Authority destination=TM
event=send timestamp_ns=1791284017646047688 workflow=ARL_UPDATE run_id=68 node=Authority source=Authority destination=TM
event=send timestamp_ns=1791284019179325306 workflow=ARL_UPDATE run_id=69 node=Authority source=Authority destination=TM
event=send timestamp_ns=1791284020512117442 workflow=ARL_UPDATE run_id=70 node=Authority source=Authority destination=TM
event=send timestamp_ns=1791284023377858446 workflow=KEY_RESPONSE run_id=bench_h3_key_w1 node=Authority source=Authority destination=bench_h3_key_w1
event=receive timestamp_ns=1791284024394636532 workflow=KEY_REQUEST run_id=bench_h3_key_w1 node=Authority source=TM3 destination=TM
event=send timestamp_ns=1791284026645918321 workflow=KEY_RESPONSE run_id=bench_h3_key_w2 node=Authority source=Authority destination=bench_h3_key_w2
event=receive timestamp_ns=1791284027690736172 workflow=KEY_REQUEST run_id=bench_h3_key_w2 node=Authority source=TM3 destination=TM
event=send timestamp_ns=1791284030421198149 workflow=KEY_RESPONSE run_id=bench_h3_key_w3 node=Authority source=Authority destination=bench_h3_key_w3
event=receive timestamp_ns=1791284031466849021 workflow=KEY_REQUEST run_id=bench_h3_key_w3 node=Authority source=TM3 destination=TM
event=send timestamp_ns=1791284033716426109 workflow=KEY_RESPONSE run_id=bench_h3_key_w4 node=Authority source=Authority destination=bench_h3_key_w4
event=receive timestamp_ns=1791284034766856821 workflow=KEY_REQUEST run_id=bench_h3_key_w4 node=Authority source=TM3 destination=TM
event=send timestamp_ns=1791284037012608233 workflow=KEY_RESPONSE run_id=bench_h3_key_w5 node=Authority source=Authority destination=bench_h3_key_w5
event=receive timestamp_ns=1791284038062819263 workflow=KEY_REQUEST run_id=bench_h3_key_w5 node=Authority source=TM3 destination=TM
event=send timestamp_ns=1791284040310606136 workflow=KEY_RESPONSE run_id=bench_h3_key_001 node=Authority source=Authority destination=bench_h3_key_001
event=receive timestamp_ns=1791284041354897989 workflow=KEY_REQUEST run_id=bench_h3_key_001 node=Authority source=TM3 destination=TM
event=send timestamp_ns=1791284043602560753 workflow=KEY_RESPONSE run_id=bench_h3_key_002 node=Authority source=Authority destination=bench_h3_key_002
event=receive timestamp_ns=1791284044618642374 workflow=KEY_REQUEST run_id=bench_h3_key_002 node=Authority source=TM3 destination=TM
event=send timestamp_ns=1791284048406243390 workflow=KEY_RESPONSE run_id=bench_h3_key_003 node=Authority source=Authority destination=bench_h3_key_003
event=receive timestamp_ns=1791284049450895015 workflow=KEY_REQUEST run_id=bench_h3_key_003 node=Authority source=TM3 destination=TM
event=send timestamp_ns=1791284053239677326 workflow=KEY_RESPONSE run_id=bench_h3_key_004 node=Authority source=Authority destination=bench_h3_key_004
event=receive timestamp_ns=1791284054282858494 workflow=KEY_REQUEST run_id=bench_h3_key_004 node=Authority source=TM3 destination=TM
event=send timestamp_ns=1791284056534682690 workflow=KEY_RESPONSE run_id=bench_h3_key_005 node=Authority source=Authority destination=bench_h3_key_005
event=receive timestamp_ns=1791284057579017969 workflow=KEY_REQUEST run_id=bench_h3_key_005 node=Authority source=TM3 destination=TM
event=send timestamp_ns=1791284059833862280 workflow=KEY_RESPONSE run_id=bench_h3_key_006 node=Authority source=Authority destination=bench_h3_key_006
event=receive timestamp_ns=1791284060875007557 workflow=KEY_REQUEST run_id=bench_h3_key_006 node=Authority source=TM3 destination=TM
event=send timestamp_ns=1791284063122668943 workflow=KEY_RESPONSE run_id=bench_h3_key_007 node=Authority source=Authority destination=bench_h3_key_007
event=receive timestamp_ns=1791284064142998767 workflow=KEY_REQUEST run_id=bench_h3_key_007 node=Authority source=TM3 destination=TM
event=send timestamp_ns=1791284066837533129 workflow=KEY_RESPONSE run_id=bench_h3_key_008 node=Authority source=Authority destination=bench_h3_key_008
event=receive timestamp_ns=1791284067882842703 workflow=KEY_REQUEST run_id=bench_h3_key_008 node=Authority source=TM3 destination=TM
event=send timestamp_ns=1791284071702451442 workflow=KEY_RESPONSE run_id=bench_h3_key_009 node=Authority source=Authority destination=bench_h3_key_009
event=receive timestamp_ns=1791284072747027214 workflow=KEY_REQUEST run_id=bench_h3_key_009 node=Authority source=TM3 destination=TM
event=send timestamp_ns=1791284075000976464 workflow=KEY_RESPONSE run_id=bench_h3_key_010 node=Authority source=Authority destination=bench_h3_key_010
event=receive timestamp_ns=1791284076042652456 workflow=KEY_REQUEST run_id=bench_h3_key_010 node=Authority source=TM3 destination=TM
event=send timestamp_ns=1791284078288097997 workflow=KEY_RESPONSE run_id=bench_h3_key_011 node=Authority source=Authority destination=bench_h3_key_011
event=receive timestamp_ns=1791284079306483473 workflow=KEY_REQUEST run_id=bench_h3_key_011 node=Authority source=TM3 destination=TM
event=send timestamp_ns=1791284083095127453 workflow=KEY_RESPONSE run_id=bench_h3_key_012 node=Authority source=Authority destination=bench_h3_key_012
event=receive timestamp_ns=1791284084138815750 workflow=KEY_REQUEST run_id=bench_h3_key_012 node=Authority source=TM3 destination=TM
event=send timestamp_ns=1791284086391795281 workflow=KEY_RESPONSE run_id=bench_h3_key_013 node=Authority source=Authority destination=bench_h3_key_013
event=receive timestamp_ns=1791284087434883896 workflow=KEY_REQUEST run_id=bench_h3_key_013 node=Authority source=TM3 destination=TM
event=send timestamp_ns=1791284089688961210 workflow=KEY_RESPONSE run_id=bench_h3_key_014 node=Authority source=Authority destination=bench_h3_key_014
event=receive timestamp_ns=1791284090730663759 workflow=KEY_REQUEST run_id=bench_h3_key_014 node=Authority source=TM3 destination=TM
event=send timestamp_ns=1791284092983587957 workflow=KEY_RESPONSE run_id=bench_h3_key_015 node=Authority source=Authority destination=bench_h3_key_015
event=receive timestamp_ns=1791284094027194940 workflow=KEY_REQUEST run_id=bench_h3_key_015 node=Authority source=TM3 destination=TM
event=send timestamp_ns=1791284096728254354 workflow=KEY_RESPONSE run_id=bench_h3_key_016 node=Authority source=Authority destination=bench_h3_key_016
event=receive timestamp_ns=1791284097770942842 workflow=KEY_REQUEST run_id=bench_h3_key_016 node=Authority source=TM3 destination=TM
event=send timestamp_ns=1791284101561714418 workflow=KEY_RESPONSE run_id=bench_h3_key_017 node=Authority source=Authority destination=bench_h3_key_017
event=receive timestamp_ns=1791284102607004300 workflow=KEY_REQUEST run_id=bench_h3_key_017 node=Authority source=TM3 destination=TM
event=send timestamp_ns=1791284104858254633 workflow=KEY_RESPONSE run_id=bench_h3_key_018 node=Authority source=Authority destination=bench_h3_key_018
event=receive timestamp_ns=1791284105902686643 workflow=KEY_REQUEST run_id=bench_h3_key_018 node=Authority source=TM3 destination=TM
event=send timestamp_ns=1791284108154670729 workflow=KEY_RESPONSE run_id=bench_h3_key_019 node=Authority source=Authority destination=bench_h3_key_019
event=receive timestamp_ns=1791284109194695876 workflow=KEY_REQUEST run_id=bench_h3_key_019 node=Authority source=TM3 destination=TM
event=send timestamp_ns=1791284112975554778 workflow=KEY_RESPONSE run_id=bench_h3_key_020 node=Authority source=Authority destination=bench_h3_key_020
event=receive timestamp_ns=1791284113994548049 workflow=KEY_REQUEST run_id=bench_h3_key_020 node=Authority source=TM3 destination=TM
event=send timestamp_ns=1791284116667399210 workflow=KEY_RESPONSE run_id=bench_h3_key_021 node=Authority source=Authority destination=bench_h3_key_021
event=receive timestamp_ns=1791284117706497524 workflow=KEY_REQUEST run_id=bench_h3_key_021 node=Authority source=TM3 destination=TM
event=send timestamp_ns=1791284121488846893 workflow=KEY_RESPONSE run_id=bench_h3_key_022 node=Authority source=Authority destination=bench_h3_key_022
event=receive timestamp_ns=1791284122510652669 workflow=KEY_REQUEST run_id=bench_h3_key_022 node=Authority source=TM3 destination=TM
event=send timestamp_ns=1791284126191660937 workflow=KEY_RESPONSE run_id=bench_h3_key_023 node=Authority source=Authority destination=bench_h3_key_023
event=receive timestamp_ns=1791284127210969815 workflow=KEY_REQUEST run_id=bench_h3_key_023 node=Authority source=TM3 destination=TM
event=send timestamp_ns=1791284131033010869 workflow=KEY_RESPONSE run_id=bench_h3_key_024 node=Authority source=Authority destination=bench_h3_key_024
event=receive timestamp_ns=1791284132074672217 workflow=KEY_REQUEST run_id=bench_h3_key_024 node=Authority source=TM3 destination=TM
event=send timestamp_ns=1791284134330035776 workflow=KEY_RESPONSE run_id=bench_h3_key_025 node=Authority source=Authority destination=bench_h3_key_025
event=receive timestamp_ns=1791284135370627216 workflow=KEY_REQUEST run_id=bench_h3_key_025 node=Authority source=TM3 destination=TM
event=send timestamp_ns=1791284139160273079 workflow=KEY_RESPONSE run_id=bench_h3_key_026 node=Authority source=Authority destination=bench_h3_key_026
event=receive timestamp_ns=1791284140202758307 workflow=KEY_REQUEST run_id=bench_h3_key_026 node=Authority source=TM3 destination=TM
event=send timestamp_ns=1791284142934074930 workflow=KEY_RESPONSE run_id=bench_h3_key_027 node=Authority source=Authority destination=bench_h3_key_027
event=receive timestamp_ns=1791284143978762204 workflow=KEY_REQUEST run_id=bench_h3_key_027 node=Authority source=TM3 destination=TM
event=send timestamp_ns=1791284146225758852 workflow=KEY_RESPONSE run_id=bench_h3_key_028 node=Authority source=Authority destination=bench_h3_key_028
event=receive timestamp_ns=1791284147242756555 workflow=KEY_REQUEST run_id=bench_h3_key_028 node=Authority source=TM3 destination=TM
event=send timestamp_ns=1791284149489531127 workflow=KEY_RESPONSE run_id=bench_h3_key_029 node=Authority source=Authority destination=bench_h3_key_029
event=receive timestamp_ns=1791284150506412850 workflow=KEY_REQUEST run_id=bench_h3_key_029 node=Authority source=TM3 destination=TM
event=send timestamp_ns=1791284155310992538 workflow=KEY_RESPONSE run_id=bench_h3_key_030 node=Authority source=Authority destination=bench_h3_key_030
event=receive timestamp_ns=1791284156330631837 workflow=KEY_REQUEST run_id=bench_h3_key_030 node=Authority source=TM3 destination=TM
