event=receive timestamp_ns=1791283855242888644 workflow=KEY_REQUEST run_id=bench_h3_setup node=U1 source=TM3 destination=TM
event=receive timestamp_ns=1791283859194347430 workflow=CT_SHARE run_id=1 node=U1 source=TM3 destination=TM
event=receive timestamp_ns=1791283860730038313 workflow=CT_SHARE run_id=2 node=U1 source=TM3 destination=TM
event=receive timestamp_ns=1791283862300238016 workflow=CT_SHARE run_id=3 node=U1 source=TM3 destination=TM
event=receive timestamp_ns=1791283863867246478 workflow=CT_SHARE run_id=4 node=U1 source=TM3 destination=TM
event=receive timestamp_ns=1791283865435220964 workflow=CT_SHARE run_id=5 node=U1 source=TM3 destination=TM
event=receive timestamp_ns=1791283866999687984 workflow=CT_SHARE run_id=6 node=U1 source=TM3 destination=TM
event=receive timestamp_ns=1791283868567348644 workflow=CT_SHARE run_id=7 node=U1 source=TM3 destination=TM
event=receive timestamp_ns=1791283870136126723 workflow=CT_SHARE run_id=8 node=U1 source=TM3 destination=TM
event=receive timestamp_ns=1791283871701685274 workflow=CT_SHARE run_id=9 node=U1 source=TM3 destination=TM
event=receive timestamp_ns=1791283873275284986 workflow=CT_SHARE run_id=10 node=U1 source=TM3 destination=TM
event=receive timestamp_ns=1791283874843932196 workflow=CT_SHARE run_id=11 node=U1 source=TM3 destination=TM
event=receive timestamp_ns=1791283876409397595 workflow=CT_SHARE run_id=12 node=U1 source=TM3 destination=TM
event=receive timestamp_ns=1791283877975579311 workflow=CT_SHARE run_id=13 node=U1 source=TM3 destination=TM
event=receive timestamp_ns=1791283879544272475 workflow=CT_SHARE run_id=14 node=U1 source=TM3 destination=TM
event=receive timestamp_ns=1791283881112368622 workflow=CT_SHARE run_id=15 node=U1 source=TM3 destination=TM
event=receive timestamp_ns=1791283882678642859 workflow=CT_SHARE run_id=16 node=U1 source=TM3 destination=TM
event=receive timestamp_ns=1791283884245547046 workflow=CT_SHARE run_id=17 node=U1 source=TM3 destination=TM
event=receive timestamp_ns=1791283885815162656 workflow=CT_SHARE run_id=18 node=U1 source=TM3 destination=TM
event=receive timestamp_ns=1791283887386351704 workflow=CT_SHARE run_id=19 node=U1 source=TM3 destination=TM
event=receive timestamp_ns=1791283888954272435 workflow=CT_SHARE run_id=20 node=U1 source=TM3 destination=TM
event=receive timestamp_ns=1791283890520985651 workflow=CT_SHARE run_id=21 node=U1 source=TM3 destination=TM
event=receive timestamp_ns=1791283892087765823 workflow=CT_SHARE run_id=22 node=U1 source=TM3 destination=TM
event=receive timestamp_ns=1791283893657891564 workflow=CT_SHARE run_id=23 node=U1 source=TM3 destination=TM
event=receive timestamp_ns=1791283895229804123 workflow=CT_SHARE run_id=24 node=U1 source=TM3 destination=TM
event=receive timestamp_ns=1791283896792032272 workflow=CT_SHARE run_id=25 node=U1 source=TM3 destination=TM
event=receive timestamp_ns=1791283898363827879 workflow=CT_SHARE run_id=26 node=U1 source=TM3 destination=TM
event=receive timestamp_ns=1791283899926259612 workflow=CT_SHARE run_id=27 node=U1 source=TM3 destination=TM
event=receive timestamp_ns=1791283901497732136 workflow=CT_SHARE run_id=28 node=U1 source=TM3 destination=TM
event=receive timestamp_ns=1791283903064040863 workflow=CT_SHARE run_id=29 node=U1 source=TM3 destination=TM
event=receive timestamp_ns=1791283904627014046 workflow=CT_SHARE run_id=30 node=U1 source=TM3 destination=TM
event=receive timestamp_ns=1791283906164360556 workflow=CT_SHARE run_id=31 node=U1 source=TM3 destination=TM
event=receive timestamp_ns=1791283907734933359 workflow=CT_SHARE run_id=32 node=U1 source=TM3 destination=TM
event=receive timestamp_ns=1791283909338009298 workflow=CT_SHARE run_id=33 node=U1 source=TM3 destination=TM
event=receive timestamp_ns=1791283910871401402 workflow=CT_SHARE run_id=34 node=U1 source=TM3 destination=TM
event=receive timestamp_ns=1791283912438011561 workflow=CT_SHARE run_id=35 node=U1 source=TM3 destination=TM
event=receive timestamp_ns=1791283914810461527 workflow=ARL_UPDATE run_id=1 node=U1 source=Authority destination=TM
event=receive timestamp_ns=1791283916345841206 workflow=ARL_UPDATE run_id=2 node=U1 source=Authority destination=TM
event=receive timestamp_ns=1791283917871642530 workflow=ARL_UPDATE run_id=3 node=U1 source=Authority destination=TM
event=receive timestamp_ns=1791283919412312083 workflow=ARL_UPDATE run_id=4 node=U1 source=Authority destination=TM
event=receive timestamp_ns=1791283920950920206 workflow=ARL_UPDATE run_id=5 node=U1 source=Authority destination=TM
event=receive timestamp_ns=1791283922490027759 workflow=ARL_UPDATE run_id=6 node=U1 source=Authority destination=TM
event=receive timestamp_ns=1791283924020511886 workflow=ARL_UPDATE run_id=7 node=U1 source=Authority destination=TM
event=receive timestamp_ns=1791283925621277626 workflow=ARL_UPDATE run_id=8 node=U1 source=Authority destination=TM
event=receive timestamp_ns=1791283927222238336 workflow=ARL_UPDATE run_id=9 node=U1 source=Authority destination=TM
event=receive timestamp_ns=1791283928759357756 workflow=ARL_UPDATE run_id=10 node=U1 source=Authority destination=TM
event=receive timestamp_ns=1791283930294437266 workflow=ARL_UPDATE run_id=11 node=U1 source=Authority destination=TM
event=receive timestamp_ns=1791283931829472977 workflow=ARL_UPDATE run_id=12 node=U1 source=Authority destination=TM
event=receive timestamp_ns=1791283933366088415 workflow=ARL_UPDATE run_id=13 node=U1 source=Authority destination=TM
event=receive timestamp_ns=1791283934899478075 workflow=ARL_UPDATE run_id=14 node=U1 source=Authority destination=TM
event=receive timestamp_ns=1791283936433924695 workflow=ARL_UPDATE run_id=15 node=U1 source=Authority destination=TM
event=receive timestamp_ns=1791283938001028264 workflow=ARL_UPDATE run_id=16 node=U1 source=Authority destination=TM
event=receive timestamp_ns=1791283939507141637 workflow=ARL_UPDATE run_id=17 node=U1 source=Authority destination=TM
event=receive timestamp_ns=1791283941040314518 workflow=ARL_UPDATE run_id=18 node=U1 source=Authority destination=TM
event=receive timestamp_ns=1791283942583867999 workflow=ARL_UPDATE run_id=19 node=U1 source=Authority destination=TM
event=receive timestamp_ns=1791283944118374478 workflow=ARL_UPDATE run_id=20 node=U1 source=Authority destination=TM
event=receive timestamp_ns=1791283945652497184 workflow=ARL_UPDATE run_id=21 node=U1 source=Authority destination=TM
event=receive timestamp_ns=1791283947220620974 workflow=ARL_UPDATE run_id=22 node=U1 source=Authority destination=TM
event=receive timestamp_ns=1791283948718043652 workflow=ARL_UPDATE run_id=23 node=U1 source=Authority destination=TM
event=receive timestamp_ns=1791283950264185570 workflow=ARL_UPDATE run_id=24 node=U1 source=Authority destination=TM
event=receive timestamp_ns=1791283951797262073 workflow=ARL_UPDATE run_id=25 node=U1 source=Authority destination=TM
event=receive timestamp_ns=1791283953333363236 workflow=ARL_UPDATE run_id=26 node=U1 source=Authority destination=TM
event=receive timestamp_ns=1791283954871043795 workflow=ARL_UPDATE run_id=27 node=U1 source=Authority destination=TM
event=receive timestamp_ns=1791283956405958303 workflow=ARL_UPDATE run_id=28 node=U1 source=Authority destination=TM
event=receive timestamp_ns=1791283957936550602 workflow=ARL_UPDATE run_id=29 node=U1 source=Authority destination=TM
event=receive timestamp_ns=1791283959479715713 workflow=ARL_UPDATE run_id=30 node=U1 source=Authority destination=TM
event=receive timestamp_ns=1791283961013228280 workflow=ARL_UPDATE run_id=31 node=U1 source=Authority destination=TM
event=receive timestamp_ns=1791283962545686011 workflow=ARL_UPDATE run_id=32 node=U1 source=Authority destination=TM
event=receive timestamp_ns=1791283964086996115 workflow=ARL_UPDATE run_id=33 node=U1 source=Authority destination=TM
event=receive timestamp_ns=1791283965626465816 workflow=ARL_UPDATE run_id=34 node=U1 source=Authority destination=TM
event=receive timestamp_ns=1791283967157394886 workflow=ARL_UPDATE run_id=35 node=U1 source=Authority destination=TM
event=receive timestamp_ns=1791283968694934229 workflow=ARL_UPDATE run_id=36 node=U1 source=Authority destination=TM
event=receive timestamp_ns=1791283970262054036 workflow=ARL_UPDATE run_id=37 node=U1 source=Authority destination=TM
event=receive timestamp_ns=1791283971792880445 workflow=ARL_UPDATE run_id=38 node=U1 source=Authority destination=TM
event=receive timestamp_ns=1791283973331026798 workflow=ARL_UPDATE run_id=39 node=U1 source=Authority destination=TM
event=receive timestamp_ns=1791283974869410065 workflow=ARL_UPDATE run_id=40 node=U1 source=Authority destination=TM
event=receive timestamp_ns=1791283976437947048 workflow=ARL_UPDATE run_id=41 node=U1 source=Authority destination=TM
event=receive timestamp_ns=1791283977974072328 workflow=ARL_UPDATE run_id=42 node=U1 source=Authority destination=TM
event=receive timestamp_ns=1791283979512864837 workflow=ARL_UPDATE run_id=43 node=U1 source=Authority destination=TM
event=receive timestamp_ns=1791283981046288382 workflow=ARL_UPDATE run_id=44 node=U1 source=Authority destination=TM
event=receive timestamp_ns=1791283982611047818 workflow=ARL_UPDATE run_id=45 node=U1 source=Authority destination=TM
event=receive timestamp_ns=1791283984152840185 workflow=ARL_UPDATE run_id=46 node=U1 source=Authority destination=TM
event=receive timestamp_ns=1791283985685632191 workflow=ARL_UPDATE run_id=47 node=U1 source=Authority destination=TM
event=receive timestamp_ns=1791283987254519790 workflow=ARL_UPDATE run_id=48 node=U1 source=Authority destination=TM
event=receive timestamp_ns=1791283988885688639 workflow=ARL_UPDATE run_id=49 node=U1 source=Authority destination=TM
event=receive timestamp_ns=1791283990388008008 workflow=ARL_UPDATE run_id=50 node=U1 source=Authority destination=TM
event=receive timestamp_ns=1791283991990172665 workflow=ARL_UPDATE run_id=51 node=U1 source=Authority destination=TM
event=receive timestamp_ns=1791283993521349619 workflow=ARL_UPDATE run_id=52 node=U1 source=Authority destination=TM
event=receive timestamp_ns=1791283995092134353 workflow=ARL_UPDATE run_id=53 node=U1 source=Authority destination=TM
event=receive timestamp_ns=1791283996689197365 workflow=ARL_UPDATE run_id=54 node=U1 source=Authority destination=TM
event=receive timestamp_ns=1791283998230990550 workflow=ARL_UPDATE run_id=55 node=U1 source=Authority destination=TM
event=receive timestamp_ns=1791283999826199379 workflow=ARL_UPDATE run_id=56 node=U1 source=Authority destination=TM
event=receive timestamp_ns=1791284001363886190 workflow=ARL_UPDATE run_id=57 node=U1 source=Authority destination=TM
event=receive timestamp_ns=1791284002896763514 workflow=ARL_UPDATE run_id=58 node=U1 source=Authority destination=TM
event=receive timestamp_ns=1791284004435702411 workflow=ARL_UPDATE run_id=59 node=U1 source=Authority destination=TM
event=receive timestamp_ns=1791284005973295359 workflow=ARL_UPDATE run_id=60 node=U1 source=Authority destination=TM
event=receive timestamp_ns=1791284007509642941 workflow=ARL_UPDATE run_id=61 node=U1 source=Authority destination=TM
event=receive timestamp_ns=1791284009041862615 workflow=ARL_UPDATE run_id=62 node=U1 source=Authority destination=TM
event=receive timestamp_ns=1791284010586932765 workflow=ARL_UPDATE run_id=63 node=U1 source=Authority destination=TM
event=receive timestamp_ns=1791284012113942819 workflow=ARL_UPDATE run_id=64 node=U1 source=Authority destination=TM
event=receive timestamp_ns=1791284013653244998 workflow=ARL_UPDATE run_id=65 node=U1 source=Authority destination=TM
event=receive timestamp_ns=1791284015216386524 workflow=ARL_UPDATE run_id=66 node=U1 source=Authority destination=TM
event=receive timestamp_ns=1791284016760121087 workflow=ARL_UPDATE run_id=67 node=U1 source=Authority destination=TM
event=receive timestamp_ns=1791284018259300694 workflow=ARL_UPDATE run_id=68 node=U1 source=Authority destination=TM
event=receive timestamp_ns=1791284019801309928 workflow=ARL_UPDATE run_id=69 node=U1 source=Authority destination=TM
event=receive timestamp_ns=1791284021328577489 workflow=ARL_UPDATE run_id=70 node=U1 source=Authority destination=TM
event=receive timestamp_ns=1791284023983269763 workflow=KEY_REQUEST run_id=bench_h3_key_w1 node=U1 source=TM3 destination=TM
event=receive timestamp_ns=1791284026539294843 workflow=KEY_REQUEST run_id=bench_h3_key_w2 node=U1 source=TM3 destination=TM
event=receive timestamp_ns=1791284030315289438 workflow=KEY_REQUEST run_id=bench_h3_key_w3 node=U1 source=TM3 destination=TM
event=receive timestamp_ns=1791284033066962348 workflow=KEY_REQUEST run_id=bench_h3_key_w4 node=U1 source=TM3 destination=TM
event=receive timestamp_ns=1791284036874824997 workflow=KEY_REQUEST run_id=bench_h3_key_w5 node=U1 source=TM3 destination=TM
event=receive timestamp_ns=1791284039626527721 workflow=KEY_REQUEST run_id=bench_h3_key_001 node=U1 source=TM3 destination=TM
event=receive timestamp_ns=1791284043403127710 workflow=KEY_REQUEST run_id=bench_h3_key_002 node=U1 source=TM3 destination=TM
event=receive timestamp_ns=1791284048298724258 workflow=KEY_REQUEST run_id=bench_h3_key_003 node=U1 source=TM3 destination=TM
event=receive timestamp_ns=1791284053130648502 workflow=KEY_REQUEST run_id=bench_h3_key_004 node=U1 source=TM3 destination=TM
event=receive timestamp_ns=1791284055882920167 workflow=KEY_REQUEST run_id=bench_h3_key_005 node=U1 source=TM3 destination=TM
event=receive timestamp_ns=1791284059690893833 workflow=KEY_REQUEST run_id=bench_h3_key_006 node=U1 source=TM3 destination=TM
event=receive timestamp_ns=1791284062474896492 workflow=KEY_REQUEST run_id=bench_h3_key_007 node=U1 source=TM3 destination=TM
event=receive timestamp_ns=1791284066219215901 workflow=KEY_REQUEST run_id=bench_h3_key_008 node=U1 source=TM3 destination=TM
event=receive timestamp_ns=1791284071050973598 workflow=KEY_REQUEST run_id=bench_h3_key_009 node=U1 source=TM3 destination=TM
event=receive timestamp_ns=1791284074858975140 workflow=KEY_REQUEST run_id=bench_h3_key_010 node=U1 source=TM3 destination=TM
event=receive timestamp_ns=1791284077610622545 workflow=KEY_REQUEST run_id=bench_h3_key_011 node=U1 source=TM3 destination=TM
event=receive timestamp_ns=1791284082474695513 workflow=KEY_REQUEST run_id=bench_h3_key_012 node=U1 source=TM3 destination=TM
event=receive timestamp_ns=1791284086251040624 workflow=KEY_REQUEST run_id=bench_h3_key_013 node=U1 source=TM3 destination=TM
event=receive timestamp_ns=1791284089035190402 workflow=KEY_REQUEST run_id=bench_h3_key_014 node=U1 source=TM3 destination=TM
event=receive timestamp_ns=1791284092875236906 workflow=KEY_REQUEST run_id=bench_h3_key_015 node=U1 source=TM3 destination=TM
event=receive timestamp_ns=1791284096618831552 workflow=KEY_REQUEST run_id=bench_h3_key_016 node=U1 source=TM3 destination=TM
event=receive timestamp_ns=1791284101450825237 workflow=KEY_REQUEST run_id=bench_h3_key_017 node=U1 source=TM3 destination=TM
event=receive timestamp_ns=1791284104235038384 workflow=KEY_REQUEST run_id=bench_h3_key_018 node=U1 source=TM3 destination=TM
event=receive timestamp_ns=1791284108043276821 workflow=KEY_REQUEST run_id=bench_h3_key_019 node=U1 source=TM3 destination=TM
event=receive timestamp_ns=1791284112362865223 workflow=KEY_REQUEST run_id=bench_h3_key_020 node=U1 source=TM3 destination=TM
event=receive timestamp_ns=1791284116555070052 workflow=KEY_REQUEST run_id=bench_h3_key_021 node=U1 source=TM3 destination=TM
event=receive timestamp_ns=1791284121386684932 workflow=KEY_REQUEST run_id=bench_h3_key_022 node=U1 source=TM3 destination=TM
event=receive timestamp_ns=1791284126090798586 workflow=KEY_REQUEST run_id=bench_h3_key_023 node=U1 source=TM3 destination=TM
event=receive timestamp_ns=1791284130922663249 workflow=KEY_REQUEST run_id=bench_h3_key_024 node=U1 source=TM3 destination=TM
event=receive timestamp_ns=1791284133710403421 workflow=KEY_REQUEST run_id=bench_h3_key_025 node=U1 source=TM3 destination=TM
event=receive timestamp_ns=1791284139050898422 workflow=KEY_REQUEST run_id=bench_h3_key_026 node=U1 source=TM3 destination=TM
event=receive timestamp_ns=1791284142826881014 workflow=KEY_REQUEST run_id=bench_h3_key_027 node=U1 source=TM3 destination=TM
event=receive timestamp_ns=1791284146090694526 workflow=KEY_REQUEST run_id=bench_h3_key_028 node=U1 source=TM3 destination=TM
event=receive timestamp_ns=1791284148879273842 workflow=KEY_REQUEST run_id=bench_h3_key_029 node=U1 source=TM3 destination=TM
event=receive timestamp_ns=1791284155210859358 workflow=KEY_REQUEST run_id=bench_h3_key_030 node=U1 source=TM3 destination=TM
