event=receive timestamp_ns=1791283855146969395 workflow=KEY_REQUEST run_id=bench_h3_setup node=U2 source=TM3 destination=TM
event=receive timestamp_ns=1791283859100095334 workflow=CT_SHARE run_id=1 node=U2 source=TM3 destination=TM
event=receive timestamp_ns=1791283860662097858 workflow=CT_SHARE run_id=2 node=U2 source=TM3 destination=TM
event=receive timestamp_ns=1791283862198945492 workflow=CT_SHARE run_id=3 node=U2 source=TM3 destination=TM
event=receive timestamp_ns=1791283863765945271 workflow=CT_SHARE run_id=4 node=U2 source=TM3 destination=TM
event=receive timestamp_ns=1791283865335050825 workflow=CT_SHARE run_id=5 node=U2 source=TM3 destination=TM
event=receive timestamp_ns=1791283866905778541 workflow=CT_SHARE run_id=6 node=U2 source=TM3 destination=TM
event=receive timestamp_ns=1791283868472934047 workflow=CT_SHARE run_id=7 node=U2 source=TM3 destination=TM
event=receive timestamp_ns=1791283870042068697 workflow=CT_SHARE run_id=8 node=U2 source=TM3 destination=TM
event=receive timestamp_ns=1791283871610783901 workflow=CT_SHARE run_id=9 node=U2 source=TM3 destination=TM
event=receive timestamp_ns=1791283873172784820 workflow=CT_SHARE run_id=10 node=U2 source=TM3 destination=TM
event=receive timestamp_ns=1791283874741560216 workflow=CT_SHARE run_id=11 node=U2 source=TM3 destination=TM
event=receive timestamp_ns=1791283876309943886 workflow=CT_SHARE run_id=12 node=U2 source=TM3 destination=TM
event=receive timestamp_ns=1791283877881635719 workflow=CT_SHARE run_id=13 node=U2 source=TM3 destination=TM
event=receive timestamp_ns=1791283879446366942 workflow=CT_SHARE run_id=14 node=U2 source=TM3 destination=TM
event=receive timestamp_ns=1791283881017065195 workflow=CT_SHARE run_id=15 node=U2 source=TM3 destination=TM
event=receive timestamp_ns=1791283882577271981 workflow=CT_SHARE run_id=16 node=U2 source=TM3 destination=TM
event=receive timestamp_ns=1791283884153099686 workflow=CT_SHARE run_id=17 node=U2 source=TM3 destination=TM
event=receive timestamp_ns=1791283885715200897 workflow=CT_SHARE run_id=18 node=U2 source=TM3 destination=TM
event=receive timestamp_ns=1791283887291095686 workflow=CT_SHARE run_id=19 node=U2 source=TM3 destination=TM
event=receive timestamp_ns=1791283888857997807 workflow=CT_SHARE run_id=20 node=U2 source=TM3 destination=TM
event=receive timestamp_ns=1791283890422920778 workflow=CT_SHARE run_id=21 node=U2 source=TM3 destination=TM
event=receive timestamp_ns=1791283891990078467 workflow=CT_SHARE run_id=22 node=U2 source=TM3 destination=TM
event=receive timestamp_ns=1791283893563836972 workflow=CT_SHARE run_id=23 node=U2 source=TM3 destination=TM
event=receive timestamp_ns=1791283895123735265 workflow=CT_SHARE run_id=24 node=U2 source=TM3 destination=TM
event=receive timestamp_ns=1791283896698465043 workflow=CT_SHARE run_id=25 node=U2 source=TM3 destination=TM
event=receive timestamp_ns=1791283898266843281 workflow=CT_SHARE run_id=26 node=U2 source=TM3 destination=TM
event=receive timestamp_ns=1791283899835838399 workflow=CT_SHARE run_id=27 node=U2 source=TM3 destination=TM
event=receive timestamp_ns=1791283901402241958 workflow=CT_SHARE run_id=28 node=U2 source=TM3 destination=TM
event=receive timestamp_ns=1791283902967094376 workflow=CT_SHARE run_id=29 node=U2 source=TM3 destination=TM
event=receive timestamp_ns=1791283904529579119 workflow=CT_SHARE run_id=30 node=U2 source=TM3 destination=TM
event=receive timestamp_ns=1791283906100823494 workflow=CT_SHARE run_id=31 node=U2 source=TM3 destination=TM
event=receive timestamp_ns=1791283907637698124 workflow=CT_SHARE run_id=32 node=U2 source=TM3 destination=TM
event=receive timestamp_ns=1791283909234460331 workflow=CT_SHARE run_id=33 node=U2 source=TM3 destination=TM
event=receive timestamp_ns=1791283910777573550 workflow=CT_SHARE run_id=34 node=U2 source=TM3 destination=TM
event=receive timestamp_ns=1791283912346991967 workflow=CT_SHARE run_id=35 node=U2 source=TM3 destination=TM
event=receive timestamp_ns=1791283914900084024 workflow=ARL_UPDATE run_id=1 node=U2 source=Authority destination=TM
event=receive timestamp_ns=1791283916434825146 workflow=ARL_UPDATE run_id=2 node=U2 source=Authority destination=TM
event=receive timestamp_ns=1791283917971885512 workflow=ARL_UPDATE run_id=3 node=U2 source=Authority destination=TM
event=receive timestamp_ns=1791283919506970681 workflow=ARL_UPDATE run_id=4 node=U2 source=Authority destination=TM
event=receive timestamp_ns=1791283921042817848 workflow=ARL_UPDATE run_id=5 node=U2 source=Authority destination=TM
event=receive timestamp_ns=1791283922579915911 workflow=ARL_UPDATE run_id=6 node=U2 source=Authority destination=TM
event=receive timestamp_ns=1791283924116732731 workflow=ARL_UPDATE run_id=7 node=U2 source=Authority destination=TM
event=receive timestamp_ns=1791283925716393110 workflow=ARL_UPDATE run_id=8 node=U2 source=Authority destination=TM
event=receive timestamp_ns=1791283927317106564 workflow=ARL_UPDATE run_id=9 node=U2 source=Authority destination=TM
event=receive timestamp_ns=1791283928852092202 workflow=ARL_UPDATE run_id=10 node=U2 source=Authority destination=TM
event=receive timestamp_ns=1791283930385870828 workflow=ARL_UPDATE run_id=11 node=U2 source=Authority destination=TM
event=receive timestamp_ns=1791283931923807238 workflow=ARL_UPDATE run_id=12 node=U2 source=Authority destination=TM
event=receive timestamp_ns=1791283933460676879 workflow=ARL_UPDATE run_id=13 node=U2 source=Authority destination=TM
event=receive timestamp_ns=1791283935024976615 workflow=ARL_UPDATE run_id=14 node=U2 source=Authority destination=TM
event=receive timestamp_ns=1791283936529096617 workflow=ARL_UPDATE run_id=15 node=U2 source=Authority destination=TM
event=receive timestamp_ns=1791283938098975614 workflow=ARL_UPDATE run_id=16 node=U2 source=Authority destination=TM
event=receive timestamp_ns=1791283939603989666 workflow=ARL_UPDATE run_id=17 node=U2 source=Authority destination=TM
event=receive timestamp_ns=1791283941139570324 workflow=ARL_UPDATE run_id=18 node=U2 source=Authority destination=TM
event=receive timestamp_ns=1791283942676621573 workflow=ARL_UPDATE run_id=19 node=U2 source=Authority destination=TM
event=receive timestamp_ns=1791283944212241221 workflow=ARL_UPDATE run_id=20 node=U2 source=Authority destination=TM
event=receive timestamp_ns=1791283945779679857 workflow=ARL_UPDATE run_id=21 node=U2 source=Authority destination=TM
event=receive timestamp_ns=1791283947313064625 workflow=ARL_UPDATE run_id=22 node=U2 source=Authority destination=TM
event=receive timestamp_ns=1791283948819489668 workflow=ARL_UPDATE run_id=23 node=U2 source=Authority destination=TM
event=receive timestamp_ns=1791283950356552663 workflow=ARL_UPDATE run_id=24 node=U2 source=Authority destination=TM
event=receive timestamp_ns=1791283951892297358 workflow=ARL_UPDATE run_id=25 node=U2 source=Authority destination=TM
event=receive timestamp_ns=1791283953427728667 workflow=ARL_UPDATE run_id=26 node=U2 source=Authority destination=TM
event=receive timestamp_ns=1791283954962685440 workflow=ARL_UPDATE run_id=27 node=U2 source=Authority destination=TM
event=receive timestamp_ns=1791283956500391927 workflow=ARL_UPDATE run_id=28 node=U2 source=Authority destination=TM
event=receive timestamp_ns=1791283958063986477 workflow=ARL_UPDATE run_id=29 node=U2 source=Authority destination=TM
event=receive timestamp_ns=1791283959575681269 workflow=ARL_UPDATE run_id=30 node=U2 source=Authority destination=TM
event=receive timestamp_ns=1791283961107661826 workflow=ARL_UPDATE run_id=31 node=U2 source=Authority destination=TM
event=receive timestamp_ns=1791283962646503639 workflow=ARL_UPDATE run_id=32 node=U2 source=Authority destination=TM
event=receive timestamp_ns=1791283964211952437 workflow=ARL_UPDATE run_id=33 node=U2 source=Authority destination=TM
event=receive timestamp_ns=1791283965748054887 workflow=ARL_UPDATE run_id=34 node=U2 source=Authority destination=TM
event=receive timestamp_ns=1791283967252135349 workflow=ARL_UPDATE run_id=35 node=U2 source=Authority destination=TM
event=receive timestamp_ns=1791283968788482240 workflow=ARL_UPDATE run_id=36 node=U2 source=Authority destination=TM
event=receive timestamp_ns=1791283970355589842 workflow=ARL_UPDATE run_id=37 node=U2 source=Authority destination=TM
event=receive timestamp_ns=1791283971891147046 workflow=ARL_UPDATE run_id=38 node=U2 source=Authority destination=TM
event=receive timestamp_ns=1791283973426870015 workflow=ARL_UPDATE run_id=39 node=U2 source=Authority destination=TM
event=receive timestamp_ns=1791283974962568616 workflow=ARL_UPDATE run_id=40 node=U2 source=Authority destination=TM
event=receive timestamp_ns=1791283976528334578 workflow=ARL_UPDATE run_id=41 node=U2 source=Authority destination=TM
event=receive timestamp_ns=1791283978068716525 workflow=ARL_UPDATE run_id=42 node=U2 source=Authority destination=TM
event=receive timestamp_ns=1791283979604034772 workflow=ARL_UPDATE run_id=43 node=U2 source=Authority destination=TM
event=receive timestamp_ns=1791283981140588256 workflow=ARL_UPDATE run_id=44 node=U2 source=Authority destination=TM
event=receive timestamp_ns=1791283982708591360 workflow=ARL_UPDATE run_id=45 node=U2 source=Authority destination=TM
event=receive timestamp_ns=1791283984245642073 workflow=ARL_UPDATE run_id=46 node=U2 source=Authority destination=TM
event=receive timestamp_ns=1791283985780639290 workflow=ARL_UPDATE run_id=47 node=U2 source=Authority destination=TM
event=receive timestamp_ns=1791283987344517434 workflow=ARL_UPDATE run_id=48 node=U2 source=Authority destination=TM
event=receive timestamp_ns=1791283988980005133 workflow=ARL_UPDATE run_id=49 node=U2 source=Authority destination=TM
event=receive timestamp_ns=1791283990483621509 workflow=ARL_UPDATE run_id=50 node=U2 source=Authority destination=TM
event=receive timestamp_ns=1791283992115455833 workflow=ARL_UPDATE run_id=51 node=U2 source=Authority destination=TM
event=receive timestamp_ns=1791283993614085783 workflow=ARL_UPDATE run_id=52 node=U2 source=Authority destination=TM
event=receive timestamp_ns=1791283995187721791 workflow=ARL_UPDATE run_id=53 node=U2 source=Authority destination=TM
event=receive timestamp_ns=1791283996788971856 workflow=ARL_UPDATE run_id=54 node=U2 source=Authority destination=TM
event=receive timestamp_ns=1791283998324161066 workflow=ARL_UPDATE run_id=55 node=U2 source=Authority destination=TM
event=receive timestamp_ns=1791283999924776680 workflow=ARL_UPDATE run_id=56 node=U2 source=Authority destination=TM
event=receive timestamp_ns=1791284001453547115 workflow=ARL_UPDATE run_id=57 node=U2 source=Authority destination=TM
event=receive timestamp_ns=1791284002993249431 workflow=ARL_UPDATE run_id=58 node=U2 source=Authority destination=TM
event=receive timestamp_ns=1791284004529527616 workflow=ARL_UPDATE run_id=59 node=U2 source=Authority destination=TM
event=receive timestamp_ns=1791284006065692893 workflow=ARL_UPDATE run_id=60 node=U2 source=Authority destination=TM
event=receive timestamp_ns=1791284007602469561 workflow=ARL_UPDATE run_id=61 node=U2 source=Authority destination=TM
event=receive timestamp_ns=1791284009135919775 workflow=ARL_UPDATE run_id=62 node=U2 source=Authority destination=TM
event=receive timestamp_ns=1791284010671604127 workflow=ARL_UPDATE run_id=63 node=U2 source=Authority destination=TM
event=receive timestamp_ns=1791284012210810741 workflow=ARL_UPDATE run_id=64 node=U2 source=Authority destination=TM
event=receive timestamp_ns=1791284013748975131 workflow=ARL_UPDATE run_id=65 node=U2 source=Authority destination=TM
event=receive timestamp_ns=1791284015278011367 workflow=ARL_UPDATE run_id=66 node=U2 source=Authority destination=TM
event=receive timestamp_ns=1791284016816002882 workflow=ARL_UPDATE run_id=67 node=U2 source=Authority destination=TM
event=receive timestamp_ns=1791284018361192465 workflow=ARL_UPDATE run_id=68 node=U2 source=Authority destination=TM
event=receive timestamp_ns=1791284019891370545 workflow=ARL_UPDATE run_id=69 node=U2 source=Authority destination=TM
event=receive timestamp_ns=1791284021424458702 workflow=ARL_UPDATE run_id=70 node=U2 source=Authority destination=TM
event=receive timestamp_ns=1791284024075415952 workflow=KEY_REQUEST run_id=bench_h3_key_w1 node=U2 source=TM3 destination=TM
event=receive timestamp_ns=1791284026443187360 workflow=KEY_REQUEST run_id=bench_h3_key_w2 node=U2 source=TM3 destination=TM
event=receive timestamp_ns=1791284030250820887 workflow=KEY_REQUEST run_id=bench_h3_key_w3 node=U2 source=TM3 destination=TM
event=receive timestamp_ns=1791284032970703005 workflow=KEY_REQUEST run_id=bench_h3_key_w4 node=U2 source=TM3 destination=TM
event=receive timestamp_ns=1791284036778862126 workflow=KEY_REQUEST run_id=bench_h3_key_w5 node=U2 source=TM3 destination=TM
event=receive timestamp_ns=1791284039530970403 workflow=KEY_REQUEST run_id=bench_h3_key_001 node=U2 source=TM3 destination=TM
event=receive timestamp_ns=1791284043306974124 workflow=KEY_REQUEST run_id=bench_h3_key_002 node=U2 source=TM3 destination=TM
event=receive timestamp_ns=1791284048202902368 workflow=KEY_REQUEST run_id=bench_h3_key_003 node=U2 source=TM3 destination=TM
event=receive timestamp_ns=1791284053034955341 workflow=KEY_REQUEST run_id=bench_h3_key_004 node=U2 source=TM3 destination=TM
event=receive timestamp_ns=1791284055786956621 workflow=KEY_REQUEST run_id=bench_h3_key_005 node=U2 source=TM3 destination=TM
event=receive timestamp_ns=1791284059595101793 workflow=KEY_REQUEST run_id=bench_h3_key_006 node=U2 source=TM3 destination=TM
event=receive timestamp_ns=1791284062378914130 workflow=KEY_REQUEST run_id=bench_h3_key_007 node=U2 source=TM3 destination=TM
event=receive timestamp_ns=1791284066122864437 workflow=KEY_REQUEST run_id=bench_h3_key_008 node=U2 source=TM3 destination=TM
event=receive timestamp_ns=1791284070954483020 workflow=KEY_REQUEST run_id=bench_h3_key_009 node=U2 source=TM3 destination=TM
event=receive timestamp_ns=1791284074762928042 workflow=KEY_REQUEST run_id=bench_h3_key_010 node=U2 source=TM3 destination=TM
event=receive timestamp_ns=1791284077514877565 workflow=KEY_REQUEST run_id=bench_h3_key_011 node=U2 source=TM3 destination=TM
event=receive timestamp_ns=1791284082894681734 workflow=KEY_REQUEST run_id=bench_h3_key_012 node=U2 source=TM3 destination=TM
event=receive timestamp_ns=1791284085643155230 workflow=KEY_REQUEST run_id=bench_h3_key_013 node=U2 source=TM3 destination=TM
event=receive timestamp_ns=1791284089450861606 workflow=KEY_REQUEST run_id=bench_h3_key_014 node=U2 source=TM3 destination=TM
event=receive timestamp_ns=1791284092266802884 workflow=KEY_REQUEST run_id=bench_h3_key_015 node=U2 source=TM3 destination=TM
event=receive timestamp_ns=1791284096042897347 workflow=KEY_REQUEST run_id=bench_h3_key_016 node=U2 source=TM3 destination=TM
event=receive timestamp_ns=1791284100843118982 workflow=KEY_REQUEST run_id=bench_h3_key_017 node=U2 source=TM3 destination=TM
event=receive timestamp_ns=1791284104650861791 workflow=KEY_REQUEST run_id=bench_h3_key_018 node=U2 source=TM3 destination=TM
event=receive timestamp_ns=1791284107466919339 workflow=KEY_REQUEST run_id=bench_h3_key_019 node=U2 source=TM3 destination=TM
event=receive timestamp_ns=1791284112778677047 workflow=KEY_REQUEST run_id=bench_h3_key_020 node=U2 source=TM3 destination=TM
event=receive timestamp_ns=1791284115947299088 workflow=KEY_REQUEST run_id=bench_h3_key_021 node=U2 source=TM3 destination=TM
event=receive timestamp_ns=1791284120778528082 workflow=KEY_REQUEST run_id=bench_h3_key_022 node=U2 source=TM3 destination=TM
event=receive timestamp_ns=1791284126058853350 workflow=KEY_REQUEST run_id=bench_h3_key_023 node=U2 source=TM3 destination=TM
event=receive timestamp_ns=1791284130826899131 workflow=KEY_REQUEST run_id=bench_h3_key_024 node=U2 source=TM3 destination=TM
event=receive timestamp_ns=1791284133610461212 workflow=KEY_REQUEST run_id=bench_h3_key_025 node=U2 source=TM3 destination=TM
event=receive timestamp_ns=1791284138443112678 workflow=KEY_REQUEST run_id=bench_h3_key_026 node=U2 source=TM3 destination=TM
event=receive timestamp_ns=1791284142251848736 workflow=KEY_REQUEST run_id=bench_h3_key_027 node=U2 source=TM3 destination=TM
event=receive timestamp_ns=1791284145995023031 workflow=KEY_REQUEST run_id=bench_h3_key_028 node=U2 source=TM3 destination=TM
event=receive timestamp_ns=1791284148779110857 workflow=KEY_REQUEST run_id=bench_h3_key_029 node=U2 source=TM3 destination=TM
event=receive timestamp_ns=1791284155182461892 workflow=KEY_REQUEST run_id=bench_h3_key_030 node=U2 source=TM3 destination=TM
