event=receive timestamp_ns=1791283855146972586 workflow=KEY_REQUEST run_id=bench_h3_setup node=U4 source=TM3 destination=TM
event=receive timestamp_ns=1791283859125947029 workflow=CT_SHARE run_id=1 node=U4 source=TM3 destination=TM
event=receive timestamp_ns=1791283860631159522 workflow=CT_SHARE run_id=2 node=U4 source=TM3 destination=TM
event=receive timestamp_ns=1791283862198634966 workflow=CT_SHARE run_id=3 node=U4 source=TM3 destination=TM
event=receive timestamp_ns=1791283863766501581 workflow=CT_SHARE run_id=4 node=U4 source=TM3 destination=TM
event=receive timestamp_ns=1791283865335336398 workflow=CT_SHARE run_id=5 node=U4 source=TM3 destination=TM
event=receive timestamp_ns=1791283866905252177 workflow=CT_SHARE run_id=6 node=U4 source=TM3 destination=TM
event=receive timestamp_ns=1791283868473306020 workflow=CT_SHARE run_id=7 node=U4 source=TM3 destination=TM
event=receive timestamp_ns=1791283870043322970 workflow=CT_SHARE run_id=8 node=U4 source=TM3 destination=TM
event=receive timestamp_ns=1791283871611226414 workflow=CT_SHARE run_id=9 node=U4 source=TM3 destination=TM
event=receive timestamp_ns=1791283873172932865 workflow=CT_SHARE run_id=10 node=U4 source=TM3 destination=TM
event=receive timestamp_ns=1791283874741540570 workflow=CT_SHARE run_id=11 node=U4 source=TM3 destination=TM
event=receive timestamp_ns=1791283876309947854 workflow=CT_SHARE run_id=12 node=U4 source=TM3 destination=TM
event=receive timestamp_ns=1791283877881576027 workflow=CT_SHARE run_id=13 node=U4 source=TM3 destination=TM
event=receive timestamp_ns=1791283879446401235 workflow=CT_SHARE run_id=14 node=U4 source=TM3 destination=TM
event=receive timestamp_ns=1791283881013038693 workflow=CT_SHARE run_id=15 node=U4 source=TM3 destination=TM
event=receive timestamp_ns=1791283882581881532 workflow=CT_SHARE run_id=16 node=U4 source=TM3 destination=TM
event=receive timestamp_ns=1791283884152895714 workflow=CT_SHARE run_id=17 node=U4 source=TM3 destination=TM
event=receive timestamp_ns=1791283885716083848 workflow=CT_SHARE run_id=18 node=U4 source=TM3 destination=TM
event=receive timestamp_ns=1791283887290762990 workflow=CT_SHARE run_id=19 node=U4 source=TM3 destination=TM
event=receive timestamp_ns=1791283888859774762 workflow=CT_SHARE run_id=20 node=U4 source=TM3 destination=TM
event=receive timestamp_ns=1791283890423662712 workflow=CT_SHARE run_id=21 node=U4 source=TM3 destination=TM
event=receive timestamp_ns=1791283891989509100 workflow=CT_SHARE run_id=22 node=U4 source=TM3 destination=TM
event=receive timestamp_ns=1791283893564661664 workflow=CT_SHARE run_id=23 node=U4 source=TM3 destination=TM
event=receive timestamp_ns=1791283895125650604 workflow=CT_SHARE run_id=24 node=U4 source=TM3 destination=TM
event=receive timestamp_ns=1791283896698548389 workflow=CT_SHARE run_id=25 node=U4 source=TM3 destination=TM
event=receive timestamp_ns=1791283898266609535 workflow=CT_SHARE run_id=26 node=U4 source=TM3 destination=TM
event=receive timestamp_ns=1791283899835420138 workflow=CT_SHARE run_id=27 node=U4 source=TM3 destination=TM
event=receive timestamp_ns=1791283901401930637 workflow=CT_SHARE run_id=28 node=U4 source=TM3 destination=TM
event=receive timestamp_ns=1791283902967041247 workflow=CT_SHARE run_id=29 node=U4 source=TM3 destination=TM
event=receive timestamp_ns=1791283904529414628 workflow=CT_SHARE run_id=30 node=U4 source=TM3 destination=TM
event=receive timestamp_ns=1791283906068132086 workflow=CT_SHARE run_id=31 node=U4 source=TM3 destination=TM
event=receive timestamp_ns=1791283907637637042 workflow=CT_SHARE run_id=32 node=U4 source=TM3 destination=TM
event=receive timestamp_ns=1791283909234833163 workflow=CT_SHARE run_id=33 node=U4 source=TM3 destination=TM
event=receive timestamp_ns=1791283910777871976 workflow=CT_SHARE run_id=34 node=U4 source=TM3 destination=TM
event=receive timestamp_ns=1791283912347091020 workflow=CT_SHARE run_id=35 node=U4 source=TM3 destination=TM
event=receive timestamp_ns=1791283915091950639 workflow=ARL_UPDATE run_id=1 node=U4 source=Authority destination=TM
event=receive timestamp_ns=1791283916622808701 workflow=ARL_UPDATE run_id=2 node=U4 source=Authority destination=TM
event=receive timestamp_ns=1791283918197162048 workflow=ARL_UPDATE run_id=3 node=U4 source=Authority destination=TM
event=receive timestamp_ns=1791283919696804282 workflow=ARL_UPDATE run_id=4 node=U4 source=Authority destination=TM
event=receive timestamp_ns=1791283921236159984 workflow=ARL_UPDATE run_id=5 node=U4 source=Authority destination=TM
event=receive timestamp_ns=1791283922802904061 workflow=ARL_UPDATE run_id=6 node=U4 source=Authority destination=TM
event=receive timestamp_ns=1791283924311143060 workflow=ARL_UPDATE run_id=7 node=U4 source=Authority destination=TM
event=receive timestamp_ns=1791283925906641890 workflow=ARL_UPDATE run_id=8 node=U4 source=Authority destination=TM
event=receive timestamp_ns=1791283927535474616 workflow=ARL_UPDATE run_id=9 node=U4 source=Authority destination=TM
event=receive timestamp_ns=1791283929043292670 workflow=ARL_UPDATE run_id=10 node=U4 source=Authority destination=TM
event=receive timestamp_ns=1791283930580124543 workflow=ARL_UPDATE run_id=11 node=U4 source=Authority destination=TM
event=receive timestamp_ns=1791283932117440205 workflow=ARL_UPDATE run_id=12 node=U4 source=Authority destination=TM
event=receive timestamp_ns=1791283933649681970 workflow=ARL_UPDATE run_id=13 node=U4 source=Authority destination=TM
event=receive timestamp_ns=1791283935219895169 workflow=ARL_UPDATE run_id=14 node=U4 source=Authority destination=TM
event=receive timestamp_ns=1791283936724831083 workflow=ARL_UPDATE run_id=15 node=U4 source=Authority destination=TM
event=receive timestamp_ns=1791283938289320478 workflow=ARL_UPDATE run_id=16 node=U4 source=Authority destination=TM
event=receive timestamp_ns=1791283939795176697 workflow=ARL_UPDATE run_id=17 node=U4 source=Authority destination=TM
event=receive timestamp_ns=1791283941332247019 workflow=ARL_UPDATE run_id=18 node=U4 source=Authority destination=TM
event=receive timestamp_ns=1791283942867324128 workflow=ARL_UPDATE run_id=19 node=U4 source=Authority destination=TM
event=receive timestamp_ns=1791283944404183392 workflow=ARL_UPDATE run_id=20 node=U4 source=Authority destination=TM
event=receive timestamp_ns=1791283945972000158 workflow=ARL_UPDATE run_id=21 node=U4 source=Authority destination=TM
event=receive timestamp_ns=1791283947508924877 workflow=ARL_UPDATE run_id=22 node=U4 source=Authority destination=TM
event=receive timestamp_ns=1791283949009935393 workflow=ARL_UPDATE run_id=23 node=U4 source=Authority destination=TM
event=receive timestamp_ns=1791283950552006338 workflow=ARL_UPDATE run_id=24 node=U4 source=Authority destination=TM
event=receive timestamp_ns=1791283952083603941 workflow=ARL_UPDATE run_id=25 node=U4 source=Authority destination=TM
event=receive timestamp_ns=1791283953618946519 workflow=ARL_UPDATE run_id=26 node=U4 source=Authority destination=TM
event=receive timestamp_ns=1791283955155770407 workflow=ARL_UPDATE run_id=27 node=U4 source=Authority destination=TM
event=receive timestamp_ns=1791283956692303255 workflow=ARL_UPDATE run_id=28 node=U4 source=Authority destination=TM
event=receive timestamp_ns=1791283958258010968 workflow=ARL_UPDATE run_id=29 node=U4 source=Authority destination=TM
event=receive timestamp_ns=1791283959796402987 workflow=ARL_UPDATE run_id=30 node=U4 source=Authority destination=TM
event=receive timestamp_ns=1791283961333585254 workflow=ARL_UPDATE run_id=31 node=U4 source=Authority destination=TM
event=receive timestamp_ns=1791283962869908279 workflow=ARL_UPDATE run_id=32 node=U4 source=Authority destination=TM
event=receive timestamp_ns=1791283964404144395 workflow=ARL_UPDATE run_id=33 node=U4 source=Authority destination=TM
event=receive timestamp_ns=1791283965940636687 workflow=ARL_UPDATE run_id=34 node=U4 source=Authority destination=TM
event=receive timestamp_ns=1791283967478833222 workflow=ARL_UPDATE run_id=35 node=U4 source=Authority destination=TM
event=receive timestamp_ns=1791283969013465337 workflow=ARL_UPDATE run_id=36 node=U4 source=Authority destination=TM
event=receive timestamp_ns=1791283970545742750 workflow=ARL_UPDATE run_id=37 node=U4 source=Authority destination=TM
event=receive timestamp_ns=1791283972084204761 workflow=ARL_UPDATE run_id=38 node=U4 source=Authority destination=TM
event=receive timestamp_ns=1791283973620559904 workflow=ARL_UPDATE run_id=39 node=U4 source=Authority destination=TM
event=receive timestamp_ns=1791283975155826046 workflow=ARL_UPDATE run_id=40 node=U4 source=Authority destination=TM
event=receive timestamp_ns=1791283976723918967 workflow=ARL_UPDATE run_id=41 node=U4 source=Authority destination=TM
event=receive timestamp_ns=1791283978291104078 workflow=ARL_UPDATE run_id=42 node=U4 source=Authority destination=TM
event=receive timestamp_ns=1791283979795705126 workflow=ARL_UPDATE run_id=43 node=U4 source=Authority destination=TM
event=receive timestamp_ns=1791283981333800752 workflow=ARL_UPDATE run_id=44 node=U4 source=Authority destination=TM
event=receive timestamp_ns=1791283982899765192 workflow=ARL_UPDATE run_id=45 node=U4 source=Authority destination=TM
event=receive timestamp_ns=1791283984436103325 workflow=ARL_UPDATE run_id=46 node=U4 source=Authority destination=TM
event=receive timestamp_ns=1791283985972470388 workflow=ARL_UPDATE run_id=47 node=U4 source=Authority destination=TM
event=receive timestamp_ns=1791283987538519423 workflow=ARL_UPDATE run_id=48 node=U4 source=Authority destination=TM
event=receive timestamp_ns=1791283989170642536 workflow=ARL_UPDATE run_id=49 node=U4 source=Authority destination=TM
event=receive timestamp_ns=1791283990672659086 workflow=ARL_UPDATE run_id=50 node=U4 source=Authority destination=TM
event=receive timestamp_ns=1791283992274782327 workflow=ARL_UPDATE run_id=51 node=U4 source=Authority destination=TM
event=receive timestamp_ns=1791283993809700974 workflow=ARL_UPDATE run_id=52 node=U4 source=Authority destination=TM
event=receive timestamp_ns=1791283995412536243 workflow=ARL_UPDATE run_id=53 node=U4 source=Authority destination=TM
event=receive timestamp_ns=1791283996979701120 workflow=ARL_UPDATE run_id=54 node=U4 source=Authority destination=TM
event=receive timestamp_ns=1791283998514841707 workflow=ARL_UPDATE run_id=55 node=U4 source=Authority destination=TM
event=receive timestamp_ns=1791284000119043199 workflow=ARL_UPDATE run_id=56 node=U4 source=Authority destination=TM
event=receive timestamp_ns=1791284001621903341 workflow=ARL_UPDATE run_id=57 node=U4 source=Authority destination=TM
event=receive timestamp_ns=1791284003182340298 workflow=ARL_UPDATE run_id=58 node=U4 source=Authority destination=TM
event=receive timestamp_ns=1791284004688913938 workflow=ARL_UPDATE run_id=59 node=U4 source=Authority destination=TM
event=receive timestamp_ns=1791284006257534321 workflow=ARL_UPDATE run_id=60 node=U4 source=Authority destination=TM
event=receive timestamp_ns=1791284007763156499 workflow=ARL_UPDATE run_id=61 node=U4 source=Authority destination=TM
event=receive timestamp_ns=1791284009330684469 workflow=ARL_UPDATE run_id=62 node=U4 source=Authority destination=TM
event=receive timestamp_ns=1791284010900188914 workflow=ARL_UPDATE run_id=63 node=U4 source=Authority destination=TM
event=receive timestamp_ns=1791284012399702328 workflow=ARL_UPDATE run_id=64 node=U4 source=Authority destination=TM
event=receive timestamp_ns=1791284013939106572 workflow=ARL_UPDATE run_id=65 node=U4 source=Authority destination=TM
event=receive timestamp_ns=1791284015507854861 workflow=ARL_UPDATE run_id=66 node=U4 source=Authority destination=TM
event=receive timestamp_ns=1791284017010558634 workflow=ARL_UPDATE run_id=67 node=U4 source=Authority destination=TM
event=receive timestamp_ns=1791284018576561185 workflow=ARL_UPDATE run_id=68 node=U4 source=Authority destination=TM
event=receive timestamp_ns=1791284020083025682 workflow=ARL_UPDATE run_id=69 node=U4 source=Authority destination=TM
event=receive timestamp_ns=1791284021619810331 workflow=ARL_UPDATE run_id=70 node=U4 source=Authority destination=TM
event=receive timestamp_ns=1791284023178811556 workflow=KEY_REQUEST run_id=bench_h3_key_w1 node=U4 source=TM3 destination=TM
event=receive timestamp_ns=1791284027019226034 workflow=KEY_REQUEST run_id=bench_h3_key_w2 node=U4 source=TM3 destination=TM
event=receive timestamp_ns=1791284029738644554 workflow=KEY_REQUEST run_id=bench_h3_key_w3 node=U4 source=TM3 destination=TM
event=receive timestamp_ns=1791284033547297199 workflow=KEY_REQUEST run_id=bench_h3_key_w4 node=U4 source=TM3 destination=TM
event=receive timestamp_ns=1791284036782601437 workflow=KEY_REQUEST run_id=bench_h3_key_w5 node=U4 source=TM3 destination=TM
event=receive timestamp_ns=1791284040138745705 workflow=KEY_REQUEST run_id=bench_h3_key_001 node=U4 source=TM3 destination=TM
event=receive timestamp_ns=1791284043306993027 workflow=KEY_REQUEST run_id=bench_h3_key_002 node=U4 source=TM3 destination=TM
event=receive timestamp_ns=1791284047691064563 workflow=KEY_REQUEST run_id=bench_h3_key_003 node=U4 source=TM3 destination=TM
event=receive timestamp_ns=1791284053035000470 workflow=KEY_REQUEST run_id=bench_h3_key_004 node=U4 source=TM3 destination=TM
event=receive timestamp_ns=1791284055786980079 workflow=KEY_REQUEST run_id=bench_h3_key_005 node=U4 source=TM3 destination=TM
event=receive timestamp_ns=1791284059658712643 workflow=KEY_REQUEST run_id=bench_h3_key_006 node=U4 source=TM3 destination=TM
event=receive timestamp_ns=1791284062890548452 workflow=KEY_REQUEST run_id=bench_h3_key_007 node=U4 source=TM3 destination=TM
event=receive timestamp_ns=1791284066635115471 workflow=KEY_REQUEST run_id=bench_h3_key_008 node=U4 source=TM3 destination=TM
event=receive timestamp_ns=1791284070954483185 workflow=KEY_REQUEST run_id=bench_h3_key_009 node=U4 source=TM3 destination=TM
event=receive timestamp_ns=1791284074762826160 workflow=KEY_REQUEST run_id=bench_h3_key_010 node=U4 source=TM3 destination=TM
event=receive timestamp_ns=1791284077514862113 workflow=KEY_REQUEST run_id=bench_h3_key_011 node=U4 source=TM3 destination=TM
event=receive timestamp_ns=1791284082890833638 workflow=KEY_REQUEST run_id=bench_h3_key_012 node=U4 source=TM3 destination=TM
event=receive timestamp_ns=1791284085642928386 workflow=KEY_REQUEST run_id=bench_h3_key_013 node=U4 source=TM3 destination=TM
event=receive timestamp_ns=1791284089450824007 workflow=KEY_REQUEST run_id=bench_h3_key_014 node=U4 source=TM3 destination=TM
event=receive timestamp_ns=1791284092842664778 workflow=KEY_REQUEST run_id=bench_h3_key_015 node=U4 source=TM3 destination=TM
event=receive timestamp_ns=1791284096011005803 workflow=KEY_REQUEST run_id=bench_h3_key_016 node=U4 source=TM3 destination=TM
event=receive timestamp_ns=1791284101354988549 workflow=KEY_REQUEST run_id=bench_h3_key_017 node=U4 source=TM3 destination=TM
event=receive timestamp_ns=1791284104139051497 workflow=KEY_REQUEST run_id=bench_h3_key_018 node=U4 source=TM3 destination=TM
event=receive timestamp_ns=1791284107978870913 workflow=KEY_REQUEST run_id=bench_h3_key_019 node=U4 source=TM3 destination=TM
event=receive timestamp_ns=1791284112778665967 workflow=KEY_REQUEST run_id=bench_h3_key_020 node=U4 source=TM3 destination=TM
event=receive timestamp_ns=1791284116458828892 workflow=KEY_REQUEST run_id=bench_h3_key_021 node=U4 source=TM3 destination=TM
event=receive timestamp_ns=1791284120778442507 workflow=KEY_REQUEST run_id=bench_h3_key_022 node=U4 source=TM3 destination=TM
event=receive timestamp_ns=1791284125482595830 workflow=KEY_REQUEST run_id=bench_h3_key_023 node=U4 source=TM3 destination=TM
event=receive timestamp_ns=1791284130826951492 workflow=KEY_REQUEST run_id=bench_h3_key_024 node=U4 source=TM3 destination=TM
event=receive timestamp_ns=1791284134122805372 workflow=KEY_REQUEST run_id=bench_h3_key_025 node=U4 source=TM3 destination=TM
event=receive timestamp_ns=1791284138443375080 workflow=KEY_REQUEST run_id=bench_h3_key_026 node=U4 source=TM3 destination=TM
event=receive timestamp_ns=1791284142766581934 workflow=KEY_REQUEST run_id=bench_h3_key_027 node=U4 source=TM3 destination=TM
event=receive timestamp_ns=1791284145482634178 workflow=KEY_REQUEST run_id=bench_h3_key_028 node=U4 source=TM3 destination=TM
event=receive timestamp_ns=1791284149354445096 workflow=KEY_REQUEST run_id=bench_h3_key_029 node=U4 source=TM3 destination=TM
event=receive timestamp_ns=1791284155114641050 workflow=KEY_REQUEST run_id=bench_h3_key_030 node=U4 source=TM3 destination=TM
