event=receive timestamp_ns=1791283855274770057 workflow=KEY_REQUEST run_id=bench_h3_setup node=U5 source=TM3 destination=TM
event=receive timestamp_ns=1791283859193989247 workflow=CT_SHARE run_id=1 node=U5 source=TM3 destination=TM
event=receive timestamp_ns=1791283860729280183 workflow=CT_SHARE run_id=2 node=U5 source=TM3 destination=TM
event=receive timestamp_ns=1791283862297984351 workflow=CT_SHARE run_id=3 node=U5 source=TM3 destination=TM
event=receive timestamp_ns=1791283863864192460 workflow=CT_SHARE run_id=4 node=U5 source=TM3 destination=TM
event=receive timestamp_ns=1791283865432002535 workflow=CT_SHARE run_id=5 node=U5 source=TM3 destination=TM
event=receive timestamp_ns=1791283866998589459 workflow=CT_SHARE run_id=6 node=U5 source=TM3 destination=TM
event=receive timestamp_ns=1791283868568358807 workflow=CT_SHARE run_id=7 node=U5 source=TM3 destination=TM
event=receive timestamp_ns=1791283870136523470 workflow=CT_SHARE run_id=8 node=U5 source=TM3 destination=TM
event=receive timestamp_ns=1791283871701594153 workflow=CT_SHARE run_id=9 node=U5 source=TM3 destination=TM
event=receive timestamp_ns=1791283873275013015 workflow=CT_SHARE run_id=10 node=U5 source=TM3 destination=TM
event=receive timestamp_ns=1791283874844866161 workflow=CT_SHARE run_id=11 node=U5 source=TM3 destination=TM
event=receive timestamp_ns=1791283876409413757 workflow=CT_SHARE run_id=12 node=U5 source=TM3 destination=TM
event=receive timestamp_ns=1791283877975754119 workflow=CT_SHARE run_id=13 node=U5 source=TM3 destination=TM
event=receive timestamp_ns=1791283879544118867 workflow=CT_SHARE run_id=14 node=U5 source=TM3 destination=TM
event=receive timestamp_ns=1791283881112686163 workflow=CT_SHARE run_id=15 node=U5 source=TM3 destination=TM
event=receive timestamp_ns=1791283882676927582 workflow=CT_SHARE run_id=16 node=U5 source=TM3 destination=TM
event=receive timestamp_ns=1791283884245777353 workflow=CT_SHARE run_id=17 node=U5 source=TM3 destination=TM
event=receive timestamp_ns=1791283885815177436 workflow=CT_SHARE run_id=18 node=U5 source=TM3 destination=TM
event=receive timestamp_ns=1791283887386686407 workflow=CT_SHARE run_id=19 node=U5 source=TM3 destination=TM
event=receive timestamp_ns=1791283888954115040 workflow=CT_SHARE run_id=20 node=U5 source=TM3 destination=TM
event=receive timestamp_ns=1791283890521402502 workflow=CT_SHARE run_id=21 node=U5 source=TM3 destination=TM
event=receive timestamp_ns=1791283892087747011 workflow=CT_SHARE run_id=22 node=U5 source=TM3 destination=TM
event=receive timestamp_ns=1791283893658720207 workflow=CT_SHARE run_id=23 node=U5 source=TM3 destination=TM
event=receive timestamp_ns=1791283895228697179 workflow=CT_SHARE run_id=24 node=U5 source=TM3 destination=TM
event=receive timestamp_ns=1791283896792057750 workflow=CT_SHARE run_id=25 node=U5 source=TM3 destination=TM
event=receive timestamp_ns=1791283898362054894 workflow=CT_SHARE run_id=26 node=U5 source=TM3 destination=TM
event=receive timestamp_ns=1791283899926322314 workflow=CT_SHARE run_id=27 node=U5 source=TM3 destination=TM
event=receive timestamp_ns=1791283901497486921 workflow=CT_SHARE run_id=28 node=U5 source=TM3 destination=TM
event=receive timestamp_ns=1791283903064260344 workflow=CT_SHARE run_id=29 node=U5 source=TM3 destination=TM
event=receive timestamp_ns=1791283904626047607 workflow=CT_SHARE run_id=30 node=U5 source=TM3 destination=TM
event=receive timestamp_ns=1791283906164952154 workflow=CT_SHARE run_id=31 node=U5 source=TM3 destination=TM
event=receive timestamp_ns=1791283907735560467 workflow=CT_SHARE run_id=32 node=U5 source=TM3 destination=TM
event=receive timestamp_ns=1791283909338263594 workflow=CT_SHARE run_id=33 node=U5 source=TM3 destination=TM
event=receive timestamp_ns=1791283910871274487 workflow=CT_SHARE run_id=34 node=U5 source=TM3 destination=TM
event=receive timestamp_ns=1791283912437942694 workflow=CT_SHARE run_id=35 node=U5 source=TM3 destination=TM
event=receive timestamp_ns=1791283915186551340 workflow=ARL_UPDATE run_id=1 node=U5 source=Authority destination=TM
event=receive timestamp_ns=1791283916724402471 workflow=ARL_UPDATE run_id=2 node=U5 source=Authority destination=TM
event=receive timestamp_ns=1791283918256617169 workflow=ARL_UPDATE run_id=3 node=U5 source=Authority destination=TM
event=receive timestamp_ns=1791283919797245227 workflow=ARL_UPDATE run_id=4 node=U5 source=Authority destination=TM
event=receive timestamp_ns=1791283921328289908 workflow=ARL_UPDATE run_id=5 node=U5 source=Authority destination=TM
event=receive timestamp_ns=1791283922896757524 workflow=ARL_UPDATE run_id=6 node=U5 source=Authority destination=TM
event=receive timestamp_ns=1791283924402956996 workflow=ARL_UPDATE run_id=7 node=U5 source=Authority destination=TM
event=receive timestamp_ns=1791283926002946833 workflow=ARL_UPDATE run_id=8 node=U5 source=Authority destination=TM
event=receive timestamp_ns=1791283927635956971 workflow=ARL_UPDATE run_id=9 node=U5 source=Authority destination=TM
event=receive timestamp_ns=1791283929174155713 workflow=ARL_UPDATE run_id=10 node=U5 source=Authority destination=TM
event=receive timestamp_ns=1791283930676974433 workflow=ARL_UPDATE run_id=11 node=U5 source=Authority destination=TM
event=receive timestamp_ns=1791283932243051884 workflow=ARL_UPDATE run_id=12 node=U5 source=Authority destination=TM
event=receive timestamp_ns=1791283933772866400 workflow=ARL_UPDATE run_id=13 node=U5 source=Authority destination=TM
event=receive timestamp_ns=1791283935315072076 workflow=ARL_UPDATE run_id=14 node=U5 source=Authority destination=TM
event=receive timestamp_ns=1791283936818659114 workflow=ARL_UPDATE run_id=15 node=U5 source=Authority destination=TM
event=receive timestamp_ns=1791283938385480040 workflow=ARL_UPDATE run_id=16 node=U5 source=Authority destination=TM
event=receive timestamp_ns=1791283939892086909 workflow=ARL_UPDATE run_id=17 node=U5 source=Authority destination=TM
event=receive timestamp_ns=1791283941428637723 workflow=ARL_UPDATE run_id=18 node=U5 source=Authority destination=TM
event=receive timestamp_ns=1791283942964764224 workflow=ARL_UPDATE run_id=19 node=U5 source=Authority destination=TM
event=receive timestamp_ns=1791283944500324881 workflow=ARL_UPDATE run_id=20 node=U5 source=Authority destination=TM
event=receive timestamp_ns=1791283946067133374 workflow=ARL_UPDATE run_id=21 node=U5 source=Authority destination=TM
event=receive timestamp_ns=1791283947602811219 workflow=ARL_UPDATE run_id=22 node=U5 source=Authority destination=TM
event=receive timestamp_ns=1791283949104953911 workflow=ARL_UPDATE run_id=23 node=U5 source=Authority destination=TM
event=receive timestamp_ns=1791283950676853252 workflow=ARL_UPDATE run_id=24 node=U5 source=Authority destination=TM
event=receive timestamp_ns=1791283952179950853 workflow=ARL_UPDATE run_id=25 node=U5 source=Authority destination=TM
event=receive timestamp_ns=1791283953716555202 workflow=ARL_UPDATE run_id=26 node=U5 source=Authority destination=TM
event=receive timestamp_ns=1791283955252412590 workflow=ARL_UPDATE run_id=27 node=U5 source=Authority destination=TM
event=receive timestamp_ns=1791283956791854338 workflow=ARL_UPDATE run_id=28 node=U5 source=Authority destination=TM
event=receive timestamp_ns=1791283958354867296 workflow=ARL_UPDATE run_id=29 node=U5 source=Authority destination=TM
event=receive timestamp_ns=1791283959891592964 workflow=ARL_UPDATE run_id=30 node=U5 source=Authority destination=TM
event=receive timestamp_ns=1791283961392312916 workflow=ARL_UPDATE run_id=31 node=U5 source=Authority destination=TM
event=receive timestamp_ns=1791283962963267346 workflow=ARL_UPDATE run_id=32 node=U5 source=Authority destination=TM
event=receive timestamp_ns=1791283964499830325 workflow=ARL_UPDATE run_id=33 node=U5 source=Authority destination=TM
event=receive timestamp_ns=1791283966034983920 workflow=ARL_UPDATE run_id=34 node=U5 source=Authority destination=TM
event=receive timestamp_ns=1791283967577443922 workflow=ARL_UPDATE run_id=35 node=U5 source=Authority destination=TM
event=receive timestamp_ns=1791283969107516219 workflow=ARL_UPDATE run_id=36 node=U5 source=Authority destination=TM
event=receive timestamp_ns=1791283970640695040 workflow=ARL_UPDATE run_id=37 node=U5 source=Authority destination=TM
event=receive timestamp_ns=1791283972179681933 workflow=ARL_UPDATE run_id=38 node=U5 source=Authority destination=TM
event=receive timestamp_ns=1791283973716156188 workflow=ARL_UPDATE run_id=39 node=U5 source=Authority destination=TM
event=receive timestamp_ns=1791283975251817285 workflow=ARL_UPDATE run_id=40 node=U5 source=Authority destination=TM
event=receive timestamp_ns=1791283976819756573 workflow=ARL_UPDATE run_id=41 node=U5 source=Authority destination=TM
event=receive timestamp_ns=1791283978387514928 workflow=ARL_UPDATE run_id=42 node=U5 source=Authority destination=TM
event=receive timestamp_ns=1791283979891649022 workflow=ARL_UPDATE run_id=43 node=U5 source=Authority destination=TM
event=receive timestamp_ns=1791283981427102798 workflow=ARL_UPDATE run_id=44 node=U5 source=Authority destination=TM
event=receive timestamp_ns=1791283982994985917 workflow=ARL_UPDATE run_id=45 node=U5 source=Authority destination=TM
event=receive timestamp_ns=1791283984531984460 workflow=ARL_UPDATE run_id=46 node=U5 source=Authority destination=TM
event=receive timestamp_ns=1791283986068367891 workflow=ARL_UPDATE run_id=47 node=U5 source=Authority destination=TM
event=receive timestamp_ns=1791283987633545478 workflow=ARL_UPDATE run_id=48 node=U5 source=Authority destination=TM
event=receive timestamp_ns=1791283989267210624 workflow=ARL_UPDATE run_id=49 node=U5 source=Authority destination=TM
event=receive timestamp_ns=1791283990770473641 workflow=ARL_UPDATE run_id=50 node=U5 source=Authority destination=TM
event=receive timestamp_ns=1791283992405528612 workflow=ARL_UPDATE run_id=51 node=U5 source=Authority destination=TM
event=receive timestamp_ns=1791283993902702089 workflow=ARL_UPDATE run_id=52 node=U5 source=Authority destination=TM
event=receive timestamp_ns=1791283995471579944 workflow=ARL_UPDATE run_id=53 node=U5 source=Authority destination=TM
event=receive timestamp_ns=1791283997108312927 workflow=ARL_UPDATE run_id=54 node=U5 source=Authority destination=TM
event=receive timestamp_ns=1791283998643921728 workflow=ARL_UPDATE run_id=55 node=U5 source=Authority destination=TM
event=receive timestamp_ns=1791284000213354345 workflow=ARL_UPDATE run_id=56 node=U5 source=Authority destination=TM
event=receive timestamp_ns=1791284001713556316 workflow=ARL_UPDATE run_id=57 node=U5 source=Authority destination=TM
event=receive timestamp_ns=1791284003281565054 workflow=ARL_UPDATE run_id=58 node=U5 source=Authority destination=TM
event=receive timestamp_ns=1791284004784964803 workflow=ARL_UPDATE run_id=59 node=U5 source=Authority destination=TM
event=receive timestamp_ns=1791284006353411614 workflow=ARL_UPDATE run_id=60 node=U5 source=Authority destination=TM
event=receive timestamp_ns=1791284007858934149 workflow=ARL_UPDATE run_id=61 node=U5 source=Authority destination=TM
event=receive timestamp_ns=1791284009428992115 workflow=ARL_UPDATE run_id=62 node=U5 source=Authority destination=TM
event=receive timestamp_ns=1791284010961614063 workflow=ARL_UPDATE run_id=63 node=U5 source=Authority destination=TM
event=receive timestamp_ns=1791284012497519971 workflow=ARL_UPDATE run_id=64 node=U5 source=Authority destination=TM
event=receive timestamp_ns=1791284014062878698 workflow=ARL_UPDATE run_id=65 node=U5 source=Authority destination=TM
event=receive timestamp_ns=1791284015603627838 workflow=ARL_UPDATE run_id=66 node=U5 source=Authority destination=TM
event=receive timestamp_ns=1791284017107802148 workflow=ARL_UPDATE run_id=67 node=U5 source=Authority destination=TM
event=receive timestamp_ns=1791284018674999144 workflow=ARL_UPDATE run_id=68 node=U5 source=Authority destination=TM
event=receive timestamp_ns=1791284020178658367 workflow=ARL_UPDATE run_id=69 node=U5 source=Authority destination=TM
event=receive timestamp_ns=1791284021713942775 workflow=ARL_UPDATE run_id=70 node=U5 source=Authority destination=TM
event=receive timestamp_ns=1791284023274962491 workflow=KEY_REQUEST run_id=bench_h3_key_w1 node=U5 source=TM3 destination=TM
event=receive timestamp_ns=1791284027115286919 workflow=KEY_REQUEST run_id=bench_h3_key_w2 node=U5 source=TM3 destination=TM
event=receive timestamp_ns=1791284029803447646 workflow=KEY_REQUEST run_id=bench_h3_key_w3 node=U5 source=TM3 destination=TM
event=receive timestamp_ns=1791284033643377073 workflow=KEY_REQUEST run_id=bench_h3_key_w4 node=U5 source=TM3 destination=TM
event=receive timestamp_ns=1791284036875043018 workflow=KEY_REQUEST run_id=bench_h3_key_w5 node=U5 source=TM3 destination=TM
event=receive timestamp_ns=1791284040138951530 workflow=KEY_REQUEST run_id=bench_h3_key_001 node=U5 source=TM3 destination=TM
event=receive timestamp_ns=1791284042890914712 workflow=KEY_REQUEST run_id=bench_h3_key_002 node=U5 source=TM3 destination=TM
event=receive timestamp_ns=1791284048298753504 workflow=KEY_REQUEST run_id=bench_h3_key_003 node=U5 source=TM3 destination=TM
event=receive timestamp_ns=1791284052619159996 workflow=KEY_REQUEST run_id=bench_h3_key_004 node=U5 source=TM3 destination=TM
event=receive timestamp_ns=1791284056459127175 workflow=KEY_REQUEST run_id=bench_h3_key_005 node=U5 source=TM3 destination=TM
event=receive timestamp_ns=1791284059179088330 workflow=KEY_REQUEST run_id=bench_h3_key_006 node=U5 source=TM3 destination=TM
event=receive timestamp_ns=1791284063054872348 workflow=KEY_REQUEST run_id=bench_h3_key_007 node=U5 source=TM3 destination=TM
event=receive timestamp_ns=1791284066730918223 workflow=KEY_REQUEST run_id=bench_h3_key_008 node=U5 source=TM3 destination=TM
event=receive timestamp_ns=1791284071051044551 workflow=KEY_REQUEST run_id=bench_h3_key_009 node=U5 source=TM3 destination=TM
event=receive timestamp_ns=1791284074890801618 workflow=KEY_REQUEST run_id=bench_h3_key_010 node=U5 source=TM3 destination=TM
event=receive timestamp_ns=1791284078122805857 workflow=KEY_REQUEST run_id=bench_h3_key_011 node=U5 source=TM3 destination=TM
event=receive timestamp_ns=1791284082474655092 workflow=KEY_REQUEST run_id=bench_h3_key_012 node=U5 source=TM3 destination=TM
event=receive timestamp_ns=1791284086315238213 workflow=KEY_REQUEST run_id=bench_h3_key_013 node=U5 source=TM3 destination=TM
event=receive timestamp_ns=1791284089546907346 workflow=KEY_REQUEST run_id=bench_h3_key_014 node=U5 source=TM3 destination=TM
event=receive timestamp_ns=1791284092938932917 workflow=KEY_REQUEST run_id=bench_h3_key_015 node=U5 source=TM3 destination=TM
event=receive timestamp_ns=1791284096107152632 workflow=KEY_REQUEST run_id=bench_h3_key_016 node=U5 source=TM3 destination=TM
event=receive timestamp_ns=1791284101455034029 workflow=KEY_REQUEST run_id=bench_h3_key_017 node=U5 source=TM3 destination=TM
event=receive timestamp_ns=1791284104234998356 workflow=KEY_REQUEST run_id=bench_h3_key_018 node=U5 source=TM3 destination=TM
event=receive timestamp_ns=1791284108075070305 workflow=KEY_REQUEST run_id=bench_h3_key_019 node=U5 source=TM3 destination=TM
event=receive timestamp_ns=1791284112362768792 workflow=KEY_REQUEST run_id=bench_h3_key_020 node=U5 source=TM3 destination=TM
event=receive timestamp_ns=1791284116555291085 workflow=KEY_REQUEST run_id=bench_h3_key_021 node=U5 source=TM3 destination=TM
event=receive timestamp_ns=1791284121386687694 workflow=KEY_REQUEST run_id=bench_h3_key_022 node=U5 source=TM3 destination=TM
event=receive timestamp_ns=1791284125582534223 workflow=KEY_REQUEST run_id=bench_h3_key_023 node=U5 source=TM3 destination=TM
event=receive timestamp_ns=1791284130955295306 workflow=KEY_REQUEST run_id=bench_h3_key_024 node=U5 source=TM3 destination=TM
event=receive timestamp_ns=1791284134218785200 workflow=KEY_REQUEST run_id=bench_h3_key_025 node=U5 source=TM3 destination=TM
event=receive timestamp_ns=1791284138538858427 workflow=KEY_REQUEST run_id=bench_h3_key_026 node=U5 source=TM3 destination=TM
event=receive timestamp_ns=1791284142859022935 workflow=KEY_REQUEST run_id=bench_h3_key_027 node=U5 source=TM3 destination=TM
event=receive timestamp_ns=1791284146090584696 workflow=KEY_REQUEST run_id=bench_h3_key_028 node=U5 source=TM3 destination=TM
event=receive timestamp_ns=1791284148879259459 workflow=KEY_REQUEST run_id=bench_h3_key_029 node=U5 source=TM3 destination=TM
event=receive timestamp_ns=1791284154698491614 workflow=KEY_REQUEST run_id=bench_h3_key_030 node=U5 source=TM3 destination=TM
