event=send timestamp_ns=1791280755445255026 workflow=KEY_RESPONSE run_id=bench_h3_setup node=Authority source=Authority destination=bench_h3_setup
event=receive timestamp_ns=1791280756490740303 workflow=KEY_REQUEST run_id=bench_h3_setup node=Authority source=TM3 destination=TM
event=receive timestamp_ns=1791280759940679657 workflow=CT_SHARE run_id=1 node=Authority source=TM3 destination=TM
event=receive timestamp_ns=1791280761498680099 workflow=CT_SHARE run_id=2 node=Authority source=TM3 destination=TM
event=receive timestamp_ns=1791280763073844098 workflow=CT_SHARE run_id=3 node=Authority source=TM3 destination=TM
event=receive timestamp_ns=1791280764645691971 workflow=CT_SHARE run_id=4 node=Authority source=TM3 destination=TM
event=receive timestamp_ns=1791280766211692413 workflow=CT_SHARE run_id=5 node=Authority source=TM3 destination=TM
event=receive timestamp_ns=1791280767776314983 workflow=CT_SHARE run_id=6 node=Authority source=TM3 destination=TM
event=receive timestamp_ns=1791280769346575559 workflow=CT_SHARE run_id=7 node=Authority source=TM3 destination=TM
event=receive timestamp_ns=1791280770907727083 workflow=CT_SHARE run_id=8 node=Authority source=TM3 destination=TM
event=receive timestamp_ns=1791280772446463814 workflow=CT_SHARE run_id=9 node=Authority source=TM3 destination=TM
event=receive timestamp_ns=1791280774019096988 workflow=CT_SHARE run_id=10 node=Authority source=TM3 destination=TM
event=receive timestamp_ns=1791280775580914186 workflow=CT_SHARE run_id=11 node=Authority source=TM3 destination=TM
event=receive timestamp_ns=1791280777154719418 workflow=CT_SHARE run_id=12 node=Authority source=TM3 destination=TM
event=receive timestamp_ns=1791280778723738212 workflow=CT_SHARE run_id=13 node=Authority source=TM3 destination=TM
event=receive timestamp_ns=1791280780297907712 workflow=CT_SHARE run_id=14 node=Authority source=TM3 destination=TM
event=receive timestamp_ns=1791280781855325280 workflow=CT_SHARE run_id=15 node=Authority source=TM3 destination=TM
event=receive timestamp_ns=1791280783424261290 workflow=CT_SHARE run_id=16 node=Authority source=TM3 destination=TM
event=receive timestamp_ns=1791280784994545269 workflow=CT_SHARE run_id=17 node=Authority source=TM3 destination=TM
event=receive timestamp_ns=1791280786560462328 workflow=CT_SHARE run_id=18 node=Authority source=TM3 destination=TM
event=receive timestamp_ns=1791280788121114286 workflow=CT_SHARE run_id=19 node=Authority source=TM3 destination=TM
event=receive timestamp_ns=1791280789699228517 workflow=CT_SHARE run_id=20 node=Authority source=TM3 destination=TM
event=receive timestamp_ns=1791280791265355820 workflow=CT_SHARE run_id=21 node=Authority source=TM3 destination=TM
event=receive timestamp_ns=1791280792834519120 workflow=CT_SHARE run_id=22 node=Authority source=TM3 destination=TM
event=receive timestamp_ns=1791280794364443388 workflow=CT_SHARE run_id=23 node=Authority source=TM3 destination=TM
event=receive timestamp_ns=1791280795937658461 workflow=CT_SHARE run_id=24 node=Authority source=TM3 destination=TM
event=receive timestamp_ns=1791280797576308706 workflow=CT_SHARE run_id=25 node=Authority source=TM3 destination=TM
event=receive timestamp_ns=1791280799137564199 workflow=CT_SHARE run_id=26 node=Authority source=TM3 destination=TM
event=receive timestamp_ns=1791280800711411222 workflow=CT_SHARE run_id=27 node=Authority source=TM3 destination=TM
event=receive timestamp_ns=1791280802270508472 workflow=CT_SHARE run_id=28 node=Authority source=TM3 destination=TM
event=receive timestamp_ns=1791280803798699931 workflow=CT_SHARE run_id=29 node=Authority source=TM3 destination=TM
event=receive timestamp_ns=1791280805377781726 workflow=CT_SHARE run_id=30 node=Authority source=TM3 destination=TM
event=receive timestamp_ns=1791280806946115645 workflow=CT_SHARE run_id=31 node=Authority source=TM3 destination=TM
event=receive timestamp_ns=1791280808523229275 workflow=CT_SHARE run_id=32 node=Authority source=TM3 destination=TM
event=receive timestamp_ns=1791280810084657748 workflow=CT_SHARE run_id=33 node=Authority source=TM3 destination=TM
event=receive timestamp_ns=1791280811653903911 workflow=CT_SHARE run_id=34 node=Authority source=TM3 destination=TM
event=receive timestamp_ns=1791280813219105808 workflow=CT_SHARE run_id=35 node=Authority source=TM3 destination=TM
event=send timestamp_ns=1791280813413896606 workflow=ARL_UPDATE run_id=1 node=Authority source=Authority destination=TM
event=send timestamp_ns=1791280815879589705 workflow=ARL_UPDATE run_id=2 node=Authority source=Authority destination=TM
event=send timestamp_ns=1791280817412826004 workflow=ARL_UPDATE run_id=3 node=Authority source=Authority destination=TM
event=send timestamp_ns=1791280818951023037 workflow=ARL_UPDATE run_id=4 node=Authority source=Authority destination=TM
event=send timestamp_ns=1791280820280925131 workflow=ARL_UPDATE run_id=5 node=Authority source=Authority destination=TM
event=send timestamp_ns=1791280822026737638 workflow=ARL_UPDATE run_id=6 node=Authority source=Authority destination=TM
event=send timestamp_ns=1791280823353548080 workflow=ARL_UPDATE run_id=7 node=Authority source=Authority destination=TM
event=send timestamp_ns=1791280825094776019 workflow=ARL_UPDATE run_id=8 node=Authority source=Authority destination=TM
event=send timestamp_ns=1791280826624458573 workflow=ARL_UPDATE run_id=9 node=Authority source=Authority destination=TM
event=send timestamp_ns=1791280828167630417 workflow=ARL_UPDATE run_id=10 node=Authority source=Authority destination=TM
event=send timestamp_ns=1791280829699293916 workflow=ARL_UPDATE run_id=11 node=Authority source=Authority destination=TM
event=send timestamp_ns=1791280831036836435 workflow=ARL_UPDATE run_id=12 node=Authority source=Authority destination=TM
event=send timestamp_ns=1791280832569500583 workflow=ARL_UPDATE run_id=13 node=Authority source=Authority destination=TM
event=send timestamp_ns=1791280834140485476 workflow=ARL_UPDATE run_id=14 node=Authority source=Authority destination=TM
event=send timestamp_ns=1791280835739555514 workflow=ARL_UPDATE run_id=15 node=Authority source=Authority destination=TM
event=send timestamp_ns=1791280837273896403 workflow=ARL_UPDATE run_id=16 node=Authority source=Authority destination=TM
event=send timestamp_ns=1791280839018643854 workflow=ARL_UPDATE run_id=17 node=Authority source=Authority destination=TM
event=send timestamp_ns=1791280840345785637 workflow=ARL_UPDATE run_id=18 node=Authority source=Authority destination=TM
event=send timestamp_ns=1791280841883384088 workflow=ARL_UPDATE run_id=19 node=Authority source=Authority destination=TM
event=send timestamp_ns=1791280843417457024 workflow=ARL_UPDATE run_id=20 node=Authority source=Authority destination=TM
event=send timestamp_ns=1791280844954450934 workflow=ARL_UPDATE run_id=21 node=Authority source=Authority destination=TM
event=send timestamp_ns=1791280846498089945 workflow=ARL_UPDATE run_id=22 node=Authority source=Authority destination=TM
event=send timestamp_ns=1791280848233529800 workflow=ARL_UPDATE run_id=23 node=Authority source=Authority destination=TM
event=send timestamp_ns=1791280849568754809 workflow=ARL_UPDATE run_id=24 node=Authority source=Authority destination=TM
event=send timestamp_ns=1791280851304686135 workflow=ARL_UPDATE run_id=25 node=Authority source=Authority destination=TM
event=send timestamp_ns=1791280852635998984 workflow=ARL_UPDATE run_id=26 node=Authority source=Authority destination=TM
event=send timestamp_ns=1791280854172082756 workflow=ARL_UPDATE run_id=27 node=Authority source=Authority destination=TM
event=send timestamp_ns=1791280855707296952 workflow=ARL_UPDATE run_id=28 node=Authority source=Authority destination=TM
event=send timestamp_ns=1791280857451583507 workflow=ARL_UPDATE run_id=29 node=Authority source=Authority destination=TM
event=send timestamp_ns=1791280858989062563 workflow=ARL_UPDATE run_id=30 node=Authority source=Authority destination=TM
event=send timestamp_ns=1791280860313077550 workflow=ARL_UPDATE run_id=31 node=Authority source=Authority destination=TM
event=send timestamp_ns=1791280862060222914 workflow=ARL_UPDATE run_id=32 node=Authority source=Authority destination=TM
event=send timestamp_ns=1791280863391491224 workflow=ARL_UPDATE run_id=33 node=Authority source=Authority destination=TM
event=send timestamp_ns=1791280864999597662 workflow=ARL_UPDATE run_id=34 node=Authority source=Authority destination=TM
event=send timestamp_ns=1791280866737483589 workflow=ARL_UPDATE run_id=35 node=Authority source=Authority destination=TM
event=send timestamp_ns=1791280868063741976 workflow=ARL_UPDATE run_id=36 node=Authority source=Authority destination=TM
event=send timestamp_ns=1791280869804768548 workflow=ARL_UPDATE run_id=37 node=Authority source=Authority destination=TM
event=send timestamp_ns=1791280871135723322 workflow=ARL_UPDATE run_id=38 node=Authority source=Authority destination=TM
event=send timestamp_ns=1791280872881677407 workflow=ARL_UPDATE run_id=39 node=Authority source=Authority destination=TM
event=send timestamp_ns=1791280874240758555 workflow=ARL_UPDATE run_id=40 node=Authority source=Authority destination=TM
event=send timestamp_ns=1791280875781609719 workflow=ARL_UPDATE run_id=41 node=Authority source=Authority destination=TM
event=send timestamp_ns=1791280877521557819 workflow=ARL_UPDATE run_id=42 node=Authority source=Authority destination=TM
event=send timestamp_ns=1791280878884612269 workflow=ARL_UPDATE run_id=43 node=Authority source=Authority destination=TM
event=send timestamp_ns=1791280880414850708 workflow=ARL_UPDATE run_id=44 node=Authority source=Authority destination=TM
event=send timestamp_ns=1791280881944504158 workflow=ARL_UPDATE run_id=45 node=Authority source=Authority destination=TM
event=send timestamp_ns=1791280883484257381 workflow=ARL_UPDATE run_id=46 node=Authority source=Authority destination=TM
event=send timestamp_ns=1791280885021448493 workflow=ARL_UPDATE run_id=47 node=Authority source=Authority destination=TM
event=send timestamp_ns=1791280886557302176 workflow=ARL_UPDATE run_id=48 node=Authority source=Authority destination=TM
event=send timestamp_ns=1791280888088557776 workflow=ARL_UPDATE run_id=49 node=Authority source=Authority destination=TM
event=send timestamp_ns=1791280889632549713 workflow=ARL_UPDATE run_id=50 node=Authority source=Authority destination=TM
event=send timestamp_ns=1791280891171005507 workflow=ARL_UPDATE run_id=51 node=Authority source=Authority destination=TM
event=send timestamp_ns=1791280892698413014 workflow=ARL_UPDATE run_id=52 node=Authority source=Authority destination=TM
event=send timestamp_ns=1791280894445500922 workflow=ARL_UPDATE run_id=53 node=Authority source=Authority destination=TM
event=send timestamp_ns=1791280895778928334 workflow=ARL_UPDATE run_id=54 node=Authority source=Authority destination=TM
event=send timestamp_ns=1791280897503591854 workflow=ARL_UPDATE run_id=55 node=Authority source=Authority destination=TM
event=send timestamp_ns=1791280898838567715 workflow=ARL_UPDATE run_id=56 node=Authority source=Authority destination=TM
event=send timestamp_ns=1791280900371537339 workflow=ARL_UPDATE run_id=57 node=Authority source=Authority destination=TM
event=send timestamp_ns=1791280901914543769 workflow=ARL_UPDATE run_id=58 node=Authority source=Authority destination=TM
event=send timestamp_ns=1791280903453882519 workflow=ARL_UPDATE run_id=59 node=Authority source=Authority destination=TM
event=send timestamp_ns=1791280904991925310 workflow=ARL_UPDATE run_id=60 node=Authority source=Authority destination=TM
event=send timestamp_ns=1791280906523505971 workflow=ARL_UPDATE run_id=61 node=Authority source=Authority destination=TM
event=send timestamp_ns=1791280908069251446 workflow=ARL_UPDATE run_id=62 node=Authority source=Authority destination=TM
event=send timestamp_ns=1791280909603385525 workflow=ARL_UPDATE run_id=63 node=Authority source=Authority destination=TM
event=send timestamp_ns=1791280911210741763 workflow=ARL_UPDATE run_id=64 node=Authority source=Authority destination=TM
event=send timestamp_ns=1791280912946723433 workflow=ARL_UPDATE run_id=65 node=Authority source=Authority destination=TM
event=send timestamp_ns=1791280914305048669 workflow=ARL_UPDATE run_id=66 node=Authority source=Authority destination=TM
event=send timestamp_ns=1791280915838132832 workflow=ARL_UPDATE run_id=67 node=Authority source=Authority destination=TM
event=send timestamp_ns=1791280917379939801 workflow=ARL_UPDATE run_id=68 node=Authority source=Authority destination=TM
event=send timestamp_ns=1791280919124328652 workflow=ARL_UPDATE run_id=69 node=Authority source=Authority destination=TM
event=send timestamp_ns=1791280920484328007 workflow=ARL_UPDATE run_id=70 node=Authority source=Authority destination=TM
event=send timestamp_ns=1791280923351551917 workflow=KEY_RESPONSE run_id=bench_h3_key_w1 node=Authority source=Authority destination=bench_h3_key_w1
event=receive timestamp_ns=1791280924394685112 workflow=KEY_REQUEST run_id=bench_h3_key_w1 node=Authority source=TM3 destination=TM
event=send timestamp_ns=1791280927157160951 workflow=KEY_RESPONSE run_id=bench_h3_key_w2 node=Authority source=Authority destination=bench_h3_key_w2
event=receive timestamp_ns=1791280928202534946 workflow=KEY_REQUEST run_id=bench_h3_key_w2 node=Authority source=TM3 destination=TM
event=send timestamp_ns=1791280930964078242 workflow=KEY_RESPONSE run_id=bench_h3_key_w3 node=Authority source=Authority destination=bench_h3_key_w3
event=receive timestamp_ns=1791280931978620273 workflow=KEY_REQUEST run_id=bench_h3_key_w3 node=Authority source=TM3 destination=TM
event=send timestamp_ns=1791280936791875886 workflow=KEY_RESPONSE run_id=bench_h3_key_w4 node=Authority source=Authority destination=bench_h3_key_w4
event=receive timestamp_ns=1791280937834682870 workflow=KEY_REQUEST run_id=bench_h3_key_w4 node=Authority source=TM3 destination=TM
event=send timestamp_ns=1791280941627452511 workflow=KEY_RESPONSE run_id=bench_h3_key_w5 node=Authority source=Authority destination=bench_h3_key_w5
event=receive timestamp_ns=1791280942666904784 workflow=KEY_REQUEST run_id=bench_h3_key_w5 node=Authority source=TM3 destination=TM
event=send timestamp_ns=1791280946486561493 workflow=KEY_RESPONSE run_id=bench_h3_key_001 node=Authority source=Authority destination=bench_h3_key_001
event=receive timestamp_ns=1791280947530689186 workflow=KEY_REQUEST run_id=bench_h3_key_001 node=Authority source=TM3 destination=TM
event=send timestamp_ns=1791280950194077590 workflow=KEY_RESPONSE run_id=bench_h3_key_002 node=Authority source=Authority destination=bench_h3_key_002
event=receive timestamp_ns=1791280951210800910 workflow=KEY_REQUEST run_id=bench_h3_key_002 node=Authority source=TM3 destination=TM
event=send timestamp_ns=1791280953877207956 workflow=KEY_RESPONSE run_id=bench_h3_key_003 node=Authority source=Authority destination=bench_h3_key_003
event=receive timestamp_ns=1791280954926779671 workflow=KEY_REQUEST run_id=bench_h3_key_003 node=Authority source=TM3 destination=TM
event=send timestamp_ns=1791280958713280445 workflow=KEY_RESPONSE run_id=bench_h3_key_004 node=Authority source=Authority destination=bench_h3_key_004
event=receive timestamp_ns=1791280959754646418 workflow=KEY_REQUEST run_id=bench_h3_key_004 node=Authority source=TM3 destination=TM
event=send timestamp_ns=1791280962009128866 workflow=KEY_RESPONSE run_id=bench_h3_key_005 node=Authority source=Authority destination=bench_h3_key_005
event=receive timestamp_ns=1791280963050523137 workflow=KEY_REQUEST run_id=bench_h3_key_005 node=Authority source=TM3 destination=TM
event=send timestamp_ns=1791280965301665074 workflow=KEY_RESPONSE run_id=bench_h3_key_006 node=Authority source=Authority destination=bench_h3_key_006
event=receive timestamp_ns=1791280966346773822 workflow=KEY_REQUEST run_id=bench_h3_key_006 node=Authority source=TM3 destination=TM
event=send timestamp_ns=1791280968598577035 workflow=KEY_RESPONSE run_id=bench_h3_key_007 node=Authority source=Authority destination=bench_h3_key_007
event=receive timestamp_ns=1791280969642777335 workflow=KEY_REQUEST run_id=bench_h3_key_007 node=Authority source=TM3 destination=TM
event=send timestamp_ns=1791280973015670220 workflow=KEY_RESPONSE run_id=bench_h3_key_008 node=Authority source=Authority destination=bench_h3_key_008
event=receive timestamp_ns=1791280974058903683 workflow=KEY_REQUEST run_id=bench_h3_key_008 node=Authority source=TM3 destination=TM
event=send timestamp_ns=1791280977431219335 workflow=KEY_RESPONSE run_id=bench_h3_key_009 node=Authority source=Authority destination=bench_h3_key_009
event=receive timestamp_ns=1791280978474651076 workflow=KEY_REQUEST run_id=bench_h3_key_009 node=Authority source=TM3 destination=TM
event=send timestamp_ns=1791280981849064049 workflow=KEY_RESPONSE run_id=bench_h3_key_010 node=Authority source=Authority destination=bench_h3_key_010
event=receive timestamp_ns=1791280982891024075 workflow=KEY_REQUEST run_id=bench_h3_key_010 node=Authority source=TM3 destination=TM
event=send timestamp_ns=1791280985655877488 workflow=KEY_RESPONSE run_id=bench_h3_key_011 node=Authority source=Authority destination=bench_h3_key_011
event=receive timestamp_ns=1791280986702909961 workflow=KEY_REQUEST run_id=bench_h3_key_011 node=Authority source=TM3 destination=TM
event=send timestamp_ns=1791280989464424034 workflow=KEY_RESPONSE run_id=bench_h3_key_012 node=Authority source=Authority destination=bench_h3_key_012
event=receive timestamp_ns=1791280990510916155 workflow=KEY_REQUEST run_id=bench_h3_key_012 node=Authority source=TM3 destination=TM
event=send timestamp_ns=1791280992763309825 workflow=KEY_RESPONSE run_id=bench_h3_key_013 node=Authority source=Authority destination=bench_h3_key_013
event=receive timestamp_ns=1791280993802903670 workflow=KEY_REQUEST run_id=bench_h3_key_013 node=Authority source=TM3 destination=TM
event=send timestamp_ns=1791280997594756562 workflow=KEY_RESPONSE run_id=bench_h3_key_014 node=Authority source=Authority destination=bench_h3_key_014
event=receive timestamp_ns=1791280998634523229 workflow=KEY_REQUEST run_id=bench_h3_key_014 node=Authority source=TM3 destination=TM
event=send timestamp_ns=1791281000886111848 workflow=KEY_RESPONSE run_id=bench_h3_key_015 node=Authority source=Authority destination=bench_h3_key_015
event=receive timestamp_ns=1791281001934550444 workflow=KEY_REQUEST run_id=bench_h3_key_015 node=Authority source=TM3 destination=TM
event=send timestamp_ns=1791281005720899617 workflow=KEY_RESPONSE run_id=bench_h3_key_016 node=Authority source=Authority destination=bench_h3_key_016
event=receive timestamp_ns=1791281006766897440 workflow=KEY_REQUEST run_id=bench_h3_key_016 node=Authority source=TM3 destination=TM
event=send timestamp_ns=1791281009016267005 workflow=KEY_RESPONSE run_id=bench_h3_key_017 node=Authority source=Authority destination=bench_h3_key_017
event=receive timestamp_ns=1791281010059011810 workflow=KEY_REQUEST run_id=bench_h3_key_017 node=Authority source=TM3 destination=TM
event=send timestamp_ns=1791281012312663341 workflow=KEY_RESPONSE run_id=bench_h3_key_018 node=Authority source=Authority destination=bench_h3_key_018
event=receive timestamp_ns=1791281013354677075 workflow=KEY_REQUEST run_id=bench_h3_key_018 node=Authority source=TM3 destination=TM
event=send timestamp_ns=1791281015607017686 workflow=KEY_RESPONSE run_id=bench_h3_key_019 node=Authority source=Authority destination=bench_h3_key_019
event=receive timestamp_ns=1791281016650855769 workflow=KEY_REQUEST run_id=bench_h3_key_019 node=Authority source=TM3 destination=TM
event=send timestamp_ns=1791281021456280404 workflow=KEY_RESPONSE run_id=bench_h3_key_020 node=Authority source=Authority destination=bench_h3_key_020
event=receive timestamp_ns=1791281022474529299 workflow=KEY_REQUEST run_id=bench_h3_key_020 node=Authority source=TM3 destination=TM
event=send timestamp_ns=1791281026294446877 workflow=KEY_RESPONSE run_id=bench_h3_key_021 node=Authority source=Authority destination=bench_h3_key_021
event=receive timestamp_ns=1791281027338755498 workflow=KEY_REQUEST run_id=bench_h3_key_021 node=Authority source=TM3 destination=TM
event=send timestamp_ns=1791281031122004635 workflow=KEY_RESPONSE run_id=bench_h3_key_022 node=Authority source=Authority destination=bench_h3_key_022
event=receive timestamp_ns=1791281032139107107 workflow=KEY_REQUEST run_id=bench_h3_key_022 node=Authority source=TM3 destination=TM
event=send timestamp_ns=1791281034807953863 workflow=KEY_RESPONSE run_id=bench_h3_key_023 node=Authority source=Authority destination=bench_h3_key_023
event=receive timestamp_ns=1791281035850877773 workflow=KEY_REQUEST run_id=bench_h3_key_023 node=Authority source=TM3 destination=TM
event=send timestamp_ns=1791281038104057639 workflow=KEY_RESPONSE run_id=bench_h3_key_024 node=Authority source=Authority destination=bench_h3_key_024
event=receive timestamp_ns=1791281039150833816 workflow=KEY_REQUEST run_id=bench_h3_key_024 node=Authority source=TM3 destination=TM
event=send timestamp_ns=1791281041401648124 workflow=KEY_RESPONSE run_id=bench_h3_key_025 node=Authority source=Authority destination=bench_h3_key_025
event=receive timestamp_ns=1791281042442627140 workflow=KEY_REQUEST run_id=bench_h3_key_025 node=Authority source=TM3 destination=TM
event=send timestamp_ns=1791281045813745234 workflow=KEY_RESPONSE run_id=bench_h3_key_026 node=Authority source=Authority destination=bench_h3_key_026
event=receive timestamp_ns=1791281046858686390 workflow=KEY_REQUEST run_id=bench_h3_key_026 node=Authority source=TM3 destination=TM
event=send timestamp_ns=1791281050640539931 workflow=KEY_RESPONSE run_id=bench_h3_key_027 node=Authority source=Authority destination=bench_h3_key_027
event=receive timestamp_ns=1791281051658499662 workflow=KEY_REQUEST run_id=bench_h3_key_027 node=Authority source=TM3 destination=TM
event=send timestamp_ns=1791281053297052222 workflow=KEY_RESPONSE run_id=bench_h3_key_028 node=Authority source=Authority destination=bench_h3_key_028
event=receive timestamp_ns=1791281054314667221 workflow=KEY_REQUEST run_id=bench_h3_key_028 node=Authority source=TM3 destination=TM
event=send timestamp_ns=1791281055953971439 workflow=KEY_RESPONSE run_id=bench_h3_key_029 node=Authority source=Authority destination=bench_h3_key_029
event=receive timestamp_ns=1791281056970842548 workflow=KEY_REQUEST run_id=bench_h3_key_029 node=Authority source=TM3 destination=TM
event=send timestamp_ns=1791281058611566003 workflow=KEY_RESPONSE run_id=bench_h3_key_030 node=Authority source=Authority destination=bench_h3_key_030
