event=receive timestamp_ns=1791280755306760860 workflow=KEY_REQUEST run_id=bench_h3_setup node=U1 source=TM3 destination=TM
event=receive timestamp_ns=1791280759314778662 workflow=CT_SHARE run_id=1 node=U1 source=TM3 destination=TM
event=receive timestamp_ns=1791280760886186122 workflow=CT_SHARE run_id=2 node=U1 source=TM3 destination=TM
event=receive timestamp_ns=1791280762453421988 workflow=CT_SHARE run_id=3 node=U1 source=TM3 destination=TM
event=receive timestamp_ns=1791280764024661582 workflow=CT_SHARE run_id=4 node=U1 source=TM3 destination=TM
event=receive timestamp_ns=1791280765591000526 workflow=CT_SHARE run_id=5 node=U1 source=TM3 destination=TM
event=receive timestamp_ns=1791280767162536398 workflow=CT_SHARE run_id=6 node=U1 source=TM3 destination=TM
event=receive timestamp_ns=1791280768725555730 workflow=CT_SHARE run_id=7 node=U1 source=TM3 destination=TM
event=receive timestamp_ns=1791280770295504700 workflow=CT_SHARE run_id=8 node=U1 source=TM3 destination=TM
event=receive timestamp_ns=1791280771832338812 workflow=CT_SHARE run_id=9 node=U1 source=TM3 destination=TM
event=receive timestamp_ns=1791280773402940622 workflow=CT_SHARE run_id=10 node=U1 source=TM3 destination=TM
event=receive timestamp_ns=1791280774967803857 workflow=CT_SHARE run_id=11 node=U1 source=TM3 destination=TM
event=receive timestamp_ns=1791280776538117259 workflow=CT_SHARE run_id=12 node=U1 source=TM3 destination=TM
event=receive timestamp_ns=1791280778105394636 workflow=CT_SHARE run_id=13 node=U1 source=TM3 destination=TM
event=receive timestamp_ns=1791280779673419870 workflow=CT_SHARE run_id=14 node=U1 source=TM3 destination=TM
event=receive timestamp_ns=1791280781239094892 workflow=CT_SHARE run_id=15 node=U1 source=TM3 destination=TM
event=receive timestamp_ns=1791280782805985004 workflow=CT_SHARE run_id=16 node=U1 source=TM3 destination=TM
event=receive timestamp_ns=1791280784373799348 workflow=CT_SHARE run_id=17 node=U1 source=TM3 destination=TM
event=receive timestamp_ns=1791280785943307654 workflow=CT_SHARE run_id=18 node=U1 source=TM3 destination=TM
event=receive timestamp_ns=1791280787514878108 workflow=CT_SHARE run_id=19 node=U1 source=TM3 destination=TM
event=receive timestamp_ns=1791280789082317096 workflow=CT_SHARE run_id=20 node=U1 source=TM3 destination=TM
event=receive timestamp_ns=1791280790644167993 workflow=CT_SHARE run_id=21 node=U1 source=TM3 destination=TM
event=receive timestamp_ns=1791280792215280514 workflow=CT_SHARE run_id=22 node=U1 source=TM3 destination=TM
event=receive timestamp_ns=1791280793779807048 workflow=CT_SHARE run_id=23 node=U1 source=TM3 destination=TM
event=receive timestamp_ns=1791280795315547382 workflow=CT_SHARE run_id=24 node=U1 source=TM3 destination=TM
event=receive timestamp_ns=1791280796952001897 workflow=CT_SHARE run_id=25 node=U1 source=TM3 destination=TM
event=receive timestamp_ns=1791280798518957545 workflow=CT_SHARE run_id=26 node=U1 source=TM3 destination=TM
event=receive timestamp_ns=1791280800082401830 workflow=CT_SHARE run_id=27 node=U1 source=TM3 destination=TM
event=receive timestamp_ns=1791280801657057213 workflow=CT_SHARE run_id=28 node=U1 source=TM3 destination=TM
event=receive timestamp_ns=1791280803192231439 workflow=CT_SHARE run_id=29 node=U1 source=TM3 destination=TM
event=receive timestamp_ns=1791280804761551693 workflow=CT_SHARE run_id=30 node=U1 source=TM3 destination=TM
event=receive timestamp_ns=1791280806327605008 workflow=CT_SHARE run_id=31 node=U1 source=TM3 destination=TM
event=receive timestamp_ns=1791280807893156769 workflow=CT_SHARE run_id=32 node=U1 source=TM3 destination=TM
event=receive timestamp_ns=1791280809463007927 workflow=CT_SHARE run_id=33 node=U1 source=TM3 destination=TM
event=receive timestamp_ns=1791280811027777962 workflow=CT_SHARE run_id=34 node=U1 source=TM3 destination=TM
event=receive timestamp_ns=1791280812598943450 workflow=CT_SHARE run_id=35 node=U1 source=TM3 destination=TM
event=receive timestamp_ns=1791280814966268558 workflow=ARL_UPDATE run_id=1 node=U1 source=Authority destination=TM
event=receive timestamp_ns=1791280816502719772 workflow=ARL_UPDATE run_id=2 node=U1 source=Authority destination=TM
event=receive timestamp_ns=1791280818036561726 workflow=ARL_UPDATE run_id=3 node=U1 source=Authority destination=TM
event=receive timestamp_ns=1791280819573005219 workflow=ARL_UPDATE run_id=4 node=U1 source=Authority destination=TM
event=receive timestamp_ns=1791280821141384125 workflow=ARL_UPDATE run_id=5 node=U1 source=Authority destination=TM
event=receive timestamp_ns=1791280822638493846 workflow=ARL_UPDATE run_id=6 node=U1 source=Authority destination=TM
event=receive timestamp_ns=1791280824181323616 workflow=ARL_UPDATE run_id=7 node=U1 source=Authority destination=TM
event=receive timestamp_ns=1791280825715258804 workflow=ARL_UPDATE run_id=8 node=U1 source=Authority destination=TM
event=receive timestamp_ns=1791280827253068535 workflow=ARL_UPDATE run_id=9 node=U1 source=Authority destination=TM
event=receive timestamp_ns=1791280828789261901 workflow=ARL_UPDATE run_id=10 node=U1 source=Authority destination=TM
event=receive timestamp_ns=1791280830330042864 workflow=ARL_UPDATE run_id=11 node=U1 source=Authority destination=TM
event=receive timestamp_ns=1791280831862007098 workflow=ARL_UPDATE run_id=12 node=U1 source=Authority destination=TM
event=receive timestamp_ns=1791280833397855918 workflow=ARL_UPDATE run_id=13 node=U1 source=Authority destination=TM
event=receive timestamp_ns=1791280834963540035 workflow=ARL_UPDATE run_id=14 node=U1 source=Authority destination=TM
event=receive timestamp_ns=1791280836563745254 workflow=ARL_UPDATE run_id=15 node=U1 source=Authority destination=TM
event=receive timestamp_ns=1791280838132439925 workflow=ARL_UPDATE run_id=16 node=U1 source=Authority destination=TM
event=receive timestamp_ns=1791280839635010387 workflow=ARL_UPDATE run_id=17 node=U1 source=Authority destination=TM
event=receive timestamp_ns=1791280841171863089 workflow=ARL_UPDATE run_id=18 node=U1 source=Authority destination=TM
event=receive timestamp_ns=1791280842705982663 workflow=ARL_UPDATE run_id=19 node=U1 source=Authority destination=TM
event=receive timestamp_ns=1791280844244567418 workflow=ARL_UPDATE run_id=20 node=U1 source=Authority destination=TM
event=receive timestamp_ns=1791280845783137714 workflow=ARL_UPDATE run_id=21 node=U1 source=Authority destination=TM
event=receive timestamp_ns=1791280847316452160 workflow=ARL_UPDATE run_id=22 node=U1 source=Authority destination=TM
event=receive timestamp_ns=1791280848855701226 workflow=ARL_UPDATE run_id=23 node=U1 source=Authority destination=TM
event=receive timestamp_ns=1791280850382755903 workflow=ARL_UPDATE run_id=24 node=U1 source=Authority destination=TM
event=receive timestamp_ns=1791280851923609118 workflow=ARL_UPDATE run_id=25 node=U1 source=Authority destination=TM
event=receive timestamp_ns=1791280853460626574 workflow=ARL_UPDATE run_id=26 node=U1 source=Authority destination=TM
event=receive timestamp_ns=1791280854996999995 workflow=ARL_UPDATE run_id=27 node=U1 source=Authority destination=TM
event=receive timestamp_ns=1791280856529437168 workflow=ARL_UPDATE run_id=28 node=U1 source=Authority destination=TM
event=receive timestamp_ns=1791280858068129668 workflow=ARL_UPDATE run_id=29 node=U1 source=Authority destination=TM
event=receive timestamp_ns=1791280859605074252 workflow=ARL_UPDATE run_id=30 node=U1 source=Authority destination=TM
event=receive timestamp_ns=1791280861140313855 workflow=ARL_UPDATE run_id=31 node=U1 source=Authority destination=TM
event=receive timestamp_ns=1791280862673660581 workflow=ARL_UPDATE run_id=32 node=U1 source=Authority destination=TM
event=receive timestamp_ns=1791280864214851728 workflow=ARL_UPDATE run_id=33 node=U1 source=Authority destination=TM
event=receive timestamp_ns=1791280865846887048 workflow=ARL_UPDATE run_id=34 node=U1 source=Authority destination=TM
event=receive timestamp_ns=1791280867378704474 workflow=ARL_UPDATE run_id=35 node=U1 source=Authority destination=TM
event=receive timestamp_ns=1791280868887576233 workflow=ARL_UPDATE run_id=36 node=U1 source=Authority destination=TM
event=receive timestamp_ns=1791280870420573705 workflow=ARL_UPDATE run_id=37 node=U1 source=Authority destination=TM
event=receive timestamp_ns=1791280871959888854 workflow=ARL_UPDATE run_id=38 node=U1 source=Authority destination=TM
event=receive timestamp_ns=1791280873493382899 workflow=ARL_UPDATE run_id=39 node=U1 source=Authority destination=TM
event=receive timestamp_ns=1791280875067347821 workflow=ARL_UPDATE run_id=40 node=U1 source=Authority destination=TM
event=receive timestamp_ns=1791280876596291480 workflow=ARL_UPDATE run_id=41 node=U1 source=Authority destination=TM
event=receive timestamp_ns=1791280878135054570 workflow=ARL_UPDATE run_id=42 node=U1 source=Authority destination=TM
event=receive timestamp_ns=1791280879704563226 workflow=ARL_UPDATE run_id=43 node=U1 source=Authority destination=TM
event=receive timestamp_ns=1791280881236228418 workflow=ARL_UPDATE run_id=44 node=U1 source=Authority destination=TM
event=receive timestamp_ns=1791280882771834409 workflow=ARL_UPDATE run_id=45 node=U1 source=Authority destination=TM
event=receive timestamp_ns=1791280884307970338 workflow=ARL_UPDATE run_id=46 node=U1 source=Authority destination=TM
event=receive timestamp_ns=1791280885846248399 workflow=ARL_UPDATE run_id=47 node=U1 source=Authority destination=TM
event=receive timestamp_ns=1791280887380687929 workflow=ARL_UPDATE run_id=48 node=U1 source=Authority destination=TM
event=receive timestamp_ns=1791280888920614037 workflow=ARL_UPDATE run_id=49 node=U1 source=Authority destination=TM
event=receive timestamp_ns=1791280890454787823 workflow=ARL_UPDATE run_id=50 node=U1 source=Authority destination=TM
event=receive timestamp_ns=1791280891992912370 workflow=ARL_UPDATE run_id=51 node=U1 source=Authority destination=TM
event=receive timestamp_ns=1791280893530053892 workflow=ARL_UPDATE run_id=52 node=U1 source=Authority destination=TM
event=receive timestamp_ns=1791280895063099760 workflow=ARL_UPDATE run_id=53 node=U1 source=Authority destination=TM
event=receive timestamp_ns=1791280896595949788 workflow=ARL_UPDATE run_id=54 node=U1 source=Authority destination=TM
event=receive timestamp_ns=1791280898129613551 workflow=ARL_UPDATE run_id=55 node=U1 source=Authority destination=TM
event=receive timestamp_ns=1791280899667661249 workflow=ARL_UPDATE run_id=56 node=U1 source=Authority destination=TM
event=receive timestamp_ns=1791280901198203757 workflow=ARL_UPDATE run_id=57 node=U1 source=Authority destination=TM
event=receive timestamp_ns=1791280902739162574 workflow=ARL_UPDATE run_id=58 node=U1 source=Authority destination=TM
event=receive timestamp_ns=1791280904278547591 workflow=ARL_UPDATE run_id=59 node=U1 source=Authority destination=TM
event=receive timestamp_ns=1791280905812067450 workflow=ARL_UPDATE run_id=60 node=U1 source=Authority destination=TM
event=receive timestamp_ns=1791280907350948722 workflow=ARL_UPDATE run_id=61 node=U1 source=Authority destination=TM
event=receive timestamp_ns=1791280908885588947 workflow=ARL_UPDATE run_id=62 node=U1 source=Authority destination=TM
event=receive timestamp_ns=1791280910423378333 workflow=ARL_UPDATE run_id=63 node=U1 source=Authority destination=TM
event=receive timestamp_ns=1791280912024300235 workflow=ARL_UPDATE run_id=64 node=U1 source=Authority destination=TM
event=receive timestamp_ns=1791280913589517689 workflow=ARL_UPDATE run_id=65 node=U1 source=Authority destination=TM
event=receive timestamp_ns=1791280915122982526 workflow=ARL_UPDATE run_id=66 node=U1 source=Authority destination=TM
event=receive timestamp_ns=1791280916661848450 workflow=ARL_UPDATE run_id=67 node=U1 source=Authority destination=TM
event=receive timestamp_ns=1791280918229837786 workflow=ARL_UPDATE run_id=68 node=U1 source=Authority destination=TM
event=receive timestamp_ns=1791280919759659725 workflow=ARL_UPDATE run_id=69 node=U1 source=Authority destination=TM
event=receive timestamp_ns=1791280921301101840 workflow=ARL_UPDATE run_id=70 node=U1 source=Authority destination=TM
event=receive timestamp_ns=1791280923978724446 workflow=KEY_REQUEST run_id=bench_h3_key_w1 node=U1 source=TM3 destination=TM
event=receive timestamp_ns=1791280927758728856 workflow=KEY_REQUEST run_id=bench_h3_key_w2 node=U1 source=TM3 destination=TM
event=receive timestamp_ns=1791280930351279929 workflow=KEY_REQUEST run_id=bench_h3_key_w3 node=U1 source=TM3 destination=TM
event=receive timestamp_ns=1791280936686851784 workflow=KEY_REQUEST run_id=bench_h3_key_w4 node=U1 source=TM3 destination=TM
event=receive timestamp_ns=1791280941515342895 workflow=KEY_REQUEST run_id=bench_h3_key_w5 node=U1 source=TM3 destination=TM
event=receive timestamp_ns=1791280946379035151 workflow=KEY_REQUEST run_id=bench_h3_key_001 node=U1 source=TM3 destination=TM
event=receive timestamp_ns=1791280950090801242 workflow=KEY_REQUEST run_id=bench_h3_key_002 node=U1 source=TM3 destination=TM
event=receive timestamp_ns=1791280953259017641 workflow=KEY_REQUEST run_id=bench_h3_key_003 node=U1 source=TM3 destination=TM
event=receive timestamp_ns=1791280958094871307 workflow=KEY_REQUEST run_id=bench_h3_key_004 node=U1 source=TM3 destination=TM
event=receive timestamp_ns=1791280961866752759 workflow=KEY_REQUEST run_id=bench_h3_key_005 node=U1 source=TM3 destination=TM
event=receive timestamp_ns=1791280964618938011 workflow=KEY_REQUEST run_id=bench_h3_key_006 node=U1 source=TM3 destination=TM
event=receive timestamp_ns=1791280968394940849 workflow=KEY_REQUEST run_id=bench_h3_key_007 node=U1 source=TM3 destination=TM
event=receive timestamp_ns=1791280972298814901 workflow=KEY_REQUEST run_id=bench_h3_key_008 node=U1 source=TM3 destination=TM
event=receive timestamp_ns=1791280976746817987 workflow=KEY_REQUEST run_id=bench_h3_key_009 node=U1 source=TM3 destination=TM
event=receive timestamp_ns=1791280981643036453 workflow=KEY_REQUEST run_id=bench_h3_key_010 node=U1 source=TM3 destination=TM
event=receive timestamp_ns=1791280985547180807 workflow=KEY_REQUEST run_id=bench_h3_key_011 node=U1 source=TM3 destination=TM
event=receive timestamp_ns=1791280989355081830 workflow=KEY_REQUEST run_id=bench_h3_key_012 node=U1 source=TM3 destination=TM
event=receive timestamp_ns=1791280992139008962 workflow=KEY_REQUEST run_id=bench_h3_key_013 node=U1 source=TM3 destination=TM
event=receive timestamp_ns=1791280997483184622 workflow=KEY_REQUEST run_id=bench_h3_key_014 node=U1 source=TM3 destination=TM
event=receive timestamp_ns=1791281000266887844 workflow=KEY_REQUEST run_id=bench_h3_key_015 node=U1 source=TM3 destination=TM
event=receive timestamp_ns=1791281005611073416 workflow=KEY_REQUEST run_id=bench_h3_key_016 node=U1 source=TM3 destination=TM
event=receive timestamp_ns=1791281008394725176 workflow=KEY_REQUEST run_id=bench_h3_key_017 node=U1 source=TM3 destination=TM
event=receive timestamp_ns=1791281012203102576 workflow=KEY_REQUEST run_id=bench_h3_key_018 node=U1 source=TM3 destination=TM
event=receive timestamp_ns=1791281014986723718 workflow=KEY_REQUEST run_id=bench_h3_key_019 node=U1 source=TM3 destination=TM
event=receive timestamp_ns=1791281020874708930 workflow=KEY_REQUEST run_id=bench_h3_key_020 node=U1 source=TM3 destination=TM
event=receive timestamp_ns=1791281025674827730 workflow=KEY_REQUEST run_id=bench_h3_key_021 node=U1 source=TM3 destination=TM
event=receive timestamp_ns=1791281030507387735 workflow=KEY_REQUEST run_id=bench_h3_key_022 node=U1 source=TM3 destination=TM
event=receive timestamp_ns=1791281034186769613 workflow=KEY_REQUEST run_id=bench_h3_key_023 node=U1 source=TM3 destination=TM
event=receive timestamp_ns=1791281037995154935 workflow=KEY_REQUEST run_id=bench_h3_key_024 node=U1 source=TM3 destination=TM
event=receive timestamp_ns=1791281041290985984 workflow=KEY_REQUEST run_id=bench_h3_key_025 node=U1 source=TM3 destination=TM
event=receive timestamp_ns=1791281045130716330 workflow=KEY_REQUEST run_id=bench_h3_key_026 node=U1 source=TM3 destination=TM
event=receive timestamp_ns=1791281051754537464 workflow=KEY_REQUEST run_id=bench_h3_key_027 node=U1 source=TM3 destination=TM
event=receive timestamp_ns=1791281053194676109 workflow=KEY_REQUEST run_id=bench_h3_key_028 node=U1 source=TM3 destination=TM
event=receive timestamp_ns=1791281057066577109 workflow=KEY_REQUEST run_id=bench_h3_key_029 node=U1 source=TM3 destination=TM
event=receive timestamp_ns=1791281058506925017 workflow=KEY_REQUEST run_id=bench_h3_key_030 node=U1 source=TM3 destination=TM
