event=receive timestamp_ns=1791280755210802799 workflow=KEY_REQUEST run_id=bench_h3_setup node=U2 source=TM3 destination=TM
event=receive timestamp_ns=1791280759222185910 workflow=CT_SHARE run_id=1 node=U2 source=TM3 destination=TM
event=receive timestamp_ns=1791280760787399407 workflow=CT_SHARE run_id=2 node=U2 source=TM3 destination=TM
event=receive timestamp_ns=1791280762359628912 workflow=CT_SHARE run_id=3 node=U2 source=TM3 destination=TM
event=receive timestamp_ns=1791280763922784488 workflow=CT_SHARE run_id=4 node=U2 source=TM3 destination=TM
event=receive timestamp_ns=1791280765493516159 workflow=CT_SHARE run_id=5 node=U2 source=TM3 destination=TM
event=receive timestamp_ns=1791280767064824234 workflow=CT_SHARE run_id=6 node=U2 source=TM3 destination=TM
event=receive timestamp_ns=1791280768635531292 workflow=CT_SHARE run_id=7 node=U2 source=TM3 destination=TM
event=receive timestamp_ns=1791280770193828333 workflow=CT_SHARE run_id=8 node=U2 source=TM3 destination=TM
event=receive timestamp_ns=1791280771770209836 workflow=CT_SHARE run_id=9 node=U2 source=TM3 destination=TM
event=receive timestamp_ns=1791280773307644180 workflow=CT_SHARE run_id=10 node=U2 source=TM3 destination=TM
event=receive timestamp_ns=1791280774869825929 workflow=CT_SHARE run_id=11 node=U2 source=TM3 destination=TM
event=receive timestamp_ns=1791280776439166246 workflow=CT_SHARE run_id=12 node=U2 source=TM3 destination=TM
event=receive timestamp_ns=1791280778006074889 workflow=CT_SHARE run_id=13 node=U2 source=TM3 destination=TM
event=receive timestamp_ns=1791280779576947037 workflow=CT_SHARE run_id=14 node=U2 source=TM3 destination=TM
event=receive timestamp_ns=1791280781144878274 workflow=CT_SHARE run_id=15 node=U2 source=TM3 destination=TM
event=receive timestamp_ns=1791280782710348830 workflow=CT_SHARE run_id=16 node=U2 source=TM3 destination=TM
event=receive timestamp_ns=1791280784281515089 workflow=CT_SHARE run_id=17 node=U2 source=TM3 destination=TM
event=receive timestamp_ns=1791280785850895329 workflow=CT_SHARE run_id=18 node=U2 source=TM3 destination=TM
event=receive timestamp_ns=1791280787419663091 workflow=CT_SHARE run_id=19 node=U2 source=TM3 destination=TM
event=receive timestamp_ns=1791280788988939743 workflow=CT_SHARE run_id=20 node=U2 source=TM3 destination=TM
event=receive timestamp_ns=1791280790554468182 workflow=CT_SHARE run_id=21 node=U2 source=TM3 destination=TM
event=receive timestamp_ns=1791280792119461804 workflow=CT_SHARE run_id=22 node=U2 source=TM3 destination=TM
event=receive timestamp_ns=1791280793681446784 workflow=CT_SHARE run_id=23 node=U2 source=TM3 destination=TM
event=receive timestamp_ns=1791280795222720315 workflow=CT_SHARE run_id=24 node=U2 source=TM3 destination=TM
event=receive timestamp_ns=1791280796855551045 workflow=CT_SHARE run_id=25 node=U2 source=TM3 destination=TM
event=receive timestamp_ns=1791280798425845042 workflow=CT_SHARE run_id=26 node=U2 source=TM3 destination=TM
event=receive timestamp_ns=1791280799966853526 workflow=CT_SHARE run_id=27 node=U2 source=TM3 destination=TM
event=receive timestamp_ns=1791280801558065723 workflow=CT_SHARE run_id=28 node=U2 source=TM3 destination=TM
event=receive timestamp_ns=1791280803091961368 workflow=CT_SHARE run_id=29 node=U2 source=TM3 destination=TM
event=receive timestamp_ns=1791280804665668302 workflow=CT_SHARE run_id=30 node=U2 source=TM3 destination=TM
event=receive timestamp_ns=1791280806230048012 workflow=CT_SHARE run_id=31 node=U2 source=TM3 destination=TM
event=receive timestamp_ns=1791280807798753157 workflow=CT_SHARE run_id=32 node=U2 source=TM3 destination=TM
event=receive timestamp_ns=1791280809374298069 workflow=CT_SHARE run_id=33 node=U2 source=TM3 destination=TM
event=receive timestamp_ns=1791280810931209882 workflow=CT_SHARE run_id=34 node=U2 source=TM3 destination=TM
event=receive timestamp_ns=1791280812504597607 workflow=CT_SHARE run_id=35 node=U2 source=TM3 destination=TM
event=receive timestamp_ns=1791280815061362446 workflow=ARL_UPDATE run_id=1 node=U2 source=Authority destination=TM
event=receive timestamp_ns=1791280816596816844 workflow=ARL_UPDATE run_id=2 node=U2 source=Authority destination=TM
event=receive timestamp_ns=1791280818131991971 workflow=ARL_UPDATE run_id=3 node=U2 source=Authority destination=TM
event=receive timestamp_ns=1791280819667922146 workflow=ARL_UPDATE run_id=4 node=U2 source=Authority destination=TM
event=receive timestamp_ns=1791280821230661267 workflow=ARL_UPDATE run_id=5 node=U2 source=Authority destination=TM
event=receive timestamp_ns=1791280822740121895 workflow=ARL_UPDATE run_id=6 node=U2 source=Authority destination=TM
event=receive timestamp_ns=1791280824274433562 workflow=ARL_UPDATE run_id=7 node=U2 source=Authority destination=TM
event=receive timestamp_ns=1791280825811865992 workflow=ARL_UPDATE run_id=8 node=U2 source=Authority destination=TM
event=receive timestamp_ns=1791280827350647482 workflow=ARL_UPDATE run_id=9 node=U2 source=Authority destination=TM
event=receive timestamp_ns=1791280828887723671 workflow=ARL_UPDATE run_id=10 node=U2 source=Authority destination=TM
event=receive timestamp_ns=1791280830420352825 workflow=ARL_UPDATE run_id=11 node=U2 source=Authority destination=TM
event=receive timestamp_ns=1791280831956104607 workflow=ARL_UPDATE run_id=12 node=U2 source=Authority destination=TM
event=receive timestamp_ns=1791280833492535716 workflow=ARL_UPDATE run_id=13 node=U2 source=Authority destination=TM
event=receive timestamp_ns=1791280835058583228 workflow=ARL_UPDATE run_id=14 node=U2 source=Authority destination=TM
event=receive timestamp_ns=1791280836659270654 workflow=ARL_UPDATE run_id=15 node=U2 source=Authority destination=TM
event=receive timestamp_ns=1791280838227867132 workflow=ARL_UPDATE run_id=16 node=U2 source=Authority destination=TM
event=receive timestamp_ns=1791280839737086952 workflow=ARL_UPDATE run_id=17 node=U2 source=Authority destination=TM
event=receive timestamp_ns=1791280841299064629 workflow=ARL_UPDATE run_id=18 node=U2 source=Authority destination=TM
event=receive timestamp_ns=1791280842804030471 workflow=ARL_UPDATE run_id=19 node=U2 source=Authority destination=TM
event=receive timestamp_ns=1791280844344939018 workflow=ARL_UPDATE run_id=20 node=U2 source=Authority destination=TM
event=receive timestamp_ns=1791280845875451350 workflow=ARL_UPDATE run_id=21 node=U2 source=Authority destination=TM
event=receive timestamp_ns=1791280847442640944 workflow=ARL_UPDATE run_id=22 node=U2 source=Authority destination=TM
event=receive timestamp_ns=1791280848948350349 workflow=ARL_UPDATE run_id=23 node=U2 source=Authority destination=TM
event=receive timestamp_ns=1791280850486901940 workflow=ARL_UPDATE run_id=24 node=U2 source=Authority destination=TM
event=receive timestamp_ns=1791280852018936057 workflow=ARL_UPDATE run_id=25 node=U2 source=Authority destination=TM
event=receive timestamp_ns=1791280853553287663 workflow=ARL_UPDATE run_id=26 node=U2 source=Authority destination=TM
event=receive timestamp_ns=1791280855123735845 workflow=ARL_UPDATE run_id=27 node=U2 source=Authority destination=TM
event=receive timestamp_ns=1791280856626659534 workflow=ARL_UPDATE run_id=28 node=U2 source=Authority destination=TM
event=receive timestamp_ns=1791280858192320286 workflow=ARL_UPDATE run_id=29 node=U2 source=Authority destination=TM
event=receive timestamp_ns=1791280859693182632 workflow=ARL_UPDATE run_id=30 node=U2 source=Authority destination=TM
event=receive timestamp_ns=1791280861231446967 workflow=ARL_UPDATE run_id=31 node=U2 source=Authority destination=TM
event=receive timestamp_ns=1791280862769925144 workflow=ARL_UPDATE run_id=32 node=U2 source=Authority destination=TM
event=receive timestamp_ns=1791280864304601054 workflow=ARL_UPDATE run_id=33 node=U2 source=Authority destination=TM
event=receive timestamp_ns=1791280865944521036 workflow=ARL_UPDATE run_id=34 node=U2 source=Authority destination=TM
event=receive timestamp_ns=1791280867477145686 workflow=ARL_UPDATE run_id=35 node=U2 source=Authority destination=TM
event=receive timestamp_ns=1791280869012742502 workflow=ARL_UPDATE run_id=36 node=U2 source=Authority destination=TM
event=receive timestamp_ns=1791280870516786224 workflow=ARL_UPDATE run_id=37 node=U2 source=Authority destination=TM
event=receive timestamp_ns=1791280872089370021 workflow=ARL_UPDATE run_id=38 node=U2 source=Authority destination=TM
event=receive timestamp_ns=1791280873620345639 workflow=ARL_UPDATE run_id=39 node=U2 source=Authority destination=TM
event=receive timestamp_ns=1791280875156108567 workflow=ARL_UPDATE run_id=40 node=U2 source=Authority destination=TM
event=receive timestamp_ns=1791280876696689813 workflow=ARL_UPDATE run_id=41 node=U2 source=Authority destination=TM
event=receive timestamp_ns=1791280878227473605 workflow=ARL_UPDATE run_id=42 node=U2 source=Authority destination=TM
event=receive timestamp_ns=1791280879795845305 workflow=ARL_UPDATE run_id=43 node=U2 source=Authority destination=TM
event=receive timestamp_ns=1791280881329099185 workflow=ARL_UPDATE run_id=44 node=U2 source=Authority destination=TM
event=receive timestamp_ns=1791280882863210008 workflow=ARL_UPDATE run_id=45 node=U2 source=Authority destination=TM
event=receive timestamp_ns=1791280884401447710 workflow=ARL_UPDATE run_id=46 node=U2 source=Authority destination=TM
event=receive timestamp_ns=1791280885937118419 workflow=ARL_UPDATE run_id=47 node=U2 source=Authority destination=TM
event=receive timestamp_ns=1791280887475785300 workflow=ARL_UPDATE run_id=48 node=U2 source=Authority destination=TM
event=receive timestamp_ns=1791280889009822556 workflow=ARL_UPDATE run_id=49 node=U2 source=Authority destination=TM
event=receive timestamp_ns=1791280890551962214 workflow=ARL_UPDATE run_id=50 node=U2 source=Authority destination=TM
event=receive timestamp_ns=1791280892081625729 workflow=ARL_UPDATE run_id=51 node=U2 source=Authority destination=TM
event=receive timestamp_ns=1791280893624470567 workflow=ARL_UPDATE run_id=52 node=U2 source=Authority destination=TM
event=receive timestamp_ns=1791280895157183162 workflow=ARL_UPDATE run_id=53 node=U2 source=Authority destination=TM
event=receive timestamp_ns=1791280896688740150 workflow=ARL_UPDATE run_id=54 node=U2 source=Authority destination=TM
event=receive timestamp_ns=1791280898224506812 workflow=ARL_UPDATE run_id=55 node=U2 source=Authority destination=TM
event=receive timestamp_ns=1791280899758227193 workflow=ARL_UPDATE run_id=56 node=U2 source=Authority destination=TM
event=receive timestamp_ns=1791280901293694206 workflow=ARL_UPDATE run_id=57 node=U2 source=Authority destination=TM
event=receive timestamp_ns=1791280902834685220 workflow=ARL_UPDATE run_id=58 node=U2 source=Authority destination=TM
event=receive timestamp_ns=1791280904369802269 workflow=ARL_UPDATE run_id=59 node=U2 source=Authority destination=TM
event=receive timestamp_ns=1791280905904826934 workflow=ARL_UPDATE run_id=60 node=U2 source=Authority destination=TM
event=receive timestamp_ns=1791280907441906013 workflow=ARL_UPDATE run_id=61 node=U2 source=Authority destination=TM
event=receive timestamp_ns=1791280908980920106 workflow=ARL_UPDATE run_id=62 node=U2 source=Authority destination=TM
event=receive timestamp_ns=1791280910548750738 workflow=ARL_UPDATE run_id=63 node=U2 source=Authority destination=TM
event=receive timestamp_ns=1791280912115654749 workflow=ARL_UPDATE run_id=64 node=U2 source=Authority destination=TM
event=receive timestamp_ns=1791280913684499846 workflow=ARL_UPDATE run_id=65 node=U2 source=Authority destination=TM
event=receive timestamp_ns=1791280915218972894 workflow=ARL_UPDATE run_id=66 node=U2 source=Authority destination=TM
event=receive timestamp_ns=1791280916753105467 workflow=ARL_UPDATE run_id=67 node=U2 source=Authority destination=TM
event=receive timestamp_ns=1791280918324216016 workflow=ARL_UPDATE run_id=68 node=U2 source=Authority destination=TM
event=receive timestamp_ns=1791280919861397414 workflow=ARL_UPDATE run_id=69 node=U2 source=Authority destination=TM
event=receive timestamp_ns=1791280921396959172 workflow=ARL_UPDATE run_id=70 node=U2 source=Authority destination=TM
event=receive timestamp_ns=1791280924586732492 workflow=KEY_REQUEST run_id=bench_h3_key_w1 node=U2 source=TM3 destination=TM
event=receive timestamp_ns=1791280926954842016 workflow=KEY_REQUEST run_id=bench_h3_key_w2 node=U2 source=TM3 destination=TM
event=receive timestamp_ns=1791280930762787676 workflow=KEY_REQUEST run_id=bench_h3_key_w3 node=U2 source=TM3 destination=TM
event=receive timestamp_ns=1791280936079161217 workflow=KEY_REQUEST run_id=bench_h3_key_w4 node=U2 source=TM3 destination=TM
event=receive timestamp_ns=1791280940906828287 workflow=KEY_REQUEST run_id=bench_h3_key_w5 node=U2 source=TM3 destination=TM
event=receive timestamp_ns=1791280945770956388 workflow=KEY_REQUEST run_id=bench_h3_key_001 node=U2 source=TM3 destination=TM
event=receive timestamp_ns=1791280949483242957 workflow=KEY_REQUEST run_id=bench_h3_key_002 node=U2 source=TM3 destination=TM
event=receive timestamp_ns=1791280953675264903 workflow=KEY_REQUEST run_id=bench_h3_key_003 node=U2 source=TM3 destination=TM
event=receive timestamp_ns=1791280957995145125 workflow=KEY_REQUEST run_id=bench_h3_key_004 node=U2 source=TM3 destination=TM
event=receive timestamp_ns=1791280961771027007 workflow=KEY_REQUEST run_id=bench_h3_key_005 node=U2 source=TM3 destination=TM
event=receive timestamp_ns=1791280964522625811 workflow=KEY_REQUEST run_id=bench_h3_key_006 node=U2 source=TM3 destination=TM
event=receive timestamp_ns=1791280968298721437 workflow=KEY_REQUEST run_id=bench_h3_key_007 node=U2 source=TM3 destination=TM
event=receive timestamp_ns=1791280972203132517 workflow=KEY_REQUEST run_id=bench_h3_key_008 node=U2 source=TM3 destination=TM
event=receive timestamp_ns=1791280977131026156 workflow=KEY_REQUEST run_id=bench_h3_key_009 node=U2 source=TM3 destination=TM
event=receive timestamp_ns=1791280981035318045 workflow=KEY_REQUEST run_id=bench_h3_key_010 node=U2 source=TM3 destination=TM
event=receive timestamp_ns=1791280986382819201 workflow=KEY_REQUEST run_id=bench_h3_key_011 node=U2 source=TM3 destination=TM
event=receive timestamp_ns=1791280988746851097 workflow=KEY_REQUEST run_id=bench_h3_key_012 node=U2 source=TM3 destination=TM
event=receive timestamp_ns=1791280992554885002 workflow=KEY_REQUEST run_id=bench_h3_key_013 node=U2 source=TM3 destination=TM
event=receive timestamp_ns=1791280997387089402 workflow=KEY_REQUEST run_id=bench_h3_key_014 node=U2 source=TM3 destination=TM
event=receive timestamp_ns=1791281000170720745 workflow=KEY_REQUEST run_id=bench_h3_key_015 node=U2 source=TM3 destination=TM
event=receive timestamp_ns=1791281005515069314 workflow=KEY_REQUEST run_id=bench_h3_key_016 node=U2 source=TM3 destination=TM
event=receive timestamp_ns=1791281008298986727 workflow=KEY_REQUEST run_id=bench_h3_key_017 node=U2 source=TM3 destination=TM
event=receive timestamp_ns=1791281012106987559 workflow=KEY_REQUEST run_id=bench_h3_key_018 node=U2 source=TM3 destination=TM
event=receive timestamp_ns=1791281015402831630 workflow=KEY_REQUEST run_id=bench_h3_key_019 node=U2 source=TM3 destination=TM
event=receive timestamp_ns=1791281021322498299 workflow=KEY_REQUEST run_id=bench_h3_key_020 node=U2 source=TM3 destination=TM
event=receive timestamp_ns=1791281026091185513 workflow=KEY_REQUEST run_id=bench_h3_key_021 node=U2 source=TM3 destination=TM
event=receive timestamp_ns=1791281030922593623 workflow=KEY_REQUEST run_id=bench_h3_key_022 node=U2 source=TM3 destination=TM
event=receive timestamp_ns=1791281034603328806 workflow=KEY_REQUEST run_id=bench_h3_key_023 node=U2 source=TM3 destination=TM
event=receive timestamp_ns=1791281037390700791 workflow=KEY_REQUEST run_id=bench_h3_key_024 node=U2 source=TM3 destination=TM
event=receive timestamp_ns=1791281041194893850 workflow=KEY_REQUEST run_id=bench_h3_key_025 node=U2 source=TM3 destination=TM
event=receive timestamp_ns=1791281045006575162 workflow=KEY_REQUEST run_id=bench_h3_key_026 node=U2 source=TM3 destination=TM
event=receive timestamp_ns=1791281050442712997 workflow=KEY_REQUEST run_id=bench_h3_key_027 node=U2 source=TM3 destination=TM
event=receive timestamp_ns=1791281054511011434 workflow=KEY_REQUEST run_id=bench_h3_key_028 node=U2 source=TM3 destination=TM
event=receive timestamp_ns=1791281055754751994 workflow=KEY_REQUEST run_id=bench_h3_key_029 node=U2 source=TM3 destination=TM
event=receive timestamp_ns=1791281059307119499 workflow=KEY_REQUEST run_id=bench_h3_key_030 node=U2 source=TM3 destination=TM
