event=receive timestamp_ns=1791280755210745635 workflow=KEY_REQUEST run_id=bench_h3_setup node=U4 source=TM3 destination=TM
event=receive timestamp_ns=1791280759703599385 workflow=CT_SHARE run_id=1 node=U4 source=TM3 destination=TM
event=receive timestamp_ns=1791280761302289375 workflow=CT_SHARE run_id=2 node=U4 source=TM3 destination=TM
event=receive timestamp_ns=1791280762869686988 workflow=CT_SHARE run_id=3 node=U4 source=TM3 destination=TM
event=receive timestamp_ns=1791280764440563245 workflow=CT_SHARE run_id=4 node=U4 source=TM3 destination=TM
event=receive timestamp_ns=1791280766007077868 workflow=CT_SHARE run_id=5 node=U4 source=TM3 destination=TM
event=receive timestamp_ns=1791280767577057897 workflow=CT_SHARE run_id=6 node=U4 source=TM3 destination=TM
event=receive timestamp_ns=1791280769142053611 workflow=CT_SHARE run_id=7 node=U4 source=TM3 destination=TM
event=receive timestamp_ns=1791280770709840363 workflow=CT_SHARE run_id=8 node=U4 source=TM3 destination=TM
event=receive timestamp_ns=1791280772278853010 workflow=CT_SHARE run_id=9 node=U4 source=TM3 destination=TM
event=receive timestamp_ns=1791280773813951698 workflow=CT_SHARE run_id=10 node=U4 source=TM3 destination=TM
event=receive timestamp_ns=1791280775381877841 workflow=CT_SHARE run_id=11 node=U4 source=TM3 destination=TM
event=receive timestamp_ns=1791280776952281845 workflow=CT_SHARE run_id=12 node=U4 source=TM3 destination=TM
event=receive timestamp_ns=1791280778519642705 workflow=CT_SHARE run_id=13 node=U4 source=TM3 destination=TM
event=receive timestamp_ns=1791280780096181943 workflow=CT_SHARE run_id=14 node=U4 source=TM3 destination=TM
event=receive timestamp_ns=1791280781663108147 workflow=CT_SHARE run_id=15 node=U4 source=TM3 destination=TM
event=receive timestamp_ns=1791280783223331361 workflow=CT_SHARE run_id=16 node=U4 source=TM3 destination=TM
event=receive timestamp_ns=1791280784793785373 workflow=CT_SHARE run_id=17 node=U4 source=TM3 destination=TM
event=receive timestamp_ns=1791280786353808520 workflow=CT_SHARE run_id=18 node=U4 source=TM3 destination=TM
event=receive timestamp_ns=1791280787927051346 workflow=CT_SHARE run_id=19 node=U4 source=TM3 destination=TM
event=receive timestamp_ns=1791280789498842838 workflow=CT_SHARE run_id=20 node=U4 source=TM3 destination=TM
event=receive timestamp_ns=1791280791058976969 workflow=CT_SHARE run_id=21 node=U4 source=TM3 destination=TM
event=receive timestamp_ns=1791280792635348775 workflow=CT_SHARE run_id=22 node=U4 source=TM3 destination=TM
event=receive timestamp_ns=1791280794198853965 workflow=CT_SHARE run_id=23 node=U4 source=TM3 destination=TM
event=receive timestamp_ns=1791280795735285977 workflow=CT_SHARE run_id=24 node=U4 source=TM3 destination=TM
event=receive timestamp_ns=1791280797366918630 workflow=CT_SHARE run_id=25 node=U4 source=TM3 destination=TM
event=receive timestamp_ns=1791280798929451910 workflow=CT_SHARE run_id=26 node=U4 source=TM3 destination=TM
event=receive timestamp_ns=1791280800504665413 workflow=CT_SHARE run_id=27 node=U4 source=TM3 destination=TM
event=receive timestamp_ns=1791280802068785668 workflow=CT_SHARE run_id=28 node=U4 source=TM3 destination=TM
event=receive timestamp_ns=1791280803605332856 workflow=CT_SHARE run_id=29 node=U4 source=TM3 destination=TM
event=receive timestamp_ns=1791280805178729617 workflow=CT_SHARE run_id=30 node=U4 source=TM3 destination=TM
event=receive timestamp_ns=1791280806741092524 workflow=CT_SHARE run_id=31 node=U4 source=TM3 destination=TM
event=receive timestamp_ns=1791280808309691290 workflow=CT_SHARE run_id=32 node=U4 source=TM3 destination=TM
event=receive timestamp_ns=1791280809877354596 workflow=CT_SHARE run_id=33 node=U4 source=TM3 destination=TM
event=receive timestamp_ns=1791280811448654299 workflow=CT_SHARE run_id=34 node=U4 source=TM3 destination=TM
event=receive timestamp_ns=1791280813018138125 workflow=CT_SHARE run_id=35 node=U4 source=TM3 destination=TM
event=receive timestamp_ns=1791280815796843912 workflow=ARL_UPDATE run_id=1 node=U4 source=Authority destination=TM
event=receive timestamp_ns=1791280817298897342 workflow=ARL_UPDATE run_id=2 node=U4 source=Authority destination=TM
event=receive timestamp_ns=1791280818841210835 workflow=ARL_UPDATE run_id=3 node=U4 source=Authority destination=TM
event=receive timestamp_ns=1791280820370963072 workflow=ARL_UPDATE run_id=4 node=U4 source=Authority destination=TM
event=receive timestamp_ns=1791280821939445257 workflow=ARL_UPDATE run_id=5 node=U4 source=Authority destination=TM
event=receive timestamp_ns=1791280823444956912 workflow=ARL_UPDATE run_id=6 node=U4 source=Authority destination=TM
event=receive timestamp_ns=1791280824978757690 workflow=ARL_UPDATE run_id=7 node=U4 source=Authority destination=TM
event=receive timestamp_ns=1791280826516776089 workflow=ARL_UPDATE run_id=8 node=U4 source=Authority destination=TM
event=receive timestamp_ns=1791280828079542277 workflow=ARL_UPDATE run_id=9 node=U4 source=Authority destination=TM
event=receive timestamp_ns=1791280829586659591 workflow=ARL_UPDATE run_id=10 node=U4 source=Authority destination=TM
event=receive timestamp_ns=1791280831119653501 workflow=ARL_UPDATE run_id=11 node=U4 source=Authority destination=TM
event=receive timestamp_ns=1791280832659826515 workflow=ARL_UPDATE run_id=12 node=U4 source=Authority destination=TM
event=receive timestamp_ns=1791280834190696966 workflow=ARL_UPDATE run_id=13 node=U4 source=Authority destination=TM
event=receive timestamp_ns=1791280835764031358 workflow=ARL_UPDATE run_id=14 node=U4 source=Authority destination=TM
event=receive timestamp_ns=1791280837362790078 workflow=ARL_UPDATE run_id=15 node=U4 source=Authority destination=TM
event=receive timestamp_ns=1791280838935805571 workflow=ARL_UPDATE run_id=16 node=U4 source=Authority destination=TM
event=receive timestamp_ns=1791280840435890432 workflow=ARL_UPDATE run_id=17 node=U4 source=Authority destination=TM
event=receive timestamp_ns=1791280841973397917 workflow=ARL_UPDATE run_id=18 node=U4 source=Authority destination=TM
event=receive timestamp_ns=1791280843505926780 workflow=ARL_UPDATE run_id=19 node=U4 source=Authority destination=TM
event=receive timestamp_ns=1791280845043761815 workflow=ARL_UPDATE run_id=20 node=U4 source=Authority destination=TM
event=receive timestamp_ns=1791280846578604510 workflow=ARL_UPDATE run_id=21 node=U4 source=Authority destination=TM
event=receive timestamp_ns=1791280848148945358 workflow=ARL_UPDATE run_id=22 node=U4 source=Authority destination=TM
event=receive timestamp_ns=1791280849651070653 workflow=ARL_UPDATE run_id=23 node=U4 source=Authority destination=TM
event=receive timestamp_ns=1791280851181424081 workflow=ARL_UPDATE run_id=24 node=U4 source=Authority destination=TM
event=receive timestamp_ns=1791280852723666413 workflow=ARL_UPDATE run_id=25 node=U4 source=Authority destination=TM
event=receive timestamp_ns=1791280854262055989 workflow=ARL_UPDATE run_id=26 node=U4 source=Authority destination=TM
event=receive timestamp_ns=1791280855825876029 workflow=ARL_UPDATE run_id=27 node=U4 source=Authority destination=TM
event=receive timestamp_ns=1791280857364303763 workflow=ARL_UPDATE run_id=28 node=U4 source=Authority destination=TM
event=receive timestamp_ns=1791280858866257557 workflow=ARL_UPDATE run_id=29 node=U4 source=Authority destination=TM
event=receive timestamp_ns=1791280860406939702 workflow=ARL_UPDATE run_id=30 node=U4 source=Authority destination=TM
event=receive timestamp_ns=1791280861938110452 workflow=ARL_UPDATE run_id=31 node=U4 source=Authority destination=TM
event=receive timestamp_ns=1791280863475355600 workflow=ARL_UPDATE run_id=32 node=U4 source=Authority destination=TM
event=receive timestamp_ns=1791280865007886425 workflow=ARL_UPDATE run_id=33 node=U4 source=Authority destination=TM
event=receive timestamp_ns=1791280866614212781 workflow=ARL_UPDATE run_id=34 node=U4 source=Authority destination=TM
event=receive timestamp_ns=1791280868148621328 workflow=ARL_UPDATE run_id=35 node=U4 source=Authority destination=TM
event=receive timestamp_ns=1791280869716358778 workflow=ARL_UPDATE run_id=36 node=U4 source=Authority destination=TM
event=receive timestamp_ns=1791280871219539878 workflow=ARL_UPDATE run_id=37 node=U4 source=Authority destination=TM
event=receive timestamp_ns=1791280872788630757 workflow=ARL_UPDATE run_id=38 node=U4 source=Authority destination=TM
event=receive timestamp_ns=1791280874321598092 workflow=ARL_UPDATE run_id=39 node=U4 source=Authority destination=TM
event=receive timestamp_ns=1791280875865096741 workflow=ARL_UPDATE run_id=40 node=U4 source=Authority destination=TM
event=receive timestamp_ns=1791280877426790254 workflow=ARL_UPDATE run_id=41 node=U4 source=Authority destination=TM
event=receive timestamp_ns=1791280878963256087 workflow=ARL_UPDATE run_id=42 node=U4 source=Authority destination=TM
event=receive timestamp_ns=1791280880497970077 workflow=ARL_UPDATE run_id=43 node=U4 source=Authority destination=TM
event=receive timestamp_ns=1791280882033827378 workflow=ARL_UPDATE run_id=44 node=U4 source=Authority destination=TM
event=receive timestamp_ns=1791280883571981826 workflow=ARL_UPDATE run_id=45 node=U4 source=Authority destination=TM
event=receive timestamp_ns=1791280885105224670 workflow=ARL_UPDATE run_id=46 node=U4 source=Authority destination=TM
event=receive timestamp_ns=1791280886643719337 workflow=ARL_UPDATE run_id=47 node=U4 source=Authority destination=TM
event=receive timestamp_ns=1791280888181461869 workflow=ARL_UPDATE run_id=48 node=U4 source=Authority destination=TM
event=receive timestamp_ns=1791280889717188847 workflow=ARL_UPDATE run_id=49 node=U4 source=Authority destination=TM
event=receive timestamp_ns=1791280891250517300 workflow=ARL_UPDATE run_id=50 node=U4 source=Authority destination=TM
event=receive timestamp_ns=1791280892788626293 workflow=ARL_UPDATE run_id=51 node=U4 source=Authority destination=TM
event=receive timestamp_ns=1791280894322461637 workflow=ARL_UPDATE run_id=52 node=U4 source=Authority destination=TM
event=receive timestamp_ns=1791280895853034102 workflow=ARL_UPDATE run_id=53 node=U4 source=Authority destination=TM
event=receive timestamp_ns=1791280897358703149 workflow=ARL_UPDATE run_id=54 node=U4 source=Authority destination=TM
event=receive timestamp_ns=1791280898894405491 workflow=ARL_UPDATE run_id=55 node=U4 source=Authority destination=TM
event=receive timestamp_ns=1791280900462450869 workflow=ARL_UPDATE run_id=56 node=U4 source=Authority destination=TM
event=receive timestamp_ns=1791280901996560553 workflow=ARL_UPDATE run_id=57 node=U4 source=Authority destination=TM
event=receive timestamp_ns=1791280903540495348 workflow=ARL_UPDATE run_id=58 node=U4 source=Authority destination=TM
event=receive timestamp_ns=1791280905079803722 workflow=ARL_UPDATE run_id=59 node=U4 source=Authority destination=TM
event=receive timestamp_ns=1791280906609814183 workflow=ARL_UPDATE run_id=60 node=U4 source=Authority destination=TM
event=receive timestamp_ns=1791280908148926277 workflow=ARL_UPDATE run_id=61 node=U4 source=Authority destination=TM
event=receive timestamp_ns=1791280909685897843 workflow=ARL_UPDATE run_id=62 node=U4 source=Authority destination=TM
event=receive timestamp_ns=1791280911215830756 workflow=ARL_UPDATE run_id=63 node=U4 source=Authority destination=TM
event=receive timestamp_ns=1791280912851097740 workflow=ARL_UPDATE run_id=64 node=U4 source=Authority destination=TM
event=receive timestamp_ns=1791280914384914015 workflow=ARL_UPDATE run_id=65 node=U4 source=Authority destination=TM
event=receive timestamp_ns=1791280915955539051 workflow=ARL_UPDATE run_id=66 node=U4 source=Authority destination=TM
event=receive timestamp_ns=1791280917463312183 workflow=ARL_UPDATE run_id=67 node=U4 source=Authority destination=TM
event=receive timestamp_ns=1791280919028474381 workflow=ARL_UPDATE run_id=68 node=U4 source=Authority destination=TM
event=receive timestamp_ns=1791280920567707046 workflow=ARL_UPDATE run_id=69 node=U4 source=Authority destination=TM
event=receive timestamp_ns=1791280922099901093 workflow=ARL_UPDATE run_id=70 node=U4 source=Authority destination=TM
event=receive timestamp_ns=1791280923662788194 workflow=KEY_REQUEST run_id=bench_h3_key_w1 node=U4 source=TM3 destination=TM
event=receive timestamp_ns=1791280927531363994 workflow=KEY_REQUEST run_id=bench_h3_key_w2 node=U4 source=TM3 destination=TM
event=receive timestamp_ns=1791280930251131353 workflow=KEY_REQUEST run_id=bench_h3_key_w3 node=U4 source=TM3 destination=TM
event=receive timestamp_ns=1791280936075014825 workflow=KEY_REQUEST run_id=bench_h3_key_w4 node=U4 source=TM3 destination=TM
event=receive timestamp_ns=1791280941419330124 workflow=KEY_REQUEST run_id=bench_h3_key_w5 node=U4 source=TM3 destination=TM
event=receive timestamp_ns=1791280945738837702 workflow=KEY_REQUEST run_id=bench_h3_key_001 node=U4 source=TM3 destination=TM
event=receive timestamp_ns=1791280949995060799 workflow=KEY_REQUEST run_id=bench_h3_key_002 node=U4 source=TM3 destination=TM
event=receive timestamp_ns=1791280953675216949 workflow=KEY_REQUEST run_id=bench_h3_key_003 node=U4 source=TM3 destination=TM
event=receive timestamp_ns=1791280957995339016 workflow=KEY_REQUEST run_id=bench_h3_key_004 node=U4 source=TM3 destination=TM
event=receive timestamp_ns=1791280961835035644 workflow=KEY_REQUEST run_id=bench_h3_key_005 node=U4 source=TM3 destination=TM
event=receive timestamp_ns=1791280965038745015 workflow=KEY_REQUEST run_id=bench_h3_key_006 node=U4 source=TM3 destination=TM
event=receive timestamp_ns=1791280967786566593 workflow=KEY_REQUEST run_id=bench_h3_key_007 node=U4 source=TM3 destination=TM
event=receive timestamp_ns=1791280972778602272 workflow=KEY_REQUEST run_id=bench_h3_key_008 node=U4 source=TM3 destination=TM
event=receive timestamp_ns=1791280976655210776 workflow=KEY_REQUEST run_id=bench_h3_key_009 node=U4 source=TM3 destination=TM
event=receive timestamp_ns=1791280981610856210 workflow=KEY_REQUEST run_id=bench_h3_key_010 node=U4 source=TM3 destination=TM
event=receive timestamp_ns=1791280985450790216 workflow=KEY_REQUEST run_id=bench_h3_key_011 node=U4 source=TM3 destination=TM
event=receive timestamp_ns=1791280989354887870 workflow=KEY_REQUEST run_id=bench_h3_key_012 node=U4 source=TM3 destination=TM
event=receive timestamp_ns=1791280992042825406 workflow=KEY_REQUEST run_id=bench_h3_key_013 node=U4 source=TM3 destination=TM
event=receive timestamp_ns=1791280997387009127 workflow=KEY_REQUEST run_id=bench_h3_key_014 node=U4 source=TM3 destination=TM
event=receive timestamp_ns=1791281000171019710 workflow=KEY_REQUEST run_id=bench_h3_key_015 node=U4 source=TM3 destination=TM
event=receive timestamp_ns=1791281005515242801 workflow=KEY_REQUEST run_id=bench_h3_key_016 node=U4 source=TM3 destination=TM
event=receive timestamp_ns=1791281008810893477 workflow=KEY_REQUEST run_id=bench_h3_key_017 node=U4 source=TM3 destination=TM
event=receive timestamp_ns=1791281011594717131 workflow=KEY_REQUEST run_id=bench_h3_key_018 node=U4 source=TM3 destination=TM
event=receive timestamp_ns=1791281015434675922 workflow=KEY_REQUEST run_id=bench_h3_key_019 node=U4 source=TM3 destination=TM
event=receive timestamp_ns=1791281020778578991 workflow=KEY_REQUEST run_id=bench_h3_key_020 node=U4 source=TM3 destination=TM
event=receive timestamp_ns=1791281026091003356 workflow=KEY_REQUEST run_id=bench_h3_key_021 node=U4 source=TM3 destination=TM
event=receive timestamp_ns=1791281030410991116 workflow=KEY_REQUEST run_id=bench_h3_key_022 node=U4 source=TM3 destination=TM
event=receive timestamp_ns=1791281034603138506 workflow=KEY_REQUEST run_id=bench_h3_key_023 node=U4 source=TM3 destination=TM
event=receive timestamp_ns=1791281037390669997 workflow=KEY_REQUEST run_id=bench_h3_key_024 node=U4 source=TM3 destination=TM
event=receive timestamp_ns=1791281041194998077 workflow=KEY_REQUEST run_id=bench_h3_key_025 node=U4 source=TM3 destination=TM
event=receive timestamp_ns=1791281045514772360 workflow=KEY_REQUEST run_id=bench_h3_key_026 node=U4 source=TM3 destination=TM
event=receive timestamp_ns=1791281050442713058 workflow=KEY_REQUEST run_id=bench_h3_key_027 node=U4 source=TM3 destination=TM
event=receive timestamp_ns=1791281054702532033 workflow=KEY_REQUEST run_id=bench_h3_key_028 node=U4 source=TM3 destination=TM
event=receive timestamp_ns=1791281056266973419 workflow=KEY_REQUEST run_id=bench_h3_key_029 node=U4 source=TM3 destination=TM
event=receive timestamp_ns=1791281058986613908 workflow=KEY_REQUEST run_id=bench_h3_key_030 node=U4 source=TM3 destination=TM
