event=receive timestamp_ns=1791280755370915355 workflow=KEY_REQUEST run_id=bench_h3_setup node=U5 source=TM3 destination=TM
event=receive timestamp_ns=1791280759288636008 workflow=CT_SHARE run_id=1 node=U5 source=TM3 destination=TM
event=receive timestamp_ns=1791280760886697836 workflow=CT_SHARE run_id=2 node=U5 source=TM3 destination=TM
event=receive timestamp_ns=1791280762427291687 workflow=CT_SHARE run_id=3 node=U5 source=TM3 destination=TM
event=receive timestamp_ns=1791280764024844676 workflow=CT_SHARE run_id=4 node=U5 source=TM3 destination=TM
event=receive timestamp_ns=1791280765591322065 workflow=CT_SHARE run_id=5 node=U5 source=TM3 destination=TM
event=receive timestamp_ns=1791280767162217146 workflow=CT_SHARE run_id=6 node=U5 source=TM3 destination=TM
event=receive timestamp_ns=1791280768725143510 workflow=CT_SHARE run_id=7 node=U5 source=TM3 destination=TM
event=receive timestamp_ns=1791280770289596150 workflow=CT_SHARE run_id=8 node=U5 source=TM3 destination=TM
event=receive timestamp_ns=1791280771832074853 workflow=CT_SHARE run_id=9 node=U5 source=TM3 destination=TM
event=receive timestamp_ns=1791280773402181006 workflow=CT_SHARE run_id=10 node=U5 source=TM3 destination=TM
event=receive timestamp_ns=1791280774967102031 workflow=CT_SHARE run_id=11 node=U5 source=TM3 destination=TM
event=receive timestamp_ns=1791280776538092466 workflow=CT_SHARE run_id=12 node=U5 source=TM3 destination=TM
event=receive timestamp_ns=1791280778105403420 workflow=CT_SHARE run_id=13 node=U5 source=TM3 destination=TM
event=receive timestamp_ns=1791280779673908289 workflow=CT_SHARE run_id=14 node=U5 source=TM3 destination=TM
event=receive timestamp_ns=1791280781238869044 workflow=CT_SHARE run_id=15 node=U5 source=TM3 destination=TM
event=receive timestamp_ns=1791280782803771862 workflow=CT_SHARE run_id=16 node=U5 source=TM3 destination=TM
event=receive timestamp_ns=1791280784373754288 workflow=CT_SHARE run_id=17 node=U5 source=TM3 destination=TM
event=receive timestamp_ns=1791280785943385542 workflow=CT_SHARE run_id=18 node=U5 source=TM3 destination=TM
event=receive timestamp_ns=1791280787514524894 workflow=CT_SHARE run_id=19 node=U5 source=TM3 destination=TM
event=receive timestamp_ns=1791280789082138592 workflow=CT_SHARE run_id=20 node=U5 source=TM3 destination=TM
event=receive timestamp_ns=1791280790644056263 workflow=CT_SHARE run_id=21 node=U5 source=TM3 destination=TM
event=receive timestamp_ns=1791280792214977889 workflow=CT_SHARE run_id=22 node=U5 source=TM3 destination=TM
event=receive timestamp_ns=1791280793779895521 workflow=CT_SHARE run_id=23 node=U5 source=TM3 destination=TM
event=receive timestamp_ns=1791280795314754997 workflow=CT_SHARE run_id=24 node=U5 source=TM3 destination=TM
event=receive timestamp_ns=1791280796951972474 workflow=CT_SHARE run_id=25 node=U5 source=TM3 destination=TM
event=receive timestamp_ns=1791280798519025073 workflow=CT_SHARE run_id=26 node=U5 source=TM3 destination=TM
event=receive timestamp_ns=1791280800083536428 workflow=CT_SHARE run_id=27 node=U5 source=TM3 destination=TM
event=receive timestamp_ns=1791280801657227354 workflow=CT_SHARE run_id=28 node=U5 source=TM3 destination=TM
event=receive timestamp_ns=1791280803192838881 workflow=CT_SHARE run_id=29 node=U5 source=TM3 destination=TM
event=receive timestamp_ns=1791280804761522147 workflow=CT_SHARE run_id=30 node=U5 source=TM3 destination=TM
event=receive timestamp_ns=1791280806327614071 workflow=CT_SHARE run_id=31 node=U5 source=TM3 destination=TM
event=receive timestamp_ns=1791280807892488460 workflow=CT_SHARE run_id=32 node=U5 source=TM3 destination=TM
event=receive timestamp_ns=1791280809463133200 workflow=CT_SHARE run_id=33 node=U5 source=TM3 destination=TM
event=receive timestamp_ns=1791280811027789359 workflow=CT_SHARE run_id=34 node=U5 source=TM3 destination=TM
event=receive timestamp_ns=1791280812597426054 workflow=CT_SHARE run_id=35 node=U5 source=TM3 destination=TM
event=receive timestamp_ns=1791280815381987844 workflow=ARL_UPDATE run_id=1 node=U5 source=Authority destination=TM
event=receive timestamp_ns=1791280816883026697 workflow=ARL_UPDATE run_id=2 node=U5 source=Authority destination=TM
event=receive timestamp_ns=1791280818421605775 workflow=ARL_UPDATE run_id=3 node=U5 source=Authority destination=TM
event=receive timestamp_ns=1791280819955500777 workflow=ARL_UPDATE run_id=4 node=U5 source=Authority destination=TM
event=receive timestamp_ns=1791280821493863891 workflow=ARL_UPDATE run_id=5 node=U5 source=Authority destination=TM
event=receive timestamp_ns=1791280823025601715 workflow=ARL_UPDATE run_id=6 node=U5 source=Authority destination=TM
event=receive timestamp_ns=1791280824566064130 workflow=ARL_UPDATE run_id=7 node=U5 source=Authority destination=TM
event=receive timestamp_ns=1791280826103011094 workflow=ARL_UPDATE run_id=8 node=U5 source=Authority destination=TM
event=receive timestamp_ns=1791280827670501568 workflow=ARL_UPDATE run_id=9 node=U5 source=Authority destination=TM
event=receive timestamp_ns=1791280829173794484 workflow=ARL_UPDATE run_id=10 node=U5 source=Authority destination=TM
event=receive timestamp_ns=1791280830708584700 workflow=ARL_UPDATE run_id=11 node=U5 source=Authority destination=TM
event=receive timestamp_ns=1791280832243162846 workflow=ARL_UPDATE run_id=12 node=U5 source=Authority destination=TM
event=receive timestamp_ns=1791280833776077154 workflow=ARL_UPDATE run_id=13 node=U5 source=Authority destination=TM
event=receive timestamp_ns=1791280835348576544 workflow=ARL_UPDATE run_id=14 node=U5 source=Authority destination=TM
event=receive timestamp_ns=1791280836948747338 workflow=ARL_UPDATE run_id=15 node=U5 source=Authority destination=TM
event=receive timestamp_ns=1791280838519160400 workflow=ARL_UPDATE run_id=16 node=U5 source=Authority destination=TM
event=receive timestamp_ns=1791280840022057324 workflow=ARL_UPDATE run_id=17 node=U5 source=Authority destination=TM
event=receive timestamp_ns=1791280841557981116 workflow=ARL_UPDATE run_id=18 node=U5 source=Authority destination=TM
event=receive timestamp_ns=1791280843092026350 workflow=ARL_UPDATE run_id=19 node=U5 source=Authority destination=TM
event=receive timestamp_ns=1791280844630477375 workflow=ARL_UPDATE run_id=20 node=U5 source=Authority destination=TM
event=receive timestamp_ns=1791280846160166609 workflow=ARL_UPDATE run_id=21 node=U5 source=Authority destination=TM
event=receive timestamp_ns=1791280847734706308 workflow=ARL_UPDATE run_id=22 node=U5 source=Authority destination=TM
event=receive timestamp_ns=1791280849232838512 workflow=ARL_UPDATE run_id=23 node=U5 source=Authority destination=TM
event=receive timestamp_ns=1791280850773518745 workflow=ARL_UPDATE run_id=24 node=U5 source=Authority destination=TM
event=receive timestamp_ns=1791280852307313666 workflow=ARL_UPDATE run_id=25 node=U5 source=Authority destination=TM
event=receive timestamp_ns=1791280853845580960 workflow=ARL_UPDATE run_id=26 node=U5 source=Authority destination=TM
event=receive timestamp_ns=1791280855415679180 workflow=ARL_UPDATE run_id=27 node=U5 source=Authority destination=TM
event=receive timestamp_ns=1791280856945332866 workflow=ARL_UPDATE run_id=28 node=U5 source=Authority destination=TM
event=receive timestamp_ns=1791280858451735568 workflow=ARL_UPDATE run_id=29 node=U5 source=Authority destination=TM
event=receive timestamp_ns=1791280859990634000 workflow=ARL_UPDATE run_id=30 node=U5 source=Authority destination=TM
event=receive timestamp_ns=1791280861521556228 workflow=ARL_UPDATE run_id=31 node=U5 source=Authority destination=TM
event=receive timestamp_ns=1791280863061192510 workflow=ARL_UPDATE run_id=32 node=U5 source=Authority destination=TM
event=receive timestamp_ns=1791280864629141261 workflow=ARL_UPDATE run_id=33 node=U5 source=Authority destination=TM
event=receive timestamp_ns=1791280866197721939 workflow=ARL_UPDATE run_id=34 node=U5 source=Authority destination=TM
event=receive timestamp_ns=1791280867764909950 workflow=ARL_UPDATE run_id=35 node=U5 source=Authority destination=TM
event=receive timestamp_ns=1791280869299078608 workflow=ARL_UPDATE run_id=36 node=U5 source=Authority destination=TM
event=receive timestamp_ns=1791280870806626719 workflow=ARL_UPDATE run_id=37 node=U5 source=Authority destination=TM
event=receive timestamp_ns=1791280872371701747 workflow=ARL_UPDATE run_id=38 node=U5 source=Authority destination=TM
event=receive timestamp_ns=1791280873910459785 workflow=ARL_UPDATE run_id=39 node=U5 source=Authority destination=TM
event=receive timestamp_ns=1791280875446088900 workflow=ARL_UPDATE run_id=40 node=U5 source=Authority destination=TM
event=receive timestamp_ns=1791280877018738527 workflow=ARL_UPDATE run_id=41 node=U5 source=Authority destination=TM
event=receive timestamp_ns=1791280878549470912 workflow=ARL_UPDATE run_id=42 node=U5 source=Authority destination=TM
event=receive timestamp_ns=1791280880083246768 workflow=ARL_UPDATE run_id=43 node=U5 source=Authority destination=TM
event=receive timestamp_ns=1791280881617675796 workflow=ARL_UPDATE run_id=44 node=U5 source=Authority destination=TM
event=receive timestamp_ns=1791280883155809060 workflow=ARL_UPDATE run_id=45 node=U5 source=Authority destination=TM
event=receive timestamp_ns=1791280884689199603 workflow=ARL_UPDATE run_id=46 node=U5 source=Authority destination=TM
event=receive timestamp_ns=1791280886229693685 workflow=ARL_UPDATE run_id=47 node=U5 source=Authority destination=TM
event=receive timestamp_ns=1791280887761756326 workflow=ARL_UPDATE run_id=48 node=U5 source=Authority destination=TM
event=receive timestamp_ns=1791280889300348398 workflow=ARL_UPDATE run_id=49 node=U5 source=Authority destination=TM
event=receive timestamp_ns=1791280890838017832 workflow=ARL_UPDATE run_id=50 node=U5 source=Authority destination=TM
event=receive timestamp_ns=1791280892367808137 workflow=ARL_UPDATE run_id=51 node=U5 source=Authority destination=TM
event=receive timestamp_ns=1791280893910583002 workflow=ARL_UPDATE run_id=52 node=U5 source=Authority destination=TM
event=receive timestamp_ns=1791280895447688295 workflow=ARL_UPDATE run_id=53 node=U5 source=Authority destination=TM
event=receive timestamp_ns=1791280896950976855 workflow=ARL_UPDATE run_id=54 node=U5 source=Authority destination=TM
event=receive timestamp_ns=1791280898482440991 workflow=ARL_UPDATE run_id=55 node=U5 source=Authority destination=TM
event=receive timestamp_ns=1791280900012863265 workflow=ARL_UPDATE run_id=56 node=U5 source=Authority destination=TM
event=receive timestamp_ns=1791280901581974266 workflow=ARL_UPDATE run_id=57 node=U5 source=Authority destination=TM
event=receive timestamp_ns=1791280903125541484 workflow=ARL_UPDATE run_id=58 node=U5 source=Authority destination=TM
event=receive timestamp_ns=1791280904662509421 workflow=ARL_UPDATE run_id=59 node=U5 source=Authority destination=TM
event=receive timestamp_ns=1791280906165139314 workflow=ARL_UPDATE run_id=60 node=U5 source=Authority destination=TM
event=receive timestamp_ns=1791280907730880191 workflow=ARL_UPDATE run_id=61 node=U5 source=Authority destination=TM
event=receive timestamp_ns=1791280909269790653 workflow=ARL_UPDATE run_id=62 node=U5 source=Authority destination=TM
event=receive timestamp_ns=1791280910838040935 workflow=ARL_UPDATE run_id=63 node=U5 source=Authority destination=TM
event=receive timestamp_ns=1791280912435949959 workflow=ARL_UPDATE run_id=64 node=U5 source=Authority destination=TM
event=receive timestamp_ns=1791280913975107412 workflow=ARL_UPDATE run_id=65 node=U5 source=Authority destination=TM
event=receive timestamp_ns=1791280915508609085 workflow=ARL_UPDATE run_id=66 node=U5 source=Authority destination=TM
event=receive timestamp_ns=1791280917046861661 workflow=ARL_UPDATE run_id=67 node=U5 source=Authority destination=TM
event=receive timestamp_ns=1791280918612079280 workflow=ARL_UPDATE run_id=68 node=U5 source=Authority destination=TM
event=receive timestamp_ns=1791280920148844879 workflow=ARL_UPDATE run_id=69 node=U5 source=Authority destination=TM
event=receive timestamp_ns=1791280921715785582 workflow=ARL_UPDATE run_id=70 node=U5 source=Authority destination=TM
event=receive timestamp_ns=1791280923242843239 workflow=KEY_REQUEST run_id=bench_h3_key_w1 node=U5 source=TM3 destination=TM
event=receive timestamp_ns=1791280927566725224 workflow=KEY_REQUEST run_id=bench_h3_key_w2 node=U5 source=TM3 destination=TM
event=receive timestamp_ns=1791280930923271043 workflow=KEY_REQUEST run_id=bench_h3_key_w3 node=U5 source=TM3 destination=TM
event=receive timestamp_ns=1791280936683261697 workflow=KEY_REQUEST run_id=bench_h3_key_w4 node=U5 source=TM3 destination=TM
event=receive timestamp_ns=1791280941003016709 workflow=KEY_REQUEST run_id=bench_h3_key_w5 node=U5 source=TM3 destination=TM
event=receive timestamp_ns=1791280946379071085 workflow=KEY_REQUEST run_id=bench_h3_key_001 node=U5 source=TM3 destination=TM
event=receive timestamp_ns=1791280949578731511 workflow=KEY_REQUEST run_id=bench_h3_key_002 node=U5 source=TM3 destination=TM
event=receive timestamp_ns=1791280953290659580 workflow=KEY_REQUEST run_id=bench_h3_key_003 node=U5 source=TM3 destination=TM
event=receive timestamp_ns=1791280958606844135 workflow=KEY_REQUEST run_id=bench_h3_key_004 node=U5 source=TM3 destination=TM
event=receive timestamp_ns=1791280961354681027 workflow=KEY_REQUEST run_id=bench_h3_key_005 node=U5 source=TM3 destination=TM
event=receive timestamp_ns=1791280964622735705 workflow=KEY_REQUEST run_id=bench_h3_key_006 node=U5 source=TM3 destination=TM
event=receive timestamp_ns=1791280968458934146 workflow=KEY_REQUEST run_id=bench_h3_key_007 node=U5 source=TM3 destination=TM
event=receive timestamp_ns=1791280972814856567 workflow=KEY_REQUEST run_id=bench_h3_key_008 node=U5 source=TM3 destination=TM
event=receive timestamp_ns=1791280976746820880 workflow=KEY_REQUEST run_id=bench_h3_key_009 node=U5 source=TM3 destination=TM
event=receive timestamp_ns=1791280981706967609 workflow=KEY_REQUEST run_id=bench_h3_key_010 node=U5 source=TM3 destination=TM
event=receive timestamp_ns=1791280986059096530 workflow=KEY_REQUEST run_id=bench_h3_key_011 node=U5 source=TM3 destination=TM
event=receive timestamp_ns=1791280989450917188 workflow=KEY_REQUEST run_id=bench_h3_key_012 node=U5 source=TM3 destination=TM
event=receive timestamp_ns=1791280992138772016 workflow=KEY_REQUEST run_id=bench_h3_key_013 node=U5 source=TM3 destination=TM
event=receive timestamp_ns=1791280997483184846 workflow=KEY_REQUEST run_id=bench_h3_key_014 node=U5 source=TM3 destination=TM
event=receive timestamp_ns=1791281000779058850 workflow=KEY_REQUEST run_id=bench_h3_key_015 node=U5 source=TM3 destination=TM
event=receive timestamp_ns=1791281005130815506 workflow=KEY_REQUEST run_id=bench_h3_key_016 node=U5 source=TM3 destination=TM
event=receive timestamp_ns=1791281008939003953 workflow=KEY_REQUEST run_id=bench_h3_key_017 node=U5 source=TM3 destination=TM
event=receive timestamp_ns=1791281011690823917 workflow=KEY_REQUEST run_id=bench_h3_key_018 node=U5 source=TM3 destination=TM
event=receive timestamp_ns=1791281015531209485 workflow=KEY_REQUEST run_id=bench_h3_key_019 node=U5 source=TM3 destination=TM
event=receive timestamp_ns=1791281020878682447 workflow=KEY_REQUEST run_id=bench_h3_key_020 node=U5 source=TM3 destination=TM
event=receive timestamp_ns=1791281026186919275 workflow=KEY_REQUEST run_id=bench_h3_key_021 node=U5 source=TM3 destination=TM
event=receive timestamp_ns=1791281030507290018 workflow=KEY_REQUEST run_id=bench_h3_key_022 node=U5 source=TM3 destination=TM
event=receive timestamp_ns=1791281034186804113 workflow=KEY_REQUEST run_id=bench_h3_key_023 node=U5 source=TM3 destination=TM
event=receive timestamp_ns=1791281038027271893 workflow=KEY_REQUEST run_id=bench_h3_key_024 node=U5 source=TM3 destination=TM
event=receive timestamp_ns=1791281040778726261 workflow=KEY_REQUEST run_id=bench_h3_key_025 node=U5 source=TM3 destination=TM
event=receive timestamp_ns=1791281045098668766 workflow=KEY_REQUEST run_id=bench_h3_key_026 node=U5 source=TM3 destination=TM
event=receive timestamp_ns=1791281050538527856 workflow=KEY_REQUEST run_id=bench_h3_key_027 node=U5 source=TM3 destination=TM
event=receive timestamp_ns=1791281054798505227 workflow=KEY_REQUEST run_id=bench_h3_key_028 node=U5 source=TM3 destination=TM
event=receive timestamp_ns=1791281056363189075 workflow=KEY_REQUEST run_id=bench_h3_key_029 node=U5 source=TM3 destination=TM
event=receive timestamp_ns=1791281059083063285 workflow=KEY_REQUEST run_id=bench_h3_key_030 node=U5 source=TM3 destination=TM
