event=send timestamp_ns=1791217697021526591 workflow=KEY_REQUEST run_id=bench_h3_setup node=U3 source=TM3 destination=TM
event=key_latency timestamp_ns=1791217698694191047 workflow=KEY_REQUEST_RESPONSE run_id=bench_h3_setup node=U3 duration_ns=1672666160
event=receive timestamp_ns=1791217698681522840 workflow=KEY_RESPONSE run_id=bench_h3_setup node=U3 source=Authority destination=bench_h3_setup
event=send timestamp_ns=1791217699973838290 workflow=CT_SHARE run_id=1 node=U3 source=TM3 destination=TM
event=send timestamp_ns=1791217702542991723 workflow=CT_SHARE run_id=2 node=U3 source=TM3 destination=TM
event=send timestamp_ns=1791217704107305722 workflow=CT_SHARE run_id=3 node=U3 source=TM3 destination=TM
event=receive timestamp_ns=1791217707929700374 workflow=ARL_UPDATE run_id=1 node=U3 source=Authority destination=TM
event=receive timestamp_ns=1791217709465675963 workflow=ARL_UPDATE run_id=2 node=U3 source=Authority destination=TM
event=receive timestamp_ns=1791217711034181140 workflow=ARL_UPDATE run_id=3 node=U3 source=Authority destination=TM
event=receive timestamp_ns=1791217712537634766 workflow=ARL_UPDATE run_id=4 node=U3 source=Authority destination=TM
event=receive timestamp_ns=1791217714073592072 workflow=ARL_UPDATE run_id=5 node=U3 source=Authority destination=TM
event=receive timestamp_ns=1791217715609429171 workflow=ARL_UPDATE run_id=6 node=U3 source=Authority destination=TM
event=send timestamp_ns=1791217716121398674 workflow=KEY_REQUEST run_id=bench_h3_key_w1 node=U3 source=TM3 destination=TM
event=key_latency timestamp_ns=1791217719298065287 workflow=KEY_REQUEST_RESPONSE run_id=bench_h3_key_w1 node=U3 duration_ns=3176662183
event=receive timestamp_ns=1791217719289384734 workflow=KEY_RESPONSE run_id=bench_h3_key_w1 node=U3 source=Authority destination=bench_h3_key_w1
event=send timestamp_ns=1791217720953615426 workflow=KEY_REQUEST run_id=bench_h3_key_001 node=U3 source=TM3 destination=TM
event=key_latency timestamp_ns=1791217723591896677 workflow=KEY_REQUEST_RESPONSE run_id=bench_h3_key_001 node=U3 duration_ns=2638280081
event=receive timestamp_ns=1791217723577646303 workflow=KEY_RESPONSE run_id=bench_h3_key_001 node=U3 source=Authority destination=bench_h3_key_001
event=send timestamp_ns=1791217725241586787 workflow=KEY_REQUEST run_id=bench_h3_key_002 node=U3 source=TM3 destination=TM
event=key_latency timestamp_ns=1791217727366001150 workflow=KEY_REQUEST_RESPONSE run_id=bench_h3_key_002 node=U3 duration_ns=2124414095
event=receive timestamp_ns=1791217727353579583 workflow=KEY_RESPONSE run_id=bench_h3_key_002 node=U3 source=Authority destination=bench_h3_key_002
