2026-10-05 18:40:33.026 Authority: {"tkn":"t1","name":"pong"}

2026-10-05 18:40:33.531 Authority: {"tkn":"t2","name":"ok"}

2026-10-05 18:40:34.047 Authority: {"tkn":"t2","name":"ok"}

2026-10-05 18:40:34.559 Authority: {"tkn":"t2","name":"ok"}

2026-10-05 18:40:35.071 Authority: {"tkn":"t2","name":"ok"}

2026-10-05 18:40:41.668 Authority: {"data":"TLS(D3CS|TM1|TM|KEY_REQUEST|bench_h1_setup|{\"classification\":\"FR-DR\",\"mission\":\"M1\"}|bench_h1_setup|TM1)","mid":"N01_42","name":"recv_payload","tkn":"payload-N01_42","topic":"TM","dest":"TM"}

2026-10-05 18:40:42.691 Authority: {"tkn":"t3","name":"ok"}

2026-10-05 18:40:43.201 Authority: {"tkn":"t3","name":"ok"}

2026-10-05 18:40:45.061 Authority: {"data":"D3CS|TM1|TM|CT_SHARE|1|{\"version\":1,\"label\":{\"classification\":\"FR-DR\",\"mission\":\"M1\"},\"abe\":{\"c_tilde\":\"ffz2CljAtHyo60IO4I1HNst2fkFS0nAfcTJ4NqKwiZ5Z6V/rwSZp+Z/kXMqoubcSfXVukUeXUjd2YOwxvbDjYKuLBnqHY+7MsGfZMZRxMVaYo9DvrLMp+pJARUCbdqwJyPb6wJjm2wKVGT2wn+46TByE7orpPw6DK2700k53siKGEg+k/zke291oKC7woHYAkIEVoqvkgOaN7VGBL1+nP6FGgepzLScGLd3kvVw8SmjINOGLjEv59y/DRQKTL3sUlXFzcB6OaPrMhUSW7eJuTbXm4k9qHjpiRREGItCKhBSjXSvASjVsDRlp5XZF/FUPeG4KflyTZY1K3eJ1qFF7GIAz8YXbQUKoaUF7mO9bHJKXOFibOYEZIbC5MaMKkK8IiKVJ8/n9r2vMs6WDsQGfkMRrZs9OYrTb3dS9bMl9zDd4jc21Kxlclz8v1y4u4+4A7vi00adx9ZJkzZTWlrsbUAUokbim6ixOqksOOeHvW/aG4qmMHzTdhRflU8hks7EWLToAw78D4bLmHvMBUgyw6ES0Lo57CJmQTKggkULV2XVu9SpjJ/NAWTxccfc+tWsB5m7iGRGcUKkzPv/gcIeMirjHNYS9k1sv7GL10e5q7SayQ7a2kNOjwmIE1CfMRfoVhWD8V8LVfi3um9+BDYkvCUBCRjE3SW39t+gzcyDySDT+qJ1qM6Vr+QzNcA+izd8X5VzJMUDR7T9KJIQrpGeJErGWBa+Ec6w48mhB+HYI2THt8cUdZg/49BgAQZz0Y4AP\",\"c\":\"qd3nQhII9DaSWU4BROUz7MKBpWFfEUjfNH48fgCZLTpHxZjlkqmrEj70WNcwdy+M\",\"leafs\":[{\"index\":1,\"attr\":\"FR-DR\",\"c_i\":\"rOBbI7wjBvOmbyoPfJOXaJbQoyVBsRo3mTZYNakqpGRHzQHj6uv+JCnlcKYyfl9F\",\"c_i_prime\":\"sWh9wSZ3lgIaLi9VBcNJjRV9UVyFCpyHAfx2V+GX6Cj+Chy2SqVD734QaLdmhimr\"},{\"index\":2,\"attr\":\"M1\",\"c_i\":\"kBPcFhxb2rFQjvbvBYm6lwScUfK/YZC72Sy3qzxPDZQRN7BEEJfgm7OeBSgibUAH\",\"c_i_prime\":\"mN601u+ULLIQo8xtcmwPcmj7dJkCCIT2qFcUEvHDorJ3PcloZqbEJX6cU96EUoWO\"}]},\"sym\":{\"nonce\":\"fg6jo7qKpx6I2um2\",\"ciphertext\":\"Fn2m83dDiU3FmHI48bbT5qfOUFE\"}}|{\"version\":1,\"r1\":\"lJzVo7BAnQM8ww9Ky/Lqe2qv62XjaF3reYDLo9xabIB0gdij3XQxIKn2nMiu7gQc\",\"r2\":\"uaeJJODTsgg15tCpVCPOQv7zFOYVa+QU21lGJfBmoaNd+SwIeGeXxdxygDCDjHC+BkF4U6IDmbgHK8FhCsgjyVj9ulZk3JGL6avIyQSlb4WkBMmF4Y2NuYJT7g3UsbXB\",\"r3\":\"p1p0WxPPRnlgoY0SD40pjZelDASsFIbmRiLHO8v7tPyA9sPlSxIE+cGFxOGHNK/aFuFJ+DIST1uczpn6di1NvSOpjbkMzoslGnp4Gu6aHOAOLYuQgKITlcL7f/HYIxws\"}","mid":"N01_55","name":"recv_payload","tkn":"payload-N01_55","topic":"TM","dest":"TM"}

2026-10-05 18:40:46.586 Authority: {"data":"D3CS|TM1|TM|CT_SHARE|2|{\"version\":1,\"label\":{\"classification\":\"FR-DR\",\"mission\":\"M1\"},\"abe\":{\"c_tilde\":\"O+QYvmSvJ7ITMJQ6JaDfYMftayzpYgsEEXZgX7ERe+z4odAOhB1DP/DxmNy2Dr0NhTb2o9Ncibe9byRwVd4AISg64RRiSfuE2JtJfzufY4UHtP39+HsCHO+tSr91LAAUSrz0bc/5FzmLddtugjr/GdpbKkW9RW0/cxRKrauhnXWDPZZGCuQUwvJK1NnTkpUQgIor9L0jdnUs7qzi+j7jc1cNsbmEik5eJuYKF7TfyeWGcX/cUWkiO112IEEqdSgY38dJvpx/Y5OHeJqTTUvAw2a8Ipy3PY7+zi61ItNfzDAjebPRcIdgucvlHmHlwMQFevJcvKJOsderbww5DZFXieoqLpkkiUNKUxKuYlBbRXwMx8j3fHwUSqod3jCS1u8PTKN6YLnKbU5qMPoVMsm/rI2nLbMb/3nf/TsA5cZ8xMEG31xfqDceBCsxhstRh6ERpydjrOcdXUBcETzxFZ32a3rWsVBvGNqpYnp0ISgQmnjVHNmXzNCDO8OxK+D6SIMQn8vnc4ESyvdbGGCcXZM/ceEl3MHElL19s4JQmFTqWv22VsVQbqEW8LeItS5xk1gZdn3PZ6Qdw9Ehuy18cQld1a81SS+elgNgcfvzo4IDV6ZEPaeGDmStFTvMlPDCw1EJFWVHN//iBtH1Gc+1pelF0//bCcAXE/EtTlHs68CiVTqvmwxkYiio+tXO/vS3SrYSPvHUQtyGgN2V/KsJwNOUllpkg+vTPcHwH9u0IN7XSY5ispz6pUW4cH0tCRALJFkE\",\"c\":\"s956GTUtkBUSN2oCz45QQH8mUWonMpMXHNmERyPbAq8rjSqI/VUwAGzjDwC/UO1Z\",\"leafs\":[{\"index\":1,\"attr\":\"FR-DR\",\"c_i\":\"mWR1dG6QhIss0CJgfI39D32hM4oEnGcCzkbcM6+T5GOril4/E8o647HKbGuHBm6a\",\"c_i_prime\":\"lKeBVyHQekvitbZwBwbqFBAsgjt+COKpJ6oWsEBQq1jGD6+espPdgAYDqrxFrizl\"},{\"index\":2,\"attr\":\"M1\",\"c_i\":\"r2QorUOWIsILz8D7s8lG5Cz9OpfZZvqoDOpqPLER8hcY8C2QqTkKzSzeqB+VWyM6\",\"c_i_prime\":\"qh+w8aS/3P8dzGAkAs+R7pJ8unYdQpN+sIn/PS+oLPsCFkasPhEC9HHwIBlvzaHd\"}]},\"sym\":{\"nonce\":\"1bWQ5vFUtCFmtwjr\",\"ciphertext\":\"poI6AEyn2fTC/du/oUpcLmVONdQ\"}}|{\"version\":1,\"r1\":\"gA2AwnlYQ9+UsM6hASY3LFCk27JFA/gvXdwzMjFGggnQOdLGRyQgGY1nFsH8WSWA\",\"r2\":\"ji/bBzd92ScT2o2jINcW5RmXys5GxCKIJmhkURvbV15qtU3xCZn/tv0O3eBknTjgFMByP/b7UDMKFj30iNU99cJqs/FHYZHW0cH3igONepRvpu6W+S7VTLXjM5r07nDi\",\"r3\":\"kIWXlSGtgaUHRnWwzm8JAh8hpFn1t+jsLqDq+ySA+2jVFkapZMXPJ/s0R7QhGS9JBx4W9BLnPd6hJP2izSW6CU9Ccq5iPAbJG2Rpq0VcGw2aXa4MXdyDRwgH6JvRH56d\"}","mid":"N01_59","name":"recv_payload","tkn":"payload-N01_59","topic":"TM","dest":"TM"}

2026-10-05 18:40:48.134 Authority: {"data":"D3CS|TM1|TM|CT_SHARE|3|{\"version\":1,\"label\":{\"classification\":\"FR-DR\",\"mission\":\"M1\"},\"abe\":{\"c_tilde\":\"oX5HRBv+TDE0K82vTePYFXhboVm6gvExDMyCf4evL7GYwx4E435sKHwGIaSzESQZRQhFgdIyw5jTr29OZCMRWb+PpOJ//r2TjbmIY2mzOyHdLvBxlX78r2N7IuFOP1wY6lnR6QY0zRIRHvX+cBpMDlCxu9/I+6NNImYDx0HVoykN+yWKQ2VjYhYNRGWeFA0F/MdKkxqD7WwWNFMeXKanE5wILqKVSbxkzpw6I1F2kHw5p+/+jbytfQ1bUmUnW08Ru2eF0tgwpynTbLOozYueDtXzYb4RTonW9JwV7YM7nXxD7+RoD235PcdOdgngKOgJv2UV6k0U329pNVCjdYkhuqlDbsN/NDbJyjcBWFI2JppWUsmeK3CH16Ph5BtONcoNRi50X6WwCW2T4wD5RG4IZ5ikZfLL14A46DBQK1iBhi4/eHkFf6NNFOSzqbjC3CoAN3fk/InRuLT+VW74TnMjHGu09v+ibYcj7VmMhAFKEK0zuqD+9wcyxd2n/BAyfKkDBscYR63K1Rnzxyw+wN0yLBNGmpAGVPQrVwD+vU5MX52b7NImBZoSvoijv0L5RGQJ9QmnWlqpDwgvbvsfzVcH0zRvgTsPX7AUu15Wl6bIWnDjja0IpTx5i0YPVgEsFpAFdWQRi1Mv0FX748kVW2wJpgrdjhNDDdLwrW85VD6juZDM1mKQSjiOZ7qT04B3LssT0L59Iu9rwIb/WK2PVa2dwyDS+zNjIWnvmwy8/AdLRvazN6ukLzRTdeyeybpsLacQ\",\"c\":\"rbyZXjqny+G+s7Rc0lpi/DJN9+9328c/3aqjEyTgHSZxe90DKCahOchNSA8OxebP\",\"leafs\":[{\"index\":1,\"attr\":\"FR-DR\",\"c_i\":\"o74HYlKDInKEQiI8vs7wOGCwOqnB+jJa6wA4ESdVJBkaCPy0NCka8gHLdOHMq1Jn\",\"c_i_prime\":\"kjMm9V49YdyGdLXNg+0Izh87ZnUupMtTukzxebU3WMcwtIzotMc4EE216/tXq26K\"},{\"index\":2,\"attr\":\"M1\",\"c_i\":\"hG1F2O2Bpd1q1j+x7oKTaw4fi28t0TCfVv2jYbwpMOpZ2wFkG2AfVnnbYtxFHa+g\",\"c_i_prime\":\"godiZyZ2auJJHKAtxWsqHZ6GD34I4Th7GiCZ7J/PUETqCl4d5WYdm186daVu/orH\"}]},\"sym\":{\"nonce\":\"0x8r1ITNPkXUOL7n\",\"ciphertext\":\"0dDlEifzTbsiqZ1A3MNHvDgPCUQ\"}}|{\"version\":1,\"r1\":\"qWmOO/1OzEMuyxRTpckXPw5bCAsDvKEfhNytT6Sojhi8BSk8/WYZrqk3iBnX4s/9\",\"r2\":\"hyPzpUMq5JNdqFVOGN5a68YWnHtes2N20Nja5emWuPZ2PPrmAqr8ApxtaJmNZMPPGJ1nOo+kU6si2Mv7sDirMzrVpA8vgmVf7EBcX2ocj4BR7KCsjw72aG/ppq0TgMc5\",\"r3\":\"mQCrv5tEoQUnN3W97NO777Cs2+n11kIzlD9Y7H5aYMg9JenzM0Za3Dv5yMOE0rA1AK+2Zz+N7H0J7U+RmR1f2MLVdXZUfwGqehu7fzrZWwDMFteM86xHtH0UPTcdfP4o\"}","mid":"N01_64","name":"recv_payload","tkn":"payload-N01_64","topic":"TM","dest":"TM"}

2026-10-05 18:40:50.332 Authority: {"name":"recv_desc","mid":"N00_50","desc":{"_date":"1791218450330","_nbfrags":"1","src":"Authority","_docid":"N00_50","_weight":"116","topic":"TM","dest":"TM"}}

2026-10-05 18:40:50.332 Authority: {"tkn":"t3","name":"ok"}

2026-10-05 18:40:50.333 Authority: {"data":"TLS(D3CS|Authority|TM|ARL_UPDATE|{\"version\":1,\"items\":[{\"attribute_type\":\"mission\",\"attribute_value\":\"BENCH_ARL\"}]})","tkn":"payload-N00_50","name":"recv_payload","mid":"N00_50","topic":"TM","dest":"TM"}

2026-10-05 18:40:51.867 Authority: {"name":"recv_desc","mid":"N00_54","desc":{"_date":"1791218451866","_nbfrags":"1","src":"Authority","_docid":"N00_54","_weight":"58","topic":"TM","dest":"TM"}}

2026-10-05 18:40:51.867 Authority: {"tkn":"t3","name":"ok"}

2026-10-05 18:40:51.868 Authority: {"data":"TLS(D3CS|Authority|TM|ARL_UPDATE|{\"version\":2,\"items\":[]})","tkn":"payload-N00_54","name":"recv_payload","mid":"N00_54","topic":"TM","dest":"TM"}

2026-10-05 18:40:53.407 Authority: {"name":"recv_desc","mid":"N00_57","desc":{"_date":"1791218453406","_nbfrags":"1","src":"Authority","_docid":"N00_57","_weight":"116","topic":"TM","dest":"TM"}}

2026-10-05 18:40:53.407 Authority: {"tkn":"t3","name":"ok"}

2026-10-05 18:40:53.408 Authority: {"data":"TLS(D3CS|Authority|TM|ARL_UPDATE|{\"version\":3,\"items\":[{\"attribute_type\":\"mission\",\"attribute_value\":\"BENCH_ARL\"}]})","tkn":"payload-N00_57","name":"recv_payload","mid":"N00_57","topic":"TM","dest":"TM"}

2026-10-05 18:40:54.939 Authority: {"name":"recv_desc","mid":"N00_61","desc":{"_date":"1791218454938","_nbfrags":"1","src":"Authority","_docid":"N00_61","_weight":"58","topic":"TM","dest":"TM"}}

2026-10-05 18:40:54.940 Authority: {"tkn":"t3","name":"ok"}

2026-10-05 18:40:54.940 Authority: {"data":"TLS(D3CS|Authority|TM|ARL_UPDATE|{\"version\":4,\"items\":[]})","tkn":"payload-N00_61","name":"recv_payload","mid":"N00_61","topic":"TM","dest":"TM"}

2026-10-05 18:40:56.475 Authority: {"name":"recv_desc","mid":"N00_64","desc":{"_date":"1791218456474","_nbfrags":"1","src":"Authority","_docid":"N00_64","_weight":"116","topic":"TM","dest":"TM"}}

2026-10-05 18:40:56.476 Authority: {"tkn":"t3","name":"ok"}

2026-10-05 18:40:56.521 Authority: {"data":"TLS(D3CS|Authority|TM|ARL_UPDATE|{\"version\":5,\"items\":[{\"attribute_type\":\"mission\",\"attribute_value\":\"BENCH_ARL\"}]})","tkn":"payload-N00_64","name":"recv_payload","mid":"N00_64","topic":"TM","dest":"TM"}

2026-10-05 18:40:58.076 Authority: {"name":"recv_desc","mid":"N00_68","desc":{"_date":"1791218458074","_nbfrags":"1","src":"Authority","_docid":"N00_68","_weight":"58","topic":"TM","dest":"TM"}}

2026-10-05 18:40:58.076 Authority: {"tkn":"t3","name":"ok"}

2026-10-05 18:40:58.076 Authority: {"data":"TLS(D3CS|Authority|TM|ARL_UPDATE|{\"version\":6,\"items\":[]})","tkn":"payload-N00_68","name":"recv_payload","mid":"N00_68","topic":"TM","dest":"TM"}

2026-10-05 18:41:00.411 Authority: {"name":"recv_desc","mid":"N01_100","desc":{"_st":"1791218460363","_date":"1791218460314","_nbfrags":"1","src":"TM1","_docid":"N01_100","_weight":"106","topic":"TM","_rcv":"N00","dest":"TM","_sdr":"N01"}}

2026-10-05 18:41:00.412 Authority: {"data":"TLS(D3CS|TM1|TM|KEY_REQUEST|bench_h1_key_w1|{\"classification\":\"FR-DR\",\"mission\":\"M1\"}|bench_h1_key_w1|TM1)","tkn":"payload-N01_100","name":"recv_payload","mid":"N01_100","topic":"TM","dest":"TM"}

2026-10-05 18:41:00.928 Authority: {"tkn":"t3","name":"ok"}

2026-10-05 18:41:01.435 Authority: {"tkn":"t3","name":"ok"}

2026-10-05 18:41:04.827 Authority: {"name":"recv_desc","mid":"N01_116","desc":{"_st":"1791218464779","_date":"1791218464730","_nbfrags":"1","src":"TM1","_docid":"N01_116","_weight":"108","topic":"TM","_rcv":"N00","dest":"TM","_sdr":"N01"}}

2026-10-05 18:41:04.828 Authority: {"data":"TLS(D3CS|TM1|TM|KEY_REQUEST|bench_h1_key_001|{\"classification\":\"FR-DR\",\"mission\":\"M1\"}|bench_h1_key_001|TM1)","tkn":"payload-N01_116","name":"recv_payload","mid":"N01_116","topic":"TM","dest":"TM"}

2026-10-05 18:41:05.350 Authority: {"tkn":"t3","name":"ok"}

2026-10-05 18:41:05.888 Authority: {"tkn":"t3","name":"ok"}

2026-10-05 18:41:09.278 Authority: {"name":"recv_desc","mid":"N01_133","desc":{"_st":"1791218469227","_date":"1791218469182","_nbfrags":"1","src":"TM1","_docid":"N01_133","_weight":"108","topic":"TM","_rcv":"N00","dest":"TM","_sdr":"N01"}}

2026-10-05 18:41:09.279 Authority: {"data":"TLS(D3CS|TM1|TM|KEY_REQUEST|bench_h1_key_002|{\"classification\":\"FR-DR\",\"mission\":\"M1\"}|bench_h1_key_002|TM1)","tkn":"payload-N01_133","name":"recv_payload","mid":"N01_133","topic":"TM","dest":"TM"}

2026-10-05 18:41:09.795 Authority: {"tkn":"t3","name":"ok"}

2026-10-05 18:41:10.299 Authority: {"tkn":"t3","name":"ok"}

ms\":[]})","tkn":"payload-N00_68","name":"recv_payload","mid":"N00_68","topic":"TM","dest":"TM"}
2026-10-05 18:41:00.411 Authority: {"name":"recv_desc","mid":"N01_100","desc":{"_st":"1791218460363","_date":"1791218460314","_nbfrags":"1","src":"TM1","_docid":"N01_100","_weight":"106","topic":"TM","_rcv":"N00","dest":"TM","_sdr":"N01"}}
2026-10-05 18:41:00.412 Authority: {"data":"TLS(D3CS|TM1|TM|KEY_REQUEST|bench_h1_key_w1|{\"classification\":\"FR-DR\",\"mission\":\"M1\"}|bench_h1_key_w1|TM1)","tkn":"payload-N01_100","name":"recv_payload","mid":"N01_100","topic":"TM","dest":"TM"}
2026-10-05 18:41:00.928 Authority: {"tkn":"t3","name":"ok"}
2026-10-05 18:41:01.435 Authority: {"tkn":"t3","name":"ok"}
2026-10-05 18:41:04.827 Authority: {"name":"recv_desc","mid":"N01_116","desc":{"_st":"1791218464779","_date":"1791218464730","_nbfrags":"1","src":"TM1","_docid":"N01_116","_weight":"108","topic":"TM","_rcv":"N00","dest":"TM","_sdr":"N01"}}
2026-10-05 18:41:04.828 Authority: {"data":"TLS(D3CS|TM1|TM|KEY_REQUEST|bench_h1_key_001|{\"classification\":\"FR-DR\",\"mission\":\"M1\"}|bench_h1_key_001|TM1)","tkn":"payload-N01_116","name":"recv_payload","mid":"N01_116","topic":"TM","dest":"TM"}
2026-10-05 18:41:05.350 Authority: {"tkn":"t3","name":"ok"}
2026-10-05 18:41:05.888 Authority: {"tkn":"t3","name":"ok"}
2026-10-05 18:41:09.278 Authority: {"name":"recv_desc","mid":"N01_133","desc":{"_st":"1791218469227","_date":"1791218469182","_nbfrags":"1","src":"TM1","_docid":"N01_133","_weight":"108","topic":"TM","_rcv":"N00","dest":"TM","_sdr":"N01"}}
2026-10-05 18:41:09.279 Authority: {"data":"TLS(D3CS|TM1|TM|KEY_REQUEST|bench_h1_key_002|{\"classification\":\"FR-DR\",\"mission\":\"M1\"}|bench_h1_key_002|TM1)","tkn":"payload-N01_133","name":"recv_payload","mid":"N01_133","topic":"TM","dest":"TM"}
2026-10-05 18:41:09.795 Authority: {"tkn":"t3","name":"ok"}
2026-10-05 18:41:10.299 Authority: {"tkn":"t3","name":"ok"}
