event=send timestamp_ns=1791218441561336464 workflow=KEY_REQUEST run_id=bench_h1_setup node=U1 source=TM1 destination=TM
event=key_latency timestamp_ns=1791218443820126323 workflow=KEY_REQUEST_RESPONSE run_id=bench_h1_setup node=U1 duration_ns=2258782577
event=receive timestamp_ns=1791218443801459089 workflow=KEY_RESPONSE run_id=bench_h1_setup node=U1 source=Authority destination=bench_h1_setup
event=send timestamp_ns=1791218443945997408 workflow=CT_SHARE run_id=1 node=U1 source=TM1 destination=TM
event=send timestamp_ns=1791218446306390858 workflow=CT_SHARE run_id=2 node=U1 source=TM1 destination=TM
event=send timestamp_ns=1791218447835461931 workflow=CT_SHARE run_id=3 node=U1 source=TM1 destination=TM
event=receive timestamp_ns=1791218450937386401 workflow=ARL_UPDATE run_id=1 node=U1 source=Authority destination=TM
event=receive timestamp_ns=1791218452473445891 workflow=ARL_UPDATE run_id=2 node=U1 source=Authority destination=TM
event=receive timestamp_ns=1791218454013471971 workflow=ARL_UPDATE run_id=3 node=U1 source=Authority destination=TM
event=receive timestamp_ns=1791218455545485863 workflow=ARL_UPDATE run_id=4 node=U1 source=Authority destination=TM
event=receive timestamp_ns=1791218457085298582 workflow=ARL_UPDATE run_id=5 node=U1 source=Authority destination=TM
event=receive timestamp_ns=1791218458681386321 workflow=ARL_UPDATE run_id=6 node=U1 source=Authority destination=TM
event=send timestamp_ns=1791218460313387933 workflow=KEY_REQUEST run_id=bench_h1_key_w1 node=U1 source=TM1 destination=TM
event=key_latency timestamp_ns=1791218462051958485 workflow=KEY_REQUEST_RESPONSE run_id=bench_h1_key_w1 node=U1 duration_ns=1738567572
event=receive timestamp_ns=1791218462045325955 workflow=KEY_RESPONSE run_id=bench_h1_key_w1 node=U1 source=Authority destination=bench_h1_key_w1
event=send timestamp_ns=1791218463705403478 workflow=KEY_REQUEST run_id=bench_h1_key_001 node=U1 source=TM1 destination=TM
event=key_latency timestamp_ns=1791218466496640576 workflow=KEY_REQUEST_RESPONSE run_id=bench_h1_key_001 node=U1 duration_ns=2791236303
event=receive timestamp_ns=1791218466489354165 workflow=KEY_RESPONSE run_id=bench_h1_key_001 node=U1 source=Authority destination=bench_h1_key_001
event=send timestamp_ns=1791218468153341514 workflow=KEY_REQUEST run_id=bench_h1_key_002 node=U1 source=TM1 destination=TM
event=key_latency timestamp_ns=1791218471431002690 workflow=KEY_REQUEST_RESPONSE run_id=bench_h1_key_002 node=U1 duration_ns=3277657042
event=receive timestamp_ns=1791218471421614944 workflow=KEY_RESPONSE run_id=bench_h1_key_002 node=U1 source=Authority destination=bench_h1_key_002
