event=send timestamp_ns=1791217829791791694 workflow=KEY_RESPONSE run_id=bench_h1_setup node=Authority source=Authority destination=bench_h1_setup
event=receive timestamp_ns=1791217829785334396 workflow=KEY_REQUEST run_id=bench_h1_setup node=Authority source=TM1 destination=TM
event=receive timestamp_ns=1791217832313554766 workflow=CT_SHARE run_id=1 node=Authority source=TM1 destination=TM
event=receive timestamp_ns=1791217833849407430 workflow=CT_SHARE run_id=2 node=Authority source=TM1 destination=TM
event=receive timestamp_ns=1791217835385391315 workflow=CT_SHARE run_id=3 node=Authority source=TM1 destination=TM
event=receive timestamp_ns=1791217836985531127 workflow=CT_SHARE run_id=4 node=Authority source=TM1 destination=TM
event=receive timestamp_ns=1791217838521692344 workflow=CT_SHARE run_id=5 node=Authority source=TM1 destination=TM
event=receive timestamp_ns=1791217840057406862 workflow=CT_SHARE run_id=6 node=Authority source=TM1 destination=TM
event=receive timestamp_ns=1791217841593802050 workflow=CT_SHARE run_id=7 node=Authority source=TM1 destination=TM
event=receive timestamp_ns=1791217843129664341 workflow=CT_SHARE run_id=8 node=Authority source=TM1 destination=TM
event=receive timestamp_ns=1791217844665651467 workflow=CT_SHARE run_id=9 node=Authority source=TM1 destination=TM
event=receive timestamp_ns=1791217846265539530 workflow=CT_SHARE run_id=10 node=Authority source=TM1 destination=TM
event=receive timestamp_ns=1791217847801511510 workflow=CT_SHARE run_id=11 node=Authority source=TM1 destination=TM
event=receive timestamp_ns=1791217849369584403 workflow=CT_SHARE run_id=12 node=Authority source=TM1 destination=TM
event=receive timestamp_ns=1791217850969619405 workflow=CT_SHARE run_id=13 node=Authority source=TM1 destination=TM
event=receive timestamp_ns=1791217852473700197 workflow=CT_SHARE run_id=14 node=Authority source=TM1 destination=TM
event=receive timestamp_ns=1791217854010083623 workflow=CT_SHARE run_id=15 node=Authority source=TM1 destination=TM
event=receive timestamp_ns=1791217855545915094 workflow=CT_SHARE run_id=16 node=Authority source=TM1 destination=TM
event=receive timestamp_ns=1791217857081540824 workflow=CT_SHARE run_id=17 node=Authority source=TM1 destination=TM
event=receive timestamp_ns=1791217858713790427 workflow=CT_SHARE run_id=18 node=Authority source=TM1 destination=TM
event=receive timestamp_ns=1791217860317770264 workflow=CT_SHARE run_id=19 node=Authority source=TM1 destination=TM
event=receive timestamp_ns=1791217861817637761 workflow=CT_SHARE run_id=20 node=Authority source=TM1 destination=TM
event=receive timestamp_ns=1791217863353752243 workflow=CT_SHARE run_id=21 node=Authority source=TM1 destination=TM
event=receive timestamp_ns=1791217864889817525 workflow=CT_SHARE run_id=22 node=Authority source=TM1 destination=TM
event=receive timestamp_ns=1791217866489617020 workflow=CT_SHARE run_id=23 node=Authority source=TM1 destination=TM
event=receive timestamp_ns=1791217868025922589 workflow=CT_SHARE run_id=24 node=Authority source=TM1 destination=TM
event=receive timestamp_ns=1791217869561569493 workflow=CT_SHARE run_id=25 node=Authority source=TM1 destination=TM
event=receive timestamp_ns=1791217871161777651 workflow=CT_SHARE run_id=26 node=Authority source=TM1 destination=TM
event=receive timestamp_ns=1791217872733739679 workflow=CT_SHARE run_id=27 node=Authority source=TM1 destination=TM
event=receive timestamp_ns=1791217874301932594 workflow=CT_SHARE run_id=28 node=Authority source=TM1 destination=TM
event=receive timestamp_ns=1791217875837509431 workflow=CT_SHARE run_id=29 node=Authority source=TM1 destination=TM
event=receive timestamp_ns=1791217877369479593 workflow=CT_SHARE run_id=30 node=Authority source=TM1 destination=TM
event=receive timestamp_ns=1791217878905868715 workflow=CT_SHARE run_id=31 node=Authority source=TM1 destination=TM
event=receive timestamp_ns=1791217880441884283 workflow=CT_SHARE run_id=32 node=Authority source=TM1 destination=TM
event=receive timestamp_ns=1791217882073844122 workflow=CT_SHARE run_id=33 node=Authority source=TM1 destination=TM
event=receive timestamp_ns=1791217883613512634 workflow=CT_SHARE run_id=34 node=Authority source=TM1 destination=TM
event=receive timestamp_ns=1791217885145891237 workflow=CT_SHARE run_id=35 node=Authority source=TM1 destination=TM
event=send timestamp_ns=1791217885265794937 workflow=ARL_UPDATE run_id=1 node=Authority source=Authority destination=TM
event=send timestamp_ns=1791217886602938040 workflow=ARL_UPDATE run_id=2 node=Authority source=Authority destination=TM
event=send timestamp_ns=1791217888141758926 workflow=ARL_UPDATE run_id=3 node=Authority source=Authority destination=TM
event=send timestamp_ns=1791217889539512518 workflow=ARL_UPDATE run_id=4 node=Authority source=Authority destination=TM
event=send timestamp_ns=1791217891139166540 workflow=ARL_UPDATE run_id=5 node=Authority source=Authority destination=TM
event=send timestamp_ns=1791217892874805400 workflow=ARL_UPDATE run_id=6 node=Authority source=Authority destination=TM
event=send timestamp_ns=1791217894275655954 workflow=ARL_UPDATE run_id=7 node=Authority source=Authority destination=TM
event=send timestamp_ns=1791217895875105161 workflow=ARL_UPDATE run_id=8 node=Authority source=Authority destination=TM
event=send timestamp_ns=1791217897614712109 workflow=ARL_UPDATE run_id=9 node=Authority source=Authority destination=TM
event=send timestamp_ns=1791217899149895758 workflow=ARL_UPDATE run_id=10 node=Authority source=Authority destination=TM
event=send timestamp_ns=1791217900685716939 workflow=ARL_UPDATE run_id=11 node=Authority source=Authority destination=TM
event=send timestamp_ns=1791217902222665253 workflow=ARL_UPDATE run_id=12 node=Authority source=Authority destination=TM
event=send timestamp_ns=1791217903754776656 workflow=ARL_UPDATE run_id=13 node=Authority source=Authority destination=TM
event=send timestamp_ns=1791217905295865624 workflow=ARL_UPDATE run_id=14 node=Authority source=Authority destination=TM
event=send timestamp_ns=1791217906823149180 workflow=ARL_UPDATE run_id=15 node=Authority source=Authority destination=TM
event=send timestamp_ns=1791217908355310406 workflow=ARL_UPDATE run_id=16 node=Authority source=Authority destination=TM
event=send timestamp_ns=1791217909899443817 workflow=ARL_UPDATE run_id=17 node=Authority source=Authority destination=TM
event=send timestamp_ns=1791217911443749087 workflow=ARL_UPDATE run_id=18 node=Authority source=Authority destination=TM
event=send timestamp_ns=1791217912974280801 workflow=ARL_UPDATE run_id=19 node=Authority source=Authority destination=TM
event=send timestamp_ns=1791217914513337905 workflow=ARL_UPDATE run_id=20 node=Authority source=Authority destination=TM
event=send timestamp_ns=1791217916047700793 workflow=ARL_UPDATE run_id=21 node=Authority source=Authority destination=TM
event=send timestamp_ns=1791217917583277626 workflow=ARL_UPDATE run_id=22 node=Authority source=Authority destination=TM
event=send timestamp_ns=1791217918976237892 workflow=ARL_UPDATE run_id=23 node=Authority source=Authority destination=TM
event=send timestamp_ns=1791217920717728885 workflow=ARL_UPDATE run_id=24 node=Authority source=Authority destination=TM
event=send timestamp_ns=1791217922256359351 workflow=ARL_UPDATE run_id=25 node=Authority source=Authority destination=TM
event=send timestamp_ns=1791217923789921751 workflow=ARL_UPDATE run_id=26 node=Authority source=Authority destination=TM
event=send timestamp_ns=1791217925331154681 workflow=ARL_UPDATE run_id=27 node=Authority source=Authority destination=TM
event=send timestamp_ns=1791217926860853525 workflow=ARL_UPDATE run_id=28 node=Authority source=Authority destination=TM
event=send timestamp_ns=1791217928400192739 workflow=ARL_UPDATE run_id=29 node=Authority source=Authority destination=TM
event=send timestamp_ns=1791217929931513709 workflow=ARL_UPDATE run_id=30 node=Authority source=Authority destination=TM
event=send timestamp_ns=1791217931474663868 workflow=ARL_UPDATE run_id=31 node=Authority source=Authority destination=TM
event=send timestamp_ns=1791217932805478687 workflow=ARL_UPDATE run_id=32 node=Authority source=Authority destination=TM
event=send timestamp_ns=1791217934542850106 workflow=ARL_UPDATE run_id=33 node=Authority source=Authority destination=TM
event=send timestamp_ns=1791217935938322597 workflow=ARL_UPDATE run_id=34 node=Authority source=Authority destination=TM
event=send timestamp_ns=1791217937669789611 workflow=ARL_UPDATE run_id=35 node=Authority source=Authority destination=TM
event=send timestamp_ns=1791217939209561401 workflow=ARL_UPDATE run_id=36 node=Authority source=Authority destination=TM
event=send timestamp_ns=1791217940604720781 workflow=ARL_UPDATE run_id=37 node=Authority source=Authority destination=TM
event=send timestamp_ns=1791217942345608089 workflow=ARL_UPDATE run_id=38 node=Authority source=Authority destination=TM
event=send timestamp_ns=1791217943881693365 workflow=ARL_UPDATE run_id=39 node=Authority source=Authority destination=TM
event=send timestamp_ns=1791217945421433915 workflow=ARL_UPDATE run_id=40 node=Authority source=Authority destination=TM
event=send timestamp_ns=1791217946949119312 workflow=ARL_UPDATE run_id=41 node=Authority source=Authority destination=TM
event=send timestamp_ns=1791217948351336490 workflow=ARL_UPDATE run_id=42 node=Authority source=Authority destination=TM
event=send timestamp_ns=1791217950092780168 workflow=ARL_UPDATE run_id=43 node=Authority source=Authority destination=TM
event=send timestamp_ns=1791217951495219608 workflow=ARL_UPDATE run_id=44 node=Authority source=Authority destination=TM
event=send timestamp_ns=1791217953237734807 workflow=ARL_UPDATE run_id=45 node=Authority source=Authority destination=TM
event=send timestamp_ns=1791217954765649023 workflow=ARL_UPDATE run_id=46 node=Authority source=Authority destination=TM
event=send timestamp_ns=1791217956296229146 workflow=ARL_UPDATE run_id=47 node=Authority source=Authority destination=TM
event=send timestamp_ns=1791217957830865866 workflow=ARL_UPDATE run_id=48 node=Authority source=Authority destination=TM
event=send timestamp_ns=1791217959365625491 workflow=ARL_UPDATE run_id=49 node=Authority source=Authority destination=TM
event=send timestamp_ns=1791217960906955983 workflow=ARL_UPDATE run_id=50 node=Authority source=Authority destination=TM
event=send timestamp_ns=1791217962449508100 workflow=ARL_UPDATE run_id=51 node=Authority source=Authority destination=TM
event=send timestamp_ns=1791217963983705066 workflow=ARL_UPDATE run_id=52 node=Authority source=Authority destination=TM
event=send timestamp_ns=1791217965524302501 workflow=ARL_UPDATE run_id=53 node=Authority source=Authority destination=TM
event=send timestamp_ns=1791217967063198448 workflow=ARL_UPDATE run_id=54 node=Authority source=Authority destination=TM
event=send timestamp_ns=1791217968591919143 workflow=ARL_UPDATE run_id=55 node=Authority source=Authority destination=TM
event=send timestamp_ns=1791217970128990960 workflow=ARL_UPDATE run_id=56 node=Authority source=Authority destination=TM
event=send timestamp_ns=1791217971663370475 workflow=ARL_UPDATE run_id=57 node=Authority source=Authority destination=TM
event=send timestamp_ns=1791217973206368731 workflow=ARL_UPDATE run_id=58 node=Authority source=Authority destination=TM
event=send timestamp_ns=1791217974730160832 workflow=ARL_UPDATE run_id=59 node=Authority source=Authority destination=TM
event=send timestamp_ns=1791217976264871589 workflow=ARL_UPDATE run_id=60 node=Authority source=Authority destination=TM
event=send timestamp_ns=1791217977800405931 workflow=ARL_UPDATE run_id=61 node=Authority source=Authority destination=TM
event=send timestamp_ns=1791217979343990410 workflow=ARL_UPDATE run_id=62 node=Authority source=Authority destination=TM
event=send timestamp_ns=1791217980874734784 workflow=ARL_UPDATE run_id=63 node=Authority source=Authority destination=TM
event=send timestamp_ns=1791217982407524428 workflow=ARL_UPDATE run_id=64 node=Authority source=Authority destination=TM
event=send timestamp_ns=1791217983941210738 workflow=ARL_UPDATE run_id=65 node=Authority source=Authority destination=TM
event=send timestamp_ns=1791217985486250814 workflow=ARL_UPDATE run_id=66 node=Authority source=Authority destination=TM
event=send timestamp_ns=1791217987019112782 workflow=ARL_UPDATE run_id=67 node=Authority source=Authority destination=TM
event=send timestamp_ns=1791217988553619409 workflow=ARL_UPDATE run_id=68 node=Authority source=Authority destination=TM
event=send timestamp_ns=1791217990088882662 workflow=ARL_UPDATE run_id=69 node=Authority source=Authority destination=TM
event=send timestamp_ns=1791217991625588082 workflow=ARL_UPDATE run_id=70 node=Authority source=Authority destination=TM
event=send timestamp_ns=1791217995747436335 workflow=KEY_RESPONSE run_id=bench_h1_key_w1 node=Authority source=Authority destination=bench_h1_key_w1
event=receive timestamp_ns=1791217995737712219 workflow=KEY_REQUEST run_id=bench_h1_key_w1 node=Authority source=TM1 destination=TM
event=send timestamp_ns=1791217998078008792 workflow=KEY_RESPONSE run_id=bench_h1_key_w2 node=Authority source=Authority destination=bench_h1_key_w2
event=receive timestamp_ns=1791217998073370029 workflow=KEY_REQUEST run_id=bench_h1_key_w2 node=Authority source=TM1 destination=TM
event=send timestamp_ns=1791218001439072380 workflow=KEY_RESPONSE run_id=bench_h1_key_w3 node=Authority source=Authority destination=bench_h1_key_w3
event=receive timestamp_ns=1791218001433466946 workflow=KEY_REQUEST run_id=bench_h1_key_w3 node=Authority source=TM1 destination=TM
event=send timestamp_ns=1791218004799932132 workflow=KEY_RESPONSE run_id=bench_h1_key_w4 node=Authority source=Authority destination=bench_h1_key_w4
event=receive timestamp_ns=1791218004793479836 workflow=KEY_REQUEST run_id=bench_h1_key_w4 node=Authority source=TM1 destination=TM
event=send timestamp_ns=1791218008163092655 workflow=KEY_RESPONSE run_id=bench_h1_key_w5 node=Authority source=Authority destination=bench_h1_key_w5
event=receive timestamp_ns=1791218008153545140 workflow=KEY_REQUEST run_id=bench_h1_key_w5 node=Authority source=TM1 destination=TM
event=send timestamp_ns=1791218011552050765 workflow=KEY_RESPONSE run_id=bench_h1_key_001 node=Authority source=Authority destination=bench_h1_key_001
event=receive timestamp_ns=1791218011545418468 workflow=KEY_REQUEST run_id=bench_h1_key_001 node=Authority source=TM1 destination=TM
event=send timestamp_ns=1791218014916788549 workflow=KEY_RESPONSE run_id=bench_h1_key_002 node=Authority source=Authority destination=bench_h1_key_002
event=receive timestamp_ns=1791218014909857990 workflow=KEY_REQUEST run_id=bench_h1_key_002 node=Authority source=TM1 destination=TM
event=send timestamp_ns=1791218017214615454 workflow=KEY_RESPONSE run_id=bench_h1_key_003 node=Authority source=Authority destination=bench_h1_key_003
event=receive timestamp_ns=1791218017209763326 workflow=KEY_REQUEST run_id=bench_h1_key_003 node=Authority source=TM1 destination=TM
event=send timestamp_ns=1791218020575804630 workflow=KEY_RESPONSE run_id=bench_h1_key_004 node=Authority source=Authority destination=bench_h1_key_004
event=receive timestamp_ns=1791218020569576083 workflow=KEY_REQUEST run_id=bench_h1_key_004 node=Authority source=TM1 destination=TM
event=send timestamp_ns=1791218023937177287 workflow=KEY_RESPONSE run_id=bench_h1_key_005 node=Authority source=Authority destination=bench_h1_key_005
event=receive timestamp_ns=1791218023929585175 workflow=KEY_REQUEST run_id=bench_h1_key_005 node=Authority source=TM1 destination=TM
event=send timestamp_ns=1791218027294263129 workflow=KEY_RESPONSE run_id=bench_h1_key_006 node=Authority source=Authority destination=bench_h1_key_006
event=receive timestamp_ns=1791218027289767312 workflow=KEY_REQUEST run_id=bench_h1_key_006 node=Authority source=TM1 destination=TM
event=send timestamp_ns=1791218031710161534 workflow=KEY_RESPONSE run_id=bench_h1_key_007 node=Authority source=Authority destination=bench_h1_key_007
event=receive timestamp_ns=1791218031705526157 workflow=KEY_REQUEST run_id=bench_h1_key_007 node=Authority source=TM1 destination=TM
event=send timestamp_ns=1791218036133080516 workflow=KEY_RESPONSE run_id=bench_h1_key_008 node=Authority source=Authority destination=bench_h1_key_008
event=receive timestamp_ns=1791218036121850249 workflow=KEY_REQUEST run_id=bench_h1_key_008 node=Authority source=TM1 destination=TM
event=send timestamp_ns=1791218039523870351 workflow=KEY_RESPONSE run_id=bench_h1_key_009 node=Authority source=Authority destination=bench_h1_key_009
event=receive timestamp_ns=1791218039513562241 workflow=KEY_REQUEST run_id=bench_h1_key_009 node=Authority source=TM1 destination=TM
event=send timestamp_ns=1791218043941332348 workflow=KEY_RESPONSE run_id=bench_h1_key_010 node=Authority source=Authority destination=bench_h1_key_010
event=receive timestamp_ns=1791218043929647506 workflow=KEY_REQUEST run_id=bench_h1_key_010 node=Authority source=TM1 destination=TM
event=send timestamp_ns=1791218048355736777 workflow=KEY_RESPONSE run_id=bench_h1_key_011 node=Authority source=Authority destination=bench_h1_key_011
event=receive timestamp_ns=1791218048345526577 workflow=KEY_REQUEST run_id=bench_h1_key_011 node=Authority source=TM1 destination=TM
event=send timestamp_ns=1791218051781934523 workflow=KEY_RESPONSE run_id=bench_h1_key_012 node=Authority source=Authority destination=bench_h1_key_012
event=receive timestamp_ns=1791218051769709091 workflow=KEY_REQUEST run_id=bench_h1_key_012 node=Authority source=TM1 destination=TM
event=send timestamp_ns=1791218055167350309 workflow=KEY_RESPONSE run_id=bench_h1_key_013 node=Authority source=Authority destination=bench_h1_key_013
event=receive timestamp_ns=1791218055161568688 workflow=KEY_REQUEST run_id=bench_h1_key_013 node=Authority source=TM1 destination=TM
event=send timestamp_ns=1791218058564682451 workflow=KEY_RESPONSE run_id=bench_h1_key_014 node=Authority source=Authority destination=bench_h1_key_014
event=receive timestamp_ns=1791218058553822232 workflow=KEY_REQUEST run_id=bench_h1_key_014 node=Authority source=TM1 destination=TM
event=send timestamp_ns=1791218060929724240 workflow=KEY_RESPONSE run_id=bench_h1_key_015 node=Authority source=Authority destination=bench_h1_key_015
event=receive timestamp_ns=1791218060921538240 workflow=KEY_REQUEST run_id=bench_h1_key_015 node=Authority source=TM1 destination=TM
event=send timestamp_ns=1791218064328704965 workflow=KEY_RESPONSE run_id=bench_h1_key_016 node=Authority source=Authority destination=bench_h1_key_016
event=receive timestamp_ns=1791218064314047107 workflow=KEY_REQUEST run_id=bench_h1_key_016 node=Authority source=TM1 destination=TM
event=send timestamp_ns=1791218067716794938 workflow=KEY_RESPONSE run_id=bench_h1_key_017 node=Authority source=Authority destination=bench_h1_key_017
event=receive timestamp_ns=1791218067705763758 workflow=KEY_REQUEST run_id=bench_h1_key_017 node=Authority source=TM1 destination=TM
event=send timestamp_ns=1791218071110061165 workflow=KEY_RESPONSE run_id=bench_h1_key_018 node=Authority source=Authority destination=bench_h1_key_018
event=receive timestamp_ns=1791218071098149548 workflow=KEY_REQUEST run_id=bench_h1_key_018 node=Authority source=TM1 destination=TM
event=send timestamp_ns=1791218073479409353 workflow=KEY_RESPONSE run_id=bench_h1_key_019 node=Authority source=Authority destination=bench_h1_key_019
event=receive timestamp_ns=1791218073466103397 workflow=KEY_REQUEST run_id=bench_h1_key_019 node=Authority source=TM1 destination=TM
event=send timestamp_ns=1791218077926454311 workflow=KEY_RESPONSE run_id=bench_h1_key_020 node=Authority source=Authority destination=bench_h1_key_020
event=receive timestamp_ns=1791218077917549398 workflow=KEY_REQUEST run_id=bench_h1_key_020 node=Authority source=TM1 destination=TM
event=send timestamp_ns=1791218081352088667 workflow=KEY_RESPONSE run_id=bench_h1_key_021 node=Authority source=Authority destination=bench_h1_key_021
event=receive timestamp_ns=1791218081341776351 workflow=KEY_REQUEST run_id=bench_h1_key_021 node=Authority source=TM1 destination=TM
event=send timestamp_ns=1791218084774514289 workflow=KEY_RESPONSE run_id=bench_h1_key_022 node=Authority source=Authority destination=bench_h1_key_022
event=receive timestamp_ns=1791218084761806183 workflow=KEY_REQUEST run_id=bench_h1_key_022 node=Authority source=TM1 destination=TM
event=send timestamp_ns=1791218088159557400 workflow=KEY_RESPONSE run_id=bench_h1_key_023 node=Authority source=Authority destination=bench_h1_key_023
event=receive timestamp_ns=1791218088153576640 workflow=KEY_REQUEST run_id=bench_h1_key_023 node=Authority source=TM1 destination=TM
event=send timestamp_ns=1791218091550016040 workflow=KEY_RESPONSE run_id=bench_h1_key_024 node=Authority source=Authority destination=bench_h1_key_024
event=receive timestamp_ns=1791218091545355030 workflow=KEY_REQUEST run_id=bench_h1_key_024 node=Authority source=TM1 destination=TM
event=send timestamp_ns=1791218094912174634 workflow=KEY_RESPONSE run_id=bench_h1_key_025 node=Authority source=Authority destination=bench_h1_key_025
event=receive timestamp_ns=1791218094905667407 workflow=KEY_REQUEST run_id=bench_h1_key_025 node=Authority source=TM1 destination=TM
event=send timestamp_ns=1791218099294366275 workflow=KEY_RESPONSE run_id=bench_h1_key_026 node=Authority source=Authority destination=bench_h1_key_026
event=receive timestamp_ns=1791218099289424608 workflow=KEY_REQUEST run_id=bench_h1_key_026 node=Authority source=TM1 destination=TM
event=send timestamp_ns=1791218101631222171 workflow=KEY_RESPONSE run_id=bench_h1_key_027 node=Authority source=Authority destination=bench_h1_key_027
event=receive timestamp_ns=1791218101625563129 workflow=KEY_REQUEST run_id=bench_h1_key_027 node=Authority source=TM1 destination=TM
event=send timestamp_ns=1791218105025190176 workflow=KEY_RESPONSE run_id=bench_h1_key_028 node=Authority source=Authority destination=bench_h1_key_028
event=receive timestamp_ns=1791218105017578833 workflow=KEY_REQUEST run_id=bench_h1_key_028 node=Authority source=TM1 destination=TM
event=send timestamp_ns=1791218108420900429 workflow=KEY_RESPONSE run_id=bench_h1_key_029 node=Authority source=Authority destination=bench_h1_key_029
event=receive timestamp_ns=1791218108413753393 workflow=KEY_REQUEST run_id=bench_h1_key_029 node=Authority source=TM1 destination=TM
event=send timestamp_ns=1791218111841578711 workflow=KEY_RESPONSE run_id=bench_h1_key_030 node=Authority source=Authority destination=bench_h1_key_030
event=receive timestamp_ns=1791218111833651090 workflow=KEY_REQUEST run_id=bench_h1_key_030 node=Authority source=TM1 destination=TM
