event=receive timestamp_ns=1791217829273556698 workflow=KEY_REQUEST run_id=bench_h1_setup node=U2 source=TM1 destination=TM
event=receive timestamp_ns=1791217832825412221 workflow=CT_SHARE run_id=1 node=U2 source=TM1 destination=TM
event=receive timestamp_ns=1791217834361361012 workflow=CT_SHARE run_id=2 node=U2 source=TM1 destination=TM
event=receive timestamp_ns=1791217835901461393 workflow=CT_SHARE run_id=3 node=U2 source=TM1 destination=TM
event=receive timestamp_ns=1791217837497582505 workflow=CT_SHARE run_id=4 node=U2 source=TM1 destination=TM
event=receive timestamp_ns=1791217839033527261 workflow=CT_SHARE run_id=5 node=U2 source=TM1 destination=TM
event=receive timestamp_ns=1791217840601480180 workflow=CT_SHARE run_id=6 node=U2 source=TM1 destination=TM
event=receive timestamp_ns=1791217842105612327 workflow=CT_SHARE run_id=7 node=U2 source=TM1 destination=TM
event=receive timestamp_ns=1791217843641552756 workflow=CT_SHARE run_id=8 node=U2 source=TM1 destination=TM
event=receive timestamp_ns=1791217845209668107 workflow=CT_SHARE run_id=9 node=U2 source=TM1 destination=TM
event=receive timestamp_ns=1791217846777569913 workflow=CT_SHARE run_id=10 node=U2 source=TM1 destination=TM
event=receive timestamp_ns=1791217848313836000 workflow=CT_SHARE run_id=11 node=U2 source=TM1 destination=TM
event=receive timestamp_ns=1791217849849533070 workflow=CT_SHARE run_id=12 node=U2 source=TM1 destination=TM
event=receive timestamp_ns=1791217851481543216 workflow=CT_SHARE run_id=13 node=U2 source=TM1 destination=TM
event=receive timestamp_ns=1791217852985658667 workflow=CT_SHARE run_id=14 node=U2 source=TM1 destination=TM
event=receive timestamp_ns=1791217854557813131 workflow=CT_SHARE run_id=15 node=U2 source=TM1 destination=TM
event=receive timestamp_ns=1791217856057516825 workflow=CT_SHARE run_id=16 node=U2 source=TM1 destination=TM
event=receive timestamp_ns=1791217857593724219 workflow=CT_SHARE run_id=17 node=U2 source=TM1 destination=TM
event=receive timestamp_ns=1791217859226024450 workflow=CT_SHARE run_id=18 node=U2 source=TM1 destination=TM
event=receive timestamp_ns=1791217860825905519 workflow=CT_SHARE run_id=19 node=U2 source=TM1 destination=TM
event=receive timestamp_ns=1791217862329844898 workflow=CT_SHARE run_id=20 node=U2 source=TM1 destination=TM
event=receive timestamp_ns=1791217863865894937 workflow=CT_SHARE run_id=21 node=U2 source=TM1 destination=TM
event=receive timestamp_ns=1791217865401978937 workflow=CT_SHARE run_id=22 node=U2 source=TM1 destination=TM
event=receive timestamp_ns=1791217867001796693 workflow=CT_SHARE run_id=23 node=U2 source=TM1 destination=TM
event=receive timestamp_ns=1791217868537946152 workflow=CT_SHARE run_id=24 node=U2 source=TM1 destination=TM
event=receive timestamp_ns=1791217870073750932 workflow=CT_SHARE run_id=25 node=U2 source=TM1 destination=TM
event=receive timestamp_ns=1791217871673444738 workflow=CT_SHARE run_id=26 node=U2 source=TM1 destination=TM
event=receive timestamp_ns=1791217873245479141 workflow=CT_SHARE run_id=27 node=U2 source=TM1 destination=TM
event=receive timestamp_ns=1791217874809776781 workflow=CT_SHARE run_id=28 node=U2 source=TM1 destination=TM
event=receive timestamp_ns=1791217876353507382 workflow=CT_SHARE run_id=29 node=U2 source=TM1 destination=TM
event=receive timestamp_ns=1791217877881349654 workflow=CT_SHARE run_id=30 node=U2 source=TM1 destination=TM
event=receive timestamp_ns=1791217879449878093 workflow=CT_SHARE run_id=31 node=U2 source=TM1 destination=TM
event=receive timestamp_ns=1791217880953818109 workflow=CT_SHARE run_id=32 node=U2 source=TM1 destination=TM
event=receive timestamp_ns=1791217882585825613 workflow=CT_SHARE run_id=33 node=U2 source=TM1 destination=TM
event=receive timestamp_ns=1791217884121724823 workflow=CT_SHARE run_id=34 node=U2 source=TM1 destination=TM
event=receive timestamp_ns=1791217885977841056 workflow=CT_SHARE run_id=35 node=U2 source=TM1 destination=TM
event=receive timestamp_ns=1791217885992581707 workflow=ARL_UPDATE run_id=1 node=U2 source=Authority destination=TM
event=receive timestamp_ns=1791217887513575150 workflow=ARL_UPDATE run_id=2 node=U2 source=Authority destination=TM
event=receive timestamp_ns=1791217889081713404 workflow=ARL_UPDATE run_id=3 node=U2 source=Authority destination=TM
event=receive timestamp_ns=1791217890650199870 workflow=ARL_UPDATE run_id=4 node=U2 source=Authority destination=TM
event=receive timestamp_ns=1791217892249992990 workflow=ARL_UPDATE run_id=5 node=U2 source=Authority destination=TM
event=receive timestamp_ns=1791217893785902168 workflow=ARL_UPDATE run_id=6 node=U2 source=Authority destination=TM
event=receive timestamp_ns=1791217895385444882 workflow=ARL_UPDATE run_id=7 node=U2 source=Authority destination=TM
event=receive timestamp_ns=1791217896985577492 workflow=ARL_UPDATE run_id=8 node=U2 source=Authority destination=TM
event=receive timestamp_ns=1791217898553854005 workflow=ARL_UPDATE run_id=9 node=U2 source=Authority destination=TM
event=receive timestamp_ns=1791217900057867477 workflow=ARL_UPDATE run_id=10 node=U2 source=Authority destination=TM
event=receive timestamp_ns=1791217901593876278 workflow=ARL_UPDATE run_id=11 node=U2 source=Authority destination=TM
event=receive timestamp_ns=1791217903130638072 workflow=ARL_UPDATE run_id=12 node=U2 source=Authority destination=TM
event=receive timestamp_ns=1791217904669517819 workflow=ARL_UPDATE run_id=13 node=U2 source=Authority destination=TM
event=receive timestamp_ns=1791217906205692946 workflow=ARL_UPDATE run_id=14 node=U2 source=Authority destination=TM
event=receive timestamp_ns=1791217907737557958 workflow=ARL_UPDATE run_id=15 node=U2 source=Authority destination=TM
event=receive timestamp_ns=1791217909273898690 workflow=ARL_UPDATE run_id=16 node=U2 source=Authority destination=TM
event=receive timestamp_ns=1791217910809563557 workflow=ARL_UPDATE run_id=17 node=U2 source=Authority destination=TM
event=receive timestamp_ns=1791217912345848369 workflow=ARL_UPDATE run_id=18 node=U2 source=Authority destination=TM
event=receive timestamp_ns=1791217913917615405 workflow=ARL_UPDATE run_id=19 node=U2 source=Authority destination=TM
event=receive timestamp_ns=1791217915417678855 workflow=ARL_UPDATE run_id=20 node=U2 source=Authority destination=TM
event=receive timestamp_ns=1791217916953936433 workflow=ARL_UPDATE run_id=21 node=U2 source=Authority destination=TM
event=receive timestamp_ns=1791217918521752583 workflow=ARL_UPDATE run_id=22 node=U2 source=Authority destination=TM
event=receive timestamp_ns=1791217920089681025 workflow=ARL_UPDATE run_id=23 node=U2 source=Authority destination=TM
event=receive timestamp_ns=1791217921625331060 workflow=ARL_UPDATE run_id=24 node=U2 source=Authority destination=TM
event=receive timestamp_ns=1791217923161561741 workflow=ARL_UPDATE run_id=25 node=U2 source=Authority destination=TM
event=receive timestamp_ns=1791217924729720964 workflow=ARL_UPDATE run_id=26 node=U2 source=Authority destination=TM
event=receive timestamp_ns=1791217926233563705 workflow=ARL_UPDATE run_id=27 node=U2 source=Authority destination=TM
event=receive timestamp_ns=1791217927773555385 workflow=ARL_UPDATE run_id=28 node=U2 source=Authority destination=TM
event=receive timestamp_ns=1791217929306294517 workflow=ARL_UPDATE run_id=29 node=U2 source=Authority destination=TM
event=receive timestamp_ns=1791217930877557218 workflow=ARL_UPDATE run_id=30 node=U2 source=Authority destination=TM
event=receive timestamp_ns=1791217932381552632 workflow=ARL_UPDATE run_id=31 node=U2 source=Authority destination=TM
event=receive timestamp_ns=1791217933913829671 workflow=ARL_UPDATE run_id=32 node=U2 source=Authority destination=TM
event=receive timestamp_ns=1791217935449620187 workflow=ARL_UPDATE run_id=33 node=U2 source=Authority destination=TM
event=receive timestamp_ns=1791217937053334365 workflow=ARL_UPDATE run_id=34 node=U2 source=Authority destination=TM
event=receive timestamp_ns=1791217938585651404 workflow=ARL_UPDATE run_id=35 node=U2 source=Authority destination=TM
event=receive timestamp_ns=1791217940121445402 workflow=ARL_UPDATE run_id=36 node=U2 source=Authority destination=TM
event=receive timestamp_ns=1791217941721474274 workflow=ARL_UPDATE run_id=37 node=U2 source=Authority destination=TM
event=receive timestamp_ns=1791217943289585846 workflow=ARL_UPDATE run_id=38 node=U2 source=Authority destination=TM
event=receive timestamp_ns=1791217944793437509 workflow=ARL_UPDATE run_id=39 node=U2 source=Authority destination=TM
event=receive timestamp_ns=1791217946329611899 workflow=ARL_UPDATE run_id=40 node=U2 source=Authority destination=TM
event=receive timestamp_ns=1791217947865708027 workflow=ARL_UPDATE run_id=41 node=U2 source=Authority destination=TM
event=receive timestamp_ns=1791217949465506414 workflow=ARL_UPDATE run_id=42 node=U2 source=Authority destination=TM
event=receive timestamp_ns=1791217951034036984 workflow=ARL_UPDATE run_id=43 node=U2 source=Authority destination=TM
event=receive timestamp_ns=1791217952605762880 workflow=ARL_UPDATE run_id=44 node=U2 source=Authority destination=TM
event=receive timestamp_ns=1791217954173507384 workflow=ARL_UPDATE run_id=45 node=U2 source=Authority destination=TM
event=receive timestamp_ns=1791217955673411853 workflow=ARL_UPDATE run_id=46 node=U2 source=Authority destination=TM
event=receive timestamp_ns=1791217957209309459 workflow=ARL_UPDATE run_id=47 node=U2 source=Authority destination=TM
event=receive timestamp_ns=1791217958749600585 workflow=ARL_UPDATE run_id=48 node=U2 source=Authority destination=TM
event=receive timestamp_ns=1791217960281620243 workflow=ARL_UPDATE run_id=49 node=U2 source=Authority destination=TM
event=receive timestamp_ns=1791217961817820500 workflow=ARL_UPDATE run_id=50 node=U2 source=Authority destination=TM
event=receive timestamp_ns=1791217963353582843 workflow=ARL_UPDATE run_id=51 node=U2 source=Authority destination=TM
event=receive timestamp_ns=1791217964889551306 workflow=ARL_UPDATE run_id=52 node=U2 source=Authority destination=TM
event=receive timestamp_ns=1791217966425893771 workflow=ARL_UPDATE run_id=53 node=U2 source=Authority destination=TM
event=receive timestamp_ns=1791217967961775946 workflow=ARL_UPDATE run_id=54 node=U2 source=Authority destination=TM
event=receive timestamp_ns=1791217969529542656 workflow=ARL_UPDATE run_id=55 node=U2 source=Authority destination=TM
event=receive timestamp_ns=1791217971033593988 workflow=ARL_UPDATE run_id=56 node=U2 source=Authority destination=TM
event=receive timestamp_ns=1791217972569636625 workflow=ARL_UPDATE run_id=57 node=U2 source=Authority destination=TM
event=receive timestamp_ns=1791217974105720838 workflow=ARL_UPDATE run_id=58 node=U2 source=Authority destination=TM
event=receive timestamp_ns=1791217975641460393 workflow=ARL_UPDATE run_id=59 node=U2 source=Authority destination=TM
event=receive timestamp_ns=1791217977177338227 workflow=ARL_UPDATE run_id=60 node=U2 source=Authority destination=TM
event=receive timestamp_ns=1791217978713733740 workflow=ARL_UPDATE run_id=61 node=U2 source=Authority destination=TM
event=receive timestamp_ns=1791217980253417744 workflow=ARL_UPDATE run_id=62 node=U2 source=Authority destination=TM
event=receive timestamp_ns=1791217981789663720 workflow=ARL_UPDATE run_id=63 node=U2 source=Authority destination=TM
event=receive timestamp_ns=1791217983321409397 workflow=ARL_UPDATE run_id=64 node=U2 source=Authority destination=TM
event=receive timestamp_ns=1791217984861467704 workflow=ARL_UPDATE run_id=65 node=U2 source=Authority destination=TM
event=receive timestamp_ns=1791217986393510631 workflow=ARL_UPDATE run_id=66 node=U2 source=Authority destination=TM
event=receive timestamp_ns=1791217987929587215 workflow=ARL_UPDATE run_id=67 node=U2 source=Authority destination=TM
event=receive timestamp_ns=1791217989465614160 workflow=ARL_UPDATE run_id=68 node=U2 source=Authority destination=TM
event=receive timestamp_ns=1791217991005524883 workflow=ARL_UPDATE run_id=69 node=U2 source=Authority destination=TM
event=receive timestamp_ns=1791217992537656317 workflow=ARL_UPDATE run_id=70 node=U2 source=Authority destination=TM
event=receive timestamp_ns=1791217995225623257 workflow=KEY_REQUEST run_id=bench_h1_key_w1 node=U2 source=TM1 destination=TM
event=receive timestamp_ns=1791217998073421257 workflow=KEY_REQUEST run_id=bench_h1_key_w2 node=U2 source=TM1 destination=TM
event=receive timestamp_ns=1791218001433463260 workflow=KEY_REQUEST run_id=bench_h1_key_w3 node=U2 source=TM1 destination=TM
event=receive timestamp_ns=1791218006009471472 workflow=KEY_REQUEST run_id=bench_h1_key_w4 node=U2 source=TM1 destination=TM
event=receive timestamp_ns=1791218007641531746 workflow=KEY_REQUEST run_id=bench_h1_key_w5 node=U2 source=TM1 destination=TM
event=receive timestamp_ns=1791218011613613352 workflow=KEY_REQUEST run_id=bench_h1_key_001 node=U2 source=TM1 destination=TM
event=receive timestamp_ns=1791218015613313059 workflow=KEY_REQUEST run_id=bench_h1_key_002 node=U2 source=TM1 destination=TM
event=receive timestamp_ns=1791218017209672472 workflow=KEY_REQUEST run_id=bench_h1_key_003 node=U2 source=TM1 destination=TM
event=receive timestamp_ns=1791218020569527807 workflow=KEY_REQUEST run_id=bench_h1_key_004 node=U2 source=TM1 destination=TM
event=receive timestamp_ns=1791218023929591376 workflow=KEY_REQUEST run_id=bench_h1_key_005 node=U2 source=TM1 destination=TM
event=receive timestamp_ns=1791218027289780254 workflow=KEY_REQUEST run_id=bench_h1_key_006 node=U2 source=TM1 destination=TM
event=receive timestamp_ns=1791218031193347424 workflow=KEY_REQUEST run_id=bench_h1_key_007 node=U2 source=TM1 destination=TM
event=receive timestamp_ns=1791218035609972592 workflow=KEY_REQUEST run_id=bench_h1_key_008 node=U2 source=TM1 destination=TM
event=receive timestamp_ns=1791218039513468978 workflow=KEY_REQUEST run_id=bench_h1_key_009 node=U2 source=TM1 destination=TM
event=receive timestamp_ns=1791218043417816329 workflow=KEY_REQUEST run_id=bench_h1_key_010 node=U2 source=TM1 destination=TM
event=receive timestamp_ns=1791218048349606968 workflow=KEY_REQUEST run_id=bench_h1_key_011 node=U2 source=TM1 destination=TM
event=receive timestamp_ns=1791218051833685978 workflow=KEY_REQUEST run_id=bench_h1_key_012 node=U2 source=TM1 destination=TM
event=receive timestamp_ns=1791218055257655553 workflow=KEY_REQUEST run_id=bench_h1_key_013 node=U2 source=TM1 destination=TM
event=receive timestamp_ns=1791218058621401564 workflow=KEY_REQUEST run_id=bench_h1_key_014 node=U2 source=TM1 destination=TM
event=receive timestamp_ns=1791218061625528012 workflow=KEY_REQUEST run_id=bench_h1_key_015 node=U2 source=TM1 destination=TM
event=receive timestamp_ns=1791218064314448705 workflow=KEY_REQUEST run_id=bench_h1_key_016 node=U2 source=TM1 destination=TM
event=receive timestamp_ns=1791218067193681534 workflow=KEY_REQUEST run_id=bench_h1_key_017 node=U2 source=TM1 destination=TM
event=receive timestamp_ns=1791218071097924079 workflow=KEY_REQUEST run_id=bench_h1_key_018 node=U2 source=TM1 destination=TM
event=receive timestamp_ns=1791218074205858736 workflow=KEY_REQUEST run_id=bench_h1_key_019 node=U2 source=TM1 destination=TM
event=receive timestamp_ns=1791218077917549495 workflow=KEY_REQUEST run_id=bench_h1_key_020 node=U2 source=TM1 destination=TM
event=receive timestamp_ns=1791218082073718976 workflow=KEY_REQUEST run_id=bench_h1_key_021 node=U2 source=TM1 destination=TM
event=receive timestamp_ns=1791218084761826384 workflow=KEY_REQUEST run_id=bench_h1_key_022 node=U2 source=TM1 destination=TM
event=receive timestamp_ns=1791218087705374232 workflow=KEY_REQUEST run_id=bench_h1_key_023 node=U2 source=TM1 destination=TM
event=receive timestamp_ns=1791218091545379503 workflow=KEY_REQUEST run_id=bench_h1_key_024 node=U2 source=TM1 destination=TM
event=receive timestamp_ns=1791218094905653254 workflow=KEY_REQUEST run_id=bench_h1_key_025 node=U2 source=TM1 destination=TM
event=receive timestamp_ns=1791218099289426401 workflow=KEY_REQUEST run_id=bench_h1_key_026 node=U2 source=TM1 destination=TM
event=receive timestamp_ns=1791218102841975070 workflow=KEY_REQUEST run_id=bench_h1_key_027 node=U2 source=TM1 destination=TM
event=receive timestamp_ns=1791218105085460701 workflow=KEY_REQUEST run_id=bench_h1_key_028 node=U2 source=TM1 destination=TM
event=receive timestamp_ns=1791218109113423415 workflow=KEY_REQUEST run_id=bench_h1_key_029 node=U2 source=TM1 destination=TM
event=receive timestamp_ns=1791218111833613877 workflow=KEY_REQUEST run_id=bench_h1_key_030 node=U2 source=TM1 destination=TM
