event=receive timestamp_ns=1791217829369440563 workflow=KEY_REQUEST run_id=bench_h1_setup node=U3 source=TM1 destination=TM
event=receive timestamp_ns=1791217832889398077 workflow=CT_SHARE run_id=1 node=U3 source=TM1 destination=TM
event=receive timestamp_ns=1791217834457603472 workflow=CT_SHARE run_id=2 node=U3 source=TM1 destination=TM
event=receive timestamp_ns=1791217835993567294 workflow=CT_SHARE run_id=3 node=U3 source=TM1 destination=TM
event=receive timestamp_ns=1791217837593605250 workflow=CT_SHARE run_id=4 node=U3 source=TM1 destination=TM
event=receive timestamp_ns=1791217839129377678 workflow=CT_SHARE run_id=5 node=U3 source=TM1 destination=TM
event=receive timestamp_ns=1791217840665604576 workflow=CT_SHARE run_id=6 node=U3 source=TM1 destination=TM
event=receive timestamp_ns=1791217842201406976 workflow=CT_SHARE run_id=7 node=U3 source=TM1 destination=TM
event=receive timestamp_ns=1791217843737592098 workflow=CT_SHARE run_id=8 node=U3 source=TM1 destination=TM
event=receive timestamp_ns=1791217845273463871 workflow=CT_SHARE run_id=9 node=U3 source=TM1 destination=TM
event=receive timestamp_ns=1791217846873544548 workflow=CT_SHARE run_id=10 node=U3 source=TM1 destination=TM
event=receive timestamp_ns=1791217848409676172 workflow=CT_SHARE run_id=11 node=U3 source=TM1 destination=TM
event=receive timestamp_ns=1791217849945636055 workflow=CT_SHARE run_id=12 node=U3 source=TM1 destination=TM
event=receive timestamp_ns=1791217851577918522 workflow=CT_SHARE run_id=13 node=U3 source=TM1 destination=TM
event=receive timestamp_ns=1791217853113978145 workflow=CT_SHARE run_id=14 node=U3 source=TM1 destination=TM
event=receive timestamp_ns=1791217854649688054 workflow=CT_SHARE run_id=15 node=U3 source=TM1 destination=TM
event=receive timestamp_ns=1791217856153552685 workflow=CT_SHARE run_id=16 node=U3 source=TM1 destination=TM
event=receive timestamp_ns=1791217857689674018 workflow=CT_SHARE run_id=17 node=U3 source=TM1 destination=TM
event=receive timestamp_ns=1791217859321894058 workflow=CT_SHARE run_id=18 node=U3 source=TM1 destination=TM
event=receive timestamp_ns=1791217860921615467 workflow=CT_SHARE run_id=19 node=U3 source=TM1 destination=TM
event=receive timestamp_ns=1791217862429573466 workflow=CT_SHARE run_id=20 node=U3 source=TM1 destination=TM
event=receive timestamp_ns=1791217863961744554 workflow=CT_SHARE run_id=21 node=U3 source=TM1 destination=TM
event=receive timestamp_ns=1791217865497652863 workflow=CT_SHARE run_id=22 node=U3 source=TM1 destination=TM
event=receive timestamp_ns=1791217867097623779 workflow=CT_SHARE run_id=23 node=U3 source=TM1 destination=TM
event=receive timestamp_ns=1791217868633745114 workflow=CT_SHARE run_id=24 node=U3 source=TM1 destination=TM
event=receive timestamp_ns=1791217870169678432 workflow=CT_SHARE run_id=25 node=U3 source=TM1 destination=TM
event=receive timestamp_ns=1791217871805567149 workflow=CT_SHARE run_id=26 node=U3 source=TM1 destination=TM
event=receive timestamp_ns=1791217873305513651 workflow=CT_SHARE run_id=27 node=U3 source=TM1 destination=TM
event=receive timestamp_ns=1791217874905594069 workflow=CT_SHARE run_id=28 node=U3 source=TM1 destination=TM
event=receive timestamp_ns=1791217876473635804 workflow=CT_SHARE run_id=29 node=U3 source=TM1 destination=TM
event=receive timestamp_ns=1791217878009879346 workflow=CT_SHARE run_id=30 node=U3 source=TM1 destination=TM
event=receive timestamp_ns=1791217879545732490 workflow=CT_SHARE run_id=31 node=U3 source=TM1 destination=TM
event=receive timestamp_ns=1791217881081859275 workflow=CT_SHARE run_id=32 node=U3 source=TM1 destination=TM
event=receive timestamp_ns=1791217882681895143 workflow=CT_SHARE run_id=33 node=U3 source=TM1 destination=TM
event=receive timestamp_ns=1791217884217877850 workflow=CT_SHARE run_id=34 node=U3 source=TM1 destination=TM
event=receive timestamp_ns=1791217886073643530 workflow=CT_SHARE run_id=35 node=U3 source=TM1 destination=TM
event=receive timestamp_ns=1791217886088970347 workflow=ARL_UPDATE run_id=1 node=U3 source=Authority destination=TM
event=receive timestamp_ns=1791217887641557190 workflow=ARL_UPDATE run_id=2 node=U3 source=Authority destination=TM
event=receive timestamp_ns=1791217889177528370 workflow=ARL_UPDATE run_id=3 node=U3 source=Authority destination=TM
event=receive timestamp_ns=1791217890749399065 workflow=ARL_UPDATE run_id=4 node=U3 source=Authority destination=TM
event=receive timestamp_ns=1791217892378006584 workflow=ARL_UPDATE run_id=5 node=U3 source=Authority destination=TM
event=receive timestamp_ns=1791217893881847969 workflow=ARL_UPDATE run_id=6 node=U3 source=Authority destination=TM
event=receive timestamp_ns=1791217895513724199 workflow=ARL_UPDATE run_id=7 node=U3 source=Authority destination=TM
event=receive timestamp_ns=1791217897081749683 workflow=ARL_UPDATE run_id=8 node=U3 source=Authority destination=TM
event=receive timestamp_ns=1791217898617533427 workflow=ARL_UPDATE run_id=9 node=U3 source=Authority destination=TM
event=receive timestamp_ns=1791217900185666813 workflow=ARL_UPDATE run_id=10 node=U3 source=Authority destination=TM
event=receive timestamp_ns=1791217901689608689 workflow=ARL_UPDATE run_id=11 node=U3 source=Authority destination=TM
event=receive timestamp_ns=1791217903229538940 workflow=ARL_UPDATE run_id=12 node=U3 source=Authority destination=TM
event=receive timestamp_ns=1791217904761740261 workflow=ARL_UPDATE run_id=13 node=U3 source=Authority destination=TM
event=receive timestamp_ns=1791217906297655174 workflow=ARL_UPDATE run_id=14 node=U3 source=Authority destination=TM
event=receive timestamp_ns=1791217907833663144 workflow=ARL_UPDATE run_id=15 node=U3 source=Authority destination=TM
event=receive timestamp_ns=1791217909369711091 workflow=ARL_UPDATE run_id=16 node=U3 source=Authority destination=TM
event=receive timestamp_ns=1791217910905820379 workflow=ARL_UPDATE run_id=17 node=U3 source=Authority destination=TM
event=receive timestamp_ns=1791217912441876299 workflow=ARL_UPDATE run_id=18 node=U3 source=Authority destination=TM
event=receive timestamp_ns=1791217914009753198 workflow=ARL_UPDATE run_id=19 node=U3 source=Authority destination=TM
event=receive timestamp_ns=1791217915545751249 workflow=ARL_UPDATE run_id=20 node=U3 source=Authority destination=TM
event=receive timestamp_ns=1791217917081557824 workflow=ARL_UPDATE run_id=21 node=U3 source=Authority destination=TM
event=receive timestamp_ns=1791217918617458254 workflow=ARL_UPDATE run_id=22 node=U3 source=Authority destination=TM
event=receive timestamp_ns=1791217920185724809 workflow=ARL_UPDATE run_id=23 node=U3 source=Authority destination=TM
event=receive timestamp_ns=1791217921721529462 workflow=ARL_UPDATE run_id=24 node=U3 source=Authority destination=TM
event=receive timestamp_ns=1791217923289961447 workflow=ARL_UPDATE run_id=25 node=U3 source=Authority destination=TM
event=receive timestamp_ns=1791217924825783542 workflow=ARL_UPDATE run_id=26 node=U3 source=Authority destination=TM
event=receive timestamp_ns=1791217926329638154 workflow=ARL_UPDATE run_id=27 node=U3 source=Authority destination=TM
event=receive timestamp_ns=1791217927865620201 workflow=ARL_UPDATE run_id=28 node=U3 source=Authority destination=TM
event=receive timestamp_ns=1791217929402035447 workflow=ARL_UPDATE run_id=29 node=U3 source=Authority destination=TM
event=receive timestamp_ns=1791217930969564045 workflow=ARL_UPDATE run_id=30 node=U3 source=Authority destination=TM
event=receive timestamp_ns=1791217932473571722 workflow=ARL_UPDATE run_id=31 node=U3 source=Authority destination=TM
event=receive timestamp_ns=1791217934009587652 workflow=ARL_UPDATE run_id=32 node=U3 source=Authority destination=TM
event=receive timestamp_ns=1791217935545644362 workflow=ARL_UPDATE run_id=33 node=U3 source=Authority destination=TM
event=receive timestamp_ns=1791217937145586975 workflow=ARL_UPDATE run_id=34 node=U3 source=Authority destination=TM
event=receive timestamp_ns=1791217938681715040 workflow=ARL_UPDATE run_id=35 node=U3 source=Authority destination=TM
event=receive timestamp_ns=1791217940217775765 workflow=ARL_UPDATE run_id=36 node=U3 source=Authority destination=TM
event=receive timestamp_ns=1791217941817396314 workflow=ARL_UPDATE run_id=37 node=U3 source=Authority destination=TM
event=receive timestamp_ns=1791217943385557343 workflow=ARL_UPDATE run_id=38 node=U3 source=Authority destination=TM
event=receive timestamp_ns=1791217944889594063 workflow=ARL_UPDATE run_id=39 node=U3 source=Authority destination=TM
event=receive timestamp_ns=1791217946425441416 workflow=ARL_UPDATE run_id=40 node=U3 source=Authority destination=TM
event=receive timestamp_ns=1791217947961532691 workflow=ARL_UPDATE run_id=41 node=U3 source=Authority destination=TM
event=receive timestamp_ns=1791217949561363551 workflow=ARL_UPDATE run_id=42 node=U3 source=Authority destination=TM
event=receive timestamp_ns=1791217951129920981 workflow=ARL_UPDATE run_id=43 node=U3 source=Authority destination=TM
event=receive timestamp_ns=1791217952729992552 workflow=ARL_UPDATE run_id=44 node=U3 source=Authority destination=TM
event=receive timestamp_ns=1791217954265503124 workflow=ARL_UPDATE run_id=45 node=U3 source=Authority destination=TM
event=receive timestamp_ns=1791217955769377394 workflow=ARL_UPDATE run_id=46 node=U3 source=Authority destination=TM
event=receive timestamp_ns=1791217957305729787 workflow=ARL_UPDATE run_id=47 node=U3 source=Authority destination=TM
event=receive timestamp_ns=1791217958841807334 workflow=ARL_UPDATE run_id=48 node=U3 source=Authority destination=TM
event=receive timestamp_ns=1791217960377891783 workflow=ARL_UPDATE run_id=49 node=U3 source=Authority destination=TM
event=receive timestamp_ns=1791217961914002371 workflow=ARL_UPDATE run_id=50 node=U3 source=Authority destination=TM
event=receive timestamp_ns=1791217963449527236 workflow=ARL_UPDATE run_id=51 node=U3 source=Authority destination=TM
event=receive timestamp_ns=1791217964985534994 workflow=ARL_UPDATE run_id=52 node=U3 source=Authority destination=TM
event=receive timestamp_ns=1791217966521596527 workflow=ARL_UPDATE run_id=53 node=U3 source=Authority destination=TM
event=receive timestamp_ns=1791217968057796655 workflow=ARL_UPDATE run_id=54 node=U3 source=Authority destination=TM
event=receive timestamp_ns=1791217969625582909 workflow=ARL_UPDATE run_id=55 node=U3 source=Authority destination=TM
event=receive timestamp_ns=1791217971129766981 workflow=ARL_UPDATE run_id=56 node=U3 source=Authority destination=TM
event=receive timestamp_ns=1791217972665562526 workflow=ARL_UPDATE run_id=57 node=U3 source=Authority destination=TM
event=receive timestamp_ns=1791217974201440755 workflow=ARL_UPDATE run_id=58 node=U3 source=Authority destination=TM
event=receive timestamp_ns=1791217975737453294 workflow=ARL_UPDATE run_id=59 node=U3 source=Authority destination=TM
event=receive timestamp_ns=1791217977273561851 workflow=ARL_UPDATE run_id=60 node=U3 source=Authority destination=TM
event=receive timestamp_ns=1791217978809525179 workflow=ARL_UPDATE run_id=61 node=U3 source=Authority destination=TM
event=receive timestamp_ns=1791217980345487841 workflow=ARL_UPDATE run_id=62 node=U3 source=Authority destination=TM
event=receive timestamp_ns=1791217981881546165 workflow=ARL_UPDATE run_id=63 node=U3 source=Authority destination=TM
event=receive timestamp_ns=1791217983385465869 workflow=ARL_UPDATE run_id=64 node=U3 source=Authority destination=TM
event=receive timestamp_ns=1791217984953940709 workflow=ARL_UPDATE run_id=65 node=U3 source=Authority destination=TM
event=receive timestamp_ns=1791217986489487174 workflow=ARL_UPDATE run_id=66 node=U3 source=Authority destination=TM
event=receive timestamp_ns=1791217988025534810 workflow=ARL_UPDATE run_id=67 node=U3 source=Authority destination=TM
event=receive timestamp_ns=1791217989561411665 workflow=ARL_UPDATE run_id=68 node=U3 source=Authority destination=TM
event=receive timestamp_ns=1791217991097733466 workflow=ARL_UPDATE run_id=69 node=U3 source=Authority destination=TM
event=receive timestamp_ns=1791217992633414818 workflow=ARL_UPDATE run_id=70 node=U3 source=Authority destination=TM
event=receive timestamp_ns=1791217995321509377 workflow=KEY_REQUEST run_id=bench_h1_key_w1 node=U3 source=TM1 destination=TM
event=receive timestamp_ns=1791217998169531423 workflow=KEY_REQUEST run_id=bench_h1_key_w2 node=U3 source=TM1 destination=TM
event=receive timestamp_ns=1791218001529765799 workflow=KEY_REQUEST run_id=bench_h1_key_w3 node=U3 source=TM1 destination=TM
event=receive timestamp_ns=1791218006105510862 workflow=KEY_REQUEST run_id=bench_h1_key_w4 node=U3 source=TM1 destination=TM
event=receive timestamp_ns=1791218007737568974 workflow=KEY_REQUEST run_id=bench_h1_key_w5 node=U3 source=TM1 destination=TM
event=receive timestamp_ns=1791218011705601949 workflow=KEY_REQUEST run_id=bench_h1_key_001 node=U3 source=TM1 destination=TM
event=receive timestamp_ns=1791218015705477318 workflow=KEY_REQUEST run_id=bench_h1_key_002 node=U3 source=TM1 destination=TM
event=receive timestamp_ns=1791218017305783096 workflow=KEY_REQUEST run_id=bench_h1_key_003 node=U3 source=TM1 destination=TM
event=receive timestamp_ns=1791218020665481315 workflow=KEY_REQUEST run_id=bench_h1_key_004 node=U3 source=TM1 destination=TM
event=receive timestamp_ns=1791218024025839761 workflow=KEY_REQUEST run_id=bench_h1_key_005 node=U3 source=TM1 destination=TM
event=receive timestamp_ns=1791218027385315681 workflow=KEY_REQUEST run_id=bench_h1_key_006 node=U3 source=TM1 destination=TM
event=receive timestamp_ns=1791218031801456573 workflow=KEY_REQUEST run_id=bench_h1_key_007 node=U3 source=TM1 destination=TM
event=receive timestamp_ns=1791218036217611336 workflow=KEY_REQUEST run_id=bench_h1_key_008 node=U3 source=TM1 destination=TM
event=receive timestamp_ns=1791218039706000531 workflow=KEY_REQUEST run_id=bench_h1_key_009 node=U3 source=TM1 destination=TM
event=receive timestamp_ns=1791218043513827301 workflow=KEY_REQUEST run_id=bench_h1_key_010 node=U3 source=TM1 destination=TM
event=receive timestamp_ns=1791218047929437069 workflow=KEY_REQUEST run_id=bench_h1_key_011 node=U3 source=TM1 destination=TM
event=receive timestamp_ns=1791218051865742376 workflow=KEY_REQUEST run_id=bench_h1_key_012 node=U3 source=TM1 destination=TM
event=receive timestamp_ns=1791218055354173626 workflow=KEY_REQUEST run_id=bench_h1_key_013 node=U3 source=TM1 destination=TM
event=receive timestamp_ns=1791218058713539761 workflow=KEY_REQUEST run_id=bench_h1_key_014 node=U3 source=TM1 destination=TM
event=receive timestamp_ns=1791218061721515413 workflow=KEY_REQUEST run_id=bench_h1_key_015 node=U3 source=TM1 destination=TM
event=receive timestamp_ns=1791218064409707260 workflow=KEY_REQUEST run_id=bench_h1_key_016 node=U3 source=TM1 destination=TM
event=receive timestamp_ns=1791218067289534110 workflow=KEY_REQUEST run_id=bench_h1_key_017 node=U3 source=TM1 destination=TM
event=receive timestamp_ns=1791218071193966850 workflow=KEY_REQUEST run_id=bench_h1_key_018 node=U3 source=TM1 destination=TM
event=receive timestamp_ns=1791218073566040008 workflow=KEY_REQUEST run_id=bench_h1_key_019 node=U3 source=TM1 destination=TM
event=receive timestamp_ns=1791218078717537557 workflow=KEY_REQUEST run_id=bench_h1_key_020 node=U3 source=TM1 destination=TM
event=receive timestamp_ns=1791218081433815295 workflow=KEY_REQUEST run_id=bench_h1_key_021 node=U3 source=TM1 destination=TM
event=receive timestamp_ns=1791218085593744677 workflow=KEY_REQUEST run_id=bench_h1_key_022 node=U3 source=TM1 destination=TM
event=receive timestamp_ns=1791218088253481605 workflow=KEY_REQUEST run_id=bench_h1_key_023 node=U3 source=TM1 destination=TM
event=receive timestamp_ns=1791218091129429423 workflow=KEY_REQUEST run_id=bench_h1_key_024 node=U3 source=TM1 destination=TM
event=receive timestamp_ns=1791218096217555971 workflow=KEY_REQUEST run_id=bench_h1_key_025 node=U3 source=TM1 destination=TM
event=receive timestamp_ns=1791218098874034211 workflow=KEY_REQUEST run_id=bench_h1_key_026 node=U3 source=TM1 destination=TM
event=receive timestamp_ns=1791218102937768920 workflow=KEY_REQUEST run_id=bench_h1_key_027 node=U3 source=TM1 destination=TM
event=receive timestamp_ns=1791218105177677075 workflow=KEY_REQUEST run_id=bench_h1_key_028 node=U3 source=TM1 destination=TM
event=receive timestamp_ns=1791218109209487495 workflow=KEY_REQUEST run_id=bench_h1_key_029 node=U3 source=TM1 destination=TM
event=receive timestamp_ns=1791218111929926353 workflow=KEY_REQUEST run_id=bench_h1_key_030 node=U3 source=TM1 destination=TM
