event=receive timestamp_ns=1791217829465353228 workflow=KEY_REQUEST run_id=bench_h1_setup node=U4 source=TM1 destination=TM
event=receive timestamp_ns=1791217832985638988 workflow=CT_SHARE run_id=1 node=U4 source=TM1 destination=TM
event=receive timestamp_ns=1791217834553456170 workflow=CT_SHARE run_id=2 node=U4 source=TM1 destination=TM
event=receive timestamp_ns=1791217836089513421 workflow=CT_SHARE run_id=3 node=U4 source=TM1 destination=TM
event=receive timestamp_ns=1791217837689632774 workflow=CT_SHARE run_id=4 node=U4 source=TM1 destination=TM
event=receive timestamp_ns=1791217839225770483 workflow=CT_SHARE run_id=5 node=U4 source=TM1 destination=TM
event=receive timestamp_ns=1791217840761715672 workflow=CT_SHARE run_id=6 node=U4 source=TM1 destination=TM
event=receive timestamp_ns=1791217842329673961 workflow=CT_SHARE run_id=7 node=U4 source=TM1 destination=TM
event=receive timestamp_ns=1791217843833685568 workflow=CT_SHARE run_id=8 node=U4 source=TM1 destination=TM
event=receive timestamp_ns=1791217845373376276 workflow=CT_SHARE run_id=9 node=U4 source=TM1 destination=TM
event=receive timestamp_ns=1791217846969485355 workflow=CT_SHARE run_id=10 node=U4 source=TM1 destination=TM
event=receive timestamp_ns=1791217848506014909 workflow=CT_SHARE run_id=11 node=U4 source=TM1 destination=TM
event=receive timestamp_ns=1791217850041944258 workflow=CT_SHARE run_id=12 node=U4 source=TM1 destination=TM
event=receive timestamp_ns=1791217851673674570 workflow=CT_SHARE run_id=13 node=U4 source=TM1 destination=TM
event=receive timestamp_ns=1791217853209933772 workflow=CT_SHARE run_id=14 node=U4 source=TM1 destination=TM
event=receive timestamp_ns=1791217854745778219 workflow=CT_SHARE run_id=15 node=U4 source=TM1 destination=TM
event=receive timestamp_ns=1791217856249861328 workflow=CT_SHARE run_id=16 node=U4 source=TM1 destination=TM
event=receive timestamp_ns=1791217857785862061 workflow=CT_SHARE run_id=17 node=U4 source=TM1 destination=TM
event=receive timestamp_ns=1791217859417606151 workflow=CT_SHARE run_id=18 node=U4 source=TM1 destination=TM
event=receive timestamp_ns=1791217861021634845 workflow=CT_SHARE run_id=19 node=U4 source=TM1 destination=TM
event=receive timestamp_ns=1791217862521541482 workflow=CT_SHARE run_id=20 node=U4 source=TM1 destination=TM
event=receive timestamp_ns=1791217864061587382 workflow=CT_SHARE run_id=21 node=U4 source=TM1 destination=TM
event=receive timestamp_ns=1791217865625494740 workflow=CT_SHARE run_id=22 node=U4 source=TM1 destination=TM
event=receive timestamp_ns=1791217867193587831 workflow=CT_SHARE run_id=23 node=U4 source=TM1 destination=TM
event=receive timestamp_ns=1791217868729574435 workflow=CT_SHARE run_id=24 node=U4 source=TM1 destination=TM
event=receive timestamp_ns=1791217870265676953 workflow=CT_SHARE run_id=25 node=U4 source=TM1 destination=TM
event=receive timestamp_ns=1791217871901542282 workflow=CT_SHARE run_id=26 node=U4 source=TM1 destination=TM
event=receive timestamp_ns=1791217873401951177 workflow=CT_SHARE run_id=27 node=U4 source=TM1 destination=TM
event=receive timestamp_ns=1791217875001779254 workflow=CT_SHARE run_id=28 node=U4 source=TM1 destination=TM
event=receive timestamp_ns=1791217876569956265 workflow=CT_SHARE run_id=29 node=U4 source=TM1 destination=TM
event=receive timestamp_ns=1791217878105771847 workflow=CT_SHARE run_id=30 node=U4 source=TM1 destination=TM
event=receive timestamp_ns=1791217879641712667 workflow=CT_SHARE run_id=31 node=U4 source=TM1 destination=TM
event=receive timestamp_ns=1791217881177752580 workflow=CT_SHARE run_id=32 node=U4 source=TM1 destination=TM
event=receive timestamp_ns=1791217882777654347 workflow=CT_SHARE run_id=33 node=U4 source=TM1 destination=TM
event=receive timestamp_ns=1791217884313632001 workflow=CT_SHARE run_id=34 node=U4 source=TM1 destination=TM
event=receive timestamp_ns=1791217886169892015 workflow=CT_SHARE run_id=35 node=U4 source=TM1 destination=TM
event=receive timestamp_ns=1791217886183352795 workflow=ARL_UPDATE run_id=1 node=U4 source=Authority destination=TM
event=receive timestamp_ns=1791217887737704414 workflow=ARL_UPDATE run_id=2 node=U4 source=Authority destination=TM
event=receive timestamp_ns=1791217889273813213 workflow=ARL_UPDATE run_id=3 node=U4 source=Authority destination=TM
event=receive timestamp_ns=1791217890841478154 workflow=ARL_UPDATE run_id=4 node=U4 source=Authority destination=TM
event=receive timestamp_ns=1791217892473802206 workflow=ARL_UPDATE run_id=5 node=U4 source=Authority destination=TM
event=receive timestamp_ns=1791217893977746191 workflow=ARL_UPDATE run_id=6 node=U4 source=Authority destination=TM
event=receive timestamp_ns=1791217895577504937 workflow=ARL_UPDATE run_id=7 node=U4 source=Authority destination=TM
event=receive timestamp_ns=1791217897177591260 workflow=ARL_UPDATE run_id=8 node=U4 source=Authority destination=TM
event=receive timestamp_ns=1791217898714005633 workflow=ARL_UPDATE run_id=9 node=U4 source=Authority destination=TM
event=receive timestamp_ns=1791217900281752563 workflow=ARL_UPDATE run_id=10 node=U4 source=Authority destination=TM
event=receive timestamp_ns=1791217901753558128 workflow=ARL_UPDATE run_id=11 node=U4 source=Authority destination=TM
event=receive timestamp_ns=1791217903321990477 workflow=ARL_UPDATE run_id=12 node=U4 source=Authority destination=TM
event=receive timestamp_ns=1791217904857694335 workflow=ARL_UPDATE run_id=13 node=U4 source=Authority destination=TM
event=receive timestamp_ns=1791217906393692998 workflow=ARL_UPDATE run_id=14 node=U4 source=Authority destination=TM
event=receive timestamp_ns=1791217907929567585 workflow=ARL_UPDATE run_id=15 node=U4 source=Authority destination=TM
event=receive timestamp_ns=1791217909465899236 workflow=ARL_UPDATE run_id=16 node=U4 source=Authority destination=TM
event=receive timestamp_ns=1791217911033678439 workflow=ARL_UPDATE run_id=17 node=U4 source=Authority destination=TM
event=receive timestamp_ns=1791217912537836728 workflow=ARL_UPDATE run_id=18 node=U4 source=Authority destination=TM
event=receive timestamp_ns=1791217914105675770 workflow=ARL_UPDATE run_id=19 node=U4 source=Authority destination=TM
event=receive timestamp_ns=1791217915610022480 workflow=ARL_UPDATE run_id=20 node=U4 source=Authority destination=TM
event=receive timestamp_ns=1791217917177648708 workflow=ARL_UPDATE run_id=21 node=U4 source=Authority destination=TM
event=receive timestamp_ns=1791217918713642166 workflow=ARL_UPDATE run_id=22 node=U4 source=Authority destination=TM
event=receive timestamp_ns=1791217920313748521 workflow=ARL_UPDATE run_id=23 node=U4 source=Authority destination=TM
event=receive timestamp_ns=1791217921817486050 workflow=ARL_UPDATE run_id=24 node=U4 source=Authority destination=TM
event=receive timestamp_ns=1791217923385563962 workflow=ARL_UPDATE run_id=25 node=U4 source=Authority destination=TM
event=receive timestamp_ns=1791217924921380739 workflow=ARL_UPDATE run_id=26 node=U4 source=Authority destination=TM
event=receive timestamp_ns=1791217926425593013 workflow=ARL_UPDATE run_id=27 node=U4 source=Authority destination=TM
event=receive timestamp_ns=1791217927961692835 workflow=ARL_UPDATE run_id=28 node=U4 source=Authority destination=TM
event=receive timestamp_ns=1791217929497677468 workflow=ARL_UPDATE run_id=29 node=U4 source=Authority destination=TM
event=receive timestamp_ns=1791217931065872787 workflow=ARL_UPDATE run_id=30 node=U4 source=Authority destination=TM
event=receive timestamp_ns=1791217932601734967 workflow=ARL_UPDATE run_id=31 node=U4 source=Authority destination=TM
event=receive timestamp_ns=1791217934105836578 workflow=ARL_UPDATE run_id=32 node=U4 source=Authority destination=TM
event=receive timestamp_ns=1791217935641391304 workflow=ARL_UPDATE run_id=33 node=U4 source=Authority destination=TM
event=receive timestamp_ns=1791217937241604715 workflow=ARL_UPDATE run_id=34 node=U4 source=Authority destination=TM
event=receive timestamp_ns=1791217938777869628 workflow=ARL_UPDATE run_id=35 node=U4 source=Authority destination=TM
event=receive timestamp_ns=1791217940313639625 workflow=ARL_UPDATE run_id=36 node=U4 source=Authority destination=TM
event=receive timestamp_ns=1791217941913631749 workflow=ARL_UPDATE run_id=37 node=U4 source=Authority destination=TM
event=receive timestamp_ns=1791217943481338601 workflow=ARL_UPDATE run_id=38 node=U4 source=Authority destination=TM
event=receive timestamp_ns=1791217944953782221 workflow=ARL_UPDATE run_id=39 node=U4 source=Authority destination=TM
event=receive timestamp_ns=1791217946521735660 workflow=ARL_UPDATE run_id=40 node=U4 source=Authority destination=TM
event=receive timestamp_ns=1791217948057333032 workflow=ARL_UPDATE run_id=41 node=U4 source=Authority destination=TM
event=receive timestamp_ns=1791217949657526004 workflow=ARL_UPDATE run_id=42 node=U4 source=Authority destination=TM
event=receive timestamp_ns=1791217951225722008 workflow=ARL_UPDATE run_id=43 node=U4 source=Authority destination=TM
event=receive timestamp_ns=1791217952825926641 workflow=ARL_UPDATE run_id=44 node=U4 source=Authority destination=TM
event=receive timestamp_ns=1791217954361831247 workflow=ARL_UPDATE run_id=45 node=U4 source=Authority destination=TM
event=receive timestamp_ns=1791217955865611131 workflow=ARL_UPDATE run_id=46 node=U4 source=Authority destination=TM
event=receive timestamp_ns=1791217957401594758 workflow=ARL_UPDATE run_id=47 node=U4 source=Authority destination=TM
event=receive timestamp_ns=1791217958905573369 workflow=ARL_UPDATE run_id=48 node=U4 source=Authority destination=TM
event=receive timestamp_ns=1791217960473471142 workflow=ARL_UPDATE run_id=49 node=U4 source=Authority destination=TM
event=receive timestamp_ns=1791217962009390801 workflow=ARL_UPDATE run_id=50 node=U4 source=Authority destination=TM
event=receive timestamp_ns=1791217963545695237 workflow=ARL_UPDATE run_id=51 node=U4 source=Authority destination=TM
event=receive timestamp_ns=1791217965081691420 workflow=ARL_UPDATE run_id=52 node=U4 source=Authority destination=TM
event=receive timestamp_ns=1791217966617766931 workflow=ARL_UPDATE run_id=53 node=U4 source=Authority destination=TM
event=receive timestamp_ns=1791217968153777997 workflow=ARL_UPDATE run_id=54 node=U4 source=Authority destination=TM
event=receive timestamp_ns=1791217969689445821 workflow=ARL_UPDATE run_id=55 node=U4 source=Authority destination=TM
event=receive timestamp_ns=1791217971225939388 workflow=ARL_UPDATE run_id=56 node=U4 source=Authority destination=TM
event=receive timestamp_ns=1791217972761793236 workflow=ARL_UPDATE run_id=57 node=U4 source=Authority destination=TM
event=receive timestamp_ns=1791217974297617400 workflow=ARL_UPDATE run_id=58 node=U4 source=Authority destination=TM
event=receive timestamp_ns=1791217975833519544 workflow=ARL_UPDATE run_id=59 node=U4 source=Authority destination=TM
event=receive timestamp_ns=1791217977337747464 workflow=ARL_UPDATE run_id=60 node=U4 source=Authority destination=TM
event=receive timestamp_ns=1791217978905881074 workflow=ARL_UPDATE run_id=61 node=U4 source=Authority destination=TM
event=receive timestamp_ns=1791217980441810291 workflow=ARL_UPDATE run_id=62 node=U4 source=Authority destination=TM
event=receive timestamp_ns=1791217981977549079 workflow=ARL_UPDATE run_id=63 node=U4 source=Authority destination=TM
event=receive timestamp_ns=1791217983481421855 workflow=ARL_UPDATE run_id=64 node=U4 source=Authority destination=TM
event=receive timestamp_ns=1791217985049587006 workflow=ARL_UPDATE run_id=65 node=U4 source=Authority destination=TM
event=receive timestamp_ns=1791217986585343011 workflow=ARL_UPDATE run_id=66 node=U4 source=Authority destination=TM
event=receive timestamp_ns=1791217988121349983 workflow=ARL_UPDATE run_id=67 node=U4 source=Authority destination=TM
event=receive timestamp_ns=1791217989657554231 workflow=ARL_UPDATE run_id=68 node=U4 source=Authority destination=TM
event=receive timestamp_ns=1791217991193407970 workflow=ARL_UPDATE run_id=69 node=U4 source=Authority destination=TM
event=receive timestamp_ns=1791217992729467447 workflow=ARL_UPDATE run_id=70 node=U4 source=Authority destination=TM
event=receive timestamp_ns=1791217995417647462 workflow=KEY_REQUEST run_id=bench_h1_key_w1 node=U4 source=TM1 destination=TM
event=receive timestamp_ns=1791217998265564447 workflow=KEY_REQUEST run_id=bench_h1_key_w2 node=U4 source=TM1 destination=TM
event=receive timestamp_ns=1791218001625572420 workflow=KEY_REQUEST run_id=bench_h1_key_w3 node=U4 source=TM1 destination=TM
event=receive timestamp_ns=1791218006201582134 workflow=KEY_REQUEST run_id=bench_h1_key_w4 node=U4 source=TM1 destination=TM
event=receive timestamp_ns=1791218007833603631 workflow=KEY_REQUEST run_id=bench_h1_key_w5 node=U4 source=TM1 destination=TM
event=receive timestamp_ns=1791218011801500387 workflow=KEY_REQUEST run_id=bench_h1_key_001 node=U4 source=TM1 destination=TM
event=receive timestamp_ns=1791218015801475902 workflow=KEY_REQUEST run_id=bench_h1_key_002 node=U4 source=TM1 destination=TM
event=receive timestamp_ns=1791218017405653645 workflow=KEY_REQUEST run_id=bench_h1_key_003 node=U4 source=TM1 destination=TM
event=receive timestamp_ns=1791218020761411847 workflow=KEY_REQUEST run_id=bench_h1_key_004 node=U4 source=TM1 destination=TM
event=receive timestamp_ns=1791218024121433053 workflow=KEY_REQUEST run_id=bench_h1_key_005 node=U4 source=TM1 destination=TM
event=receive timestamp_ns=1791218026969479567 workflow=KEY_REQUEST run_id=bench_h1_key_006 node=U4 source=TM1 destination=TM
event=receive timestamp_ns=1791218031385499332 workflow=KEY_REQUEST run_id=bench_h1_key_007 node=U4 source=TM1 destination=TM
event=receive timestamp_ns=1791218035801658065 workflow=KEY_REQUEST run_id=bench_h1_key_008 node=U4 source=TM1 destination=TM
event=receive timestamp_ns=1791218039705815575 workflow=KEY_REQUEST run_id=bench_h1_key_009 node=U4 source=TM1 destination=TM
event=receive timestamp_ns=1791218043609762199 workflow=KEY_REQUEST run_id=bench_h1_key_010 node=U4 source=TM1 destination=TM
event=receive timestamp_ns=1791218048025623525 workflow=KEY_REQUEST run_id=bench_h1_key_011 node=U4 source=TM1 destination=TM
event=receive timestamp_ns=1791218051961617583 workflow=KEY_REQUEST run_id=bench_h1_key_012 node=U4 source=TM1 destination=TM
event=receive timestamp_ns=1791218055454023712 workflow=KEY_REQUEST run_id=bench_h1_key_013 node=U4 source=TM1 destination=TM
event=receive timestamp_ns=1791218058233741025 workflow=KEY_REQUEST run_id=bench_h1_key_014 node=U4 source=TM1 destination=TM
event=receive timestamp_ns=1791218062329782627 workflow=KEY_REQUEST run_id=bench_h1_key_015 node=U4 source=TM1 destination=TM
event=receive timestamp_ns=1791218065209735311 workflow=KEY_REQUEST run_id=bench_h1_key_016 node=U4 source=TM1 destination=TM
event=receive timestamp_ns=1791218067897806128 workflow=KEY_REQUEST run_id=bench_h1_key_017 node=U4 source=TM1 destination=TM
event=receive timestamp_ns=1791218070777676327 workflow=KEY_REQUEST run_id=bench_h1_key_018 node=U4 source=TM1 destination=TM
event=receive timestamp_ns=1791218074366168999 workflow=KEY_REQUEST run_id=bench_h1_key_019 node=U4 source=TM1 destination=TM
event=receive timestamp_ns=1791218078105813158 workflow=KEY_REQUEST run_id=bench_h1_key_020 node=U4 source=TM1 destination=TM
event=receive timestamp_ns=1791218082233598961 workflow=KEY_REQUEST run_id=bench_h1_key_021 node=U4 source=TM1 destination=TM
event=receive timestamp_ns=1791218084953894098 workflow=KEY_REQUEST run_id=bench_h1_key_022 node=U4 source=TM1 destination=TM
event=receive timestamp_ns=1791218088349499463 workflow=KEY_REQUEST run_id=bench_h1_key_023 node=U4 source=TM1 destination=TM
event=receive timestamp_ns=1791218091225859175 workflow=KEY_REQUEST run_id=bench_h1_key_024 node=U4 source=TM1 destination=TM
event=receive timestamp_ns=1791218096281340599 workflow=KEY_REQUEST run_id=bench_h1_key_025 node=U4 source=TM1 destination=TM
event=receive timestamp_ns=1791218098969735684 workflow=KEY_REQUEST run_id=bench_h1_key_026 node=U4 source=TM1 destination=TM
event=receive timestamp_ns=1791218103033497373 workflow=KEY_REQUEST run_id=bench_h1_key_027 node=U4 source=TM1 destination=TM
event=receive timestamp_ns=1791218105274112963 workflow=KEY_REQUEST run_id=bench_h1_key_028 node=U4 source=TM1 destination=TM
event=receive timestamp_ns=1791218109305619055 workflow=KEY_REQUEST run_id=bench_h1_key_029 node=U4 source=TM1 destination=TM
event=receive timestamp_ns=1791218112025734010 workflow=KEY_REQUEST run_id=bench_h1_key_030 node=U4 source=TM1 destination=TM
