event=receive timestamp_ns=1791217829565370832 workflow=KEY_REQUEST run_id=bench_h1_setup node=U5 source=TM1 destination=TM
event=receive timestamp_ns=1791217833081470343 workflow=CT_SHARE run_id=1 node=U5 source=TM1 destination=TM
event=receive timestamp_ns=1791217834617380601 workflow=CT_SHARE run_id=2 node=U5 source=TM1 destination=TM
event=receive timestamp_ns=1791217836153436734 workflow=CT_SHARE run_id=3 node=U5 source=TM1 destination=TM
event=receive timestamp_ns=1791217837785576619 workflow=CT_SHARE run_id=4 node=U5 source=TM1 destination=TM
event=receive timestamp_ns=1791217839321759305 workflow=CT_SHARE run_id=5 node=U5 source=TM1 destination=TM
event=receive timestamp_ns=1791217840857611822 workflow=CT_SHARE run_id=6 node=U5 source=TM1 destination=TM
event=receive timestamp_ns=1791217842425714808 workflow=CT_SHARE run_id=7 node=U5 source=TM1 destination=TM
event=receive timestamp_ns=1791217843929464313 workflow=CT_SHARE run_id=8 node=U5 source=TM1 destination=TM
event=receive timestamp_ns=1791217845465415886 workflow=CT_SHARE run_id=9 node=U5 source=TM1 destination=TM
event=receive timestamp_ns=1791217847065753904 workflow=CT_SHARE run_id=10 node=U5 source=TM1 destination=TM
event=receive timestamp_ns=1791217848633455194 workflow=CT_SHARE run_id=11 node=U5 source=TM1 destination=TM
event=receive timestamp_ns=1791217850137609437 workflow=CT_SHARE run_id=12 node=U5 source=TM1 destination=TM
event=receive timestamp_ns=1791217851769737846 workflow=CT_SHARE run_id=13 node=U5 source=TM1 destination=TM
event=receive timestamp_ns=1791217853305480491 workflow=CT_SHARE run_id=14 node=U5 source=TM1 destination=TM
event=receive timestamp_ns=1791217854841732735 workflow=CT_SHARE run_id=15 node=U5 source=TM1 destination=TM
event=receive timestamp_ns=1791217856377841278 workflow=CT_SHARE run_id=16 node=U5 source=TM1 destination=TM
event=receive timestamp_ns=1791217857881603749 workflow=CT_SHARE run_id=17 node=U5 source=TM1 destination=TM
event=receive timestamp_ns=1791217859513628929 workflow=CT_SHARE run_id=18 node=U5 source=TM1 destination=TM
event=receive timestamp_ns=1791217861113678036 workflow=CT_SHARE run_id=19 node=U5 source=TM1 destination=TM
event=receive timestamp_ns=1791217862617657948 workflow=CT_SHARE run_id=20 node=U5 source=TM1 destination=TM
event=receive timestamp_ns=1791217864153832296 workflow=CT_SHARE run_id=21 node=U5 source=TM1 destination=TM
event=receive timestamp_ns=1791217865721762804 workflow=CT_SHARE run_id=22 node=U5 source=TM1 destination=TM
event=receive timestamp_ns=1791217867289913190 workflow=CT_SHARE run_id=23 node=U5 source=TM1 destination=TM
event=receive timestamp_ns=1791217868825687081 workflow=CT_SHARE run_id=24 node=U5 source=TM1 destination=TM
event=receive timestamp_ns=1791217870361776261 workflow=CT_SHARE run_id=25 node=U5 source=TM1 destination=TM
event=receive timestamp_ns=1791217871961541601 workflow=CT_SHARE run_id=26 node=U5 source=TM1 destination=TM
event=receive timestamp_ns=1791217873497793027 workflow=CT_SHARE run_id=27 node=U5 source=TM1 destination=TM
event=receive timestamp_ns=1791217875097824341 workflow=CT_SHARE run_id=28 node=U5 source=TM1 destination=TM
event=receive timestamp_ns=1791217876669531474 workflow=CT_SHARE run_id=29 node=U5 source=TM1 destination=TM
event=receive timestamp_ns=1791217878169811948 workflow=CT_SHARE run_id=30 node=U5 source=TM1 destination=TM
event=receive timestamp_ns=1791217879737522806 workflow=CT_SHARE run_id=31 node=U5 source=TM1 destination=TM
event=receive timestamp_ns=1791217881273681408 workflow=CT_SHARE run_id=32 node=U5 source=TM1 destination=TM
event=receive timestamp_ns=1791217882873514169 workflow=CT_SHARE run_id=33 node=U5 source=TM1 destination=TM
event=receive timestamp_ns=1791217884441588147 workflow=CT_SHARE run_id=34 node=U5 source=TM1 destination=TM
event=receive timestamp_ns=1791217886265522840 workflow=CT_SHARE run_id=35 node=U5 source=TM1 destination=TM
event=receive timestamp_ns=1791217886278352482 workflow=ARL_UPDATE run_id=1 node=U5 source=Authority destination=TM
event=receive timestamp_ns=1791217887837506223 workflow=ARL_UPDATE run_id=2 node=U5 source=Authority destination=TM
event=receive timestamp_ns=1791217889369487999 workflow=ARL_UPDATE run_id=3 node=U5 source=Authority destination=TM
event=receive timestamp_ns=1791217890969727996 workflow=ARL_UPDATE run_id=4 node=U5 source=Authority destination=TM
event=receive timestamp_ns=1791217892569736918 workflow=ARL_UPDATE run_id=5 node=U5 source=Authority destination=TM
event=receive timestamp_ns=1791217894073678756 workflow=ARL_UPDATE run_id=6 node=U5 source=Authority destination=TM
event=receive timestamp_ns=1791217895709731332 workflow=ARL_UPDATE run_id=7 node=U5 source=Authority destination=TM
event=receive timestamp_ns=1791217897273924650 workflow=ARL_UPDATE run_id=8 node=U5 source=Authority destination=TM
event=receive timestamp_ns=1791217898809796057 workflow=ARL_UPDATE run_id=9 node=U5 source=Authority destination=TM
event=receive timestamp_ns=1791217900377586643 workflow=ARL_UPDATE run_id=10 node=U5 source=Authority destination=TM
event=receive timestamp_ns=1791217901881437145 workflow=ARL_UPDATE run_id=11 node=U5 source=Authority destination=TM
event=receive timestamp_ns=1791217903417850250 workflow=ARL_UPDATE run_id=12 node=U5 source=Authority destination=TM
event=receive timestamp_ns=1791217904953762510 workflow=ARL_UPDATE run_id=13 node=U5 source=Authority destination=TM
event=receive timestamp_ns=1791217906489683111 workflow=ARL_UPDATE run_id=14 node=U5 source=Authority destination=TM
event=receive timestamp_ns=1791217908025613727 workflow=ARL_UPDATE run_id=15 node=U5 source=Authority destination=TM
event=receive timestamp_ns=1791217909565499070 workflow=ARL_UPDATE run_id=16 node=U5 source=Authority destination=TM
event=receive timestamp_ns=1791217911101848210 workflow=ARL_UPDATE run_id=17 node=U5 source=Authority destination=TM
event=receive timestamp_ns=1791217912637951672 workflow=ARL_UPDATE run_id=18 node=U5 source=Authority destination=TM
event=receive timestamp_ns=1791217914173614484 workflow=ARL_UPDATE run_id=19 node=U5 source=Authority destination=TM
event=receive timestamp_ns=1791217915705730496 workflow=ARL_UPDATE run_id=20 node=U5 source=Authority destination=TM
event=receive timestamp_ns=1791217917273919439 workflow=ARL_UPDATE run_id=21 node=U5 source=Authority destination=TM
event=receive timestamp_ns=1791217918809847887 workflow=ARL_UPDATE run_id=22 node=U5 source=Authority destination=TM
event=receive timestamp_ns=1791217920409506680 workflow=ARL_UPDATE run_id=23 node=U5 source=Authority destination=TM
event=receive timestamp_ns=1791217921917322332 workflow=ARL_UPDATE run_id=24 node=U5 source=Authority destination=TM
event=receive timestamp_ns=1791217923449606809 workflow=ARL_UPDATE run_id=25 node=U5 source=Authority destination=TM
event=receive timestamp_ns=1791217924985755176 workflow=ARL_UPDATE run_id=26 node=U5 source=Authority destination=TM
event=receive timestamp_ns=1791217926521771466 workflow=ARL_UPDATE run_id=27 node=U5 source=Authority destination=TM
event=receive timestamp_ns=1791217928057725535 workflow=ARL_UPDATE run_id=28 node=U5 source=Authority destination=TM
event=receive timestamp_ns=1791217929625706082 workflow=ARL_UPDATE run_id=29 node=U5 source=Authority destination=TM
event=receive timestamp_ns=1791217931161694979 workflow=ARL_UPDATE run_id=30 node=U5 source=Authority destination=TM
event=receive timestamp_ns=1791217932665688581 workflow=ARL_UPDATE run_id=31 node=U5 source=Authority destination=TM
event=receive timestamp_ns=1791217934201624939 workflow=ARL_UPDATE run_id=32 node=U5 source=Authority destination=TM
event=receive timestamp_ns=1791217935741605095 workflow=ARL_UPDATE run_id=33 node=U5 source=Authority destination=TM
event=receive timestamp_ns=1791217937337366271 workflow=ARL_UPDATE run_id=34 node=U5 source=Authority destination=TM
event=receive timestamp_ns=1791217938873483968 workflow=ARL_UPDATE run_id=35 node=U5 source=Authority destination=TM
event=receive timestamp_ns=1791217940377536034 workflow=ARL_UPDATE run_id=36 node=U5 source=Authority destination=TM
event=receive timestamp_ns=1791217942009429794 workflow=ARL_UPDATE run_id=37 node=U5 source=Authority destination=TM
event=receive timestamp_ns=1791217943577576861 workflow=ARL_UPDATE run_id=38 node=U5 source=Authority destination=TM
event=receive timestamp_ns=1791217945049621431 workflow=ARL_UPDATE run_id=39 node=U5 source=Authority destination=TM
event=receive timestamp_ns=1791217946585449207 workflow=ARL_UPDATE run_id=40 node=U5 source=Authority destination=TM
event=receive timestamp_ns=1791217948121439197 workflow=ARL_UPDATE run_id=41 node=U5 source=Authority destination=TM
event=receive timestamp_ns=1791217949753630463 workflow=ARL_UPDATE run_id=42 node=U5 source=Authority destination=TM
event=receive timestamp_ns=1791217951322071976 workflow=ARL_UPDATE run_id=43 node=U5 source=Authority destination=TM
event=receive timestamp_ns=1791217952925439759 workflow=ARL_UPDATE run_id=44 node=U5 source=Authority destination=TM
event=receive timestamp_ns=1791217954457463598 workflow=ARL_UPDATE run_id=45 node=U5 source=Authority destination=TM
event=receive timestamp_ns=1791217955961543218 workflow=ARL_UPDATE run_id=46 node=U5 source=Authority destination=TM
event=receive timestamp_ns=1791217957497641583 workflow=ARL_UPDATE run_id=47 node=U5 source=Authority destination=TM
event=receive timestamp_ns=1791217959005437011 workflow=ARL_UPDATE run_id=48 node=U5 source=Authority destination=TM
event=receive timestamp_ns=1791217960537506411 workflow=ARL_UPDATE run_id=49 node=U5 source=Authority destination=TM
event=receive timestamp_ns=1791217962105612362 workflow=ARL_UPDATE run_id=50 node=U5 source=Authority destination=TM
event=receive timestamp_ns=1791217963641584209 workflow=ARL_UPDATE run_id=51 node=U5 source=Authority destination=TM
event=receive timestamp_ns=1791217965177628375 workflow=ARL_UPDATE run_id=52 node=U5 source=Authority destination=TM
event=receive timestamp_ns=1791217966717660017 workflow=ARL_UPDATE run_id=53 node=U5 source=Authority destination=TM
event=receive timestamp_ns=1791217968253808864 workflow=ARL_UPDATE run_id=54 node=U5 source=Authority destination=TM
event=receive timestamp_ns=1791217969785556535 workflow=ARL_UPDATE run_id=55 node=U5 source=Authority destination=TM
event=receive timestamp_ns=1791217971325829663 workflow=ARL_UPDATE run_id=56 node=U5 source=Authority destination=TM
event=receive timestamp_ns=1791217972857646057 workflow=ARL_UPDATE run_id=57 node=U5 source=Authority destination=TM
event=receive timestamp_ns=1791217974397738804 workflow=ARL_UPDATE run_id=58 node=U5 source=Authority destination=TM
event=receive timestamp_ns=1791217975929610196 workflow=ARL_UPDATE run_id=59 node=U5 source=Authority destination=TM
event=receive timestamp_ns=1791217977433498542 workflow=ARL_UPDATE run_id=60 node=U5 source=Authority destination=TM
event=receive timestamp_ns=1791217979001551978 workflow=ARL_UPDATE run_id=61 node=U5 source=Authority destination=TM
event=receive timestamp_ns=1791217980509393004 workflow=ARL_UPDATE run_id=62 node=U5 source=Authority destination=TM
event=receive timestamp_ns=1791217982073520954 workflow=ARL_UPDATE run_id=63 node=U5 source=Authority destination=TM
event=receive timestamp_ns=1791217983577385330 workflow=ARL_UPDATE run_id=64 node=U5 source=Authority destination=TM
event=receive timestamp_ns=1791217985117673880 workflow=ARL_UPDATE run_id=65 node=U5 source=Authority destination=TM
event=receive timestamp_ns=1791217986681505675 workflow=ARL_UPDATE run_id=66 node=U5 source=Authority destination=TM
event=receive timestamp_ns=1791217988217677038 workflow=ARL_UPDATE run_id=67 node=U5 source=Authority destination=TM
event=receive timestamp_ns=1791217989753702039 workflow=ARL_UPDATE run_id=68 node=U5 source=Authority destination=TM
event=receive timestamp_ns=1791217991257379183 workflow=ARL_UPDATE run_id=69 node=U5 source=Authority destination=TM
event=receive timestamp_ns=1791217992825507192 workflow=ARL_UPDATE run_id=70 node=U5 source=Authority destination=TM
event=receive timestamp_ns=1791217995513588073 workflow=KEY_REQUEST run_id=bench_h1_key_w1 node=U5 source=TM1 destination=TM
event=receive timestamp_ns=1791217998365777397 workflow=KEY_REQUEST run_id=bench_h1_key_w2 node=U5 source=TM1 destination=TM
event=receive timestamp_ns=1791218001177618438 workflow=KEY_REQUEST run_id=bench_h1_key_w3 node=U5 source=TM1 destination=TM
event=receive timestamp_ns=1791218006265605338 workflow=KEY_REQUEST run_id=bench_h1_key_w4 node=U5 source=TM1 destination=TM
event=receive timestamp_ns=1791218008505348736 workflow=KEY_REQUEST run_id=bench_h1_key_w5 node=U5 source=TM1 destination=TM
event=receive timestamp_ns=1791218011293335843 workflow=KEY_REQUEST run_id=bench_h1_key_001 node=U5 source=TM1 destination=TM
event=receive timestamp_ns=1791218015901505983 workflow=KEY_REQUEST run_id=bench_h1_key_002 node=U5 source=TM1 destination=TM
event=receive timestamp_ns=1791218017465713147 workflow=KEY_REQUEST run_id=bench_h1_key_003 node=U5 source=TM1 destination=TM
event=receive timestamp_ns=1791218020857485556 workflow=KEY_REQUEST run_id=bench_h1_key_004 node=U5 source=TM1 destination=TM
event=receive timestamp_ns=1791218024217613207 workflow=KEY_REQUEST run_id=bench_h1_key_005 node=U5 source=TM1 destination=TM
event=receive timestamp_ns=1791218027065494955 workflow=KEY_REQUEST run_id=bench_h1_key_006 node=U5 source=TM1 destination=TM
event=receive timestamp_ns=1791218031993324541 workflow=KEY_REQUEST run_id=bench_h1_key_007 node=U5 source=TM1 destination=TM
event=receive timestamp_ns=1791218036377757484 workflow=KEY_REQUEST run_id=bench_h1_key_008 node=U5 source=TM1 destination=TM
event=receive timestamp_ns=1791218039897717834 workflow=KEY_REQUEST run_id=bench_h1_key_009 node=U5 source=TM1 destination=TM
event=receive timestamp_ns=1791218043705841537 workflow=KEY_REQUEST run_id=bench_h1_key_010 node=U5 source=TM1 destination=TM
event=receive timestamp_ns=1791218048121726805 workflow=KEY_REQUEST run_id=bench_h1_key_011 node=U5 source=TM1 destination=TM
event=receive timestamp_ns=1791218052057631464 workflow=KEY_REQUEST run_id=bench_h1_key_012 node=U5 source=TM1 destination=TM
event=receive timestamp_ns=1791218054937715582 workflow=KEY_REQUEST run_id=bench_h1_key_013 node=U5 source=TM1 destination=TM
event=receive timestamp_ns=1791218058905476955 workflow=KEY_REQUEST run_id=bench_h1_key_014 node=U5 source=TM1 destination=TM
event=receive timestamp_ns=1791218062425606906 workflow=KEY_REQUEST run_id=bench_h1_key_015 node=U5 source=TM1 destination=TM
event=receive timestamp_ns=1791218065305694716 workflow=KEY_REQUEST run_id=bench_h1_key_016 node=U5 source=TM1 destination=TM
event=receive timestamp_ns=1791218067993807299 workflow=KEY_REQUEST run_id=bench_h1_key_017 node=U5 source=TM1 destination=TM
event=receive timestamp_ns=1791218071513441073 workflow=KEY_REQUEST run_id=bench_h1_key_018 node=U5 source=TM1 destination=TM
event=receive timestamp_ns=1791218074457915275 workflow=KEY_REQUEST run_id=bench_h1_key_019 node=U5 source=TM1 destination=TM
event=receive timestamp_ns=1791218078201880970 workflow=KEY_REQUEST run_id=bench_h1_key_020 node=U5 source=TM1 destination=TM
event=receive timestamp_ns=1791218082333542943 workflow=KEY_REQUEST run_id=bench_h1_key_021 node=U5 source=TM1 destination=TM
event=receive timestamp_ns=1791218085049907176 workflow=KEY_REQUEST run_id=bench_h1_key_022 node=U5 source=TM1 destination=TM
event=receive timestamp_ns=1791218087897393583 workflow=KEY_REQUEST run_id=bench_h1_key_023 node=U5 source=TM1 destination=TM
event=receive timestamp_ns=1791218091805600877 workflow=KEY_REQUEST run_id=bench_h1_key_024 node=U5 source=TM1 destination=TM
event=receive timestamp_ns=1791218096377755491 workflow=KEY_REQUEST run_id=bench_h1_key_025 node=U5 source=TM1 destination=TM
event=receive timestamp_ns=1791218099065572183 workflow=KEY_REQUEST run_id=bench_h1_key_026 node=U5 source=TM1 destination=TM
event=receive timestamp_ns=1791218103129496680 workflow=KEY_REQUEST run_id=bench_h1_key_027 node=U5 source=TM1 destination=TM
event=receive timestamp_ns=1791218105373630678 workflow=KEY_REQUEST run_id=bench_h1_key_028 node=U5 source=TM1 destination=TM
event=receive timestamp_ns=1791218109369677261 workflow=KEY_REQUEST run_id=bench_h1_key_029 node=U5 source=TM1 destination=TM
event=receive timestamp_ns=1791218112121609422 workflow=KEY_REQUEST run_id=bench_h1_key_030 node=U5 source=TM1 destination=TM
