2026-10-06 11:04:00.874 Authority: {"tkn":"t1","name":"pong"}

2026-10-06 11:04:01.399 Authority: {"tkn":"t2","name":"ok"}

2026-10-06 11:04:01.939 Authority: {"tkn":"t2","name":"ok"}

2026-10-06 11:04:02.449 Authority: {"tkn":"t2","name":"ok"}

2026-10-06 11:04:02.960 Authority: {"tkn":"t2","name":"ok"}

2026-10-06 11:04:09.757 Authority: {"name":"recv_desc","mid":"N02_42","desc":{"_st":"1791277449711","_date":"1791277449520","_nbfrags":"1","src":"TM2","_docid":"N02_42","_weight":"104","topic":"TM","_rcv":"N00","dest":"TM","_sdr":"N01"}}

2026-10-06 11:04:09.760 Authority: {"data":"TLS(D3CS|TM2|TM|KEY_REQUEST|bench_h2_setup|{\"classification\":\"FR-DR\",\"mission\":\"M1\"}|bench_h2_setup|TM2)","tkn":"payload-N02_42","name":"recv_payload","mid":"N02_42","topic":"TM","dest":"TM"}

2026-10-06 11:04:10.291 Authority: {"tkn":"t3","name":"ok"}

2026-10-06 11:04:10.803 Authority: {"tkn":"t3","name":"ok"}

2026-10-06 11:04:11.864 Authority: {"data":"D3CS|TM2|TM|CT_SHARE|1|{\"version\":1,\"label\":{\"classification\":\"FR-DR\",\"mission\":\"M1\"},\"abe\":{\"c_tilde\":\"esjUjyVrJo2J2gEjJk6Bp7DfH7xamyU3X2bLXZSLVSHji4wwRlQE+DyvQpq+GfgZ/POUOjKhW/dY30mVT+WebQZC4skmz7LiCW+itKfATLoJU8Nx+LlQaW0F0vNHK/8V0dWAZqA5G+yNq8HQ4VFicZI1s8rscEENwKxiLPJKxG9CrV35gFWU77W4J2A5SvYBeLGaevG3orEzR3n3xW0R1FJXhkW5K71EwnFc5zItfdKcv/1gcgdn7Kdc3lXhE8YE0Po4tkJWjTg1WYu4TLeZ2yg/eo7k/74Ccq8oyxcK3TcWtxuLwRKV9fjWwmNNBwkRukIYpbq14L3Rbku+4hiEW1XfogNUMU7HZczPvaHbK6BJimWkgA6oelgE6BfVyQQIPruIDBOvKcci7U/es/SeUh9u4ymR1sTn22os2scqwkOCeQzJwgA97zNYEdvGXh4Uk8gz6Zewz6KGzy9yuhpih8KlgED5rXaVdrbDJluVqjKDLQnTkBZRMBk8WrinltgNWB3AjLx2ODw7Z/vzreUgwJvr7DyTe9q1bhuDiD6XCyyxUVvJhtwNbh5OAWKab+0M7qeOE8kRHdAiJMC5ttc4xPibGhomJgztzqmyPcvnAOdCi5aa0CI7v3UHBi5q6PYLOLYKRe800PDSLrk+J5cWXZMXuXLdTRJL9e6xYg3eCWwknyeqjHr6Sar8h35ctloR4d0+7Va0vvNigk312B7XfuyIxDDE3SYoWhXN1QJBqkrbaxQcP5orREJiiPG+WBYW\",\"c\":\"rbSNba33ohoTwkrM6CyKiP4Wv1uh9oTVabuFcpzJnmHAWBez116ekFoeuhx11d3x\",\"leafs\":[{\"index\":1,\"attr\":\"FR-DR\",\"c_i\":\"iY0SC3HBOMd4ZtClxEOi7QJ4pR62CAsp9Ot0odS4LeqqcrC/UK+SutG9NmuhaF9B\",\"c_i_prime\":\"km/sKskY1Y61NzY25jIaE+cBL652xcyCdC8+sRN6CQICZtFFNOohY+/4HAXFMPmw\"},{\"index\":2,\"attr\":\"M1\",\"c_i\":\"p8luvk8WdhdSzeTQQ+ucuO2R1oWwhKLMVuaPngJfVqRR2RboFhWJiUmzuGNvg5b5\",\"c_i_prime\":\"jJE6Rg+EBSHdtLJopCy+EPym8tHCItcqe/ofpEDe5jhkf0A349RIXBJ3XYhADrmm\"}]},\"sym\":{\"nonce\":\"oLFVr7EhcJj02Pp8\",\"ciphertext\":\"iUpmr1zFjmeWjJxU/aiAVrdjge0\"}}|{\"version\":1,\"r1\":\"hOiG1c9BKgnLUNtjBTIlkY1GGUWaR5Bm452jtAXMUXeAds5fMk/X5vSJ0JBrVYLW\",\"r2\":\"me3bfbwnPatVqBK/720a19gKx5Wht4rbsw/pRqWkdHa71nq2+IeqOLUPuLpC2wMYGBwLpkbOfccrGaXwNRSAYt93LYavYRaEz6qogypZEtP6cgaueODlXcfUjS8qhVeE\",\"r3\":\"qIF035jcK+fkoN1gAinZKZsxrfA70ZudN6ddlzTs06CKXj1qixAxd0W6UDicvNcWDPDuVUwEJ47AOTDnttJp1yHxMirllEkh1UeIUDa/ZrZk3jdEYDrYy5cO174twxQN\"}","mid":"N02_54","name":"recv_payload","tkn":"payload-N02_54","topic":"TM","dest":"TM"}

2026-10-06 11:04:13.409 Authority: {"data":"D3CS|TM2|TM|CT_SHARE|2|{\"version\":1,\"label\":{\"classification\":\"FR-DR\",\"mission\":\"M1\"},\"abe\":{\"c_tilde\":\"5CPQQRHOkK6xUypPVMoHazONm7KgTn77MqTIN8NOwCIvpix2rqQcROHZYgPrJq8EaMCciXNSQc9shPwFFsnezKL5hYjn2CfBwb6KVQOF1O1+VLZ+3feV3yFqI9F+YsMAYUVboP/CYDH7bj0nOxg88C0fJBwGB/3+VebY5YqQscCTU39NVweTVa5T/NNX+AoZ3Kx2JjjZD2c804m6aFy3ogP3/MiQbH+WGgXsBNT9e50fr4HnRcmUcrumIozsyRAVE28YdRrp0SCOJSF9qrS2iiNU3VvVjFE5YuBzUaHnFSq6QsToA7nGZXB0jTiBEowV5kes+vEyZCWvfqs+y3ZnvDVVLIw/sG0/Af4KV6HYNrdNvaYdezci5XaLpohP9r8IhiI2WiW0ri8LZQPEK47qoibnygj/CiA7QbAWTBUQ/RuBFrIoY+o800rEJtpATT4EXQyfrUnwhoEtp6UA3BbcipqMjYlUwzsYEHDQLsVNel45KewAhN8uZw2HaAE0FroVfRjAdwDxZMTQMgvH1bLqHtmIFvr4WRXyPblWdqh2aqIPuI01km2rTqcNwTvdNwcZHe8btkh1xmQQEuVHyu0yeg2CPejqg2QBEMVv6qYeDrIYmIBtu0qD8tWIBPQJlR0Bqh30oYy9jZWUQ37idYYaBEmSop0LYP0tOgYN536TEI1PVidhN6KjdmeBcuJ9pqYHdJO5QDuJDvynvYs/xgXPYtJTP99ZCmMbg8JlN6nLvzRrM53ZjY1Az9MCIv5YMrwB\",\"c\":\"iE9oF2WNApmEwmGRrOf9d5wph1DyrBoqJnnWf/t79aJqQUWpx8Cp5afNB6NbfSKC\",\"leafs\":[{\"index\":1,\"attr\":\"FR-DR\",\"c_i\":\"mJCucutc9RUVgQv79DzKaGY+R/jc3b46xW3O1XuwcetEvwcFP31/waitXI+Jl0Sl\",\"c_i_prime\":\"gCY9wU+r5r5i9HpFLJfQBfFJ3+o6DWTfHOiEEDqrik9bhxDTZHKTTs/5qL5Uj3Kj\"},{\"index\":2,\"attr\":\"M1\",\"c_i\":\"r/ZxkjV7es2zNdw82NbGgxbb4Ki7tcFfBNYsXMUoGTvEpHWVZCqrSqqeY9mjhqR8\",\"c_i_prime\":\"sZu4miWJnri4wLfz5Z8wlT3U3MmNuUg50IO+xQH7rUfsE3ffYs99S0t55NqtwJVE\"}]},\"sym\":{\"nonce\":\"gKVVBG2AoDjHERaI\",\"ciphertext\":\"aY9MDoe3a80z4mlzxytuUP5r3PE\"}}|{\"version\":1,\"r1\":\"pIXI1I+3bGPrKkxnglep94o+2sbvwFdKGtOcM9LbUHO7rqFR0Q6a7G6kRjDzzhpS\",\"r2\":\"i+di23R4cveZML3h694sz4YcQo8MCje+IbrHAuoxPY6Ks9DUE+FLbeb+uJpIJowUBCAXRoT2kMm4LbUAn/ANRxd1u0ED09ZDdgOo5AeftzdYhMtnERLdgv+ZgtMqai17\",\"r3\":\"rkCAN42n+nBb2Wzh2yyRWJrk1N6eOVpqaCgdroI4iSSJsuP84PS8TwxmyJmQRNpqDj4zTLIDTJqRfUtPdASbjwZlx36AcP/+ZZxlOoC5Hxw8xz4bbSy/sGHHnZZGlm6p\"}","mid":"N02_58","name":"recv_payload","tkn":"payload-N02_58","topic":"TM","dest":"TM"}

2026-10-06 11:04:14.929 Authority: {"data":"D3CS|TM2|TM|CT_SHARE|3|{\"version\":1,\"label\":{\"classification\":\"FR-DR\",\"mission\":\"M1\"},\"abe\":{\"c_tilde\":\"fVu27lYxx0E+Ul+qm4qHIRHG9bjzW7yeg54AiGX9uaI0I7GC0SodSJzSKX8YNGIJctklV4KgiaQNjhWBmk7DZfqTfHnOdHCN1mI+QO9DuoANhHkD1LdsblLX+HCgxbsMo6uzOJtUyaZNkaC2fqIQGJARFUmuDrABkMRsNEMfaJPcGAUedx2GIdylD6BV+TgEsKI7XVHVpqOYzcIDwnAHj44+i+8kC5f8+FV7oe8vXtucNP4JFriZNLYqwilf5KARfSeifIV8fbpQ80PoOBkdHuZTpeIMu3RxKgaZG0k72Ay7d/Ja09C/hJH0nUZBQTgAmeA+bJyeoOXB9UA5fmZWSdlQBuyeZMoUehvVpyacFkV0ay0dIanPcfml3dtrqbsAcV61wG9IfuhIrxYzr80uAzNo3kaNO1OcCPOfjTrzDFAgZx09jJ/VUyXV2cKwe+kAw7w5seGSZGLjCJ8H/c8v+nBiDNBbSeZcB0V4rW55ebx7ERTik7X7mW18A9QgWVwCMIDRTwnPO5JiZyiXtUi299V8eGvTGpwUfKy9r2PNf3XubKS9u2G0ndIhRKqGQhcE4LD9T0cWp+yBFDDBZ9nzc2USUrYRxdCayR7VIOPszN22Yw3d6X9q0eqgQDAtzAIN4gD8jdwFXi7Ca5G9Wxgzg4vBFYvUaI9x7ddvTybXXrh/D5ZQRfYGRG0TZJN3HwkSddxAqkMs3eWl8NkGFo6Z8xB95D926jtzH2IaPIONRkh8FMv4ceTsTd4FNRUK1o4Y\",\"c\":\"lUErsBKb/8DewhV4WiDhH7v/kwYqRddkN1nWoE21k5VZdkCivi+6tKzulhRkysCD\",\"leafs\":[{\"index\":1,\"attr\":\"FR-DR\",\"c_i\":\"gafh6WVw7nlUBwO6yB8tcMsNT8P953w6UCxUjKHCF3xtln8rGmKg9zJTpIuyBoiz\",\"c_i_prime\":\"quCdbL3O6LKPh41uCrjX+06oFwbr2E/bLvQRhYeoO2Y0OXJX0QBjGwHXVWqnvnKz\"},{\"index\":2,\"attr\":\"M1\",\"c_i\":\"jNcjNzMDwSNAnI0j+REleuea9lJ3Dys8mRKzgQfWX3YlY/dc4GotZ7Xt9CgBgSxG\",\"c_i_prime\":\"mekv4LXtgsdku1Bml86leOMNoxSZjWy1QNWnadUk1HjKlD0X8O8s8a1+I4kIbNiC\"}]},\"sym\":{\"nonce\":\"zZ/dpMBEe7tXOuqf\",\"ciphertext\":\"vs47OaiI17P03bOaKCdvvjtF8kA\"}}|{\"version\":1,\"r1\":\"lcgV3I/zX2BzmByWVld1DRDb0sIL6qF7MuCCuWn0zU+TQbbZQM+VGkXm2odTrtPx\",\"r2\":\"iq1SE52dcvNpgyRRvehecnuAHd/BbJY7Ub0DhfVS5r8LzO4nzg969uKH4B0zR7PqEIzmW70AxhAw8YFKwK0JorHWD1hwMFZmK0z/0H1rh57BU+K0ryuh32o3ya0SmZv/\",\"r3\":\"j8ldnAyx2zLENlGw1JGDeh79tJdTQJ/+ULSHuwUavTvf6BsyM+lPEp5uPlTH5XBlDSTTQFKbuBvLGdVERDaTvdp0I2GcIgjW2ybxXLE/K8PL0ToBSNoLQvUpRdY80XJ8\"}","mid":"N02_63","name":"recv_payload","tkn":"payload-N02_63","topic":"TM","dest":"TM"}

2026-10-06 11:04:16.060 Authority: {"name":"recv_desc","mid":"N00_46","desc":{"_date":"1791277456058","_nbfrags":"1","src":"Authority","_docid":"N00_46","_weight":"116","topic":"TM","dest":"TM"}}

2026-10-06 11:04:16.060 Authority: {"tkn":"t3","name":"ok"}

2026-10-06 11:04:16.061 Authority: {"data":"TLS(D3CS|Authority|TM|ARL_UPDATE|{\"version\":1,\"items\":[{\"attribute_type\":\"mission\",\"attribute_value\":\"BENCH_ARL\"}]})","tkn":"payload-N00_46","name":"recv_payload","mid":"N00_46","topic":"TM","dest":"TM"}

2026-10-06 11:04:17.615 Authority: {"name":"recv_desc","mid":"N00_50","desc":{"_date":"1791277457612","_nbfrags":"1","src":"Authority","_docid":"N00_50","_weight":"58","topic":"TM","dest":"TM"}}

2026-10-06 11:04:17.615 Authority: {"tkn":"t3","name":"ok"}

2026-10-06 11:04:17.616 Authority: {"data":"TLS(D3CS|Authority|TM|ARL_UPDATE|{\"version\":2,\"items\":[]})","tkn":"payload-N00_50","name":"recv_payload","mid":"N00_50","topic":"TM","dest":"TM"}

2026-10-06 11:04:19.151 Authority: {"name":"recv_desc","mid":"N00_53","desc":{"_date":"1791277459148","_nbfrags":"1","src":"Authority","_docid":"N00_53","_weight":"116","topic":"TM","dest":"TM"}}

2026-10-06 11:04:19.151 Authority: {"tkn":"t3","name":"ok"}

2026-10-06 11:04:19.153 Authority: {"data":"TLS(D3CS|Authority|TM|ARL_UPDATE|{\"version\":3,\"items\":[{\"attribute_type\":\"mission\",\"attribute_value\":\"BENCH_ARL\"}]})","tkn":"payload-N00_53","name":"recv_payload","mid":"N00_53","topic":"TM","dest":"TM"}

2026-10-06 11:04:20.684 Authority: {"name":"recv_desc","mid":"N00_57","desc":{"_date":"1791277460683","_nbfrags":"1","src":"Authority","_docid":"N00_57","_weight":"58","topic":"TM","dest":"TM"}}

2026-10-06 11:04:20.684 Authority: {"tkn":"t3","name":"ok"}

2026-10-06 11:04:20.685 Authority: {"data":"TLS(D3CS|Authority|TM|ARL_UPDATE|{\"version\":4,\"items\":[]})","tkn":"payload-N00_57","name":"recv_payload","mid":"N00_57","topic":"TM","dest":"TM"}

2026-10-06 11:04:22.225 Authority: {"name":"recv_desc","mid":"N00_60","desc":{"_date":"1791277462221","_nbfrags":"1","src":"Authority","_docid":"N00_60","_weight":"116","topic":"TM","dest":"TM"}}

2026-10-06 11:04:22.226 Authority: {"tkn":"t3","name":"ok"}

2026-10-06 11:04:22.227 Authority: {"data":"TLS(D3CS|Authority|TM|ARL_UPDATE|{\"version\":5,\"items\":[{\"attribute_type\":\"mission\",\"attribute_value\":\"BENCH_ARL\"}]})","tkn":"payload-N00_60","name":"recv_payload","mid":"N00_60","topic":"TM","dest":"TM"}

2026-10-06 11:04:23.759 Authority: {"name":"recv_desc","mid":"N00_64","desc":{"_date":"1791277463756","_nbfrags":"1","src":"Authority","_docid":"N00_64","_weight":"58","topic":"TM","dest":"TM"}}

2026-10-06 11:04:23.759 Authority: {"tkn":"t3","name":"ok"}

2026-10-06 11:04:23.760 Authority: {"data":"TLS(D3CS|Authority|TM|ARL_UPDATE|{\"version\":6,\"items\":[]})","tkn":"payload-N00_64","name":"recv_payload","mid":"N00_64","topic":"TM","dest":"TM"}

2026-10-06 11:04:26.315 Authority: {"name":"recv_desc","mid":"N02_98","desc":{"_st":"1791277466271","_date":"1791277466125","_nbfrags":"1","src":"TM2","_docid":"N02_98","_weight":"106","topic":"TM","_rcv":"N00","dest":"TM","_sdr":"N01"}}

2026-10-06 11:04:26.316 Authority: {"data":"TLS(D3CS|TM2|TM|KEY_REQUEST|bench_h2_key_w1|{\"classification\":\"FR-DR\",\"mission\":\"M1\"}|bench_h2_key_w1|TM2)","tkn":"payload-N02_98","name":"recv_payload","mid":"N02_98","topic":"TM","dest":"TM"}

2026-10-06 11:04:26.835 Authority: {"tkn":"t3","name":"ok"}

2026-10-06 11:04:27.342 Authority: {"tkn":"t3","name":"ok"}

2026-10-06 11:04:29.926 Authority: {"name":"recv_desc","mid":"N02_114","desc":{"_st":"1791277469879","_date":"1791277469740","_nbfrags":"1","src":"TM2","_docid":"N02_114","_weight":"108","topic":"TM","_rcv":"N00","dest":"TM","_sdr":"N01"}}

2026-10-06 11:04:29.928 Authority: {"data":"TLS(D3CS|TM2|TM|KEY_REQUEST|bench_h2_key_001|{\"classification\":\"FR-DR\",\"mission\":\"M1\"}|bench_h2_key_001|TM2)","tkn":"payload-N02_114","name":"recv_payload","mid":"N02_114","topic":"TM","dest":"TM"}

2026-10-06 11:04:30.453 Authority: {"tkn":"t3","name":"ok"}

2026-10-06 11:04:30.958 Authority: {"tkn":"t3","name":"ok"}

2026-10-06 11:04:32.991 Authority: {"data":"TLS(D3CS|TM2|TM|KEY_REQUEST|bench_h2_key_002|{\"classification\":\"FR-DR\",\"mission\":\"M1\"}|bench_h2_key_002|TM2)","mid":"N02_129","name":"recv_payload","tkn":"payload-N02_129","topic":"TM","dest":"TM"}

2026-10-06 11:04:34.037 Authority: {"tkn":"t3","name":"ok"}

2026-10-06 11:04:34.542 Authority: {"tkn":"t3","name":"ok"}

rags":"1","src":"Authority","_docid":"N00_64","_weight":"58","topic":"TM","dest":"TM"}}
2026-10-06 11:04:23.759 Authority: {"tkn":"t3","name":"ok"}
2026-10-06 11:04:23.760 Authority: {"data":"TLS(D3CS|Authority|TM|ARL_UPDATE|{\"version\":6,\"items\":[]})","tkn":"payload-N00_64","name":"recv_payload","mid":"N00_64","topic":"TM","dest":"TM"}
2026-10-06 11:04:26.315 Authority: {"name":"recv_desc","mid":"N02_98","desc":{"_st":"1791277466271","_date":"1791277466125","_nbfrags":"1","src":"TM2","_docid":"N02_98","_weight":"106","topic":"TM","_rcv":"N00","dest":"TM","_sdr":"N01"}}
2026-10-06 11:04:26.316 Authority: {"data":"TLS(D3CS|TM2|TM|KEY_REQUEST|bench_h2_key_w1|{\"classification\":\"FR-DR\",\"mission\":\"M1\"}|bench_h2_key_w1|TM2)","tkn":"payload-N02_98","name":"recv_payload","mid":"N02_98","topic":"TM","dest":"TM"}
2026-10-06 11:04:26.835 Authority: {"tkn":"t3","name":"ok"}
2026-10-06 11:04:27.342 Authority: {"tkn":"t3","name":"ok"}
2026-10-06 11:04:29.926 Authority: {"name":"recv_desc","mid":"N02_114","desc":{"_st":"1791277469879","_date":"1791277469740","_nbfrags":"1","src":"TM2","_docid":"N02_114","_weight":"108","topic":"TM","_rcv":"N00","dest":"TM","_sdr":"N01"}}
2026-10-06 11:04:29.928 Authority: {"data":"TLS(D3CS|TM2|TM|KEY_REQUEST|bench_h2_key_001|{\"classification\":\"FR-DR\",\"mission\":\"M1\"}|bench_h2_key_001|TM2)","tkn":"payload-N02_114","name":"recv_payload","mid":"N02_114","topic":"TM","dest":"TM"}
2026-10-06 11:04:30.453 Authority: {"tkn":"t3","name":"ok"}
2026-10-06 11:04:30.958 Authority: {"tkn":"t3","name":"ok"}
2026-10-06 11:04:32.991 Authority: {"data":"TLS(D3CS|TM2|TM|KEY_REQUEST|bench_h2_key_002|{\"classification\":\"FR-DR\",\"mission\":\"M1\"}|bench_h2_key_002|TM2)","mid":"N02_129","name":"recv_payload","tkn":"payload-N02_129","topic":"TM","dest":"TM"}
2026-10-06 11:04:34.037 Authority: {"tkn":"t3","name":"ok"}
2026-10-06 11:04:34.542 Authority: {"tkn":"t3","name":"ok"}
