event=send timestamp_ns=1791284476662221105 workflow=KEY_RESPONSE run_id=bench_h5_setup node=Authority source=Authority destination=bench_h5_setup
event=receive timestamp_ns=1791284477706650377 workflow=KEY_REQUEST run_id=bench_h5_setup node=Authority source=TM5 destination=TM
event=receive timestamp_ns=1791284481510466379 workflow=CT_SHARE run_id=1 node=Authority source=TM5 destination=TM
event=receive timestamp_ns=1791284484191032565 workflow=CT_SHARE run_id=2 node=Authority source=TM5 destination=TM
event=receive timestamp_ns=1791284486819250029 workflow=CT_SHARE run_id=3 node=Authority source=TM5 destination=TM
event=receive timestamp_ns=1791284488453785669 workflow=CT_SHARE run_id=4 node=Authority source=TM5 destination=TM
event=receive timestamp_ns=1791284491134484709 workflow=CT_SHARE run_id=5 node=Authority source=TM5 destination=TM
event=receive timestamp_ns=1791284493801524275 workflow=CT_SHARE run_id=6 node=Authority source=TM5 destination=TM
event=receive timestamp_ns=1791284496459600899 workflow=CT_SHARE run_id=7 node=Authority source=TM5 destination=TM
event=receive timestamp_ns=1791284499135495064 workflow=CT_SHARE run_id=8 node=Authority source=TM5 destination=TM
event=receive timestamp_ns=1791284501799845665 workflow=CT_SHARE run_id=9 node=Authority source=TM5 destination=TM
event=receive timestamp_ns=1791284504452867823 workflow=CT_SHARE run_id=10 node=Authority source=TM5 destination=TM
event=receive timestamp_ns=1791284506095843614 workflow=CT_SHARE run_id=11 node=Authority source=TM5 destination=TM
event=receive timestamp_ns=1791284508773421583 workflow=CT_SHARE run_id=12 node=Authority source=TM5 destination=TM
event=receive timestamp_ns=1791284510363960298 workflow=CT_SHARE run_id=13 node=Authority source=TM5 destination=TM
event=receive timestamp_ns=1791284511944381811 workflow=CT_SHARE run_id=14 node=Authority source=TM5 destination=TM
event=receive timestamp_ns=1791284514588983895 workflow=CT_SHARE run_id=15 node=Authority source=TM5 destination=TM
event=receive timestamp_ns=1791284517253737351 workflow=CT_SHARE run_id=16 node=Authority source=TM5 destination=TM
event=receive timestamp_ns=1791284518882102806 workflow=CT_SHARE run_id=17 node=Authority source=TM5 destination=TM
event=receive timestamp_ns=1791284521574223981 workflow=CT_SHARE run_id=18 node=Authority source=TM5 destination=TM
event=receive timestamp_ns=1791284524229167764 workflow=CT_SHARE run_id=19 node=Authority source=TM5 destination=TM
event=receive timestamp_ns=1791284526882257625 workflow=CT_SHARE run_id=20 node=Authority source=TM5 destination=TM
event=receive timestamp_ns=1791284529513035885 workflow=CT_SHARE run_id=21 node=Authority source=TM5 destination=TM
event=receive timestamp_ns=1791284532198506879 workflow=CT_SHARE run_id=22 node=Authority source=TM5 destination=TM
event=receive timestamp_ns=1791284534815120345 workflow=CT_SHARE run_id=23 node=Authority source=TM5 destination=TM
event=receive timestamp_ns=1791284536348540116 workflow=CT_SHARE run_id=24 node=Authority source=TM5 destination=TM
event=receive timestamp_ns=1791284537956974620 workflow=CT_SHARE run_id=25 node=Authority source=TM5 destination=TM
event=receive timestamp_ns=1791284540645214333 workflow=CT_SHARE run_id=26 node=Authority source=TM5 destination=TM
event=receive timestamp_ns=1791284542243853752 workflow=CT_SHARE run_id=27 node=Authority source=TM5 destination=TM
event=receive timestamp_ns=1791284544903018424 workflow=CT_SHARE run_id=28 node=Authority source=TM5 destination=TM
event=receive timestamp_ns=1791284547553584817 workflow=CT_SHARE run_id=29 node=Authority source=TM5 destination=TM
event=receive timestamp_ns=1791284550247118648 workflow=CT_SHARE run_id=30 node=Authority source=TM5 destination=TM
event=receive timestamp_ns=1791284552870069249 workflow=CT_SHARE run_id=31 node=Authority source=TM5 destination=TM
event=receive timestamp_ns=1791284555519079409 workflow=CT_SHARE run_id=32 node=Authority source=TM5 destination=TM
event=receive timestamp_ns=1791284557093115656 workflow=CT_SHARE run_id=33 node=Authority source=TM5 destination=TM
event=receive timestamp_ns=1791284558697224167 workflow=CT_SHARE run_id=34 node=Authority source=TM5 destination=TM
event=receive timestamp_ns=1791284560289245036 workflow=CT_SHARE run_id=35 node=Authority source=TM5 destination=TM
event=send timestamp_ns=1791284560498978537 workflow=ARL_UPDATE run_id=1 node=Authority source=Authority destination=TM
event=send timestamp_ns=1791284562946362328 workflow=ARL_UPDATE run_id=2 node=Authority source=Authority destination=TM
event=send timestamp_ns=1791284564487179065 workflow=ARL_UPDATE run_id=3 node=Authority source=Authority destination=TM
event=send timestamp_ns=1791284566234716628 workflow=ARL_UPDATE run_id=4 node=Authority source=Authority destination=TM
event=send timestamp_ns=1791284568884969586 workflow=ARL_UPDATE run_id=5 node=Authority source=Authority destination=TM
event=send timestamp_ns=1791284571542576747 workflow=ARL_UPDATE run_id=6 node=Authority source=Authority destination=TM
event=send timestamp_ns=1791284573991955992 workflow=ARL_UPDATE run_id=7 node=Authority source=Authority destination=TM
event=send timestamp_ns=1791284575593702026 workflow=ARL_UPDATE run_id=8 node=Authority source=Authority destination=TM
event=send timestamp_ns=1791284577191718365 workflow=ARL_UPDATE run_id=9 node=Authority source=Authority destination=TM
event=send timestamp_ns=1791284578726149411 workflow=ARL_UPDATE run_id=10 node=Authority source=Authority destination=TM
event=send timestamp_ns=1791284580263744611 workflow=ARL_UPDATE run_id=11 node=Authority source=Authority destination=TM
event=send timestamp_ns=1791284582005776277 workflow=ARL_UPDATE run_id=12 node=Authority source=Authority destination=TM
event=send timestamp_ns=1791284584455639996 workflow=ARL_UPDATE run_id=13 node=Authority source=Authority destination=TM
event=send timestamp_ns=1791284586199626461 workflow=ARL_UPDATE run_id=14 node=Authority source=Authority destination=TM
event=send timestamp_ns=1791284588653237610 workflow=ARL_UPDATE run_id=15 node=Authority source=Authority destination=TM
event=send timestamp_ns=1791284590397387352 workflow=ARL_UPDATE run_id=16 node=Authority source=Authority destination=TM
event=send timestamp_ns=1791284593047987236 workflow=ARL_UPDATE run_id=17 node=Authority source=Authority destination=TM
event=send timestamp_ns=1791284595703391363 workflow=ARL_UPDATE run_id=18 node=Authority source=Authority destination=TM
event=send timestamp_ns=1791284598363857032 workflow=ARL_UPDATE run_id=19 node=Authority source=Authority destination=TM
event=send timestamp_ns=1791284601022741527 workflow=ARL_UPDATE run_id=20 node=Authority source=Authority destination=TM
event=send timestamp_ns=1791284603678027623 workflow=ARL_UPDATE run_id=21 node=Authority source=Authority destination=TM
event=send timestamp_ns=1791284606330942442 workflow=ARL_UPDATE run_id=22 node=Authority source=Authority destination=TM
event=send timestamp_ns=1791284608991469620 workflow=ARL_UPDATE run_id=23 node=Authority source=Authority destination=TM
event=send timestamp_ns=1791284611642853573 workflow=ARL_UPDATE run_id=24 node=Authority source=Authority destination=TM
event=send timestamp_ns=1791284614077702357 workflow=ARL_UPDATE run_id=25 node=Authority source=Authority destination=TM
event=send timestamp_ns=1791284615617518607 workflow=ARL_UPDATE run_id=26 node=Authority source=Authority destination=TM
event=send timestamp_ns=1791284617150878009 workflow=ARL_UPDATE run_id=27 node=Authority source=Authority destination=TM
event=send timestamp_ns=1791284618693875585 workflow=ARL_UPDATE run_id=28 node=Authority source=Authority destination=TM
event=send timestamp_ns=1791284620233386175 workflow=ARL_UPDATE run_id=29 node=Authority source=Authority destination=TM
event=send timestamp_ns=1791284621839929012 workflow=ARL_UPDATE run_id=30 node=Authority source=Authority destination=TM
event=send timestamp_ns=1791284623377155601 workflow=ARL_UPDATE run_id=31 node=Authority source=Authority destination=TM
event=send timestamp_ns=1791284625113768007 workflow=ARL_UPDATE run_id=32 node=Authority source=Authority destination=TM
event=send timestamp_ns=1791284627565178390 workflow=ARL_UPDATE run_id=33 node=Authority source=Authority destination=TM
event=send timestamp_ns=1791284629306657957 workflow=ARL_UPDATE run_id=34 node=Authority source=Authority destination=TM
event=send timestamp_ns=1791284631765264818 workflow=ARL_UPDATE run_id=35 node=Authority source=Authority destination=TM
event=send timestamp_ns=1791284633322885652 workflow=ARL_UPDATE run_id=36 node=Authority source=Authority destination=TM
event=send timestamp_ns=1791284635069406215 workflow=ARL_UPDATE run_id=37 node=Authority source=Authority destination=TM
event=send timestamp_ns=1791284637586477965 workflow=ARL_UPDATE run_id=38 node=Authority source=Authority destination=TM
event=send timestamp_ns=1791284639150820845 workflow=ARL_UPDATE run_id=39 node=Authority source=Authority destination=TM
event=send timestamp_ns=1791284640897599832 workflow=ARL_UPDATE run_id=40 node=Authority source=Authority destination=TM
event=send timestamp_ns=1791284643410703692 workflow=ARL_UPDATE run_id=41 node=Authority source=Authority destination=TM
event=send timestamp_ns=1791284644979673206 workflow=ARL_UPDATE run_id=42 node=Authority source=Authority destination=TM
event=send timestamp_ns=1791284646577854817 workflow=ARL_UPDATE run_id=43 node=Authority source=Authority destination=TM
event=send timestamp_ns=1791284648141963372 workflow=ARL_UPDATE run_id=44 node=Authority source=Authority destination=TM
event=send timestamp_ns=1791284649887377308 workflow=ARL_UPDATE run_id=45 node=Authority source=Authority destination=TM
event=send timestamp_ns=1791284652541500106 workflow=ARL_UPDATE run_id=46 node=Authority source=Authority destination=TM
event=send timestamp_ns=1791284655203318875 workflow=ARL_UPDATE run_id=47 node=Authority source=Authority destination=TM
event=send timestamp_ns=1791284657647664715 workflow=ARL_UPDATE run_id=48 node=Authority source=Authority destination=TM
event=send timestamp_ns=1791284659193491312 workflow=ARL_UPDATE run_id=49 node=Authority source=Authority destination=TM
event=send timestamp_ns=1791284660752189314 workflow=ARL_UPDATE run_id=50 node=Authority source=Authority destination=TM
event=send timestamp_ns=1791284662496087827 workflow=ARL_UPDATE run_id=51 node=Authority source=Authority destination=TM
event=send timestamp_ns=1791284665153198959 workflow=ARL_UPDATE run_id=52 node=Authority source=Authority destination=TM
event=send timestamp_ns=1791284667602431392 workflow=ARL_UPDATE run_id=53 node=Authority source=Authority destination=TM
event=send timestamp_ns=1791284669171871548 workflow=ARL_UPDATE run_id=54 node=Authority source=Authority destination=TM
event=send timestamp_ns=1791284670738072754 workflow=ARL_UPDATE run_id=55 node=Authority source=Authority destination=TM
event=send timestamp_ns=1791284672304759938 workflow=ARL_UPDATE run_id=56 node=Authority source=Authority destination=TM
event=send timestamp_ns=1791284674052118824 workflow=ARL_UPDATE run_id=57 node=Authority source=Authority destination=TM
event=send timestamp_ns=1791284676526651235 workflow=ARL_UPDATE run_id=58 node=Authority source=Authority destination=TM
event=send timestamp_ns=1791284678063507045 workflow=ARL_UPDATE run_id=59 node=Authority source=Authority destination=TM
event=send timestamp_ns=1791284679601678950 workflow=ARL_UPDATE run_id=60 node=Authority source=Authority destination=TM
event=send timestamp_ns=1791284681170624624 workflow=ARL_UPDATE run_id=61 node=Authority source=Authority destination=TM
event=send timestamp_ns=1791284682737509238 workflow=ARL_UPDATE run_id=62 node=Authority source=Authority destination=TM
event=send timestamp_ns=1791284684336124277 workflow=ARL_UPDATE run_id=63 node=Authority source=Authority destination=TM
event=send timestamp_ns=1791284685945108722 workflow=ARL_UPDATE run_id=64 node=Authority source=Authority destination=TM
event=send timestamp_ns=1791284687506639255 workflow=ARL_UPDATE run_id=65 node=Authority source=Authority destination=TM
event=send timestamp_ns=1791284689078004388 workflow=ARL_UPDATE run_id=66 node=Authority source=Authority destination=TM
event=send timestamp_ns=1791284690642846258 workflow=ARL_UPDATE run_id=67 node=Authority source=Authority destination=TM
event=send timestamp_ns=1791284692210573067 workflow=ARL_UPDATE run_id=68 node=Authority source=Authority destination=TM
event=send timestamp_ns=1791284693779594006 workflow=ARL_UPDATE run_id=69 node=Authority source=Authority destination=TM
event=send timestamp_ns=1791284695350284011 workflow=ARL_UPDATE run_id=70 node=Authority source=Authority destination=TM
event=send timestamp_ns=1791284698423995603 workflow=KEY_RESPONSE run_id=bench_h5_key_w1 node=Authority source=Authority destination=bench_h5_key_w1
event=receive timestamp_ns=1791284699466701416 workflow=KEY_REQUEST run_id=bench_h5_key_w1 node=Authority source=TM5 destination=TM
event=send timestamp_ns=1791284702104723085 workflow=KEY_RESPONSE run_id=bench_h5_key_w2 node=Authority source=Authority destination=bench_h5_key_w2
event=receive timestamp_ns=1791284703146567204 workflow=KEY_REQUEST run_id=bench_h5_key_w2 node=Authority source=TM5 destination=TM
event=send timestamp_ns=1791284705815963387 workflow=KEY_RESPONSE run_id=bench_h5_key_w3 node=Authority source=Authority destination=bench_h5_key_w3
event=receive timestamp_ns=1791284706858420976 workflow=KEY_REQUEST run_id=bench_h5_key_w3 node=Authority source=TM5 destination=TM
event=send timestamp_ns=1791284708433210691 workflow=KEY_RESPONSE run_id=bench_h5_key_w4 node=Authority source=Authority destination=bench_h5_key_w4
event=receive timestamp_ns=1791284709450796689 workflow=KEY_REQUEST run_id=bench_h5_key_w4 node=Authority source=TM5 destination=TM
event=send timestamp_ns=1791284712020073738 workflow=KEY_RESPONSE run_id=bench_h5_key_w5 node=Authority source=Authority destination=bench_h5_key_w5
event=receive timestamp_ns=1791284713034570765 workflow=KEY_REQUEST run_id=bench_h5_key_w5 node=Authority source=TM5 destination=TM
event=send timestamp_ns=1791284715575660791 workflow=KEY_RESPONSE run_id=bench_h5_key_001 node=Authority source=Authority destination=bench_h5_key_001
event=receive timestamp_ns=1791284716618948845 workflow=KEY_REQUEST run_id=bench_h5_key_001 node=Authority source=TM5 destination=TM
event=send timestamp_ns=1791284719224545261 workflow=KEY_RESPONSE run_id=bench_h5_key_002 node=Authority source=Authority destination=bench_h5_key_002
event=receive timestamp_ns=1791284720266532165 workflow=KEY_REQUEST run_id=bench_h5_key_002 node=Authority source=TM5 destination=TM
event=send timestamp_ns=1791284723926806669 workflow=KEY_RESPONSE run_id=bench_h5_key_003 node=Authority source=Authority destination=bench_h5_key_003
event=receive timestamp_ns=1791284724974451157 workflow=KEY_REQUEST run_id=bench_h5_key_003 node=Authority source=TM5 destination=TM
event=send timestamp_ns=1791284727606495254 workflow=KEY_RESPONSE run_id=bench_h5_key_004 node=Authority source=Authority destination=bench_h5_key_004
event=receive timestamp_ns=1791284728650560280 workflow=KEY_REQUEST run_id=bench_h5_key_004 node=Authority source=TM5 destination=TM
event=send timestamp_ns=1791284731256663892 workflow=KEY_RESPONSE run_id=bench_h5_key_005 node=Authority source=Authority destination=bench_h5_key_005
event=receive timestamp_ns=1791284732302536776 workflow=KEY_REQUEST run_id=bench_h5_key_005 node=Authority source=TM5 destination=TM
event=send timestamp_ns=1791284734838963965 workflow=KEY_RESPONSE run_id=bench_h5_key_006 node=Authority source=Authority destination=bench_h5_key_006
event=receive timestamp_ns=1791284735882686788 workflow=KEY_REQUEST run_id=bench_h5_key_006 node=Authority source=TM5 destination=TM
event=send timestamp_ns=1791284739543270662 workflow=KEY_RESPONSE run_id=bench_h5_key_007 node=Authority source=Authority destination=bench_h5_key_007
event=receive timestamp_ns=1791284740586745425 workflow=KEY_REQUEST run_id=bench_h5_key_007 node=Authority source=TM5 destination=TM
event=send timestamp_ns=1791284743220910932 workflow=KEY_RESPONSE run_id=bench_h5_key_008 node=Authority source=Authority destination=bench_h5_key_008
event=receive timestamp_ns=1791284744266729173 workflow=KEY_REQUEST run_id=bench_h5_key_008 node=Authority source=TM5 destination=TM
event=send timestamp_ns=1791284747957661776 workflow=KEY_RESPONSE run_id=bench_h5_key_009 node=Authority source=Authority destination=bench_h5_key_009
event=receive timestamp_ns=1791284749002761108 workflow=KEY_REQUEST run_id=bench_h5_key_009 node=Authority source=TM5 destination=TM
event=send timestamp_ns=1791284752665818327 workflow=KEY_RESPONSE run_id=bench_h5_key_010 node=Authority source=Authority destination=bench_h5_key_010
event=receive timestamp_ns=1791284753706708599 workflow=KEY_REQUEST run_id=bench_h5_key_010 node=Authority source=TM5 destination=TM
event=send timestamp_ns=1791284756282656696 workflow=KEY_RESPONSE run_id=bench_h5_key_011 node=Authority source=Authority destination=bench_h5_key_011
event=receive timestamp_ns=1791284757326796216 workflow=KEY_REQUEST run_id=bench_h5_key_011 node=Authority source=TM5 destination=TM
event=send timestamp_ns=1791284760976489592 workflow=KEY_RESPONSE run_id=bench_h5_key_012 node=Authority source=Authority destination=bench_h5_key_012
event=receive timestamp_ns=1791284761994653420 workflow=KEY_REQUEST run_id=bench_h5_key_012 node=Authority source=TM5 destination=TM
event=send timestamp_ns=1791284764563817134 workflow=KEY_RESPONSE run_id=bench_h5_key_013 node=Authority source=Authority destination=bench_h5_key_013
event=receive timestamp_ns=1791284765614961759 workflow=KEY_REQUEST run_id=bench_h5_key_013 node=Authority source=TM5 destination=TM
event=send timestamp_ns=1791284769273347412 workflow=KEY_RESPONSE run_id=bench_h5_key_014 node=Authority source=Authority destination=bench_h5_key_014
event=receive timestamp_ns=1791284770314605908 workflow=KEY_REQUEST run_id=bench_h5_key_014 node=Authority source=TM5 destination=TM
event=send timestamp_ns=1791284773937568466 workflow=KEY_RESPONSE run_id=bench_h5_key_015 node=Authority source=Authority destination=bench_h5_key_015
event=receive timestamp_ns=1791284774958792345 workflow=KEY_REQUEST run_id=bench_h5_key_015 node=Authority source=TM5 destination=TM
event=send timestamp_ns=1791284778639770657 workflow=KEY_RESPONSE run_id=bench_h5_key_016 node=Authority source=Authority destination=bench_h5_key_016
event=receive timestamp_ns=1791284779658744801 workflow=KEY_REQUEST run_id=bench_h5_key_016 node=Authority source=TM5 destination=TM
event=send timestamp_ns=1791284783223561762 workflow=KEY_RESPONSE run_id=bench_h5_key_017 node=Authority source=Authority destination=bench_h5_key_017
event=receive timestamp_ns=1791284784266456683 workflow=KEY_REQUEST run_id=bench_h5_key_017 node=Authority source=TM5 destination=TM
event=send timestamp_ns=1791284786900346450 workflow=KEY_RESPONSE run_id=bench_h5_key_018 node=Authority source=Authority destination=bench_h5_key_018
event=receive timestamp_ns=1791284787914615767 workflow=KEY_REQUEST run_id=bench_h5_key_018 node=Authority source=TM5 destination=TM
event=send timestamp_ns=1791284790488263608 workflow=KEY_RESPONSE run_id=bench_h5_key_019 node=Authority source=Authority destination=bench_h5_key_019
event=receive timestamp_ns=1791284791534672318 workflow=KEY_REQUEST run_id=bench_h5_key_019 node=Authority source=TM5 destination=TM
event=send timestamp_ns=1791284795223758395 workflow=KEY_RESPONSE run_id=bench_h5_key_020 node=Authority source=Authority destination=bench_h5_key_020
event=receive timestamp_ns=1791284796270931571 workflow=KEY_REQUEST run_id=bench_h5_key_020 node=Authority source=TM5 destination=TM
event=send timestamp_ns=1791284798900870641 workflow=KEY_RESPONSE run_id=bench_h5_key_021 node=Authority source=Authority destination=bench_h5_key_021
event=receive timestamp_ns=1791284799946777272 workflow=KEY_REQUEST run_id=bench_h5_key_021 node=Authority source=TM5 destination=TM
event=send timestamp_ns=1791284803644451246 workflow=KEY_RESPONSE run_id=bench_h5_key_022 node=Authority source=Authority destination=bench_h5_key_022
event=receive timestamp_ns=1791284804686728516 workflow=KEY_REQUEST run_id=bench_h5_key_022 node=Authority source=TM5 destination=TM
event=send timestamp_ns=1791284807318779514 workflow=KEY_RESPONSE run_id=bench_h5_key_023 node=Authority source=Authority destination=bench_h5_key_023
event=receive timestamp_ns=1791284808362668557 workflow=KEY_REQUEST run_id=bench_h5_key_023 node=Authority source=TM5 destination=TM
event=send timestamp_ns=1791284810903536833 workflow=KEY_RESPONSE run_id=bench_h5_key_024 node=Authority source=Authority destination=bench_h5_key_024
event=receive timestamp_ns=1791284811950593266 workflow=KEY_REQUEST run_id=bench_h5_key_024 node=Authority source=TM5 destination=TM
event=send timestamp_ns=1791284815608686534 workflow=KEY_RESPONSE run_id=bench_h5_key_025 node=Authority source=Authority destination=bench_h5_key_025
event=receive timestamp_ns=1791284816651066059 workflow=KEY_REQUEST run_id=bench_h5_key_025 node=Authority source=TM5 destination=TM
event=send timestamp_ns=1791284820274893871 workflow=KEY_RESPONSE run_id=bench_h5_key_026 node=Authority source=Authority destination=bench_h5_key_026
event=receive timestamp_ns=1791284821290609479 workflow=KEY_REQUEST run_id=bench_h5_key_026 node=Authority source=TM5 destination=TM
event=send timestamp_ns=1791284823925849001 workflow=KEY_RESPONSE run_id=bench_h5_key_027 node=Authority source=Authority destination=bench_h5_key_027
event=receive timestamp_ns=1791284824970485959 workflow=KEY_REQUEST run_id=bench_h5_key_027 node=Authority source=TM5 destination=TM
event=send timestamp_ns=1791284827574998339 workflow=KEY_RESPONSE run_id=bench_h5_key_028 node=Authority source=Authority destination=bench_h5_key_028
event=receive timestamp_ns=1791284828618695940 workflow=KEY_REQUEST run_id=bench_h5_key_028 node=Authority source=TM5 destination=TM
event=send timestamp_ns=1791284831217715630 workflow=KEY_RESPONSE run_id=bench_h5_key_029 node=Authority source=Authority destination=bench_h5_key_029
event=receive timestamp_ns=1791284832234765101 workflow=KEY_REQUEST run_id=bench_h5_key_029 node=Authority source=TM5 destination=TM
event=send timestamp_ns=1791284835855719390 workflow=KEY_RESPONSE run_id=bench_h5_key_030 node=Authority source=Authority destination=bench_h5_key_030
event=receive timestamp_ns=1791284836874459872 workflow=KEY_REQUEST run_id=bench_h5_key_030 node=Authority source=TM5 destination=TM
