event=receive timestamp_ns=1791284476554624851 workflow=KEY_REQUEST run_id=bench_h5_setup node=U1 source=TM5 destination=TM
event=receive timestamp_ns=1791284481401199153 workflow=CT_SHARE run_id=1 node=U1 source=TM5 destination=TM
event=receive timestamp_ns=1791284484057226492 workflow=CT_SHARE run_id=2 node=U1 source=TM5 destination=TM
event=receive timestamp_ns=1791284486745519458 workflow=CT_SHARE run_id=3 node=U1 source=TM5 destination=TM
event=receive timestamp_ns=1791284488345658248 workflow=CT_SHARE run_id=4 node=U1 source=TM5 destination=TM
event=receive timestamp_ns=1791284490999270728 workflow=CT_SHARE run_id=5 node=U1 source=TM5 destination=TM
event=receive timestamp_ns=1791284493694840800 workflow=CT_SHARE run_id=6 node=U1 source=TM5 destination=TM
event=receive timestamp_ns=1791284496347394689 workflow=CT_SHARE run_id=7 node=U1 source=TM5 destination=TM
event=receive timestamp_ns=1791284499034126354 workflow=CT_SHARE run_id=8 node=U1 source=TM5 destination=TM
event=receive timestamp_ns=1791284501694202451 workflow=CT_SHARE run_id=9 node=U1 source=TM5 destination=TM
event=receive timestamp_ns=1791284504345827026 workflow=CT_SHARE run_id=10 node=U1 source=TM5 destination=TM
event=receive timestamp_ns=1791284505982902246 workflow=CT_SHARE run_id=11 node=U1 source=TM5 destination=TM
event=receive timestamp_ns=1791284508670401954 workflow=CT_SHARE run_id=12 node=U1 source=TM5 destination=TM
event=receive timestamp_ns=1791284510264166198 workflow=CT_SHARE run_id=13 node=U1 source=TM5 destination=TM
event=receive timestamp_ns=1791284511829757569 workflow=CT_SHARE run_id=14 node=U1 source=TM5 destination=TM
event=receive timestamp_ns=1791284514481407597 workflow=CT_SHARE run_id=15 node=U1 source=TM5 destination=TM
event=receive timestamp_ns=1791284517145361275 workflow=CT_SHARE run_id=16 node=U1 source=TM5 destination=TM
event=receive timestamp_ns=1791284518776452652 workflow=CT_SHARE run_id=17 node=U1 source=TM5 destination=TM
event=receive timestamp_ns=1791284521465672469 workflow=CT_SHARE run_id=18 node=U1 source=TM5 destination=TM
event=receive timestamp_ns=1791284524119966895 workflow=CT_SHARE run_id=19 node=U1 source=TM5 destination=TM
event=receive timestamp_ns=1791284526777514054 workflow=CT_SHARE run_id=20 node=U1 source=TM5 destination=TM
event=receive timestamp_ns=1791284529408185022 workflow=CT_SHARE run_id=21 node=U1 source=TM5 destination=TM
event=receive timestamp_ns=1791284532091043182 workflow=CT_SHARE run_id=22 node=U1 source=TM5 destination=TM
event=receive timestamp_ns=1791284534713286943 workflow=CT_SHARE run_id=23 node=U1 source=TM5 destination=TM
event=receive timestamp_ns=1791284536248102521 workflow=CT_SHARE run_id=24 node=U1 source=TM5 destination=TM
event=receive timestamp_ns=1791284537845253756 workflow=CT_SHARE run_id=25 node=U1 source=TM5 destination=TM
event=receive timestamp_ns=1791284540534828896 workflow=CT_SHARE run_id=26 node=U1 source=TM5 destination=TM
event=receive timestamp_ns=1791284542138632557 workflow=CT_SHARE run_id=27 node=U1 source=TM5 destination=TM
event=receive timestamp_ns=1791284544794217780 workflow=CT_SHARE run_id=28 node=U1 source=TM5 destination=TM
event=receive timestamp_ns=1791284547448096450 workflow=CT_SHARE run_id=29 node=U1 source=TM5 destination=TM
event=receive timestamp_ns=1791284550137323500 workflow=CT_SHARE run_id=30 node=U1 source=TM5 destination=TM
event=receive timestamp_ns=1791284552759446985 workflow=CT_SHARE run_id=31 node=U1 source=TM5 destination=TM
event=receive timestamp_ns=1791284555420054485 workflow=CT_SHARE run_id=32 node=U1 source=TM5 destination=TM
event=receive timestamp_ns=1791284556984496053 workflow=CT_SHARE run_id=33 node=U1 source=TM5 destination=TM
event=receive timestamp_ns=1791284558589267513 workflow=CT_SHARE run_id=34 node=U1 source=TM5 destination=TM
event=receive timestamp_ns=1791284560183956447 workflow=CT_SHARE run_id=35 node=U1 source=TM5 destination=TM
event=receive timestamp_ns=1791284562548580038 workflow=ARL_UPDATE run_id=1 node=U1 source=Authority destination=TM
event=receive timestamp_ns=1791284564084346779 workflow=ARL_UPDATE run_id=2 node=U1 source=Authority destination=TM
event=receive timestamp_ns=1791284565618103365 workflow=ARL_UPDATE run_id=3 node=U1 source=Authority destination=TM
event=receive timestamp_ns=1791284568276222348 workflow=ARL_UPDATE run_id=4 node=U1 source=Authority destination=TM
event=receive timestamp_ns=1791284570967766353 workflow=ARL_UPDATE run_id=5 node=U1 source=Authority destination=TM
event=receive timestamp_ns=1791284573587730528 workflow=ARL_UPDATE run_id=6 node=U1 source=Authority destination=TM
event=receive timestamp_ns=1791284575127089173 workflow=ARL_UPDATE run_id=7 node=U1 source=Authority destination=TM
event=receive timestamp_ns=1791284576721566532 workflow=ARL_UPDATE run_id=8 node=U1 source=Authority destination=TM
event=receive timestamp_ns=1791284578329176247 workflow=ARL_UPDATE run_id=9 node=U1 source=Authority destination=TM
event=receive timestamp_ns=1791284579857527963 workflow=ARL_UPDATE run_id=10 node=U1 source=Authority destination=TM
event=receive timestamp_ns=1791284581394041840 workflow=ARL_UPDATE run_id=11 node=U1 source=Authority destination=TM
event=receive timestamp_ns=1791284584052786987 workflow=ARL_UPDATE run_id=12 node=U1 source=Authority destination=TM
event=receive timestamp_ns=1791284585587607771 workflow=ARL_UPDATE run_id=13 node=U1 source=Authority destination=TM
event=receive timestamp_ns=1791284588280580397 workflow=ARL_UPDATE run_id=14 node=U1 source=Authority destination=TM
event=receive timestamp_ns=1791284589812928857 workflow=ARL_UPDATE run_id=15 node=U1 source=Authority destination=TM
event=receive timestamp_ns=1791284592438003999 workflow=ARL_UPDATE run_id=16 node=U1 source=Authority destination=TM
event=receive timestamp_ns=1791284595096778343 workflow=ARL_UPDATE run_id=17 node=U1 source=Authority destination=TM
event=receive timestamp_ns=1791284597752905416 workflow=ARL_UPDATE run_id=18 node=U1 source=Authority destination=TM
event=receive timestamp_ns=1791284600406006028 workflow=ARL_UPDATE run_id=19 node=U1 source=Authority destination=TM
event=receive timestamp_ns=1791284603062466905 workflow=ARL_UPDATE run_id=20 node=U1 source=Authority destination=TM
event=receive timestamp_ns=1791284605715167770 workflow=ARL_UPDATE run_id=21 node=U1 source=Authority destination=TM
event=receive timestamp_ns=1791284608372330402 workflow=ARL_UPDATE run_id=22 node=U1 source=Authority destination=TM
event=receive timestamp_ns=1791284611028843529 workflow=ARL_UPDATE run_id=23 node=U1 source=Authority destination=TM
event=receive timestamp_ns=1791284613684716428 workflow=ARL_UPDATE run_id=24 node=U1 source=Authority destination=TM
event=receive timestamp_ns=1791284615220290400 workflow=ARL_UPDATE run_id=25 node=U1 source=Authority destination=TM
event=receive timestamp_ns=1791284616755857468 workflow=ARL_UPDATE run_id=26 node=U1 source=Authority destination=TM
event=receive timestamp_ns=1791284618289099265 workflow=ARL_UPDATE run_id=27 node=U1 source=Authority destination=TM
event=receive timestamp_ns=1791284619830120672 workflow=ARL_UPDATE run_id=28 node=U1 source=Authority destination=TM
event=receive timestamp_ns=1791284621395472309 workflow=ARL_UPDATE run_id=29 node=U1 source=Authority destination=TM
event=receive timestamp_ns=1791284622966738776 workflow=ARL_UPDATE run_id=30 node=U1 source=Authority destination=TM
event=receive timestamp_ns=1791284624498934285 workflow=ARL_UPDATE run_id=31 node=U1 source=Authority destination=TM
event=receive timestamp_ns=1791284627158185088 workflow=ARL_UPDATE run_id=32 node=U1 source=Authority destination=TM
event=receive timestamp_ns=1791284628726503226 workflow=ARL_UPDATE run_id=33 node=U1 source=Authority destination=TM
event=receive timestamp_ns=1791284631350594991 workflow=ARL_UPDATE run_id=34 node=U1 source=Authority destination=TM
event=receive timestamp_ns=1791284632915741001 workflow=ARL_UPDATE run_id=35 node=U1 source=Authority destination=TM
event=receive timestamp_ns=1791284634451564295 workflow=ARL_UPDATE run_id=36 node=U1 source=Authority destination=TM
event=receive timestamp_ns=1791284637110797292 workflow=ARL_UPDATE run_id=37 node=U1 source=Authority destination=TM
event=receive timestamp_ns=1791284638741280286 workflow=ARL_UPDATE run_id=38 node=U1 source=Authority destination=TM
event=receive timestamp_ns=1791284640276198472 workflow=ARL_UPDATE run_id=39 node=U1 source=Authority destination=TM
event=receive timestamp_ns=1791284642934563693 workflow=ARL_UPDATE run_id=40 node=U1 source=Authority destination=TM
event=receive timestamp_ns=1791284644531610290 workflow=ARL_UPDATE run_id=41 node=U1 source=Authority destination=TM
event=receive timestamp_ns=1791284646134649233 workflow=ARL_UPDATE run_id=42 node=U1 source=Authority destination=TM
event=receive timestamp_ns=1791284647737164031 workflow=ARL_UPDATE run_id=43 node=U1 source=Authority destination=TM
event=receive timestamp_ns=1791284649265095142 workflow=ARL_UPDATE run_id=44 node=U1 source=Authority destination=TM
event=receive timestamp_ns=1791284651958941548 workflow=ARL_UPDATE run_id=45 node=U1 source=Authority destination=TM
event=receive timestamp_ns=1791284654615058339 workflow=ARL_UPDATE run_id=46 node=U1 source=Authority destination=TM
event=receive timestamp_ns=1791284657236196176 workflow=ARL_UPDATE run_id=47 node=U1 source=Authority destination=TM
event=receive timestamp_ns=1791284658808058723 workflow=ARL_UPDATE run_id=48 node=U1 source=Authority destination=TM
event=receive timestamp_ns=1791284660339001875 workflow=ARL_UPDATE run_id=49 node=U1 source=Authority destination=TM
event=receive timestamp_ns=1791284661877127186 workflow=ARL_UPDATE run_id=50 node=U1 source=Authority destination=TM
event=receive timestamp_ns=1791284664533133034 workflow=ARL_UPDATE run_id=51 node=U1 source=Authority destination=TM
event=receive timestamp_ns=1791284667187672616 workflow=ARL_UPDATE run_id=52 node=U1 source=Authority destination=TM
event=receive timestamp_ns=1791284668756729206 workflow=ARL_UPDATE run_id=53 node=U1 source=Authority destination=TM
event=receive timestamp_ns=1791284670326433496 workflow=ARL_UPDATE run_id=54 node=U1 source=Authority destination=TM
event=receive timestamp_ns=1791284671861543944 workflow=ARL_UPDATE run_id=55 node=U1 source=Authority destination=TM
event=receive timestamp_ns=1791284673462421870 workflow=ARL_UPDATE run_id=56 node=U1 source=Authority destination=TM
event=receive timestamp_ns=1791284676113409577 workflow=ARL_UPDATE run_id=57 node=U1 source=Authority destination=TM
event=receive timestamp_ns=1791284677689395716 workflow=ARL_UPDATE run_id=58 node=U1 source=Authority destination=TM
event=receive timestamp_ns=1791284679184576032 workflow=ARL_UPDATE run_id=59 node=U1 source=Authority destination=TM
event=receive timestamp_ns=1791284680721064685 workflow=ARL_UPDATE run_id=60 node=U1 source=Authority destination=TM
event=receive timestamp_ns=1791284682327604757 workflow=ARL_UPDATE run_id=61 node=U1 source=Authority destination=TM
event=receive timestamp_ns=1791284683861294958 workflow=ARL_UPDATE run_id=62 node=U1 source=Authority destination=TM
event=receive timestamp_ns=1791284685499244031 workflow=ARL_UPDATE run_id=63 node=U1 source=Authority destination=TM
event=receive timestamp_ns=1791284687090980011 workflow=ARL_UPDATE run_id=64 node=U1 source=Authority destination=TM
event=receive timestamp_ns=1791284688662209997 workflow=ARL_UPDATE run_id=65 node=U1 source=Authority destination=TM
event=receive timestamp_ns=1791284690227479036 workflow=ARL_UPDATE run_id=66 node=U1 source=Authority destination=TM
event=receive timestamp_ns=1791284691795112296 workflow=ARL_UPDATE run_id=67 node=U1 source=Authority destination=TM
event=receive timestamp_ns=1791284693367644276 workflow=ARL_UPDATE run_id=68 node=U1 source=Authority destination=TM
event=receive timestamp_ns=1791284694934396718 workflow=ARL_UPDATE run_id=69 node=U1 source=Authority destination=TM
event=receive timestamp_ns=1791284696504110476 workflow=ARL_UPDATE run_id=70 node=U1 source=Authority destination=TM
event=receive timestamp_ns=1791284699562598045 workflow=KEY_REQUEST run_id=bench_h5_key_w1 node=U1 source=TM5 destination=TM
event=receive timestamp_ns=1791284701994765710 workflow=KEY_REQUEST run_id=bench_h5_key_w2 node=U1 source=TM5 destination=TM
event=receive timestamp_ns=1791284705706799088 workflow=KEY_REQUEST run_id=bench_h5_key_w3 node=U1 source=TM5 destination=TM
event=receive timestamp_ns=1791284708330567146 workflow=KEY_REQUEST run_id=bench_h5_key_w4 node=U1 source=TM5 destination=TM
event=receive timestamp_ns=1791284711402629571 workflow=KEY_REQUEST run_id=bench_h5_key_w5 node=U1 source=TM5 destination=TM
event=receive timestamp_ns=1791284715466957158 workflow=KEY_REQUEST run_id=bench_h5_key_001 node=U1 source=TM5 destination=TM
event=receive timestamp_ns=1791284719146741239 workflow=KEY_REQUEST run_id=bench_h5_key_002 node=U1 source=TM5 destination=TM
event=receive timestamp_ns=1791284724522850786 workflow=KEY_REQUEST run_id=bench_h5_key_003 node=U1 source=TM5 destination=TM
event=receive timestamp_ns=1791284728202725483 workflow=KEY_REQUEST run_id=bench_h5_key_004 node=U1 source=TM5 destination=TM
event=receive timestamp_ns=1791284732394886607 workflow=KEY_REQUEST run_id=bench_h5_key_005 node=U1 source=TM5 destination=TM
event=receive timestamp_ns=1791284734730746647 workflow=KEY_REQUEST run_id=bench_h5_key_006 node=U1 source=TM5 destination=TM
event=receive timestamp_ns=1791284739467392511 workflow=KEY_REQUEST run_id=bench_h5_key_007 node=U1 source=TM5 destination=TM
event=receive timestamp_ns=1791284743114721381 workflow=KEY_REQUEST run_id=bench_h5_key_008 node=U1 source=TM5 destination=TM
event=receive timestamp_ns=1791284747851106989 workflow=KEY_REQUEST run_id=bench_h5_key_009 node=U1 source=TM5 destination=TM
event=receive timestamp_ns=1791284752554754889 workflow=KEY_REQUEST run_id=bench_h5_key_010 node=U1 source=TM5 destination=TM
event=receive timestamp_ns=1791284756170868313 workflow=KEY_REQUEST run_id=bench_h5_key_011 node=U1 source=TM5 destination=TM
event=receive timestamp_ns=1791284760875237384 workflow=KEY_REQUEST run_id=bench_h5_key_012 node=U1 source=TM5 destination=TM
event=receive timestamp_ns=1791284763947373649 workflow=KEY_REQUEST run_id=bench_h5_key_013 node=U1 source=TM5 destination=TM
event=receive timestamp_ns=1791284768686791226 workflow=KEY_REQUEST run_id=bench_h5_key_014 node=U1 source=TM5 destination=TM
event=receive timestamp_ns=1791284773326900080 workflow=KEY_REQUEST run_id=bench_h5_key_015 node=U1 source=TM5 destination=TM
event=receive timestamp_ns=1791284778026697846 workflow=KEY_REQUEST run_id=bench_h5_key_016 node=U1 source=TM5 destination=TM
event=receive timestamp_ns=1791284783854963626 workflow=KEY_REQUEST run_id=bench_h5_key_017 node=U1 source=TM5 destination=TM
event=receive timestamp_ns=1791284788010560654 workflow=KEY_REQUEST run_id=bench_h5_key_018 node=U1 source=TM5 destination=TM
event=receive timestamp_ns=1791284790378686202 workflow=KEY_REQUEST run_id=bench_h5_key_019 node=U1 source=TM5 destination=TM
event=receive timestamp_ns=1791284795114611483 workflow=KEY_REQUEST run_id=bench_h5_key_020 node=U1 source=TM5 destination=TM
event=receive timestamp_ns=1791284798794613286 workflow=KEY_REQUEST run_id=bench_h5_key_021 node=U1 source=TM5 destination=TM
event=receive timestamp_ns=1791284803531297355 workflow=KEY_REQUEST run_id=bench_h5_key_022 node=U1 source=TM5 destination=TM
event=receive timestamp_ns=1791284807210815322 workflow=KEY_REQUEST run_id=bench_h5_key_023 node=U1 source=TM5 destination=TM
event=receive timestamp_ns=1791284810794894065 workflow=KEY_REQUEST run_id=bench_h5_key_024 node=U1 source=TM5 destination=TM
event=receive timestamp_ns=1791284816234710219 workflow=KEY_REQUEST run_id=bench_h5_key_025 node=U1 source=TM5 destination=TM
event=receive timestamp_ns=1791284820874888229 workflow=KEY_REQUEST run_id=bench_h5_key_026 node=U1 source=TM5 destination=TM
event=receive timestamp_ns=1791284824522686137 workflow=KEY_REQUEST run_id=bench_h5_key_027 node=U1 source=TM5 destination=TM
event=receive timestamp_ns=1791284828170559296 workflow=KEY_REQUEST run_id=bench_h5_key_028 node=U1 source=TM5 destination=TM
event=receive timestamp_ns=1791284832330528526 workflow=KEY_REQUEST run_id=bench_h5_key_029 node=U1 source=TM5 destination=TM
event=receive timestamp_ns=1791284835754865844 workflow=KEY_REQUEST run_id=bench_h5_key_030 node=U1 source=TM5 destination=TM
