event=receive timestamp_ns=1791284476459063629 workflow=KEY_REQUEST run_id=bench_h5_setup node=U2 source=TM5 destination=TM
event=receive timestamp_ns=1791284481303350380 workflow=CT_SHARE run_id=1 node=U2 source=TM5 destination=TM
event=receive timestamp_ns=1791284483963528441 workflow=CT_SHARE run_id=2 node=U2 source=TM5 destination=TM
event=receive timestamp_ns=1791284486651030461 workflow=CT_SHARE run_id=3 node=U2 source=TM5 destination=TM
event=receive timestamp_ns=1791284488246759831 workflow=CT_SHARE run_id=4 node=U2 source=TM5 destination=TM
event=receive timestamp_ns=1791284490939872299 workflow=CT_SHARE run_id=5 node=U2 source=TM5 destination=TM
event=receive timestamp_ns=1791284493598759144 workflow=CT_SHARE run_id=6 node=U2 source=TM5 destination=TM
event=receive timestamp_ns=1791284496250829638 workflow=CT_SHARE run_id=7 node=U2 source=TM5 destination=TM
event=receive timestamp_ns=1791284498940337939 workflow=CT_SHARE run_id=8 node=U2 source=TM5 destination=TM
event=receive timestamp_ns=1791284501592349784 workflow=CT_SHARE run_id=9 node=U2 source=TM5 destination=TM
event=receive timestamp_ns=1791284504249470376 workflow=CT_SHARE run_id=10 node=U2 source=TM5 destination=TM
event=receive timestamp_ns=1791284505852948699 workflow=CT_SHARE run_id=11 node=U2 source=TM5 destination=TM
event=receive timestamp_ns=1791284508569227705 workflow=CT_SHARE run_id=12 node=U2 source=TM5 destination=TM
event=receive timestamp_ns=1791284510170239141 workflow=CT_SHARE run_id=13 node=U2 source=TM5 destination=TM
event=receive timestamp_ns=1791284511735158947 workflow=CT_SHARE run_id=14 node=U2 source=TM5 destination=TM
event=receive timestamp_ns=1791284514395529913 workflow=CT_SHARE run_id=15 node=U2 source=TM5 destination=TM
event=receive timestamp_ns=1791284517049006889 workflow=CT_SHARE run_id=16 node=U2 source=TM5 destination=TM
event=receive timestamp_ns=1791284518684324508 workflow=CT_SHARE run_id=17 node=U2 source=TM5 destination=TM
event=receive timestamp_ns=1791284521369492988 workflow=CT_SHARE run_id=18 node=U2 source=TM5 destination=TM
event=receive timestamp_ns=1791284524020186036 workflow=CT_SHARE run_id=19 node=U2 source=TM5 destination=TM
event=receive timestamp_ns=1791284526650587571 workflow=CT_SHARE run_id=20 node=U2 source=TM5 destination=TM
event=receive timestamp_ns=1791284529305953765 workflow=CT_SHARE run_id=21 node=U2 source=TM5 destination=TM
event=receive timestamp_ns=1791284531991626230 workflow=CT_SHARE run_id=22 node=U2 source=TM5 destination=TM
event=receive timestamp_ns=1791284534616783019 workflow=CT_SHARE run_id=23 node=U2 source=TM5 destination=TM
event=receive timestamp_ns=1791284536156529736 workflow=CT_SHARE run_id=24 node=U2 source=TM5 destination=TM
event=receive timestamp_ns=1791284537754029299 workflow=CT_SHARE run_id=25 node=U2 source=TM5 destination=TM
event=receive timestamp_ns=1791284540408974377 workflow=CT_SHARE run_id=26 node=U2 source=TM5 destination=TM
event=receive timestamp_ns=1791284542040656958 workflow=CT_SHARE run_id=27 node=U2 source=TM5 destination=TM
event=receive timestamp_ns=1791284544696514723 workflow=CT_SHARE run_id=28 node=U2 source=TM5 destination=TM
event=receive timestamp_ns=1791284547354790771 workflow=CT_SHARE run_id=29 node=U2 source=TM5 destination=TM
event=receive timestamp_ns=1791284550034310260 workflow=CT_SHARE run_id=30 node=U2 source=TM5 destination=TM
event=receive timestamp_ns=1791284552664510989 workflow=CT_SHARE run_id=31 node=U2 source=TM5 destination=TM
event=receive timestamp_ns=1791284555323222697 workflow=CT_SHARE run_id=32 node=U2 source=TM5 destination=TM
event=receive timestamp_ns=1791284556885043503 workflow=CT_SHARE run_id=33 node=U2 source=TM5 destination=TM
event=receive timestamp_ns=1791284558493618691 workflow=CT_SHARE run_id=34 node=U2 source=TM5 destination=TM
event=receive timestamp_ns=1791284560088975152 workflow=CT_SHARE run_id=35 node=U2 source=TM5 destination=TM
event=receive timestamp_ns=1791284562640902481 workflow=ARL_UPDATE run_id=1 node=U2 source=Authority destination=TM
event=receive timestamp_ns=1791284564179202015 workflow=ARL_UPDATE run_id=2 node=U2 source=Authority destination=TM
event=receive timestamp_ns=1791284565748977478 workflow=ARL_UPDATE run_id=3 node=U2 source=Authority destination=TM
event=receive timestamp_ns=1791284568372588507 workflow=ARL_UPDATE run_id=4 node=U2 source=Authority destination=TM
event=receive timestamp_ns=1791284571026272282 workflow=ARL_UPDATE run_id=5 node=U2 source=Authority destination=TM
event=receive timestamp_ns=1791284573715604870 workflow=ARL_UPDATE run_id=6 node=U2 source=Authority destination=TM
event=receive timestamp_ns=1791284575250731118 workflow=ARL_UPDATE run_id=7 node=U2 source=Authority destination=TM
event=receive timestamp_ns=1791284576818763806 workflow=ARL_UPDATE run_id=8 node=U2 source=Authority destination=TM
event=receive timestamp_ns=1791284578421680326 workflow=ARL_UPDATE run_id=9 node=U2 source=Authority destination=TM
event=receive timestamp_ns=1791284579958510704 workflow=ARL_UPDATE run_id=10 node=U2 source=Authority destination=TM
event=receive timestamp_ns=1791284581492359401 workflow=ARL_UPDATE run_id=11 node=U2 source=Authority destination=TM
event=receive timestamp_ns=1791284584148743227 workflow=ARL_UPDATE run_id=12 node=U2 source=Authority destination=TM
event=receive timestamp_ns=1791284585681949305 workflow=ARL_UPDATE run_id=13 node=U2 source=Authority destination=TM
event=receive timestamp_ns=1791284588338441655 workflow=ARL_UPDATE run_id=14 node=U2 source=Authority destination=TM
event=receive timestamp_ns=1791284589907069648 workflow=ARL_UPDATE run_id=15 node=U2 source=Authority destination=TM
event=receive timestamp_ns=1791284592533393622 workflow=ARL_UPDATE run_id=16 node=U2 source=Authority destination=TM
event=receive timestamp_ns=1791284595185882869 workflow=ARL_UPDATE run_id=17 node=U2 source=Authority destination=TM
event=receive timestamp_ns=1791284597876265126 workflow=ARL_UPDATE run_id=18 node=U2 source=Authority destination=TM
event=receive timestamp_ns=1791284600502165359 workflow=ARL_UPDATE run_id=19 node=U2 source=Authority destination=TM
event=receive timestamp_ns=1791284603156361523 workflow=ARL_UPDATE run_id=20 node=U2 source=Authority destination=TM
event=receive timestamp_ns=1791284605811247036 workflow=ARL_UPDATE run_id=21 node=U2 source=Authority destination=TM
event=receive timestamp_ns=1791284608469737399 workflow=ARL_UPDATE run_id=22 node=U2 source=Authority destination=TM
event=receive timestamp_ns=1791284611124720785 workflow=ARL_UPDATE run_id=23 node=U2 source=Authority destination=TM
event=receive timestamp_ns=1791284613782084116 workflow=ARL_UPDATE run_id=24 node=U2 source=Authority destination=TM
event=receive timestamp_ns=1791284615314090939 workflow=ARL_UPDATE run_id=25 node=U2 source=Authority destination=TM
event=receive timestamp_ns=1791284616853499121 workflow=ARL_UPDATE run_id=26 node=U2 source=Authority destination=TM
event=receive timestamp_ns=1791284618385486879 workflow=ARL_UPDATE run_id=27 node=U2 source=Authority destination=TM
event=receive timestamp_ns=1791284619922073994 workflow=ARL_UPDATE run_id=28 node=U2 source=Authority destination=TM
event=receive timestamp_ns=1791284621493920277 workflow=ARL_UPDATE run_id=29 node=U2 source=Authority destination=TM
event=receive timestamp_ns=1791284623059913469 workflow=ARL_UPDATE run_id=30 node=U2 source=Authority destination=TM
event=receive timestamp_ns=1791284624628700642 workflow=ARL_UPDATE run_id=31 node=U2 source=Authority destination=TM
event=receive timestamp_ns=1791284627251811202 workflow=ARL_UPDATE run_id=32 node=U2 source=Authority destination=TM
event=receive timestamp_ns=1791284628821096562 workflow=ARL_UPDATE run_id=33 node=U2 source=Authority destination=TM
event=receive timestamp_ns=1791284631443624861 workflow=ARL_UPDATE run_id=34 node=U2 source=Authority destination=TM
event=receive timestamp_ns=1791284633013919807 workflow=ARL_UPDATE run_id=35 node=U2 source=Authority destination=TM
event=receive timestamp_ns=1791284634577723515 workflow=ARL_UPDATE run_id=36 node=U2 source=Authority destination=TM
event=receive timestamp_ns=1791284637204384075 workflow=ARL_UPDATE run_id=37 node=U2 source=Authority destination=TM
event=receive timestamp_ns=1791284638838515563 workflow=ARL_UPDATE run_id=38 node=U2 source=Authority destination=TM
event=receive timestamp_ns=1791284640404454043 workflow=ARL_UPDATE run_id=39 node=U2 source=Authority destination=TM
event=receive timestamp_ns=1791284643027149861 workflow=ARL_UPDATE run_id=40 node=U2 source=Authority destination=TM
event=receive timestamp_ns=1791284644659567700 workflow=ARL_UPDATE run_id=41 node=U2 source=Authority destination=TM
event=receive timestamp_ns=1791284646232790781 workflow=ARL_UPDATE run_id=42 node=U2 source=Authority destination=TM
event=receive timestamp_ns=1791284647828445332 workflow=ARL_UPDATE run_id=43 node=U2 source=Authority destination=TM
event=receive timestamp_ns=1791284649364797745 workflow=ARL_UPDATE run_id=44 node=U2 source=Authority destination=TM
event=receive timestamp_ns=1791284652018003761 workflow=ARL_UPDATE run_id=45 node=U2 source=Authority destination=TM
event=receive timestamp_ns=1791284654710754101 workflow=ARL_UPDATE run_id=46 node=U2 source=Authority destination=TM
event=receive timestamp_ns=1791284657332555548 workflow=ARL_UPDATE run_id=47 node=U2 source=Authority destination=TM
event=receive timestamp_ns=1791284658869196101 workflow=ARL_UPDATE run_id=48 node=U2 source=Authority destination=TM
event=receive timestamp_ns=1791284660436509189 workflow=ARL_UPDATE run_id=49 node=U2 source=Authority destination=TM
event=receive timestamp_ns=1791284662003669693 workflow=ARL_UPDATE run_id=50 node=U2 source=Authority destination=TM
event=receive timestamp_ns=1791284664624526986 workflow=ARL_UPDATE run_id=51 node=U2 source=Authority destination=TM
event=receive timestamp_ns=1791284667285203270 workflow=ARL_UPDATE run_id=52 node=U2 source=Authority destination=TM
event=receive timestamp_ns=1791284668852004785 workflow=ARL_UPDATE run_id=53 node=U2 source=Authority destination=TM
event=receive timestamp_ns=1791284670420207910 workflow=ARL_UPDATE run_id=54 node=U2 source=Authority destination=TM
event=receive timestamp_ns=1791284671955357665 workflow=ARL_UPDATE run_id=55 node=U2 source=Authority destination=TM
event=receive timestamp_ns=1791284673556169989 workflow=ARL_UPDATE run_id=56 node=U2 source=Authority destination=TM
event=receive timestamp_ns=1791284676215740840 workflow=ARL_UPDATE run_id=57 node=U2 source=Authority destination=TM
event=receive timestamp_ns=1791284677784831577 workflow=ARL_UPDATE run_id=58 node=U2 source=Authority destination=TM
event=receive timestamp_ns=1791284679282423624 workflow=ARL_UPDATE run_id=59 node=U2 source=Authority destination=TM
event=receive timestamp_ns=1791284680819726679 workflow=ARL_UPDATE run_id=60 node=U2 source=Authority destination=TM
event=receive timestamp_ns=1791284682424874350 workflow=ARL_UPDATE run_id=61 node=U2 source=Authority destination=TM
event=receive timestamp_ns=1791284683986962804 workflow=ARL_UPDATE run_id=62 node=U2 source=Authority destination=TM
event=receive timestamp_ns=1791284685588038626 workflow=ARL_UPDATE run_id=63 node=U2 source=Authority destination=TM
event=receive timestamp_ns=1791284687188990617 workflow=ARL_UPDATE run_id=64 node=U2 source=Authority destination=TM
event=receive timestamp_ns=1791284688756304740 workflow=ARL_UPDATE run_id=65 node=U2 source=Authority destination=TM
event=receive timestamp_ns=1791284690323346307 workflow=ARL_UPDATE run_id=66 node=U2 source=Authority destination=TM
event=receive timestamp_ns=1791284691858944299 workflow=ARL_UPDATE run_id=67 node=U2 source=Authority destination=TM
event=receive timestamp_ns=1791284693424575282 workflow=ARL_UPDATE run_id=68 node=U2 source=Authority destination=TM
event=receive timestamp_ns=1791284695026605091 workflow=ARL_UPDATE run_id=69 node=U2 source=Authority destination=TM
event=receive timestamp_ns=1791284696594863406 workflow=ARL_UPDATE run_id=70 node=U2 source=Authority destination=TM
event=receive timestamp_ns=1791284698218979194 workflow=KEY_REQUEST run_id=bench_h5_key_w1 node=U2 source=TM5 destination=TM
event=receive timestamp_ns=1791284702830880639 workflow=KEY_REQUEST run_id=bench_h5_key_w2 node=U2 source=TM5 destination=TM
event=receive timestamp_ns=1791284706542764495 workflow=KEY_REQUEST run_id=bench_h5_key_w3 node=U2 source=TM5 destination=TM
event=receive timestamp_ns=1791284709130832153 workflow=KEY_REQUEST run_id=bench_h5_key_w4 node=U2 source=TM5 destination=TM
event=receive timestamp_ns=1791284711822835894 workflow=KEY_REQUEST run_id=bench_h5_key_w5 node=U2 source=TM5 destination=TM
event=receive timestamp_ns=1791284715370748308 workflow=KEY_REQUEST run_id=bench_h5_key_001 node=U2 source=TM5 destination=TM
event=receive timestamp_ns=1791284719946598438 workflow=KEY_REQUEST run_id=bench_h5_key_002 node=U2 source=TM5 destination=TM
event=receive timestamp_ns=1791284723722833732 workflow=KEY_REQUEST run_id=bench_h5_key_003 node=U2 source=TM5 destination=TM
event=receive timestamp_ns=1791284728298707491 workflow=KEY_REQUEST run_id=bench_h5_key_004 node=U2 source=TM5 destination=TM
event=receive timestamp_ns=1791284731050561881 workflow=KEY_REQUEST run_id=bench_h5_key_005 node=U2 source=TM5 destination=TM
event=receive timestamp_ns=1791284734122809733 workflow=KEY_REQUEST run_id=bench_h5_key_006 node=U2 source=TM5 destination=TM
event=receive timestamp_ns=1791284739370781076 workflow=KEY_REQUEST run_id=bench_h5_key_007 node=U2 source=TM5 destination=TM
event=receive timestamp_ns=1791284743019089586 workflow=KEY_REQUEST run_id=bench_h5_key_008 node=U2 source=TM5 destination=TM
event=receive timestamp_ns=1791284747818979802 workflow=KEY_REQUEST run_id=bench_h5_key_009 node=U2 source=TM5 destination=TM
event=receive timestamp_ns=1791284751950886629 workflow=KEY_REQUEST run_id=bench_h5_key_010 node=U2 source=TM5 destination=TM
event=receive timestamp_ns=1791284756074911977 workflow=KEY_REQUEST run_id=bench_h5_key_011 node=U2 source=TM5 destination=TM
event=receive timestamp_ns=1791284762186837909 workflow=KEY_REQUEST run_id=bench_h5_key_012 node=U2 source=TM5 destination=TM
event=receive timestamp_ns=1791284764427312528 workflow=KEY_REQUEST run_id=bench_h5_key_013 node=U2 source=TM5 destination=TM
event=receive timestamp_ns=1791284769162869350 workflow=KEY_REQUEST run_id=bench_h5_key_014 node=U2 source=TM5 destination=TM
event=receive timestamp_ns=1791284773226739838 workflow=KEY_REQUEST run_id=bench_h5_key_015 node=U2 source=TM5 destination=TM
event=receive timestamp_ns=1791284778506717190 workflow=KEY_REQUEST run_id=bench_h5_key_016 node=U2 source=TM5 destination=TM
event=receive timestamp_ns=1791284783018776987 workflow=KEY_REQUEST run_id=bench_h5_key_017 node=U2 source=TM5 destination=TM
event=receive timestamp_ns=1791284787594851425 workflow=KEY_REQUEST run_id=bench_h5_key_018 node=U2 source=TM5 destination=TM
event=receive timestamp_ns=1791284790282996903 workflow=KEY_REQUEST run_id=bench_h5_key_019 node=U2 source=TM5 destination=TM
event=receive timestamp_ns=1791284795082952517 workflow=KEY_REQUEST run_id=bench_h5_key_020 node=U2 source=TM5 destination=TM
event=receive timestamp_ns=1791284798699145843 workflow=KEY_REQUEST run_id=bench_h5_key_021 node=U2 source=TM5 destination=TM
event=receive timestamp_ns=1791284802923234869 workflow=KEY_REQUEST run_id=bench_h5_key_022 node=U2 source=TM5 destination=TM
event=receive timestamp_ns=1791284807119125889 workflow=KEY_REQUEST run_id=bench_h5_key_023 node=U2 source=TM5 destination=TM
event=receive timestamp_ns=1791284812138821808 workflow=KEY_REQUEST run_id=bench_h5_key_024 node=U2 source=TM5 destination=TM
event=receive timestamp_ns=1791284816842802305 workflow=KEY_REQUEST run_id=bench_h5_key_025 node=U2 source=TM5 destination=TM
event=receive timestamp_ns=1791284820970925561 workflow=KEY_REQUEST run_id=bench_h5_key_026 node=U2 source=TM5 destination=TM
event=receive timestamp_ns=1791284823722841542 workflow=KEY_REQUEST run_id=bench_h5_key_027 node=U2 source=TM5 destination=TM
event=receive timestamp_ns=1791284828266717175 workflow=KEY_REQUEST run_id=bench_h5_key_028 node=U2 source=TM5 destination=TM
event=receive timestamp_ns=1791284831018750072 workflow=KEY_REQUEST run_id=bench_h5_key_029 node=U2 source=TM5 destination=TM
event=receive timestamp_ns=1791284835659014867 workflow=KEY_REQUEST run_id=bench_h5_key_030 node=U2 source=TM5 destination=TM
