event=receive timestamp_ns=1791284476362774660 workflow=KEY_REQUEST run_id=bench_h5_setup node=U3 source=TM5 destination=TM
event=receive timestamp_ns=1791284480700101048 workflow=CT_SHARE run_id=1 node=U3 source=TM5 destination=TM
event=receive timestamp_ns=1791284483354205410 workflow=CT_SHARE run_id=2 node=U3 source=TM5 destination=TM
event=receive timestamp_ns=1791284486039762316 workflow=CT_SHARE run_id=3 node=U3 source=TM5 destination=TM
event=receive timestamp_ns=1791284487641676642 workflow=CT_SHARE run_id=4 node=U3 source=TM5 destination=TM
event=receive timestamp_ns=1791284490328996734 workflow=CT_SHARE run_id=5 node=U3 source=TM5 destination=TM
event=receive timestamp_ns=1791284492984938408 workflow=CT_SHARE run_id=6 node=U3 source=TM5 destination=TM
event=receive timestamp_ns=1791284495645848190 workflow=CT_SHARE run_id=7 node=U3 source=TM5 destination=TM
event=receive timestamp_ns=1791284498331761050 workflow=CT_SHARE run_id=8 node=U3 source=TM5 destination=TM
event=receive timestamp_ns=1791284500991031194 workflow=CT_SHARE run_id=9 node=U3 source=TM5 destination=TM
event=receive timestamp_ns=1791284503645973487 workflow=CT_SHARE run_id=10 node=U3 source=TM5 destination=TM
event=receive timestamp_ns=1791284505244687678 workflow=CT_SHARE run_id=11 node=U3 source=TM5 destination=TM
event=receive timestamp_ns=1791284507961750910 workflow=CT_SHARE run_id=12 node=U3 source=TM5 destination=TM
event=receive timestamp_ns=1791284509559542248 workflow=CT_SHARE run_id=13 node=U3 source=TM5 destination=TM
event=receive timestamp_ns=1791284511131256606 workflow=CT_SHARE run_id=14 node=U3 source=TM5 destination=TM
event=receive timestamp_ns=1791284513789772169 workflow=CT_SHARE run_id=15 node=U3 source=TM5 destination=TM
event=receive timestamp_ns=1791284516439347451 workflow=CT_SHARE run_id=16 node=U3 source=TM5 destination=TM
event=receive timestamp_ns=1791284518073279774 workflow=CT_SHARE run_id=17 node=U3 source=TM5 destination=TM
event=receive timestamp_ns=1791284520729916083 workflow=CT_SHARE run_id=18 node=U3 source=TM5 destination=TM
event=receive timestamp_ns=1791284523417968449 workflow=CT_SHARE run_id=19 node=U3 source=TM5 destination=TM
event=receive timestamp_ns=1791284526039083974 workflow=CT_SHARE run_id=20 node=U3 source=TM5 destination=TM
event=receive timestamp_ns=1791284528701208328 workflow=CT_SHARE run_id=21 node=U3 source=TM5 destination=TM
event=receive timestamp_ns=1791284531388300738 workflow=CT_SHARE run_id=22 node=U3 source=TM5 destination=TM
event=receive timestamp_ns=1791284534004768850 workflow=CT_SHARE run_id=23 node=U3 source=TM5 destination=TM
event=receive timestamp_ns=1791284535544499660 workflow=CT_SHARE run_id=24 node=U3 source=TM5 destination=TM
event=receive timestamp_ns=1791284537144371050 workflow=CT_SHARE run_id=25 node=U3 source=TM5 destination=TM
event=receive timestamp_ns=1791284539832068247 workflow=CT_SHARE run_id=26 node=U3 source=TM5 destination=TM
event=receive timestamp_ns=1791284541432422399 workflow=CT_SHARE run_id=27 node=U3 source=TM5 destination=TM
event=receive timestamp_ns=1791284544091054914 workflow=CT_SHARE run_id=28 node=U3 source=TM5 destination=TM
event=receive timestamp_ns=1791284546744810908 workflow=CT_SHARE run_id=29 node=U3 source=TM5 destination=TM
event=receive timestamp_ns=1791284549429267345 workflow=CT_SHARE run_id=30 node=U3 source=TM5 destination=TM
event=receive timestamp_ns=1791284552055551291 workflow=CT_SHARE run_id=31 node=U3 source=TM5 destination=TM
event=receive timestamp_ns=1791284554713545474 workflow=CT_SHARE run_id=32 node=U3 source=TM5 destination=TM
event=receive timestamp_ns=1791284556278704216 workflow=CT_SHARE run_id=33 node=U3 source=TM5 destination=TM
event=receive timestamp_ns=1791284557873568141 workflow=CT_SHARE run_id=34 node=U3 source=TM5 destination=TM
event=receive timestamp_ns=1791284559487426431 workflow=CT_SHARE run_id=35 node=U3 source=TM5 destination=TM
event=receive timestamp_ns=1791284562226195003 workflow=ARL_UPDATE run_id=1 node=U3 source=Authority destination=TM
event=receive timestamp_ns=1791284563765838752 workflow=ARL_UPDATE run_id=2 node=U3 source=Authority destination=TM
event=receive timestamp_ns=1791284565335656693 workflow=ARL_UPDATE run_id=3 node=U3 source=Authority destination=TM
event=receive timestamp_ns=1791284567958857158 workflow=ARL_UPDATE run_id=4 node=U3 source=Authority destination=TM
event=receive timestamp_ns=1791284570610343474 workflow=ARL_UPDATE run_id=5 node=U3 source=Authority destination=TM
event=receive timestamp_ns=1791284573303764408 workflow=ARL_UPDATE run_id=6 node=U3 source=Authority destination=TM
event=receive timestamp_ns=1791284574806783711 workflow=ARL_UPDATE run_id=7 node=U3 source=Authority destination=TM
event=receive timestamp_ns=1791284576408620514 workflow=ARL_UPDATE run_id=8 node=U3 source=Authority destination=TM
event=receive timestamp_ns=1791284578008944226 workflow=ARL_UPDATE run_id=9 node=U3 source=Authority destination=TM
event=receive timestamp_ns=1791284579542684542 workflow=ARL_UPDATE run_id=10 node=U3 source=Authority destination=TM
event=receive timestamp_ns=1791284581077102673 workflow=ARL_UPDATE run_id=11 node=U3 source=Authority destination=TM
event=receive timestamp_ns=1791284583733773307 workflow=ARL_UPDATE run_id=12 node=U3 source=Authority destination=TM
event=receive timestamp_ns=1791284585266224510 workflow=ARL_UPDATE run_id=13 node=U3 source=Authority destination=TM
event=receive timestamp_ns=1791284587931252682 workflow=ARL_UPDATE run_id=14 node=U3 source=Authority destination=TM
event=receive timestamp_ns=1791284589494818451 workflow=ARL_UPDATE run_id=15 node=U3 source=Authority destination=TM
event=receive timestamp_ns=1791284592149681952 workflow=ARL_UPDATE run_id=16 node=U3 source=Authority destination=TM
event=receive timestamp_ns=1791284594776362942 workflow=ARL_UPDATE run_id=17 node=U3 source=Authority destination=TM
event=receive timestamp_ns=1791284597463002509 workflow=ARL_UPDATE run_id=18 node=U3 source=Authority destination=TM
event=receive timestamp_ns=1791284600088798431 workflow=ARL_UPDATE run_id=19 node=U3 source=Authority destination=TM
event=receive timestamp_ns=1791284602742929732 workflow=ARL_UPDATE run_id=20 node=U3 source=Authority destination=TM
event=receive timestamp_ns=1791284605429755074 workflow=ARL_UPDATE run_id=21 node=U3 source=Authority destination=TM
event=receive timestamp_ns=1791284608053803921 workflow=ARL_UPDATE run_id=22 node=U3 source=Authority destination=TM
event=receive timestamp_ns=1791284610711001578 workflow=ARL_UPDATE run_id=23 node=U3 source=Authority destination=TM
event=receive timestamp_ns=1791284613365310182 workflow=ARL_UPDATE run_id=24 node=U3 source=Authority destination=TM
event=receive timestamp_ns=1791284614903209833 workflow=ARL_UPDATE run_id=25 node=U3 source=Authority destination=TM
event=receive timestamp_ns=1791284616435921443 workflow=ARL_UPDATE run_id=26 node=U3 source=Authority destination=TM
event=receive timestamp_ns=1791284617971695095 workflow=ARL_UPDATE run_id=27 node=U3 source=Authority destination=TM
event=receive timestamp_ns=1791284619509546189 workflow=ARL_UPDATE run_id=28 node=U3 source=Authority destination=TM
event=receive timestamp_ns=1791284621075650293 workflow=ARL_UPDATE run_id=29 node=U3 source=Authority destination=TM
event=receive timestamp_ns=1791284622647068367 workflow=ARL_UPDATE run_id=30 node=U3 source=Authority destination=TM
event=receive timestamp_ns=1791284624215824917 workflow=ARL_UPDATE run_id=31 node=U3 source=Authority destination=TM
event=receive timestamp_ns=1791284626833183459 workflow=ARL_UPDATE run_id=32 node=U3 source=Authority destination=TM
event=receive timestamp_ns=1791284628405269191 workflow=ARL_UPDATE run_id=33 node=U3 source=Authority destination=TM
event=receive timestamp_ns=1791284631032006986 workflow=ARL_UPDATE run_id=34 node=U3 source=Authority destination=TM
event=receive timestamp_ns=1791284632598763345 workflow=ARL_UPDATE run_id=35 node=U3 source=Authority destination=TM
event=receive timestamp_ns=1791284634135452448 workflow=ARL_UPDATE run_id=36 node=U3 source=Authority destination=TM
event=receive timestamp_ns=1791284636791543355 workflow=ARL_UPDATE run_id=37 node=U3 source=Authority destination=TM
event=receive timestamp_ns=1791284638423427977 workflow=ARL_UPDATE run_id=38 node=U3 source=Authority destination=TM
event=receive timestamp_ns=1791284639990384775 workflow=ARL_UPDATE run_id=39 node=U3 source=Authority destination=TM
event=receive timestamp_ns=1791284642610896762 workflow=ARL_UPDATE run_id=40 node=U3 source=Authority destination=TM
event=receive timestamp_ns=1791284644244434328 workflow=ARL_UPDATE run_id=41 node=U3 source=Authority destination=TM
event=receive timestamp_ns=1791284645814259875 workflow=ARL_UPDATE run_id=42 node=U3 source=Authority destination=TM
event=receive timestamp_ns=1791284647413116401 workflow=ARL_UPDATE run_id=43 node=U3 source=Authority destination=TM
event=receive timestamp_ns=1791284648983462340 workflow=ARL_UPDATE run_id=44 node=U3 source=Authority destination=TM
event=receive timestamp_ns=1791284651605228672 workflow=ARL_UPDATE run_id=45 node=U3 source=Authority destination=TM
event=receive timestamp_ns=1791284654296457677 workflow=ARL_UPDATE run_id=46 node=U3 source=Authority destination=TM
event=receive timestamp_ns=1791284656919021796 workflow=ARL_UPDATE run_id=47 node=U3 source=Authority destination=TM
event=receive timestamp_ns=1791284658454652939 workflow=ARL_UPDATE run_id=48 node=U3 source=Authority destination=TM
event=receive timestamp_ns=1791284660018843161 workflow=ARL_UPDATE run_id=49 node=U3 source=Authority destination=TM
event=receive timestamp_ns=1791284661588911188 workflow=ARL_UPDATE run_id=50 node=U3 source=Authority destination=TM
event=receive timestamp_ns=1791284664249051599 workflow=ARL_UPDATE run_id=51 node=U3 source=Authority destination=TM
event=receive timestamp_ns=1791284666903083339 workflow=ARL_UPDATE run_id=52 node=U3 source=Authority destination=TM
event=receive timestamp_ns=1791284668439797059 workflow=ARL_UPDATE run_id=53 node=U3 source=Authority destination=TM
event=receive timestamp_ns=1791284670011114947 workflow=ARL_UPDATE run_id=54 node=U3 source=Authority destination=TM
event=receive timestamp_ns=1791284671573692625 workflow=ARL_UPDATE run_id=55 node=U3 source=Authority destination=TM
event=receive timestamp_ns=1791284673142961694 workflow=ARL_UPDATE run_id=56 node=U3 source=Authority destination=TM
event=receive timestamp_ns=1791284675797530358 workflow=ARL_UPDATE run_id=57 node=U3 source=Authority destination=TM
event=receive timestamp_ns=1791284677369142454 workflow=ARL_UPDATE run_id=58 node=U3 source=Authority destination=TM
event=receive timestamp_ns=1791284678871842378 workflow=ARL_UPDATE run_id=59 node=U3 source=Authority destination=TM
event=receive timestamp_ns=1791284680407794967 workflow=ARL_UPDATE run_id=60 node=U3 source=Authority destination=TM
event=receive timestamp_ns=1791284682003803369 workflow=ARL_UPDATE run_id=61 node=U3 source=Authority destination=TM
event=receive timestamp_ns=1791284683543925984 workflow=ARL_UPDATE run_id=62 node=U3 source=Authority destination=TM
event=receive timestamp_ns=1791284685174248130 workflow=ARL_UPDATE run_id=63 node=U3 source=Authority destination=TM
event=receive timestamp_ns=1791284686774215023 workflow=ARL_UPDATE run_id=64 node=U3 source=Authority destination=TM
event=receive timestamp_ns=1791284688346557932 workflow=ARL_UPDATE run_id=65 node=U3 source=Authority destination=TM
event=receive timestamp_ns=1791284689910986821 workflow=ARL_UPDATE run_id=66 node=U3 source=Authority destination=TM
event=receive timestamp_ns=1791284691478606730 workflow=ARL_UPDATE run_id=67 node=U3 source=Authority destination=TM
event=receive timestamp_ns=1791284693010744903 workflow=ARL_UPDATE run_id=68 node=U3 source=Authority destination=TM
event=receive timestamp_ns=1791284694607403791 workflow=ARL_UPDATE run_id=69 node=U3 source=Authority destination=TM
event=receive timestamp_ns=1791284696179371163 workflow=ARL_UPDATE run_id=70 node=U3 source=Authority destination=TM
event=receive timestamp_ns=1791284698634939002 workflow=KEY_REQUEST run_id=bench_h5_key_w1 node=U3 source=TM5 destination=TM
event=receive timestamp_ns=1791284701803073883 workflow=KEY_REQUEST run_id=bench_h5_key_w2 node=U3 source=TM5 destination=TM
event=receive timestamp_ns=1791284706026756861 workflow=KEY_REQUEST run_id=bench_h5_key_w3 node=U3 source=TM5 destination=TM
event=receive timestamp_ns=1791284708655053710 workflow=KEY_REQUEST run_id=bench_h5_key_w4 node=U3 source=TM5 destination=TM
event=receive timestamp_ns=1791284711722998154 workflow=KEY_REQUEST run_id=bench_h5_key_w5 node=U3 source=TM5 destination=TM
event=receive timestamp_ns=1791284715275080914 workflow=KEY_REQUEST run_id=bench_h5_key_001 node=U3 source=TM5 destination=TM
event=receive timestamp_ns=1791284719470823251 workflow=KEY_REQUEST run_id=bench_h5_key_002 node=U3 source=TM5 destination=TM
event=receive timestamp_ns=1791284723630388682 workflow=KEY_REQUEST run_id=bench_h5_key_003 node=U3 source=TM5 destination=TM
event=receive timestamp_ns=1791284727787247449 workflow=KEY_REQUEST run_id=bench_h5_key_004 node=U3 source=TM5 destination=TM
event=receive timestamp_ns=1791284731467081968 workflow=KEY_REQUEST run_id=bench_h5_key_005 node=U3 source=TM5 destination=TM
event=receive timestamp_ns=1791284734539241852 workflow=KEY_REQUEST run_id=bench_h5_key_006 node=U3 source=TM5 destination=TM
event=receive timestamp_ns=1791284738762789965 workflow=KEY_REQUEST run_id=bench_h5_key_007 node=U3 source=TM5 destination=TM
event=receive timestamp_ns=1791284742926911477 workflow=KEY_REQUEST run_id=bench_h5_key_008 node=U3 source=TM5 destination=TM
event=receive timestamp_ns=1791284747146946613 workflow=KEY_REQUEST run_id=bench_h5_key_009 node=U3 source=TM5 destination=TM
event=receive timestamp_ns=1791284752362719527 workflow=KEY_REQUEST run_id=bench_h5_key_010 node=U3 source=TM5 destination=TM
event=receive timestamp_ns=1791284755978814851 workflow=KEY_REQUEST run_id=bench_h5_key_011 node=U3 source=TM5 destination=TM
event=receive timestamp_ns=1791284761195182651 workflow=KEY_REQUEST run_id=bench_h5_key_012 node=U3 source=TM5 destination=TM
event=receive timestamp_ns=1791284764267007395 workflow=KEY_REQUEST run_id=bench_h5_key_013 node=U3 source=TM5 destination=TM
event=receive timestamp_ns=1791284768491237607 workflow=KEY_REQUEST run_id=bench_h5_key_014 node=U3 source=TM5 destination=TM
event=receive timestamp_ns=1791284773674598403 workflow=KEY_REQUEST run_id=bench_h5_key_015 node=U3 source=TM5 destination=TM
event=receive timestamp_ns=1791284778346628990 workflow=KEY_REQUEST run_id=bench_h5_key_016 node=U3 source=TM5 destination=TM
event=receive timestamp_ns=1791284782923352765 workflow=KEY_REQUEST run_id=bench_h5_key_017 node=U3 source=TM5 destination=TM
event=receive timestamp_ns=1791284787114863726 workflow=KEY_REQUEST run_id=bench_h5_key_018 node=U3 source=TM5 destination=TM
event=receive timestamp_ns=1791284790187300327 workflow=KEY_REQUEST run_id=bench_h5_key_019 node=U3 source=TM5 destination=TM
event=receive timestamp_ns=1791284794410720323 workflow=KEY_REQUEST run_id=bench_h5_key_020 node=U3 source=TM5 destination=TM
event=receive timestamp_ns=1791284798603408918 workflow=KEY_REQUEST run_id=bench_h5_key_021 node=U3 source=TM5 destination=TM
event=receive timestamp_ns=1791284802826944450 workflow=KEY_REQUEST run_id=bench_h5_key_022 node=U3 source=TM5 destination=TM
event=receive timestamp_ns=1791284807019615134 workflow=KEY_REQUEST run_id=bench_h5_key_023 node=U3 source=TM5 destination=TM
event=receive timestamp_ns=1791284811118800504 workflow=KEY_REQUEST run_id=bench_h5_key_024 node=U3 source=TM5 destination=TM
event=receive timestamp_ns=1791284815818823973 workflow=KEY_REQUEST run_id=bench_h5_key_025 node=U3 source=TM5 destination=TM
event=receive timestamp_ns=1791284820494818432 workflow=KEY_REQUEST run_id=bench_h5_key_026 node=U3 source=TM5 destination=TM
event=receive timestamp_ns=1791284823627333692 workflow=KEY_REQUEST run_id=bench_h5_key_027 node=U3 source=TM5 destination=TM
event=receive timestamp_ns=1791284827786704790 workflow=KEY_REQUEST run_id=bench_h5_key_028 node=U3 source=TM5 destination=TM
event=receive timestamp_ns=1791284830923051744 workflow=KEY_REQUEST run_id=bench_h5_key_029 node=U3 source=TM5 destination=TM
event=receive timestamp_ns=1791284835562627811 workflow=KEY_REQUEST run_id=bench_h5_key_030 node=U3 source=TM5 destination=TM
