event=receive timestamp_ns=1791284476266553996 workflow=KEY_REQUEST run_id=bench_h5_setup node=U4 source=TM5 destination=TM
event=receive timestamp_ns=1791284481112964177 workflow=CT_SHARE run_id=1 node=U4 source=TM5 destination=TM
event=receive timestamp_ns=1791284483764622940 workflow=CT_SHARE run_id=2 node=U4 source=TM5 destination=TM
event=receive timestamp_ns=1791284486425770223 workflow=CT_SHARE run_id=3 node=U4 source=TM5 destination=TM
event=receive timestamp_ns=1791284488056669041 workflow=CT_SHARE run_id=4 node=U4 source=TM5 destination=TM
event=receive timestamp_ns=1791284490742155458 workflow=CT_SHARE run_id=5 node=U4 source=TM5 destination=TM
event=receive timestamp_ns=1791284493374654776 workflow=CT_SHARE run_id=6 node=U4 source=TM5 destination=TM
event=receive timestamp_ns=1791284496063397759 workflow=CT_SHARE run_id=7 node=U4 source=TM5 destination=TM
event=receive timestamp_ns=1791284498748756099 workflow=CT_SHARE run_id=8 node=U4 source=TM5 destination=TM
event=receive timestamp_ns=1791284501412188501 workflow=CT_SHARE run_id=9 node=U4 source=TM5 destination=TM
event=receive timestamp_ns=1791284504063523635 workflow=CT_SHARE run_id=10 node=U4 source=TM5 destination=TM
event=receive timestamp_ns=1791284505662262219 workflow=CT_SHARE run_id=11 node=U4 source=TM5 destination=TM
event=receive timestamp_ns=1791284508380072814 workflow=CT_SHARE run_id=12 node=U4 source=TM5 destination=TM
event=receive timestamp_ns=1791284509978744822 workflow=CT_SHARE run_id=13 node=U4 source=TM5 destination=TM
event=receive timestamp_ns=1791284511544575406 workflow=CT_SHARE run_id=14 node=U4 source=TM5 destination=TM
event=receive timestamp_ns=1791284514201621552 workflow=CT_SHARE run_id=15 node=U4 source=TM5 destination=TM
event=receive timestamp_ns=1791284516856140860 workflow=CT_SHARE run_id=16 node=U4 source=TM5 destination=TM
event=receive timestamp_ns=1791284518488181684 workflow=CT_SHARE run_id=17 node=U4 source=TM5 destination=TM
event=receive timestamp_ns=1791284521146857676 workflow=CT_SHARE run_id=18 node=U4 source=TM5 destination=TM
event=receive timestamp_ns=1791284523798683925 workflow=CT_SHARE run_id=19 node=U4 source=TM5 destination=TM
event=receive timestamp_ns=1791284526456381920 workflow=CT_SHARE run_id=20 node=U4 source=TM5 destination=TM
event=receive timestamp_ns=1791284529115940793 workflow=CT_SHARE run_id=21 node=U4 source=TM5 destination=TM
event=receive timestamp_ns=1791284531804245113 workflow=CT_SHARE run_id=22 node=U4 source=TM5 destination=TM
event=receive timestamp_ns=1791284534428215175 workflow=CT_SHARE run_id=23 node=U4 source=TM5 destination=TM
event=receive timestamp_ns=1791284535995582993 workflow=CT_SHARE run_id=24 node=U4 source=TM5 destination=TM
event=receive timestamp_ns=1791284537561308644 workflow=CT_SHARE run_id=25 node=U4 source=TM5 destination=TM
event=receive timestamp_ns=1791284540215609979 workflow=CT_SHARE run_id=26 node=U4 source=TM5 destination=TM
event=receive timestamp_ns=1791284541845795765 workflow=CT_SHARE run_id=27 node=U4 source=TM5 destination=TM
event=receive timestamp_ns=1791284544506528963 workflow=CT_SHARE run_id=28 node=U4 source=TM5 destination=TM
event=receive timestamp_ns=1791284547161055838 workflow=CT_SHARE run_id=29 node=U4 source=TM5 destination=TM
event=receive timestamp_ns=1791284549850908120 workflow=CT_SHARE run_id=30 node=U4 source=TM5 destination=TM
event=receive timestamp_ns=1791284552472746075 workflow=CT_SHARE run_id=31 node=U4 source=TM5 destination=TM
event=receive timestamp_ns=1791284555132506050 workflow=CT_SHARE run_id=32 node=U4 source=TM5 destination=TM
event=receive timestamp_ns=1791284556664627494 workflow=CT_SHARE run_id=33 node=U4 source=TM5 destination=TM
event=receive timestamp_ns=1791284558302600810 workflow=CT_SHARE run_id=34 node=U4 source=TM5 destination=TM
event=receive timestamp_ns=1791284559897321764 workflow=CT_SHARE run_id=35 node=U4 source=TM5 destination=TM
event=receive timestamp_ns=1791284562325795590 workflow=ARL_UPDATE run_id=1 node=U4 source=Authority destination=TM
event=receive timestamp_ns=1791284563860065791 workflow=ARL_UPDATE run_id=2 node=U4 source=Authority destination=TM
event=receive timestamp_ns=1791284565429128541 workflow=ARL_UPDATE run_id=3 node=U4 source=Authority destination=TM
event=receive timestamp_ns=1791284568084615256 workflow=ARL_UPDATE run_id=4 node=U4 source=Authority destination=TM
event=receive timestamp_ns=1791284570708371290 workflow=ARL_UPDATE run_id=5 node=U4 source=Authority destination=TM
event=receive timestamp_ns=1791284573362270084 workflow=ARL_UPDATE run_id=6 node=U4 source=Authority destination=TM
event=receive timestamp_ns=1791284574898200948 workflow=ARL_UPDATE run_id=7 node=U4 source=Authority destination=TM
event=receive timestamp_ns=1791284576532219495 workflow=ARL_UPDATE run_id=8 node=U4 source=Authority destination=TM
event=receive timestamp_ns=1791284578100355753 workflow=ARL_UPDATE run_id=9 node=U4 source=Authority destination=TM
event=receive timestamp_ns=1791284579629909017 workflow=ARL_UPDATE run_id=10 node=U4 source=Authority destination=TM
event=receive timestamp_ns=1791284581204062793 workflow=ARL_UPDATE run_id=11 node=U4 source=Authority destination=TM
event=receive timestamp_ns=1791284583831904276 workflow=ARL_UPDATE run_id=12 node=U4 source=Authority destination=TM
event=receive timestamp_ns=1791284585397207537 workflow=ARL_UPDATE run_id=13 node=U4 source=Authority destination=TM
event=receive timestamp_ns=1791284588024590149 workflow=ARL_UPDATE run_id=14 node=U4 source=Authority destination=TM
event=receive timestamp_ns=1791284589589176574 workflow=ARL_UPDATE run_id=15 node=U4 source=Authority destination=TM
event=receive timestamp_ns=1791284592243748436 workflow=ARL_UPDATE run_id=16 node=U4 source=Authority destination=TM
event=receive timestamp_ns=1791284594868273578 workflow=ARL_UPDATE run_id=17 node=U4 source=Authority destination=TM
event=receive timestamp_ns=1791284597556242557 workflow=ARL_UPDATE run_id=18 node=U4 source=Authority destination=TM
event=receive timestamp_ns=1791284600213874089 workflow=ARL_UPDATE run_id=19 node=U4 source=Authority destination=TM
event=receive timestamp_ns=1791284602838074584 workflow=ARL_UPDATE run_id=20 node=U4 source=Authority destination=TM
event=receive timestamp_ns=1791284605523502261 workflow=ARL_UPDATE run_id=21 node=U4 source=Authority destination=TM
event=receive timestamp_ns=1791284608149698485 workflow=ARL_UPDATE run_id=22 node=U4 source=Authority destination=TM
event=receive timestamp_ns=1791284610837900190 workflow=ARL_UPDATE run_id=23 node=U4 source=Authority destination=TM
event=receive timestamp_ns=1791284613454860283 workflow=ARL_UPDATE run_id=24 node=U4 source=Authority destination=TM
event=receive timestamp_ns=1791284614993733435 workflow=ARL_UPDATE run_id=25 node=U4 source=Authority destination=TM
event=receive timestamp_ns=1791284616493233542 workflow=ARL_UPDATE run_id=26 node=U4 source=Authority destination=TM
event=receive timestamp_ns=1791284618062726704 workflow=ARL_UPDATE run_id=27 node=U4 source=Authority destination=TM
event=receive timestamp_ns=1791284619604395087 workflow=ARL_UPDATE run_id=28 node=U4 source=Authority destination=TM
event=receive timestamp_ns=1791284621165643089 workflow=ARL_UPDATE run_id=29 node=U4 source=Authority destination=TM
event=receive timestamp_ns=1791284622736731880 workflow=ARL_UPDATE run_id=30 node=U4 source=Authority destination=TM
event=receive timestamp_ns=1791284624309436666 workflow=ARL_UPDATE run_id=31 node=U4 source=Authority destination=TM
event=receive timestamp_ns=1791284626933915942 workflow=ARL_UPDATE run_id=32 node=U4 source=Authority destination=TM
event=receive timestamp_ns=1791284628500081225 workflow=ARL_UPDATE run_id=33 node=U4 source=Authority destination=TM
event=receive timestamp_ns=1791284631121552225 workflow=ARL_UPDATE run_id=34 node=U4 source=Authority destination=TM
event=receive timestamp_ns=1791284632693233181 workflow=ARL_UPDATE run_id=35 node=U4 source=Authority destination=TM
event=receive timestamp_ns=1791284634260254756 workflow=ARL_UPDATE run_id=36 node=U4 source=Authority destination=TM
event=receive timestamp_ns=1791284636887493080 workflow=ARL_UPDATE run_id=37 node=U4 source=Authority destination=TM
event=receive timestamp_ns=1791284638517441576 workflow=ARL_UPDATE run_id=38 node=U4 source=Authority destination=TM
event=receive timestamp_ns=1791284640083441507 workflow=ARL_UPDATE run_id=39 node=U4 source=Authority destination=TM
event=receive timestamp_ns=1791284642707975944 workflow=ARL_UPDATE run_id=40 node=U4 source=Authority destination=TM
event=receive timestamp_ns=1791284644341397362 workflow=ARL_UPDATE run_id=41 node=U4 source=Authority destination=TM
event=receive timestamp_ns=1791284645906161839 workflow=ARL_UPDATE run_id=42 node=U4 source=Authority destination=TM
event=receive timestamp_ns=1791284647508367008 workflow=ARL_UPDATE run_id=43 node=U4 source=Authority destination=TM
event=receive timestamp_ns=1791284649077445680 workflow=ARL_UPDATE run_id=44 node=U4 source=Authority destination=TM
event=receive timestamp_ns=1791284651732810330 workflow=ARL_UPDATE run_id=45 node=U4 source=Authority destination=TM
event=receive timestamp_ns=1791284654385588992 workflow=ARL_UPDATE run_id=46 node=U4 source=Authority destination=TM
event=receive timestamp_ns=1791284657007209052 workflow=ARL_UPDATE run_id=47 node=U4 source=Authority destination=TM
event=receive timestamp_ns=1791284658549721892 workflow=ARL_UPDATE run_id=48 node=U4 source=Authority destination=TM
event=receive timestamp_ns=1791284660117387629 workflow=ARL_UPDATE run_id=49 node=U4 source=Authority destination=TM
event=receive timestamp_ns=1791284661680936884 workflow=ARL_UPDATE run_id=50 node=U4 source=Authority destination=TM
event=receive timestamp_ns=1791284664339822589 workflow=ARL_UPDATE run_id=51 node=U4 source=Authority destination=TM
event=receive timestamp_ns=1791284666996655855 workflow=ARL_UPDATE run_id=52 node=U4 source=Authority destination=TM
event=receive timestamp_ns=1791284668535095893 workflow=ARL_UPDATE run_id=53 node=U4 source=Authority destination=TM
event=receive timestamp_ns=1791284670099893210 workflow=ARL_UPDATE run_id=54 node=U4 source=Authority destination=TM
event=receive timestamp_ns=1791284671670457163 workflow=ARL_UPDATE run_id=55 node=U4 source=Authority destination=TM
event=receive timestamp_ns=1791284673237783214 workflow=ARL_UPDATE run_id=56 node=U4 source=Authority destination=TM
event=receive timestamp_ns=1791284675891513291 workflow=ARL_UPDATE run_id=57 node=U4 source=Authority destination=TM
event=receive timestamp_ns=1791284677459769203 workflow=ARL_UPDATE run_id=58 node=U4 source=Authority destination=TM
event=receive timestamp_ns=1791284678967641735 workflow=ARL_UPDATE run_id=59 node=U4 source=Authority destination=TM
event=receive timestamp_ns=1791284680501072069 workflow=ARL_UPDATE run_id=60 node=U4 source=Authority destination=TM
event=receive timestamp_ns=1791284682098644206 workflow=ARL_UPDATE run_id=61 node=U4 source=Authority destination=TM
event=receive timestamp_ns=1791284683673149355 workflow=ARL_UPDATE run_id=62 node=U4 source=Authority destination=TM
event=receive timestamp_ns=1791284685265747995 workflow=ARL_UPDATE run_id=63 node=U4 source=Authority destination=TM
event=receive timestamp_ns=1791284686868168918 workflow=ARL_UPDATE run_id=64 node=U4 source=Authority destination=TM
event=receive timestamp_ns=1791284688436219934 workflow=ARL_UPDATE run_id=65 node=U4 source=Authority destination=TM
event=receive timestamp_ns=1791284690004900939 workflow=ARL_UPDATE run_id=66 node=U4 source=Authority destination=TM
event=receive timestamp_ns=1791284691537379939 workflow=ARL_UPDATE run_id=67 node=U4 source=Authority destination=TM
event=receive timestamp_ns=1791284693110860569 workflow=ARL_UPDATE run_id=68 node=U4 source=Authority destination=TM
event=receive timestamp_ns=1791284694709304366 workflow=ARL_UPDATE run_id=69 node=U4 source=Authority destination=TM
event=receive timestamp_ns=1791284696276096421 workflow=ARL_UPDATE run_id=70 node=U4 source=Authority destination=TM
event=receive timestamp_ns=1791284698538838943 workflow=KEY_REQUEST run_id=bench_h5_key_w1 node=U4 source=TM5 destination=TM
event=receive timestamp_ns=1791284702222936572 workflow=KEY_REQUEST run_id=bench_h5_key_w2 node=U4 source=TM5 destination=TM
event=receive timestamp_ns=1791284705418674998 workflow=KEY_REQUEST run_id=bench_h5_key_w3 node=U4 source=TM5 destination=TM
event=receive timestamp_ns=1791284708042593916 workflow=KEY_REQUEST run_id=bench_h5_key_w4 node=U4 source=TM5 destination=TM
event=receive timestamp_ns=1791284711115370464 workflow=KEY_REQUEST run_id=bench_h5_key_w5 node=U4 source=TM5 destination=TM
event=receive timestamp_ns=1791284715179578836 workflow=KEY_REQUEST run_id=bench_h5_key_001 node=U4 source=TM5 destination=TM
event=receive timestamp_ns=1791284718826931966 workflow=KEY_REQUEST run_id=bench_h5_key_002 node=U4 source=TM5 destination=TM
event=receive timestamp_ns=1791284723530902108 workflow=KEY_REQUEST run_id=bench_h5_key_003 node=U4 source=TM5 destination=TM
event=receive timestamp_ns=1791284727179025248 workflow=KEY_REQUEST run_id=bench_h5_key_004 node=U4 source=TM5 destination=TM
event=receive timestamp_ns=1791284730894922413 workflow=KEY_REQUEST run_id=bench_h5_key_005 node=U4 source=TM5 destination=TM
event=receive timestamp_ns=1791284733930922269 workflow=KEY_REQUEST run_id=bench_h5_key_006 node=U4 source=TM5 destination=TM
event=receive timestamp_ns=1791284738634535100 workflow=KEY_REQUEST run_id=bench_h5_key_007 node=U4 source=TM5 destination=TM
event=receive timestamp_ns=1791284742314818923 workflow=KEY_REQUEST run_id=bench_h5_key_008 node=U4 source=TM5 destination=TM
event=receive timestamp_ns=1791284747082915430 workflow=KEY_REQUEST run_id=bench_h5_key_009 node=U4 source=TM5 destination=TM
event=receive timestamp_ns=1791284751755176693 workflow=KEY_REQUEST run_id=bench_h5_key_010 node=U4 source=TM5 destination=TM
event=receive timestamp_ns=1791284755882934216 workflow=KEY_REQUEST run_id=bench_h5_key_011 node=U4 source=TM5 destination=TM
event=receive timestamp_ns=1791284760586968331 workflow=KEY_REQUEST run_id=bench_h5_key_012 node=U4 source=TM5 destination=TM
event=receive timestamp_ns=1791284763659077475 workflow=KEY_REQUEST run_id=bench_h5_key_013 node=U4 source=TM5 destination=TM
event=receive timestamp_ns=1791284768395281974 workflow=KEY_REQUEST run_id=bench_h5_key_014 node=U4 source=TM5 destination=TM
event=receive timestamp_ns=1791284773066747266 workflow=KEY_REQUEST run_id=bench_h5_key_015 node=U4 source=TM5 destination=TM
event=receive timestamp_ns=1791284777738702369 workflow=KEY_REQUEST run_id=bench_h5_key_016 node=U4 source=TM5 destination=TM
event=receive timestamp_ns=1791284782827384728 workflow=KEY_REQUEST run_id=bench_h5_key_017 node=U4 source=TM5 destination=TM
event=receive timestamp_ns=1791284786507323341 workflow=KEY_REQUEST run_id=bench_h5_key_018 node=U4 source=TM5 destination=TM
event=receive timestamp_ns=1791284789578978543 workflow=KEY_REQUEST run_id=bench_h5_key_019 node=U4 source=TM5 destination=TM
event=receive timestamp_ns=1791284794314971756 workflow=KEY_REQUEST run_id=bench_h5_key_020 node=U4 source=TM5 destination=TM
event=receive timestamp_ns=1791284797994844518 workflow=KEY_REQUEST run_id=bench_h5_key_021 node=U4 source=TM5 destination=TM
event=receive timestamp_ns=1791284802730925838 workflow=KEY_REQUEST run_id=bench_h5_key_022 node=U4 source=TM5 destination=TM
event=receive timestamp_ns=1791284806442757889 workflow=KEY_REQUEST run_id=bench_h5_key_023 node=U4 source=TM5 destination=TM
event=receive timestamp_ns=1791284811018934346 workflow=KEY_REQUEST run_id=bench_h5_key_024 node=U4 source=TM5 destination=TM
event=receive timestamp_ns=1791284815210851450 workflow=KEY_REQUEST run_id=bench_h5_key_025 node=U4 source=TM5 destination=TM
event=receive timestamp_ns=1791284819915263511 workflow=KEY_REQUEST run_id=bench_h5_key_026 node=U4 source=TM5 destination=TM
event=receive timestamp_ns=1791284823531235996 workflow=KEY_REQUEST run_id=bench_h5_key_027 node=U4 source=TM5 destination=TM
event=receive timestamp_ns=1791284827178888049 workflow=KEY_REQUEST run_id=bench_h5_key_028 node=U4 source=TM5 destination=TM
event=receive timestamp_ns=1791284830827002979 workflow=KEY_REQUEST run_id=bench_h5_key_029 node=U4 source=TM5 destination=TM
event=receive timestamp_ns=1791284836010796839 workflow=KEY_REQUEST run_id=bench_h5_key_030 node=U4 source=TM5 destination=TM
