event=send timestamp_ns=1791279259285318283 workflow=KEY_RESPONSE run_id=bench_h4_setup node=Authority source=Authority destination=bench_h4_setup
event=receive timestamp_ns=1791279259274792569 workflow=KEY_REQUEST run_id=bench_h4_setup node=Authority source=TM4 destination=TM
event=receive timestamp_ns=1791279263946901886 workflow=CT_SHARE run_id=1 node=Authority source=TM4 destination=TM
event=receive timestamp_ns=1791279265514831142 workflow=CT_SHARE run_id=2 node=Authority source=TM4 destination=TM
event=receive timestamp_ns=1791279267082666990 workflow=CT_SHARE run_id=3 node=Authority source=TM4 destination=TM
event=receive timestamp_ns=1791279268650849136 workflow=CT_SHARE run_id=4 node=Authority source=TM4 destination=TM
event=receive timestamp_ns=1791279270218948254 workflow=CT_SHARE run_id=5 node=Authority source=TM4 destination=TM
event=receive timestamp_ns=1791279271786647733 workflow=CT_SHARE run_id=6 node=Authority source=TM4 destination=TM
event=receive timestamp_ns=1791279273354875414 workflow=CT_SHARE run_id=7 node=Authority source=TM4 destination=TM
event=receive timestamp_ns=1791279274922757606 workflow=CT_SHARE run_id=8 node=Authority source=TM4 destination=TM
event=receive timestamp_ns=1791279276490743192 workflow=CT_SHARE run_id=9 node=Authority source=TM4 destination=TM
event=receive timestamp_ns=1791279278058952686 workflow=CT_SHARE run_id=10 node=Authority source=TM4 destination=TM
event=receive timestamp_ns=1791279279630648492 workflow=CT_SHARE run_id=11 node=Authority source=TM4 destination=TM
event=receive timestamp_ns=1791279281162604898 workflow=CT_SHARE run_id=12 node=Authority source=TM4 destination=TM
event=receive timestamp_ns=1791279282762785602 workflow=CT_SHARE run_id=13 node=Authority source=TM4 destination=TM
event=receive timestamp_ns=1791279284266735953 workflow=CT_SHARE run_id=14 node=Authority source=TM4 destination=TM
event=receive timestamp_ns=1791279285866620026 workflow=CT_SHARE run_id=15 node=Authority source=TM4 destination=TM
event=receive timestamp_ns=1791279287402405491 workflow=CT_SHARE run_id=16 node=Authority source=TM4 destination=TM
event=receive timestamp_ns=1791279289034517672 workflow=CT_SHARE run_id=17 node=Authority source=TM4 destination=TM
event=receive timestamp_ns=1791279290570772822 workflow=CT_SHARE run_id=18 node=Authority source=TM4 destination=TM
event=receive timestamp_ns=1791279292170707453 workflow=CT_SHARE run_id=19 node=Authority source=TM4 destination=TM
event=receive timestamp_ns=1791279293742499416 workflow=CT_SHARE run_id=20 node=Authority source=TM4 destination=TM
event=receive timestamp_ns=1791279295338625245 workflow=CT_SHARE run_id=21 node=Authority source=TM4 destination=TM
event=receive timestamp_ns=1791279296906691806 workflow=CT_SHARE run_id=22 node=Authority source=TM4 destination=TM
event=receive timestamp_ns=1791279298474612913 workflow=CT_SHARE run_id=23 node=Authority source=TM4 destination=TM
event=receive timestamp_ns=1791279300074608686 workflow=CT_SHARE run_id=24 node=Authority source=TM4 destination=TM
event=receive timestamp_ns=1791279301642794016 workflow=CT_SHARE run_id=25 node=Authority source=TM4 destination=TM
event=receive timestamp_ns=1791279303210961197 workflow=CT_SHARE run_id=26 node=Authority source=TM4 destination=TM
event=receive timestamp_ns=1791279304778610827 workflow=CT_SHARE run_id=27 node=Authority source=TM4 destination=TM
event=receive timestamp_ns=1791279306410716094 workflow=CT_SHARE run_id=28 node=Authority source=TM4 destination=TM
event=receive timestamp_ns=1791279307946817067 workflow=CT_SHARE run_id=29 node=Authority source=TM4 destination=TM
event=receive timestamp_ns=1791279309546529947 workflow=CT_SHARE run_id=30 node=Authority source=TM4 destination=TM
event=receive timestamp_ns=1791279311082713611 workflow=CT_SHARE run_id=31 node=Authority source=TM4 destination=TM
event=receive timestamp_ns=1791279312650683765 workflow=CT_SHARE run_id=32 node=Authority source=TM4 destination=TM
event=receive timestamp_ns=1791279314218667115 workflow=CT_SHARE run_id=33 node=Authority source=TM4 destination=TM
event=receive timestamp_ns=1791279315786718589 workflow=CT_SHARE run_id=34 node=Authority source=TM4 destination=TM
event=receive timestamp_ns=1791279317358730211 workflow=CT_SHARE run_id=35 node=Authority source=TM4 destination=TM
event=send timestamp_ns=1791279317478881864 workflow=ARL_UPDATE run_id=1 node=Authority source=Authority destination=TM
event=send timestamp_ns=1791279319011500381 workflow=ARL_UPDATE run_id=2 node=Authority source=Authority destination=TM
event=send timestamp_ns=1791279320546902675 workflow=ARL_UPDATE run_id=3 node=Authority source=Authority destination=TM
event=send timestamp_ns=1791279322082968721 workflow=ARL_UPDATE run_id=4 node=Authority source=Authority destination=TM
event=send timestamp_ns=1791279323623167322 workflow=ARL_UPDATE run_id=5 node=Authority source=Authority destination=TM
event=send timestamp_ns=1791279325153529615 workflow=ARL_UPDATE run_id=6 node=Authority source=Authority destination=TM
event=send timestamp_ns=1791279326691464961 workflow=ARL_UPDATE run_id=7 node=Authority source=Authority destination=TM
event=send timestamp_ns=1791279328229951585 workflow=ARL_UPDATE run_id=8 node=Authority source=Authority destination=TM
event=send timestamp_ns=1791279329766802494 workflow=ARL_UPDATE run_id=9 node=Authority source=Authority destination=TM
event=send timestamp_ns=1791279331302178819 workflow=ARL_UPDATE run_id=10 node=Authority source=Authority destination=TM
event=send timestamp_ns=1791279332834668254 workflow=ARL_UPDATE run_id=11 node=Authority source=Authority destination=TM
event=send timestamp_ns=1791279334365045395 workflow=ARL_UPDATE run_id=12 node=Authority source=Authority destination=TM
event=send timestamp_ns=1791279335903842691 workflow=ARL_UPDATE run_id=13 node=Authority source=Authority destination=TM
event=send timestamp_ns=1791279337437711451 workflow=ARL_UPDATE run_id=14 node=Authority source=Authority destination=TM
event=send timestamp_ns=1791279338972625041 workflow=ARL_UPDATE run_id=15 node=Authority source=Authority destination=TM
event=send timestamp_ns=1791279340580812178 workflow=ARL_UPDATE run_id=16 node=Authority source=Authority destination=TM
event=send timestamp_ns=1791279342117501584 workflow=ARL_UPDATE run_id=17 node=Authority source=Authority destination=TM
event=send timestamp_ns=1791279343650220723 workflow=ARL_UPDATE run_id=18 node=Authority source=Authority destination=TM
event=send timestamp_ns=1791279345181183463 workflow=ARL_UPDATE run_id=19 node=Authority source=Authority destination=TM
event=send timestamp_ns=1791279346727712368 workflow=ARL_UPDATE run_id=20 node=Authority source=Authority destination=TM
event=send timestamp_ns=1791279348256757060 workflow=ARL_UPDATE run_id=21 node=Authority source=Authority destination=TM
event=send timestamp_ns=1791279349790259372 workflow=ARL_UPDATE run_id=22 node=Authority source=Authority destination=TM
event=send timestamp_ns=1791279351326267613 workflow=ARL_UPDATE run_id=23 node=Authority source=Authority destination=TM
event=send timestamp_ns=1791279352863548543 workflow=ARL_UPDATE run_id=24 node=Authority source=Authority destination=TM
event=send timestamp_ns=1791279354399862913 workflow=ARL_UPDATE run_id=25 node=Authority source=Authority destination=TM
event=send timestamp_ns=1791279355940742118 workflow=ARL_UPDATE run_id=26 node=Authority source=Authority destination=TM
event=send timestamp_ns=1791279357472218241 workflow=ARL_UPDATE run_id=27 node=Authority source=Authority destination=TM
event=send timestamp_ns=1791279359010679032 workflow=ARL_UPDATE run_id=28 node=Authority source=Authority destination=TM
event=send timestamp_ns=1791279360549909994 workflow=ARL_UPDATE run_id=29 node=Authority source=Authority destination=TM
event=send timestamp_ns=1791279362082077083 workflow=ARL_UPDATE run_id=30 node=Authority source=Authority destination=TM
event=send timestamp_ns=1791279363619398527 workflow=ARL_UPDATE run_id=31 node=Authority source=Authority destination=TM
event=send timestamp_ns=1791279365153623684 workflow=ARL_UPDATE run_id=32 node=Authority source=Authority destination=TM
event=send timestamp_ns=1791279366690548344 workflow=ARL_UPDATE run_id=33 node=Authority source=Authority destination=TM
event=send timestamp_ns=1791279368297250011 workflow=ARL_UPDATE run_id=34 node=Authority source=Authority destination=TM
event=send timestamp_ns=1791279369832936354 workflow=ARL_UPDATE run_id=35 node=Authority source=Authority destination=TM
event=send timestamp_ns=1791279371362768771 workflow=ARL_UPDATE run_id=36 node=Authority source=Authority destination=TM
event=send timestamp_ns=1791279372898707969 workflow=ARL_UPDATE run_id=37 node=Authority source=Authority destination=TM
event=send timestamp_ns=1791279374430220752 workflow=ARL_UPDATE run_id=38 node=Authority source=Authority destination=TM
event=send timestamp_ns=1791279375966209810 workflow=ARL_UPDATE run_id=39 node=Authority source=Authority destination=TM
event=send timestamp_ns=1791279377568293054 workflow=ARL_UPDATE run_id=40 node=Authority source=Authority destination=TM
event=send timestamp_ns=1791279379102872128 workflow=ARL_UPDATE run_id=41 node=Authority source=Authority destination=TM
event=send timestamp_ns=1791279380641419898 workflow=ARL_UPDATE run_id=42 node=Authority source=Authority destination=TM
event=send timestamp_ns=1791279382175209877 workflow=ARL_UPDATE run_id=43 node=Authority source=Authority destination=TM
event=send timestamp_ns=1791279383710690632 workflow=ARL_UPDATE run_id=44 node=Authority source=Authority destination=TM
event=send timestamp_ns=1791279385245984920 workflow=ARL_UPDATE run_id=45 node=Authority source=Authority destination=TM
event=send timestamp_ns=1791279386782474255 workflow=ARL_UPDATE run_id=46 node=Authority source=Authority destination=TM
event=send timestamp_ns=1791279388320860288 workflow=ARL_UPDATE run_id=47 node=Authority source=Authority destination=TM
event=send timestamp_ns=1791279389854159120 workflow=ARL_UPDATE run_id=48 node=Authority source=Authority destination=TM
event=send timestamp_ns=1791279391391124053 workflow=ARL_UPDATE run_id=49 node=Authority source=Authority destination=TM
event=send timestamp_ns=1791279392788263312 workflow=ARL_UPDATE run_id=50 node=Authority source=Authority destination=TM
event=send timestamp_ns=1791279394525377638 workflow=ARL_UPDATE run_id=51 node=Authority source=Authority destination=TM
event=send timestamp_ns=1791279396062534169 workflow=ARL_UPDATE run_id=52 node=Authority source=Authority destination=TM
event=send timestamp_ns=1791279397603915371 workflow=ARL_UPDATE run_id=53 node=Authority source=Authority destination=TM
event=send timestamp_ns=1791279399207002149 workflow=ARL_UPDATE run_id=54 node=Authority source=Authority destination=TM
event=send timestamp_ns=1791279400745772726 workflow=ARL_UPDATE run_id=55 node=Authority source=Authority destination=TM
event=send timestamp_ns=1791279402345975338 workflow=ARL_UPDATE run_id=56 node=Authority source=Authority destination=TM
event=send timestamp_ns=1791279403877702242 workflow=ARL_UPDATE run_id=57 node=Authority source=Authority destination=TM
event=send timestamp_ns=1791279405413478947 workflow=ARL_UPDATE run_id=58 node=Authority source=Authority destination=TM
event=send timestamp_ns=1791279406946119986 workflow=ARL_UPDATE run_id=59 node=Authority source=Authority destination=TM
event=send timestamp_ns=1791279408489762102 workflow=ARL_UPDATE run_id=60 node=Authority source=Authority destination=TM
event=send timestamp_ns=1791279410029259159 workflow=ARL_UPDATE run_id=61 node=Authority source=Authority destination=TM
event=send timestamp_ns=1791279411556875494 workflow=ARL_UPDATE run_id=62 node=Authority source=Authority destination=TM
event=send timestamp_ns=1791279413095285309 workflow=ARL_UPDATE run_id=63 node=Authority source=Authority destination=TM
event=send timestamp_ns=1791279414702136312 workflow=ARL_UPDATE run_id=64 node=Authority source=Authority destination=TM
event=send timestamp_ns=1791279416238750344 workflow=ARL_UPDATE run_id=65 node=Authority source=Authority destination=TM
event=send timestamp_ns=1791279417807148328 workflow=ARL_UPDATE run_id=66 node=Authority source=Authority destination=TM
event=send timestamp_ns=1791279419342502279 workflow=ARL_UPDATE run_id=67 node=Authority source=Authority destination=TM
event=send timestamp_ns=1791279420873724724 workflow=ARL_UPDATE run_id=68 node=Authority source=Authority destination=TM
event=send timestamp_ns=1791279422403096202 workflow=ARL_UPDATE run_id=69 node=Authority source=Authority destination=TM
event=send timestamp_ns=1791279423940907568 workflow=ARL_UPDATE run_id=70 node=Authority source=Authority destination=TM
event=send timestamp_ns=1791279427928052288 workflow=KEY_RESPONSE run_id=bench_h4_key_w1 node=Authority source=Authority destination=bench_h4_key_w1
event=receive timestamp_ns=1791279427915152963 workflow=KEY_REQUEST run_id=bench_h4_key_w1 node=Authority source=TM4 destination=TM
event=send timestamp_ns=1791279432432082974 workflow=KEY_RESPONSE run_id=bench_h4_key_w2 node=Authority source=Authority destination=bench_h4_key_w2
event=receive timestamp_ns=1791279432426755510 workflow=KEY_REQUEST run_id=bench_h4_key_w2 node=Authority source=TM4 destination=TM
event=send timestamp_ns=1791279436916331999 workflow=KEY_RESPONSE run_id=bench_h4_key_w3 node=Authority source=Authority destination=bench_h4_key_w3
event=receive timestamp_ns=1791279436906526294 workflow=KEY_REQUEST run_id=bench_h4_key_w3 node=Authority source=TM4 destination=TM
event=send timestamp_ns=1791279440401055257 workflow=KEY_RESPONSE run_id=bench_h4_key_w4 node=Authority source=Authority destination=bench_h4_key_w4
event=receive timestamp_ns=1791279440394672009 workflow=KEY_REQUEST run_id=bench_h4_key_w4 node=Authority source=TM4 destination=TM
event=send timestamp_ns=1791279443764868010 workflow=KEY_RESPONSE run_id=bench_h4_key_w5 node=Authority source=Authority destination=bench_h4_key_w5
event=receive timestamp_ns=1791279443754733972 workflow=KEY_REQUEST run_id=bench_h4_key_w5 node=Authority source=TM4 destination=TM
event=send timestamp_ns=1791279447224657459 workflow=KEY_RESPONSE run_id=bench_h4_key_001 node=Authority source=Authority destination=bench_h4_key_001
event=receive timestamp_ns=1791279447211101258 workflow=KEY_REQUEST run_id=bench_h4_key_001 node=Authority source=TM4 destination=TM
event=send timestamp_ns=1791279451733806377 workflow=KEY_RESPONSE run_id=bench_h4_key_002 node=Authority source=Authority destination=bench_h4_key_002
event=receive timestamp_ns=1791279451723081394 workflow=KEY_REQUEST run_id=bench_h4_key_002 node=Authority source=TM4 destination=TM
event=send timestamp_ns=1791279455222803184 workflow=KEY_RESPONSE run_id=bench_h4_key_003 node=Authority source=Authority destination=bench_h4_key_003
event=receive timestamp_ns=1791279455210820937 workflow=KEY_REQUEST run_id=bench_h4_key_003 node=Authority source=TM4 destination=TM
event=send timestamp_ns=1791279459732238817 workflow=KEY_RESPONSE run_id=bench_h4_key_004 node=Authority source=Authority destination=bench_h4_key_004
event=receive timestamp_ns=1791279459722764657 workflow=KEY_REQUEST run_id=bench_h4_key_004 node=Authority source=TM4 destination=TM
event=send timestamp_ns=1791279463090550239 workflow=KEY_RESPONSE run_id=bench_h4_key_005 node=Authority source=Authority destination=bench_h4_key_005
event=receive timestamp_ns=1791279463082573098 workflow=KEY_REQUEST run_id=bench_h4_key_005 node=Authority source=TM4 destination=TM
event=send timestamp_ns=1791279466454657038 workflow=KEY_RESPONSE run_id=bench_h4_key_006 node=Authority source=Authority destination=bench_h4_key_006
event=receive timestamp_ns=1791279466442670210 workflow=KEY_REQUEST run_id=bench_h4_key_006 node=Authority source=TM4 destination=TM
event=send timestamp_ns=1791279470963721995 workflow=KEY_RESPONSE run_id=bench_h4_key_007 node=Authority source=Authority destination=bench_h4_key_007
event=receive timestamp_ns=1791279470954591002 workflow=KEY_REQUEST run_id=bench_h4_key_007 node=Authority source=TM4 destination=TM
event=send timestamp_ns=1791279475410176185 workflow=KEY_RESPONSE run_id=bench_h4_key_008 node=Authority source=Authority destination=bench_h4_key_008
event=receive timestamp_ns=1791279475402453784 workflow=KEY_REQUEST run_id=bench_h4_key_008 node=Authority source=TM4 destination=TM
event=send timestamp_ns=1791279478873876202 workflow=KEY_RESPONSE run_id=bench_h4_key_009 node=Authority source=Authority destination=bench_h4_key_009
event=receive timestamp_ns=1791279478859132938 workflow=KEY_REQUEST run_id=bench_h4_key_009 node=Authority source=TM4 destination=TM
event=send timestamp_ns=1791279483409663743 workflow=KEY_RESPONSE run_id=bench_h4_key_010 node=Authority source=Authority destination=bench_h4_key_010
event=receive timestamp_ns=1791279483402845177 workflow=KEY_REQUEST run_id=bench_h4_key_010 node=Authority source=TM4 destination=TM
event=send timestamp_ns=1791279486868493314 workflow=KEY_RESPONSE run_id=bench_h4_key_011 node=Authority source=Authority destination=bench_h4_key_011
event=receive timestamp_ns=1791279486858592981 workflow=KEY_REQUEST run_id=bench_h4_key_011 node=Authority source=TM4 destination=TM
event=send timestamp_ns=1791279490329262095 workflow=KEY_RESPONSE run_id=bench_h4_key_012 node=Authority source=Authority destination=bench_h4_key_012
event=receive timestamp_ns=1791279490314695471 workflow=KEY_REQUEST run_id=bench_h4_key_012 node=Authority source=TM4 destination=TM
event=send timestamp_ns=1791279493775171959 workflow=KEY_RESPONSE run_id=bench_h4_key_013 node=Authority source=Authority destination=bench_h4_key_013
event=receive timestamp_ns=1791279493770710787 workflow=KEY_REQUEST run_id=bench_h4_key_013 node=Authority source=TM4 destination=TM
event=send timestamp_ns=1791279497139905792 workflow=KEY_RESPONSE run_id=bench_h4_key_014 node=Authority source=Authority destination=bench_h4_key_014
event=receive timestamp_ns=1791279497130628487 workflow=KEY_REQUEST run_id=bench_h4_key_014 node=Authority source=TM4 destination=TM
event=send timestamp_ns=1791279500502261061 workflow=KEY_RESPONSE run_id=bench_h4_key_015 node=Authority source=Authority destination=bench_h4_key_015
event=receive timestamp_ns=1791279500491006000 workflow=KEY_REQUEST run_id=bench_h4_key_015 node=Authority source=TM4 destination=TM
event=send timestamp_ns=1791279503959814398 workflow=KEY_RESPONSE run_id=bench_h4_key_016 node=Authority source=Authority destination=bench_h4_key_016
event=receive timestamp_ns=1791279503946920507 workflow=KEY_REQUEST run_id=bench_h4_key_016 node=Authority source=TM4 destination=TM
event=send timestamp_ns=1791279507417467035 workflow=KEY_RESPONSE run_id=bench_h4_key_017 node=Authority source=Authority destination=bench_h4_key_017
event=receive timestamp_ns=1791279507406681481 workflow=KEY_REQUEST run_id=bench_h4_key_017 node=Authority source=TM4 destination=TM
event=send timestamp_ns=1791279510902713745 workflow=KEY_RESPONSE run_id=bench_h4_key_018 node=Authority source=Authority destination=bench_h4_key_018
event=receive timestamp_ns=1791279510890666219 workflow=KEY_REQUEST run_id=bench_h4_key_018 node=Authority source=TM4 destination=TM
event=send timestamp_ns=1791279515414626972 workflow=KEY_RESPONSE run_id=bench_h4_key_019 node=Authority source=Authority destination=bench_h4_key_019
event=receive timestamp_ns=1791279515402575753 workflow=KEY_REQUEST run_id=bench_h4_key_019 node=Authority source=TM4 destination=TM
event=send timestamp_ns=1791279519893378968 workflow=KEY_RESPONSE run_id=bench_h4_key_020 node=Authority source=Authority destination=bench_h4_key_020
event=receive timestamp_ns=1791279519882806347 workflow=KEY_REQUEST run_id=bench_h4_key_020 node=Authority source=TM4 destination=TM
event=send timestamp_ns=1791279524407344270 workflow=KEY_RESPONSE run_id=bench_h4_key_021 node=Authority source=Authority destination=bench_h4_key_021
event=receive timestamp_ns=1791279524394755217 workflow=KEY_REQUEST run_id=bench_h4_key_021 node=Authority source=TM4 destination=TM
event=send timestamp_ns=1791279527893641900 workflow=KEY_RESPONSE run_id=bench_h4_key_022 node=Authority source=Authority destination=bench_h4_key_022
event=receive timestamp_ns=1791279527882917747 workflow=KEY_REQUEST run_id=bench_h4_key_022 node=Authority source=TM4 destination=TM
event=send timestamp_ns=1791279531415860776 workflow=KEY_RESPONSE run_id=bench_h4_key_023 node=Authority source=Authority destination=bench_h4_key_023
event=receive timestamp_ns=1791279531402631057 workflow=KEY_REQUEST run_id=bench_h4_key_023 node=Authority source=TM4 destination=TM
event=send timestamp_ns=1791279534871228619 workflow=KEY_RESPONSE run_id=bench_h4_key_024 node=Authority source=Authority destination=bench_h4_key_024
event=receive timestamp_ns=1791279534858894408 workflow=KEY_REQUEST run_id=bench_h4_key_024 node=Authority source=TM4 destination=TM
event=send timestamp_ns=1791279540408517612 workflow=KEY_RESPONSE run_id=bench_h4_key_025 node=Authority source=Authority destination=bench_h4_key_025
event=receive timestamp_ns=1791279540395047688 workflow=KEY_REQUEST run_id=bench_h4_key_025 node=Authority source=TM4 destination=TM
event=send timestamp_ns=1791279543890466015 workflow=KEY_RESPONSE run_id=bench_h4_key_026 node=Authority source=Authority destination=bench_h4_key_026
event=receive timestamp_ns=1791279543882729949 workflow=KEY_REQUEST run_id=bench_h4_key_026 node=Authority source=TM4 destination=TM
event=send timestamp_ns=1791279547290113961 workflow=KEY_RESPONSE run_id=bench_h4_key_027 node=Authority source=Authority destination=bench_h4_key_027
event=receive timestamp_ns=1791279547275087996 workflow=KEY_REQUEST run_id=bench_h4_key_027 node=Authority source=TM4 destination=TM
event=send timestamp_ns=1791279550775709217 workflow=KEY_RESPONSE run_id=bench_h4_key_028 node=Authority source=Authority destination=bench_h4_key_028
event=receive timestamp_ns=1791279550762702396 workflow=KEY_REQUEST run_id=bench_h4_key_028 node=Authority source=TM4 destination=TM
event=send timestamp_ns=1791279554264132390 workflow=KEY_RESPONSE run_id=bench_h4_key_029 node=Authority source=Authority destination=bench_h4_key_029
event=receive timestamp_ns=1791279554250632278 workflow=KEY_REQUEST run_id=bench_h4_key_029 node=Authority source=TM4 destination=TM
event=send timestamp_ns=1791279557716393449 workflow=KEY_RESPONSE run_id=bench_h4_key_030 node=Authority source=Authority destination=bench_h4_key_030
event=receive timestamp_ns=1791279557706681816 workflow=KEY_REQUEST run_id=bench_h4_key_030 node=Authority source=TM4 destination=TM
