event=receive timestamp_ns=1791279259178799897 workflow=KEY_REQUEST run_id=bench_h4_setup node=U1 source=TM4 destination=TM
event=receive timestamp_ns=1791279263854672722 workflow=CT_SHARE run_id=1 node=U1 source=TM4 destination=TM
event=receive timestamp_ns=1791279265418881403 workflow=CT_SHARE run_id=2 node=U1 source=TM4 destination=TM
event=receive timestamp_ns=1791279266986632440 workflow=CT_SHARE run_id=3 node=U1 source=TM4 destination=TM
event=receive timestamp_ns=1791279268554868509 workflow=CT_SHARE run_id=4 node=U1 source=TM4 destination=TM
event=receive timestamp_ns=1791279270122780046 workflow=CT_SHARE run_id=5 node=U1 source=TM4 destination=TM
event=receive timestamp_ns=1791279271690786954 workflow=CT_SHARE run_id=6 node=U1 source=TM4 destination=TM
event=receive timestamp_ns=1791279273258906568 workflow=CT_SHARE run_id=7 node=U1 source=TM4 destination=TM
event=receive timestamp_ns=1791279274826557355 workflow=CT_SHARE run_id=8 node=U1 source=TM4 destination=TM
event=receive timestamp_ns=1791279276394749022 workflow=CT_SHARE run_id=9 node=U1 source=TM4 destination=TM
event=receive timestamp_ns=1791279277966560039 workflow=CT_SHARE run_id=10 node=U1 source=TM4 destination=TM
event=receive timestamp_ns=1791279279530668372 workflow=CT_SHARE run_id=11 node=U1 source=TM4 destination=TM
event=receive timestamp_ns=1791279281098679012 workflow=CT_SHARE run_id=12 node=U1 source=TM4 destination=TM
event=receive timestamp_ns=1791279282666538899 workflow=CT_SHARE run_id=13 node=U1 source=TM4 destination=TM
event=receive timestamp_ns=1791279284202382001 workflow=CT_SHARE run_id=14 node=U1 source=TM4 destination=TM
event=receive timestamp_ns=1791279285770610118 workflow=CT_SHARE run_id=15 node=U1 source=TM4 destination=TM
event=receive timestamp_ns=1791279287306628479 workflow=CT_SHARE run_id=16 node=U1 source=TM4 destination=TM
event=receive timestamp_ns=1791279288938381749 workflow=CT_SHARE run_id=17 node=U1 source=TM4 destination=TM
event=receive timestamp_ns=1791279290478720795 workflow=CT_SHARE run_id=18 node=U1 source=TM4 destination=TM
event=receive timestamp_ns=1791279292074693808 workflow=CT_SHARE run_id=19 node=U1 source=TM4 destination=TM
event=receive timestamp_ns=1791279293646474690 workflow=CT_SHARE run_id=20 node=U1 source=TM4 destination=TM
event=receive timestamp_ns=1791279295243005973 workflow=CT_SHARE run_id=21 node=U1 source=TM4 destination=TM
event=receive timestamp_ns=1791279296842962746 workflow=CT_SHARE run_id=22 node=U1 source=TM4 destination=TM
event=receive timestamp_ns=1791279298378628027 workflow=CT_SHARE run_id=23 node=U1 source=TM4 destination=TM
event=receive timestamp_ns=1791279299978693661 workflow=CT_SHARE run_id=24 node=U1 source=TM4 destination=TM
event=receive timestamp_ns=1791279301546894053 workflow=CT_SHARE run_id=25 node=U1 source=TM4 destination=TM
event=receive timestamp_ns=1791279303115064639 workflow=CT_SHARE run_id=26 node=U1 source=TM4 destination=TM
event=receive timestamp_ns=1791279304682806462 workflow=CT_SHARE run_id=27 node=U1 source=TM4 destination=TM
event=receive timestamp_ns=1791279306314663422 workflow=CT_SHARE run_id=28 node=U1 source=TM4 destination=TM
event=receive timestamp_ns=1791279307850736752 workflow=CT_SHARE run_id=29 node=U1 source=TM4 destination=TM
event=receive timestamp_ns=1791279309450381458 workflow=CT_SHARE run_id=30 node=U1 source=TM4 destination=TM
event=receive timestamp_ns=1791279310986684578 workflow=CT_SHARE run_id=31 node=U1 source=TM4 destination=TM
event=receive timestamp_ns=1791279312554768646 workflow=CT_SHARE run_id=32 node=U1 source=TM4 destination=TM
event=receive timestamp_ns=1791279314122545604 workflow=CT_SHARE run_id=33 node=U1 source=TM4 destination=TM
event=receive timestamp_ns=1791279315694899777 workflow=CT_SHARE run_id=34 node=U1 source=TM4 destination=TM
event=receive timestamp_ns=1791279317258928608 workflow=CT_SHARE run_id=35 node=U1 source=TM4 destination=TM
event=receive timestamp_ns=1791279318602855205 workflow=ARL_UPDATE run_id=1 node=U1 source=Authority destination=TM
event=receive timestamp_ns=1791279320138743199 workflow=ARL_UPDATE run_id=2 node=U1 source=Authority destination=TM
event=receive timestamp_ns=1791279321674647899 workflow=ARL_UPDATE run_id=3 node=U1 source=Authority destination=TM
event=receive timestamp_ns=1791279323210722455 workflow=ARL_UPDATE run_id=4 node=U1 source=Authority destination=TM
event=receive timestamp_ns=1791279324746470910 workflow=ARL_UPDATE run_id=5 node=U1 source=Authority destination=TM
event=receive timestamp_ns=1791279326282762683 workflow=ARL_UPDATE run_id=6 node=U1 source=Authority destination=TM
event=receive timestamp_ns=1791279327818776060 workflow=ARL_UPDATE run_id=7 node=U1 source=Authority destination=TM
event=receive timestamp_ns=1791279329355573253 workflow=ARL_UPDATE run_id=8 node=U1 source=Authority destination=TM
event=receive timestamp_ns=1791279330890758632 workflow=ARL_UPDATE run_id=9 node=U1 source=Authority destination=TM
event=receive timestamp_ns=1791279332426609835 workflow=ARL_UPDATE run_id=10 node=U1 source=Authority destination=TM
event=receive timestamp_ns=1791279333966440933 workflow=ARL_UPDATE run_id=11 node=U1 source=Authority destination=TM
event=receive timestamp_ns=1791279335498716564 workflow=ARL_UPDATE run_id=12 node=U1 source=Authority destination=TM
event=receive timestamp_ns=1791279337034638812 workflow=ARL_UPDATE run_id=13 node=U1 source=Authority destination=TM
event=receive timestamp_ns=1791279338570655958 workflow=ARL_UPDATE run_id=14 node=U1 source=Authority destination=TM
event=receive timestamp_ns=1791279340106788373 workflow=ARL_UPDATE run_id=15 node=U1 source=Authority destination=TM
event=receive timestamp_ns=1791279341706471902 workflow=ARL_UPDATE run_id=16 node=U1 source=Authority destination=TM
event=receive timestamp_ns=1791279343242583363 workflow=ARL_UPDATE run_id=17 node=U1 source=Authority destination=TM
event=receive timestamp_ns=1791279344778484095 workflow=ARL_UPDATE run_id=18 node=U1 source=Authority destination=TM
event=receive timestamp_ns=1791279346315006004 workflow=ARL_UPDATE run_id=19 node=U1 source=Authority destination=TM
event=receive timestamp_ns=1791279347850478954 workflow=ARL_UPDATE run_id=20 node=U1 source=Authority destination=TM
event=receive timestamp_ns=1791279349386508781 workflow=ARL_UPDATE run_id=21 node=U1 source=Authority destination=TM
event=receive timestamp_ns=1791279350922799621 workflow=ARL_UPDATE run_id=22 node=U1 source=Authority destination=TM
event=receive timestamp_ns=1791279352458676243 workflow=ARL_UPDATE run_id=23 node=U1 source=Authority destination=TM
event=receive timestamp_ns=1791279353998621158 workflow=ARL_UPDATE run_id=24 node=U1 source=Authority destination=TM
event=receive timestamp_ns=1791279355530734721 workflow=ARL_UPDATE run_id=25 node=U1 source=Authority destination=TM
event=receive timestamp_ns=1791279357066625355 workflow=ARL_UPDATE run_id=26 node=U1 source=Authority destination=TM
event=receive timestamp_ns=1791279358602678835 workflow=ARL_UPDATE run_id=27 node=U1 source=Authority destination=TM
event=receive timestamp_ns=1791279360138504049 workflow=ARL_UPDATE run_id=28 node=U1 source=Authority destination=TM
event=receive timestamp_ns=1791279361675138414 workflow=ARL_UPDATE run_id=29 node=U1 source=Authority destination=TM
event=receive timestamp_ns=1791279363210394123 workflow=ARL_UPDATE run_id=30 node=U1 source=Authority destination=TM
event=receive timestamp_ns=1791279364746787724 workflow=ARL_UPDATE run_id=31 node=U1 source=Authority destination=TM
event=receive timestamp_ns=1791279366282549221 workflow=ARL_UPDATE run_id=32 node=U1 source=Authority destination=TM
event=receive timestamp_ns=1791279367850712564 workflow=ARL_UPDATE run_id=33 node=U1 source=Authority destination=TM
event=receive timestamp_ns=1791279369418726517 workflow=ARL_UPDATE run_id=34 node=U1 source=Authority destination=TM
event=receive timestamp_ns=1791279370954689780 workflow=ARL_UPDATE run_id=35 node=U1 source=Authority destination=TM
event=receive timestamp_ns=1791279372490701487 workflow=ARL_UPDATE run_id=36 node=U1 source=Authority destination=TM
event=receive timestamp_ns=1791279374026446135 workflow=ARL_UPDATE run_id=37 node=U1 source=Authority destination=TM
event=receive timestamp_ns=1791279375562389654 workflow=ARL_UPDATE run_id=38 node=U1 source=Authority destination=TM
event=receive timestamp_ns=1791279377098534610 workflow=ARL_UPDATE run_id=39 node=U1 source=Authority destination=TM
event=receive timestamp_ns=1791279378702469802 workflow=ARL_UPDATE run_id=40 node=U1 source=Authority destination=TM
event=receive timestamp_ns=1791279380234546897 workflow=ARL_UPDATE run_id=41 node=U1 source=Authority destination=TM
event=receive timestamp_ns=1791279381770687208 workflow=ARL_UPDATE run_id=42 node=U1 source=Authority destination=TM
event=receive timestamp_ns=1791279383306555099 workflow=ARL_UPDATE run_id=43 node=U1 source=Authority destination=TM
event=receive timestamp_ns=1791279384842408760 workflow=ARL_UPDATE run_id=44 node=U1 source=Authority destination=TM
event=receive timestamp_ns=1791279386378421994 workflow=ARL_UPDATE run_id=45 node=U1 source=Authority destination=TM
event=receive timestamp_ns=1791279387914420365 workflow=ARL_UPDATE run_id=46 node=U1 source=Authority destination=TM
event=receive timestamp_ns=1791279389450472321 workflow=ARL_UPDATE run_id=47 node=U1 source=Authority destination=TM
event=receive timestamp_ns=1791279390986473834 workflow=ARL_UPDATE run_id=48 node=U1 source=Authority destination=TM
event=receive timestamp_ns=1791279392522436951 workflow=ARL_UPDATE run_id=49 node=U1 source=Authority destination=TM
event=receive timestamp_ns=1791279394122390745 workflow=ARL_UPDATE run_id=50 node=U1 source=Authority destination=TM
event=receive timestamp_ns=1791279395658393436 workflow=ARL_UPDATE run_id=51 node=U1 source=Authority destination=TM
event=receive timestamp_ns=1791279397194637211 workflow=ARL_UPDATE run_id=52 node=U1 source=Authority destination=TM
event=receive timestamp_ns=1791279398730668492 workflow=ARL_UPDATE run_id=53 node=U1 source=Authority destination=TM
event=receive timestamp_ns=1791279400334688250 workflow=ARL_UPDATE run_id=54 node=U1 source=Authority destination=TM
event=receive timestamp_ns=1791279401866905613 workflow=ARL_UPDATE run_id=55 node=U1 source=Authority destination=TM
event=receive timestamp_ns=1791279403466946883 workflow=ARL_UPDATE run_id=56 node=U1 source=Authority destination=TM
event=receive timestamp_ns=1791279405002754500 workflow=ARL_UPDATE run_id=57 node=U1 source=Authority destination=TM
event=receive timestamp_ns=1791279406538509055 workflow=ARL_UPDATE run_id=58 node=U1 source=Authority destination=TM
event=receive timestamp_ns=1791279408078642986 workflow=ARL_UPDATE run_id=59 node=U1 source=Authority destination=TM
event=receive timestamp_ns=1791279409610517002 workflow=ARL_UPDATE run_id=60 node=U1 source=Authority destination=TM
event=receive timestamp_ns=1791279411146869992 workflow=ARL_UPDATE run_id=61 node=U1 source=Authority destination=TM
event=receive timestamp_ns=1791279412682821777 workflow=ARL_UPDATE run_id=62 node=U1 source=Authority destination=TM
event=receive timestamp_ns=1791279414218685038 workflow=ARL_UPDATE run_id=63 node=U1 source=Authority destination=TM
event=receive timestamp_ns=1791279415819080250 workflow=ARL_UPDATE run_id=64 node=U1 source=Authority destination=TM
event=receive timestamp_ns=1791279417386996486 workflow=ARL_UPDATE run_id=65 node=U1 source=Authority destination=TM
event=receive timestamp_ns=1791279418923098137 workflow=ARL_UPDATE run_id=66 node=U1 source=Authority destination=TM
event=receive timestamp_ns=1791279420458983883 workflow=ARL_UPDATE run_id=67 node=U1 source=Authority destination=TM
event=receive timestamp_ns=1791279421994610493 workflow=ARL_UPDATE run_id=68 node=U1 source=Authority destination=TM
event=receive timestamp_ns=1791279423530461477 workflow=ARL_UPDATE run_id=69 node=U1 source=Authority destination=TM
event=receive timestamp_ns=1791279425067016635 workflow=ARL_UPDATE run_id=70 node=U1 source=Authority destination=TM
event=receive timestamp_ns=1791279427819162416 workflow=KEY_REQUEST run_id=bench_h4_key_w1 node=U1 source=TM4 destination=TM
event=receive timestamp_ns=1791279431818839266 workflow=KEY_REQUEST run_id=bench_h4_key_w2 node=U1 source=TM4 destination=TM
event=receive timestamp_ns=1791279436810719585 workflow=KEY_REQUEST run_id=bench_h4_key_w3 node=U1 source=TM4 destination=TM
event=receive timestamp_ns=1791279440298612717 workflow=KEY_REQUEST run_id=bench_h4_key_w4 node=U1 source=TM4 destination=TM
event=receive timestamp_ns=1791279444362708845 workflow=KEY_REQUEST run_id=bench_h4_key_w5 node=U1 source=TM4 destination=TM
event=receive timestamp_ns=1791279448362660045 workflow=KEY_REQUEST run_id=bench_h4_key_001 node=U1 source=TM4 destination=TM
event=receive timestamp_ns=1791279451723143143 workflow=KEY_REQUEST run_id=bench_h4_key_002 node=U1 source=TM4 destination=TM
event=receive timestamp_ns=1791279455115065921 workflow=KEY_REQUEST run_id=bench_h4_key_003 node=U1 source=TM4 destination=TM
event=receive timestamp_ns=1791279460842856045 workflow=KEY_REQUEST run_id=bench_h4_key_004 node=U1 source=TM4 destination=TM
event=receive timestamp_ns=1791279463082676215 workflow=KEY_REQUEST run_id=bench_h4_key_005 node=U1 source=TM4 destination=TM
event=receive timestamp_ns=1791279467594994804 workflow=KEY_REQUEST run_id=bench_h4_key_006 node=U1 source=TM4 destination=TM
event=receive timestamp_ns=1791279470954566694 workflow=KEY_REQUEST run_id=bench_h4_key_007 node=U1 source=TM4 destination=TM
event=receive timestamp_ns=1791279475306624209 workflow=KEY_REQUEST run_id=bench_h4_key_008 node=U1 source=TM4 destination=TM
event=receive timestamp_ns=1791279480010675288 workflow=KEY_REQUEST run_id=bench_h4_key_009 node=U1 source=TM4 destination=TM
event=receive timestamp_ns=1791279483370721603 workflow=KEY_REQUEST run_id=bench_h4_key_010 node=U1 source=TM4 destination=TM
event=receive timestamp_ns=1791279486762884079 workflow=KEY_REQUEST run_id=bench_h4_key_011 node=U1 source=TM4 destination=TM
event=receive timestamp_ns=1791279490954750994 workflow=KEY_REQUEST run_id=bench_h4_key_012 node=U1 source=TM4 destination=TM
event=receive timestamp_ns=1791279493674636347 workflow=KEY_REQUEST run_id=bench_h4_key_013 node=U1 source=TM4 destination=TM
event=receive timestamp_ns=1791279497034624187 workflow=KEY_REQUEST run_id=bench_h4_key_014 node=U1 source=TM4 destination=TM
event=receive timestamp_ns=1791279500394953990 workflow=KEY_REQUEST run_id=bench_h4_key_015 node=U1 source=TM4 destination=TM
event=receive timestamp_ns=1791279504586737977 workflow=KEY_REQUEST run_id=bench_h4_key_016 node=U1 source=TM4 destination=TM
event=receive timestamp_ns=1791279507338626615 workflow=KEY_REQUEST run_id=bench_h4_key_017 node=U1 source=TM4 destination=TM
event=receive timestamp_ns=1791279511502621395 workflow=KEY_REQUEST run_id=bench_h4_key_018 node=U1 source=TM4 destination=TM
event=receive timestamp_ns=1791279515306534651 workflow=KEY_REQUEST run_id=bench_h4_key_019 node=U1 source=TM4 destination=TM
event=receive timestamp_ns=1791279519274686549 workflow=KEY_REQUEST run_id=bench_h4_key_020 node=U1 source=TM4 destination=TM
event=receive timestamp_ns=1791279524298727732 workflow=KEY_REQUEST run_id=bench_h4_key_021 node=U1 source=TM4 destination=TM
event=receive timestamp_ns=1791279527786894406 workflow=KEY_REQUEST run_id=bench_h4_key_022 node=U1 source=TM4 destination=TM
event=receive timestamp_ns=1791279531306615789 workflow=KEY_REQUEST run_id=bench_h4_key_023 node=U1 source=TM4 destination=TM
event=receive timestamp_ns=1791279534794564290 workflow=KEY_REQUEST run_id=bench_h4_key_024 node=U1 source=TM4 destination=TM
event=receive timestamp_ns=1791279540302415677 workflow=KEY_REQUEST run_id=bench_h4_key_025 node=U1 source=TM4 destination=TM
event=receive timestamp_ns=1791279543787211290 workflow=KEY_REQUEST run_id=bench_h4_key_026 node=U1 source=TM4 destination=TM
event=receive timestamp_ns=1791279547914686063 workflow=KEY_REQUEST run_id=bench_h4_key_027 node=U1 source=TM4 destination=TM
event=receive timestamp_ns=1791279550666739476 workflow=KEY_REQUEST run_id=bench_h4_key_028 node=U1 source=TM4 destination=TM
event=receive timestamp_ns=1791279554154871180 workflow=KEY_REQUEST run_id=bench_h4_key_029 node=U1 source=TM4 destination=TM
event=receive timestamp_ns=1791279558314789757 workflow=KEY_REQUEST run_id=bench_h4_key_030 node=U1 source=TM4 destination=TM
