event=receive timestamp_ns=1791279259082730234 workflow=KEY_REQUEST run_id=bench_h4_setup node=U2 source=TM4 destination=TM
event=receive timestamp_ns=1791279263242522244 workflow=CT_SHARE run_id=1 node=U2 source=TM4 destination=TM
event=receive timestamp_ns=1791279264810630045 workflow=CT_SHARE run_id=2 node=U2 source=TM4 destination=TM
event=receive timestamp_ns=1791279266378575314 workflow=CT_SHARE run_id=3 node=U2 source=TM4 destination=TM
event=receive timestamp_ns=1791279267947147789 workflow=CT_SHARE run_id=4 node=U2 source=TM4 destination=TM
event=receive timestamp_ns=1791279269518439982 workflow=CT_SHARE run_id=5 node=U2 source=TM4 destination=TM
event=receive timestamp_ns=1791279271082905157 workflow=CT_SHARE run_id=6 node=U2 source=TM4 destination=TM
event=receive timestamp_ns=1791279272650846150 workflow=CT_SHARE run_id=7 node=U2 source=TM4 destination=TM
event=receive timestamp_ns=1791279274218816133 workflow=CT_SHARE run_id=8 node=U2 source=TM4 destination=TM
event=receive timestamp_ns=1791279275787055480 workflow=CT_SHARE run_id=9 node=U2 source=TM4 destination=TM
event=receive timestamp_ns=1791279277354719485 workflow=CT_SHARE run_id=10 node=U2 source=TM4 destination=TM
event=receive timestamp_ns=1791279278922585115 workflow=CT_SHARE run_id=11 node=U2 source=TM4 destination=TM
event=receive timestamp_ns=1791279280490651774 workflow=CT_SHARE run_id=12 node=U2 source=TM4 destination=TM
event=receive timestamp_ns=1791279282062478329 workflow=CT_SHARE run_id=13 node=U2 source=TM4 destination=TM
event=receive timestamp_ns=1791279283562909865 workflow=CT_SHARE run_id=14 node=U2 source=TM4 destination=TM
event=receive timestamp_ns=1791279285162571358 workflow=CT_SHARE run_id=15 node=U2 source=TM4 destination=TM
event=receive timestamp_ns=1791279286698603160 workflow=CT_SHARE run_id=16 node=U2 source=TM4 destination=TM
event=receive timestamp_ns=1791279288330685568 workflow=CT_SHARE run_id=17 node=U2 source=TM4 destination=TM
event=receive timestamp_ns=1791279289898692270 workflow=CT_SHARE run_id=18 node=U2 source=TM4 destination=TM
event=receive timestamp_ns=1791279291466677536 workflow=CT_SHARE run_id=19 node=U2 source=TM4 destination=TM
event=receive timestamp_ns=1791279293066734200 workflow=CT_SHARE run_id=20 node=U2 source=TM4 destination=TM
event=receive timestamp_ns=1791279294634746195 workflow=CT_SHARE run_id=21 node=U2 source=TM4 destination=TM
event=receive timestamp_ns=1791279296234673201 workflow=CT_SHARE run_id=22 node=U2 source=TM4 destination=TM
event=receive timestamp_ns=1791279297770648564 workflow=CT_SHARE run_id=23 node=U2 source=TM4 destination=TM
event=receive timestamp_ns=1791279299370944133 workflow=CT_SHARE run_id=24 node=U2 source=TM4 destination=TM
event=receive timestamp_ns=1791279300938491610 workflow=CT_SHARE run_id=25 node=U2 source=TM4 destination=TM
event=receive timestamp_ns=1791279302506920943 workflow=CT_SHARE run_id=26 node=U2 source=TM4 destination=TM
event=receive timestamp_ns=1791279304107047313 workflow=CT_SHARE run_id=27 node=U2 source=TM4 destination=TM
event=receive timestamp_ns=1791279305706763103 workflow=CT_SHARE run_id=28 node=U2 source=TM4 destination=TM
event=receive timestamp_ns=1791279307242786576 workflow=CT_SHARE run_id=29 node=U2 source=TM4 destination=TM
event=receive timestamp_ns=1791279308842466391 workflow=CT_SHARE run_id=30 node=U2 source=TM4 destination=TM
event=receive timestamp_ns=1791279310410825334 workflow=CT_SHARE run_id=31 node=U2 source=TM4 destination=TM
event=receive timestamp_ns=1791279311946531634 workflow=CT_SHARE run_id=32 node=U2 source=TM4 destination=TM
event=receive timestamp_ns=1791279313514760466 workflow=CT_SHARE run_id=33 node=U2 source=TM4 destination=TM
event=receive timestamp_ns=1791279315082550911 workflow=CT_SHARE run_id=34 node=U2 source=TM4 destination=TM
event=receive timestamp_ns=1791279316650701616 workflow=CT_SHARE run_id=35 node=U2 source=TM4 destination=TM
event=receive timestamp_ns=1791279318186797084 workflow=ARL_UPDATE run_id=1 node=U2 source=Authority destination=TM
event=receive timestamp_ns=1791279319722732679 workflow=ARL_UPDATE run_id=2 node=U2 source=Authority destination=TM
event=receive timestamp_ns=1791279321258560234 workflow=ARL_UPDATE run_id=3 node=U2 source=Authority destination=TM
event=receive timestamp_ns=1791279322798712240 workflow=ARL_UPDATE run_id=4 node=U2 source=Authority destination=TM
event=receive timestamp_ns=1791279324330471195 workflow=ARL_UPDATE run_id=5 node=U2 source=Authority destination=TM
event=receive timestamp_ns=1791279325866794253 workflow=ARL_UPDATE run_id=6 node=U2 source=Authority destination=TM
event=receive timestamp_ns=1791279327402693320 workflow=ARL_UPDATE run_id=7 node=U2 source=Authority destination=TM
event=receive timestamp_ns=1791279328938489486 workflow=ARL_UPDATE run_id=8 node=U2 source=Authority destination=TM
event=receive timestamp_ns=1791279330474612709 workflow=ARL_UPDATE run_id=9 node=U2 source=Authority destination=TM
event=receive timestamp_ns=1791279332010916562 workflow=ARL_UPDATE run_id=10 node=U2 source=Authority destination=TM
event=receive timestamp_ns=1791279333546645411 workflow=ARL_UPDATE run_id=11 node=U2 source=Authority destination=TM
event=receive timestamp_ns=1791279335086355338 workflow=ARL_UPDATE run_id=12 node=U2 source=Authority destination=TM
event=receive timestamp_ns=1791279336618593677 workflow=ARL_UPDATE run_id=13 node=U2 source=Authority destination=TM
event=receive timestamp_ns=1791279338154563470 workflow=ARL_UPDATE run_id=14 node=U2 source=Authority destination=TM
event=receive timestamp_ns=1791279339694420150 workflow=ARL_UPDATE run_id=15 node=U2 source=Authority destination=TM
event=receive timestamp_ns=1791279341290576609 workflow=ARL_UPDATE run_id=16 node=U2 source=Authority destination=TM
event=receive timestamp_ns=1791279342826588531 workflow=ARL_UPDATE run_id=17 node=U2 source=Authority destination=TM
event=receive timestamp_ns=1791279344362436569 workflow=ARL_UPDATE run_id=18 node=U2 source=Authority destination=TM
event=receive timestamp_ns=1791279345899133812 workflow=ARL_UPDATE run_id=19 node=U2 source=Authority destination=TM
event=receive timestamp_ns=1791279347434432626 workflow=ARL_UPDATE run_id=20 node=U2 source=Authority destination=TM
event=receive timestamp_ns=1791279348970791499 workflow=ARL_UPDATE run_id=21 node=U2 source=Authority destination=TM
event=receive timestamp_ns=1791279350506548806 workflow=ARL_UPDATE run_id=22 node=U2 source=Authority destination=TM
event=receive timestamp_ns=1791279352042789338 workflow=ARL_UPDATE run_id=23 node=U2 source=Authority destination=TM
event=receive timestamp_ns=1791279353578724031 workflow=ARL_UPDATE run_id=24 node=U2 source=Authority destination=TM
event=receive timestamp_ns=1791279355114635939 workflow=ARL_UPDATE run_id=25 node=U2 source=Authority destination=TM
event=receive timestamp_ns=1791279356650620004 workflow=ARL_UPDATE run_id=26 node=U2 source=Authority destination=TM
event=receive timestamp_ns=1791279358186612791 workflow=ARL_UPDATE run_id=27 node=U2 source=Authority destination=TM
event=receive timestamp_ns=1791279359722755412 workflow=ARL_UPDATE run_id=28 node=U2 source=Authority destination=TM
event=receive timestamp_ns=1791279361258635793 workflow=ARL_UPDATE run_id=29 node=U2 source=Authority destination=TM
event=receive timestamp_ns=1791279362794413521 workflow=ARL_UPDATE run_id=30 node=U2 source=Authority destination=TM
event=receive timestamp_ns=1791279364330538408 workflow=ARL_UPDATE run_id=31 node=U2 source=Authority destination=TM
event=receive timestamp_ns=1791279365866611377 workflow=ARL_UPDATE run_id=32 node=U2 source=Authority destination=TM
event=receive timestamp_ns=1791279367434734128 workflow=ARL_UPDATE run_id=33 node=U2 source=Authority destination=TM
event=receive timestamp_ns=1791279369038579487 workflow=ARL_UPDATE run_id=34 node=U2 source=Authority destination=TM
event=receive timestamp_ns=1791279370538847902 workflow=ARL_UPDATE run_id=35 node=U2 source=Authority destination=TM
event=receive timestamp_ns=1791279372074587606 workflow=ARL_UPDATE run_id=36 node=U2 source=Authority destination=TM
event=receive timestamp_ns=1791279373610428708 workflow=ARL_UPDATE run_id=37 node=U2 source=Authority destination=TM
event=receive timestamp_ns=1791279375146536097 workflow=ARL_UPDATE run_id=38 node=U2 source=Authority destination=TM
event=receive timestamp_ns=1791279376682437949 workflow=ARL_UPDATE run_id=39 node=U2 source=Authority destination=TM
event=receive timestamp_ns=1791279378282542866 workflow=ARL_UPDATE run_id=40 node=U2 source=Authority destination=TM
event=receive timestamp_ns=1791279379818689332 workflow=ARL_UPDATE run_id=41 node=U2 source=Authority destination=TM
event=receive timestamp_ns=1791279381354426162 workflow=ARL_UPDATE run_id=42 node=U2 source=Authority destination=TM
event=receive timestamp_ns=1791279382890585789 workflow=ARL_UPDATE run_id=43 node=U2 source=Authority destination=TM
event=receive timestamp_ns=1791279384426428183 workflow=ARL_UPDATE run_id=44 node=U2 source=Authority destination=TM
event=receive timestamp_ns=1791279385962396843 workflow=ARL_UPDATE run_id=45 node=U2 source=Authority destination=TM
event=receive timestamp_ns=1791279387498612603 workflow=ARL_UPDATE run_id=46 node=U2 source=Authority destination=TM
event=receive timestamp_ns=1791279389034413902 workflow=ARL_UPDATE run_id=47 node=U2 source=Authority destination=TM
event=receive timestamp_ns=1791279390570642812 workflow=ARL_UPDATE run_id=48 node=U2 source=Authority destination=TM
event=receive timestamp_ns=1791279392106385318 workflow=ARL_UPDATE run_id=49 node=U2 source=Authority destination=TM
event=receive timestamp_ns=1791279393706423765 workflow=ARL_UPDATE run_id=50 node=U2 source=Authority destination=TM
event=receive timestamp_ns=1791279395242399433 workflow=ARL_UPDATE run_id=51 node=U2 source=Authority destination=TM
event=receive timestamp_ns=1791279396778446305 workflow=ARL_UPDATE run_id=52 node=U2 source=Authority destination=TM
event=receive timestamp_ns=1791279398314563531 workflow=ARL_UPDATE run_id=53 node=U2 source=Authority destination=TM
event=receive timestamp_ns=1791279399914588550 workflow=ARL_UPDATE run_id=54 node=U2 source=Authority destination=TM
event=receive timestamp_ns=1791279401450721262 workflow=ARL_UPDATE run_id=55 node=U2 source=Authority destination=TM
event=receive timestamp_ns=1791279403050475078 workflow=ARL_UPDATE run_id=56 node=U2 source=Authority destination=TM
event=receive timestamp_ns=1791279404586510667 workflow=ARL_UPDATE run_id=57 node=U2 source=Authority destination=TM
event=receive timestamp_ns=1791279406126386200 workflow=ARL_UPDATE run_id=58 node=U2 source=Authority destination=TM
event=receive timestamp_ns=1791279407659108877 workflow=ARL_UPDATE run_id=59 node=U2 source=Authority destination=TM
event=receive timestamp_ns=1791279409198684071 workflow=ARL_UPDATE run_id=60 node=U2 source=Authority destination=TM
event=receive timestamp_ns=1791279410730975161 workflow=ARL_UPDATE run_id=61 node=U2 source=Authority destination=TM
event=receive timestamp_ns=1791279412266528330 workflow=ARL_UPDATE run_id=62 node=U2 source=Authority destination=TM
event=receive timestamp_ns=1791279413803051404 workflow=ARL_UPDATE run_id=63 node=U2 source=Authority destination=TM
event=receive timestamp_ns=1791279415402713143 workflow=ARL_UPDATE run_id=64 node=U2 source=Authority destination=TM
event=receive timestamp_ns=1791279416974790134 workflow=ARL_UPDATE run_id=65 node=U2 source=Authority destination=TM
event=receive timestamp_ns=1791279418506595012 workflow=ARL_UPDATE run_id=66 node=U2 source=Authority destination=TM
event=receive timestamp_ns=1791279420042411787 workflow=ARL_UPDATE run_id=67 node=U2 source=Authority destination=TM
event=receive timestamp_ns=1791279421578677881 workflow=ARL_UPDATE run_id=68 node=U2 source=Authority destination=TM
event=receive timestamp_ns=1791279423114370612 workflow=ARL_UPDATE run_id=69 node=U2 source=Authority destination=TM
event=receive timestamp_ns=1791279424650514262 workflow=ARL_UPDATE run_id=70 node=U2 source=Authority destination=TM
event=receive timestamp_ns=1791279428618992917 workflow=KEY_REQUEST run_id=bench_h4_key_w1 node=U2 source=TM4 destination=TM
event=receive timestamp_ns=1791279432234673365 workflow=KEY_REQUEST run_id=bench_h4_key_w2 node=U2 source=TM4 destination=TM
event=receive timestamp_ns=1791279436202504136 workflow=KEY_REQUEST run_id=bench_h4_key_w3 node=U2 source=TM4 destination=TM
event=receive timestamp_ns=1791279440202671329 workflow=KEY_REQUEST run_id=bench_h4_key_w4 node=U2 source=TM4 destination=TM
event=receive timestamp_ns=1791279444458749248 workflow=KEY_REQUEST run_id=bench_h4_key_w5 node=U2 source=TM4 destination=TM
event=receive timestamp_ns=1791279447018390709 workflow=KEY_REQUEST run_id=bench_h4_key_001 node=U2 source=TM4 destination=TM
event=receive timestamp_ns=1791279451562651576 workflow=KEY_REQUEST run_id=bench_h4_key_002 node=U2 source=TM4 destination=TM
event=receive timestamp_ns=1791279454507025386 workflow=KEY_REQUEST run_id=bench_h4_key_003 node=U2 source=TM4 destination=TM
event=receive timestamp_ns=1791279460938911197 workflow=KEY_REQUEST run_id=bench_h4_key_004 node=U2 source=TM4 destination=TM
event=receive timestamp_ns=1791279462378428402 workflow=KEY_REQUEST run_id=bench_h4_key_005 node=U2 source=TM4 destination=TM
event=receive timestamp_ns=1791279466254634227 workflow=KEY_REQUEST run_id=bench_h4_key_006 node=U2 source=TM4 destination=TM
event=receive timestamp_ns=1791279470762962265 workflow=KEY_REQUEST run_id=bench_h4_key_007 node=U2 source=TM4 destination=TM
event=receive timestamp_ns=1791279475210693606 workflow=KEY_REQUEST run_id=bench_h4_key_008 node=U2 source=TM4 destination=TM
event=receive timestamp_ns=1791279480106663742 workflow=KEY_REQUEST run_id=bench_h4_key_009 node=U2 source=TM4 destination=TM
event=receive timestamp_ns=1791279482666848318 workflow=KEY_REQUEST run_id=bench_h4_key_010 node=U2 source=TM4 destination=TM
event=receive timestamp_ns=1791279486666911488 workflow=KEY_REQUEST run_id=bench_h4_key_011 node=U2 source=TM4 destination=TM
event=receive timestamp_ns=1791279490126910473 workflow=KEY_REQUEST run_id=bench_h4_key_012 node=U2 source=TM4 destination=TM
event=receive timestamp_ns=1791279493579155212 workflow=KEY_REQUEST run_id=bench_h4_key_013 node=U2 source=TM4 destination=TM
event=receive timestamp_ns=1791279496938982625 workflow=KEY_REQUEST run_id=bench_h4_key_014 node=U2 source=TM4 destination=TM
event=receive timestamp_ns=1791279501194762985 workflow=KEY_REQUEST run_id=bench_h4_key_015 node=U2 source=TM4 destination=TM
event=receive timestamp_ns=1791279503755063915 workflow=KEY_REQUEST run_id=bench_h4_key_016 node=U2 source=TM4 destination=TM
event=receive timestamp_ns=1791279508110736254 workflow=KEY_REQUEST run_id=bench_h4_key_017 node=U2 source=TM4 destination=TM
event=receive timestamp_ns=1791279510698487826 workflow=KEY_REQUEST run_id=bench_h4_key_018 node=U2 source=TM4 destination=TM
event=receive timestamp_ns=1791279514698637766 workflow=KEY_REQUEST run_id=bench_h4_key_019 node=U2 source=TM4 destination=TM
event=receive timestamp_ns=1791279519722848280 workflow=KEY_REQUEST run_id=bench_h4_key_020 node=U2 source=TM4 destination=TM
event=receive timestamp_ns=1791279523690819970 workflow=KEY_REQUEST run_id=bench_h4_key_021 node=U2 source=TM4 destination=TM
event=receive timestamp_ns=1791279527691102373 workflow=KEY_REQUEST run_id=bench_h4_key_022 node=U2 source=TM4 destination=TM
event=receive timestamp_ns=1791279530666900506 workflow=KEY_REQUEST run_id=bench_h4_key_023 node=U2 source=TM4 destination=TM
event=receive timestamp_ns=1791279534670773577 workflow=KEY_REQUEST run_id=bench_h4_key_024 node=U2 source=TM4 destination=TM
event=receive timestamp_ns=1791279539694667592 workflow=KEY_REQUEST run_id=bench_h4_key_025 node=U2 source=TM4 destination=TM
event=receive timestamp_ns=1791279543690937759 workflow=KEY_REQUEST run_id=bench_h4_key_026 node=U2 source=TM4 destination=TM
event=receive timestamp_ns=1791279547082727493 workflow=KEY_REQUEST run_id=bench_h4_key_027 node=U2 source=TM4 destination=TM
event=receive timestamp_ns=1791279551498703372 workflow=KEY_REQUEST run_id=bench_h4_key_028 node=U2 source=TM4 destination=TM
event=receive timestamp_ns=1791279554058812278 workflow=KEY_REQUEST run_id=bench_h4_key_029 node=U2 source=TM4 destination=TM
event=receive timestamp_ns=1791279558923118157 workflow=KEY_REQUEST run_id=bench_h4_key_030 node=U2 source=TM4 destination=TM
