event=receive timestamp_ns=1791279258990715194 workflow=KEY_REQUEST run_id=bench_h4_setup node=U3 source=TM4 destination=TM
event=receive timestamp_ns=1791279263146599920 workflow=CT_SHARE run_id=1 node=U3 source=TM4 destination=TM
event=receive timestamp_ns=1791279264714639139 workflow=CT_SHARE run_id=2 node=U3 source=TM4 destination=TM
event=receive timestamp_ns=1791279266282711093 workflow=CT_SHARE run_id=3 node=U3 source=TM4 destination=TM
event=receive timestamp_ns=1791279267850911602 workflow=CT_SHARE run_id=4 node=U3 source=TM4 destination=TM
event=receive timestamp_ns=1791279269418888089 workflow=CT_SHARE run_id=5 node=U3 source=TM4 destination=TM
event=receive timestamp_ns=1791279270986602218 workflow=CT_SHARE run_id=6 node=U3 source=TM4 destination=TM
event=receive timestamp_ns=1791279272554781684 workflow=CT_SHARE run_id=7 node=U3 source=TM4 destination=TM
event=receive timestamp_ns=1791279274126676645 workflow=CT_SHARE run_id=8 node=U3 source=TM4 destination=TM
event=receive timestamp_ns=1791279275690900885 workflow=CT_SHARE run_id=9 node=U3 source=TM4 destination=TM
event=receive timestamp_ns=1791279277258429325 workflow=CT_SHARE run_id=10 node=U3 source=TM4 destination=TM
event=receive timestamp_ns=1791279278826763106 workflow=CT_SHARE run_id=11 node=U3 source=TM4 destination=TM
event=receive timestamp_ns=1791279280394463278 workflow=CT_SHARE run_id=12 node=U3 source=TM4 destination=TM
event=receive timestamp_ns=1791279281962514220 workflow=CT_SHARE run_id=13 node=U3 source=TM4 destination=TM
event=receive timestamp_ns=1791279283466517391 workflow=CT_SHARE run_id=14 node=U3 source=TM4 destination=TM
event=receive timestamp_ns=1791279285066998288 workflow=CT_SHARE run_id=15 node=U3 source=TM4 destination=TM
event=receive timestamp_ns=1791279286635125276 workflow=CT_SHARE run_id=16 node=U3 source=TM4 destination=TM
event=receive timestamp_ns=1791279288234414429 workflow=CT_SHARE run_id=17 node=U3 source=TM4 destination=TM
event=receive timestamp_ns=1791279289802746624 workflow=CT_SHARE run_id=18 node=U3 source=TM4 destination=TM
event=receive timestamp_ns=1791279291370635612 workflow=CT_SHARE run_id=19 node=U3 source=TM4 destination=TM
event=receive timestamp_ns=1791279292970728777 workflow=CT_SHARE run_id=20 node=U3 source=TM4 destination=TM
event=receive timestamp_ns=1791279294538634933 workflow=CT_SHARE run_id=21 node=U3 source=TM4 destination=TM
event=receive timestamp_ns=1791279296138798911 workflow=CT_SHARE run_id=22 node=U3 source=TM4 destination=TM
event=receive timestamp_ns=1791279297706905290 workflow=CT_SHARE run_id=23 node=U3 source=TM4 destination=TM
event=receive timestamp_ns=1791279299275100697 workflow=CT_SHARE run_id=24 node=U3 source=TM4 destination=TM
event=receive timestamp_ns=1791279300842515536 workflow=CT_SHARE run_id=25 node=U3 source=TM4 destination=TM
event=receive timestamp_ns=1791279302411061416 workflow=CT_SHARE run_id=26 node=U3 source=TM4 destination=TM
event=receive timestamp_ns=1791279304011060401 workflow=CT_SHARE run_id=27 node=U3 source=TM4 destination=TM
event=receive timestamp_ns=1791279305610388789 workflow=CT_SHARE run_id=28 node=U3 source=TM4 destination=TM
event=receive timestamp_ns=1791279307178905587 workflow=CT_SHARE run_id=29 node=U3 source=TM4 destination=TM
event=receive timestamp_ns=1791279308746545871 workflow=CT_SHARE run_id=30 node=U3 source=TM4 destination=TM
event=receive timestamp_ns=1791279310282639738 workflow=CT_SHARE run_id=31 node=U3 source=TM4 destination=TM
event=receive timestamp_ns=1791279311851058221 workflow=CT_SHARE run_id=32 node=U3 source=TM4 destination=TM
event=receive timestamp_ns=1791279313418749509 workflow=CT_SHARE run_id=33 node=U3 source=TM4 destination=TM
event=receive timestamp_ns=1791279314986912068 workflow=CT_SHARE run_id=34 node=U3 source=TM4 destination=TM
event=receive timestamp_ns=1791279316555022209 workflow=CT_SHARE run_id=35 node=U3 source=TM4 destination=TM
event=receive timestamp_ns=1791279318827066918 workflow=ARL_UPDATE run_id=1 node=U3 source=Authority destination=TM
event=receive timestamp_ns=1791279320330749038 workflow=ARL_UPDATE run_id=2 node=U3 source=Authority destination=TM
event=receive timestamp_ns=1791279321866475360 workflow=ARL_UPDATE run_id=3 node=U3 source=Authority destination=TM
event=receive timestamp_ns=1791279323402659449 workflow=ARL_UPDATE run_id=4 node=U3 source=Authority destination=TM
event=receive timestamp_ns=1791279324938774074 workflow=ARL_UPDATE run_id=5 node=U3 source=Authority destination=TM
event=receive timestamp_ns=1791279326474962564 workflow=ARL_UPDATE run_id=6 node=U3 source=Authority destination=TM
event=receive timestamp_ns=1791279328010610850 workflow=ARL_UPDATE run_id=7 node=U3 source=Authority destination=TM
event=receive timestamp_ns=1791279329546691405 workflow=ARL_UPDATE run_id=8 node=U3 source=Authority destination=TM
event=receive timestamp_ns=1791279331083231624 workflow=ARL_UPDATE run_id=9 node=U3 source=Authority destination=TM
event=receive timestamp_ns=1791279332618526332 workflow=ARL_UPDATE run_id=10 node=U3 source=Authority destination=TM
event=receive timestamp_ns=1791279334154551386 workflow=ARL_UPDATE run_id=11 node=U3 source=Authority destination=TM
event=receive timestamp_ns=1791279335690855911 workflow=ARL_UPDATE run_id=12 node=U3 source=Authority destination=TM
event=receive timestamp_ns=1791279337226761199 workflow=ARL_UPDATE run_id=13 node=U3 source=Authority destination=TM
event=receive timestamp_ns=1791279338762744061 workflow=ARL_UPDATE run_id=14 node=U3 source=Authority destination=TM
event=receive timestamp_ns=1791279340298924805 workflow=ARL_UPDATE run_id=15 node=U3 source=Authority destination=TM
event=receive timestamp_ns=1791279341898477780 workflow=ARL_UPDATE run_id=16 node=U3 source=Authority destination=TM
event=receive timestamp_ns=1791279343434581966 workflow=ARL_UPDATE run_id=17 node=U3 source=Authority destination=TM
event=receive timestamp_ns=1791279344970589077 workflow=ARL_UPDATE run_id=18 node=U3 source=Authority destination=TM
event=receive timestamp_ns=1791279346506705392 workflow=ARL_UPDATE run_id=19 node=U3 source=Authority destination=TM
event=receive timestamp_ns=1791279348042925573 workflow=ARL_UPDATE run_id=20 node=U3 source=Authority destination=TM
event=receive timestamp_ns=1791279349578639370 workflow=ARL_UPDATE run_id=21 node=U3 source=Authority destination=TM
event=receive timestamp_ns=1791279351114581900 workflow=ARL_UPDATE run_id=22 node=U3 source=Authority destination=TM
event=receive timestamp_ns=1791279352650556655 workflow=ARL_UPDATE run_id=23 node=U3 source=Authority destination=TM
event=receive timestamp_ns=1791279354186846344 workflow=ARL_UPDATE run_id=24 node=U3 source=Authority destination=TM
event=receive timestamp_ns=1791279355722463603 workflow=ARL_UPDATE run_id=25 node=U3 source=Authority destination=TM
event=receive timestamp_ns=1791279357258478469 workflow=ARL_UPDATE run_id=26 node=U3 source=Authority destination=TM
event=receive timestamp_ns=1791279358794540915 workflow=ARL_UPDATE run_id=27 node=U3 source=Authority destination=TM
event=receive timestamp_ns=1791279360330751864 workflow=ARL_UPDATE run_id=28 node=U3 source=Authority destination=TM
event=receive timestamp_ns=1791279361870647194 workflow=ARL_UPDATE run_id=29 node=U3 source=Authority destination=TM
event=receive timestamp_ns=1791279363402842803 workflow=ARL_UPDATE run_id=30 node=U3 source=Authority destination=TM
event=receive timestamp_ns=1791279364938551618 workflow=ARL_UPDATE run_id=31 node=U3 source=Authority destination=TM
event=receive timestamp_ns=1791279366478456879 workflow=ARL_UPDATE run_id=32 node=U3 source=Authority destination=TM
event=receive timestamp_ns=1791279368043141901 workflow=ARL_UPDATE run_id=33 node=U3 source=Authority destination=TM
event=receive timestamp_ns=1791279369642695679 workflow=ARL_UPDATE run_id=34 node=U3 source=Authority destination=TM
event=receive timestamp_ns=1791279371146682375 workflow=ARL_UPDATE run_id=35 node=U3 source=Authority destination=TM
event=receive timestamp_ns=1791279372682579918 workflow=ARL_UPDATE run_id=36 node=U3 source=Authority destination=TM
event=receive timestamp_ns=1791279374218458812 workflow=ARL_UPDATE run_id=37 node=U3 source=Authority destination=TM
event=receive timestamp_ns=1791279375754649011 workflow=ARL_UPDATE run_id=38 node=U3 source=Authority destination=TM
event=receive timestamp_ns=1791279377290635129 workflow=ARL_UPDATE run_id=39 node=U3 source=Authority destination=TM
event=receive timestamp_ns=1791279378890571284 workflow=ARL_UPDATE run_id=40 node=U3 source=Authority destination=TM
event=receive timestamp_ns=1791279380426775777 workflow=ARL_UPDATE run_id=41 node=U3 source=Authority destination=TM
event=receive timestamp_ns=1791279381962597355 workflow=ARL_UPDATE run_id=42 node=U3 source=Authority destination=TM
event=receive timestamp_ns=1791279383498531564 workflow=ARL_UPDATE run_id=43 node=U3 source=Authority destination=TM
event=receive timestamp_ns=1791279385034434274 workflow=ARL_UPDATE run_id=44 node=U3 source=Authority destination=TM
event=receive timestamp_ns=1791279386570444709 workflow=ARL_UPDATE run_id=45 node=U3 source=Authority destination=TM
event=receive timestamp_ns=1791279388110796852 workflow=ARL_UPDATE run_id=46 node=U3 source=Authority destination=TM
event=receive timestamp_ns=1791279389642726114 workflow=ARL_UPDATE run_id=47 node=U3 source=Authority destination=TM
event=receive timestamp_ns=1791279391178418732 workflow=ARL_UPDATE run_id=48 node=U3 source=Authority destination=TM
event=receive timestamp_ns=1791279392682455218 workflow=ARL_UPDATE run_id=49 node=U3 source=Authority destination=TM
event=receive timestamp_ns=1791279394314635030 workflow=ARL_UPDATE run_id=50 node=U3 source=Authority destination=TM
event=receive timestamp_ns=1791279395818470477 workflow=ARL_UPDATE run_id=51 node=U3 source=Authority destination=TM
event=receive timestamp_ns=1791279397386559355 workflow=ARL_UPDATE run_id=52 node=U3 source=Authority destination=TM
event=receive timestamp_ns=1791279398922511443 workflow=ARL_UPDATE run_id=53 node=U3 source=Authority destination=TM
event=receive timestamp_ns=1791279400522829762 workflow=ARL_UPDATE run_id=54 node=U3 source=Authority destination=TM
event=receive timestamp_ns=1791279402059017369 workflow=ARL_UPDATE run_id=55 node=U3 source=Authority destination=TM
event=receive timestamp_ns=1791279403658796875 workflow=ARL_UPDATE run_id=56 node=U3 source=Authority destination=TM
event=receive timestamp_ns=1791279405194873529 workflow=ARL_UPDATE run_id=57 node=U3 source=Authority destination=TM
event=receive timestamp_ns=1791279406730769304 workflow=ARL_UPDATE run_id=58 node=U3 source=Authority destination=TM
event=receive timestamp_ns=1791279408266881997 workflow=ARL_UPDATE run_id=59 node=U3 source=Authority destination=TM
event=receive timestamp_ns=1791279409802797605 workflow=ARL_UPDATE run_id=60 node=U3 source=Authority destination=TM
event=receive timestamp_ns=1791279411339068301 workflow=ARL_UPDATE run_id=61 node=U3 source=Authority destination=TM
event=receive timestamp_ns=1791279412874473933 workflow=ARL_UPDATE run_id=62 node=U3 source=Authority destination=TM
event=receive timestamp_ns=1791279414410873874 workflow=ARL_UPDATE run_id=63 node=U3 source=Authority destination=TM
event=receive timestamp_ns=1791279416042895300 workflow=ARL_UPDATE run_id=64 node=U3 source=Authority destination=TM
event=receive timestamp_ns=1791279417578735565 workflow=ARL_UPDATE run_id=65 node=U3 source=Authority destination=TM
event=receive timestamp_ns=1791279419114600078 workflow=ARL_UPDATE run_id=66 node=U3 source=Authority destination=TM
event=receive timestamp_ns=1791279420650933662 workflow=ARL_UPDATE run_id=67 node=U3 source=Authority destination=TM
event=receive timestamp_ns=1791279422186454541 workflow=ARL_UPDATE run_id=68 node=U3 source=Authority destination=TM
event=receive timestamp_ns=1791279423722560483 workflow=ARL_UPDATE run_id=69 node=U3 source=Authority destination=TM
event=receive timestamp_ns=1791279425258882665 workflow=ARL_UPDATE run_id=70 node=U3 source=Authority destination=TM
event=receive timestamp_ns=1791279427626899806 workflow=KEY_REQUEST run_id=bench_h4_key_w1 node=U3 source=TM4 destination=TM
event=receive timestamp_ns=1791279431630536325 workflow=KEY_REQUEST run_id=bench_h4_key_w2 node=U3 source=TM4 destination=TM
event=receive timestamp_ns=1791279436650668797 workflow=KEY_REQUEST run_id=bench_h4_key_w3 node=U3 source=TM4 destination=TM
event=receive timestamp_ns=1791279439594628617 workflow=KEY_REQUEST run_id=bench_h4_key_w4 node=U3 source=TM4 destination=TM
event=receive timestamp_ns=1791279443466822015 workflow=KEY_REQUEST run_id=bench_h4_key_w5 node=U3 source=TM4 destination=TM
event=receive timestamp_ns=1791279447438743689 workflow=KEY_REQUEST run_id=bench_h4_key_001 node=U3 source=TM4 destination=TM
event=receive timestamp_ns=1791279451438677075 workflow=KEY_REQUEST run_id=bench_h4_key_002 node=U3 source=TM4 destination=TM
event=receive timestamp_ns=1791279454411060475 workflow=KEY_REQUEST run_id=bench_h4_key_003 node=U3 source=TM4 destination=TM
event=receive timestamp_ns=1791279459946706283 workflow=KEY_REQUEST run_id=bench_h4_key_004 node=U3 source=TM4 destination=TM
event=receive timestamp_ns=1791279462826717038 workflow=KEY_REQUEST run_id=bench_h4_key_005 node=U3 source=TM4 destination=TM
event=receive timestamp_ns=1791279466670708293 workflow=KEY_REQUEST run_id=bench_h4_key_006 node=U3 source=TM4 destination=TM
event=receive timestamp_ns=1791279470666588467 workflow=KEY_REQUEST run_id=bench_h4_key_007 node=U3 source=TM4 destination=TM
event=receive timestamp_ns=1791279475114799154 workflow=KEY_REQUEST run_id=bench_h4_key_008 node=U3 source=TM4 destination=TM
event=receive timestamp_ns=1791279479082642370 workflow=KEY_REQUEST run_id=bench_h4_key_009 node=U3 source=TM4 destination=TM
event=receive timestamp_ns=1791279483114930569 workflow=KEY_REQUEST run_id=bench_h4_key_010 node=U3 source=TM4 destination=TM
event=receive timestamp_ns=1791279486058735396 workflow=KEY_REQUEST run_id=bench_h4_key_011 node=U3 source=TM4 destination=TM
event=receive timestamp_ns=1791279490538627127 workflow=KEY_REQUEST run_id=bench_h4_key_012 node=U3 source=TM4 destination=TM
event=receive timestamp_ns=1791279493994598456 workflow=KEY_REQUEST run_id=bench_h4_key_013 node=U3 source=TM4 destination=TM
event=receive timestamp_ns=1791279496842617394 workflow=KEY_REQUEST run_id=bench_h4_key_014 node=U3 source=TM4 destination=TM
event=receive timestamp_ns=1791279500714674725 workflow=KEY_REQUEST run_id=bench_h4_key_015 node=U3 source=TM4 destination=TM
event=receive timestamp_ns=1791279503658879271 workflow=KEY_REQUEST run_id=bench_h4_key_016 node=U3 source=TM4 destination=TM
event=receive timestamp_ns=1791279507658426960 workflow=KEY_REQUEST run_id=bench_h4_key_017 node=U3 source=TM4 destination=TM
event=receive timestamp_ns=1791279510602584500 workflow=KEY_REQUEST run_id=bench_h4_key_018 node=U3 source=TM4 destination=TM
event=receive timestamp_ns=1791279515114845433 workflow=KEY_REQUEST run_id=bench_h4_key_019 node=U3 source=TM4 destination=TM
event=receive timestamp_ns=1791279519115064373 workflow=KEY_REQUEST run_id=bench_h4_key_020 node=U3 source=TM4 destination=TM
event=receive timestamp_ns=1791279524106618172 workflow=KEY_REQUEST run_id=bench_h4_key_021 node=U3 source=TM4 destination=TM
event=receive timestamp_ns=1791279527086723071 workflow=KEY_REQUEST run_id=bench_h4_key_022 node=U3 source=TM4 destination=TM
event=receive timestamp_ns=1791279531114946542 workflow=KEY_REQUEST run_id=bench_h4_key_023 node=U3 source=TM4 destination=TM
event=receive timestamp_ns=1791279534058732523 workflow=KEY_REQUEST run_id=bench_h4_key_024 node=U3 source=TM4 destination=TM
event=receive timestamp_ns=1791279540139052563 workflow=KEY_REQUEST run_id=bench_h4_key_025 node=U3 source=TM4 destination=TM
event=receive timestamp_ns=1791279543594683251 workflow=KEY_REQUEST run_id=bench_h4_key_026 node=U3 source=TM4 destination=TM
event=receive timestamp_ns=1791279546986655403 workflow=KEY_REQUEST run_id=bench_h4_key_027 node=U3 source=TM4 destination=TM
event=receive timestamp_ns=1791279550986713825 workflow=KEY_REQUEST run_id=bench_h4_key_028 node=U3 source=TM4 destination=TM
event=receive timestamp_ns=1791279554474461946 workflow=KEY_REQUEST run_id=bench_h4_key_029 node=U3 source=TM4 destination=TM
event=receive timestamp_ns=1791279557418845377 workflow=KEY_REQUEST run_id=bench_h4_key_030 node=U3 source=TM4 destination=TM
