event=receive timestamp_ns=1791279259498412849 workflow=KEY_REQUEST run_id=bench_h4_setup node=U5 source=TM4 destination=TM
event=receive timestamp_ns=1791279263146814325 workflow=CT_SHARE run_id=1 node=U5 source=TM4 destination=TM
event=receive timestamp_ns=1791279264714656027 workflow=CT_SHARE run_id=2 node=U5 source=TM4 destination=TM
event=receive timestamp_ns=1791279266282650036 workflow=CT_SHARE run_id=3 node=U5 source=TM4 destination=TM
event=receive timestamp_ns=1791279267851159030 workflow=CT_SHARE run_id=4 node=U5 source=TM4 destination=TM
event=receive timestamp_ns=1791279269419012968 workflow=CT_SHARE run_id=5 node=U5 source=TM4 destination=TM
event=receive timestamp_ns=1791279270986611607 workflow=CT_SHARE run_id=6 node=U5 source=TM4 destination=TM
event=receive timestamp_ns=1791279272554885497 workflow=CT_SHARE run_id=7 node=U5 source=TM4 destination=TM
event=receive timestamp_ns=1791279274126714437 workflow=CT_SHARE run_id=8 node=U5 source=TM4 destination=TM
event=receive timestamp_ns=1791279275690924359 workflow=CT_SHARE run_id=9 node=U5 source=TM4 destination=TM
event=receive timestamp_ns=1791279277258436501 workflow=CT_SHARE run_id=10 node=U5 source=TM4 destination=TM
event=receive timestamp_ns=1791279278826702081 workflow=CT_SHARE run_id=11 node=U5 source=TM4 destination=TM
event=receive timestamp_ns=1791279280394471785 workflow=CT_SHARE run_id=12 node=U5 source=TM4 destination=TM
event=receive timestamp_ns=1791279281930759789 workflow=CT_SHARE run_id=13 node=U5 source=TM4 destination=TM
event=receive timestamp_ns=1791279283466527402 workflow=CT_SHARE run_id=14 node=U5 source=TM4 destination=TM
event=receive timestamp_ns=1791279285066877053 workflow=CT_SHARE run_id=15 node=U5 source=TM4 destination=TM
event=receive timestamp_ns=1791279286634842523 workflow=CT_SHARE run_id=16 node=U5 source=TM4 destination=TM
event=receive timestamp_ns=1791279288234420864 workflow=CT_SHARE run_id=17 node=U5 source=TM4 destination=TM
event=receive timestamp_ns=1791279289802808738 workflow=CT_SHARE run_id=18 node=U5 source=TM4 destination=TM
event=receive timestamp_ns=1791279291370986554 workflow=CT_SHARE run_id=19 node=U5 source=TM4 destination=TM
event=receive timestamp_ns=1791279292970851201 workflow=CT_SHARE run_id=20 node=U5 source=TM4 destination=TM
event=receive timestamp_ns=1791279294538674710 workflow=CT_SHARE run_id=21 node=U5 source=TM4 destination=TM
event=receive timestamp_ns=1791279296142735996 workflow=CT_SHARE run_id=22 node=U5 source=TM4 destination=TM
event=receive timestamp_ns=1791279297707122049 workflow=CT_SHARE run_id=23 node=U5 source=TM4 destination=TM
event=receive timestamp_ns=1791279299275146006 workflow=CT_SHARE run_id=24 node=U5 source=TM4 destination=TM
event=receive timestamp_ns=1791279300842545678 workflow=CT_SHARE run_id=25 node=U5 source=TM4 destination=TM
event=receive timestamp_ns=1791279302410981755 workflow=CT_SHARE run_id=26 node=U5 source=TM4 destination=TM
event=receive timestamp_ns=1791279304011020798 workflow=CT_SHARE run_id=27 node=U5 source=TM4 destination=TM
event=receive timestamp_ns=1791279305610574912 workflow=CT_SHARE run_id=28 node=U5 source=TM4 destination=TM
event=receive timestamp_ns=1791279307179247950 workflow=CT_SHARE run_id=29 node=U5 source=TM4 destination=TM
event=receive timestamp_ns=1791279308746580372 workflow=CT_SHARE run_id=30 node=U5 source=TM4 destination=TM
event=receive timestamp_ns=1791279310314573550 workflow=CT_SHARE run_id=31 node=U5 source=TM4 destination=TM
event=receive timestamp_ns=1791279311850666818 workflow=CT_SHARE run_id=32 node=U5 source=TM4 destination=TM
event=receive timestamp_ns=1791279313418671763 workflow=CT_SHARE run_id=33 node=U5 source=TM4 destination=TM
event=receive timestamp_ns=1791279314986718220 workflow=CT_SHARE run_id=34 node=U5 source=TM4 destination=TM
event=receive timestamp_ns=1791279316554882935 workflow=CT_SHARE run_id=35 node=U5 source=TM4 destination=TM
event=receive timestamp_ns=1791279318986982858 workflow=ARL_UPDATE run_id=1 node=U5 source=Authority destination=TM
event=receive timestamp_ns=1791279320522968597 workflow=ARL_UPDATE run_id=2 node=U5 source=Authority destination=TM
event=receive timestamp_ns=1791279322058873352 workflow=ARL_UPDATE run_id=3 node=U5 source=Authority destination=TM
event=receive timestamp_ns=1791279323626474498 workflow=ARL_UPDATE run_id=4 node=U5 source=Authority destination=TM
event=receive timestamp_ns=1791279325130822493 workflow=ARL_UPDATE run_id=5 node=U5 source=Authority destination=TM
event=receive timestamp_ns=1791279326670890397 workflow=ARL_UPDATE run_id=6 node=U5 source=Authority destination=TM
event=receive timestamp_ns=1791279328202692345 workflow=ARL_UPDATE run_id=7 node=U5 source=Authority destination=TM
event=receive timestamp_ns=1791279329706694072 workflow=ARL_UPDATE run_id=8 node=U5 source=Authority destination=TM
event=receive timestamp_ns=1791279331274848124 workflow=ARL_UPDATE run_id=9 node=U5 source=Authority destination=TM
event=receive timestamp_ns=1791279332810831685 workflow=ARL_UPDATE run_id=10 node=U5 source=Authority destination=TM
event=receive timestamp_ns=1791279334346858931 workflow=ARL_UPDATE run_id=11 node=U5 source=Authority destination=TM
event=receive timestamp_ns=1791279335882604259 workflow=ARL_UPDATE run_id=12 node=U5 source=Authority destination=TM
event=receive timestamp_ns=1791279337418566418 workflow=ARL_UPDATE run_id=13 node=U5 source=Authority destination=TM
event=receive timestamp_ns=1791279338954732396 workflow=ARL_UPDATE run_id=14 node=U5 source=Authority destination=TM
event=receive timestamp_ns=1791279340490841394 workflow=ARL_UPDATE run_id=15 node=U5 source=Authority destination=TM
event=receive timestamp_ns=1791279342090725586 workflow=ARL_UPDATE run_id=16 node=U5 source=Authority destination=TM
event=receive timestamp_ns=1791279343626658918 workflow=ARL_UPDATE run_id=17 node=U5 source=Authority destination=TM
event=receive timestamp_ns=1791279345162451822 workflow=ARL_UPDATE run_id=18 node=U5 source=Authority destination=TM
event=receive timestamp_ns=1791279346698608993 workflow=ARL_UPDATE run_id=19 node=U5 source=Authority destination=TM
event=receive timestamp_ns=1791279348234677794 workflow=ARL_UPDATE run_id=20 node=U5 source=Authority destination=TM
event=receive timestamp_ns=1791279349738637567 workflow=ARL_UPDATE run_id=21 node=U5 source=Authority destination=TM
event=receive timestamp_ns=1791279351275162025 workflow=ARL_UPDATE run_id=22 node=U5 source=Authority destination=TM
event=receive timestamp_ns=1791279352842730614 workflow=ARL_UPDATE run_id=23 node=U5 source=Authority destination=TM
event=receive timestamp_ns=1791279354378832340 workflow=ARL_UPDATE run_id=24 node=U5 source=Authority destination=TM
event=receive timestamp_ns=1791279355914596865 workflow=ARL_UPDATE run_id=25 node=U5 source=Authority destination=TM
event=receive timestamp_ns=1791279357454390399 workflow=ARL_UPDATE run_id=26 node=U5 source=Authority destination=TM
event=receive timestamp_ns=1791279358954606844 workflow=ARL_UPDATE run_id=27 node=U5 source=Authority destination=TM
event=receive timestamp_ns=1791279360522765010 workflow=ARL_UPDATE run_id=28 node=U5 source=Authority destination=TM
event=receive timestamp_ns=1791279362026872515 workflow=ARL_UPDATE run_id=29 node=U5 source=Authority destination=TM
event=receive timestamp_ns=1791279363595104308 workflow=ARL_UPDATE run_id=30 node=U5 source=Authority destination=TM
event=receive timestamp_ns=1791279365134838891 workflow=ARL_UPDATE run_id=31 node=U5 source=Authority destination=TM
event=receive timestamp_ns=1791279366666715268 workflow=ARL_UPDATE run_id=32 node=U5 source=Authority destination=TM
event=receive timestamp_ns=1791279368234843107 workflow=ARL_UPDATE run_id=33 node=U5 source=Authority destination=TM
event=receive timestamp_ns=1791279369838485380 workflow=ARL_UPDATE run_id=34 node=U5 source=Authority destination=TM
event=receive timestamp_ns=1791279371338641345 workflow=ARL_UPDATE run_id=35 node=U5 source=Authority destination=TM
event=receive timestamp_ns=1791279372874491751 workflow=ARL_UPDATE run_id=36 node=U5 source=Authority destination=TM
event=receive timestamp_ns=1791279374378707267 workflow=ARL_UPDATE run_id=37 node=U5 source=Authority destination=TM
event=receive timestamp_ns=1791279375946522862 workflow=ARL_UPDATE run_id=38 node=U5 source=Authority destination=TM
event=receive timestamp_ns=1791279377450572932 workflow=ARL_UPDATE run_id=39 node=U5 source=Authority destination=TM
event=receive timestamp_ns=1791279379050701982 workflow=ARL_UPDATE run_id=40 node=U5 source=Authority destination=TM
event=receive timestamp_ns=1791279380618497728 workflow=ARL_UPDATE run_id=41 node=U5 source=Authority destination=TM
event=receive timestamp_ns=1791279382122669821 workflow=ARL_UPDATE run_id=42 node=U5 source=Authority destination=TM
event=receive timestamp_ns=1791279383658528165 workflow=ARL_UPDATE run_id=43 node=U5 source=Authority destination=TM
event=receive timestamp_ns=1791279385194671976 workflow=ARL_UPDATE run_id=44 node=U5 source=Authority destination=TM
event=receive timestamp_ns=1791279386730354943 workflow=ARL_UPDATE run_id=45 node=U5 source=Authority destination=TM
event=receive timestamp_ns=1791279388298420133 workflow=ARL_UPDATE run_id=46 node=U5 source=Authority destination=TM
event=receive timestamp_ns=1791279389802440741 workflow=ARL_UPDATE run_id=47 node=U5 source=Authority destination=TM
event=receive timestamp_ns=1791279391338511497 workflow=ARL_UPDATE run_id=48 node=U5 source=Authority destination=TM
event=receive timestamp_ns=1791279392874417224 workflow=ARL_UPDATE run_id=49 node=U5 source=Authority destination=TM
event=receive timestamp_ns=1791279394474392122 workflow=ARL_UPDATE run_id=50 node=U5 source=Authority destination=TM
event=receive timestamp_ns=1791279396010442482 workflow=ARL_UPDATE run_id=51 node=U5 source=Authority destination=TM
event=receive timestamp_ns=1791279397550563361 workflow=ARL_UPDATE run_id=52 node=U5 source=Authority destination=TM
event=receive timestamp_ns=1791279399118756404 workflow=ARL_UPDATE run_id=53 node=U5 source=Authority destination=TM
event=receive timestamp_ns=1791279400714775757 workflow=ARL_UPDATE run_id=54 node=U5 source=Authority destination=TM
event=receive timestamp_ns=1791279402218823021 workflow=ARL_UPDATE run_id=55 node=U5 source=Authority destination=TM
event=receive timestamp_ns=1791279403850695813 workflow=ARL_UPDATE run_id=56 node=U5 source=Authority destination=TM
event=receive timestamp_ns=1791279405354510246 workflow=ARL_UPDATE run_id=57 node=U5 source=Authority destination=TM
event=receive timestamp_ns=1791279406922503771 workflow=ARL_UPDATE run_id=58 node=U5 source=Authority destination=TM
event=receive timestamp_ns=1791279408458835209 workflow=ARL_UPDATE run_id=59 node=U5 source=Authority destination=TM
event=receive timestamp_ns=1791279409995092230 workflow=ARL_UPDATE run_id=60 node=U5 source=Authority destination=TM
event=receive timestamp_ns=1791279411530623829 workflow=ARL_UPDATE run_id=61 node=U5 source=Authority destination=TM
event=receive timestamp_ns=1791279413066934099 workflow=ARL_UPDATE run_id=62 node=U5 source=Authority destination=TM
event=receive timestamp_ns=1791279414602777293 workflow=ARL_UPDATE run_id=63 node=U5 source=Authority destination=TM
event=receive timestamp_ns=1791279416202933921 workflow=ARL_UPDATE run_id=64 node=U5 source=Authority destination=TM
event=receive timestamp_ns=1791279417770721523 workflow=ARL_UPDATE run_id=65 node=U5 source=Authority destination=TM
event=receive timestamp_ns=1791279419310495796 workflow=ARL_UPDATE run_id=66 node=U5 source=Authority destination=TM
event=receive timestamp_ns=1791279420842712451 workflow=ARL_UPDATE run_id=67 node=U5 source=Authority destination=TM
event=receive timestamp_ns=1791279422378471319 workflow=ARL_UPDATE run_id=68 node=U5 source=Authority destination=TM
event=receive timestamp_ns=1791279423918610286 workflow=ARL_UPDATE run_id=69 node=U5 source=Authority destination=TM
event=receive timestamp_ns=1791279425450614023 workflow=ARL_UPDATE run_id=70 node=U5 source=Authority destination=TM
event=receive timestamp_ns=1791279428138630345 workflow=KEY_REQUEST run_id=bench_h4_key_w1 node=U5 source=TM4 destination=TM
event=receive timestamp_ns=1791279432138686673 workflow=KEY_REQUEST run_id=bench_h4_key_w2 node=U5 source=TM4 destination=TM
event=receive timestamp_ns=1791279436106560650 workflow=KEY_REQUEST run_id=bench_h4_key_w3 node=U5 source=TM4 destination=TM
event=receive timestamp_ns=1791279439594636708 workflow=KEY_REQUEST run_id=bench_h4_key_w4 node=U5 source=TM4 destination=TM
event=receive timestamp_ns=1791279443978644519 workflow=KEY_REQUEST run_id=bench_h4_key_w5 node=U5 source=TM4 destination=TM
event=receive timestamp_ns=1791279446926478669 workflow=KEY_REQUEST run_id=bench_h4_key_001 node=U5 source=TM4 destination=TM
event=receive timestamp_ns=1791279450922812537 workflow=KEY_REQUEST run_id=bench_h4_key_002 node=U5 source=TM4 destination=TM
event=receive timestamp_ns=1791279454410927852 workflow=KEY_REQUEST run_id=bench_h4_key_003 node=U5 source=TM4 destination=TM
event=receive timestamp_ns=1791279459434964708 workflow=KEY_REQUEST run_id=bench_h4_key_004 node=U5 source=TM4 destination=TM
event=receive timestamp_ns=1791279462794746591 workflow=KEY_REQUEST run_id=bench_h4_key_005 node=U5 source=TM4 destination=TM
event=receive timestamp_ns=1791279466158785004 workflow=KEY_REQUEST run_id=bench_h4_key_006 node=U5 source=TM4 destination=TM
event=receive timestamp_ns=1791279470154789041 workflow=KEY_REQUEST run_id=bench_h4_key_007 node=U5 source=TM4 destination=TM
event=receive timestamp_ns=1791279475626720888 workflow=KEY_REQUEST run_id=bench_h4_key_008 node=U5 source=TM4 destination=TM
event=receive timestamp_ns=1791279479147092329 workflow=KEY_REQUEST run_id=bench_h4_key_009 node=U5 source=TM4 destination=TM
event=receive timestamp_ns=1791279483114924246 workflow=KEY_REQUEST run_id=bench_h4_key_010 node=U5 source=TM4 destination=TM
event=receive timestamp_ns=1791279486634861749 workflow=KEY_REQUEST run_id=bench_h4_key_011 node=U5 source=TM4 destination=TM
event=receive timestamp_ns=1791279490602465879 workflow=KEY_REQUEST run_id=bench_h4_key_012 node=U5 source=TM4 destination=TM
event=receive timestamp_ns=1791279493482767788 workflow=KEY_REQUEST run_id=bench_h4_key_013 node=U5 source=TM4 destination=TM
event=receive timestamp_ns=1791279496846937844 workflow=KEY_REQUEST run_id=bench_h4_key_014 node=U5 source=TM4 destination=TM
event=receive timestamp_ns=1791279500202775234 workflow=KEY_REQUEST run_id=bench_h4_key_015 node=U5 source=TM4 destination=TM
event=receive timestamp_ns=1791279504170976961 workflow=KEY_REQUEST run_id=bench_h4_key_016 node=U5 source=TM4 destination=TM
event=receive timestamp_ns=1791279507754502851 workflow=KEY_REQUEST run_id=bench_h4_key_017 node=U5 source=TM4 destination=TM
event=receive timestamp_ns=1791279511182840952 workflow=KEY_REQUEST run_id=bench_h4_key_018 node=U5 source=TM4 destination=TM
event=receive timestamp_ns=1791279515114817399 workflow=KEY_REQUEST run_id=bench_h4_key_019 node=U5 source=TM4 destination=TM
event=receive timestamp_ns=1791279519114782167 workflow=KEY_REQUEST run_id=bench_h4_key_020 node=U5 source=TM4 destination=TM
event=receive timestamp_ns=1791279524106753010 workflow=KEY_REQUEST run_id=bench_h4_key_021 node=U5 source=TM4 destination=TM
event=receive timestamp_ns=1791279527630699712 workflow=KEY_REQUEST run_id=bench_h4_key_022 node=U5 source=TM4 destination=TM
event=receive timestamp_ns=1791279531114611479 workflow=KEY_REQUEST run_id=bench_h4_key_023 node=U5 source=TM4 destination=TM
event=receive timestamp_ns=1791279534058733011 workflow=KEY_REQUEST run_id=bench_h4_key_024 node=U5 source=TM4 destination=TM
event=receive timestamp_ns=1791279540106648355 workflow=KEY_REQUEST run_id=bench_h4_key_025 node=U5 source=TM4 destination=TM
event=receive timestamp_ns=1791279543658816580 workflow=KEY_REQUEST run_id=bench_h4_key_026 node=U5 source=TM4 destination=TM
event=receive timestamp_ns=1791279546986551903 workflow=KEY_REQUEST run_id=bench_h4_key_027 node=U5 source=TM4 destination=TM
event=receive timestamp_ns=1791279550986810580 workflow=KEY_REQUEST run_id=bench_h4_key_028 node=U5 source=TM4 destination=TM
event=receive timestamp_ns=1791279554538546844 workflow=KEY_REQUEST run_id=bench_h4_key_029 node=U5 source=TM4 destination=TM
event=receive timestamp_ns=1791279558026689792 workflow=KEY_REQUEST run_id=bench_h4_key_030 node=U5 source=TM4 destination=TM
