event=send timestamp_ns=1791218641950527260 workflow=KEY_RESPONSE run_id=bench_h1_setup node=Authority source=Authority destination=bench_h1_setup
event=receive timestamp_ns=1791218641945362149 workflow=KEY_REQUEST run_id=bench_h1_setup node=Authority source=TM1 destination=TM
event=receive timestamp_ns=1791218644409454039 workflow=CT_SHARE run_id=1 node=Authority source=TM1 destination=TM
event=receive timestamp_ns=1791218645945381464 workflow=CT_SHARE run_id=2 node=Authority source=TM1 destination=TM
event=receive timestamp_ns=1791218647485288088 workflow=CT_SHARE run_id=3 node=Authority source=TM1 destination=TM
event=send timestamp_ns=1791218647594699147 workflow=ARL_UPDATE run_id=1 node=Authority source=Authority destination=TM
event=send timestamp_ns=1791218648927626392 workflow=ARL_UPDATE run_id=2 node=Authority source=Authority destination=TM
event=send timestamp_ns=1791218650464451097 workflow=ARL_UPDATE run_id=3 node=Authority source=Authority destination=TM
event=send timestamp_ns=1791218652000549342 workflow=ARL_UPDATE run_id=4 node=Authority source=Authority destination=TM
event=send timestamp_ns=1791218653535294484 workflow=ARL_UPDATE run_id=5 node=Authority source=Authority destination=TM
event=send timestamp_ns=1791218655075359336 workflow=ARL_UPDATE run_id=6 node=Authority source=Authority destination=TM
event=send timestamp_ns=1791218660192091582 workflow=KEY_RESPONSE run_id=bench_h1_key_w1 node=Authority source=Authority destination=bench_h1_key_w1
event=receive timestamp_ns=1791218660185355227 workflow=KEY_REQUEST run_id=bench_h1_key_w1 node=Authority source=TM1 destination=TM
event=send timestamp_ns=1791218664608207923 workflow=KEY_RESPONSE run_id=bench_h1_key_001 node=Authority source=Authority destination=bench_h1_key_001
event=receive timestamp_ns=1791218664601576890 workflow=KEY_REQUEST run_id=bench_h1_key_001 node=Authority source=TM1 destination=TM
event=send timestamp_ns=1791218667968189912 workflow=KEY_RESPONSE run_id=bench_h1_key_002 node=Authority source=Authority destination=bench_h1_key_002
event=receive timestamp_ns=1791218667961513261 workflow=KEY_REQUEST run_id=bench_h1_key_002 node=Authority source=TM1 destination=TM
event=send timestamp_ns=1791218672544025454 workflow=KEY_RESPONSE run_id=bench_h2_setup node=Authority source=Authority destination=bench_h2_setup
event=receive timestamp_ns=1791218672537413543 workflow=KEY_REQUEST run_id=bench_h2_setup node=Authority source=TM2 destination=TM
event=receive timestamp_ns=1791218676121315965 workflow=CT_SHARE run_id=1 node=Authority source=TM2 destination=TM
event=receive timestamp_ns=1791218677657520860 workflow=CT_SHARE run_id=2 node=Authority source=TM2 destination=TM
event=receive timestamp_ns=1791218679193324962 workflow=CT_SHARE run_id=3 node=Authority source=TM2 destination=TM
event=send timestamp_ns=1791218679296472876 workflow=ARL_UPDATE run_id=7 node=Authority source=Authority destination=TM
event=send timestamp_ns=1791218681030141190 workflow=ARL_UPDATE run_id=8 node=Authority source=Authority destination=TM
event=send timestamp_ns=1791218682566371126 workflow=ARL_UPDATE run_id=9 node=Authority source=Authority destination=TM
event=send timestamp_ns=1791218684105737715 workflow=ARL_UPDATE run_id=10 node=Authority source=Authority destination=TM
event=send timestamp_ns=1791218685640612015 workflow=ARL_UPDATE run_id=11 node=Authority source=Authority destination=TM
event=send timestamp_ns=1791218687177557936 workflow=ARL_UPDATE run_id=12 node=Authority source=Authority destination=TM
event=send timestamp_ns=1791218689952423984 workflow=KEY_RESPONSE run_id=bench_h2_key_w1 node=Authority source=Authority destination=bench_h2_key_w1
event=receive timestamp_ns=1791218689945428517 workflow=KEY_REQUEST run_id=bench_h2_key_w1 node=Authority source=TM2 destination=TM
event=send timestamp_ns=1791218694559025806 workflow=KEY_RESPONSE run_id=bench_h2_key_001 node=Authority source=Authority destination=bench_h2_key_001
event=receive timestamp_ns=1791218694553342362 workflow=KEY_REQUEST run_id=bench_h2_key_001 node=Authority source=TM2 destination=TM
event=send timestamp_ns=1791218698111348856 workflow=KEY_RESPONSE run_id=bench_h2_key_002 node=Authority source=Authority destination=bench_h2_key_002
event=receive timestamp_ns=1791218698105418050 workflow=KEY_REQUEST run_id=bench_h2_key_002 node=Authority source=TM2 destination=TM
