event=send timestamp_ns=1791219318265526722 workflow=KEY_REQUEST run_id=bench_h1_setup node=U1 source=TM1 destination=TM
event=key_latency timestamp_ns=1791219320558769001 workflow=KEY_REQUEST_RESPONSE run_id=bench_h1_setup node=U1 duration_ns=2293240401
event=receive timestamp_ns=1791219320537696106 workflow=KEY_RESPONSE run_id=bench_h1_setup node=U1 source=Authority destination=bench_h1_setup
event=send timestamp_ns=1791219320684942760 workflow=CT_SHARE run_id=1 node=U1 source=TM1 destination=TM
event=send timestamp_ns=1791219323036333635 workflow=CT_SHARE run_id=2 node=U1 source=TM1 destination=TM
event=send timestamp_ns=1791219324570717629 workflow=CT_SHARE run_id=3 node=U1 source=TM1 destination=TM
event=receive timestamp_ns=1791219327641609288 workflow=ARL_UPDATE run_id=1 node=U1 source=Authority destination=TM
event=receive timestamp_ns=1791219329181533510 workflow=ARL_UPDATE run_id=2 node=U1 source=Authority destination=TM
event=receive timestamp_ns=1791219330713806934 workflow=ARL_UPDATE run_id=3 node=U1 source=Authority destination=TM
event=receive timestamp_ns=1791219332249888908 workflow=ARL_UPDATE run_id=4 node=U1 source=Authority destination=TM
event=receive timestamp_ns=1791219333817522613 workflow=ARL_UPDATE run_id=5 node=U1 source=Authority destination=TM
event=receive timestamp_ns=1791219335321549079 workflow=ARL_UPDATE run_id=6 node=U1 source=Authority destination=TM
event=send timestamp_ns=1791219336953802622 workflow=KEY_REQUEST run_id=bench_h1_key_w1 node=U1 source=TM1 destination=TM
event=key_latency timestamp_ns=1791219338765424534 workflow=KEY_REQUEST_RESPONSE run_id=bench_h1_key_w1 node=U1 duration_ns=1811614490
event=receive timestamp_ns=1791219338745898774 workflow=KEY_RESPONSE run_id=bench_h1_key_w1 node=U1 source=Authority destination=bench_h1_key_w1
event=send timestamp_ns=1791219340409890280 workflow=KEY_REQUEST run_id=bench_h1_key_001 node=U1 source=TM1 destination=TM
event=key_latency timestamp_ns=1791219342159670716 workflow=KEY_REQUEST_RESPONSE run_id=bench_h1_key_001 node=U1 duration_ns=1749775252
event=receive timestamp_ns=1791219342137673676 workflow=KEY_RESPONSE run_id=bench_h1_key_001 node=U1 source=Authority destination=bench_h1_key_001
event=send timestamp_ns=1791219342713714472 workflow=KEY_REQUEST run_id=bench_h1_key_002 node=U1 source=TM1 destination=TM
event=key_latency timestamp_ns=1791219344455575216 workflow=KEY_REQUEST_RESPONSE run_id=bench_h1_key_002 node=U1 duration_ns=1741865380
event=receive timestamp_ns=1791219344441485758 workflow=KEY_RESPONSE run_id=bench_h1_key_002 node=U1 source=Authority destination=bench_h1_key_002
