2026-10-05 18:04:35.654 Authority: {"tkn":"t1","name":"pong"}

2026-10-05 18:04:36.187 Authority: {"tkn":"t2","name":"ok"}

2026-10-05 18:04:36.702 Authority: {"tkn":"t2","name":"ok"}

2026-10-05 18:04:37.211 Authority: {"tkn":"t2","name":"ok"}

2026-10-05 18:04:37.724 Authority: {"tkn":"t2","name":"ok"}

2026-10-05 18:04:39.974 Authority: {"name":"recv_desc","mid":"N01_28","desc":{"_st":"1791216279922","_date":"1791216279869","_nbfrags":"1","src":"TM1","_docid":"N01_28","_weight":"104","topic":"TM","_rcv":"N00","dest":"TM","_sdr":"N01"}}

2026-10-05 18:04:39.978 Authority: {"data":"TLS(D3CS|TM1|TM|KEY_REQUEST|bench_h1_setup|{\"classification\":\"FR-DR\",\"mission\":\"M1\"}|bench_h1_setup|TM1)","tkn":"payload-N01_28","name":"recv_payload","mid":"N01_28","topic":"TM","dest":"TM"}

2026-10-05 18:04:40.520 Authority: {"tkn":"t3","name":"ok"}

2026-10-05 18:04:41.064 Authority: {"tkn":"t3","name":"ok"}

2026-10-05 18:04:42.950 Authority: {"data":"D3CS|TM1|TM|CT_SHARE|1|{\"version\":1,\"label\":{\"classification\":\"FR-DR\",\"mission\":\"M1\"},\"abe\":{\"c_tilde\":\"qakDTmwal7ZxNBxJeCvGS8YlOqSS45ewEuk/QD4szXZUlE+pYzYVBDkZR3cLPMwEp8iZ4ve6QCNMMKqSkEjsDzESpIzQzk/wV56GB/bEScvRWtGrimdzEBND5MiyCkgBn7kdp4zpGmIQjELMHwwvgN9aTq5DRX3DBz33HwGB1+yVWEflQM2o6UehDQGcM/sIC8qXu8g+b0SBfa5EHuoODwj74JP7cEBJMpf+gOgFq0n/GULZ+3IYkGqKKM4LUWAFBMSdYtX+ZeGYgpCEgZBHuUcoX2v2l46p8+MMYh+3I6XZ2YBlnJdPoKXEfsOLT18EOprg3vU3K/d1xoASJRFnVaZBobxYZ3hoaXqtvF9j2JKRl0Dv0dyzMgaqG5/r5c4DJ5aGr5TcWgSXOvknGPVQc2eEg47Z5+GFzP2rTz9owk3ypWTIl5QiwVzLbMpkJ20Y4iUo1SMrIATE9DdYwslCPaMK3sqecYUP+nYHhhnILs9lqk6IkjdjqXLU1Z3ItZ4Myekk1NN7RYgk0LqdjLXAfIb+sHh6PgO9LzQD8u1+DU5SCJd8eQd1UJ6Oxxn8yfsGza8ZgWU+euS3KC8qa4ZEc2EjksZ8fTEXBV6UyjCGsc3eilPMazGR1KcnOAsaQi4WjY6sfmheCKcJGU2WLU36kA3shXHlgL5RYuHjitAV4kf0/KeXxeizzD/8krqNSasPtJgt3tIDME3e52Izp133n4gCt+MqaYn9qLoRziV1agz3J+9VTcX7omjHWAaUtz0B\",\"c\":\"iZmJkxyc0cV1kZ5+2WnXfeGaIQxykq7mMycWKg92MIMftwF7M4Rfbgf+nHdiazSG\",\"leafs\":[{\"index\":1,\"attr\":\"FR-DR\",\"c_i\":\"l9Ei3aOPw7rIDwZbCGdwNfOG5vOxfngiWQwWwpJgZ2HVWBFspSghxi/fE10mdJgx\",\"c_i_prime\":\"hFK4MYS7Vwn01vaUKL0y2hyTa0ks1e+nNpROSY/8EHDUyI752rnbO0kvFhx2301T\"},{\"index\":2,\"attr\":\"M1\",\"c_i\":\"kCogzyYRVF7pHraPIyxN39LGV5FjLt/1o8SGE4FgcAsVG5csy5R5rGNm00FdJ3uc\",\"c_i_prime\":\"gNtA399Cvyy3NSF8HKyfQLodsYwq6E7TbKFj/13PE6leTkaOZ44SBkM1a3upRkHM\"}]},\"sym\":{\"nonce\":\"t8HKcvwhVXRb4Gki\",\"ciphertext\":\"4W7prgB1laIF+ACPf8/rj3RUlfg\"}}|{\"version\":1,\"r1\":\"oJUey7huMyGEjbqWgTUCnpOqMynqqFHizl9fvGOoaP6hWewJ5HjVdDqlQ3DWYSy6\",\"r2\":\"sBlPDolmpq29ZI4IS6tMWaG4q5epnEPlU/1RTnDF//Ozu82XZpsqdxFsSSlcBf7HAGK5agsUrnaga2lEgU6dokFZm6DK3YhvUdvth8piX+448uqPjz4EMYpZHhvqMgIa\",\"r3\":\"hQzRIqEJAPrpbZdYu59ZNk9Q55mvH0rWzvmiu4sTHKaXa9TJgI/Y53emGhEE3lYzDwSv6oddOr/YEFFew5qLItUtpmjWNM4ZAKFT03LtMH+E76G4Qp8cCjrZOzi3BSib\"}","mid":"N01_37","name":"recv_payload","tkn":"payload-N01_37","topic":"TM","dest":"TM"}

2026-10-05 18:04:44.523 Authority: {"data":"D3CS|TM1|TM|CT_SHARE|2|{\"version\":1,\"label\":{\"classification\":\"FR-DR\",\"mission\":\"M1\"},\"abe\":{\"c_tilde\":\"yQ9+E6wl16YklK66AP51voIGNx6Jab36DOs+TFwv/tEKMkv3WMeeTMdFyMFkJnoTDG3AQ0Ua98fJ0t5HhxPL8ZPgoLI1EDrPq/a9a97mZy/R2ixBYYgZ7iU5DCgkGx4NVbY2QuzFvm9TGqs/McLTI4Zi7kmD1pvsQoeBiTRIaEGSPyL/4cx8W0O/Cfd6//wQ5/d8jInpOk+eWB2D9hYVkBN3ab+L1UCUrBGqpCWqjRS9nDD+8tIPM42u43sgBVkHSxm3F7OpV2KexXdEomKsljoUyVAOcI0g/pcavfnuSFL7f7NjwWNuxY9ubvQmC1sJk8Kh72oXPKSmVuSV/nRNNggBc2QbKB5zhrVaLiL5EPEKSly/yRSQxiyP7ZLAMkARdYX3dblmlwRhTrGD6IgbBRXnSfyofziwF3ZrWpme6e86qLcJPgKqFLY2GRiIQaUWjO/9EZOdagP65oosHWtuG+TDDTKrJRXhNAUTRzy/YtJrS7vRqgsvUB2ds5G7ASQXhczzWo50A/swpWcwvwm+rT+5QAtke8CJSDkOmhKsCpbK1r6SrPtzg6s9mQIgY4wI4xGZiEJuhHVmGPMmDSVDhB32oPQXk/lw4oGoPIBZVjAQUZt5vF43SwssEm5AdysBVppjTTOb2IAEQPSgGoeIPURIMVA617USd40AFAoEeOMxfXCqTyH4E0CMPhaYVpcHB6phVGBmJil7/dH9MBSRlHhCPm52U86TItTBrWmLr0BO2KsPHY7z1Lavf3OWx3wV\",\"c\":\"kkB6b6oiWAW6EhNlNkogEiWIajpWJ0KoB5yR46+hqYKsXZt4CkfUBy2brKankYmG\",\"leafs\":[{\"index\":1,\"attr\":\"FR-DR\",\"c_i\":\"lzcyt9OxNMWUAJwW3BS1fGx7KHAWt8AsUrZpoeR1k93TJLLQXjRhmjwgusW3GBKs\",\"c_i_prime\":\"oOSSjgGF4IldXOmL+0yOHOLnA8ZTvOaMEbw/kH2xq+YSYfJmPNOEosJ/OM3AqJi1\"},{\"index\":2,\"attr\":\"M1\",\"c_i\":\"j0h2o2nkjBNSTL/Vx1SE4UH/AgMxgfAnV3d2RuA87gLJPCchzpzV4AZD9Wbdvz4G\",\"c_i_prime\":\"tTfd13k7/O3IwiPg8fz/3lMfzhsiqoO3N9/H/MI0igTE7jcyv4NmsHnSynAzxVke\"}]},\"sym\":{\"nonce\":\"OpsQaRsggquZbRGQ\",\"ciphertext\":\"iTFAqXrsnyplnEz42uML8v3kVgc\"}}|{\"version\":1,\"r1\":\"uack/iChKXT49BVpX1mSot56yH0y94NNAMSwFKgMY97p5uwvWmqqHP2ewIVLhI+J\",\"r2\":\"qshz9aPuGHxAkIKTdfK7/iiLxSUTOfJ0l+CdztVvQAKtPiCnjeIvdldXRClVYeLKDsbescpQv9Nhj+/wZsDu15KwWuaWpH9BL73jV323/lMQdT3e9rLu1XRKuCWnotMK\",\"r3\":\"sfmAtAI3w9SjCFFoKmmAuB2sIS0/urIWNmDZV21BnS+GniPH1Sroy1OLV9sD9nN6A4BIFRq+BuifqHW8RwzWk2rr2orZYg2QURI2jqAyWmRdzpKwvlloia8vW3gA4q6Z\"}","mid":"N01_40","name":"recv_payload","tkn":"payload-N01_40","topic":"TM","dest":"TM"}

2026-10-05 18:04:46.048 Authority: {"data":"D3CS|TM1|TM|CT_SHARE|3|{\"version\":1,\"label\":{\"classification\":\"FR-DR\",\"mission\":\"M1\"},\"abe\":{\"c_tilde\":\"9A3qS+NMz/J3NcouE3WkqITf52VLuEyIMKQBl/+GKCX6u9KvvcQuVWaE9lZ3vpYZUvWYDTmdnCC+7mFrFjbAIj6TLecW/GqdgOmA6pLdWvgHVvsfSpiiVP2o+IMIJTsTnNVdhw/6qJ51Qk7Td/wtWbB9cKeqWrF2lv3ANB9qWDL+of9eNz1D+hPLR7VThW8Diy7E/4tkAY3Jt4igm7mq74cO2crLJspCZAyiAeguBQ8og6sfANJ7hgJv/oUDLYUS77juFAcG9DbH29lpqBnNIyFNtcSvLzHhILl/I9LUGRdCL2lakRt1kA17wjtdyOUQ6GeCRmTg1GL29Vm0FamacrMae0qs+Qlkg9ATdg2JlweymohVl/r70R4+hj4sscwJ4iglrQ56QRqVPUF4cvtMtKasfkoASW184msh428BYAuKw5jF1nZmytEjgPSlQoYRWHc7UKR4XufKJj1IYjuRtPTG0o+EtScd7wWGc5zjF9ummv+xnMk7Aa+j1kjRRt8QGBXbWs+UKbJLpOm1kahUg46WQp7HKtmZv5yQx5SyYqXoFF/UvGPf528gdWKo1NQVERTgR0b90Nn2oKy5vyMXVnwVhxmZmOkSJX6M6JbjGMN9lPT6kN+PbytuyFMuC04Gym5cXZ+sLqn+92gpZbM7+dW6/645CvQyUgdKlC1eBb3qlnPWizfwQE10Cp9vgXUSBzW9HNVU2K3r8C6kKoggNybdua7zfez87K3Fq3bLnvRuXp3aTH7w9vCtP1H1dkUP\",\"c\":\"jE5LaxdI8a8nh5la6jYKbtHJlnjOspFASU6DUkETGeJpjX9YmeYhrETYX6XCsATL\",\"leafs\":[{\"index\":1,\"attr\":\"FR-DR\",\"c_i\":\"ik4i7eCiiIFcKsrZwb97nY1GfmJHNJEtcpGleBHwb9zhFeDj0KCnUnq4BM4ueGSj\",\"c_i_prime\":\"mVkDOxOYKdiYW6b36No2fZyEQ0Vq7Ue3W7fGMPaTvl8f+DyfbftSeNtCVVnLTcbV\"},{\"index\":2,\"attr\":\"M1\",\"c_i\":\"t33mdy3DezGjmXgZNJc+eZgtF825o8aWpB4UTr0Kr7LOcnF8SpSOE57ZLe9sMvgu\",\"c_i_prime\":\"qAmp1FUMelM9XjnvcyJecTDgYzTLOZB9BhIrJ4s06tXW3FKGSUiokrPyH5wkuA7A\"}]},\"sym\":{\"nonce\":\"/+ZLo8TiRr2TeCm7\",\"ciphertext\":\"frkW42YFnYu6+MYSuc3s21jBYnM\"}}|{\"version\":1,\"r1\":\"sbPZiIDlLu6q4yIpXchREVewtacjsWvKWqH/9vPbqPPH8d8ib3GNjfnbTfs9/ZCW\",\"r2\":\"jmbcjZFG+OfeIjP9Psl5GrqYbxpdvUJ2L+VGUKKlwmjAngcZicujKMR2NN2OXTd7C0sux1LP2tuR/pHoPMcoCfXWoo52Cr3Q7nayb2tEb5d3qJ0BDR3eIDV9uuYS3Gzq\",\"r3\":\"k0ik5mIG/nZgYcLRvtdvt6T567PQF9XL5PfT5owgZDXhv3G1C1nHxaQfMGzIkJ5LAtKfmpFgVjTjO8nQ362vXxhV+gToz30mYm4My3M35Ksu7/+z6O0J9NPGqU6+sqWI\"}","mid":"N01_44","name":"recv_payload","tkn":"payload-N01_44","topic":"TM","dest":"TM"}

2026-10-05 18:04:48.223 Authority: {"name":"recv_desc","mid":"N00_44","desc":{"_date":"1791216288220","_nbfrags":"1","src":"Authority","_docid":"N00_44","_weight":"116","topic":"TM","dest":"TM"}}

2026-10-05 18:04:48.224 Authority: {"tkn":"t3","name":"ok"}

2026-10-05 18:04:48.225 Authority: {"data":"TLS(D3CS|Authority|TM|ARL_UPDATE|{\"version\":1,\"items\":[{\"attribute_type\":\"mission\",\"attribute_value\":\"BENCH_ARL\"}]})","tkn":"payload-N00_44","name":"recv_payload","mid":"N00_44","topic":"TM","dest":"TM"}

2026-10-05 18:04:49.759 Authority: {"name":"recv_desc","mid":"N00_48","desc":{"_date":"1791216289755","_nbfrags":"1","src":"Authority","_docid":"N00_48","_weight":"58","topic":"TM","dest":"TM"}}

2026-10-05 18:04:49.759 Authority: {"tkn":"t3","name":"ok"}

2026-10-05 18:04:49.761 Authority: {"data":"TLS(D3CS|Authority|TM|ARL_UPDATE|{\"version\":2,\"items\":[]})","tkn":"payload-N00_48","name":"recv_payload","mid":"N00_48","topic":"TM","dest":"TM"}

2026-10-05 18:04:51.294 Authority: {"name":"recv_desc","mid":"N00_51","desc":{"_date":"1791216291291","_nbfrags":"1","src":"Authority","_docid":"N00_51","_weight":"116","topic":"TM","dest":"TM"}}

2026-10-05 18:04:51.294 Authority: {"tkn":"t3","name":"ok"}

2026-10-05 18:04:51.296 Authority: {"data":"TLS(D3CS|Authority|TM|ARL_UPDATE|{\"version\":3,\"items\":[{\"attribute_type\":\"mission\",\"attribute_value\":\"BENCH_ARL\"}]})","tkn":"payload-N00_51","name":"recv_payload","mid":"N00_51","topic":"TM","dest":"TM"}

2026-10-05 18:04:52.832 Authority: {"name":"recv_desc","mid":"N00_55","desc":{"_date":"1791216292828","_nbfrags":"1","src":"Authority","_docid":"N00_55","_weight":"58","topic":"TM","dest":"TM"}}

2026-10-05 18:04:52.832 Authority: {"tkn":"t3","name":"ok"}

2026-10-05 18:04:52.834 Authority: {"data":"TLS(D3CS|Authority|TM|ARL_UPDATE|{\"version\":4,\"items\":[]})","tkn":"payload-N00_55","name":"recv_payload","mid":"N00_55","topic":"TM","dest":"TM"}

2026-10-05 18:04:54.365 Authority: {"name":"recv_desc","mid":"N00_58","desc":{"_date":"1791216294363","_nbfrags":"1","src":"Authority","_docid":"N00_58","_weight":"116","topic":"TM","dest":"TM"}}

2026-10-05 18:04:54.365 Authority: {"tkn":"t3","name":"ok"}

2026-10-05 18:04:54.366 Authority: {"data":"TLS(D3CS|Authority|TM|ARL_UPDATE|{\"version\":5,\"items\":[{\"attribute_type\":\"mission\",\"attribute_value\":\"BENCH_ARL\"}]})","tkn":"payload-N00_58","name":"recv_payload","mid":"N00_58","topic":"TM","dest":"TM"}

2026-10-05 18:04:55.902 Authority: {"name":"recv_desc","mid":"N00_62","desc":{"_date":"1791216295899","_nbfrags":"1","src":"Authority","_docid":"N00_62","_weight":"58","topic":"TM","dest":"TM"}}

2026-10-05 18:04:55.903 Authority: {"tkn":"t3","name":"ok"}

2026-10-05 18:04:55.905 Authority: {"data":"TLS(D3CS|Authority|TM|ARL_UPDATE|{\"version\":6,\"items\":[]})","tkn":"payload-N00_62","name":"recv_payload","mid":"N00_62","topic":"TM","dest":"TM"}

2026-10-05 18:04:59.255 Authority: {"name":"recv_desc","mid":"N01_74","desc":{"_st":"1791216299208","_date":"1791216299162","_nbfrags":"1","src":"TM1","_docid":"N01_74","_weight":"106","topic":"TM","_rcv":"N00","dest":"TM","_sdr":"N01"}}

2026-10-05 18:04:59.257 Authority: {"data":"TLS(D3CS|TM1|TM|KEY_REQUEST|bench_h1_key_w1|{\"classification\":\"FR-DR\",\"mission\":\"M1\"}|bench_h1_key_w1|TM1)","tkn":"payload-N01_74","name":"recv_payload","mid":"N01_74","topic":"TM","dest":"TM"}

2026-10-05 18:04:59.776 Authority: {"tkn":"t3","name":"ok"}

2026-10-05 18:05:00.285 Authority: {"tkn":"t3","name":"ok"}

2026-10-05 18:05:02.104 Authority: {"data":"TLS(D3CS|TM1|TM|KEY_REQUEST|bench_h1_key_001|{\"classification\":\"FR-DR\",\"mission\":\"M1\"}|bench_h1_key_001|TM1)","mid":"N01_86","name":"recv_payload","tkn":"payload-N01_86","topic":"TM","dest":"TM"}

2026-10-05 18:05:03.136 Authority: {"tkn":"t3","name":"ok"}

2026-10-05 18:05:03.649 Authority: {"tkn":"t3","name":"ok"}

2026-10-05 18:05:04.413 Authority: {"data":"TLS(D3CS|TM1|TM|KEY_REQUEST|bench_h1_key_002|{\"classification\":\"FR-DR\",\"mission\":\"M1\"}|bench_h1_key_002|TM1)","mid":"N01_97","name":"recv_payload","tkn":"payload-N01_97","topic":"TM","dest":"TM"}

2026-10-05 18:05:05.443 Authority: {"tkn":"t3","name":"ok"}

2026-10-05 18:05:05.948 Authority: {"tkn":"t3","name":"ok"}

:\"mission\",\"attribute_value\":\"BENCH_ARL\"}]})","tkn":"payload-N00_58","name":"recv_payload","mid":"N00_58","topic":"TM","dest":"TM"}
2026-10-05 18:04:55.902 Authority: {"name":"recv_desc","mid":"N00_62","desc":{"_date":"1791216295899","_nbfrags":"1","src":"Authority","_docid":"N00_62","_weight":"58","topic":"TM","dest":"TM"}}
2026-10-05 18:04:55.903 Authority: {"tkn":"t3","name":"ok"}
2026-10-05 18:04:55.905 Authority: {"data":"TLS(D3CS|Authority|TM|ARL_UPDATE|{\"version\":6,\"items\":[]})","tkn":"payload-N00_62","name":"recv_payload","mid":"N00_62","topic":"TM","dest":"TM"}
2026-10-05 18:04:59.255 Authority: {"name":"recv_desc","mid":"N01_74","desc":{"_st":"1791216299208","_date":"1791216299162","_nbfrags":"1","src":"TM1","_docid":"N01_74","_weight":"106","topic":"TM","_rcv":"N00","dest":"TM","_sdr":"N01"}}
2026-10-05 18:04:59.257 Authority: {"data":"TLS(D3CS|TM1|TM|KEY_REQUEST|bench_h1_key_w1|{\"classification\":\"FR-DR\",\"mission\":\"M1\"}|bench_h1_key_w1|TM1)","tkn":"payload-N01_74","name":"recv_payload","mid":"N01_74","topic":"TM","dest":"TM"}
2026-10-05 18:04:59.776 Authority: {"tkn":"t3","name":"ok"}
2026-10-05 18:05:00.285 Authority: {"tkn":"t3","name":"ok"}
2026-10-05 18:05:02.104 Authority: {"data":"TLS(D3CS|TM1|TM|KEY_REQUEST|bench_h1_key_001|{\"classification\":\"FR-DR\",\"mission\":\"M1\"}|bench_h1_key_001|TM1)","mid":"N01_86","name":"recv_payload","tkn":"payload-N01_86","topic":"TM","dest":"TM"}
2026-10-05 18:05:03.136 Authority: {"tkn":"t3","name":"ok"}
2026-10-05 18:05:03.649 Authority: {"tkn":"t3","name":"ok"}
2026-10-05 18:05:04.413 Authority: {"data":"TLS(D3CS|TM1|TM|KEY_REQUEST|bench_h1_key_002|{\"classification\":\"FR-DR\",\"mission\":\"M1\"}|bench_h1_key_002|TM1)","mid":"N01_97","name":"recv_payload","tkn":"payload-N01_97","topic":"TM","dest":"TM"}
2026-10-05 18:05:05.443 Authority: {"tkn":"t3","name":"ok"}
2026-10-05 18:05:05.948 Authority: {"tkn":"t3","name":"ok"}
