2026-10-06 11:17:21.330 Authority: {"tkn":"t1","name":"pong"}

2026-10-06 11:17:21.871 Authority: {"tkn":"t2","name":"ok"}

2026-10-06 11:17:22.385 Authority: {"tkn":"t2","name":"ok"}

2026-10-06 11:17:22.896 Authority: {"tkn":"t2","name":"ok"}

2026-10-06 11:17:23.405 Authority: {"tkn":"t2","name":"ok"}

2026-10-06 11:17:30.409 Authority: {"name":"recv_desc","mid":"N05_29","desc":{"_st":"1791278250363","_date":"1791278249936","_nbfrags":"1","src":"TM5","_docid":"N05_29","_weight":"104","topic":"TM","_rcv":"N00","dest":"TM","_sdr":"N01"}}

2026-10-06 11:17:30.411 Authority: {"data":"TLS(D3CS|TM5|TM|KEY_REQUEST|bench_h5_setup|{\"classification\":\"FR-DR\",\"mission\":\"M1\"}|bench_h5_setup|TM5)","tkn":"payload-N05_29","name":"recv_payload","mid":"N05_29","topic":"TM","dest":"TM"}

2026-10-06 11:17:30.936 Authority: {"tkn":"t3","name":"ok"}

2026-10-06 11:17:31.470 Authority: {"tkn":"t3","name":"ok"}

2026-10-06 11:17:34.098 Authority: {"name":"recv_desc","mid":"N05_39","desc":{"_st":"1791278254050","_date":"1791278253614","_nbfrags":"1","src":"TM5","_docid":"N05_39","_weight":"1747","topic":"TM","_rcv":"N00","dest":"TM","_sdr":"N01"}}

2026-10-06 11:17:34.100 Authority: {"data":"D3CS|TM5|TM|CT_SHARE|1|{\"version\":1,\"label\":{\"classification\":\"FR-DR\",\"mission\":\"M1\"},\"abe\":{\"c_tilde\":\"b9ik+UPEciouyzt7Tt02sJDzXH3zpBvATiYvN+WNq1c2G3Totj9IrMoqMegK90QJwMgQDwkQFN/qIQwbbnDzLVTmNzHOhA6wnFD2YCyQxiyhe7J/CLzS4KGJaBd5cFYDoqW11J2N2ceHnDpfdoykKYxgT7332pVqnKx0wz0DlGGK5NDft3GdX/aoIC12gkgHzhZcOAy1yQD7ahq7EDgCVXwZdXVcinsGmP6DevkGyaqF5ChJpynXMmLURAI6eSgBIIMnuTwa5rK547iiJAG8Nb6wQixTxEZ/330RLWSxmAZZu/Q+Q51KgkuurD/urcYW83L8lDyWZHfazqVIiC8cRfKW6IUcY9zgjX9yTDqejZ3JYYpUdohsUh8BUZGzcEALLQjTmC1a3jBFRyfVTxeVk2RTYPzLvn8XDINmkaKIBJrqtphKR8sTyCCFqteTY6UQSF/2FiCZNJ3xXlAF8pCwINlFwRNnABdU/VrcBhVX113RpqpXn/OQX1lw69qo4sMQeUDSo+SM/tKRgbZUO+FszFinyh7+9aaPqwrKEXE1YEmQid52oR3qNMOB9S76vKAQTCOHLQ9ZRHFSFIQAwvsJSCfrhuwMc8G6KSw+GAsO2tEQeBRX/NQLwgG1iGFgf0oQvEkSoTAhuyZckQ3+CpnPHopZ5SAhehbGucNa9zaeZeK4sUQZXHncyocVY9k1cyELDHQE3bSv3ohwCk2NxrbbMin2sb7fzT9z8vth5VHIjsriQ1+Y6ZeXZXi8MmWPhicE\",\"c\":\"pkhdfwCcwuTvAUd0sUfDWgWB8DWbKS+7smH/rIwuS2yBmVrYYB/uDVxj2B7Q2N5z\",\"leafs\":[{\"index\":1,\"attr\":\"FR-DR\",\"c_i\":\"psS2lwm1nFOICXsjuc2bW/c/+fdUkJy0Z1igxEVc2pHs0tsrPlTzcNhFYFXeTn3N\",\"c_i_prime\":\"iAfBG5x+H+7InEA/a4pkaW8HalnTsg6Mln/wVkWNLziQnDqqTbrPt4Y0LnjnSibe\"},{\"index\":2,\"attr\":\"M1\",\"c_i\":\"mS1oPTufF+sFOjsG8Dy3EKj0OPbbV2ALMHbarJ0TjfpjDWs970P05mWwDtWxDzKw\",\"c_i_prime\":\"pOZvwREF79YhYBQQGtwbxeOiDCBOupJaopChBTfmhdtoyjqi9JgCokg3YLTSj0Q8\"}]},\"sym\":{\"nonce\":\"pqRaJaCftgVUXOVi\",\"ciphertext\":\"QooY7YKnIc6O6d2hMXppSVfG01c\"}}|{\"version\":1,\"r1\":\"mLyIsmW/IV7ibhm5DxH5V22IRBrUrd76oTfNh8Axzd6D7SosbMyPPeSyMa5o3RjD\",\"r2\":\"k5UNWDvGvCgoS9OZcEWvRC8qgjsPWZFgKI4t34AGnms4eswtpajzAqmMeBbDDFcbDUJxaUuV6NNI0IheDIx1l3xkwAP3X5oy/MfW8WZ4ziNnRo+HEixj4NBUHJSWOgy8\",\"r3\":\"lmYsoYw1ib6dWTDHzhz51HBs2WK3Vt+dEtZ1n7pMj1QLikt7DqELUMWRfaVsRwL4D6rPgF4KZMGB7FfIfUVPnpGAeFi84iejWmDFiPGNNvVeDN9zYQMpp9pJbPyMVCQD\"}","tkn":"payload-N05_39","name":"recv_payload","mid":"N05_39","topic":"TM","dest":"TM"}

2026-10-06 11:17:35.638 Authority: {"name":"recv_desc","mid":"N05_43","desc":{"_st":"1791278255581","_date":"1791278255148","_nbfrags":"1","src":"TM5","_docid":"N05_43","_weight":"1747","topic":"TM","_rcv":"N00","dest":"TM","_sdr":"N01"}}

2026-10-06 11:17:35.639 Authority: {"data":"D3CS|TM5|TM|CT_SHARE|2|{\"version\":1,\"label\":{\"classification\":\"FR-DR\",\"mission\":\"M1\"},\"abe\":{\"c_tilde\":\"UTVsy8f03SfbP2SQl0Rbi1ma7wkHYb/+wNnai6Ie1ESURnVwo7HtZnMXxKFA7bQFs7HqjVTQ7mI5jBYzDzJX7jvyyLWv666o96cQrAnulUC737D7A6CK+dG0C1VGMroLXFlwD8pj5d93s6KILqLEerBIYqk6dXqljgyQktu81LElas1jlc0yZHtObVONdjQQKwJwdY4peKa8JZVn1wBqSA8sKZuF2rNLMJydokmb+4AFYQBiCI/kdm3VN1Pc4vYA5TZgRSzKchX7HHU6SFuPu8fEKKGlZBU6Z/bOBj2aZx2YZPtEFLxM5kwEQT1gj7UQWypB1wREyCOyhyEMt7bipILXUGztuD3roL0axrtDQ7fkNcjxSlbKKQTs6TH2E6gRlIwgpL2/JCb1m5KIFDGm/yiT8wwOnuZnP2P2EyS5mJ5Fd2jAmmg/sd3XlcdAnLQB5J/s14DDib6M+WQjuq73EhcWyloKV0K64kUtbcbUXmAo3r/m4tCL+RBHUcRz/90NdSupFdR3r7Ldb92wXXeIJwmlV2C79BWYy01DPLSixHVbKBpOnOWfYaxtpkVm0/0DjoHRnVQ91VxeVOT6vlvUHF6m8l+y4m++dERJHgyVrA7iwJpCcLhzVVEaks2QylkW91pyIySuNH44Nreu3eT6GEL98UYxe361v0F/eBofCaAZlpqThnkASRHy6DlRWOoYjpiYjYVA/lXfji2/ZvXacLmIlTxtUxnxQirWt22bGBV1DSPr1afyJU83+ekYEHwD\",\"c\":\"jH8mbXm1Mx8z2BVj5/nJoNVy35nGaK7L3eCrGOYZsiLoSimLn9VldoS4BjOujAcb\",\"leafs\":[{\"index\":1,\"attr\":\"FR-DR\",\"c_i\":\"lDNNFMuuZ1X1MwPAa8tHhYsiBXjgjYS2niHj0j25byGPfXoPbHbWhOnsS+uiMptR\",\"c_i_prime\":\"r4JRGfVrnKmO9a4OBH9gPz3z1kVCBKDL5MJM/teMbR/8m3YYq+wtAAIx7fwHNkPU\"},{\"index\":2,\"attr\":\"M1\",\"c_i\":\"rYg5xpyMSbLQhSoGJWg1XMeZh48azcmR9Xxe8YoGqcHtS4l+uqLvYcFu8hSVSJ4e\",\"c_i_prime\":\"jtEjX0YmAbNfa6i93ckasxr/gjZ8+OfbwMFb25FaGUZlBWO/+AcLyfT4rwsFSo0h\"}]},\"sym\":{\"nonce\":\"T3QguvlvHNmvl2Wu\",\"ciphertext\":\"L8RK4BdL1sPWi1s0NDLFoNrlziM\"}}|{\"version\":1,\"r1\":\"r1lZI7Gw95beZoQ3CeUxg5iq7d3eGuIB21PNHq+zVz7V8alkfqZbVYI95cR2jnva\",\"r2\":\"mNKKE77F5JhQUOf+vTjPzHGhZD65B1w3iMEy7TxncnvEtbcegCt51xp1jHrzJQHWFh7PGsg29dZmg93xMI4oXseYJwAtnB/3nctMx/d0imk8zYfX2Z3Q4tVBH1Fcz1hh\",\"r3\":\"pACEJ2EeLaAr+j9xHEMCadyVXV2GBpcIFwb2xxZeqJVZzsfxi94d8Se6awJJYysdCfeSZZDSdT7PsMY/WPHZGMWUv3AnRk6cwSLpQGQHxdm09AezQaxzSfvZ8oFggoTB\"}","tkn":"payload-N05_43","name":"recv_payload","mid":"N05_43","topic":"TM","dest":"TM"}

2026-10-06 11:17:37.152 Authority: {"name":"recv_desc","mid":"N05_46","desc":{"_st":"1791278257105","_date":"1791278256685","_nbfrags":"1","src":"TM5","_docid":"N05_46","_weight":"1747","topic":"TM","_rcv":"N00","dest":"TM","_sdr":"N01"}}

2026-10-06 11:17:37.153 Authority: {"data":"D3CS|TM5|TM|CT_SHARE|3|{\"version\":1,\"label\":{\"classification\":\"FR-DR\",\"mission\":\"M1\"},\"abe\":{\"c_tilde\":\"ZQ8lIVYQA4zWStF44MfvNMtueZjtPKZRfPBKr7bIjViIBOf4jOrllZJBIzafGssWgSL75AwzKowP3ZGmbx1xEj+aHC6grTb0BkW8MDTwZ5jROqmK56mwBmMyWCYLrpsQN3iKtXyqkxdHhEVnsfWftdSYHFF0OwcYgpNi++46owSl1BBCNsBj5ZEOTl43CVEWz5TPD0KY8cjVFbqvLYvo4M/zP1vHaLBfuVCFUvXKvPiZGwJmH6jqGtEagVY3xHkDj6aV19/IFRxDWdO4IuT/aEBS5c8BHlI1tK1yRExKUXR+bT3AVqOG1fo1gZvLOkgUJW0J52KIyDNqa3WZZtTUzsW0yZG8APjZxFwuD809KLKerY8pug3kR98ZWqffe6YH/TkBvfyQFlxHmFsMQDn9dbM/2eNd1DYH7WQ+ZzyyJ+ksm0Mae/HXg21pTRGnnZAUjTgR0epdh06uWRlUCNPOu5JYmvJRwSnOAg1f727mn2wMF0r1rAb+LG7MEZBVI3MX7uaqEitPuiVp6AefTcOuOHOe/6RGfl+HMQLywyUO/KM66/5gSAYf7NR/CmtZrYAEq4fXi+U2adJqlOAGz7MABTIKb5tY8yU3fKBNDU5o405ZS8mjZnL3E51DNY9FWeIF+pf00pg68oV43jwe+RghIWXxHSNMbgFb+gy8pPwNj4zl2SNux2wasyDWJp9NnUwMGrpIxVn/pOjzjMtmEPzIYC23lMzzV/6tJra265imLT+7Vn9oip5go+ZT/6h9aK8I\",\"c\":\"j+aGwyNCm0mbSSKbrqVIRYeEOneM8DjRjZBvo6cVmAEcSA21JxTg6ihaG5lOcNp+\",\"leafs\":[{\"index\":1,\"attr\":\"FR-DR\",\"c_i\":\"j7RpoEStSwm3DItg5lImJ8NpMplyNKk2VOb/+FCcnRBn0XGpvaghq8yRLlsh8vMs\",\"c_i_prime\":\"sX2UD/LXdSzWUQUl2DHDgHd2IpIh0GzNj0hy8fJK95HP2GXAjujqy4gTnfKBG/aa\"},{\"index\":2,\"attr\":\"M1\",\"c_i\":\"sZK6sRqEWMhiKehSu+mb7oi/+hyfpqg6AyvzgiO4lz9d8W0LrjVf0Pu8NgdvSsWe\",\"c_i_prime\":\"gevDKxupdLcifQWgiLyjwtmwSIBHvV3no0YlBqkJwAD6AA4aR/dmzaumgi8M01pD\"}]},\"sym\":{\"nonce\":\"/Wbuih1aviTk5oCq\",\"ciphertext\":\"Je24WCs6jjtqK76R5YweMC6vSqU\"}}|{\"version\":1,\"r1\":\"paAPK4SS3ddyXukHcvzzgXTwkQuS3eFna50luZyyberz+jol270STnRJd5s62d41\",\"r2\":\"mIfaRrH02OUpKKmBPMWJMlSomRDCyjNHe5iMsyMgjTApucPGZCQIimr4+4Rmd+BHBgvI8J2AB2XAvzbiEU2oKULZ1Hg4kWfnMXK/WomayUZoO2JxxSZB0Q4hw/xPbeye\",\"r3\":\"ltRkmtbv5Bh69UVfn32IbVCqDSHrWfcDhktCdH8BSvfhqIAlZYv/AcTL/+2S3gETDuzM2lkSSKRC35/cFGUp6oJhjLJuRcMtv3jF7tjMViGCB3NW/qOJtbMyhptroah6\"}","tkn":"payload-N05_46","name":"recv_payload","mid":"N05_46","topic":"TM","dest":"TM"}

2026-10-06 11:17:38.834 Authority: {"name":"recv_desc","mid":"N00_42","desc":{"_date":"1791278258830","_nbfrags":"1","src":"Authority","_docid":"N00_42","_weight":"116","topic":"TM","dest":"TM"}}

2026-10-06 11:17:38.834 Authority: {"tkn":"t3","name":"ok"}

2026-10-06 11:17:38.835 Authority: {"data":"TLS(D3CS|Authority|TM|ARL_UPDATE|{\"version\":1,\"items\":[{\"attribute_type\":\"mission\",\"attribute_value\":\"BENCH_ARL\"}]})","tkn":"payload-N00_42","name":"recv_payload","mid":"N00_42","topic":"TM","dest":"TM"}

2026-10-06 11:17:40.365 Authority: {"name":"recv_desc","mid":"N00_46","desc":{"_date":"1791278260364","_nbfrags":"1","src":"Authority","_docid":"N00_46","_weight":"58","topic":"TM","dest":"TM"}}

2026-10-06 11:17:40.365 Authority: {"tkn":"t3","name":"ok"}

2026-10-06 11:17:40.366 Authority: {"data":"TLS(D3CS|Authority|TM|ARL_UPDATE|{\"version\":2,\"items\":[]})","tkn":"payload-N00_46","name":"recv_payload","mid":"N00_46","topic":"TM","dest":"TM"}

2026-10-06 11:17:41.900 Authority: {"name":"recv_desc","mid":"N00_49","desc":{"_date":"1791278261899","_nbfrags":"1","src":"Authority","_docid":"N00_49","_weight":"116","topic":"TM","dest":"TM"}}

2026-10-06 11:17:41.901 Authority: {"tkn":"t3","name":"ok"}

2026-10-06 11:17:41.946 Authority: {"data":"TLS(D3CS|Authority|TM|ARL_UPDATE|{\"version\":3,\"items\":[{\"attribute_type\":\"mission\",\"attribute_value\":\"BENCH_ARL\"}]})","tkn":"payload-N00_49","name":"recv_payload","mid":"N00_49","topic":"TM","dest":"TM"}

2026-10-06 11:17:43.505 Authority: {"name":"recv_desc","mid":"N00_53","desc":{"_date":"1791278263503","_nbfrags":"1","src":"Authority","_docid":"N00_53","_weight":"58","topic":"TM","dest":"TM"}}

2026-10-06 11:17:43.505 Authority: {"tkn":"t3","name":"ok"}

2026-10-06 11:17:43.506 Authority: {"data":"TLS(D3CS|Authority|TM|ARL_UPDATE|{\"version\":4,\"items\":[]})","tkn":"payload-N00_53","name":"recv_payload","mid":"N00_53","topic":"TM","dest":"TM"}

2026-10-06 11:17:45.037 Authority: {"name":"recv_desc","mid":"N00_56","desc":{"_date":"1791278265035","_nbfrags":"1","src":"Authority","_docid":"N00_56","_weight":"116","topic":"TM","dest":"TM"}}

2026-10-06 11:17:45.037 Authority: {"tkn":"t3","name":"ok"}

2026-10-06 11:17:45.039 Authority: {"data":"TLS(D3CS|Authority|TM|ARL_UPDATE|{\"version\":5,\"items\":[{\"attribute_type\":\"mission\",\"attribute_value\":\"BENCH_ARL\"}]})","tkn":"payload-N00_56","name":"recv_payload","mid":"N00_56","topic":"TM","dest":"TM"}

2026-10-06 11:17:46.578 Authority: {"name":"recv_desc","mid":"N00_60","desc":{"_date":"1791278266574","_nbfrags":"1","src":"Authority","_docid":"N00_60","_weight":"58","topic":"TM","dest":"TM"}}

2026-10-06 11:17:46.578 Authority: {"tkn":"t3","name":"ok"}

2026-10-06 11:17:46.580 Authority: {"data":"TLS(D3CS|Authority|TM|ARL_UPDATE|{\"version\":6,\"items\":[]})","tkn":"payload-N00_60","name":"recv_payload","mid":"N00_60","topic":"TM","dest":"TM"}

2026-10-06 11:17:49.678 Authority: {"data":"TLS(D3CS|TM5|TM|KEY_REQUEST|bench_h5_key_w1|{\"classification\":\"FR-DR\",\"mission\":\"M1\"}|bench_h5_key_w1|TM5)","mid":"N05_75","name":"recv_payload","tkn":"payload-N05_75","topic":"TM","dest":"TM"}

2026-10-06 11:17:50.707 Authority: {"tkn":"t3","name":"ok"}

2026-10-06 11:17:51.212 Authority: {"tkn":"t3","name":"ok"}

2026-10-06 11:17:54.852 Authority: {"name":"recv_desc","mid":"N05_88","desc":{"_st":"1791278274807","_date":"1791278274384","_nbfrags":"1","src":"TM5","_docid":"N05_88","_weight":"108","topic":"TM","_rcv":"N00","dest":"TM","_sdr":"N01"}}

2026-10-06 11:17:54.854 Authority: {"data":"TLS(D3CS|TM5|TM|KEY_REQUEST|bench_h5_key_001|{\"classification\":\"FR-DR\",\"mission\":\"M1\"}|bench_h5_key_001|TM5)","tkn":"payload-N05_88","name":"recv_payload","mid":"N05_88","topic":"TM","dest":"TM"}

2026-10-06 11:17:55.383 Authority: {"tkn":"t3","name":"ok"}

2026-10-06 11:17:55.921 Authority: {"tkn":"t3","name":"ok"}

2026-10-06 11:17:58.513 Authority: {"name":"recv_desc","mid":"N05_99","desc":{"_st":"1791278278467","_date":"1791278278028","_nbfrags":"1","src":"TM5","_docid":"N05_99","_weight":"108","topic":"TM","_rcv":"N00","dest":"TM","_sdr":"N01"}}

2026-10-06 11:17:58.515 Authority: {"data":"TLS(D3CS|TM5|TM|KEY_REQUEST|bench_h5_key_002|{\"classification\":\"FR-DR\",\"mission\":\"M1\"}|bench_h5_key_002|TM5)","tkn":"payload-N05_99","name":"recv_payload","mid":"N05_99","topic":"TM","dest":"TM"}

2026-10-06 11:17:59.035 Authority: {"tkn":"t3","name":"ok"}

2026-10-06 11:17:59.564 Authority: {"tkn":"t3","name":"ok"}

,"_nbfrags":"1","src":"Authority","_docid":"N00_60","_weight":"58","topic":"TM","dest":"TM"}}
2026-10-06 11:17:46.578 Authority: {"tkn":"t3","name":"ok"}
2026-10-06 11:17:46.580 Authority: {"data":"TLS(D3CS|Authority|TM|ARL_UPDATE|{\"version\":6,\"items\":[]})","tkn":"payload-N00_60","name":"recv_payload","mid":"N00_60","topic":"TM","dest":"TM"}
2026-10-06 11:17:49.678 Authority: {"data":"TLS(D3CS|TM5|TM|KEY_REQUEST|bench_h5_key_w1|{\"classification\":\"FR-DR\",\"mission\":\"M1\"}|bench_h5_key_w1|TM5)","mid":"N05_75","name":"recv_payload","tkn":"payload-N05_75","topic":"TM","dest":"TM"}
2026-10-06 11:17:50.707 Authority: {"tkn":"t3","name":"ok"}
2026-10-06 11:17:51.212 Authority: {"tkn":"t3","name":"ok"}
2026-10-06 11:17:54.852 Authority: {"name":"recv_desc","mid":"N05_88","desc":{"_st":"1791278274807","_date":"1791278274384","_nbfrags":"1","src":"TM5","_docid":"N05_88","_weight":"108","topic":"TM","_rcv":"N00","dest":"TM","_sdr":"N01"}}
2026-10-06 11:17:54.854 Authority: {"data":"TLS(D3CS|TM5|TM|KEY_REQUEST|bench_h5_key_001|{\"classification\":\"FR-DR\",\"mission\":\"M1\"}|bench_h5_key_001|TM5)","tkn":"payload-N05_88","name":"recv_payload","mid":"N05_88","topic":"TM","dest":"TM"}
2026-10-06 11:17:55.383 Authority: {"tkn":"t3","name":"ok"}
2026-10-06 11:17:55.921 Authority: {"tkn":"t3","name":"ok"}
2026-10-06 11:17:58.513 Authority: {"name":"recv_desc","mid":"N05_99","desc":{"_st":"1791278278467","_date":"1791278278028","_nbfrags":"1","src":"TM5","_docid":"N05_99","_weight":"108","topic":"TM","_rcv":"N00","dest":"TM","_sdr":"N01"}}
2026-10-06 11:17:58.515 Authority: {"data":"TLS(D3CS|TM5|TM|KEY_REQUEST|bench_h5_key_002|{\"classification\":\"FR-DR\",\"mission\":\"M1\"}|bench_h5_key_002|TM5)","tkn":"payload-N05_99","name":"recv_payload","mid":"N05_99","topic":"TM","dest":"TM"}
2026-10-06 11:17:59.035 Authority: {"tkn":"t3","name":"ok"}
2026-10-06 11:17:59.564 Authority: {"tkn":"t3","name":"ok"}
