event=send timestamp_ns=1791280169174003458 workflow=KEY_RESPONSE run_id=bench_h1_setup node=Authority source=Authority destination=bench_h1_setup
event=receive timestamp_ns=1791280170222356991 workflow=KEY_REQUEST run_id=bench_h1_setup node=Authority source=TM1 destination=TM
event=receive timestamp_ns=1791280171544075128 workflow=CT_SHARE run_id=1 node=Authority source=TM1 destination=TM
event=receive timestamp_ns=1791280173080175107 workflow=CT_SHARE run_id=2 node=Authority source=TM1 destination=TM
event=receive timestamp_ns=1791280174660558159 workflow=CT_SHARE run_id=3 node=Authority source=TM1 destination=TM
event=receive timestamp_ns=1791280176229606725 workflow=CT_SHARE run_id=4 node=Authority source=TM1 destination=TM
event=receive timestamp_ns=1791280177730981899 workflow=CT_SHARE run_id=5 node=Authority source=TM1 destination=TM
event=receive timestamp_ns=1791280179289988541 workflow=CT_SHARE run_id=6 node=Authority source=TM1 destination=TM
event=receive timestamp_ns=1791280180793966722 workflow=CT_SHARE run_id=7 node=Authority source=TM1 destination=TM
event=receive timestamp_ns=1791280182328708057 workflow=CT_SHARE run_id=8 node=Authority source=TM1 destination=TM
event=receive timestamp_ns=1791280183881021396 workflow=CT_SHARE run_id=9 node=Authority source=TM1 destination=TM
event=receive timestamp_ns=1791280185412002832 workflow=CT_SHARE run_id=10 node=Authority source=TM1 destination=TM
event=receive timestamp_ns=1791280187001527943 workflow=CT_SHARE run_id=11 node=Authority source=TM1 destination=TM
event=receive timestamp_ns=1791280188545235823 workflow=CT_SHARE run_id=12 node=Authority source=TM1 destination=TM
event=receive timestamp_ns=1791280190109554471 workflow=CT_SHARE run_id=13 node=Authority source=TM1 destination=TM
event=receive timestamp_ns=1791280191616061579 workflow=CT_SHARE run_id=14 node=Authority source=TM1 destination=TM
event=receive timestamp_ns=1791280193181180390 workflow=CT_SHARE run_id=15 node=Authority source=TM1 destination=TM
event=receive timestamp_ns=1791280194713668352 workflow=CT_SHARE run_id=16 node=Authority source=TM1 destination=TM
event=receive timestamp_ns=1791280196293121292 workflow=CT_SHARE run_id=17 node=Authority source=TM1 destination=TM
event=receive timestamp_ns=1791280197822635482 workflow=CT_SHARE run_id=18 node=Authority source=TM1 destination=TM
event=receive timestamp_ns=1791280199460762117 workflow=CT_SHARE run_id=19 node=Authority source=TM1 destination=TM
event=receive timestamp_ns=1791280200960156459 workflow=CT_SHARE run_id=20 node=Authority source=TM1 destination=TM
event=receive timestamp_ns=1791280202490945439 workflow=CT_SHARE run_id=21 node=Authority source=TM1 destination=TM
event=receive timestamp_ns=1791280204030133419 workflow=CT_SHARE run_id=22 node=Authority source=TM1 destination=TM
event=receive timestamp_ns=1791280205640520669 workflow=CT_SHARE run_id=23 node=Authority source=TM1 destination=TM
event=receive timestamp_ns=1791280207171334807 workflow=CT_SHARE run_id=24 node=Authority source=TM1 destination=TM
event=receive timestamp_ns=1791280208707425032 workflow=CT_SHARE run_id=25 node=Authority source=TM1 destination=TM
event=receive timestamp_ns=1791280210241349604 workflow=CT_SHARE run_id=26 node=Authority source=TM1 destination=TM
event=receive timestamp_ns=1791280211783161782 workflow=CT_SHARE run_id=27 node=Authority source=TM1 destination=TM
event=receive timestamp_ns=1791280213343303615 workflow=CT_SHARE run_id=28 node=Authority source=TM1 destination=TM
event=receive timestamp_ns=1791280214915462544 workflow=CT_SHARE run_id=29 node=Authority source=TM1 destination=TM
event=receive timestamp_ns=1791280216417677504 workflow=CT_SHARE run_id=30 node=Authority source=TM1 destination=TM
event=receive timestamp_ns=1791280218018737660 workflow=CT_SHARE run_id=31 node=Authority source=TM1 destination=TM
event=receive timestamp_ns=1791280219557283915 workflow=CT_SHARE run_id=32 node=Authority source=TM1 destination=TM
event=receive timestamp_ns=1791280221093540505 workflow=CT_SHARE run_id=33 node=Authority source=TM1 destination=TM
event=receive timestamp_ns=1791280222622748478 workflow=CT_SHARE run_id=34 node=Authority source=TM1 destination=TM
event=receive timestamp_ns=1791280224160542898 workflow=CT_SHARE run_id=35 node=Authority source=TM1 destination=TM
event=send timestamp_ns=1791280224346144637 workflow=ARL_UPDATE run_id=1 node=Authority source=Authority destination=TM
event=send timestamp_ns=1791280226010803926 workflow=ARL_UPDATE run_id=2 node=Authority source=Authority destination=TM
event=send timestamp_ns=1791280227544437197 workflow=ARL_UPDATE run_id=3 node=Authority source=Authority destination=TM
event=send timestamp_ns=1791280229081928619 workflow=ARL_UPDATE run_id=4 node=Authority source=Authority destination=TM
event=send timestamp_ns=1791280230618106132 workflow=ARL_UPDATE run_id=5 node=Authority source=Authority destination=TM
event=send timestamp_ns=1791280232154789066 workflow=ARL_UPDATE run_id=6 node=Authority source=Authority destination=TM
event=send timestamp_ns=1791280233698837401 workflow=ARL_UPDATE run_id=7 node=Authority source=Authority destination=TM
event=send timestamp_ns=1791280235231380633 workflow=ARL_UPDATE run_id=8 node=Authority source=Authority destination=TM
event=send timestamp_ns=1791280236759698185 workflow=ARL_UPDATE run_id=9 node=Authority source=Authority destination=TM
event=send timestamp_ns=1791280238296954460 workflow=ARL_UPDATE run_id=10 node=Authority source=Authority destination=TM
event=send timestamp_ns=1791280239842138161 workflow=ARL_UPDATE run_id=11 node=Authority source=Authority destination=TM
event=send timestamp_ns=1791280241375346865 workflow=ARL_UPDATE run_id=12 node=Authority source=Authority destination=TM
event=send timestamp_ns=1791280242907579682 workflow=ARL_UPDATE run_id=13 node=Authority source=Authority destination=TM
event=send timestamp_ns=1791280244448218749 workflow=ARL_UPDATE run_id=14 node=Authority source=Authority destination=TM
event=send timestamp_ns=1791280245979418102 workflow=ARL_UPDATE run_id=15 node=Authority source=Authority destination=TM
event=send timestamp_ns=1791280247515397440 workflow=ARL_UPDATE run_id=16 node=Authority source=Authority destination=TM
event=send timestamp_ns=1791280249048802277 workflow=ARL_UPDATE run_id=17 node=Authority source=Authority destination=TM
event=send timestamp_ns=1791280250593121057 workflow=ARL_UPDATE run_id=18 node=Authority source=Authority destination=TM
event=send timestamp_ns=1791280252126740623 workflow=ARL_UPDATE run_id=19 node=Authority source=Authority destination=TM
event=send timestamp_ns=1791280253662213367 workflow=ARL_UPDATE run_id=20 node=Authority source=Authority destination=TM
event=send timestamp_ns=1791280255195603410 workflow=ARL_UPDATE run_id=21 node=Authority source=Authority destination=TM
event=send timestamp_ns=1791280256737548532 workflow=ARL_UPDATE run_id=22 node=Authority source=Authority destination=TM
event=send timestamp_ns=1791280258272490062 workflow=ARL_UPDATE run_id=23 node=Authority source=Authority destination=TM
event=send timestamp_ns=1791280259805832380 workflow=ARL_UPDATE run_id=24 node=Authority source=Authority destination=TM
event=send timestamp_ns=1791280261343930708 workflow=ARL_UPDATE run_id=25 node=Authority source=Authority destination=TM
event=send timestamp_ns=1791280262875566848 workflow=ARL_UPDATE run_id=26 node=Authority source=Authority destination=TM
event=send timestamp_ns=1791280264412997414 workflow=ARL_UPDATE run_id=27 node=Authority source=Authority destination=TM
event=send timestamp_ns=1791280265946159836 workflow=ARL_UPDATE run_id=28 node=Authority source=Authority destination=TM
event=send timestamp_ns=1791280267486874778 workflow=ARL_UPDATE run_id=29 node=Authority source=Authority destination=TM
event=send timestamp_ns=1791280269021086642 workflow=ARL_UPDATE run_id=30 node=Authority source=Authority destination=TM
event=send timestamp_ns=1791280270557274697 workflow=ARL_UPDATE run_id=31 node=Authority source=Authority destination=TM
event=send timestamp_ns=1791280272094785724 workflow=ARL_UPDATE run_id=32 node=Authority source=Authority destination=TM
event=send timestamp_ns=1791280273629824600 workflow=ARL_UPDATE run_id=33 node=Authority source=Authority destination=TM
event=send timestamp_ns=1791280275166854276 workflow=ARL_UPDATE run_id=34 node=Authority source=Authority destination=TM
event=send timestamp_ns=1791280276699123064 workflow=ARL_UPDATE run_id=35 node=Authority source=Authority destination=TM
event=send timestamp_ns=1791280278236076562 workflow=ARL_UPDATE run_id=36 node=Authority source=Authority destination=TM
event=send timestamp_ns=1791280279770847371 workflow=ARL_UPDATE run_id=37 node=Authority source=Authority destination=TM
event=send timestamp_ns=1791280281309973226 workflow=ARL_UPDATE run_id=38 node=Authority source=Authority destination=TM
event=send timestamp_ns=1791280282840465400 workflow=ARL_UPDATE run_id=39 node=Authority source=Authority destination=TM
event=send timestamp_ns=1791280284384661511 workflow=ARL_UPDATE run_id=40 node=Authority source=Authority destination=TM
event=send timestamp_ns=1791280285918277149 workflow=ARL_UPDATE run_id=41 node=Authority source=Authority destination=TM
event=send timestamp_ns=1791280287485860294 workflow=ARL_UPDATE run_id=42 node=Authority source=Authority destination=TM
event=send timestamp_ns=1791280289023513814 workflow=ARL_UPDATE run_id=43 node=Authority source=Authority destination=TM
event=send timestamp_ns=1791280290589189294 workflow=ARL_UPDATE run_id=44 node=Authority source=Authority destination=TM
event=send timestamp_ns=1791280292131498240 workflow=ARL_UPDATE run_id=45 node=Authority source=Authority destination=TM
event=send timestamp_ns=1791280293663358268 workflow=ARL_UPDATE run_id=46 node=Authority source=Authority destination=TM
event=send timestamp_ns=1791280295272755008 workflow=ARL_UPDATE run_id=47 node=Authority source=Authority destination=TM
event=send timestamp_ns=1791280296801481144 workflow=ARL_UPDATE run_id=48 node=Authority source=Authority destination=TM
event=send timestamp_ns=1791280298334525243 workflow=ARL_UPDATE run_id=49 node=Authority source=Authority destination=TM
event=send timestamp_ns=1791280299933726271 workflow=ARL_UPDATE run_id=50 node=Authority source=Authority destination=TM
event=send timestamp_ns=1791280301479345649 workflow=ARL_UPDATE run_id=51 node=Authority source=Authority destination=TM
event=send timestamp_ns=1791280303010295111 workflow=ARL_UPDATE run_id=52 node=Authority source=Authority destination=TM
event=send timestamp_ns=1791280304544163311 workflow=ARL_UPDATE run_id=53 node=Authority source=Authority destination=TM
event=send timestamp_ns=1791280306078458087 workflow=ARL_UPDATE run_id=54 node=Authority source=Authority destination=TM
event=send timestamp_ns=1791280307615440094 workflow=ARL_UPDATE run_id=55 node=Authority source=Authority destination=TM
event=send timestamp_ns=1791280309152216424 workflow=ARL_UPDATE run_id=56 node=Authority source=Authority destination=TM
event=send timestamp_ns=1791280310688190686 workflow=ARL_UPDATE run_id=57 node=Authority source=Authority destination=TM
event=send timestamp_ns=1791280312226553785 workflow=ARL_UPDATE run_id=58 node=Authority source=Authority destination=TM
event=send timestamp_ns=1791280313754933357 workflow=ARL_UPDATE run_id=59 node=Authority source=Authority destination=TM
event=send timestamp_ns=1791280315299858341 workflow=ARL_UPDATE run_id=60 node=Authority source=Authority destination=TM
event=send timestamp_ns=1791280316826400023 workflow=ARL_UPDATE run_id=61 node=Authority source=Authority destination=TM
event=send timestamp_ns=1791280318362909107 workflow=ARL_UPDATE run_id=62 node=Authority source=Authority destination=TM
event=send timestamp_ns=1791280319906237951 workflow=ARL_UPDATE run_id=63 node=Authority source=Authority destination=TM
event=send timestamp_ns=1791280321431922878 workflow=ARL_UPDATE run_id=64 node=Authority source=Authority destination=TM
event=send timestamp_ns=1791280322971143816 workflow=ARL_UPDATE run_id=65 node=Authority source=Authority destination=TM
event=send timestamp_ns=1791280324507815931 workflow=ARL_UPDATE run_id=66 node=Authority source=Authority destination=TM
event=send timestamp_ns=1791280326044701874 workflow=ARL_UPDATE run_id=67 node=Authority source=Authority destination=TM
event=send timestamp_ns=1791280327578811643 workflow=ARL_UPDATE run_id=68 node=Authority source=Authority destination=TM
event=send timestamp_ns=1791280329120410363 workflow=ARL_UPDATE run_id=69 node=Authority source=Authority destination=TM
event=send timestamp_ns=1791280330655708102 workflow=ARL_UPDATE run_id=70 node=Authority source=Authority destination=TM
event=send timestamp_ns=1791280334362193342 workflow=KEY_RESPONSE run_id=bench_h1_key_w1 node=Authority source=Authority destination=bench_h1_key_w1
event=receive timestamp_ns=1791280335402812377 workflow=KEY_REQUEST run_id=bench_h1_key_w1 node=Authority source=TM1 destination=TM
event=send timestamp_ns=1791280337785582975 workflow=KEY_RESPONSE run_id=bench_h1_key_w2 node=Authority source=Authority destination=bench_h1_key_w2
event=receive timestamp_ns=1791280338826540115 workflow=KEY_REQUEST run_id=bench_h1_key_w2 node=Authority source=TM1 destination=TM
event=send timestamp_ns=1791280341214349077 workflow=KEY_RESPONSE run_id=bench_h1_key_w3 node=Authority source=Authority destination=bench_h1_key_w3
event=receive timestamp_ns=1791280342250860513 workflow=KEY_REQUEST run_id=bench_h1_key_w3 node=Authority source=TM1 destination=TM
event=send timestamp_ns=1791280344624304691 workflow=KEY_RESPONSE run_id=bench_h1_key_w4 node=Authority source=Authority destination=bench_h1_key_w4
event=receive timestamp_ns=1791280345646739697 workflow=KEY_REQUEST run_id=bench_h1_key_w4 node=Authority source=TM1 destination=TM
event=send timestamp_ns=1791280348054397897 workflow=KEY_RESPONSE run_id=bench_h1_key_w5 node=Authority source=Authority destination=bench_h1_key_w5
event=receive timestamp_ns=1791280349098807957 workflow=KEY_REQUEST run_id=bench_h1_key_w5 node=Authority source=TM1 destination=TM
event=send timestamp_ns=1791280351471234205 workflow=KEY_RESPONSE run_id=bench_h1_key_001 node=Authority source=Authority destination=bench_h1_key_001
event=receive timestamp_ns=1791280352490552546 workflow=KEY_REQUEST run_id=bench_h1_key_001 node=Authority source=TM1 destination=TM
event=send timestamp_ns=1791280354863627451 workflow=KEY_RESPONSE run_id=bench_h1_key_002 node=Authority source=Authority destination=bench_h1_key_002
event=receive timestamp_ns=1791280355883231487 workflow=KEY_REQUEST run_id=bench_h1_key_002 node=Authority source=TM1 destination=TM
event=send timestamp_ns=1791280358223117628 workflow=KEY_RESPONSE run_id=bench_h1_key_003 node=Authority source=Authority destination=bench_h1_key_003
event=receive timestamp_ns=1791280359242425079 workflow=KEY_REQUEST run_id=bench_h1_key_003 node=Authority source=TM1 destination=TM
event=send timestamp_ns=1791280361591612610 workflow=KEY_RESPONSE run_id=bench_h1_key_004 node=Authority source=Authority destination=bench_h1_key_004
event=receive timestamp_ns=1791280362634608206 workflow=KEY_REQUEST run_id=bench_h1_key_004 node=Authority source=TM1 destination=TM
event=send timestamp_ns=1791280364981012426 workflow=KEY_RESPONSE run_id=bench_h1_key_005 node=Authority source=Authority destination=bench_h1_key_005
event=receive timestamp_ns=1791280366027124052 workflow=KEY_REQUEST run_id=bench_h1_key_005 node=Authority source=TM1 destination=TM
event=send timestamp_ns=1791280368375144679 workflow=KEY_RESPONSE run_id=bench_h1_key_006 node=Authority source=Authority destination=bench_h1_key_006
event=receive timestamp_ns=1791280369418405686 workflow=KEY_REQUEST run_id=bench_h1_key_006 node=Authority source=TM1 destination=TM
event=send timestamp_ns=1791280372814998728 workflow=KEY_RESPONSE run_id=bench_h1_key_007 node=Authority source=Authority destination=bench_h1_key_007
event=receive timestamp_ns=1791280373834649812 workflow=KEY_REQUEST run_id=bench_h1_key_007 node=Authority source=TM1 destination=TM
event=send timestamp_ns=1791280375155810175 workflow=KEY_RESPONSE run_id=bench_h1_key_008 node=Authority source=Authority destination=bench_h1_key_008
event=receive timestamp_ns=1791280376174449269 workflow=KEY_REQUEST run_id=bench_h1_key_008 node=Authority source=TM1 destination=TM
event=send timestamp_ns=1791280378511537613 workflow=KEY_RESPONSE run_id=bench_h1_key_009 node=Authority source=Authority destination=bench_h1_key_009
event=receive timestamp_ns=1791280379530503266 workflow=KEY_REQUEST run_id=bench_h1_key_009 node=Authority source=TM1 destination=TM
event=send timestamp_ns=1791280380847472410 workflow=KEY_RESPONSE run_id=bench_h1_key_010 node=Authority source=Authority destination=bench_h1_key_010
event=receive timestamp_ns=1791280381867124519 workflow=KEY_REQUEST run_id=bench_h1_key_010 node=Authority source=TM1 destination=TM
event=send timestamp_ns=1791280384213186221 workflow=KEY_RESPONSE run_id=bench_h1_key_011 node=Authority source=Authority destination=bench_h1_key_011
event=receive timestamp_ns=1791280385258533368 workflow=KEY_REQUEST run_id=bench_h1_key_011 node=Authority source=TM1 destination=TM
event=send timestamp_ns=1791280387603630206 workflow=KEY_RESPONSE run_id=bench_h1_key_012 node=Authority source=Authority destination=bench_h1_key_012
event=receive timestamp_ns=1791280388618630073 workflow=KEY_REQUEST run_id=bench_h1_key_012 node=Authority source=TM1 destination=TM
event=send timestamp_ns=1791280389970402705 workflow=KEY_RESPONSE run_id=bench_h1_key_013 node=Authority source=Authority destination=bench_h1_key_013
event=receive timestamp_ns=1791280390986877229 workflow=KEY_REQUEST run_id=bench_h1_key_013 node=Authority source=TM1 destination=TM
event=send timestamp_ns=1791280393397183015 workflow=KEY_RESPONSE run_id=bench_h1_key_014 node=Authority source=Authority destination=bench_h1_key_014
event=receive timestamp_ns=1791280394442503654 workflow=KEY_REQUEST run_id=bench_h1_key_014 node=Authority source=TM1 destination=TM
event=send timestamp_ns=1791280396817826336 workflow=KEY_RESPONSE run_id=bench_h1_key_015 node=Authority source=Authority destination=bench_h1_key_015
event=receive timestamp_ns=1791280397834619417 workflow=KEY_REQUEST run_id=bench_h1_key_015 node=Authority source=TM1 destination=TM
event=send timestamp_ns=1791280400180662859 workflow=KEY_RESPONSE run_id=bench_h1_key_016 node=Authority source=Authority destination=bench_h1_key_016
event=receive timestamp_ns=1791280401230469022 workflow=KEY_REQUEST run_id=bench_h1_key_016 node=Authority source=TM1 destination=TM
event=send timestamp_ns=1791280403606221076 workflow=KEY_RESPONSE run_id=bench_h1_key_017 node=Authority source=Authority destination=bench_h1_key_017
event=receive timestamp_ns=1791280404650758662 workflow=KEY_REQUEST run_id=bench_h1_key_017 node=Authority source=TM1 destination=TM
event=send timestamp_ns=1791280406992721489 workflow=KEY_RESPONSE run_id=bench_h1_key_018 node=Authority source=Authority destination=bench_h1_key_018
event=receive timestamp_ns=1791280408010825934 workflow=KEY_REQUEST run_id=bench_h1_key_018 node=Authority source=TM1 destination=TM
event=send timestamp_ns=1791280410393093083 workflow=KEY_RESPONSE run_id=bench_h1_key_019 node=Authority source=Authority destination=bench_h1_key_019
event=receive timestamp_ns=1791280411434921564 workflow=KEY_REQUEST run_id=bench_h1_key_019 node=Authority source=TM1 destination=TM
event=send timestamp_ns=1791280413813061700 workflow=KEY_RESPONSE run_id=bench_h1_key_020 node=Authority source=Authority destination=bench_h1_key_020
event=receive timestamp_ns=1791280414858727720 workflow=KEY_REQUEST run_id=bench_h1_key_020 node=Authority source=TM1 destination=TM
event=send timestamp_ns=1791280417232541865 workflow=KEY_RESPONSE run_id=bench_h1_key_021 node=Authority source=Authority destination=bench_h1_key_021
event=receive timestamp_ns=1791280418250425632 workflow=KEY_REQUEST run_id=bench_h1_key_021 node=Authority source=TM1 destination=TM
event=send timestamp_ns=1791280420595755144 workflow=KEY_RESPONSE run_id=bench_h1_key_022 node=Authority source=Authority destination=bench_h1_key_022
event=receive timestamp_ns=1791280421610523355 workflow=KEY_REQUEST run_id=bench_h1_key_022 node=Authority source=TM1 destination=TM
event=send timestamp_ns=1791280424980732775 workflow=KEY_RESPONSE run_id=bench_h1_key_023 node=Authority source=Authority destination=bench_h1_key_023
event=receive timestamp_ns=1791280426026580810 workflow=KEY_REQUEST run_id=bench_h1_key_023 node=Authority source=TM1 destination=TM
event=send timestamp_ns=1791280429392013373 workflow=KEY_RESPONSE run_id=bench_h1_key_024 node=Authority source=Authority destination=bench_h1_key_024
event=receive timestamp_ns=1791280430410674884 workflow=KEY_REQUEST run_id=bench_h1_key_024 node=Authority source=TM1 destination=TM
event=send timestamp_ns=1791280431734565860 workflow=KEY_RESPONSE run_id=bench_h1_key_025 node=Authority source=Authority destination=bench_h1_key_025
event=receive timestamp_ns=1791280432778466092 workflow=KEY_REQUEST run_id=bench_h1_key_025 node=Authority source=TM1 destination=TM
event=send timestamp_ns=1791280436175795069 workflow=KEY_RESPONSE run_id=bench_h1_key_026 node=Authority source=Authority destination=bench_h1_key_026
event=receive timestamp_ns=1791280437226704137 workflow=KEY_REQUEST run_id=bench_h1_key_026 node=Authority source=TM1 destination=TM
event=send timestamp_ns=1791280439602192267 workflow=KEY_RESPONSE run_id=bench_h1_key_027 node=Authority source=Authority destination=bench_h1_key_027
event=receive timestamp_ns=1791280440618564549 workflow=KEY_REQUEST run_id=bench_h1_key_027 node=Authority source=TM1 destination=TM
event=send timestamp_ns=1791280444015144783 workflow=KEY_RESPONSE run_id=bench_h1_key_028 node=Authority source=Authority destination=bench_h1_key_028
event=receive timestamp_ns=1791280445034683892 workflow=KEY_REQUEST run_id=bench_h1_key_028 node=Authority source=TM1 destination=TM
event=send timestamp_ns=1791280446389090365 workflow=KEY_RESPONSE run_id=bench_h1_key_029 node=Authority source=Authority destination=bench_h1_key_029
event=receive timestamp_ns=1791280447434722875 workflow=KEY_REQUEST run_id=bench_h1_key_029 node=Authority source=TM1 destination=TM
event=send timestamp_ns=1791280449842713701 workflow=KEY_RESPONSE run_id=bench_h1_key_030 node=Authority source=Authority destination=bench_h1_key_030
event=receive timestamp_ns=1791280450858725878 workflow=KEY_REQUEST run_id=bench_h1_key_030 node=Authority source=TM1 destination=TM
