event=receive timestamp_ns=1791280169162689914 workflow=KEY_REQUEST run_id=bench_h1_setup node=U2 source=TM1 destination=TM
event=receive timestamp_ns=1791280171034514945 workflow=CT_SHARE run_id=1 node=U2 source=TM1 destination=TM
event=receive timestamp_ns=1791280172572084980 workflow=CT_SHARE run_id=2 node=U2 source=TM1 destination=TM
event=receive timestamp_ns=1791280174135512871 workflow=CT_SHARE run_id=3 node=U2 source=TM1 destination=TM
event=receive timestamp_ns=1791280175707187755 workflow=CT_SHARE run_id=4 node=U2 source=TM1 destination=TM
event=receive timestamp_ns=1791280177238424613 workflow=CT_SHARE run_id=5 node=U2 source=TM1 destination=TM
event=receive timestamp_ns=1791280178777135912 workflow=CT_SHARE run_id=6 node=U2 source=TM1 destination=TM
event=receive timestamp_ns=1791280180307498917 workflow=CT_SHARE run_id=7 node=U2 source=TM1 destination=TM
event=receive timestamp_ns=1791280181818004255 workflow=CT_SHARE run_id=8 node=U2 source=TM1 destination=TM
event=receive timestamp_ns=1791280183386723386 workflow=CT_SHARE run_id=9 node=U2 source=TM1 destination=TM
event=receive timestamp_ns=1791280184887565846 workflow=CT_SHARE run_id=10 node=U2 source=TM1 destination=TM
event=receive timestamp_ns=1791280186520592711 workflow=CT_SHARE run_id=11 node=U2 source=TM1 destination=TM
event=receive timestamp_ns=1791280188060482133 workflow=CT_SHARE run_id=12 node=U2 source=TM1 destination=TM
event=receive timestamp_ns=1791280189587986572 workflow=CT_SHARE run_id=13 node=U2 source=TM1 destination=TM
event=receive timestamp_ns=1791280191099683387 workflow=CT_SHARE run_id=14 node=U2 source=TM1 destination=TM
event=receive timestamp_ns=1791280192657631262 workflow=CT_SHARE run_id=15 node=U2 source=TM1 destination=TM
event=receive timestamp_ns=1791280194200236082 workflow=CT_SHARE run_id=16 node=U2 source=TM1 destination=TM
event=receive timestamp_ns=1791280195769201635 workflow=CT_SHARE run_id=17 node=U2 source=TM1 destination=TM
event=receive timestamp_ns=1791280197301749662 workflow=CT_SHARE run_id=18 node=U2 source=TM1 destination=TM
event=receive timestamp_ns=1791280198903784356 workflow=CT_SHARE run_id=19 node=U2 source=TM1 destination=TM
event=receive timestamp_ns=1791280200440691512 workflow=CT_SHARE run_id=20 node=U2 source=TM1 destination=TM
event=receive timestamp_ns=1791280201970482537 workflow=CT_SHARE run_id=21 node=U2 source=TM1 destination=TM
event=receive timestamp_ns=1791280203505474219 workflow=CT_SHARE run_id=22 node=U2 source=TM1 destination=TM
event=receive timestamp_ns=1791280205112108476 workflow=CT_SHARE run_id=23 node=U2 source=TM1 destination=TM
event=receive timestamp_ns=1791280206651475081 workflow=CT_SHARE run_id=24 node=U2 source=TM1 destination=TM
event=receive timestamp_ns=1791280208185123989 workflow=CT_SHARE run_id=25 node=U2 source=TM1 destination=TM
event=receive timestamp_ns=1791280209715745941 workflow=CT_SHARE run_id=26 node=U2 source=TM1 destination=TM
event=receive timestamp_ns=1791280211287797448 workflow=CT_SHARE run_id=27 node=U2 source=TM1 destination=TM
event=receive timestamp_ns=1791280212825968077 workflow=CT_SHARE run_id=28 node=U2 source=TM1 destination=TM
event=receive timestamp_ns=1791280214393515876 workflow=CT_SHARE run_id=29 node=U2 source=TM1 destination=TM
event=receive timestamp_ns=1791280215895194623 workflow=CT_SHARE run_id=30 node=U2 source=TM1 destination=TM
event=receive timestamp_ns=1791280217495118803 workflow=CT_SHARE run_id=31 node=U2 source=TM1 destination=TM
event=receive timestamp_ns=1791280219034727827 workflow=CT_SHARE run_id=32 node=U2 source=TM1 destination=TM
event=receive timestamp_ns=1791280220571361401 workflow=CT_SHARE run_id=33 node=U2 source=TM1 destination=TM
event=receive timestamp_ns=1791280222099971057 workflow=CT_SHARE run_id=34 node=U2 source=TM1 destination=TM
event=receive timestamp_ns=1791280223639242180 workflow=CT_SHARE run_id=35 node=U2 source=TM1 destination=TM
event=receive timestamp_ns=1791280226001664534 workflow=ARL_UPDATE run_id=1 node=U2 source=Authority destination=TM
event=receive timestamp_ns=1791280227538390645 workflow=ARL_UPDATE run_id=2 node=U2 source=Authority destination=TM
event=receive timestamp_ns=1791280229073265793 workflow=ARL_UPDATE run_id=3 node=U2 source=Authority destination=TM
event=receive timestamp_ns=1791280230610915566 workflow=ARL_UPDATE run_id=4 node=U2 source=Authority destination=TM
event=receive timestamp_ns=1791280232149444494 workflow=ARL_UPDATE run_id=5 node=U2 source=Authority destination=TM
event=receive timestamp_ns=1791280233714615172 workflow=ARL_UPDATE run_id=6 node=U2 source=Authority destination=TM
event=receive timestamp_ns=1791280235216763185 workflow=ARL_UPDATE run_id=7 node=U2 source=Authority destination=TM
event=receive timestamp_ns=1791280236753332713 workflow=ARL_UPDATE run_id=8 node=U2 source=Authority destination=TM
event=receive timestamp_ns=1791280238290666306 workflow=ARL_UPDATE run_id=9 node=U2 source=Authority destination=TM
event=receive timestamp_ns=1791280239827385402 workflow=ARL_UPDATE run_id=10 node=U2 source=Authority destination=TM
event=receive timestamp_ns=1791280241361740518 workflow=ARL_UPDATE run_id=11 node=U2 source=Authority destination=TM
event=receive timestamp_ns=1791280242900123222 workflow=ARL_UPDATE run_id=12 node=U2 source=Authority destination=TM
event=receive timestamp_ns=1791280244462033643 workflow=ARL_UPDATE run_id=13 node=U2 source=Authority destination=TM
event=receive timestamp_ns=1791280245972185107 workflow=ARL_UPDATE run_id=14 node=U2 source=Authority destination=TM
event=receive timestamp_ns=1791280247510645725 workflow=ARL_UPDATE run_id=15 node=U2 source=Authority destination=TM
event=receive timestamp_ns=1791280249038579838 workflow=ARL_UPDATE run_id=16 node=U2 source=Authority destination=TM
event=receive timestamp_ns=1791280250608337699 workflow=ARL_UPDATE run_id=17 node=U2 source=Authority destination=TM
event=receive timestamp_ns=1791280252142601986 workflow=ARL_UPDATE run_id=18 node=U2 source=Authority destination=TM
event=receive timestamp_ns=1791280253646564720 workflow=ARL_UPDATE run_id=19 node=U2 source=Authority destination=TM
event=receive timestamp_ns=1791280255185480973 workflow=ARL_UPDATE run_id=20 node=U2 source=Authority destination=TM
event=receive timestamp_ns=1791280256750844807 workflow=ARL_UPDATE run_id=21 node=U2 source=Authority destination=TM
event=receive timestamp_ns=1791280258290038922 workflow=ARL_UPDATE run_id=22 node=U2 source=Authority destination=TM
event=receive timestamp_ns=1791280259794268285 workflow=ARL_UPDATE run_id=23 node=U2 source=Authority destination=TM
event=receive timestamp_ns=1791280261326751318 workflow=ARL_UPDATE run_id=24 node=U2 source=Authority destination=TM
event=receive timestamp_ns=1791280262867011794 workflow=ARL_UPDATE run_id=25 node=U2 source=Authority destination=TM
event=receive timestamp_ns=1791280264402083577 workflow=ARL_UPDATE run_id=26 node=U2 source=Authority destination=TM
event=receive timestamp_ns=1791280265938712284 workflow=ARL_UPDATE run_id=27 node=U2 source=Authority destination=TM
event=receive timestamp_ns=1791280267503583428 workflow=ARL_UPDATE run_id=28 node=U2 source=Authority destination=TM
event=receive timestamp_ns=1791280269012521748 workflow=ARL_UPDATE run_id=29 node=U2 source=Authority destination=TM
event=receive timestamp_ns=1791280270547508036 workflow=ARL_UPDATE run_id=30 node=U2 source=Authority destination=TM
event=receive timestamp_ns=1791280272084270884 workflow=ARL_UPDATE run_id=31 node=U2 source=Authority destination=TM
event=receive timestamp_ns=1791280273647744337 workflow=ARL_UPDATE run_id=32 node=U2 source=Authority destination=TM
event=receive timestamp_ns=1791280275156654542 workflow=ARL_UPDATE run_id=33 node=U2 source=Authority destination=TM
event=receive timestamp_ns=1791280276690157656 workflow=ARL_UPDATE run_id=34 node=U2 source=Authority destination=TM
event=receive timestamp_ns=1791280278224934070 workflow=ARL_UPDATE run_id=35 node=U2 source=Authority destination=TM
event=receive timestamp_ns=1791280279763566477 workflow=ARL_UPDATE run_id=36 node=U2 source=Authority destination=TM
event=receive timestamp_ns=1791280281297180355 workflow=ARL_UPDATE run_id=37 node=U2 source=Authority destination=TM
event=receive timestamp_ns=1791280282834086124 workflow=ARL_UPDATE run_id=38 node=U2 source=Authority destination=TM
event=receive timestamp_ns=1791280284371341003 workflow=ARL_UPDATE run_id=39 node=U2 source=Authority destination=TM
event=receive timestamp_ns=1791280285907085187 workflow=ARL_UPDATE run_id=40 node=U2 source=Authority destination=TM
event=receive timestamp_ns=1791280287476657132 workflow=ARL_UPDATE run_id=41 node=U2 source=Authority destination=TM
event=receive timestamp_ns=1791280289010792078 workflow=ARL_UPDATE run_id=42 node=U2 source=Authority destination=TM
event=receive timestamp_ns=1791280290579923410 workflow=ARL_UPDATE run_id=43 node=U2 source=Authority destination=TM
event=receive timestamp_ns=1791280292143973971 workflow=ARL_UPDATE run_id=44 node=U2 source=Authority destination=TM
event=receive timestamp_ns=1791280293647913663 workflow=ARL_UPDATE run_id=45 node=U2 source=Authority destination=TM
event=receive timestamp_ns=1791280295185816520 workflow=ARL_UPDATE run_id=46 node=U2 source=Authority destination=TM
event=receive timestamp_ns=1791280296789360775 workflow=ARL_UPDATE run_id=47 node=U2 source=Authority destination=TM
event=receive timestamp_ns=1791280298323045027 workflow=ARL_UPDATE run_id=48 node=U2 source=Authority destination=TM
event=receive timestamp_ns=1791280299892228653 workflow=ARL_UPDATE run_id=49 node=U2 source=Authority destination=TM
event=receive timestamp_ns=1791280301488592570 workflow=ARL_UPDATE run_id=50 node=U2 source=Authority destination=TM
event=receive timestamp_ns=1791280303024288954 workflow=ARL_UPDATE run_id=51 node=U2 source=Authority destination=TM
event=receive timestamp_ns=1791280304531880156 workflow=ARL_UPDATE run_id=52 node=U2 source=Authority destination=TM
event=receive timestamp_ns=1791280306068156988 workflow=ARL_UPDATE run_id=53 node=U2 source=Authority destination=TM
event=receive timestamp_ns=1791280307633422522 workflow=ARL_UPDATE run_id=54 node=U2 source=Authority destination=TM
event=receive timestamp_ns=1791280309171100444 workflow=ARL_UPDATE run_id=55 node=U2 source=Authority destination=TM
event=receive timestamp_ns=1791280310675517884 workflow=ARL_UPDATE run_id=56 node=U2 source=Authority destination=TM
event=receive timestamp_ns=1791280312212475577 workflow=ARL_UPDATE run_id=57 node=U2 source=Authority destination=TM
event=receive timestamp_ns=1791280313748771097 workflow=ARL_UPDATE run_id=58 node=U2 source=Authority destination=TM
event=receive timestamp_ns=1791280315284233220 workflow=ARL_UPDATE run_id=59 node=U2 source=Authority destination=TM
event=receive timestamp_ns=1791280316819739336 workflow=ARL_UPDATE run_id=60 node=U2 source=Authority destination=TM
event=receive timestamp_ns=1791280318349856361 workflow=ARL_UPDATE run_id=61 node=U2 source=Authority destination=TM
event=receive timestamp_ns=1791280319918914212 workflow=ARL_UPDATE run_id=62 node=U2 source=Authority destination=TM
event=receive timestamp_ns=1791280321421001999 workflow=ARL_UPDATE run_id=63 node=U2 source=Authority destination=TM
event=receive timestamp_ns=1791280322964539329 workflow=ARL_UPDATE run_id=64 node=U2 source=Authority destination=TM
event=receive timestamp_ns=1791280324498931150 workflow=ARL_UPDATE run_id=65 node=U2 source=Authority destination=TM
event=receive timestamp_ns=1791280326034424253 workflow=ARL_UPDATE run_id=66 node=U2 source=Authority destination=TM
event=receive timestamp_ns=1791280327572065722 workflow=ARL_UPDATE run_id=67 node=U2 source=Authority destination=TM
event=receive timestamp_ns=1791280329109397100 workflow=ARL_UPDATE run_id=68 node=U2 source=Authority destination=TM
event=receive timestamp_ns=1791280330644116856 workflow=ARL_UPDATE run_id=69 node=U2 source=Authority destination=TM
event=receive timestamp_ns=1791280332179911397 workflow=ARL_UPDATE run_id=70 node=U2 source=Authority destination=TM
event=receive timestamp_ns=1791280335594738762 workflow=KEY_REQUEST run_id=bench_h1_key_w1 node=U2 source=TM1 destination=TM
event=receive timestamp_ns=1791280338506958386 workflow=KEY_REQUEST run_id=bench_h1_key_w2 node=U2 source=TM1 destination=TM
event=receive timestamp_ns=1791280341194974604 workflow=KEY_REQUEST run_id=bench_h1_key_w3 node=U2 source=TM1 destination=TM
event=receive timestamp_ns=1791280345322748695 workflow=KEY_REQUEST run_id=bench_h1_key_w4 node=U2 source=TM1 destination=TM
event=receive timestamp_ns=1791280348043175519 workflow=KEY_REQUEST run_id=bench_h1_key_w5 node=U2 source=TM1 destination=TM
event=receive timestamp_ns=1791280352682507674 workflow=KEY_REQUEST run_id=bench_h1_key_001 node=U2 source=TM1 destination=TM
event=receive timestamp_ns=1791280356074630320 workflow=KEY_REQUEST run_id=bench_h1_key_002 node=U2 source=TM1 destination=TM
event=receive timestamp_ns=1791280357710712521 workflow=KEY_REQUEST run_id=bench_h1_key_003 node=U2 source=TM1 destination=TM
event=receive timestamp_ns=1791280362282623873 workflow=KEY_REQUEST run_id=bench_h1_key_004 node=U2 source=TM1 destination=TM
event=receive timestamp_ns=1791280364970757819 workflow=KEY_REQUEST run_id=bench_h1_key_005 node=U2 source=TM1 destination=TM
event=receive timestamp_ns=1791280368458968306 workflow=KEY_REQUEST run_id=bench_h1_key_006 node=U2 source=TM1 destination=TM
event=receive timestamp_ns=1791280372298537921 workflow=KEY_REQUEST run_id=bench_h1_key_007 node=U2 source=TM1 destination=TM
event=receive timestamp_ns=1791280375150704149 workflow=KEY_REQUEST run_id=bench_h1_key_008 node=U2 source=TM1 destination=TM
event=receive timestamp_ns=1791280378506500758 workflow=KEY_REQUEST run_id=bench_h1_key_009 node=U2 source=TM1 destination=TM
event=receive timestamp_ns=1791280382063060743 workflow=KEY_REQUEST run_id=bench_h1_key_010 node=U2 source=TM1 destination=TM
event=receive timestamp_ns=1791280383690626068 workflow=KEY_REQUEST run_id=bench_h1_key_011 node=U2 source=TM1 destination=TM
event=receive timestamp_ns=1791280387598909191 workflow=KEY_REQUEST run_id=bench_h1_key_012 node=U2 source=TM1 destination=TM
event=receive timestamp_ns=1791280389962754804 workflow=KEY_REQUEST run_id=bench_h1_key_013 node=U2 source=TM1 destination=TM
event=receive timestamp_ns=1791280394094958827 workflow=KEY_REQUEST run_id=bench_h1_key_014 node=U2 source=TM1 destination=TM
event=receive timestamp_ns=1791280396810739771 workflow=KEY_REQUEST run_id=bench_h1_key_015 node=U2 source=TM1 destination=TM
event=receive timestamp_ns=1791280399658839290 workflow=KEY_REQUEST run_id=bench_h1_key_016 node=U2 source=TM1 destination=TM
event=receive timestamp_ns=1791280403594657663 workflow=KEY_REQUEST run_id=bench_h1_key_017 node=U2 source=TM1 destination=TM
event=receive timestamp_ns=1791280407082733497 workflow=KEY_REQUEST run_id=bench_h1_key_018 node=U2 source=TM1 destination=TM
event=receive timestamp_ns=1791280410442727496 workflow=KEY_REQUEST run_id=bench_h1_key_019 node=U2 source=TM1 destination=TM
event=receive timestamp_ns=1791280413866795286 workflow=KEY_REQUEST run_id=bench_h1_key_020 node=U2 source=TM1 destination=TM
event=receive timestamp_ns=1791280417290548802 workflow=KEY_REQUEST run_id=bench_h1_key_021 node=U2 source=TM1 destination=TM
event=receive timestamp_ns=1791280421802533130 workflow=KEY_REQUEST run_id=bench_h1_key_022 node=U2 source=TM1 destination=TM
event=receive timestamp_ns=1791280424458985723 workflow=KEY_REQUEST run_id=bench_h1_key_023 node=U2 source=TM1 destination=TM
event=receive timestamp_ns=1791280429386667892 workflow=KEY_REQUEST run_id=bench_h1_key_024 node=U2 source=TM1 destination=TM
event=receive timestamp_ns=1791280432458516273 workflow=KEY_REQUEST run_id=bench_h1_key_025 node=U2 source=TM1 destination=TM
event=receive timestamp_ns=1791280436176067105 workflow=KEY_REQUEST run_id=bench_h1_key_026 node=U2 source=TM1 destination=TM
event=receive timestamp_ns=1791280440810725915 workflow=KEY_REQUEST run_id=bench_h1_key_027 node=U2 source=TM1 destination=TM
event=receive timestamp_ns=1791280443531174274 workflow=KEY_REQUEST run_id=bench_h1_key_028 node=U2 source=TM1 destination=TM
event=receive timestamp_ns=1791280446379156171 workflow=KEY_REQUEST run_id=bench_h1_key_029 node=U2 source=TM1 destination=TM
event=receive timestamp_ns=1791280450538817505 workflow=KEY_REQUEST run_id=bench_h1_key_030 node=U2 source=TM1 destination=TM
