event=receive timestamp_ns=1791280168746946570 workflow=KEY_REQUEST run_id=bench_h1_setup node=U3 source=TM1 destination=TM
event=receive timestamp_ns=1791280171635682498 workflow=CT_SHARE run_id=1 node=U3 source=TM1 destination=TM
event=receive timestamp_ns=1791280173207555648 workflow=CT_SHARE run_id=2 node=U3 source=TM1 destination=TM
event=receive timestamp_ns=1791280174776174937 workflow=CT_SHARE run_id=3 node=U3 source=TM1 destination=TM
event=receive timestamp_ns=1791280176277963292 workflow=CT_SHARE run_id=4 node=U3 source=TM1 destination=TM
event=receive timestamp_ns=1791280177847407330 workflow=CT_SHARE run_id=5 node=U3 source=TM1 destination=TM
event=receive timestamp_ns=1791280179386518941 workflow=CT_SHARE run_id=6 node=U3 source=TM1 destination=TM
event=receive timestamp_ns=1791280180917615382 workflow=CT_SHARE run_id=7 node=U3 source=TM1 destination=TM
event=receive timestamp_ns=1791280182457127151 workflow=CT_SHARE run_id=8 node=U3 source=TM1 destination=TM
event=receive timestamp_ns=1791280183997686406 workflow=CT_SHARE run_id=9 node=U3 source=TM1 destination=TM
event=receive timestamp_ns=1791280185489126743 workflow=CT_SHARE run_id=10 node=U3 source=TM1 destination=TM
event=receive timestamp_ns=1791280187091412279 workflow=CT_SHARE run_id=11 node=U3 source=TM1 destination=TM
event=receive timestamp_ns=1791280188633036050 workflow=CT_SHARE run_id=12 node=U3 source=TM1 destination=TM
event=receive timestamp_ns=1791280190196583240 workflow=CT_SHARE run_id=13 node=U3 source=TM1 destination=TM
event=receive timestamp_ns=1791280191704495989 workflow=CT_SHARE run_id=14 node=U3 source=TM1 destination=TM
event=receive timestamp_ns=1791280193241551436 workflow=CT_SHARE run_id=15 node=U3 source=TM1 destination=TM
event=receive timestamp_ns=1791280194843155309 workflow=CT_SHARE run_id=16 node=U3 source=TM1 destination=TM
event=receive timestamp_ns=1791280196377859884 workflow=CT_SHARE run_id=17 node=U3 source=TM1 destination=TM
event=receive timestamp_ns=1791280197905466266 workflow=CT_SHARE run_id=18 node=U3 source=TM1 destination=TM
event=receive timestamp_ns=1791280199540497475 workflow=CT_SHARE run_id=19 node=U3 source=TM1 destination=TM
event=receive timestamp_ns=1791280201051340993 workflow=CT_SHARE run_id=20 node=U3 source=TM1 destination=TM
event=receive timestamp_ns=1791280202616968484 workflow=CT_SHARE run_id=21 node=U3 source=TM1 destination=TM
event=receive timestamp_ns=1791280204115097058 workflow=CT_SHARE run_id=22 node=U3 source=TM1 destination=TM
event=receive timestamp_ns=1791280205723101608 workflow=CT_SHARE run_id=23 node=U3 source=TM1 destination=TM
event=receive timestamp_ns=1791280207254542149 workflow=CT_SHARE run_id=24 node=U3 source=TM1 destination=TM
event=receive timestamp_ns=1791280208798349735 workflow=CT_SHARE run_id=25 node=U3 source=TM1 destination=TM
event=receive timestamp_ns=1791280210357923400 workflow=CT_SHARE run_id=26 node=U3 source=TM1 destination=TM
event=receive timestamp_ns=1791280211897672497 workflow=CT_SHARE run_id=27 node=U3 source=TM1 destination=TM
event=receive timestamp_ns=1791280213431201733 workflow=CT_SHARE run_id=28 node=U3 source=TM1 destination=TM
event=receive timestamp_ns=1791280215000115075 workflow=CT_SHARE run_id=29 node=U3 source=TM1 destination=TM
event=receive timestamp_ns=1791280216497534314 workflow=CT_SHARE run_id=30 node=U3 source=TM1 destination=TM
event=receive timestamp_ns=1791280218107061866 workflow=CT_SHARE run_id=31 node=U3 source=TM1 destination=TM
event=receive timestamp_ns=1791280219640699706 workflow=CT_SHARE run_id=32 node=U3 source=TM1 destination=TM
event=receive timestamp_ns=1791280221177774559 workflow=CT_SHARE run_id=33 node=U3 source=TM1 destination=TM
event=receive timestamp_ns=1791280222711461572 workflow=CT_SHARE run_id=34 node=U3 source=TM1 destination=TM
event=receive timestamp_ns=1791280224244714337 workflow=CT_SHARE run_id=35 node=U3 source=TM1 destination=TM
event=receive timestamp_ns=1791280226614479526 workflow=ARL_UPDATE run_id=1 node=U3 source=Authority destination=TM
event=receive timestamp_ns=1791280228143297146 workflow=ARL_UPDATE run_id=2 node=U3 source=Authority destination=TM
event=receive timestamp_ns=1791280229684057838 workflow=ARL_UPDATE run_id=3 node=U3 source=Authority destination=TM
event=receive timestamp_ns=1791280231220471243 workflow=ARL_UPDATE run_id=4 node=U3 source=Authority destination=TM
event=receive timestamp_ns=1791280232759754340 workflow=ARL_UPDATE run_id=5 node=U3 source=Authority destination=TM
event=receive timestamp_ns=1791280234318925706 workflow=ARL_UPDATE run_id=6 node=U3 source=Authority destination=TM
event=receive timestamp_ns=1791280235830919173 workflow=ARL_UPDATE run_id=7 node=U3 source=Authority destination=TM
event=receive timestamp_ns=1791280237364278472 workflow=ARL_UPDATE run_id=8 node=U3 source=Authority destination=TM
event=receive timestamp_ns=1791280238929783130 workflow=ARL_UPDATE run_id=9 node=U3 source=Authority destination=TM
event=receive timestamp_ns=1791280240431611111 workflow=ARL_UPDATE run_id=10 node=U3 source=Authority destination=TM
event=receive timestamp_ns=1791280241974938791 workflow=ARL_UPDATE run_id=11 node=U3 source=Authority destination=TM
event=receive timestamp_ns=1791280243507111623 workflow=ARL_UPDATE run_id=12 node=U3 source=Authority destination=TM
event=receive timestamp_ns=1791280245072947664 workflow=ARL_UPDATE run_id=13 node=U3 source=Authority destination=TM
event=receive timestamp_ns=1791280246588045461 workflow=ARL_UPDATE run_id=14 node=U3 source=Authority destination=TM
event=receive timestamp_ns=1791280248120722103 workflow=ARL_UPDATE run_id=15 node=U3 source=Authority destination=TM
event=receive timestamp_ns=1791280249647871413 workflow=ARL_UPDATE run_id=16 node=U3 source=Authority destination=TM
event=receive timestamp_ns=1791280251228022711 workflow=ARL_UPDATE run_id=17 node=U3 source=Authority destination=TM
event=receive timestamp_ns=1791280252727093035 workflow=ARL_UPDATE run_id=18 node=U3 source=Authority destination=TM
event=receive timestamp_ns=1791280254260988642 workflow=ARL_UPDATE run_id=19 node=U3 source=Authority destination=TM
event=receive timestamp_ns=1791280255792617291 workflow=ARL_UPDATE run_id=20 node=U3 source=Authority destination=TM
event=receive timestamp_ns=1791280257334656488 workflow=ARL_UPDATE run_id=21 node=U3 source=Authority destination=TM
event=receive timestamp_ns=1791280258896939286 workflow=ARL_UPDATE run_id=22 node=U3 source=Authority destination=TM
event=receive timestamp_ns=1791280260397513320 workflow=ARL_UPDATE run_id=23 node=U3 source=Authority destination=TM
event=receive timestamp_ns=1791280261941637838 workflow=ARL_UPDATE run_id=24 node=U3 source=Authority destination=TM
event=receive timestamp_ns=1791280263503215995 workflow=ARL_UPDATE run_id=25 node=U3 source=Authority destination=TM
event=receive timestamp_ns=1791280265009514479 workflow=ARL_UPDATE run_id=26 node=U3 source=Authority destination=TM
event=receive timestamp_ns=1791280266541352403 workflow=ARL_UPDATE run_id=27 node=U3 source=Authority destination=TM
event=receive timestamp_ns=1791280268118420346 workflow=ARL_UPDATE run_id=28 node=U3 source=Authority destination=TM
event=receive timestamp_ns=1791280269621365374 workflow=ARL_UPDATE run_id=29 node=U3 source=Authority destination=TM
event=receive timestamp_ns=1791280271157701981 workflow=ARL_UPDATE run_id=30 node=U3 source=Authority destination=TM
event=receive timestamp_ns=1791280272693820599 workflow=ARL_UPDATE run_id=31 node=U3 source=Authority destination=TM
event=receive timestamp_ns=1791280274229031064 workflow=ARL_UPDATE run_id=32 node=U3 source=Authority destination=TM
event=receive timestamp_ns=1791280275766177825 workflow=ARL_UPDATE run_id=33 node=U3 source=Authority destination=TM
event=receive timestamp_ns=1791280277301232335 workflow=ARL_UPDATE run_id=34 node=U3 source=Authority destination=TM
event=receive timestamp_ns=1791280278832448050 workflow=ARL_UPDATE run_id=35 node=U3 source=Authority destination=TM
event=receive timestamp_ns=1791280280372099512 workflow=ARL_UPDATE run_id=36 node=U3 source=Authority destination=TM
event=receive timestamp_ns=1791280281911771179 workflow=ARL_UPDATE run_id=37 node=U3 source=Authority destination=TM
event=receive timestamp_ns=1791280283443885333 workflow=ARL_UPDATE run_id=38 node=U3 source=Authority destination=TM
event=receive timestamp_ns=1791280284982798108 workflow=ARL_UPDATE run_id=39 node=U3 source=Authority destination=TM
event=receive timestamp_ns=1791280286522683998 workflow=ARL_UPDATE run_id=40 node=U3 source=Authority destination=TM
event=receive timestamp_ns=1791280288052737252 workflow=ARL_UPDATE run_id=41 node=U3 source=Authority destination=TM
event=receive timestamp_ns=1791280289622621453 workflow=ARL_UPDATE run_id=42 node=U3 source=Authority destination=TM
event=receive timestamp_ns=1791280291189861473 workflow=ARL_UPDATE run_id=43 node=U3 source=Authority destination=TM
event=receive timestamp_ns=1791280292758598501 workflow=ARL_UPDATE run_id=44 node=U3 source=Authority destination=TM
event=receive timestamp_ns=1791280294262408098 workflow=ARL_UPDATE run_id=45 node=U3 source=Authority destination=TM
event=receive timestamp_ns=1791280295830090875 workflow=ARL_UPDATE run_id=46 node=U3 source=Authority destination=TM
event=receive timestamp_ns=1791280297399523197 workflow=ARL_UPDATE run_id=47 node=U3 source=Authority destination=TM
event=receive timestamp_ns=1791280298925240337 workflow=ARL_UPDATE run_id=48 node=U3 source=Authority destination=TM
event=receive timestamp_ns=1791280300493593310 workflow=ARL_UPDATE run_id=49 node=U3 source=Authority destination=TM
event=receive timestamp_ns=1791280302100805597 workflow=ARL_UPDATE run_id=50 node=U3 source=Authority destination=TM
event=receive timestamp_ns=1791280303633926479 workflow=ARL_UPDATE run_id=51 node=U3 source=Authority destination=TM
event=receive timestamp_ns=1791280305173094286 workflow=ARL_UPDATE run_id=52 node=U3 source=Authority destination=TM
event=receive timestamp_ns=1791280306675976626 workflow=ARL_UPDATE run_id=53 node=U3 source=Authority destination=TM
event=receive timestamp_ns=1791280308248427941 workflow=ARL_UPDATE run_id=54 node=U3 source=Authority destination=TM
event=receive timestamp_ns=1791280309782876319 workflow=ARL_UPDATE run_id=55 node=U3 source=Authority destination=TM
event=receive timestamp_ns=1791280311286135243 workflow=ARL_UPDATE run_id=56 node=U3 source=Authority destination=TM
event=receive timestamp_ns=1791280312823095345 workflow=ARL_UPDATE run_id=57 node=U3 source=Authority destination=TM
event=receive timestamp_ns=1791280314388514808 workflow=ARL_UPDATE run_id=58 node=U3 source=Authority destination=TM
event=receive timestamp_ns=1791280315890896964 workflow=ARL_UPDATE run_id=59 node=U3 source=Authority destination=TM
event=receive timestamp_ns=1791280317429662505 workflow=ARL_UPDATE run_id=60 node=U3 source=Authority destination=TM
event=receive timestamp_ns=1791280318963948063 workflow=ARL_UPDATE run_id=61 node=U3 source=Authority destination=TM
event=receive timestamp_ns=1791280320525588705 workflow=ARL_UPDATE run_id=62 node=U3 source=Authority destination=TM
event=receive timestamp_ns=1791280322035852820 workflow=ARL_UPDATE run_id=63 node=U3 source=Authority destination=TM
event=receive timestamp_ns=1791280323574078584 workflow=ARL_UPDATE run_id=64 node=U3 source=Authority destination=TM
event=receive timestamp_ns=1791280325103674251 workflow=ARL_UPDATE run_id=65 node=U3 source=Authority destination=TM
event=receive timestamp_ns=1791280326642966646 workflow=ARL_UPDATE run_id=66 node=U3 source=Authority destination=TM
event=receive timestamp_ns=1791280328181075478 workflow=ARL_UPDATE run_id=67 node=U3 source=Authority destination=TM
event=receive timestamp_ns=1791280329719134260 workflow=ARL_UPDATE run_id=68 node=U3 source=Authority destination=TM
event=receive timestamp_ns=1791280331254453404 workflow=ARL_UPDATE run_id=69 node=U3 source=Authority destination=TM
event=receive timestamp_ns=1791280332791820665 workflow=ARL_UPDATE run_id=70 node=U3 source=Authority destination=TM
event=receive timestamp_ns=1791280335690878831 workflow=KEY_REQUEST run_id=bench_h1_key_w1 node=U3 source=TM1 destination=TM
event=receive timestamp_ns=1791280338602966631 workflow=KEY_REQUEST run_id=bench_h1_key_w2 node=U3 source=TM1 destination=TM
event=receive timestamp_ns=1791280341291042041 workflow=KEY_REQUEST run_id=bench_h1_key_w3 node=U3 source=TM1 destination=TM
event=receive timestamp_ns=1791280345931022166 workflow=KEY_REQUEST run_id=bench_h1_key_w4 node=U3 source=TM1 destination=TM
event=receive timestamp_ns=1791280348842633762 workflow=KEY_REQUEST run_id=bench_h1_key_w5 node=U3 source=TM1 destination=TM
event=receive timestamp_ns=1791280351562777338 workflow=KEY_REQUEST run_id=bench_h1_key_001 node=U3 source=TM1 destination=TM
event=receive timestamp_ns=1791280356171047162 workflow=KEY_REQUEST run_id=bench_h1_key_002 node=U3 source=TM1 destination=TM
event=receive timestamp_ns=1791280357802779618 workflow=KEY_REQUEST run_id=bench_h1_key_003 node=U3 source=TM1 destination=TM
event=receive timestamp_ns=1791280362378590240 workflow=KEY_REQUEST run_id=bench_h1_key_004 node=U3 source=TM1 destination=TM
event=receive timestamp_ns=1791280365067055189 workflow=KEY_REQUEST run_id=bench_h1_key_005 node=U3 source=TM1 destination=TM
event=receive timestamp_ns=1791280368558911313 workflow=KEY_REQUEST run_id=bench_h1_key_006 node=U3 source=TM1 destination=TM
event=receive timestamp_ns=1791280372394517723 workflow=KEY_REQUEST run_id=bench_h1_key_007 node=U3 source=TM1 destination=TM
event=receive timestamp_ns=1791280375246627854 workflow=KEY_REQUEST run_id=bench_h1_key_008 node=U3 source=TM1 destination=TM
event=receive timestamp_ns=1791280378602616263 workflow=KEY_REQUEST run_id=bench_h1_key_009 node=U3 source=TM1 destination=TM
event=receive timestamp_ns=1791280382154829052 workflow=KEY_REQUEST run_id=bench_h1_key_010 node=U3 source=TM1 destination=TM
event=receive timestamp_ns=1791280383787066674 workflow=KEY_REQUEST run_id=bench_h1_key_011 node=U3 source=TM1 destination=TM
event=receive timestamp_ns=1791280387690745621 workflow=KEY_REQUEST run_id=bench_h1_key_012 node=U3 source=TM1 destination=TM
event=receive timestamp_ns=1791280391274929116 workflow=KEY_REQUEST run_id=bench_h1_key_013 node=U3 source=TM1 destination=TM
event=receive timestamp_ns=1791280394186526696 workflow=KEY_REQUEST run_id=bench_h1_key_014 node=U3 source=TM1 destination=TM
event=receive timestamp_ns=1791280396906545825 workflow=KEY_REQUEST run_id=bench_h1_key_015 node=U3 source=TM1 destination=TM
event=receive timestamp_ns=1791280400267159404 workflow=KEY_REQUEST run_id=bench_h1_key_016 node=U3 source=TM1 destination=TM
event=receive timestamp_ns=1791280403758558684 workflow=KEY_REQUEST run_id=bench_h1_key_017 node=U3 source=TM1 destination=TM
event=receive timestamp_ns=1791280406571166295 workflow=KEY_REQUEST run_id=bench_h1_key_018 node=U3 source=TM1 destination=TM
event=receive timestamp_ns=1791280410538977295 workflow=KEY_REQUEST run_id=bench_h1_key_019 node=U3 source=TM1 destination=TM
event=receive timestamp_ns=1791280413387198815 workflow=KEY_REQUEST run_id=bench_h1_key_020 node=U3 source=TM1 destination=TM
event=receive timestamp_ns=1791280417322775258 workflow=KEY_REQUEST run_id=bench_h1_key_021 node=U3 source=TM1 destination=TM
event=receive timestamp_ns=1791280421866893331 workflow=KEY_REQUEST run_id=bench_h1_key_022 node=U3 source=TM1 destination=TM
event=receive timestamp_ns=1791280424555112348 workflow=KEY_REQUEST run_id=bench_h1_key_023 node=U3 source=TM1 destination=TM
event=receive timestamp_ns=1791280429482789858 workflow=KEY_REQUEST run_id=bench_h1_key_024 node=U3 source=TM1 destination=TM
event=receive timestamp_ns=1791280433066586201 workflow=KEY_REQUEST run_id=bench_h1_key_025 node=U3 source=TM1 destination=TM
event=receive timestamp_ns=1791280436970760967 workflow=KEY_REQUEST run_id=bench_h1_key_026 node=U3 source=TM1 destination=TM
event=receive timestamp_ns=1791280439690739546 workflow=KEY_REQUEST run_id=bench_h1_key_027 node=U3 source=TM1 destination=TM
event=receive timestamp_ns=1791280444107026963 workflow=KEY_REQUEST run_id=bench_h1_key_028 node=U3 source=TM1 destination=TM
event=receive timestamp_ns=1791280447178823507 workflow=KEY_REQUEST run_id=bench_h1_key_029 node=U3 source=TM1 destination=TM
event=receive timestamp_ns=1791280449898795228 workflow=KEY_REQUEST run_id=bench_h1_key_030 node=U3 source=TM1 destination=TM
