event=receive timestamp_ns=1791280168842680458 workflow=KEY_REQUEST run_id=bench_h1_setup node=U4 source=TM1 destination=TM
event=receive timestamp_ns=1791280171741033913 workflow=CT_SHARE run_id=1 node=U4 source=TM1 destination=TM
event=receive timestamp_ns=1791280173300316601 workflow=CT_SHARE run_id=2 node=U4 source=TM1 destination=TM
event=receive timestamp_ns=1791280174865787563 workflow=CT_SHARE run_id=3 node=U4 source=TM1 destination=TM
event=receive timestamp_ns=1791280176373845653 workflow=CT_SHARE run_id=4 node=U4 source=TM1 destination=TM
event=receive timestamp_ns=1791280177941286454 workflow=CT_SHARE run_id=5 node=U4 source=TM1 destination=TM
event=receive timestamp_ns=1791280179473526676 workflow=CT_SHARE run_id=6 node=U4 source=TM1 destination=TM
event=receive timestamp_ns=1791280181010905102 workflow=CT_SHARE run_id=7 node=U4 source=TM1 destination=TM
event=receive timestamp_ns=1791280182545576373 workflow=CT_SHARE run_id=8 node=U4 source=TM1 destination=TM
event=receive timestamp_ns=1791280184081588939 workflow=CT_SHARE run_id=9 node=U4 source=TM1 destination=TM
event=receive timestamp_ns=1791280185618563963 workflow=CT_SHARE run_id=10 node=U4 source=TM1 destination=TM
event=receive timestamp_ns=1791280187193187262 workflow=CT_SHARE run_id=11 node=U4 source=TM1 destination=TM
event=receive timestamp_ns=1791280188724586157 workflow=CT_SHARE run_id=12 node=U4 source=TM1 destination=TM
event=receive timestamp_ns=1791280190289468132 workflow=CT_SHARE run_id=13 node=U4 source=TM1 destination=TM
event=receive timestamp_ns=1791280191829437568 workflow=CT_SHARE run_id=14 node=U4 source=TM1 destination=TM
event=receive timestamp_ns=1791280193333916783 workflow=CT_SHARE run_id=15 node=U4 source=TM1 destination=TM
event=receive timestamp_ns=1791280194909224217 workflow=CT_SHARE run_id=16 node=U4 source=TM1 destination=TM
event=receive timestamp_ns=1791280196439038866 workflow=CT_SHARE run_id=17 node=U4 source=TM1 destination=TM
event=receive timestamp_ns=1791280198008610236 workflow=CT_SHARE run_id=18 node=U4 source=TM1 destination=TM
event=receive timestamp_ns=1791280199633696020 workflow=CT_SHARE run_id=19 node=U4 source=TM1 destination=TM
event=receive timestamp_ns=1791280201142039214 workflow=CT_SHARE run_id=20 node=U4 source=TM1 destination=TM
event=receive timestamp_ns=1791280202705253271 workflow=CT_SHARE run_id=21 node=U4 source=TM1 destination=TM
event=receive timestamp_ns=1791280204210523020 workflow=CT_SHARE run_id=22 node=U4 source=TM1 destination=TM
event=receive timestamp_ns=1791280205818287826 workflow=CT_SHARE run_id=23 node=U4 source=TM1 destination=TM
event=receive timestamp_ns=1791280207377236370 workflow=CT_SHARE run_id=24 node=U4 source=TM1 destination=TM
event=receive timestamp_ns=1791280208890358124 workflow=CT_SHARE run_id=25 node=U4 source=TM1 destination=TM
event=receive timestamp_ns=1791280210428676065 workflow=CT_SHARE run_id=26 node=U4 source=TM1 destination=TM
event=receive timestamp_ns=1791280211962228351 workflow=CT_SHARE run_id=27 node=U4 source=TM1 destination=TM
event=receive timestamp_ns=1791280213527994017 workflow=CT_SHARE run_id=28 node=U4 source=TM1 destination=TM
event=receive timestamp_ns=1791280215089211075 workflow=CT_SHARE run_id=29 node=U4 source=TM1 destination=TM
event=receive timestamp_ns=1791280216601332671 workflow=CT_SHARE run_id=30 node=U4 source=TM1 destination=TM
event=receive timestamp_ns=1791280218198889241 workflow=CT_SHARE run_id=31 node=U4 source=TM1 destination=TM
event=receive timestamp_ns=1791280219739578600 workflow=CT_SHARE run_id=32 node=U4 source=TM1 destination=TM
event=receive timestamp_ns=1791280221274697745 workflow=CT_SHARE run_id=33 node=U4 source=TM1 destination=TM
event=receive timestamp_ns=1791280222804881344 workflow=CT_SHARE run_id=34 node=U4 source=TM1 destination=TM
event=receive timestamp_ns=1791280224339772960 workflow=CT_SHARE run_id=35 node=U4 source=TM1 destination=TM
event=receive timestamp_ns=1791280226707209163 workflow=ARL_UPDATE run_id=1 node=U4 source=Authority destination=TM
event=receive timestamp_ns=1791280228243684590 workflow=ARL_UPDATE run_id=2 node=U4 source=Authority destination=TM
event=receive timestamp_ns=1791280229777187550 workflow=ARL_UPDATE run_id=3 node=U4 source=Authority destination=TM
event=receive timestamp_ns=1791280231313527546 workflow=ARL_UPDATE run_id=4 node=U4 source=Authority destination=TM
event=receive timestamp_ns=1791280232883821041 workflow=ARL_UPDATE run_id=5 node=U4 source=Authority destination=TM
event=receive timestamp_ns=1791280234416085802 workflow=ARL_UPDATE run_id=6 node=U4 source=Authority destination=TM
event=receive timestamp_ns=1791280235925112056 workflow=ARL_UPDATE run_id=7 node=U4 source=Authority destination=TM
event=receive timestamp_ns=1791280237460391722 workflow=ARL_UPDATE run_id=8 node=U4 source=Authority destination=TM
event=receive timestamp_ns=1791280239031180741 workflow=ARL_UPDATE run_id=9 node=U4 source=Authority destination=TM
event=receive timestamp_ns=1791280240535583286 workflow=ARL_UPDATE run_id=10 node=U4 source=Authority destination=TM
event=receive timestamp_ns=1791280242063769003 workflow=ARL_UPDATE run_id=11 node=U4 source=Authority destination=TM
event=receive timestamp_ns=1791280243599702200 workflow=ARL_UPDATE run_id=12 node=U4 source=Authority destination=TM
event=receive timestamp_ns=1791280245174668533 workflow=ARL_UPDATE run_id=13 node=U4 source=Authority destination=TM
event=receive timestamp_ns=1791280246679500292 workflow=ARL_UPDATE run_id=14 node=U4 source=Authority destination=TM
event=receive timestamp_ns=1791280248219562083 workflow=ARL_UPDATE run_id=15 node=U4 source=Authority destination=TM
event=receive timestamp_ns=1791280249744576337 workflow=ARL_UPDATE run_id=16 node=U4 source=Authority destination=TM
event=receive timestamp_ns=1791280251314685904 workflow=ARL_UPDATE run_id=17 node=U4 source=Authority destination=TM
event=receive timestamp_ns=1791280252821419135 workflow=ARL_UPDATE run_id=18 node=U4 source=Authority destination=TM
event=receive timestamp_ns=1791280254354862336 workflow=ARL_UPDATE run_id=19 node=U4 source=Authority destination=TM
event=receive timestamp_ns=1791280255889999343 workflow=ARL_UPDATE run_id=20 node=U4 source=Authority destination=TM
event=receive timestamp_ns=1791280257424056719 workflow=ARL_UPDATE run_id=21 node=U4 source=Authority destination=TM
event=receive timestamp_ns=1791280258992753846 workflow=ARL_UPDATE run_id=22 node=U4 source=Authority destination=TM
event=receive timestamp_ns=1791280260527187965 workflow=ARL_UPDATE run_id=23 node=U4 source=Authority destination=TM
event=receive timestamp_ns=1791280262034436158 workflow=ARL_UPDATE run_id=24 node=U4 source=Authority destination=TM
event=receive timestamp_ns=1791280263600696636 workflow=ARL_UPDATE run_id=25 node=U4 source=Authority destination=TM
event=receive timestamp_ns=1791280265107746325 workflow=ARL_UPDATE run_id=26 node=U4 source=Authority destination=TM
event=receive timestamp_ns=1791280266644889741 workflow=ARL_UPDATE run_id=27 node=U4 source=Authority destination=TM
event=receive timestamp_ns=1791280268177607564 workflow=ARL_UPDATE run_id=28 node=U4 source=Authority destination=TM
event=receive timestamp_ns=1791280269717300626 workflow=ARL_UPDATE run_id=29 node=U4 source=Authority destination=TM
event=receive timestamp_ns=1791280271250740936 workflow=ARL_UPDATE run_id=30 node=U4 source=Authority destination=TM
event=receive timestamp_ns=1791280272786981647 workflow=ARL_UPDATE run_id=31 node=U4 source=Authority destination=TM
event=receive timestamp_ns=1791280274323621801 workflow=ARL_UPDATE run_id=32 node=U4 source=Authority destination=TM
event=receive timestamp_ns=1791280275860638977 workflow=ARL_UPDATE run_id=33 node=U4 source=Authority destination=TM
event=receive timestamp_ns=1791280277395786220 workflow=ARL_UPDATE run_id=34 node=U4 source=Authority destination=TM
event=receive timestamp_ns=1791280278930659762 workflow=ARL_UPDATE run_id=35 node=U4 source=Authority destination=TM
event=receive timestamp_ns=1791280280466889331 workflow=ARL_UPDATE run_id=36 node=U4 source=Authority destination=TM
event=receive timestamp_ns=1791280282003733161 workflow=ARL_UPDATE run_id=37 node=U4 source=Authority destination=TM
event=receive timestamp_ns=1791280283540616376 workflow=ARL_UPDATE run_id=38 node=U4 source=Authority destination=TM
event=receive timestamp_ns=1791280285075060819 workflow=ARL_UPDATE run_id=39 node=U4 source=Authority destination=TM
event=receive timestamp_ns=1791280286611624938 workflow=ARL_UPDATE run_id=40 node=U4 source=Authority destination=TM
event=receive timestamp_ns=1791280288149077804 workflow=ARL_UPDATE run_id=41 node=U4 source=Authority destination=TM
event=receive timestamp_ns=1791280289712092188 workflow=ARL_UPDATE run_id=42 node=U4 source=Authority destination=TM
event=receive timestamp_ns=1791280291284892207 workflow=ARL_UPDATE run_id=43 node=U4 source=Authority destination=TM
event=receive timestamp_ns=1791280292852467168 workflow=ARL_UPDATE run_id=44 node=U4 source=Authority destination=TM
event=receive timestamp_ns=1791280294358041473 workflow=ARL_UPDATE run_id=45 node=U4 source=Authority destination=TM
event=receive timestamp_ns=1791280295923439408 workflow=ARL_UPDATE run_id=46 node=U4 source=Authority destination=TM
event=receive timestamp_ns=1791280297490074148 workflow=ARL_UPDATE run_id=47 node=U4 source=Authority destination=TM
event=receive timestamp_ns=1791280299020346154 workflow=ARL_UPDATE run_id=48 node=U4 source=Authority destination=TM
event=receive timestamp_ns=1791280300596022970 workflow=ARL_UPDATE run_id=49 node=U4 source=Authority destination=TM
event=receive timestamp_ns=1791280302194994262 workflow=ARL_UPDATE run_id=50 node=U4 source=Authority destination=TM
event=receive timestamp_ns=1791280303728613657 workflow=ARL_UPDATE run_id=51 node=U4 source=Authority destination=TM
event=receive timestamp_ns=1791280305265913297 workflow=ARL_UPDATE run_id=52 node=U4 source=Authority destination=TM
event=receive timestamp_ns=1791280306772404717 workflow=ARL_UPDATE run_id=53 node=U4 source=Authority destination=TM
event=receive timestamp_ns=1791280308339865207 workflow=ARL_UPDATE run_id=54 node=U4 source=Authority destination=TM
event=receive timestamp_ns=1791280309872180390 workflow=ARL_UPDATE run_id=55 node=U4 source=Authority destination=TM
event=receive timestamp_ns=1791280311380187433 workflow=ARL_UPDATE run_id=56 node=U4 source=Authority destination=TM
event=receive timestamp_ns=1791280312913732195 workflow=ARL_UPDATE run_id=57 node=U4 source=Authority destination=TM
event=receive timestamp_ns=1791280314484959106 workflow=ARL_UPDATE run_id=58 node=U4 source=Authority destination=TM
event=receive timestamp_ns=1791280315985929371 workflow=ARL_UPDATE run_id=59 node=U4 source=Authority destination=TM
event=receive timestamp_ns=1791280317523686295 workflow=ARL_UPDATE run_id=60 node=U4 source=Authority destination=TM
event=receive timestamp_ns=1791280319059688988 workflow=ARL_UPDATE run_id=61 node=U4 source=Authority destination=TM
event=receive timestamp_ns=1791280320625217830 workflow=ARL_UPDATE run_id=62 node=U4 source=Authority destination=TM
event=receive timestamp_ns=1791280322136699607 workflow=ARL_UPDATE run_id=63 node=U4 source=Authority destination=TM
event=receive timestamp_ns=1791280323666582600 workflow=ARL_UPDATE run_id=64 node=U4 source=Authority destination=TM
event=receive timestamp_ns=1791280325205861425 workflow=ARL_UPDATE run_id=65 node=U4 source=Authority destination=TM
event=receive timestamp_ns=1791280326739563557 workflow=ARL_UPDATE run_id=66 node=U4 source=Authority destination=TM
event=receive timestamp_ns=1791280328276085219 workflow=ARL_UPDATE run_id=67 node=U4 source=Authority destination=TM
event=receive timestamp_ns=1791280329814908954 workflow=ARL_UPDATE run_id=68 node=U4 source=Authority destination=TM
event=receive timestamp_ns=1791280331348276851 workflow=ARL_UPDATE run_id=69 node=U4 source=Authority destination=TM
event=receive timestamp_ns=1791280332890855821 workflow=ARL_UPDATE run_id=70 node=U4 source=Authority destination=TM
event=receive timestamp_ns=1791280335242984934 workflow=KEY_REQUEST run_id=bench_h1_key_w1 node=U4 source=TM1 destination=TM
event=receive timestamp_ns=1791280337966980508 workflow=KEY_REQUEST run_id=bench_h1_key_w2 node=U4 source=TM1 destination=TM
event=receive timestamp_ns=1791280342122854728 workflow=KEY_REQUEST run_id=bench_h1_key_w3 node=U4 source=TM1 destination=TM
event=receive timestamp_ns=1791280344814956458 workflow=KEY_REQUEST run_id=bench_h1_key_w4 node=U4 source=TM1 destination=TM
event=receive timestamp_ns=1791280348938543192 workflow=KEY_REQUEST run_id=bench_h1_key_w5 node=U4 source=TM1 destination=TM
event=receive timestamp_ns=1791280351658727451 workflow=KEY_REQUEST run_id=bench_h1_key_001 node=U4 source=TM1 destination=TM
event=receive timestamp_ns=1791280356267023833 workflow=KEY_REQUEST run_id=bench_h1_key_002 node=U4 source=TM1 destination=TM
event=receive timestamp_ns=1791280357898825168 workflow=KEY_REQUEST run_id=bench_h1_key_003 node=U4 source=TM1 destination=TM
event=receive timestamp_ns=1791280362474697884 workflow=KEY_REQUEST run_id=bench_h1_key_004 node=U4 source=TM1 destination=TM
event=receive timestamp_ns=1791280365162610540 workflow=KEY_REQUEST run_id=bench_h1_key_005 node=U4 source=TM1 destination=TM
event=receive timestamp_ns=1791280368651025326 workflow=KEY_REQUEST run_id=bench_h1_key_006 node=U4 source=TM1 destination=TM
event=receive timestamp_ns=1791280372458533344 workflow=KEY_REQUEST run_id=bench_h1_key_007 node=U4 source=TM1 destination=TM
event=receive timestamp_ns=1791280375402630910 workflow=KEY_REQUEST run_id=bench_h1_key_008 node=U4 source=TM1 destination=TM
event=receive timestamp_ns=1791280378702478133 workflow=KEY_REQUEST run_id=bench_h1_key_009 node=U4 source=TM1 destination=TM
event=receive timestamp_ns=1791280382218829728 workflow=KEY_REQUEST run_id=bench_h1_key_010 node=U4 source=TM1 destination=TM
event=receive timestamp_ns=1791280384458761558 workflow=KEY_REQUEST run_id=bench_h1_key_011 node=U4 source=TM1 destination=TM
event=receive timestamp_ns=1791280387882860621 workflow=KEY_REQUEST run_id=bench_h1_key_012 node=U4 source=TM1 destination=TM
event=receive timestamp_ns=1791280391338677720 workflow=KEY_REQUEST run_id=bench_h1_key_013 node=U4 source=TM1 destination=TM
event=receive timestamp_ns=1791280394282497768 workflow=KEY_REQUEST run_id=bench_h1_key_014 node=U4 source=TM1 destination=TM
event=receive timestamp_ns=1791280397002622899 workflow=KEY_REQUEST run_id=bench_h1_key_015 node=U4 source=TM1 destination=TM
event=receive timestamp_ns=1791280399851105728 workflow=KEY_REQUEST run_id=bench_h1_key_016 node=U4 source=TM1 destination=TM
event=receive timestamp_ns=1791280403786746183 workflow=KEY_REQUEST run_id=bench_h1_key_017 node=U4 source=TM1 destination=TM
event=receive timestamp_ns=1791280406666829565 workflow=KEY_REQUEST run_id=bench_h1_key_018 node=U4 source=TM1 destination=TM
event=receive timestamp_ns=1791280410638935800 workflow=KEY_REQUEST run_id=bench_h1_key_019 node=U4 source=TM1 destination=TM
event=receive timestamp_ns=1791280414059060797 workflow=KEY_REQUEST run_id=bench_h1_key_020 node=U4 source=TM1 destination=TM
event=receive timestamp_ns=1791280417518649026 workflow=KEY_REQUEST run_id=bench_h1_key_021 node=U4 source=TM1 destination=TM
event=receive timestamp_ns=1791280421962777659 workflow=KEY_REQUEST run_id=bench_h1_key_022 node=U4 source=TM1 destination=TM
event=receive timestamp_ns=1791280424654731081 workflow=KEY_REQUEST run_id=bench_h1_key_023 node=U4 source=TM1 destination=TM
event=receive timestamp_ns=1791280429578737227 workflow=KEY_REQUEST run_id=bench_h1_key_024 node=U4 source=TM1 destination=TM
event=receive timestamp_ns=1791280432650744984 workflow=KEY_REQUEST run_id=bench_h1_key_025 node=U4 source=TM1 destination=TM
event=receive timestamp_ns=1791280436362670671 workflow=KEY_REQUEST run_id=bench_h1_key_026 node=U4 source=TM1 destination=TM
event=receive timestamp_ns=1791280441002636309 workflow=KEY_REQUEST run_id=bench_h1_key_027 node=U4 source=TM1 destination=TM
event=receive timestamp_ns=1791280443722910863 workflow=KEY_REQUEST run_id=bench_h1_key_028 node=U4 source=TM1 destination=TM
event=receive timestamp_ns=1791280446570651157 workflow=KEY_REQUEST run_id=bench_h1_key_029 node=U4 source=TM1 destination=TM
