event=receive timestamp_ns=1791280168938708688 workflow=KEY_REQUEST run_id=bench_h1_setup node=U5 source=TM1 destination=TM
event=receive timestamp_ns=1791280171828170012 workflow=CT_SHARE run_id=1 node=U5 source=TM1 destination=TM
event=receive timestamp_ns=1791280173372014873 workflow=CT_SHARE run_id=2 node=U5 source=TM1 destination=TM
event=receive timestamp_ns=1791280174972408972 workflow=CT_SHARE run_id=3 node=U5 source=TM1 destination=TM
event=receive timestamp_ns=1791280176472964075 workflow=CT_SHARE run_id=4 node=U5 source=TM1 destination=TM
event=receive timestamp_ns=1791280178039659831 workflow=CT_SHARE run_id=5 node=U5 source=TM1 destination=TM
event=receive timestamp_ns=1791280179576718595 workflow=CT_SHARE run_id=6 node=U5 source=TM1 destination=TM
event=receive timestamp_ns=1791280181113149463 workflow=CT_SHARE run_id=7 node=U5 source=TM1 destination=TM
event=receive timestamp_ns=1791280182615929482 workflow=CT_SHARE run_id=8 node=U5 source=TM1 destination=TM
event=receive timestamp_ns=1791280184183133561 workflow=CT_SHARE run_id=9 node=U5 source=TM1 destination=TM
event=receive timestamp_ns=1791280185690074997 workflow=CT_SHARE run_id=10 node=U5 source=TM1 destination=TM
event=receive timestamp_ns=1791280187287799607 workflow=CT_SHARE run_id=11 node=U5 source=TM1 destination=TM
event=receive timestamp_ns=1791280188826425388 workflow=CT_SHARE run_id=12 node=U5 source=TM1 destination=TM
event=receive timestamp_ns=1791280190395306883 workflow=CT_SHARE run_id=13 node=U5 source=TM1 destination=TM
event=receive timestamp_ns=1791280191926140548 workflow=CT_SHARE run_id=14 node=U5 source=TM1 destination=TM
event=receive timestamp_ns=1791280193435074980 workflow=CT_SHARE run_id=15 node=U5 source=TM1 destination=TM
event=receive timestamp_ns=1791280195037055723 workflow=CT_SHARE run_id=16 node=U5 source=TM1 destination=TM
event=receive timestamp_ns=1791280196568727295 workflow=CT_SHARE run_id=17 node=U5 source=TM1 destination=TM
event=receive timestamp_ns=1791280198102506485 workflow=CT_SHARE run_id=18 node=U5 source=TM1 destination=TM
event=receive timestamp_ns=1791280199731196198 workflow=CT_SHARE run_id=19 node=U5 source=TM1 destination=TM
event=receive timestamp_ns=1791280201236704292 workflow=CT_SHARE run_id=20 node=U5 source=TM1 destination=TM
event=receive timestamp_ns=1791280202812126757 workflow=CT_SHARE run_id=21 node=U5 source=TM1 destination=TM
event=receive timestamp_ns=1791280204305608580 workflow=CT_SHARE run_id=22 node=U5 source=TM1 destination=TM
event=receive timestamp_ns=1791280205912109813 workflow=CT_SHARE run_id=23 node=U5 source=TM1 destination=TM
event=receive timestamp_ns=1791280207481900378 workflow=CT_SHARE run_id=24 node=U5 source=TM1 destination=TM
event=receive timestamp_ns=1791280208988540006 workflow=CT_SHARE run_id=25 node=U5 source=TM1 destination=TM
event=receive timestamp_ns=1791280210518224408 workflow=CT_SHARE run_id=26 node=U5 source=TM1 destination=TM
event=receive timestamp_ns=1791280212055959962 workflow=CT_SHARE run_id=27 node=U5 source=TM1 destination=TM
event=receive timestamp_ns=1791280213618978180 workflow=CT_SHARE run_id=28 node=U5 source=TM1 destination=TM
event=receive timestamp_ns=1791280215192385052 workflow=CT_SHARE run_id=29 node=U5 source=TM1 destination=TM
event=receive timestamp_ns=1791280216698725433 workflow=CT_SHARE run_id=30 node=U5 source=TM1 destination=TM
event=receive timestamp_ns=1791280218296091844 workflow=CT_SHARE run_id=31 node=U5 source=TM1 destination=TM
event=receive timestamp_ns=1791280219834478997 workflow=CT_SHARE run_id=32 node=U5 source=TM1 destination=TM
event=receive timestamp_ns=1791280221373093276 workflow=CT_SHARE run_id=33 node=U5 source=TM1 destination=TM
event=receive timestamp_ns=1791280222906691848 workflow=CT_SHARE run_id=34 node=U5 source=TM1 destination=TM
event=receive timestamp_ns=1791280224438430288 workflow=CT_SHARE run_id=35 node=U5 source=TM1 destination=TM
event=receive timestamp_ns=1791280226803276391 workflow=ARL_UPDATE run_id=1 node=U5 source=Authority destination=TM
event=receive timestamp_ns=1791280228336717990 workflow=ARL_UPDATE run_id=2 node=U5 source=Authority destination=TM
event=receive timestamp_ns=1791280229869590449 workflow=ARL_UPDATE run_id=3 node=U5 source=Authority destination=TM
event=receive timestamp_ns=1791280231375869937 workflow=ARL_UPDATE run_id=4 node=U5 source=Authority destination=TM
event=receive timestamp_ns=1791280232946228811 workflow=ARL_UPDATE run_id=5 node=U5 source=Authority destination=TM
event=receive timestamp_ns=1791280234515467370 workflow=ARL_UPDATE run_id=6 node=U5 source=Authority destination=TM
event=receive timestamp_ns=1791280236016005145 workflow=ARL_UPDATE run_id=7 node=U5 source=Authority destination=TM
event=receive timestamp_ns=1791280237556219752 workflow=ARL_UPDATE run_id=8 node=U5 source=Authority destination=TM
event=receive timestamp_ns=1791280239121196432 workflow=ARL_UPDATE run_id=9 node=U5 source=Authority destination=TM
event=receive timestamp_ns=1791280240628226116 workflow=ARL_UPDATE run_id=10 node=U5 source=Authority destination=TM
event=receive timestamp_ns=1791280242164447690 workflow=ARL_UPDATE run_id=11 node=U5 source=Authority destination=TM
event=receive timestamp_ns=1791280243695239694 workflow=ARL_UPDATE run_id=12 node=U5 source=Authority destination=TM
event=receive timestamp_ns=1791280245264923045 workflow=ARL_UPDATE run_id=13 node=U5 source=Authority destination=TM
event=receive timestamp_ns=1791280246773207569 workflow=ARL_UPDATE run_id=14 node=U5 source=Authority destination=TM
event=receive timestamp_ns=1791280248342709428 workflow=ARL_UPDATE run_id=15 node=U5 source=Authority destination=TM
event=receive timestamp_ns=1791280249838469561 workflow=ARL_UPDATE run_id=16 node=U5 source=Authority destination=TM
event=receive timestamp_ns=1791280251411441457 workflow=ARL_UPDATE run_id=17 node=U5 source=Authority destination=TM
event=receive timestamp_ns=1791280252910780646 workflow=ARL_UPDATE run_id=18 node=U5 source=Authority destination=TM
event=receive timestamp_ns=1791280254451166949 workflow=ARL_UPDATE run_id=19 node=U5 source=Authority destination=TM
event=receive timestamp_ns=1791280255989945776 workflow=ARL_UPDATE run_id=20 node=U5 source=Authority destination=TM
event=receive timestamp_ns=1791280257552955816 workflow=ARL_UPDATE run_id=21 node=U5 source=Authority destination=TM
event=receive timestamp_ns=1791280259088539347 workflow=ARL_UPDATE run_id=22 node=U5 source=Authority destination=TM
event=receive timestamp_ns=1791280260589053251 workflow=ARL_UPDATE run_id=23 node=U5 source=Authority destination=TM
event=receive timestamp_ns=1791280262127682373 workflow=ARL_UPDATE run_id=24 node=U5 source=Authority destination=TM
event=receive timestamp_ns=1791280263697195420 workflow=ARL_UPDATE run_id=25 node=U5 source=Authority destination=TM
event=receive timestamp_ns=1791280265199978979 workflow=ARL_UPDATE run_id=26 node=U5 source=Authority destination=TM
event=receive timestamp_ns=1791280266734067777 workflow=ARL_UPDATE run_id=27 node=U5 source=Authority destination=TM
event=receive timestamp_ns=1791280268308389445 workflow=ARL_UPDATE run_id=28 node=U5 source=Authority destination=TM
event=receive timestamp_ns=1791280269809975228 workflow=ARL_UPDATE run_id=29 node=U5 source=Authority destination=TM
event=receive timestamp_ns=1791280271347456005 workflow=ARL_UPDATE run_id=30 node=U5 source=Authority destination=TM
event=receive timestamp_ns=1791280272884160167 workflow=ARL_UPDATE run_id=31 node=U5 source=Authority destination=TM
event=receive timestamp_ns=1791280274417963546 workflow=ARL_UPDATE run_id=32 node=U5 source=Authority destination=TM
event=receive timestamp_ns=1791280275954422455 workflow=ARL_UPDATE run_id=33 node=U5 source=Authority destination=TM
event=receive timestamp_ns=1791280277491557296 workflow=ARL_UPDATE run_id=34 node=U5 source=Authority destination=TM
event=receive timestamp_ns=1791280279026685174 workflow=ARL_UPDATE run_id=35 node=U5 source=Authority destination=TM
event=receive timestamp_ns=1791280280562052747 workflow=ARL_UPDATE run_id=36 node=U5 source=Authority destination=TM
event=receive timestamp_ns=1791280282097403141 workflow=ARL_UPDATE run_id=37 node=U5 source=Authority destination=TM
event=receive timestamp_ns=1791280283629706579 workflow=ARL_UPDATE run_id=38 node=U5 source=Authority destination=TM
event=receive timestamp_ns=1791280285169511657 workflow=ARL_UPDATE run_id=39 node=U5 source=Authority destination=TM
event=receive timestamp_ns=1791280286745640543 workflow=ARL_UPDATE run_id=40 node=U5 source=Authority destination=TM
event=receive timestamp_ns=1791280288274777242 workflow=ARL_UPDATE run_id=41 node=U5 source=Authority destination=TM
event=receive timestamp_ns=1791280289809975687 workflow=ARL_UPDATE run_id=42 node=U5 source=Authority destination=TM
event=receive timestamp_ns=1791280291378442105 workflow=ARL_UPDATE run_id=43 node=U5 source=Authority destination=TM
event=receive timestamp_ns=1791280292951441487 workflow=ARL_UPDATE run_id=44 node=U5 source=Authority destination=TM
event=receive timestamp_ns=1791280294448346066 workflow=ARL_UPDATE run_id=45 node=U5 source=Authority destination=TM
event=receive timestamp_ns=1791280296020650737 workflow=ARL_UPDATE run_id=46 node=U5 source=Authority destination=TM
event=receive timestamp_ns=1791280297618932517 workflow=ARL_UPDATE run_id=47 node=U5 source=Authority destination=TM
event=receive timestamp_ns=1791280299125431477 workflow=ARL_UPDATE run_id=48 node=U5 source=Authority destination=TM
event=receive timestamp_ns=1791280300691486183 workflow=ARL_UPDATE run_id=49 node=U5 source=Authority destination=TM
event=receive timestamp_ns=1791280302291471773 workflow=ARL_UPDATE run_id=50 node=U5 source=Authority destination=TM
event=receive timestamp_ns=1791280303827705505 workflow=ARL_UPDATE run_id=51 node=U5 source=Authority destination=TM
event=receive timestamp_ns=1791280305361345211 workflow=ARL_UPDATE run_id=52 node=U5 source=Authority destination=TM
event=receive timestamp_ns=1791280306870815511 workflow=ARL_UPDATE run_id=53 node=U5 source=Authority destination=TM
event=receive timestamp_ns=1791280308441888582 workflow=ARL_UPDATE run_id=54 node=U5 source=Authority destination=TM
event=receive timestamp_ns=1791280309973828215 workflow=ARL_UPDATE run_id=55 node=U5 source=Authority destination=TM
event=receive timestamp_ns=1791280311476228720 workflow=ARL_UPDATE run_id=56 node=U5 source=Authority destination=TM
event=receive timestamp_ns=1791280313011952221 workflow=ARL_UPDATE run_id=57 node=U5 source=Authority destination=TM
event=receive timestamp_ns=1791280314579870402 workflow=ARL_UPDATE run_id=58 node=U5 source=Authority destination=TM
event=receive timestamp_ns=1791280316084459419 workflow=ARL_UPDATE run_id=59 node=U5 source=Authority destination=TM
event=receive timestamp_ns=1791280317651312996 workflow=ARL_UPDATE run_id=60 node=U5 source=Authority destination=TM
event=receive timestamp_ns=1791280319186766444 workflow=ARL_UPDATE run_id=61 node=U5 source=Authority destination=TM
event=receive timestamp_ns=1791280320723429650 workflow=ARL_UPDATE run_id=62 node=U5 source=Authority destination=TM
event=receive timestamp_ns=1791280322226275690 workflow=ARL_UPDATE run_id=63 node=U5 source=Authority destination=TM
event=receive timestamp_ns=1791280323763035626 workflow=ARL_UPDATE run_id=64 node=U5 source=Authority destination=TM
event=receive timestamp_ns=1791280325299319236 workflow=ARL_UPDATE run_id=65 node=U5 source=Authority destination=TM
event=receive timestamp_ns=1791280326836161746 workflow=ARL_UPDATE run_id=66 node=U5 source=Authority destination=TM
event=receive timestamp_ns=1791280328371915190 workflow=ARL_UPDATE run_id=67 node=U5 source=Authority destination=TM
event=receive timestamp_ns=1791280329909534837 workflow=ARL_UPDATE run_id=68 node=U5 source=Authority destination=TM
event=receive timestamp_ns=1791280331444872280 workflow=ARL_UPDATE run_id=69 node=U5 source=Authority destination=TM
event=receive timestamp_ns=1791280332979757121 workflow=ARL_UPDATE run_id=70 node=U5 source=Authority destination=TM
event=receive timestamp_ns=1791280335339093587 workflow=KEY_REQUEST run_id=bench_h1_key_w1 node=U5 source=TM1 destination=TM
event=receive timestamp_ns=1791280338090765992 workflow=KEY_REQUEST run_id=bench_h1_key_w2 node=U5 source=TM1 destination=TM
event=receive timestamp_ns=1791280342219163361 workflow=KEY_REQUEST run_id=bench_h1_key_w3 node=U5 source=TM1 destination=TM
event=receive timestamp_ns=1791280344910730941 workflow=KEY_REQUEST run_id=bench_h1_key_w4 node=U5 source=TM1 destination=TM
event=receive timestamp_ns=1791280349034516515 workflow=KEY_REQUEST run_id=bench_h1_key_w5 node=U5 source=TM1 destination=TM
event=receive timestamp_ns=1791280351754757262 workflow=KEY_REQUEST run_id=bench_h1_key_001 node=U5 source=TM1 destination=TM
event=receive timestamp_ns=1791280356363010622 workflow=KEY_REQUEST run_id=bench_h1_key_002 node=U5 source=TM1 destination=TM
event=receive timestamp_ns=1791280357962931047 workflow=KEY_REQUEST run_id=bench_h1_key_003 node=U5 source=TM1 destination=TM
event=receive timestamp_ns=1791280361866785900 workflow=KEY_REQUEST run_id=bench_h1_key_004 node=U5 source=TM1 destination=TM
event=receive timestamp_ns=1791280364714722415 workflow=KEY_REQUEST run_id=bench_h1_key_005 node=U5 source=TM1 destination=TM
event=receive timestamp_ns=1791280368650965743 workflow=KEY_REQUEST run_id=bench_h1_key_006 node=U5 source=TM1 destination=TM
event=receive timestamp_ns=1791280372554573439 workflow=KEY_REQUEST run_id=bench_h1_key_007 node=U5 source=TM1 destination=TM
event=receive timestamp_ns=1791280375434662472 workflow=KEY_REQUEST run_id=bench_h1_key_008 node=U5 source=TM1 destination=TM
event=receive timestamp_ns=1791280378282628602 workflow=KEY_REQUEST run_id=bench_h1_key_009 node=U5 source=TM1 destination=TM
event=receive timestamp_ns=1791280381130547066 workflow=KEY_REQUEST run_id=bench_h1_key_010 node=U5 source=TM1 destination=TM
event=receive timestamp_ns=1791280384558874089 workflow=KEY_REQUEST run_id=bench_h1_key_011 node=U5 source=TM1 destination=TM
event=receive timestamp_ns=1791280387946719345 workflow=KEY_REQUEST run_id=bench_h1_key_012 node=U5 source=TM1 destination=TM
event=receive timestamp_ns=1791280390922897188 workflow=KEY_REQUEST run_id=bench_h1_key_013 node=U5 source=TM1 destination=TM
event=receive timestamp_ns=1791280393642607873 workflow=KEY_REQUEST run_id=bench_h1_key_014 node=U5 source=TM1 destination=TM
event=receive timestamp_ns=1791280398282507714 workflow=KEY_REQUEST run_id=bench_h1_key_015 node=U5 source=TM1 destination=TM
event=receive timestamp_ns=1791280400522740212 workflow=KEY_REQUEST run_id=bench_h1_key_016 node=U5 source=TM1 destination=TM
event=receive timestamp_ns=1791280403982535229 workflow=KEY_REQUEST run_id=bench_h1_key_017 node=U5 source=TM1 destination=TM
event=receive timestamp_ns=1791280407342722880 workflow=KEY_REQUEST run_id=bench_h1_key_018 node=U5 source=TM1 destination=TM
event=receive timestamp_ns=1791280410154744465 workflow=KEY_REQUEST run_id=bench_h1_key_019 node=U5 source=TM1 destination=TM
event=receive timestamp_ns=1791280414090879487 workflow=KEY_REQUEST run_id=bench_h1_key_020 node=U5 source=TM1 destination=TM
event=receive timestamp_ns=1791280417002673348 workflow=KEY_REQUEST run_id=bench_h1_key_021 node=U5 source=TM1 destination=TM
event=receive timestamp_ns=1791280422058430438 workflow=KEY_REQUEST run_id=bench_h1_key_022 node=U5 source=TM1 destination=TM
event=receive timestamp_ns=1791280424746645718 workflow=KEY_REQUEST run_id=bench_h1_key_023 node=U5 source=TM1 destination=TM
event=receive timestamp_ns=1791280429674606489 workflow=KEY_REQUEST run_id=bench_h1_key_024 node=U5 source=TM1 destination=TM
event=receive timestamp_ns=1791280433258617237 workflow=KEY_REQUEST run_id=bench_h1_key_025 node=U5 source=TM1 destination=TM
event=receive timestamp_ns=1791280437166810835 workflow=KEY_REQUEST run_id=bench_h1_key_026 node=U5 source=TM1 destination=TM
event=receive timestamp_ns=1791280439882714205 workflow=KEY_REQUEST run_id=bench_h1_key_027 node=U5 source=TM1 destination=TM
event=receive timestamp_ns=1791280444334629371 workflow=KEY_REQUEST run_id=bench_h1_key_028 node=U5 source=TM1 destination=TM
event=receive timestamp_ns=1791280447374774614 workflow=KEY_REQUEST run_id=bench_h1_key_029 node=U5 source=TM1 destination=TM
event=receive timestamp_ns=1791280450090733699 workflow=KEY_REQUEST run_id=bench_h1_key_030 node=U5 source=TM1 destination=TM
