event=send timestamp_ns=1791280461527630035 workflow=KEY_RESPONSE run_id=bench_h2_setup node=Authority source=Authority destination=bench_h2_setup
event=receive timestamp_ns=1791280462570602432 workflow=KEY_REQUEST run_id=bench_h2_setup node=Authority source=TM2 destination=TM
event=receive timestamp_ns=1791280465186002383 workflow=CT_SHARE run_id=1 node=Authority source=TM2 destination=TM
event=receive timestamp_ns=1791280466787392246 workflow=CT_SHARE run_id=2 node=Authority source=TM2 destination=TM
event=receive timestamp_ns=1791280468284700297 workflow=CT_SHARE run_id=3 node=Authority source=TM2 destination=TM
event=receive timestamp_ns=1791280469825961908 workflow=CT_SHARE run_id=4 node=Authority source=TM2 destination=TM
event=receive timestamp_ns=1791280471393314186 workflow=CT_SHARE run_id=5 node=Authority source=TM2 destination=TM
event=receive timestamp_ns=1791280472898564300 workflow=CT_SHARE run_id=6 node=Authority source=TM2 destination=TM
event=receive timestamp_ns=1791280474464394037 workflow=CT_SHARE run_id=7 node=Authority source=TM2 destination=TM
event=receive timestamp_ns=1791280475996689901 workflow=CT_SHARE run_id=8 node=Authority source=TM2 destination=TM
event=receive timestamp_ns=1791280477528563788 workflow=CT_SHARE run_id=9 node=Authority source=TM2 destination=TM
event=receive timestamp_ns=1791280479137481985 workflow=CT_SHARE run_id=10 node=Authority source=TM2 destination=TM
event=receive timestamp_ns=1791280480700911094 workflow=CT_SHARE run_id=11 node=Authority source=TM2 destination=TM
event=receive timestamp_ns=1791280482215129241 workflow=CT_SHARE run_id=12 node=Authority source=TM2 destination=TM
event=receive timestamp_ns=1791280483777594863 workflow=CT_SHARE run_id=13 node=Authority source=TM2 destination=TM
event=receive timestamp_ns=1791280485307473279 workflow=CT_SHARE run_id=14 node=Authority source=TM2 destination=TM
event=receive timestamp_ns=1791280486810664157 workflow=CT_SHARE run_id=15 node=Authority source=TM2 destination=TM
event=receive timestamp_ns=1791280488354019297 workflow=CT_SHARE run_id=16 node=Authority source=TM2 destination=TM
event=receive timestamp_ns=1791280489920157144 workflow=CT_SHARE run_id=17 node=Authority source=TM2 destination=TM
event=receive timestamp_ns=1791280491484207840 workflow=CT_SHARE run_id=18 node=Authority source=TM2 destination=TM
event=receive timestamp_ns=1791280493024223450 workflow=CT_SHARE run_id=19 node=Authority source=TM2 destination=TM
event=receive timestamp_ns=1791280494555289225 workflow=CT_SHARE run_id=20 node=Authority source=TM2 destination=TM
event=receive timestamp_ns=1791280496096180162 workflow=CT_SHARE run_id=21 node=Authority source=TM2 destination=TM
event=receive timestamp_ns=1791280497632108524 workflow=CT_SHARE run_id=22 node=Authority source=TM2 destination=TM
event=receive timestamp_ns=1791280499234227258 workflow=CT_SHARE run_id=23 node=Authority source=TM2 destination=TM
event=receive timestamp_ns=1791280500767403773 workflow=CT_SHARE run_id=24 node=Authority source=TM2 destination=TM
event=receive timestamp_ns=1791280502333837571 workflow=CT_SHARE run_id=25 node=Authority source=TM2 destination=TM
event=receive timestamp_ns=1791280503869227455 workflow=CT_SHARE run_id=26 node=Authority source=TM2 destination=TM
event=receive timestamp_ns=1791280505436752244 workflow=CT_SHARE run_id=27 node=Authority source=TM2 destination=TM
event=receive timestamp_ns=1791280506937171552 workflow=CT_SHARE run_id=28 node=Authority source=TM2 destination=TM
event=receive timestamp_ns=1791280508481413629 workflow=CT_SHARE run_id=29 node=Authority source=TM2 destination=TM
event=receive timestamp_ns=1791280510011272595 workflow=CT_SHARE run_id=30 node=Authority source=TM2 destination=TM
event=receive timestamp_ns=1791280511544693872 workflow=CT_SHARE run_id=31 node=Authority source=TM2 destination=TM
event=receive timestamp_ns=1791280513080143222 workflow=CT_SHARE run_id=32 node=Authority source=TM2 destination=TM
event=receive timestamp_ns=1791280514626988118 workflow=CT_SHARE run_id=33 node=Authority source=TM2 destination=TM
event=receive timestamp_ns=1791280516226625914 workflow=CT_SHARE run_id=34 node=Authority source=TM2 destination=TM
event=receive timestamp_ns=1791280517796160002 workflow=CT_SHARE run_id=35 node=Authority source=TM2 destination=TM
event=send timestamp_ns=1791280517919771189 workflow=ARL_UPDATE run_id=1 node=Authority source=Authority destination=TM
event=send timestamp_ns=1791280519640135937 workflow=ARL_UPDATE run_id=2 node=Authority source=Authority destination=TM
event=send timestamp_ns=1791280521176252610 workflow=ARL_UPDATE run_id=3 node=Authority source=Authority destination=TM
event=send timestamp_ns=1791280522711836543 workflow=ARL_UPDATE run_id=4 node=Authority source=Authority destination=TM
event=send timestamp_ns=1791280524247521336 workflow=ARL_UPDATE run_id=5 node=Authority source=Authority destination=TM
event=send timestamp_ns=1791280525784534657 workflow=ARL_UPDATE run_id=6 node=Authority source=Authority destination=TM
event=send timestamp_ns=1791280527322561600 workflow=ARL_UPDATE run_id=7 node=Authority source=Authority destination=TM
event=send timestamp_ns=1791280528856514528 workflow=ARL_UPDATE run_id=8 node=Authority source=Authority destination=TM
event=send timestamp_ns=1791280530599458313 workflow=ARL_UPDATE run_id=9 node=Authority source=Authority destination=TM
event=send timestamp_ns=1791280531928699130 workflow=ARL_UPDATE run_id=10 node=Authority source=Authority destination=TM
event=send timestamp_ns=1791280533464004426 workflow=ARL_UPDATE run_id=11 node=Authority source=Authority destination=TM
event=send timestamp_ns=1791280535004818121 workflow=ARL_UPDATE run_id=12 node=Authority source=Authority destination=TM
event=send timestamp_ns=1791280536534879071 workflow=ARL_UPDATE run_id=13 node=Authority source=Authority destination=TM
event=send timestamp_ns=1791280538075165260 workflow=ARL_UPDATE run_id=14 node=Authority source=Authority destination=TM
event=send timestamp_ns=1791280539608781327 workflow=ARL_UPDATE run_id=15 node=Authority source=Authority destination=TM
event=send timestamp_ns=1791280541149511362 workflow=ARL_UPDATE run_id=16 node=Authority source=Authority destination=TM
event=send timestamp_ns=1791280542895487912 workflow=ARL_UPDATE run_id=17 node=Authority source=Authority destination=TM
event=send timestamp_ns=1791280544429832841 workflow=ARL_UPDATE run_id=18 node=Authority source=Authority destination=TM
event=send timestamp_ns=1791280545959626533 workflow=ARL_UPDATE run_id=19 node=Authority source=Authority destination=TM
event=send timestamp_ns=1791280547496318233 workflow=ARL_UPDATE run_id=20 node=Authority source=Authority destination=TM
event=send timestamp_ns=1791280548826185137 workflow=ARL_UPDATE run_id=21 node=Authority source=Authority destination=TM
event=send timestamp_ns=1791280550370797101 workflow=ARL_UPDATE run_id=22 node=Authority source=Authority destination=TM
event=send timestamp_ns=1791280551900568179 workflow=ARL_UPDATE run_id=23 node=Authority source=Authority destination=TM
event=send timestamp_ns=1791280553437470643 workflow=ARL_UPDATE run_id=24 node=Authority source=Authority destination=TM
event=send timestamp_ns=1791280554971233672 workflow=ARL_UPDATE run_id=25 node=Authority source=Authority destination=TM
event=send timestamp_ns=1791280556509512662 workflow=ARL_UPDATE run_id=26 node=Authority source=Authority destination=TM
event=send timestamp_ns=1791280558045113706 workflow=ARL_UPDATE run_id=27 node=Authority source=Authority destination=TM
event=send timestamp_ns=1791280559579631549 workflow=ARL_UPDATE run_id=28 node=Authority source=Authority destination=TM
event=send timestamp_ns=1791280561113399010 workflow=ARL_UPDATE run_id=29 node=Authority source=Authority destination=TM
event=send timestamp_ns=1791280562647561823 workflow=ARL_UPDATE run_id=30 node=Authority source=Authority destination=TM
event=send timestamp_ns=1791280564187997617 workflow=ARL_UPDATE run_id=31 node=Authority source=Authority destination=TM
event=send timestamp_ns=1791280565718855784 workflow=ARL_UPDATE run_id=32 node=Authority source=Authority destination=TM
event=send timestamp_ns=1791280567256729531 workflow=ARL_UPDATE run_id=33 node=Authority source=Authority destination=TM
event=send timestamp_ns=1791280568800895260 workflow=ARL_UPDATE run_id=34 node=Authority source=Authority destination=TM
event=send timestamp_ns=1791280570330258983 workflow=ARL_UPDATE run_id=35 node=Authority source=Authority destination=TM
event=send timestamp_ns=1791280572071475753 workflow=ARL_UPDATE run_id=36 node=Authority source=Authority destination=TM
event=send timestamp_ns=1791280573402931049 workflow=ARL_UPDATE run_id=37 node=Authority source=Authority destination=TM
event=send timestamp_ns=1791280574943030283 workflow=ARL_UPDATE run_id=38 node=Authority source=Authority destination=TM
event=send timestamp_ns=1791280576478113606 workflow=ARL_UPDATE run_id=39 node=Authority source=Authority destination=TM
event=send timestamp_ns=1791280578011462648 workflow=ARL_UPDATE run_id=40 node=Authority source=Authority destination=TM
event=send timestamp_ns=1791280579546148194 workflow=ARL_UPDATE run_id=41 node=Authority source=Authority destination=TM
event=send timestamp_ns=1791280581080926683 workflow=ARL_UPDATE run_id=42 node=Authority source=Authority destination=TM
event=send timestamp_ns=1791280582824948992 workflow=ARL_UPDATE run_id=43 node=Authority source=Authority destination=TM
event=send timestamp_ns=1791280584158636042 workflow=ARL_UPDATE run_id=44 node=Authority source=Authority destination=TM
event=send timestamp_ns=1791280585692035479 workflow=ARL_UPDATE run_id=45 node=Authority source=Authority destination=TM
event=send timestamp_ns=1791280587231817518 workflow=ARL_UPDATE run_id=46 node=Authority source=Authority destination=TM
event=send timestamp_ns=1791280588769883091 workflow=ARL_UPDATE run_id=47 node=Authority source=Authority destination=TM
event=send timestamp_ns=1791280590302554419 workflow=ARL_UPDATE run_id=48 node=Authority source=Authority destination=TM
event=send timestamp_ns=1791280592047187567 workflow=ARL_UPDATE run_id=49 node=Authority source=Authority destination=TM
event=send timestamp_ns=1791280593378749709 workflow=ARL_UPDATE run_id=50 node=Authority source=Authority destination=TM
event=send timestamp_ns=1791280595112440304 workflow=ARL_UPDATE run_id=51 node=Authority source=Authority destination=TM
event=send timestamp_ns=1791280596446676389 workflow=ARL_UPDATE run_id=52 node=Authority source=Authority destination=TM
event=send timestamp_ns=1791280598051310541 workflow=ARL_UPDATE run_id=53 node=Authority source=Authority destination=TM
event=send timestamp_ns=1791280599580864436 workflow=ARL_UPDATE run_id=54 node=Authority source=Authority destination=TM
event=send timestamp_ns=1791280601118866810 workflow=ARL_UPDATE run_id=55 node=Authority source=Authority destination=TM
event=send timestamp_ns=1791280602651638564 workflow=ARL_UPDATE run_id=56 node=Authority source=Authority destination=TM
event=send timestamp_ns=1791280604400860384 workflow=ARL_UPDATE run_id=57 node=Authority source=Authority destination=TM
event=send timestamp_ns=1791280605727859363 workflow=ARL_UPDATE run_id=58 node=Authority source=Authority destination=TM
event=send timestamp_ns=1791280607262786709 workflow=ARL_UPDATE run_id=59 node=Authority source=Authority destination=TM
event=send timestamp_ns=1791280608796773003 workflow=ARL_UPDATE run_id=60 node=Authority source=Authority destination=TM
event=send timestamp_ns=1791280610541959572 workflow=ARL_UPDATE run_id=61 node=Authority source=Authority destination=TM
event=send timestamp_ns=1791280611870793638 workflow=ARL_UPDATE run_id=62 node=Authority source=Authority destination=TM
event=send timestamp_ns=1791280613439858712 workflow=ARL_UPDATE run_id=63 node=Authority source=Authority destination=TM
event=send timestamp_ns=1791280615043808021 workflow=ARL_UPDATE run_id=64 node=Authority source=Authority destination=TM
event=send timestamp_ns=1791280616571551907 workflow=ARL_UPDATE run_id=65 node=Authority source=Authority destination=TM
event=send timestamp_ns=1791280618111838337 workflow=ARL_UPDATE run_id=66 node=Authority source=Authority destination=TM
event=send timestamp_ns=1791280619644566363 workflow=ARL_UPDATE run_id=67 node=Authority source=Authority destination=TM
event=send timestamp_ns=1791280621178882004 workflow=ARL_UPDATE run_id=68 node=Authority source=Authority destination=TM
event=send timestamp_ns=1791280622718233349 workflow=ARL_UPDATE run_id=69 node=Authority source=Authority destination=TM
event=send timestamp_ns=1791280624324559045 workflow=ARL_UPDATE run_id=70 node=Authority source=Authority destination=TM
event=send timestamp_ns=1791280627095483306 workflow=KEY_RESPONSE run_id=bench_h2_key_w1 node=Authority source=Authority destination=bench_h2_key_w1
event=receive timestamp_ns=1791280628138440599 workflow=KEY_REQUEST run_id=bench_h2_key_w1 node=Authority source=TM2 destination=TM
event=send timestamp_ns=1791280630735301893 workflow=KEY_RESPONSE run_id=bench_h2_key_w2 node=Authority source=Authority destination=bench_h2_key_w2
event=receive timestamp_ns=1791280631754452890 workflow=KEY_REQUEST run_id=bench_h2_key_w2 node=Authority source=TM2 destination=TM
event=send timestamp_ns=1791280634290206239 workflow=KEY_RESPONSE run_id=bench_h2_key_w3 node=Authority source=Authority destination=bench_h2_key_w3
event=receive timestamp_ns=1791280635306586717 workflow=KEY_REQUEST run_id=bench_h2_key_w3 node=Authority source=TM2 destination=TM
event=send timestamp_ns=1791280636848220355 workflow=KEY_RESPONSE run_id=bench_h2_key_w4 node=Authority source=Authority destination=bench_h2_key_w4
event=receive timestamp_ns=1791280637866769313 workflow=KEY_REQUEST run_id=bench_h2_key_w4 node=Authority source=TM2 destination=TM
event=send timestamp_ns=1791280640439046267 workflow=KEY_RESPONSE run_id=bench_h2_key_w5 node=Authority source=Authority destination=bench_h2_key_w5
event=receive timestamp_ns=1791280641482597396 workflow=KEY_REQUEST run_id=bench_h2_key_w5 node=Authority source=TM2 destination=TM
event=send timestamp_ns=1791280645041118250 workflow=KEY_RESPONSE run_id=bench_h2_key_001 node=Authority source=Authority destination=bench_h2_key_001
event=receive timestamp_ns=1791280646059022212 workflow=KEY_REQUEST run_id=bench_h2_key_001 node=Authority source=TM2 destination=TM
event=send timestamp_ns=1791280647599484545 workflow=KEY_RESPONSE run_id=bench_h2_key_002 node=Authority source=Authority destination=bench_h2_key_002
event=receive timestamp_ns=1791280648618470759 workflow=KEY_REQUEST run_id=bench_h2_key_002 node=Authority source=TM2 destination=TM
event=send timestamp_ns=1791280651189151727 workflow=KEY_RESPONSE run_id=bench_h2_key_003 node=Authority source=Authority destination=bench_h2_key_003
event=receive timestamp_ns=1791280652234582887 workflow=KEY_REQUEST run_id=bench_h2_key_003 node=Authority source=TM2 destination=TM
event=send timestamp_ns=1791280654774072648 workflow=KEY_RESPONSE run_id=bench_h2_key_004 node=Authority source=Authority destination=bench_h2_key_004
event=receive timestamp_ns=1791280655818780451 workflow=KEY_REQUEST run_id=bench_h2_key_004 node=Authority source=TM2 destination=TM
event=send timestamp_ns=1791280657268708145 workflow=KEY_RESPONSE run_id=bench_h2_key_005 node=Authority source=Authority destination=bench_h2_key_005
event=receive timestamp_ns=1791280658314784929 workflow=KEY_REQUEST run_id=bench_h2_key_005 node=Authority source=TM2 destination=TM
event=send timestamp_ns=1791280660852746823 workflow=KEY_RESPONSE run_id=bench_h2_key_006 node=Authority source=Authority destination=bench_h2_key_006
event=receive timestamp_ns=1791280661866602215 workflow=KEY_REQUEST run_id=bench_h2_key_006 node=Authority source=TM2 destination=TM
event=send timestamp_ns=1791280664431593400 workflow=KEY_RESPONSE run_id=bench_h2_key_007 node=Authority source=Authority destination=bench_h2_key_007
event=receive timestamp_ns=1791280665450402683 workflow=KEY_REQUEST run_id=bench_h2_key_007 node=Authority source=TM2 destination=TM
event=send timestamp_ns=1791280668019936228 workflow=KEY_RESPONSE run_id=bench_h2_key_008 node=Authority source=Authority destination=bench_h2_key_008
event=receive timestamp_ns=1791280669034714403 workflow=KEY_REQUEST run_id=bench_h2_key_008 node=Authority source=TM2 destination=TM
event=send timestamp_ns=1791280671567992564 workflow=KEY_RESPONSE run_id=bench_h2_key_009 node=Authority source=Authority destination=bench_h2_key_009
event=receive timestamp_ns=1791280672586743742 workflow=KEY_REQUEST run_id=bench_h2_key_009 node=Authority source=TM2 destination=TM
event=send timestamp_ns=1791280675152350510 workflow=KEY_RESPONSE run_id=bench_h2_key_010 node=Authority source=Authority destination=bench_h2_key_010
event=receive timestamp_ns=1791280676170419719 workflow=KEY_REQUEST run_id=bench_h2_key_010 node=Authority source=TM2 destination=TM
event=send timestamp_ns=1791280678735106848 workflow=KEY_RESPONSE run_id=bench_h2_key_011 node=Authority source=Authority destination=bench_h2_key_011
event=receive timestamp_ns=1791280679754607244 workflow=KEY_REQUEST run_id=bench_h2_key_011 node=Authority source=TM2 destination=TM
event=send timestamp_ns=1791280681301121298 workflow=KEY_RESPONSE run_id=bench_h2_key_012 node=Authority source=Authority destination=bench_h2_key_012
event=receive timestamp_ns=1791280682346600274 workflow=KEY_REQUEST run_id=bench_h2_key_012 node=Authority source=TM2 destination=TM
event=send timestamp_ns=1791280685940304826 workflow=KEY_RESPONSE run_id=bench_h2_key_013 node=Authority source=Authority destination=bench_h2_key_013
event=receive timestamp_ns=1791280686986665038 workflow=KEY_REQUEST run_id=bench_h2_key_013 node=Authority source=TM2 destination=TM
event=send timestamp_ns=1791280689557013081 workflow=KEY_RESPONSE run_id=bench_h2_key_014 node=Authority source=Authority destination=bench_h2_key_014
event=receive timestamp_ns=1791280690602702244 workflow=KEY_REQUEST run_id=bench_h2_key_014 node=Authority source=TM2 destination=TM
event=send timestamp_ns=1791280693143408804 workflow=KEY_RESPONSE run_id=bench_h2_key_015 node=Authority source=Authority destination=bench_h2_key_015
event=receive timestamp_ns=1791280694186670054 workflow=KEY_REQUEST run_id=bench_h2_key_015 node=Authority source=TM2 destination=TM
event=send timestamp_ns=1791280695602563251 workflow=KEY_RESPONSE run_id=bench_h2_key_016 node=Authority source=Authority destination=bench_h2_key_016
event=receive timestamp_ns=1791280696618460862 workflow=KEY_REQUEST run_id=bench_h2_key_016 node=Authority source=TM2 destination=TM
event=send timestamp_ns=1791280698159249396 workflow=KEY_RESPONSE run_id=bench_h2_key_017 node=Authority source=Authority destination=bench_h2_key_017
event=receive timestamp_ns=1791280699178831170 workflow=KEY_REQUEST run_id=bench_h2_key_017 node=Authority source=TM2 destination=TM
event=send timestamp_ns=1791280701747727861 workflow=KEY_RESPONSE run_id=bench_h2_key_018 node=Authority source=Authority destination=bench_h2_key_018
event=receive timestamp_ns=1791280702762538187 workflow=KEY_REQUEST run_id=bench_h2_key_018 node=Authority source=TM2 destination=TM
event=send timestamp_ns=1791280704307770687 workflow=KEY_RESPONSE run_id=bench_h2_key_019 node=Authority source=Authority destination=bench_h2_key_019
event=receive timestamp_ns=1791280705322770214 workflow=KEY_REQUEST run_id=bench_h2_key_019 node=Authority source=TM2 destination=TM
event=send timestamp_ns=1791280708915521791 workflow=KEY_RESPONSE run_id=bench_h2_key_020 node=Authority source=Authority destination=bench_h2_key_020
event=receive timestamp_ns=1791280709930906276 workflow=KEY_REQUEST run_id=bench_h2_key_020 node=Authority source=TM2 destination=TM
event=send timestamp_ns=1791280711476872694 workflow=KEY_RESPONSE run_id=bench_h2_key_021 node=Authority source=Authority destination=bench_h2_key_021
event=receive timestamp_ns=1791280712523021337 workflow=KEY_REQUEST run_id=bench_h2_key_021 node=Authority source=TM2 destination=TM
event=send timestamp_ns=1791280715063048263 workflow=KEY_RESPONSE run_id=bench_h2_key_022 node=Authority source=Authority destination=bench_h2_key_022
event=receive timestamp_ns=1791280716110722965 workflow=KEY_REQUEST run_id=bench_h2_key_022 node=Authority source=TM2 destination=TM
event=send timestamp_ns=1791280717523052216 workflow=KEY_RESPONSE run_id=bench_h2_key_023 node=Authority source=Authority destination=bench_h2_key_023
event=receive timestamp_ns=1791280718542591218 workflow=KEY_REQUEST run_id=bench_h2_key_023 node=Authority source=TM2 destination=TM
event=send timestamp_ns=1791280722130130405 workflow=KEY_RESPONSE run_id=bench_h2_key_024 node=Authority source=Authority destination=bench_h2_key_024
event=receive timestamp_ns=1791280723147318755 workflow=KEY_REQUEST run_id=bench_h2_key_024 node=Authority source=TM2 destination=TM
event=send timestamp_ns=1791280725712097157 workflow=KEY_RESPONSE run_id=bench_h2_key_025 node=Authority source=Authority destination=bench_h2_key_025
event=receive timestamp_ns=1791280726730773079 workflow=KEY_REQUEST run_id=bench_h2_key_025 node=Authority source=TM2 destination=TM
event=send timestamp_ns=1791280729299194224 workflow=KEY_RESPONSE run_id=bench_h2_key_026 node=Authority source=Authority destination=bench_h2_key_026
event=receive timestamp_ns=1791280730318455079 workflow=KEY_REQUEST run_id=bench_h2_key_026 node=Authority source=TM2 destination=TM
event=send timestamp_ns=1791280733904417056 workflow=KEY_RESPONSE run_id=bench_h2_key_027 node=Authority source=Authority destination=bench_h2_key_027
event=receive timestamp_ns=1791280734922573016 workflow=KEY_REQUEST run_id=bench_h2_key_027 node=Authority source=TM2 destination=TM
event=send timestamp_ns=1791280736465264076 workflow=KEY_RESPONSE run_id=bench_h2_key_028 node=Authority source=Authority destination=bench_h2_key_028
event=receive timestamp_ns=1791280737486470370 workflow=KEY_REQUEST run_id=bench_h2_key_028 node=Authority source=TM2 destination=TM
event=send timestamp_ns=1791280740047173131 workflow=KEY_RESPONSE run_id=bench_h2_key_029 node=Authority source=Authority destination=bench_h2_key_029
event=receive timestamp_ns=1791280741070596529 workflow=KEY_REQUEST run_id=bench_h2_key_029 node=Authority source=TM2 destination=TM
event=send timestamp_ns=1791280743631364623 workflow=KEY_RESPONSE run_id=bench_h2_key_030 node=Authority source=Authority destination=bench_h2_key_030
event=receive timestamp_ns=1791280744650703789 workflow=KEY_REQUEST run_id=bench_h2_key_030 node=Authority source=TM2 destination=TM
