event=receive timestamp_ns=1791280461419015053 workflow=KEY_REQUEST run_id=bench_h2_setup node=U1 source=TM2 destination=TM
event=receive timestamp_ns=1791280465074241104 workflow=CT_SHARE run_id=1 node=U1 source=TM2 destination=TM
event=receive timestamp_ns=1791280466678121451 workflow=CT_SHARE run_id=2 node=U1 source=TM2 destination=TM
event=receive timestamp_ns=1791280468183556462 workflow=CT_SHARE run_id=3 node=U1 source=TM2 destination=TM
event=receive timestamp_ns=1791280469723666429 workflow=CT_SHARE run_id=4 node=U1 source=TM2 destination=TM
event=receive timestamp_ns=1791280471285823023 workflow=CT_SHARE run_id=5 node=U1 source=TM2 destination=TM
event=receive timestamp_ns=1791280472789608607 workflow=CT_SHARE run_id=6 node=U1 source=TM2 destination=TM
event=receive timestamp_ns=1791280474326878075 workflow=CT_SHARE run_id=7 node=U1 source=TM2 destination=TM
event=receive timestamp_ns=1791280475894935586 workflow=CT_SHARE run_id=8 node=U1 source=TM2 destination=TM
event=receive timestamp_ns=1791280477429697659 workflow=CT_SHARE run_id=9 node=U1 source=TM2 destination=TM
event=receive timestamp_ns=1791280479025949654 workflow=CT_SHARE run_id=10 node=U1 source=TM2 destination=TM
event=receive timestamp_ns=1791280480595409560 workflow=CT_SHARE run_id=11 node=U1 source=TM2 destination=TM
event=receive timestamp_ns=1791280482103914454 workflow=CT_SHARE run_id=12 node=U1 source=TM2 destination=TM
event=receive timestamp_ns=1791280483642624895 workflow=CT_SHARE run_id=13 node=U1 source=TM2 destination=TM
event=receive timestamp_ns=1791280485171369972 workflow=CT_SHARE run_id=14 node=U1 source=TM2 destination=TM
event=receive timestamp_ns=1791280486706580383 workflow=CT_SHARE run_id=15 node=U1 source=TM2 destination=TM
event=receive timestamp_ns=1791280488244488259 workflow=CT_SHARE run_id=16 node=U1 source=TM2 destination=TM
event=receive timestamp_ns=1791280489780887414 workflow=CT_SHARE run_id=17 node=U1 source=TM2 destination=TM
event=receive timestamp_ns=1791280491378548276 workflow=CT_SHARE run_id=18 node=U1 source=TM2 destination=TM
event=receive timestamp_ns=1791280492917982760 workflow=CT_SHARE run_id=19 node=U1 source=TM2 destination=TM
event=receive timestamp_ns=1791280494451380412 workflow=CT_SHARE run_id=20 node=U1 source=TM2 destination=TM
event=receive timestamp_ns=1791280495992918108 workflow=CT_SHARE run_id=21 node=U1 source=TM2 destination=TM
event=receive timestamp_ns=1791280497529025272 workflow=CT_SHARE run_id=22 node=U1 source=TM2 destination=TM
event=receive timestamp_ns=1791280499124159986 workflow=CT_SHARE run_id=23 node=U1 source=TM2 destination=TM
event=receive timestamp_ns=1791280500660161679 workflow=CT_SHARE run_id=24 node=U1 source=TM2 destination=TM
event=receive timestamp_ns=1791280502229030275 workflow=CT_SHARE run_id=25 node=U1 source=TM2 destination=TM
event=receive timestamp_ns=1791280503767126181 workflow=CT_SHARE run_id=26 node=U1 source=TM2 destination=TM
event=receive timestamp_ns=1791280505332702225 workflow=CT_SHARE run_id=27 node=U1 source=TM2 destination=TM
event=receive timestamp_ns=1791280506843988961 workflow=CT_SHARE run_id=28 node=U1 source=TM2 destination=TM
event=receive timestamp_ns=1791280508369873769 workflow=CT_SHARE run_id=29 node=U1 source=TM2 destination=TM
event=receive timestamp_ns=1791280509906073605 workflow=CT_SHARE run_id=30 node=U1 source=TM2 destination=TM
event=receive timestamp_ns=1791280511473393842 workflow=CT_SHARE run_id=31 node=U1 source=TM2 destination=TM
event=receive timestamp_ns=1791280513012977732 workflow=CT_SHARE run_id=32 node=U1 source=TM2 destination=TM
event=receive timestamp_ns=1791280514518204551 workflow=CT_SHARE run_id=33 node=U1 source=TM2 destination=TM
event=receive timestamp_ns=1791280516119966572 workflow=CT_SHARE run_id=34 node=U1 source=TM2 destination=TM
event=receive timestamp_ns=1791280517689212818 workflow=CT_SHARE run_id=35 node=U1 source=TM2 destination=TM
event=receive timestamp_ns=1791280520051923259 workflow=ARL_UPDATE run_id=1 node=U1 source=Authority destination=TM
event=receive timestamp_ns=1791280521589262712 workflow=ARL_UPDATE run_id=2 node=U1 source=Authority destination=TM
event=receive timestamp_ns=1791280523124105511 workflow=ARL_UPDATE run_id=3 node=U1 source=Authority destination=TM
event=receive timestamp_ns=1791280524658001797 workflow=ARL_UPDATE run_id=4 node=U1 source=Authority destination=TM
event=receive timestamp_ns=1791280526198832552 workflow=ARL_UPDATE run_id=5 node=U1 source=Authority destination=TM
event=receive timestamp_ns=1791280527733256357 workflow=ARL_UPDATE run_id=6 node=U1 source=Authority destination=TM
event=receive timestamp_ns=1791280529268199195 workflow=ARL_UPDATE run_id=7 node=U1 source=Authority destination=TM
event=receive timestamp_ns=1791280530802815518 workflow=ARL_UPDATE run_id=8 node=U1 source=Authority destination=TM
event=receive timestamp_ns=1791280532338527527 workflow=ARL_UPDATE run_id=9 node=U1 source=Authority destination=TM
event=receive timestamp_ns=1791280533876703864 workflow=ARL_UPDATE run_id=10 node=U1 source=Authority destination=TM
event=receive timestamp_ns=1791280535411453452 workflow=ARL_UPDATE run_id=11 node=U1 source=Authority destination=TM
event=receive timestamp_ns=1791280536947892319 workflow=ARL_UPDATE run_id=12 node=U1 source=Authority destination=TM
event=receive timestamp_ns=1791280538481695055 workflow=ARL_UPDATE run_id=13 node=U1 source=Authority destination=TM
event=receive timestamp_ns=1791280540015814378 workflow=ARL_UPDATE run_id=14 node=U1 source=Authority destination=TM
event=receive timestamp_ns=1791280541555778004 workflow=ARL_UPDATE run_id=15 node=U1 source=Authority destination=TM
event=receive timestamp_ns=1791280543126389144 workflow=ARL_UPDATE run_id=16 node=U1 source=Authority destination=TM
event=receive timestamp_ns=1791280544658823498 workflow=ARL_UPDATE run_id=17 node=U1 source=Authority destination=TM
event=receive timestamp_ns=1791280546166261465 workflow=ARL_UPDATE run_id=18 node=U1 source=Authority destination=TM
event=receive timestamp_ns=1791280547696336018 workflow=ARL_UPDATE run_id=19 node=U1 source=Authority destination=TM
event=receive timestamp_ns=1791280549230356109 workflow=ARL_UPDATE run_id=20 node=U1 source=Authority destination=TM
event=receive timestamp_ns=1791280550771831503 workflow=ARL_UPDATE run_id=21 node=U1 source=Authority destination=TM
event=receive timestamp_ns=1791280552310910878 workflow=ARL_UPDATE run_id=22 node=U1 source=Authority destination=TM
event=receive timestamp_ns=1791280553842468057 workflow=ARL_UPDATE run_id=23 node=U1 source=Authority destination=TM
event=receive timestamp_ns=1791280555381763094 workflow=ARL_UPDATE run_id=24 node=U1 source=Authority destination=TM
event=receive timestamp_ns=1791280556908963126 workflow=ARL_UPDATE run_id=25 node=U1 source=Authority destination=TM
event=receive timestamp_ns=1791280558452594014 workflow=ARL_UPDATE run_id=26 node=U1 source=Authority destination=TM
event=receive timestamp_ns=1791280559988814492 workflow=ARL_UPDATE run_id=27 node=U1 source=Authority destination=TM
event=receive timestamp_ns=1791280561522524492 workflow=ARL_UPDATE run_id=28 node=U1 source=Authority destination=TM
event=receive timestamp_ns=1791280563061091625 workflow=ARL_UPDATE run_id=29 node=U1 source=Authority destination=TM
event=receive timestamp_ns=1791280564596286183 workflow=ARL_UPDATE run_id=30 node=U1 source=Authority destination=TM
event=receive timestamp_ns=1791280566134474783 workflow=ARL_UPDATE run_id=31 node=U1 source=Authority destination=TM
event=receive timestamp_ns=1791280567667621144 workflow=ARL_UPDATE run_id=32 node=U1 source=Authority destination=TM
event=receive timestamp_ns=1791280569202896154 workflow=ARL_UPDATE run_id=33 node=U1 source=Authority destination=TM
event=receive timestamp_ns=1791280570737906850 workflow=ARL_UPDATE run_id=34 node=U1 source=Authority destination=TM
event=receive timestamp_ns=1791280572269169694 workflow=ARL_UPDATE run_id=35 node=U1 source=Authority destination=TM
event=receive timestamp_ns=1791280573808233220 workflow=ARL_UPDATE run_id=36 node=U1 source=Authority destination=TM
event=receive timestamp_ns=1791280575351336192 workflow=ARL_UPDATE run_id=37 node=U1 source=Authority destination=TM
event=receive timestamp_ns=1791280576884253512 workflow=ARL_UPDATE run_id=38 node=U1 source=Authority destination=TM
event=receive timestamp_ns=1791280578422205127 workflow=ARL_UPDATE run_id=39 node=U1 source=Authority destination=TM
event=receive timestamp_ns=1791280579956680659 workflow=ARL_UPDATE run_id=40 node=U1 source=Authority destination=TM
event=receive timestamp_ns=1791280581493010965 workflow=ARL_UPDATE run_id=41 node=U1 source=Authority destination=TM
event=receive timestamp_ns=1791280583028080634 workflow=ARL_UPDATE run_id=42 node=U1 source=Authority destination=TM
event=receive timestamp_ns=1791280584565132183 workflow=ARL_UPDATE run_id=43 node=U1 source=Authority destination=TM
event=receive timestamp_ns=1791280586105657130 workflow=ARL_UPDATE run_id=44 node=U1 source=Authority destination=TM
event=receive timestamp_ns=1791280587638983633 workflow=ARL_UPDATE run_id=45 node=U1 source=Authority destination=TM
event=receive timestamp_ns=1791280589173340201 workflow=ARL_UPDATE run_id=46 node=U1 source=Authority destination=TM
event=receive timestamp_ns=1791280590707785621 workflow=ARL_UPDATE run_id=47 node=U1 source=Authority destination=TM
event=receive timestamp_ns=1791280592279053953 workflow=ARL_UPDATE run_id=48 node=U1 source=Authority destination=TM
event=receive timestamp_ns=1791280593779405540 workflow=ARL_UPDATE run_id=49 node=U1 source=Authority destination=TM
event=receive timestamp_ns=1791280595315105392 workflow=ARL_UPDATE run_id=50 node=U1 source=Authority destination=TM
event=receive timestamp_ns=1791280596854727593 workflow=ARL_UPDATE run_id=51 node=U1 source=Authority destination=TM
event=receive timestamp_ns=1791280598392839570 workflow=ARL_UPDATE run_id=52 node=U1 source=Authority destination=TM
event=receive timestamp_ns=1791280599990800730 workflow=ARL_UPDATE run_id=53 node=U1 source=Authority destination=TM
event=receive timestamp_ns=1791280601523016463 workflow=ARL_UPDATE run_id=54 node=U1 source=Authority destination=TM
event=receive timestamp_ns=1791280603096394161 workflow=ARL_UPDATE run_id=55 node=U1 source=Authority destination=TM
event=receive timestamp_ns=1791280604592422529 workflow=ARL_UPDATE run_id=56 node=U1 source=Authority destination=TM
event=receive timestamp_ns=1791280606131648800 workflow=ARL_UPDATE run_id=57 node=U1 source=Authority destination=TM
event=receive timestamp_ns=1791280607670878047 workflow=ARL_UPDATE run_id=58 node=U1 source=Authority destination=TM
event=receive timestamp_ns=1791280609207491392 workflow=ARL_UPDATE run_id=59 node=U1 source=Authority destination=TM
event=receive timestamp_ns=1791280610739349463 workflow=ARL_UPDATE run_id=60 node=U1 source=Authority destination=TM
event=receive timestamp_ns=1791280612278703707 workflow=ARL_UPDATE run_id=61 node=U1 source=Authority destination=TM
event=receive timestamp_ns=1791280613815172261 workflow=ARL_UPDATE run_id=62 node=U1 source=Authority destination=TM
event=receive timestamp_ns=1791280615378443769 workflow=ARL_UPDATE run_id=63 node=U1 source=Authority destination=TM
event=receive timestamp_ns=1791280616974852657 workflow=ARL_UPDATE run_id=64 node=U1 source=Authority destination=TM
event=receive timestamp_ns=1791280618517135787 workflow=ARL_UPDATE run_id=65 node=U1 source=Authority destination=TM
event=receive timestamp_ns=1791280620046717390 workflow=ARL_UPDATE run_id=66 node=U1 source=Authority destination=TM
event=receive timestamp_ns=1791280621581779934 workflow=ARL_UPDATE run_id=67 node=U1 source=Authority destination=TM
event=receive timestamp_ns=1791280623124171334 workflow=ARL_UPDATE run_id=68 node=U1 source=Authority destination=TM
event=receive timestamp_ns=1791280624662241075 workflow=ARL_UPDATE run_id=69 node=U1 source=Authority destination=TM
event=receive timestamp_ns=1791280626260096837 workflow=ARL_UPDATE run_id=70 node=U1 source=Authority destination=TM
event=receive timestamp_ns=1791280627690868898 workflow=KEY_REQUEST run_id=bench_h2_key_w1 node=U1 source=TM2 destination=TM
event=receive timestamp_ns=1791280631338769899 workflow=KEY_REQUEST run_id=bench_h2_key_w2 node=U1 source=TM2 destination=TM
event=receive timestamp_ns=1791280633674821441 workflow=KEY_REQUEST run_id=bench_h2_key_w3 node=U1 source=TM2 destination=TM
event=receive timestamp_ns=1791280636746498747 workflow=KEY_REQUEST run_id=bench_h2_key_w4 node=U1 source=TM2 destination=TM
event=receive timestamp_ns=1791280639822706240 workflow=KEY_REQUEST run_id=bench_h2_key_w5 node=U1 source=TM2 destination=TM
event=receive timestamp_ns=1791280644426531997 workflow=KEY_REQUEST run_id=bench_h2_key_001 node=U1 source=TM2 destination=TM
event=receive timestamp_ns=1791280647498514732 workflow=KEY_REQUEST run_id=bench_h2_key_002 node=U1 source=TM2 destination=TM
event=receive timestamp_ns=1791280650570772373 workflow=KEY_REQUEST run_id=bench_h2_key_003 node=U1 source=TM2 destination=TM
event=receive timestamp_ns=1791280654158477574 workflow=KEY_REQUEST run_id=bench_h2_key_004 node=U1 source=TM2 destination=TM
event=receive timestamp_ns=1791280656650784483 workflow=KEY_REQUEST run_id=bench_h2_key_005 node=U1 source=TM2 destination=TM
event=receive timestamp_ns=1791280660234620157 workflow=KEY_REQUEST run_id=bench_h2_key_006 node=U1 source=TM2 destination=TM
event=receive timestamp_ns=1791280664330648304 workflow=KEY_REQUEST run_id=bench_h2_key_007 node=U1 source=TM2 destination=TM
event=receive timestamp_ns=1791280667914847893 workflow=KEY_REQUEST run_id=bench_h2_key_008 node=U1 source=TM2 destination=TM
event=receive timestamp_ns=1791280672682475491 workflow=KEY_REQUEST run_id=bench_h2_key_009 node=U1 source=TM2 destination=TM
event=receive timestamp_ns=1791280675050742855 workflow=KEY_REQUEST run_id=bench_h2_key_010 node=U1 source=TM2 destination=TM
event=receive timestamp_ns=1791280678634599305 workflow=KEY_REQUEST run_id=bench_h2_key_011 node=U1 source=TM2 destination=TM
event=receive timestamp_ns=1791280681902810632 workflow=KEY_REQUEST run_id=bench_h2_key_012 node=U1 source=TM2 destination=TM
event=receive timestamp_ns=1791280686538576901 workflow=KEY_REQUEST run_id=bench_h2_key_013 node=U1 source=TM2 destination=TM
event=receive timestamp_ns=1791280690154890302 workflow=KEY_REQUEST run_id=bench_h2_key_014 node=U1 source=TM2 destination=TM
event=receive timestamp_ns=1791280692522743431 workflow=KEY_REQUEST run_id=bench_h2_key_015 node=U1 source=TM2 destination=TM
event=receive timestamp_ns=1791280694986481033 workflow=KEY_REQUEST run_id=bench_h2_key_016 node=U1 source=TM2 destination=TM
event=receive timestamp_ns=1791280698062663871 workflow=KEY_REQUEST run_id=bench_h2_key_017 node=U1 source=TM2 destination=TM
event=receive timestamp_ns=1791280701134730093 workflow=KEY_REQUEST run_id=bench_h2_key_018 node=U1 source=TM2 destination=TM
event=receive timestamp_ns=1791280704206518116 workflow=KEY_REQUEST run_id=bench_h2_key_019 node=U1 source=TM2 destination=TM
event=receive timestamp_ns=1791280708815101333 workflow=KEY_REQUEST run_id=bench_h2_key_020 node=U1 source=TM2 destination=TM
event=receive timestamp_ns=1791280712074917245 workflow=KEY_REQUEST run_id=bench_h2_key_021 node=U1 source=TM2 destination=TM
event=receive timestamp_ns=1791280714446820003 workflow=KEY_REQUEST run_id=bench_h2_key_022 node=U1 source=TM2 destination=TM
event=receive timestamp_ns=1791280716906723533 workflow=KEY_REQUEST run_id=bench_h2_key_023 node=U1 source=TM2 destination=TM
event=receive timestamp_ns=1791280723242539202 workflow=KEY_REQUEST run_id=bench_h2_key_024 node=U1 source=TM2 destination=TM
event=receive timestamp_ns=1791280725610635029 workflow=KEY_REQUEST run_id=bench_h2_key_025 node=U1 source=TM2 destination=TM
event=receive timestamp_ns=1791280729195125406 workflow=KEY_REQUEST run_id=bench_h2_key_026 node=U1 source=TM2 destination=TM
event=receive timestamp_ns=1791280733803082567 workflow=KEY_REQUEST run_id=bench_h2_key_027 node=U1 source=TM2 destination=TM
event=receive timestamp_ns=1791280737067024100 workflow=KEY_REQUEST run_id=bench_h2_key_028 node=U1 source=TM2 destination=TM
event=receive timestamp_ns=1791280741162694819 workflow=KEY_REQUEST run_id=bench_h2_key_029 node=U1 source=TM2 destination=TM
event=receive timestamp_ns=1791280743530733081 workflow=KEY_REQUEST run_id=bench_h2_key_030 node=U1 source=TM2 destination=TM
