event=receive timestamp_ns=1791280461419022481 workflow=KEY_REQUEST run_id=bench_h2_setup node=U3 source=TM2 destination=TM
event=receive timestamp_ns=1791280465107709525 workflow=CT_SHARE run_id=1 node=U3 source=TM2 destination=TM
event=receive timestamp_ns=1791280466650700499 workflow=CT_SHARE run_id=2 node=U3 source=TM2 destination=TM
event=receive timestamp_ns=1791280468183711032 workflow=CT_SHARE run_id=3 node=U3 source=TM2 destination=TM
event=receive timestamp_ns=1791280469723723070 workflow=CT_SHARE run_id=4 node=U3 source=TM2 destination=TM
event=receive timestamp_ns=1791280471281959704 workflow=CT_SHARE run_id=5 node=U3 source=TM2 destination=TM
event=receive timestamp_ns=1791280472789608392 workflow=CT_SHARE run_id=6 node=U3 source=TM2 destination=TM
event=receive timestamp_ns=1791280474326641146 workflow=CT_SHARE run_id=7 node=U3 source=TM2 destination=TM
event=receive timestamp_ns=1791280475894762903 workflow=CT_SHARE run_id=8 node=U3 source=TM2 destination=TM
event=receive timestamp_ns=1791280477427612578 workflow=CT_SHARE run_id=9 node=U3 source=TM2 destination=TM
event=receive timestamp_ns=1791280479025852772 workflow=CT_SHARE run_id=10 node=U3 source=TM2 destination=TM
event=receive timestamp_ns=1791280480594957381 workflow=CT_SHARE run_id=11 node=U3 source=TM2 destination=TM
event=receive timestamp_ns=1791280482104225396 workflow=CT_SHARE run_id=12 node=U3 source=TM2 destination=TM
event=receive timestamp_ns=1791280483641021450 workflow=CT_SHARE run_id=13 node=U3 source=TM2 destination=TM
event=receive timestamp_ns=1791280485171245772 workflow=CT_SHARE run_id=14 node=U3 source=TM2 destination=TM
event=receive timestamp_ns=1791280486706562763 workflow=CT_SHARE run_id=15 node=U3 source=TM2 destination=TM
event=receive timestamp_ns=1791280488244396729 workflow=CT_SHARE run_id=16 node=U3 source=TM2 destination=TM
event=receive timestamp_ns=1791280489782220029 workflow=CT_SHARE run_id=17 node=U3 source=TM2 destination=TM
event=receive timestamp_ns=1791280491377520275 workflow=CT_SHARE run_id=18 node=U3 source=TM2 destination=TM
event=receive timestamp_ns=1791280492915949767 workflow=CT_SHARE run_id=19 node=U3 source=TM2 destination=TM
event=receive timestamp_ns=1791280494451594975 workflow=CT_SHARE run_id=20 node=U3 source=TM2 destination=TM
event=receive timestamp_ns=1791280495991527264 workflow=CT_SHARE run_id=21 node=U3 source=TM2 destination=TM
event=receive timestamp_ns=1791280497529489220 workflow=CT_SHARE run_id=22 node=U3 source=TM2 destination=TM
event=receive timestamp_ns=1791280499124202006 workflow=CT_SHARE run_id=23 node=U3 source=TM2 destination=TM
event=receive timestamp_ns=1791280500660232495 workflow=CT_SHARE run_id=24 node=U3 source=TM2 destination=TM
event=receive timestamp_ns=1791280502257954846 workflow=CT_SHARE run_id=25 node=U3 source=TM2 destination=TM
event=receive timestamp_ns=1791280503766807556 workflow=CT_SHARE run_id=26 node=U3 source=TM2 destination=TM
event=receive timestamp_ns=1791280505332465326 workflow=CT_SHARE run_id=27 node=U3 source=TM2 destination=TM
event=receive timestamp_ns=1791280506844759708 workflow=CT_SHARE run_id=28 node=U3 source=TM2 destination=TM
event=receive timestamp_ns=1791280508370345432 workflow=CT_SHARE run_id=29 node=U3 source=TM2 destination=TM
event=receive timestamp_ns=1791280509910321690 workflow=CT_SHARE run_id=30 node=U3 source=TM2 destination=TM
event=receive timestamp_ns=1791280511446757780 workflow=CT_SHARE run_id=31 node=U3 source=TM2 destination=TM
event=receive timestamp_ns=1791280512982700960 workflow=CT_SHARE run_id=32 node=U3 source=TM2 destination=TM
event=receive timestamp_ns=1791280514518290045 workflow=CT_SHARE run_id=33 node=U3 source=TM2 destination=TM
event=receive timestamp_ns=1791280516120969987 workflow=CT_SHARE run_id=34 node=U3 source=TM2 destination=TM
event=receive timestamp_ns=1791280517688486840 workflow=CT_SHARE run_id=35 node=U3 source=TM2 destination=TM
event=receive timestamp_ns=1791280520244643545 workflow=ARL_UPDATE run_id=1 node=U3 source=Authority destination=TM
event=receive timestamp_ns=1791280521774272326 workflow=ARL_UPDATE run_id=2 node=U3 source=Authority destination=TM
event=receive timestamp_ns=1791280523314624011 workflow=ARL_UPDATE run_id=3 node=U3 source=Authority destination=TM
event=receive timestamp_ns=1791280524851210694 workflow=ARL_UPDATE run_id=4 node=U3 source=Authority destination=TM
event=receive timestamp_ns=1791280526388615136 workflow=ARL_UPDATE run_id=5 node=U3 source=Authority destination=TM
event=receive timestamp_ns=1791280527923080767 workflow=ARL_UPDATE run_id=6 node=U3 source=Authority destination=TM
event=receive timestamp_ns=1791280529454039921 workflow=ARL_UPDATE run_id=7 node=U3 source=Authority destination=TM
event=receive timestamp_ns=1791280530990938978 workflow=ARL_UPDATE run_id=8 node=U3 source=Authority destination=TM
event=receive timestamp_ns=1791280532530945760 workflow=ARL_UPDATE run_id=9 node=U3 source=Authority destination=TM
event=receive timestamp_ns=1791280534071591650 workflow=ARL_UPDATE run_id=10 node=U3 source=Authority destination=TM
event=receive timestamp_ns=1791280535601033405 workflow=ARL_UPDATE run_id=11 node=U3 source=Authority destination=TM
event=receive timestamp_ns=1791280537175589488 workflow=ARL_UPDATE run_id=12 node=U3 source=Authority destination=TM
event=receive timestamp_ns=1791280538670633658 workflow=ARL_UPDATE run_id=13 node=U3 source=Authority destination=TM
event=receive timestamp_ns=1791280540206276379 workflow=ARL_UPDATE run_id=14 node=U3 source=Authority destination=TM
event=receive timestamp_ns=1791280541747099210 workflow=ARL_UPDATE run_id=15 node=U3 source=Authority destination=TM
event=receive timestamp_ns=1791280543312799523 workflow=ARL_UPDATE run_id=16 node=U3 source=Authority destination=TM
event=receive timestamp_ns=1791280544846833329 workflow=ARL_UPDATE run_id=17 node=U3 source=Authority destination=TM
event=receive timestamp_ns=1791280546354030090 workflow=ARL_UPDATE run_id=18 node=U3 source=Authority destination=TM
event=receive timestamp_ns=1791280547923914694 workflow=ARL_UPDATE run_id=19 node=U3 source=Authority destination=TM
event=receive timestamp_ns=1791280549427927985 workflow=ARL_UPDATE run_id=20 node=U3 source=Authority destination=TM
event=receive timestamp_ns=1791280550964853934 workflow=ARL_UPDATE run_id=21 node=U3 source=Authority destination=TM
event=receive timestamp_ns=1791280552499353534 workflow=ARL_UPDATE run_id=22 node=U3 source=Authority destination=TM
event=receive timestamp_ns=1791280554030857085 workflow=ARL_UPDATE run_id=23 node=U3 source=Authority destination=TM
event=receive timestamp_ns=1791280555572216153 workflow=ARL_UPDATE run_id=24 node=U3 source=Authority destination=TM
event=receive timestamp_ns=1791280557110873916 workflow=ARL_UPDATE run_id=25 node=U3 source=Authority destination=TM
event=receive timestamp_ns=1791280558641922014 workflow=ARL_UPDATE run_id=26 node=U3 source=Authority destination=TM
event=receive timestamp_ns=1791280560181208691 workflow=ARL_UPDATE run_id=27 node=U3 source=Authority destination=TM
event=receive timestamp_ns=1791280561711370843 workflow=ARL_UPDATE run_id=28 node=U3 source=Authority destination=TM
event=receive timestamp_ns=1791280563249866265 workflow=ARL_UPDATE run_id=29 node=U3 source=Authority destination=TM
event=receive timestamp_ns=1791280564790910983 workflow=ARL_UPDATE run_id=30 node=U3 source=Authority destination=TM
event=receive timestamp_ns=1791280566322829699 workflow=ARL_UPDATE run_id=31 node=U3 source=Authority destination=TM
event=receive timestamp_ns=1791280567856278680 workflow=ARL_UPDATE run_id=32 node=U3 source=Authority destination=TM
event=receive timestamp_ns=1791280569395477127 workflow=ARL_UPDATE run_id=33 node=U3 source=Authority destination=TM
event=receive timestamp_ns=1791280570930252849 workflow=ARL_UPDATE run_id=34 node=U3 source=Authority destination=TM
event=receive timestamp_ns=1791280572468059893 workflow=ARL_UPDATE run_id=35 node=U3 source=Authority destination=TM
event=receive timestamp_ns=1791280574002655220 workflow=ARL_UPDATE run_id=36 node=U3 source=Authority destination=TM
event=receive timestamp_ns=1791280575537973379 workflow=ARL_UPDATE run_id=37 node=U3 source=Authority destination=TM
event=receive timestamp_ns=1791280577074686340 workflow=ARL_UPDATE run_id=38 node=U3 source=Authority destination=TM
event=receive timestamp_ns=1791280578610170477 workflow=ARL_UPDATE run_id=39 node=U3 source=Authority destination=TM
event=receive timestamp_ns=1791280580146953649 workflow=ARL_UPDATE run_id=40 node=U3 source=Authority destination=TM
event=receive timestamp_ns=1791280581682997238 workflow=ARL_UPDATE run_id=41 node=U3 source=Authority destination=TM
event=receive timestamp_ns=1791280583254630293 workflow=ARL_UPDATE run_id=42 node=U3 source=Authority destination=TM
event=receive timestamp_ns=1791280584754189317 workflow=ARL_UPDATE run_id=43 node=U3 source=Authority destination=TM
event=receive timestamp_ns=1791280586293233980 workflow=ARL_UPDATE run_id=44 node=U3 source=Authority destination=TM
event=receive timestamp_ns=1791280587828303435 workflow=ARL_UPDATE run_id=45 node=U3 source=Authority destination=TM
event=receive timestamp_ns=1791280589367761479 workflow=ARL_UPDATE run_id=46 node=U3 source=Authority destination=TM
event=receive timestamp_ns=1791280590901798544 workflow=ARL_UPDATE run_id=47 node=U3 source=Authority destination=TM
event=receive timestamp_ns=1791280592436360906 workflow=ARL_UPDATE run_id=48 node=U3 source=Authority destination=TM
event=receive timestamp_ns=1791280594004202454 workflow=ARL_UPDATE run_id=49 node=U3 source=Authority destination=TM
event=receive timestamp_ns=1791280595543886531 workflow=ARL_UPDATE run_id=50 node=U3 source=Authority destination=TM
event=receive timestamp_ns=1791280597076399532 workflow=ARL_UPDATE run_id=51 node=U3 source=Authority destination=TM
event=receive timestamp_ns=1791280598580535999 workflow=ARL_UPDATE run_id=52 node=U3 source=Authority destination=TM
event=receive timestamp_ns=1791280600180358073 workflow=ARL_UPDATE run_id=53 node=U3 source=Authority destination=TM
event=receive timestamp_ns=1791280601716836239 workflow=ARL_UPDATE run_id=54 node=U3 source=Authority destination=TM
event=receive timestamp_ns=1791280603250218666 workflow=ARL_UPDATE run_id=55 node=U3 source=Authority destination=TM
event=receive timestamp_ns=1791280604823077972 workflow=ARL_UPDATE run_id=56 node=U3 source=Authority destination=TM
event=receive timestamp_ns=1791280606324302945 workflow=ARL_UPDATE run_id=57 node=U3 source=Authority destination=TM
event=receive timestamp_ns=1791280607860502648 workflow=ARL_UPDATE run_id=58 node=U3 source=Authority destination=TM
event=receive timestamp_ns=1791280609397037437 workflow=ARL_UPDATE run_id=59 node=U3 source=Authority destination=TM
event=receive timestamp_ns=1791280610967158912 workflow=ARL_UPDATE run_id=60 node=U3 source=Authority destination=TM
event=receive timestamp_ns=1791280612468013702 workflow=ARL_UPDATE run_id=61 node=U3 source=Authority destination=TM
event=receive timestamp_ns=1791280614005943957 workflow=ARL_UPDATE run_id=62 node=U3 source=Authority destination=TM
event=receive timestamp_ns=1791280615572120737 workflow=ARL_UPDATE run_id=63 node=U3 source=Authority destination=TM
event=receive timestamp_ns=1791280617170203559 workflow=ARL_UPDATE run_id=64 node=U3 source=Authority destination=TM
event=receive timestamp_ns=1791280618703237316 workflow=ARL_UPDATE run_id=65 node=U3 source=Authority destination=TM
event=receive timestamp_ns=1791280620240318575 workflow=ARL_UPDATE run_id=66 node=U3 source=Authority destination=TM
event=receive timestamp_ns=1791280621780436562 workflow=ARL_UPDATE run_id=67 node=U3 source=Authority destination=TM
event=receive timestamp_ns=1791280623316158862 workflow=ARL_UPDATE run_id=68 node=U3 source=Authority destination=TM
event=receive timestamp_ns=1791280624851548347 workflow=ARL_UPDATE run_id=69 node=U3 source=Authority destination=TM
event=receive timestamp_ns=1791280626451819651 workflow=ARL_UPDATE run_id=70 node=U3 source=Authority destination=TM
event=receive timestamp_ns=1791280627886849907 workflow=KEY_REQUEST run_id=bench_h2_key_w1 node=U3 source=TM2 destination=TM
event=receive timestamp_ns=1791280630638611671 workflow=KEY_REQUEST run_id=bench_h2_key_w2 node=U3 source=TM2 destination=TM
event=receive timestamp_ns=1791280634186772844 workflow=KEY_REQUEST run_id=bench_h2_key_w3 node=U3 source=TM2 destination=TM
event=receive timestamp_ns=1791280638154892002 workflow=KEY_REQUEST run_id=bench_h2_key_w4 node=U3 source=TM2 destination=TM
event=receive timestamp_ns=1791280640394958587 workflow=KEY_REQUEST run_id=bench_h2_key_w5 node=U3 source=TM2 destination=TM
event=receive timestamp_ns=1791280644430677394 workflow=KEY_REQUEST run_id=bench_h2_key_001 node=U3 source=TM2 destination=TM
event=receive timestamp_ns=1791280647498484679 workflow=KEY_REQUEST run_id=bench_h2_key_002 node=U3 source=TM2 destination=TM
event=receive timestamp_ns=1791280650570740292 workflow=KEY_REQUEST run_id=bench_h2_key_003 node=U3 source=TM2 destination=TM
event=receive timestamp_ns=1791280654666520035 workflow=KEY_REQUEST run_id=bench_h2_key_004 node=U3 source=TM2 destination=TM
event=receive timestamp_ns=1791280657226810580 workflow=KEY_REQUEST run_id=bench_h2_key_005 node=U3 source=TM2 destination=TM
event=receive timestamp_ns=1791280660843053137 workflow=KEY_REQUEST run_id=bench_h2_key_006 node=U3 source=TM2 destination=TM
event=receive timestamp_ns=1791280665739296757 workflow=KEY_REQUEST run_id=bench_h2_key_007 node=U3 source=TM2 destination=TM
event=receive timestamp_ns=1791280667978924812 workflow=KEY_REQUEST run_id=bench_h2_key_008 node=U3 source=TM2 destination=TM
event=receive timestamp_ns=1791280671466802980 workflow=KEY_REQUEST run_id=bench_h2_key_009 node=U3 source=TM2 destination=TM
event=receive timestamp_ns=1791280674538805060 workflow=KEY_REQUEST run_id=bench_h2_key_010 node=U3 source=TM2 destination=TM
event=receive timestamp_ns=1791280678698626745 workflow=KEY_REQUEST run_id=bench_h2_key_011 node=U3 source=TM2 destination=TM
event=receive timestamp_ns=1791280682094687195 workflow=KEY_REQUEST run_id=bench_h2_key_012 node=U3 source=TM2 destination=TM
event=receive timestamp_ns=1791280685834790568 workflow=KEY_REQUEST run_id=bench_h2_key_013 node=U3 source=TM2 destination=TM
event=receive timestamp_ns=1791280690891196796 workflow=KEY_REQUEST run_id=bench_h2_key_014 node=U3 source=TM2 destination=TM
event=receive timestamp_ns=1791280693130993621 workflow=KEY_REQUEST run_id=bench_h2_key_015 node=U3 source=TM2 destination=TM
event=receive timestamp_ns=1791280694986496593 workflow=KEY_REQUEST run_id=bench_h2_key_016 node=U3 source=TM2 destination=TM
event=receive timestamp_ns=1791280698062771680 workflow=KEY_REQUEST run_id=bench_h2_key_017 node=U3 source=TM2 destination=TM
event=receive timestamp_ns=1791280701130838550 workflow=KEY_REQUEST run_id=bench_h2_key_018 node=U3 source=TM2 destination=TM
event=receive timestamp_ns=1791280704206686487 workflow=KEY_REQUEST run_id=bench_h2_key_019 node=U3 source=TM2 destination=TM
event=receive timestamp_ns=1791280708814872523 workflow=KEY_REQUEST run_id=bench_h2_key_020 node=U3 source=TM2 destination=TM
event=receive timestamp_ns=1791280712266773512 workflow=KEY_REQUEST run_id=bench_h2_key_021 node=U3 source=TM2 destination=TM
event=receive timestamp_ns=1791280714955004482 workflow=KEY_REQUEST run_id=bench_h2_key_022 node=U3 source=TM2 destination=TM
event=receive timestamp_ns=1791280716906726150 workflow=KEY_REQUEST run_id=bench_h2_key_023 node=U3 source=TM2 destination=TM
event=receive timestamp_ns=1791280722026880432 workflow=KEY_REQUEST run_id=bench_h2_key_024 node=U3 source=TM2 destination=TM
event=receive timestamp_ns=1791280725098991037 workflow=KEY_REQUEST run_id=bench_h2_key_025 node=U3 source=TM2 destination=TM
event=receive timestamp_ns=1791280730602792710 workflow=KEY_REQUEST run_id=bench_h2_key_026 node=U3 source=TM2 destination=TM
event=receive timestamp_ns=1791280733290648776 workflow=KEY_REQUEST run_id=bench_h2_key_027 node=U3 source=TM2 destination=TM
event=receive timestamp_ns=1791280736362900277 workflow=KEY_REQUEST run_id=bench_h2_key_028 node=U3 source=TM2 destination=TM
event=receive timestamp_ns=1791280741354954261 workflow=KEY_REQUEST run_id=bench_h2_key_029 node=U3 source=TM2 destination=TM
event=receive timestamp_ns=1791280743594962790 workflow=KEY_REQUEST run_id=bench_h2_key_030 node=U3 source=TM2 destination=TM
