event=receive timestamp_ns=1791280461546845322 workflow=KEY_REQUEST run_id=bench_h2_setup node=U4 source=TM2 destination=TM
event=receive timestamp_ns=1791280465202208317 workflow=CT_SHARE run_id=1 node=U4 source=TM2 destination=TM
event=receive timestamp_ns=1791280466776720348 workflow=CT_SHARE run_id=2 node=U4 source=TM2 destination=TM
event=receive timestamp_ns=1791280468275196252 workflow=CT_SHARE run_id=3 node=U4 source=TM2 destination=TM
event=receive timestamp_ns=1791280469816401042 workflow=CT_SHARE run_id=4 node=U4 source=TM2 destination=TM
event=receive timestamp_ns=1791280471350546864 workflow=CT_SHARE run_id=5 node=U4 source=TM2 destination=TM
event=receive timestamp_ns=1791280472885229662 workflow=CT_SHARE run_id=6 node=U4 source=TM2 destination=TM
event=receive timestamp_ns=1791280474423760471 workflow=CT_SHARE run_id=7 node=U4 source=TM2 destination=TM
event=receive timestamp_ns=1791280475989885630 workflow=CT_SHARE run_id=8 node=U4 source=TM2 destination=TM
event=receive timestamp_ns=1791280477526817652 workflow=CT_SHARE run_id=9 node=U4 source=TM2 destination=TM
event=receive timestamp_ns=1791280479125675515 workflow=CT_SHARE run_id=10 node=U4 source=TM2 destination=TM
event=receive timestamp_ns=1791280480692307649 workflow=CT_SHARE run_id=11 node=U4 source=TM2 destination=TM
event=receive timestamp_ns=1791280482202964740 workflow=CT_SHARE run_id=12 node=U4 source=TM2 destination=TM
event=receive timestamp_ns=1791280483765212255 workflow=CT_SHARE run_id=13 node=U4 source=TM2 destination=TM
event=receive timestamp_ns=1791280485266416672 workflow=CT_SHARE run_id=14 node=U4 source=TM2 destination=TM
event=receive timestamp_ns=1791280486802163691 workflow=CT_SHARE run_id=15 node=U4 source=TM2 destination=TM
event=receive timestamp_ns=1791280488345066703 workflow=CT_SHARE run_id=16 node=U4 source=TM2 destination=TM
event=receive timestamp_ns=1791280489877271025 workflow=CT_SHARE run_id=17 node=U4 source=TM2 destination=TM
event=receive timestamp_ns=1791280491478354975 workflow=CT_SHARE run_id=18 node=U4 source=TM2 destination=TM
event=receive timestamp_ns=1791280493014877472 workflow=CT_SHARE run_id=19 node=U4 source=TM2 destination=TM
event=receive timestamp_ns=1791280494545423643 workflow=CT_SHARE run_id=20 node=U4 source=TM2 destination=TM
event=receive timestamp_ns=1791280496083661258 workflow=CT_SHARE run_id=21 node=U4 source=TM2 destination=TM
event=receive timestamp_ns=1791280497621575680 workflow=CT_SHARE run_id=22 node=U4 source=TM2 destination=TM
event=receive timestamp_ns=1791280499223243293 workflow=CT_SHARE run_id=23 node=U4 source=TM2 destination=TM
event=receive timestamp_ns=1791280500757662448 workflow=CT_SHARE run_id=24 node=U4 source=TM2 destination=TM
event=receive timestamp_ns=1791280502323998637 workflow=CT_SHARE run_id=25 node=U4 source=TM2 destination=TM
event=receive timestamp_ns=1791280503859690562 workflow=CT_SHARE run_id=26 node=U4 source=TM2 destination=TM
event=receive timestamp_ns=1791280505428296632 workflow=CT_SHARE run_id=27 node=U4 source=TM2 destination=TM
event=receive timestamp_ns=1791280506932443419 workflow=CT_SHARE run_id=28 node=U4 source=TM2 destination=TM
event=receive timestamp_ns=1791280508465579962 workflow=CT_SHARE run_id=29 node=U4 source=TM2 destination=TM
event=receive timestamp_ns=1791280510002493368 workflow=CT_SHARE run_id=30 node=U4 source=TM2 destination=TM
event=receive timestamp_ns=1791280511538142847 workflow=CT_SHARE run_id=31 node=U4 source=TM2 destination=TM
event=receive timestamp_ns=1791280513074773663 workflow=CT_SHARE run_id=32 node=U4 source=TM2 destination=TM
event=receive timestamp_ns=1791280514617143192 workflow=CT_SHARE run_id=33 node=U4 source=TM2 destination=TM
event=receive timestamp_ns=1791280516214290018 workflow=CT_SHARE run_id=34 node=U4 source=TM2 destination=TM
event=receive timestamp_ns=1791280517784374357 workflow=CT_SHARE run_id=35 node=U4 source=TM2 destination=TM
event=receive timestamp_ns=1791280520340552683 workflow=ARL_UPDATE run_id=1 node=U4 source=Authority destination=TM
event=receive timestamp_ns=1791280521876149879 workflow=ARL_UPDATE run_id=2 node=U4 source=Authority destination=TM
event=receive timestamp_ns=1791280523445244691 workflow=ARL_UPDATE run_id=3 node=U4 source=Authority destination=TM
event=receive timestamp_ns=1791280524948214503 workflow=ARL_UPDATE run_id=4 node=U4 source=Authority destination=TM
event=receive timestamp_ns=1791280526483661649 workflow=ARL_UPDATE run_id=5 node=U4 source=Authority destination=TM
event=receive timestamp_ns=1791280528019450265 workflow=ARL_UPDATE run_id=6 node=U4 source=Authority destination=TM
event=receive timestamp_ns=1791280529554228445 workflow=ARL_UPDATE run_id=7 node=U4 source=Authority destination=TM
event=receive timestamp_ns=1791280531089266810 workflow=ARL_UPDATE run_id=8 node=U4 source=Authority destination=TM
event=receive timestamp_ns=1791280532592282176 workflow=ARL_UPDATE run_id=9 node=U4 source=Authority destination=TM
event=receive timestamp_ns=1791280534164893058 workflow=ARL_UPDATE run_id=10 node=U4 source=Authority destination=TM
event=receive timestamp_ns=1791280535698851415 workflow=ARL_UPDATE run_id=11 node=U4 source=Authority destination=TM
event=receive timestamp_ns=1791280537232214375 workflow=ARL_UPDATE run_id=12 node=U4 source=Authority destination=TM
event=receive timestamp_ns=1791280538768057772 workflow=ARL_UPDATE run_id=13 node=U4 source=Authority destination=TM
event=receive timestamp_ns=1791280540309241651 workflow=ARL_UPDATE run_id=14 node=U4 source=Authority destination=TM
event=receive timestamp_ns=1791280541844306620 workflow=ARL_UPDATE run_id=15 node=U4 source=Authority destination=TM
event=receive timestamp_ns=1791280543409517429 workflow=ARL_UPDATE run_id=16 node=U4 source=Authority destination=TM
event=receive timestamp_ns=1791280544950577414 workflow=ARL_UPDATE run_id=17 node=U4 source=Authority destination=TM
event=receive timestamp_ns=1791280546452981935 workflow=ARL_UPDATE run_id=18 node=U4 source=Authority destination=TM
event=receive timestamp_ns=1791280547986129256 workflow=ARL_UPDATE run_id=19 node=U4 source=Authority destination=TM
event=receive timestamp_ns=1791280549523097962 workflow=ARL_UPDATE run_id=20 node=U4 source=Authority destination=TM
event=receive timestamp_ns=1791280551058614967 workflow=ARL_UPDATE run_id=21 node=U4 source=Authority destination=TM
event=receive timestamp_ns=1791280552594987726 workflow=ARL_UPDATE run_id=22 node=U4 source=Authority destination=TM
event=receive timestamp_ns=1791280554129690789 workflow=ARL_UPDATE run_id=23 node=U4 source=Authority destination=TM
event=receive timestamp_ns=1791280555666490595 workflow=ARL_UPDATE run_id=24 node=U4 source=Authority destination=TM
event=receive timestamp_ns=1791280557199570978 workflow=ARL_UPDATE run_id=25 node=U4 source=Authority destination=TM
event=receive timestamp_ns=1791280558738915539 workflow=ARL_UPDATE run_id=26 node=U4 source=Authority destination=TM
event=receive timestamp_ns=1791280560274402966 workflow=ARL_UPDATE run_id=27 node=U4 source=Authority destination=TM
event=receive timestamp_ns=1791280561812953832 workflow=ARL_UPDATE run_id=28 node=U4 source=Authority destination=TM
event=receive timestamp_ns=1791280563346695796 workflow=ARL_UPDATE run_id=29 node=U4 source=Authority destination=TM
event=receive timestamp_ns=1791280564881639373 workflow=ARL_UPDATE run_id=30 node=U4 source=Authority destination=TM
event=receive timestamp_ns=1791280566413944956 workflow=ARL_UPDATE run_id=31 node=U4 source=Authority destination=TM
event=receive timestamp_ns=1791280567953468499 workflow=ARL_UPDATE run_id=32 node=U4 source=Authority destination=TM
event=receive timestamp_ns=1791280569497057323 workflow=ARL_UPDATE run_id=33 node=U4 source=Authority destination=TM
event=receive timestamp_ns=1791280571029207233 workflow=ARL_UPDATE run_id=34 node=U4 source=Authority destination=TM
event=receive timestamp_ns=1791280572558582704 workflow=ARL_UPDATE run_id=35 node=U4 source=Authority destination=TM
event=receive timestamp_ns=1791280574098857900 workflow=ARL_UPDATE run_id=36 node=U4 source=Authority destination=TM
event=receive timestamp_ns=1791280575635379960 workflow=ARL_UPDATE run_id=37 node=U4 source=Authority destination=TM
event=receive timestamp_ns=1791280577169826209 workflow=ARL_UPDATE run_id=38 node=U4 source=Authority destination=TM
event=receive timestamp_ns=1791280578704639756 workflow=ARL_UPDATE run_id=39 node=U4 source=Authority destination=TM
event=receive timestamp_ns=1791280580243763232 workflow=ARL_UPDATE run_id=40 node=U4 source=Authority destination=TM
event=receive timestamp_ns=1791280581780381812 workflow=ARL_UPDATE run_id=41 node=U4 source=Authority destination=TM
event=receive timestamp_ns=1791280583348352411 workflow=ARL_UPDATE run_id=42 node=U4 source=Authority destination=TM
event=receive timestamp_ns=1791280584851649360 workflow=ARL_UPDATE run_id=43 node=U4 source=Authority destination=TM
event=receive timestamp_ns=1791280586383733010 workflow=ARL_UPDATE run_id=44 node=U4 source=Authority destination=TM
event=receive timestamp_ns=1791280587925433277 workflow=ARL_UPDATE run_id=45 node=U4 source=Authority destination=TM
event=receive timestamp_ns=1791280589459844533 workflow=ARL_UPDATE run_id=46 node=U4 source=Authority destination=TM
event=receive timestamp_ns=1791280590995631821 workflow=ARL_UPDATE run_id=47 node=U4 source=Authority destination=TM
event=receive timestamp_ns=1791280592532699792 workflow=ARL_UPDATE run_id=48 node=U4 source=Authority destination=TM
event=receive timestamp_ns=1791280594070988382 workflow=ARL_UPDATE run_id=49 node=U4 source=Authority destination=TM
event=receive timestamp_ns=1791280595633072170 workflow=ARL_UPDATE run_id=50 node=U4 source=Authority destination=TM
event=receive timestamp_ns=1791280597171841659 workflow=ARL_UPDATE run_id=51 node=U4 source=Authority destination=TM
event=receive timestamp_ns=1791280598674166753 workflow=ARL_UPDATE run_id=52 node=U4 source=Authority destination=TM
event=receive timestamp_ns=1791280600274932947 workflow=ARL_UPDATE run_id=53 node=U4 source=Authority destination=TM
event=receive timestamp_ns=1791280601816119171 workflow=ARL_UPDATE run_id=54 node=U4 source=Authority destination=TM
event=receive timestamp_ns=1791280603351549306 workflow=ARL_UPDATE run_id=55 node=U4 source=Authority destination=TM
event=receive timestamp_ns=1791280604917428878 workflow=ARL_UPDATE run_id=56 node=U4 source=Authority destination=TM
event=receive timestamp_ns=1791280606420426010 workflow=ARL_UPDATE run_id=57 node=U4 source=Authority destination=TM
event=receive timestamp_ns=1791280607955750487 workflow=ARL_UPDATE run_id=58 node=U4 source=Authority destination=TM
event=receive timestamp_ns=1791280609492340059 workflow=ARL_UPDATE run_id=59 node=U4 source=Authority destination=TM
event=receive timestamp_ns=1791280611057498619 workflow=ARL_UPDATE run_id=60 node=U4 source=Authority destination=TM
event=receive timestamp_ns=1791280612566293262 workflow=ARL_UPDATE run_id=61 node=U4 source=Authority destination=TM
event=receive timestamp_ns=1791280614130503880 workflow=ARL_UPDATE run_id=62 node=U4 source=Authority destination=TM
event=receive timestamp_ns=1791280615664105911 workflow=ARL_UPDATE run_id=63 node=U4 source=Authority destination=TM
event=receive timestamp_ns=1791280617267941565 workflow=ARL_UPDATE run_id=64 node=U4 source=Authority destination=TM
event=receive timestamp_ns=1791280618838963008 workflow=ARL_UPDATE run_id=65 node=U4 source=Authority destination=TM
event=receive timestamp_ns=1791280620339340379 workflow=ARL_UPDATE run_id=66 node=U4 source=Authority destination=TM
event=receive timestamp_ns=1791280621876539984 workflow=ARL_UPDATE run_id=67 node=U4 source=Authority destination=TM
event=receive timestamp_ns=1791280623409137501 workflow=ARL_UPDATE run_id=68 node=U4 source=Authority destination=TM
event=receive timestamp_ns=1791280624949660287 workflow=ARL_UPDATE run_id=69 node=U4 source=Authority destination=TM
event=receive timestamp_ns=1791280626546825807 workflow=ARL_UPDATE run_id=70 node=U4 source=Authority destination=TM
event=receive timestamp_ns=1791280627978544881 workflow=KEY_REQUEST run_id=bench_h2_key_w1 node=U4 source=TM2 destination=TM
event=receive timestamp_ns=1791280630730613274 workflow=KEY_REQUEST run_id=bench_h2_key_w2 node=U4 source=TM2 destination=TM
event=receive timestamp_ns=1791280634283105630 workflow=KEY_REQUEST run_id=bench_h2_key_w3 node=U4 source=TM2 destination=TM
event=receive timestamp_ns=1791280638251098323 workflow=KEY_REQUEST run_id=bench_h2_key_w4 node=U4 source=TM2 destination=TM
event=receive timestamp_ns=1791280640494505643 workflow=KEY_REQUEST run_id=bench_h2_key_w5 node=U4 source=TM2 destination=TM
event=receive timestamp_ns=1791280644522810200 workflow=KEY_REQUEST run_id=bench_h2_key_001 node=U4 source=TM2 destination=TM
event=receive timestamp_ns=1791280647594491926 workflow=KEY_REQUEST run_id=bench_h2_key_002 node=U4 source=TM2 destination=TM
event=receive timestamp_ns=1791280650666466754 workflow=KEY_REQUEST run_id=bench_h2_key_003 node=U4 source=TM2 destination=TM
event=receive timestamp_ns=1791280654762998386 workflow=KEY_REQUEST run_id=bench_h2_key_004 node=U4 source=TM2 destination=TM
event=receive timestamp_ns=1791280657294599425 workflow=KEY_REQUEST run_id=bench_h2_key_005 node=U4 source=TM2 destination=TM
event=receive timestamp_ns=1791280660330741646 workflow=KEY_REQUEST run_id=bench_h2_key_006 node=U4 source=TM2 destination=TM
event=receive timestamp_ns=1791280665834676675 workflow=KEY_REQUEST run_id=bench_h2_key_007 node=U4 source=TM2 destination=TM
event=receive timestamp_ns=1791280668074751030 workflow=KEY_REQUEST run_id=bench_h2_key_008 node=U4 source=TM2 destination=TM
event=receive timestamp_ns=1791280672970860423 workflow=KEY_REQUEST run_id=bench_h2_key_009 node=U4 source=TM2 destination=TM
event=receive timestamp_ns=1791280675210857248 workflow=KEY_REQUEST run_id=bench_h2_key_010 node=U4 source=TM2 destination=TM
event=receive timestamp_ns=1791280678218685527 workflow=KEY_REQUEST run_id=bench_h2_key_011 node=U4 source=TM2 destination=TM
event=receive timestamp_ns=1791280681290775736 workflow=KEY_REQUEST run_id=bench_h2_key_012 node=U4 source=TM2 destination=TM
event=receive timestamp_ns=1791280686826900507 workflow=KEY_REQUEST run_id=bench_h2_key_013 node=U4 source=TM2 destination=TM
event=receive timestamp_ns=1791280689546881660 workflow=KEY_REQUEST run_id=bench_h2_key_014 node=U4 source=TM2 destination=TM
event=receive timestamp_ns=1791280693130967544 workflow=KEY_REQUEST run_id=bench_h2_key_015 node=U4 source=TM2 destination=TM
event=receive timestamp_ns=1791280695083222601 workflow=KEY_REQUEST run_id=bench_h2_key_016 node=U4 source=TM2 destination=TM
event=receive timestamp_ns=1791280698154664490 workflow=KEY_REQUEST run_id=bench_h2_key_017 node=U4 source=TM2 destination=TM
event=receive timestamp_ns=1791280701226480789 workflow=KEY_REQUEST run_id=bench_h2_key_018 node=U4 source=TM2 destination=TM
event=receive timestamp_ns=1791280704298733168 workflow=KEY_REQUEST run_id=bench_h2_key_019 node=U4 source=TM2 destination=TM
event=receive timestamp_ns=1791280708910601559 workflow=KEY_REQUEST run_id=bench_h2_key_020 node=U4 source=TM2 destination=TM
event=receive timestamp_ns=1791280712362852827 workflow=KEY_REQUEST run_id=bench_h2_key_021 node=U4 source=TM2 destination=TM
event=receive timestamp_ns=1791280715050913466 workflow=KEY_REQUEST run_id=bench_h2_key_022 node=U4 source=TM2 destination=TM
event=receive timestamp_ns=1791280717002994197 workflow=KEY_REQUEST run_id=bench_h2_key_023 node=U4 source=TM2 destination=TM
event=receive timestamp_ns=1791280723530788848 workflow=KEY_REQUEST run_id=bench_h2_key_024 node=U4 source=TM2 destination=TM
event=receive timestamp_ns=1791280725774843384 workflow=KEY_REQUEST run_id=bench_h2_key_025 node=U4 source=TM2 destination=TM
event=receive timestamp_ns=1791280730698976642 workflow=KEY_REQUEST run_id=bench_h2_key_026 node=U4 source=TM2 destination=TM
event=receive timestamp_ns=1791280733386518838 workflow=KEY_REQUEST run_id=bench_h2_key_027 node=U4 source=TM2 destination=TM
event=receive timestamp_ns=1791280736458707611 workflow=KEY_REQUEST run_id=bench_h2_key_028 node=U4 source=TM2 destination=TM
event=receive timestamp_ns=1791280740911072441 workflow=KEY_REQUEST run_id=bench_h2_key_029 node=U4 source=TM2 destination=TM
event=receive timestamp_ns=1791280743626805202 workflow=KEY_REQUEST run_id=bench_h2_key_030 node=U4 source=TM2 destination=TM
