event=receive timestamp_ns=1791280461642989407 workflow=KEY_REQUEST run_id=bench_h2_setup node=U5 source=TM2 destination=TM
event=receive timestamp_ns=1791280465329215101 workflow=CT_SHARE run_id=1 node=U5 source=TM2 destination=TM
event=receive timestamp_ns=1791280466865168445 workflow=CT_SHARE run_id=2 node=U5 source=TM2 destination=TM
event=receive timestamp_ns=1791280468371608975 workflow=CT_SHARE run_id=3 node=U5 source=TM2 destination=TM
event=receive timestamp_ns=1791280469914027906 workflow=CT_SHARE run_id=4 node=U5 source=TM2 destination=TM
event=receive timestamp_ns=1791280471449960922 workflow=CT_SHARE run_id=5 node=U5 source=TM2 destination=TM
event=receive timestamp_ns=1791280472980169606 workflow=CT_SHARE run_id=6 node=U5 source=TM2 destination=TM
event=receive timestamp_ns=1791280474545481425 workflow=CT_SHARE run_id=7 node=U5 source=TM2 destination=TM
event=receive timestamp_ns=1791280476088900248 workflow=CT_SHARE run_id=8 node=U5 source=TM2 destination=TM
event=receive timestamp_ns=1791280477618415280 workflow=CT_SHARE run_id=9 node=U5 source=TM2 destination=TM
event=receive timestamp_ns=1791280479221188772 workflow=CT_SHARE run_id=10 node=U5 source=TM2 destination=TM
event=receive timestamp_ns=1791280480785285070 workflow=CT_SHARE run_id=11 node=U5 source=TM2 destination=TM
event=receive timestamp_ns=1791280482325493812 workflow=CT_SHARE run_id=12 node=U5 source=TM2 destination=TM
event=receive timestamp_ns=1791280483835807519 workflow=CT_SHARE run_id=13 node=U5 source=TM2 destination=TM
event=receive timestamp_ns=1791280485361224002 workflow=CT_SHARE run_id=14 node=U5 source=TM2 destination=TM
event=receive timestamp_ns=1791280486901883259 workflow=CT_SHARE run_id=15 node=U5 source=TM2 destination=TM
event=receive timestamp_ns=1791280488441414896 workflow=CT_SHARE run_id=16 node=U5 source=TM2 destination=TM
event=receive timestamp_ns=1791280489974904251 workflow=CT_SHARE run_id=17 node=U5 source=TM2 destination=TM
event=receive timestamp_ns=1791280491575556396 workflow=CT_SHARE run_id=18 node=U5 source=TM2 destination=TM
event=receive timestamp_ns=1791280493105873065 workflow=CT_SHARE run_id=19 node=U5 source=TM2 destination=TM
event=receive timestamp_ns=1791280494641334522 workflow=CT_SHARE run_id=20 node=U5 source=TM2 destination=TM
event=receive timestamp_ns=1791280496182972241 workflow=CT_SHARE run_id=21 node=U5 source=TM2 destination=TM
event=receive timestamp_ns=1791280497715429602 workflow=CT_SHARE run_id=22 node=U5 source=TM2 destination=TM
event=receive timestamp_ns=1791280499316974547 workflow=CT_SHARE run_id=23 node=U5 source=TM2 destination=TM
event=receive timestamp_ns=1791280500854094834 workflow=CT_SHARE run_id=24 node=U5 source=TM2 destination=TM
event=receive timestamp_ns=1791280502418450292 workflow=CT_SHARE run_id=25 node=U5 source=TM2 destination=TM
event=receive timestamp_ns=1791280503961631264 workflow=CT_SHARE run_id=26 node=U5 source=TM2 destination=TM
event=receive timestamp_ns=1791280505492424462 workflow=CT_SHARE run_id=27 node=U5 source=TM2 destination=TM
event=receive timestamp_ns=1791280507033741923 workflow=CT_SHARE run_id=28 node=U5 source=TM2 destination=TM
event=receive timestamp_ns=1791280508561440841 workflow=CT_SHARE run_id=29 node=U5 source=TM2 destination=TM
event=receive timestamp_ns=1791280510097499216 workflow=CT_SHARE run_id=30 node=U5 source=TM2 destination=TM
event=receive timestamp_ns=1791280511643294061 workflow=CT_SHARE run_id=31 node=U5 source=TM2 destination=TM
event=receive timestamp_ns=1791280513201308399 workflow=CT_SHARE run_id=32 node=U5 source=TM2 destination=TM
event=receive timestamp_ns=1791280514706794087 workflow=CT_SHARE run_id=33 node=U5 source=TM2 destination=TM
event=receive timestamp_ns=1791280516309440880 workflow=CT_SHARE run_id=34 node=U5 source=TM2 destination=TM
event=receive timestamp_ns=1791280517847816049 workflow=CT_SHARE run_id=35 node=U5 source=TM2 destination=TM
event=receive timestamp_ns=1791280520399188275 workflow=ARL_UPDATE run_id=1 node=U5 source=Authority destination=TM
event=receive timestamp_ns=1791280521971921276 workflow=ARL_UPDATE run_id=2 node=U5 source=Authority destination=TM
event=receive timestamp_ns=1791280523539660072 workflow=ARL_UPDATE run_id=3 node=U5 source=Authority destination=TM
event=receive timestamp_ns=1791280525049772487 workflow=ARL_UPDATE run_id=4 node=U5 source=Authority destination=TM
event=receive timestamp_ns=1791280526578745667 workflow=ARL_UPDATE run_id=5 node=U5 source=Authority destination=TM
event=receive timestamp_ns=1791280528118005510 workflow=ARL_UPDATE run_id=6 node=U5 source=Authority destination=TM
event=receive timestamp_ns=1791280529646903675 workflow=ARL_UPDATE run_id=7 node=U5 source=Authority destination=TM
event=receive timestamp_ns=1791280531189839453 workflow=ARL_UPDATE run_id=8 node=U5 source=Authority destination=TM
event=receive timestamp_ns=1791280532722864183 workflow=ARL_UPDATE run_id=9 node=U5 source=Authority destination=TM
event=receive timestamp_ns=1791280534259763154 workflow=ARL_UPDATE run_id=10 node=U5 source=Authority destination=TM
event=receive timestamp_ns=1791280535796138249 workflow=ARL_UPDATE run_id=11 node=U5 source=Authority destination=TM
event=receive timestamp_ns=1791280537331014091 workflow=ARL_UPDATE run_id=12 node=U5 source=Authority destination=TM
event=receive timestamp_ns=1791280538865754057 workflow=ARL_UPDATE run_id=13 node=U5 source=Authority destination=TM
event=receive timestamp_ns=1791280540407199081 workflow=ARL_UPDATE run_id=14 node=U5 source=Authority destination=TM
event=receive timestamp_ns=1791280541940663636 workflow=ARL_UPDATE run_id=15 node=U5 source=Authority destination=TM
event=receive timestamp_ns=1791280543507581666 workflow=ARL_UPDATE run_id=16 node=U5 source=Authority destination=TM
event=receive timestamp_ns=1791280545044192257 workflow=ARL_UPDATE run_id=17 node=U5 source=Authority destination=TM
event=receive timestamp_ns=1791280546547355360 workflow=ARL_UPDATE run_id=18 node=U5 source=Authority destination=TM
event=receive timestamp_ns=1791280548085768030 workflow=ARL_UPDATE run_id=19 node=U5 source=Authority destination=TM
event=receive timestamp_ns=1791280549620008846 workflow=ARL_UPDATE run_id=20 node=U5 source=Authority destination=TM
event=receive timestamp_ns=1791280551156567092 workflow=ARL_UPDATE run_id=21 node=U5 source=Authority destination=TM
event=receive timestamp_ns=1791280552697752092 workflow=ARL_UPDATE run_id=22 node=U5 source=Authority destination=TM
event=receive timestamp_ns=1791280554227285579 workflow=ARL_UPDATE run_id=23 node=U5 source=Authority destination=TM
event=receive timestamp_ns=1791280555764968114 workflow=ARL_UPDATE run_id=24 node=U5 source=Authority destination=TM
event=receive timestamp_ns=1791280557299796958 workflow=ARL_UPDATE run_id=25 node=U5 source=Authority destination=TM
event=receive timestamp_ns=1791280558834953495 workflow=ARL_UPDATE run_id=26 node=U5 source=Authority destination=TM
event=receive timestamp_ns=1791280560370536449 workflow=ARL_UPDATE run_id=27 node=U5 source=Authority destination=TM
event=receive timestamp_ns=1791280561906922804 workflow=ARL_UPDATE run_id=28 node=U5 source=Authority destination=TM
event=receive timestamp_ns=1791280563442804243 workflow=ARL_UPDATE run_id=29 node=U5 source=Authority destination=TM
event=receive timestamp_ns=1791280564975691091 workflow=ARL_UPDATE run_id=30 node=U5 source=Authority destination=TM
event=receive timestamp_ns=1791280566514662071 workflow=ARL_UPDATE run_id=31 node=U5 source=Authority destination=TM
event=receive timestamp_ns=1791280568049908273 workflow=ARL_UPDATE run_id=32 node=U5 source=Authority destination=TM
event=receive timestamp_ns=1791280569585354765 workflow=ARL_UPDATE run_id=33 node=U5 source=Authority destination=TM
event=receive timestamp_ns=1791280571124220818 workflow=ARL_UPDATE run_id=34 node=U5 source=Authority destination=TM
event=receive timestamp_ns=1791280572659880475 workflow=ARL_UPDATE run_id=35 node=U5 source=Authority destination=TM
event=receive timestamp_ns=1791280574196183340 workflow=ARL_UPDATE run_id=36 node=U5 source=Authority destination=TM
event=receive timestamp_ns=1791280575731044262 workflow=ARL_UPDATE run_id=37 node=U5 source=Authority destination=TM
event=receive timestamp_ns=1791280577267709684 workflow=ARL_UPDATE run_id=38 node=U5 source=Authority destination=TM
event=receive timestamp_ns=1791280578767365924 workflow=ARL_UPDATE run_id=39 node=U5 source=Authority destination=TM
event=receive timestamp_ns=1791280580341249377 workflow=ARL_UPDATE run_id=40 node=U5 source=Authority destination=TM
event=receive timestamp_ns=1791280581875903331 workflow=ARL_UPDATE run_id=41 node=U5 source=Authority destination=TM
event=receive timestamp_ns=1791280583411080867 workflow=ARL_UPDATE run_id=42 node=U5 source=Authority destination=TM
event=receive timestamp_ns=1791280584948090101 workflow=ARL_UPDATE run_id=43 node=U5 source=Authority destination=TM
event=receive timestamp_ns=1791280586483778056 workflow=ARL_UPDATE run_id=44 node=U5 source=Authority destination=TM
event=receive timestamp_ns=1791280588020896036 workflow=ARL_UPDATE run_id=45 node=U5 source=Authority destination=TM
event=receive timestamp_ns=1791280589583814736 workflow=ARL_UPDATE run_id=46 node=U5 source=Authority destination=TM
event=receive timestamp_ns=1791280591127652960 workflow=ARL_UPDATE run_id=47 node=U5 source=Authority destination=TM
event=receive timestamp_ns=1791280592629376591 workflow=ARL_UPDATE run_id=48 node=U5 source=Authority destination=TM
event=receive timestamp_ns=1791280594163630020 workflow=ARL_UPDATE run_id=49 node=U5 source=Authority destination=TM
event=receive timestamp_ns=1791280595730240393 workflow=ARL_UPDATE run_id=50 node=U5 source=Authority destination=TM
event=receive timestamp_ns=1791280597268453471 workflow=ARL_UPDATE run_id=51 node=U5 source=Authority destination=TM
event=receive timestamp_ns=1791280598804357136 workflow=ARL_UPDATE run_id=52 node=U5 source=Authority destination=TM
event=receive timestamp_ns=1791280600365647118 workflow=ARL_UPDATE run_id=53 node=U5 source=Authority destination=TM
event=receive timestamp_ns=1791280601907537714 workflow=ARL_UPDATE run_id=54 node=U5 source=Authority destination=TM
event=receive timestamp_ns=1791280603444247519 workflow=ARL_UPDATE run_id=55 node=U5 source=Authority destination=TM
event=receive timestamp_ns=1791280605010738764 workflow=ARL_UPDATE run_id=56 node=U5 source=Authority destination=TM
event=receive timestamp_ns=1791280606517506796 workflow=ARL_UPDATE run_id=57 node=U5 source=Authority destination=TM
event=receive timestamp_ns=1791280608084273436 workflow=ARL_UPDATE run_id=58 node=U5 source=Authority destination=TM
event=receive timestamp_ns=1791280609619689973 workflow=ARL_UPDATE run_id=59 node=U5 source=Authority destination=TM
event=receive timestamp_ns=1791280611157535463 workflow=ARL_UPDATE run_id=60 node=U5 source=Authority destination=TM
event=receive timestamp_ns=1791280612660666607 workflow=ARL_UPDATE run_id=61 node=U5 source=Authority destination=TM
event=receive timestamp_ns=1791280614229427781 workflow=ARL_UPDATE run_id=62 node=U5 source=Authority destination=TM
event=receive timestamp_ns=1791280615764938879 workflow=ARL_UPDATE run_id=63 node=U5 source=Authority destination=TM
event=receive timestamp_ns=1791280617362113096 workflow=ARL_UPDATE run_id=64 node=U5 source=Authority destination=TM
event=receive timestamp_ns=1791280618930621502 workflow=ARL_UPDATE run_id=65 node=U5 source=Authority destination=TM
event=receive timestamp_ns=1791280620434141056 workflow=ARL_UPDATE run_id=66 node=U5 source=Authority destination=TM
event=receive timestamp_ns=1791280621968302908 workflow=ARL_UPDATE run_id=67 node=U5 source=Authority destination=TM
event=receive timestamp_ns=1791280623505880299 workflow=ARL_UPDATE run_id=68 node=U5 source=Authority destination=TM
event=receive timestamp_ns=1791280625041150149 workflow=ARL_UPDATE run_id=69 node=U5 source=Authority destination=TM
event=receive timestamp_ns=1791280626638701487 workflow=ARL_UPDATE run_id=70 node=U5 source=Authority destination=TM
event=receive timestamp_ns=1791280628106922025 workflow=KEY_REQUEST run_id=bench_h2_key_w1 node=U5 source=TM2 destination=TM
event=receive timestamp_ns=1791280630826761673 workflow=KEY_REQUEST run_id=bench_h2_key_w2 node=U5 source=TM2 destination=TM
event=receive timestamp_ns=1791280634378819130 workflow=KEY_REQUEST run_id=bench_h2_key_w3 node=U5 source=TM2 destination=TM
event=receive timestamp_ns=1791280638346966185 workflow=KEY_REQUEST run_id=bench_h2_key_w4 node=U5 source=TM2 destination=TM
event=receive timestamp_ns=1791280640586574527 workflow=KEY_REQUEST run_id=bench_h2_key_w5 node=U5 source=TM2 destination=TM
event=receive timestamp_ns=1791280644618804084 workflow=KEY_REQUEST run_id=bench_h2_key_001 node=U5 source=TM2 destination=TM
event=receive timestamp_ns=1791280647691243287 workflow=KEY_REQUEST run_id=bench_h2_key_002 node=U5 source=TM2 destination=TM
event=receive timestamp_ns=1791280650762818763 workflow=KEY_REQUEST run_id=bench_h2_key_003 node=U5 source=TM2 destination=TM
event=receive timestamp_ns=1791280654858506936 workflow=KEY_REQUEST run_id=bench_h2_key_004 node=U5 source=TM2 destination=TM
event=receive timestamp_ns=1791280657386820512 workflow=KEY_REQUEST run_id=bench_h2_key_005 node=U5 source=TM2 destination=TM
event=receive timestamp_ns=1791280660426637116 workflow=KEY_REQUEST run_id=bench_h2_key_006 node=U5 source=TM2 destination=TM
event=receive timestamp_ns=1791280665898968859 workflow=KEY_REQUEST run_id=bench_h2_key_007 node=U5 source=TM2 destination=TM
event=receive timestamp_ns=1791280668138797080 workflow=KEY_REQUEST run_id=bench_h2_key_008 node=U5 source=TM2 destination=TM
event=receive timestamp_ns=1791280673066670500 workflow=KEY_REQUEST run_id=bench_h2_key_009 node=U5 source=TM2 destination=TM
event=receive timestamp_ns=1791280675310706720 workflow=KEY_REQUEST run_id=bench_h2_key_010 node=U5 source=TM2 destination=TM
event=receive timestamp_ns=1791280678314587674 workflow=KEY_REQUEST run_id=bench_h2_key_011 node=U5 source=TM2 destination=TM
event=receive timestamp_ns=1791280681387370637 workflow=KEY_REQUEST run_id=bench_h2_key_012 node=U5 source=TM2 destination=TM
event=receive timestamp_ns=1791280686026738650 workflow=KEY_REQUEST run_id=bench_h2_key_013 node=U5 source=TM2 destination=TM
event=receive timestamp_ns=1791280691082571349 workflow=KEY_REQUEST run_id=bench_h2_key_014 node=U5 source=TM2 destination=TM
event=receive timestamp_ns=1791280692714994866 workflow=KEY_REQUEST run_id=bench_h2_key_015 node=U5 source=TM2 destination=TM
event=receive timestamp_ns=1791280695690854032 workflow=KEY_REQUEST run_id=bench_h2_key_016 node=U5 source=TM2 destination=TM
event=receive timestamp_ns=1791280699114742629 workflow=KEY_REQUEST run_id=bench_h2_key_017 node=U5 source=TM2 destination=TM
event=receive timestamp_ns=1791280701834776959 workflow=KEY_REQUEST run_id=bench_h2_key_018 node=U5 source=TM2 destination=TM
event=receive timestamp_ns=1791280705803014372 workflow=KEY_REQUEST run_id=bench_h2_key_019 node=U5 source=TM2 destination=TM
event=receive timestamp_ns=1791280708490896053 workflow=KEY_REQUEST run_id=bench_h2_key_020 node=U5 source=TM2 destination=TM
event=receive timestamp_ns=1791280711562497438 workflow=KEY_REQUEST run_id=bench_h2_key_021 node=U5 source=TM2 destination=TM
event=receive timestamp_ns=1791280714634894026 workflow=KEY_REQUEST run_id=bench_h2_key_022 node=U5 source=TM2 destination=TM
event=receive timestamp_ns=1791280717610894133 workflow=KEY_REQUEST run_id=bench_h2_key_023 node=U5 source=TM2 destination=TM
event=receive timestamp_ns=1791280722218884462 workflow=KEY_REQUEST run_id=bench_h2_key_024 node=U5 source=TM2 destination=TM
event=receive timestamp_ns=1791280725290857606 workflow=KEY_REQUEST run_id=bench_h2_key_025 node=U5 source=TM2 destination=TM
event=receive timestamp_ns=1791280730794794761 workflow=KEY_REQUEST run_id=bench_h2_key_026 node=U5 source=TM2 destination=TM
event=receive timestamp_ns=1791280733482567533 workflow=KEY_REQUEST run_id=bench_h2_key_027 node=U5 source=TM2 destination=TM
event=receive timestamp_ns=1791280736522782775 workflow=KEY_REQUEST run_id=bench_h2_key_028 node=U5 source=TM2 destination=TM
event=receive timestamp_ns=1791280741006721222 workflow=KEY_REQUEST run_id=bench_h2_key_029 node=U5 source=TM2 destination=TM
event=receive timestamp_ns=1791280743722583791 workflow=KEY_REQUEST run_id=bench_h2_key_030 node=U5 source=TM2 destination=TM
