event=send timestamp_ns=1791283571346226139 workflow=KEY_RESPONSE run_id=bench_h2_setup node=Authority source=Authority destination=bench_h2_setup
event=receive timestamp_ns=1791283572394851279 workflow=KEY_REQUEST run_id=bench_h2_setup node=Authority source=TM2 destination=TM
event=receive timestamp_ns=1791283574972254513 workflow=CT_SHARE run_id=1 node=Authority source=TM2 destination=TM
event=receive timestamp_ns=1791283576510788425 workflow=CT_SHARE run_id=2 node=Authority source=TM2 destination=TM
event=receive timestamp_ns=1791283578047182165 workflow=CT_SHARE run_id=3 node=Authority source=TM2 destination=TM
event=receive timestamp_ns=1791283579583972270 workflow=CT_SHARE run_id=4 node=Authority source=TM2 destination=TM
event=receive timestamp_ns=1791283581121640880 workflow=CT_SHARE run_id=5 node=Authority source=TM2 destination=TM
event=receive timestamp_ns=1791283582655125236 workflow=CT_SHARE run_id=6 node=Authority source=TM2 destination=TM
event=receive timestamp_ns=1791283584192481715 workflow=CT_SHARE run_id=7 node=Authority source=TM2 destination=TM
event=receive timestamp_ns=1791283585719607406 workflow=CT_SHARE run_id=8 node=Authority source=TM2 destination=TM
event=receive timestamp_ns=1791283587260625340 workflow=CT_SHARE run_id=9 node=Authority source=TM2 destination=TM
event=receive timestamp_ns=1791283588855997111 workflow=CT_SHARE run_id=10 node=Authority source=TM2 destination=TM
event=receive timestamp_ns=1791283590400872327 workflow=CT_SHARE run_id=11 node=Authority source=TM2 destination=TM
event=receive timestamp_ns=1791283591936317824 workflow=CT_SHARE run_id=12 node=Authority source=TM2 destination=TM
event=receive timestamp_ns=1791283593470127467 workflow=CT_SHARE run_id=13 node=Authority source=TM2 destination=TM
event=receive timestamp_ns=1791283595071955750 workflow=CT_SHARE run_id=14 node=Authority source=TM2 destination=TM
event=receive timestamp_ns=1791283596601327203 workflow=CT_SHARE run_id=15 node=Authority source=TM2 destination=TM
event=receive timestamp_ns=1791283598147723604 workflow=CT_SHARE run_id=16 node=Authority source=TM2 destination=TM
event=receive timestamp_ns=1791283599670755472 workflow=CT_SHARE run_id=17 node=Authority source=TM2 destination=TM
event=receive timestamp_ns=1791283601209013247 workflow=CT_SHARE run_id=18 node=Authority source=TM2 destination=TM
event=receive timestamp_ns=1791283602748706565 workflow=CT_SHARE run_id=19 node=Authority source=TM2 destination=TM
event=receive timestamp_ns=1791283604285730262 workflow=CT_SHARE run_id=20 node=Authority source=TM2 destination=TM
event=receive timestamp_ns=1791283605817967629 workflow=CT_SHARE run_id=21 node=Authority source=TM2 destination=TM
event=receive timestamp_ns=1791283607356548383 workflow=CT_SHARE run_id=22 node=Authority source=TM2 destination=TM
event=receive timestamp_ns=1791283608892813883 workflow=CT_SHARE run_id=23 node=Authority source=TM2 destination=TM
event=receive timestamp_ns=1791283610486480277 workflow=CT_SHARE run_id=24 node=Authority source=TM2 destination=TM
event=receive timestamp_ns=1791283612025851171 workflow=CT_SHARE run_id=25 node=Authority source=TM2 destination=TM
event=receive timestamp_ns=1791283613563312443 workflow=CT_SHARE run_id=26 node=Authority source=TM2 destination=TM
event=receive timestamp_ns=1791283615103596217 workflow=CT_SHARE run_id=27 node=Authority source=TM2 destination=TM
event=receive timestamp_ns=1791283616638635448 workflow=CT_SHARE run_id=28 node=Authority source=TM2 destination=TM
event=receive timestamp_ns=1791283618177233597 workflow=CT_SHARE run_id=29 node=Authority source=TM2 destination=TM
event=receive timestamp_ns=1791283619706779264 workflow=CT_SHARE run_id=30 node=Authority source=TM2 destination=TM
event=receive timestamp_ns=1791283621247684881 workflow=CT_SHARE run_id=31 node=Authority source=TM2 destination=TM
event=receive timestamp_ns=1791283622782428910 workflow=CT_SHARE run_id=32 node=Authority source=TM2 destination=TM
event=receive timestamp_ns=1791283624317803721 workflow=CT_SHARE run_id=33 node=Authority source=TM2 destination=TM
event=receive timestamp_ns=1791283625847681652 workflow=CT_SHARE run_id=34 node=Authority source=TM2 destination=TM
event=receive timestamp_ns=1791283627392080031 workflow=CT_SHARE run_id=35 node=Authority source=TM2 destination=TM
event=send timestamp_ns=1791283627479449258 workflow=ARL_UPDATE run_id=1 node=Authority source=Authority destination=TM
event=send timestamp_ns=1791283628220869165 workflow=ARL_UPDATE run_id=2 node=Authority source=Authority destination=TM
event=send timestamp_ns=1791283629752722972 workflow=ARL_UPDATE run_id=3 node=Authority source=Authority destination=TM
event=send timestamp_ns=1791283631288139152 workflow=ARL_UPDATE run_id=4 node=Authority source=Authority destination=TM
event=send timestamp_ns=1791283632891889508 workflow=ARL_UPDATE run_id=5 node=Authority source=Authority destination=TM
event=send timestamp_ns=1791283634630623162 workflow=ARL_UPDATE run_id=6 node=Authority source=Authority destination=TM
event=send timestamp_ns=1791283636164572965 workflow=ARL_UPDATE run_id=7 node=Authority source=Authority destination=TM
event=send timestamp_ns=1791283637563268116 workflow=ARL_UPDATE run_id=8 node=Authority source=Authority destination=TM
event=send timestamp_ns=1791283639298149690 workflow=ARL_UPDATE run_id=9 node=Authority source=Authority destination=TM
event=send timestamp_ns=1791283640631266429 workflow=ARL_UPDATE run_id=10 node=Authority source=Authority destination=TM
event=send timestamp_ns=1791283642167182103 workflow=ARL_UPDATE run_id=11 node=Authority source=Authority destination=TM
event=send timestamp_ns=1791283643703282188 workflow=ARL_UPDATE run_id=12 node=Authority source=Authority destination=TM
event=send timestamp_ns=1791283645239406114 workflow=ARL_UPDATE run_id=13 node=Authority source=Authority destination=TM
event=send timestamp_ns=1791283646774706489 workflow=ARL_UPDATE run_id=14 node=Authority source=Authority destination=TM
event=send timestamp_ns=1791283648311254715 workflow=ARL_UPDATE run_id=15 node=Authority source=Authority destination=TM
event=send timestamp_ns=1791283650049348579 workflow=ARL_UPDATE run_id=16 node=Authority source=Authority destination=TM
event=send timestamp_ns=1791283651585131919 workflow=ARL_UPDATE run_id=17 node=Authority source=Authority destination=TM
event=send timestamp_ns=1791283652919483428 workflow=ARL_UPDATE run_id=18 node=Authority source=Authority destination=TM
event=send timestamp_ns=1791283654660789197 workflow=ARL_UPDATE run_id=19 node=Authority source=Authority destination=TM
event=send timestamp_ns=1791283655993039539 workflow=ARL_UPDATE run_id=20 node=Authority source=Authority destination=TM
event=send timestamp_ns=1791283657528388509 workflow=ARL_UPDATE run_id=21 node=Authority source=Authority destination=TM
event=send timestamp_ns=1791283659063114963 workflow=ARL_UPDATE run_id=22 node=Authority source=Authority destination=TM
event=send timestamp_ns=1791283660600332782 workflow=ARL_UPDATE run_id=23 node=Authority source=Authority destination=TM
event=send timestamp_ns=1791283662137816234 workflow=ARL_UPDATE run_id=24 node=Authority source=Authority destination=TM
event=send timestamp_ns=1791283663878372609 workflow=ARL_UPDATE run_id=25 node=Authority source=Authority destination=TM
event=send timestamp_ns=1791283665275873660 workflow=ARL_UPDATE run_id=26 node=Authority source=Authority destination=TM
event=send timestamp_ns=1791283666810094468 workflow=ARL_UPDATE run_id=27 node=Authority source=Authority destination=TM
event=send timestamp_ns=1791283668554508409 workflow=ARL_UPDATE run_id=28 node=Authority source=Authority destination=TM
event=send timestamp_ns=1791283669879143001 workflow=ARL_UPDATE run_id=29 node=Authority source=Authority destination=TM
event=send timestamp_ns=1791283671418213930 workflow=ARL_UPDATE run_id=30 node=Authority source=Authority destination=TM
event=send timestamp_ns=1791283672951883656 workflow=ARL_UPDATE run_id=31 node=Authority source=Authority destination=TM
event=send timestamp_ns=1791283674488229968 workflow=ARL_UPDATE run_id=32 node=Authority source=Authority destination=TM
event=send timestamp_ns=1791283676024578072 workflow=ARL_UPDATE run_id=33 node=Authority source=Authority destination=TM
event=send timestamp_ns=1791283677559551365 workflow=ARL_UPDATE run_id=34 node=Authority source=Authority destination=TM
event=send timestamp_ns=1791283679095646756 workflow=ARL_UPDATE run_id=35 node=Authority source=Authority destination=TM
event=send timestamp_ns=1791283680632810229 workflow=ARL_UPDATE run_id=36 node=Authority source=Authority destination=TM
event=send timestamp_ns=1791283682166567236 workflow=ARL_UPDATE run_id=37 node=Authority source=Authority destination=TM
event=send timestamp_ns=1791283683708442100 workflow=ARL_UPDATE run_id=38 node=Authority source=Authority destination=TM
event=send timestamp_ns=1791283685239499058 workflow=ARL_UPDATE run_id=39 node=Authority source=Authority destination=TM
event=send timestamp_ns=1791283686775762755 workflow=ARL_UPDATE run_id=40 node=Authority source=Authority destination=TM
event=send timestamp_ns=1791283688312695798 workflow=ARL_UPDATE run_id=41 node=Authority source=Authority destination=TM
event=send timestamp_ns=1791283689847617874 workflow=ARL_UPDATE run_id=42 node=Authority source=Authority destination=TM
event=send timestamp_ns=1791283691387697535 workflow=ARL_UPDATE run_id=43 node=Authority source=Authority destination=TM
event=send timestamp_ns=1791283692921154805 workflow=ARL_UPDATE run_id=44 node=Authority source=Authority destination=TM
event=send timestamp_ns=1791283694662040209 workflow=ARL_UPDATE run_id=45 node=Authority source=Authority destination=TM
event=send timestamp_ns=1791283695992351179 workflow=ARL_UPDATE run_id=46 node=Authority source=Authority destination=TM
event=send timestamp_ns=1791283697526922665 workflow=ARL_UPDATE run_id=47 node=Authority source=Authority destination=TM
event=send timestamp_ns=1791283699064169997 workflow=ARL_UPDATE run_id=48 node=Authority source=Authority destination=TM
event=send timestamp_ns=1791283700599425590 workflow=ARL_UPDATE run_id=49 node=Authority source=Authority destination=TM
event=send timestamp_ns=1791283702135827920 workflow=ARL_UPDATE run_id=50 node=Authority source=Authority destination=TM
event=send timestamp_ns=1791283703671446368 workflow=ARL_UPDATE run_id=51 node=Authority source=Authority destination=TM
event=send timestamp_ns=1791283705207961059 workflow=ARL_UPDATE run_id=52 node=Authority source=Authority destination=TM
event=send timestamp_ns=1791283706813022688 workflow=ARL_UPDATE run_id=53 node=Authority source=Authority destination=TM
event=send timestamp_ns=1791283708346150804 workflow=ARL_UPDATE run_id=54 node=Authority source=Authority destination=TM
event=send timestamp_ns=1791283709883145408 workflow=ARL_UPDATE run_id=55 node=Authority source=Authority destination=TM
event=send timestamp_ns=1791283711414924536 workflow=ARL_UPDATE run_id=56 node=Authority source=Authority destination=TM
event=send timestamp_ns=1791283712956063683 workflow=ARL_UPDATE run_id=57 node=Authority source=Authority destination=TM
event=send timestamp_ns=1791283714492950697 workflow=ARL_UPDATE run_id=58 node=Authority source=Authority destination=TM
event=send timestamp_ns=1791283716093450567 workflow=ARL_UPDATE run_id=59 node=Authority source=Authority destination=TM
event=send timestamp_ns=1791283717624497509 workflow=ARL_UPDATE run_id=60 node=Authority source=Authority destination=TM
event=send timestamp_ns=1791283719158456139 workflow=ARL_UPDATE run_id=61 node=Authority source=Authority destination=TM
event=send timestamp_ns=1791283720695589584 workflow=ARL_UPDATE run_id=62 node=Authority source=Authority destination=TM
event=send timestamp_ns=1791283722236342893 workflow=ARL_UPDATE run_id=63 node=Authority source=Authority destination=TM
event=send timestamp_ns=1791283723773512655 workflow=ARL_UPDATE run_id=64 node=Authority source=Authority destination=TM
event=send timestamp_ns=1791283725305504056 workflow=ARL_UPDATE run_id=65 node=Authority source=Authority destination=TM
event=send timestamp_ns=1791283726841020698 workflow=ARL_UPDATE run_id=66 node=Authority source=Authority destination=TM
event=send timestamp_ns=1791283728376187530 workflow=ARL_UPDATE run_id=67 node=Authority source=Authority destination=TM
event=send timestamp_ns=1791283729912482632 workflow=ARL_UPDATE run_id=68 node=Authority source=Authority destination=TM
event=send timestamp_ns=1791283731449668189 workflow=ARL_UPDATE run_id=69 node=Authority source=Authority destination=TM
event=send timestamp_ns=1791283732984937696 workflow=ARL_UPDATE run_id=70 node=Authority source=Authority destination=TM
event=send timestamp_ns=1791283735759208591 workflow=KEY_RESPONSE run_id=bench_h2_key_w1 node=Authority source=Authority destination=bench_h2_key_w1
event=receive timestamp_ns=1791283736782482991 workflow=KEY_REQUEST run_id=bench_h2_key_w1 node=Authority source=TM2 destination=TM
event=send timestamp_ns=1791283739317241487 workflow=KEY_RESPONSE run_id=bench_h2_key_w2 node=Authority source=Authority destination=bench_h2_key_w2
event=receive timestamp_ns=1791283740362621852 workflow=KEY_REQUEST run_id=bench_h2_key_w2 node=Authority source=TM2 destination=TM
event=send timestamp_ns=1791283742895284372 workflow=KEY_RESPONSE run_id=bench_h2_key_w3 node=Authority source=Authority destination=bench_h2_key_w3
event=receive timestamp_ns=1791283743914655494 workflow=KEY_REQUEST run_id=bench_h2_key_w3 node=Authority source=TM2 destination=TM
event=send timestamp_ns=1791283745424432377 workflow=KEY_RESPONSE run_id=bench_h2_key_w4 node=Authority source=Authority destination=bench_h2_key_w4
event=receive timestamp_ns=1791283746442640160 workflow=KEY_REQUEST run_id=bench_h2_key_w4 node=Authority source=TM2 destination=TM
event=send timestamp_ns=1791283748975324251 workflow=KEY_RESPONSE run_id=bench_h2_key_w5 node=Authority source=Authority destination=bench_h2_key_w5
event=receive timestamp_ns=1791283749994541124 workflow=KEY_REQUEST run_id=bench_h2_key_w5 node=Authority source=TM2 destination=TM
event=send timestamp_ns=1791283751504589027 workflow=KEY_RESPONSE run_id=bench_h2_key_001 node=Authority source=Authority destination=bench_h2_key_001
event=receive timestamp_ns=1791283752522746288 workflow=KEY_REQUEST run_id=bench_h2_key_001 node=Authority source=TM2 destination=TM
event=send timestamp_ns=1791283755056186535 workflow=KEY_RESPONSE run_id=bench_h2_key_002 node=Authority source=Authority destination=bench_h2_key_002
event=receive timestamp_ns=1791283756074539967 workflow=KEY_REQUEST run_id=bench_h2_key_002 node=Authority source=TM2 destination=TM
event=send timestamp_ns=1791283757583967507 workflow=KEY_RESPONSE run_id=bench_h2_key_003 node=Authority source=Authority destination=bench_h2_key_003
event=receive timestamp_ns=1791283758602477041 workflow=KEY_REQUEST run_id=bench_h2_key_003 node=Authority source=TM2 destination=TM
event=send timestamp_ns=1791283761137232130 workflow=KEY_RESPONSE run_id=bench_h2_key_004 node=Authority source=Authority destination=bench_h2_key_004
event=receive timestamp_ns=1791283762154722484 workflow=KEY_REQUEST run_id=bench_h2_key_004 node=Authority source=TM2 destination=TM
event=send timestamp_ns=1791283763664290472 workflow=KEY_RESPONSE run_id=bench_h2_key_005 node=Authority source=Authority destination=bench_h2_key_005
event=receive timestamp_ns=1791283764682588514 workflow=KEY_REQUEST run_id=bench_h2_key_005 node=Authority source=TM2 destination=TM
event=send timestamp_ns=1791283767216049029 workflow=KEY_RESPONSE run_id=bench_h2_key_006 node=Authority source=Authority destination=bench_h2_key_006
event=receive timestamp_ns=1791283768234605290 workflow=KEY_REQUEST run_id=bench_h2_key_006 node=Authority source=TM2 destination=TM
event=send timestamp_ns=1791283769743442781 workflow=KEY_RESPONSE run_id=bench_h2_key_007 node=Authority source=Authority destination=bench_h2_key_007
event=receive timestamp_ns=1791283770762601843 workflow=KEY_REQUEST run_id=bench_h2_key_007 node=Authority source=TM2 destination=TM
event=send timestamp_ns=1791283773299866429 workflow=KEY_RESPONSE run_id=bench_h2_key_008 node=Authority source=Authority destination=bench_h2_key_008
event=receive timestamp_ns=1791283774314728415 workflow=KEY_REQUEST run_id=bench_h2_key_008 node=Authority source=TM2 destination=TM
event=send timestamp_ns=1791283775824493786 workflow=KEY_RESPONSE run_id=bench_h2_key_009 node=Authority source=Authority destination=bench_h2_key_009
event=receive timestamp_ns=1791283776842504114 workflow=KEY_REQUEST run_id=bench_h2_key_009 node=Authority source=TM2 destination=TM
event=send timestamp_ns=1791283779375452373 workflow=KEY_RESPONSE run_id=bench_h2_key_010 node=Authority source=Authority destination=bench_h2_key_010
event=receive timestamp_ns=1791283780394605354 workflow=KEY_REQUEST run_id=bench_h2_key_010 node=Authority source=TM2 destination=TM
event=send timestamp_ns=1791283782927146309 workflow=KEY_RESPONSE run_id=bench_h2_key_011 node=Authority source=Authority destination=bench_h2_key_011
event=receive timestamp_ns=1791283783946438459 workflow=KEY_REQUEST run_id=bench_h2_key_011 node=Authority source=TM2 destination=TM
event=send timestamp_ns=1791283787505498083 workflow=KEY_RESPONSE run_id=bench_h2_key_012 node=Authority source=Authority destination=bench_h2_key_012
event=receive timestamp_ns=1791283788526424754 workflow=KEY_REQUEST run_id=bench_h2_key_012 node=Authority source=TM2 destination=TM
event=send timestamp_ns=1791283790070179159 workflow=KEY_RESPONSE run_id=bench_h2_key_013 node=Authority source=Authority destination=bench_h2_key_013
event=receive timestamp_ns=1791283791114618534 workflow=KEY_REQUEST run_id=bench_h2_key_013 node=Authority source=TM2 destination=TM
event=send timestamp_ns=1791283793680193504 workflow=KEY_RESPONSE run_id=bench_h2_key_014 node=Authority source=Authority destination=bench_h2_key_014
event=receive timestamp_ns=1791283794698622838 workflow=KEY_REQUEST run_id=bench_h2_key_014 node=Authority source=TM2 destination=TM
event=send timestamp_ns=1791283797265921239 workflow=KEY_RESPONSE run_id=bench_h2_key_015 node=Authority source=Authority destination=bench_h2_key_015
event=receive timestamp_ns=1791283798282473592 workflow=KEY_REQUEST run_id=bench_h2_key_015 node=Authority source=TM2 destination=TM
event=send timestamp_ns=1791283799825187946 workflow=KEY_RESPONSE run_id=bench_h2_key_016 node=Authority source=Authority destination=bench_h2_key_016
event=receive timestamp_ns=1791283800842624477 workflow=KEY_REQUEST run_id=bench_h2_key_016 node=Authority source=TM2 destination=TM
event=send timestamp_ns=1791283803377148742 workflow=KEY_RESPONSE run_id=bench_h2_key_017 node=Authority source=Authority destination=bench_h2_key_017
event=receive timestamp_ns=1791283804394559591 workflow=KEY_REQUEST run_id=bench_h2_key_017 node=Authority source=TM2 destination=TM
event=send timestamp_ns=1791283805904009382 workflow=KEY_RESPONSE run_id=bench_h2_key_018 node=Authority source=Authority destination=bench_h2_key_018
event=receive timestamp_ns=1791283806922612882 workflow=KEY_REQUEST run_id=bench_h2_key_018 node=Authority source=TM2 destination=TM
event=send timestamp_ns=1791283809458007879 workflow=KEY_RESPONSE run_id=bench_h2_key_019 node=Authority source=Authority destination=bench_h2_key_019
event=receive timestamp_ns=1791283810474628344 workflow=KEY_REQUEST run_id=bench_h2_key_019 node=Authority source=TM2 destination=TM
event=send timestamp_ns=1791283811985023573 workflow=KEY_RESPONSE run_id=bench_h2_key_020 node=Authority source=Authority destination=bench_h2_key_020
event=receive timestamp_ns=1791283813002612454 workflow=KEY_REQUEST run_id=bench_h2_key_020 node=Authority source=TM2 destination=TM
event=send timestamp_ns=1791283815536535480 workflow=KEY_RESPONSE run_id=bench_h2_key_021 node=Authority source=Authority destination=bench_h2_key_021
event=receive timestamp_ns=1791283816554572511 workflow=KEY_REQUEST run_id=bench_h2_key_021 node=Authority source=TM2 destination=TM
event=send timestamp_ns=1791283818096100899 workflow=KEY_RESPONSE run_id=bench_h2_key_022 node=Authority source=Authority destination=bench_h2_key_022
event=receive timestamp_ns=1791283819114688612 workflow=KEY_REQUEST run_id=bench_h2_key_022 node=Authority source=TM2 destination=TM
event=send timestamp_ns=1791283821679784880 workflow=KEY_RESPONSE run_id=bench_h2_key_023 node=Authority source=Authority destination=bench_h2_key_023
event=receive timestamp_ns=1791283822698731746 workflow=KEY_REQUEST run_id=bench_h2_key_023 node=Authority source=TM2 destination=TM
event=send timestamp_ns=1791283825231763014 workflow=KEY_RESPONSE run_id=bench_h2_key_024 node=Authority source=Authority destination=bench_h2_key_024
event=receive timestamp_ns=1791283826250397964 workflow=KEY_REQUEST run_id=bench_h2_key_024 node=Authority source=TM2 destination=TM
event=send timestamp_ns=1791283827759810502 workflow=KEY_RESPONSE run_id=bench_h2_key_025 node=Authority source=Authority destination=bench_h2_key_025
event=receive timestamp_ns=1791283828778626317 workflow=KEY_REQUEST run_id=bench_h2_key_025 node=Authority source=TM2 destination=TM
event=send timestamp_ns=1791283831313157973 workflow=KEY_RESPONSE run_id=bench_h2_key_026 node=Authority source=Authority destination=bench_h2_key_026
event=receive timestamp_ns=1791283832330599751 workflow=KEY_REQUEST run_id=bench_h2_key_026 node=Authority source=TM2 destination=TM
event=send timestamp_ns=1791283833840657516 workflow=KEY_RESPONSE run_id=bench_h2_key_027 node=Authority source=Authority destination=bench_h2_key_027
event=receive timestamp_ns=1791283834858450599 workflow=KEY_REQUEST run_id=bench_h2_key_027 node=Authority source=TM2 destination=TM
event=send timestamp_ns=1791283837391480285 workflow=KEY_RESPONSE run_id=bench_h2_key_028 node=Authority source=Authority destination=bench_h2_key_028
event=receive timestamp_ns=1791283838410533351 workflow=KEY_REQUEST run_id=bench_h2_key_028 node=Authority source=TM2 destination=TM
event=send timestamp_ns=1791283839921189309 workflow=KEY_RESPONSE run_id=bench_h2_key_029 node=Authority source=Authority destination=bench_h2_key_029
event=receive timestamp_ns=1791283840938389243 workflow=KEY_REQUEST run_id=bench_h2_key_029 node=Authority source=TM2 destination=TM
event=send timestamp_ns=1791283843479782855 workflow=KEY_RESPONSE run_id=bench_h2_key_030 node=Authority source=Authority destination=bench_h2_key_030
event=receive timestamp_ns=1791283844522726384 workflow=KEY_REQUEST run_id=bench_h2_key_030 node=Authority source=TM2 destination=TM
