event=receive timestamp_ns=1791283571242733892 workflow=KEY_REQUEST run_id=bench_h2_setup node=U1 source=TM2 destination=TM
event=receive timestamp_ns=1791283574867738176 workflow=CT_SHARE run_id=1 node=U1 source=TM2 destination=TM
event=receive timestamp_ns=1791283576402850975 workflow=CT_SHARE run_id=2 node=U1 source=TM2 destination=TM
event=receive timestamp_ns=1791283577939804515 workflow=CT_SHARE run_id=3 node=U1 source=TM2 destination=TM
event=receive timestamp_ns=1791283579473987989 workflow=CT_SHARE run_id=4 node=U1 source=TM2 destination=TM
event=receive timestamp_ns=1791283581013107181 workflow=CT_SHARE run_id=5 node=U1 source=TM2 destination=TM
event=receive timestamp_ns=1791283582546673235 workflow=CT_SHARE run_id=6 node=U1 source=TM2 destination=TM
event=receive timestamp_ns=1791283584084238502 workflow=CT_SHARE run_id=7 node=U1 source=TM2 destination=TM
event=receive timestamp_ns=1791283585619211946 workflow=CT_SHARE run_id=8 node=U1 source=TM2 destination=TM
event=receive timestamp_ns=1791283587154152805 workflow=CT_SHARE run_id=9 node=U1 source=TM2 destination=TM
event=receive timestamp_ns=1791283588754531462 workflow=CT_SHARE run_id=10 node=U1 source=TM2 destination=TM
event=receive timestamp_ns=1791283590289886801 workflow=CT_SHARE run_id=11 node=U1 source=TM2 destination=TM
event=receive timestamp_ns=1791283591825595092 workflow=CT_SHARE run_id=12 node=U1 source=TM2 destination=TM
event=receive timestamp_ns=1791283593365239965 workflow=CT_SHARE run_id=13 node=U1 source=TM2 destination=TM
event=receive timestamp_ns=1791283594963065145 workflow=CT_SHARE run_id=14 node=U1 source=TM2 destination=TM
event=receive timestamp_ns=1791283596499797595 workflow=CT_SHARE run_id=15 node=U1 source=TM2 destination=TM
event=receive timestamp_ns=1791283598036892797 workflow=CT_SHARE run_id=16 node=U1 source=TM2 destination=TM
event=receive timestamp_ns=1791283599571025906 workflow=CT_SHARE run_id=17 node=U1 source=TM2 destination=TM
event=receive timestamp_ns=1791283601106158749 workflow=CT_SHARE run_id=18 node=U1 source=TM2 destination=TM
event=receive timestamp_ns=1791283602645299041 workflow=CT_SHARE run_id=19 node=U1 source=TM2 destination=TM
event=receive timestamp_ns=1791283604179031797 workflow=CT_SHARE run_id=20 node=U1 source=TM2 destination=TM
event=receive timestamp_ns=1791283605717553366 workflow=CT_SHARE run_id=21 node=U1 source=TM2 destination=TM
event=receive timestamp_ns=1791283607252055438 workflow=CT_SHARE run_id=22 node=U1 source=TM2 destination=TM
event=receive timestamp_ns=1791283608789319722 workflow=CT_SHARE run_id=23 node=U1 source=TM2 destination=TM
event=receive timestamp_ns=1791283610387117962 workflow=CT_SHARE run_id=24 node=U1 source=TM2 destination=TM
event=receive timestamp_ns=1791283611921557104 workflow=CT_SHARE run_id=25 node=U1 source=TM2 destination=TM
event=receive timestamp_ns=1791283613459854272 workflow=CT_SHARE run_id=26 node=U1 source=TM2 destination=TM
event=receive timestamp_ns=1791283614994827090 workflow=CT_SHARE run_id=27 node=U1 source=TM2 destination=TM
event=receive timestamp_ns=1791283616530269808 workflow=CT_SHARE run_id=28 node=U1 source=TM2 destination=TM
event=receive timestamp_ns=1791283618066498270 workflow=CT_SHARE run_id=29 node=U1 source=TM2 destination=TM
event=receive timestamp_ns=1791283619603284039 workflow=CT_SHARE run_id=30 node=U1 source=TM2 destination=TM
event=receive timestamp_ns=1791283621139503080 workflow=CT_SHARE run_id=31 node=U1 source=TM2 destination=TM
event=receive timestamp_ns=1791283622673854030 workflow=CT_SHARE run_id=32 node=U1 source=TM2 destination=TM
event=receive timestamp_ns=1791283624209439200 workflow=CT_SHARE run_id=33 node=U1 source=TM2 destination=TM
event=receive timestamp_ns=1791283625746509729 workflow=CT_SHARE run_id=34 node=U1 source=TM2 destination=TM
event=receive timestamp_ns=1791283627281514512 workflow=CT_SHARE run_id=35 node=U1 source=TM2 destination=TM
event=receive timestamp_ns=1791283628596039844 workflow=ARL_UPDATE run_id=1 node=U1 source=Authority destination=TM
event=receive timestamp_ns=1791283630164434413 workflow=ARL_UPDATE run_id=2 node=U1 source=Authority destination=TM
event=receive timestamp_ns=1791283631698074939 workflow=ARL_UPDATE run_id=3 node=U1 source=Authority destination=TM
event=receive timestamp_ns=1791283633235449646 workflow=ARL_UPDATE run_id=4 node=U1 source=Authority destination=TM
event=receive timestamp_ns=1791283634832642427 workflow=ARL_UPDATE run_id=5 node=U1 source=Authority destination=TM
event=receive timestamp_ns=1791283636370648969 workflow=ARL_UPDATE run_id=6 node=U1 source=Authority destination=TM
event=receive timestamp_ns=1791283637902586289 workflow=ARL_UPDATE run_id=7 node=U1 source=Authority destination=TM
event=receive timestamp_ns=1791283639506519547 workflow=ARL_UPDATE run_id=8 node=U1 source=Authority destination=TM
event=receive timestamp_ns=1791283641042088543 workflow=ARL_UPDATE run_id=9 node=U1 source=Authority destination=TM
event=receive timestamp_ns=1791283642579761465 workflow=ARL_UPDATE run_id=10 node=U1 source=Authority destination=TM
event=receive timestamp_ns=1791283644113320988 workflow=ARL_UPDATE run_id=11 node=U1 source=Authority destination=TM
event=receive timestamp_ns=1791283645652224827 workflow=ARL_UPDATE run_id=12 node=U1 source=Authority destination=TM
event=receive timestamp_ns=1791283647184159166 workflow=ARL_UPDATE run_id=13 node=U1 source=Authority destination=TM
event=receive timestamp_ns=1791283648723521722 workflow=ARL_UPDATE run_id=14 node=U1 source=Authority destination=TM
event=receive timestamp_ns=1791283650256111073 workflow=ARL_UPDATE run_id=15 node=U1 source=Authority destination=TM
event=receive timestamp_ns=1791283651790782821 workflow=ARL_UPDATE run_id=16 node=U1 source=Authority destination=TM
event=receive timestamp_ns=1791283653333417007 workflow=ARL_UPDATE run_id=17 node=U1 source=Authority destination=TM
event=receive timestamp_ns=1791283654863473007 workflow=ARL_UPDATE run_id=18 node=U1 source=Authority destination=TM
event=receive timestamp_ns=1791283656402085654 workflow=ARL_UPDATE run_id=19 node=U1 source=Authority destination=TM
event=receive timestamp_ns=1791283657939704602 workflow=ARL_UPDATE run_id=20 node=U1 source=Authority destination=TM
event=receive timestamp_ns=1791283659476000553 workflow=ARL_UPDATE run_id=21 node=U1 source=Authority destination=TM
event=receive timestamp_ns=1791283661006426718 workflow=ARL_UPDATE run_id=22 node=U1 source=Authority destination=TM
event=receive timestamp_ns=1791283662547780616 workflow=ARL_UPDATE run_id=23 node=U1 source=Authority destination=TM
event=receive timestamp_ns=1791283664080417425 workflow=ARL_UPDATE run_id=24 node=U1 source=Authority destination=TM
event=receive timestamp_ns=1791283665619507170 workflow=ARL_UPDATE run_id=25 node=U1 source=Authority destination=TM
event=receive timestamp_ns=1791283667220248790 workflow=ARL_UPDATE run_id=26 node=U1 source=Authority destination=TM
event=receive timestamp_ns=1791283668753019384 workflow=ARL_UPDATE run_id=27 node=U1 source=Authority destination=TM
event=receive timestamp_ns=1791283670293628414 workflow=ARL_UPDATE run_id=28 node=U1 source=Authority destination=TM
event=receive timestamp_ns=1791283671828070764 workflow=ARL_UPDATE run_id=29 node=U1 source=Authority destination=TM
event=receive timestamp_ns=1791283673361400714 workflow=ARL_UPDATE run_id=30 node=U1 source=Authority destination=TM
event=receive timestamp_ns=1791283674900344201 workflow=ARL_UPDATE run_id=31 node=U1 source=Authority destination=TM
event=receive timestamp_ns=1791283676434114950 workflow=ARL_UPDATE run_id=32 node=U1 source=Authority destination=TM
event=receive timestamp_ns=1791283677971708876 workflow=ARL_UPDATE run_id=33 node=U1 source=Authority destination=TM
event=receive timestamp_ns=1791283679505921685 workflow=ARL_UPDATE run_id=34 node=U1 source=Authority destination=TM
event=receive timestamp_ns=1791283681038615982 workflow=ARL_UPDATE run_id=35 node=U1 source=Authority destination=TM
event=receive timestamp_ns=1791283682578835162 workflow=ARL_UPDATE run_id=36 node=U1 source=Authority destination=TM
event=receive timestamp_ns=1791283684116669341 workflow=ARL_UPDATE run_id=37 node=U1 source=Authority destination=TM
event=receive timestamp_ns=1791283685653185378 workflow=ARL_UPDATE run_id=38 node=U1 source=Authority destination=TM
event=receive timestamp_ns=1791283687187172874 workflow=ARL_UPDATE run_id=39 node=U1 source=Authority destination=TM
event=receive timestamp_ns=1791283688724100580 workflow=ARL_UPDATE run_id=40 node=U1 source=Authority destination=TM
event=receive timestamp_ns=1791283690254470791 workflow=ARL_UPDATE run_id=41 node=U1 source=Authority destination=TM
event=receive timestamp_ns=1791283691793563991 workflow=ARL_UPDATE run_id=42 node=U1 source=Authority destination=TM
event=receive timestamp_ns=1791283693331191364 workflow=ARL_UPDATE run_id=43 node=U1 source=Authority destination=TM
event=receive timestamp_ns=1791283694864994473 workflow=ARL_UPDATE run_id=44 node=U1 source=Authority destination=TM
event=receive timestamp_ns=1791283696402583952 workflow=ARL_UPDATE run_id=45 node=U1 source=Authority destination=TM
event=receive timestamp_ns=1791283697941522122 workflow=ARL_UPDATE run_id=46 node=U1 source=Authority destination=TM
event=receive timestamp_ns=1791283699476341891 workflow=ARL_UPDATE run_id=47 node=U1 source=Authority destination=TM
event=receive timestamp_ns=1791283701013084132 workflow=ARL_UPDATE run_id=48 node=U1 source=Authority destination=TM
event=receive timestamp_ns=1791283702548136841 workflow=ARL_UPDATE run_id=49 node=U1 source=Authority destination=TM
event=receive timestamp_ns=1791283704082009436 workflow=ARL_UPDATE run_id=50 node=U1 source=Authority destination=TM
event=receive timestamp_ns=1791283705621349698 workflow=ARL_UPDATE run_id=51 node=U1 source=Authority destination=TM
event=receive timestamp_ns=1791283707158297977 workflow=ARL_UPDATE run_id=52 node=U1 source=Authority destination=TM
event=receive timestamp_ns=1791283708755964404 workflow=ARL_UPDATE run_id=53 node=U1 source=Authority destination=TM
event=receive timestamp_ns=1791283710286530760 workflow=ARL_UPDATE run_id=54 node=U1 source=Authority destination=TM
event=receive timestamp_ns=1791283711825677802 workflow=ARL_UPDATE run_id=55 node=U1 source=Authority destination=TM
event=receive timestamp_ns=1791283713361440729 workflow=ARL_UPDATE run_id=56 node=U1 source=Authority destination=TM
event=receive timestamp_ns=1791283714899001038 workflow=ARL_UPDATE run_id=57 node=U1 source=Authority destination=TM
event=receive timestamp_ns=1791283716432708889 workflow=ARL_UPDATE run_id=58 node=U1 source=Authority destination=TM
event=receive timestamp_ns=1791283718036299412 workflow=ARL_UPDATE run_id=59 node=U1 source=Authority destination=TM
event=receive timestamp_ns=1791283719572037260 workflow=ARL_UPDATE run_id=60 node=U1 source=Authority destination=TM
event=receive timestamp_ns=1791283721105821144 workflow=ARL_UPDATE run_id=61 node=U1 source=Authority destination=TM
event=receive timestamp_ns=1791283722640849289 workflow=ARL_UPDATE run_id=62 node=U1 source=Authority destination=TM
event=receive timestamp_ns=1791283724183757129 workflow=ARL_UPDATE run_id=63 node=U1 source=Authority destination=TM
event=receive timestamp_ns=1791283725716699774 workflow=ARL_UPDATE run_id=64 node=U1 source=Authority destination=TM
event=receive timestamp_ns=1791283727248965552 workflow=ARL_UPDATE run_id=65 node=U1 source=Authority destination=TM
event=receive timestamp_ns=1791283728785269584 workflow=ARL_UPDATE run_id=66 node=U1 source=Authority destination=TM
event=receive timestamp_ns=1791283730317523412 workflow=ARL_UPDATE run_id=67 node=U1 source=Authority destination=TM
event=receive timestamp_ns=1791283731853938692 workflow=ARL_UPDATE run_id=68 node=U1 source=Authority destination=TM
event=receive timestamp_ns=1791283733392965828 workflow=ARL_UPDATE run_id=69 node=U1 source=Authority destination=TM
event=receive timestamp_ns=1791283734926249676 workflow=ARL_UPDATE run_id=70 node=U1 source=Authority destination=TM
event=receive timestamp_ns=1791283736874717832 workflow=KEY_REQUEST run_id=bench_h2_key_w1 node=U1 source=TM2 destination=TM
event=receive timestamp_ns=1791283739214649481 workflow=KEY_REQUEST run_id=bench_h2_key_w2 node=U1 source=TM2 destination=TM
event=receive timestamp_ns=1791283742794630577 workflow=KEY_REQUEST run_id=bench_h2_key_w3 node=U1 source=TM2 destination=TM
event=receive timestamp_ns=1791283746542811081 workflow=KEY_REQUEST run_id=bench_h2_key_w4 node=U1 source=TM2 destination=TM
event=receive timestamp_ns=1791283748874632271 workflow=KEY_REQUEST run_id=bench_h2_key_w5 node=U1 source=TM2 destination=TM
event=receive timestamp_ns=1791283752618424517 workflow=KEY_REQUEST run_id=bench_h2_key_001 node=U1 source=TM2 destination=TM
event=receive timestamp_ns=1791283754958524790 workflow=KEY_REQUEST run_id=bench_h2_key_002 node=U1 source=TM2 destination=TM
event=receive timestamp_ns=1791283758698760854 workflow=KEY_REQUEST run_id=bench_h2_key_003 node=U1 source=TM2 destination=TM
event=receive timestamp_ns=1791283761034620642 workflow=KEY_REQUEST run_id=bench_h2_key_004 node=U1 source=TM2 destination=TM
event=receive timestamp_ns=1791283764778660763 workflow=KEY_REQUEST run_id=bench_h2_key_005 node=U1 source=TM2 destination=TM
event=receive timestamp_ns=1791283767114727232 workflow=KEY_REQUEST run_id=bench_h2_key_006 node=U1 source=TM2 destination=TM
event=receive timestamp_ns=1791283770858717547 workflow=KEY_REQUEST run_id=bench_h2_key_007 node=U1 source=TM2 destination=TM
event=receive timestamp_ns=1791283773194726002 workflow=KEY_REQUEST run_id=bench_h2_key_008 node=U1 source=TM2 destination=TM
event=receive timestamp_ns=1791283776938588839 workflow=KEY_REQUEST run_id=bench_h2_key_009 node=U1 source=TM2 destination=TM
event=receive timestamp_ns=1791283779274597304 workflow=KEY_REQUEST run_id=bench_h2_key_010 node=U1 source=TM2 destination=TM
event=receive timestamp_ns=1791283784042543403 workflow=KEY_REQUEST run_id=bench_h2_key_011 node=U1 source=TM2 destination=TM
event=receive timestamp_ns=1791283787402714260 workflow=KEY_REQUEST run_id=bench_h2_key_012 node=U1 source=TM2 destination=TM
event=receive timestamp_ns=1791283790666935147 workflow=KEY_REQUEST run_id=bench_h2_key_013 node=U1 source=TM2 destination=TM
event=receive timestamp_ns=1791283794794695460 workflow=KEY_REQUEST run_id=bench_h2_key_014 node=U1 source=TM2 destination=TM
event=receive timestamp_ns=1791283797162676016 workflow=KEY_REQUEST run_id=bench_h2_key_015 node=U1 source=TM2 destination=TM
event=receive timestamp_ns=1791283800938602275 workflow=KEY_REQUEST run_id=bench_h2_key_016 node=U1 source=TM2 destination=TM
event=receive timestamp_ns=1791283803274653045 workflow=KEY_REQUEST run_id=bench_h2_key_017 node=U1 source=TM2 destination=TM
event=receive timestamp_ns=1791283807018821493 workflow=KEY_REQUEST run_id=bench_h2_key_018 node=U1 source=TM2 destination=TM
event=receive timestamp_ns=1791283809358609624 workflow=KEY_REQUEST run_id=bench_h2_key_019 node=U1 source=TM2 destination=TM
event=receive timestamp_ns=1791283813098665091 workflow=KEY_REQUEST run_id=bench_h2_key_020 node=U1 source=TM2 destination=TM
event=receive timestamp_ns=1791283815434675548 workflow=KEY_REQUEST run_id=bench_h2_key_021 node=U1 source=TM2 destination=TM
event=receive timestamp_ns=1791283818698565715 workflow=KEY_REQUEST run_id=bench_h2_key_022 node=U1 source=TM2 destination=TM
event=receive timestamp_ns=1791283822794568167 workflow=KEY_REQUEST run_id=bench_h2_key_023 node=U1 source=TM2 destination=TM
event=receive timestamp_ns=1791283825130748406 workflow=KEY_REQUEST run_id=bench_h2_key_024 node=U1 source=TM2 destination=TM
event=receive timestamp_ns=1791283828874715543 workflow=KEY_REQUEST run_id=bench_h2_key_025 node=U1 source=TM2 destination=TM
event=receive timestamp_ns=1791283831210747196 workflow=KEY_REQUEST run_id=bench_h2_key_026 node=U1 source=TM2 destination=TM
event=receive timestamp_ns=1791283834954674327 workflow=KEY_REQUEST run_id=bench_h2_key_027 node=U1 source=TM2 destination=TM
event=receive timestamp_ns=1791283837290712760 workflow=KEY_REQUEST run_id=bench_h2_key_028 node=U1 source=TM2 destination=TM
event=receive timestamp_ns=1791283839818706402 workflow=KEY_REQUEST run_id=bench_h2_key_029 node=U1 source=TM2 destination=TM
event=receive timestamp_ns=1791283842859014875 workflow=KEY_REQUEST run_id=bench_h2_key_030 node=U1 source=TM2 destination=TM
