event=receive timestamp_ns=1791283572138714043 workflow=KEY_REQUEST run_id=bench_h2_setup node=U3 source=TM2 destination=TM
event=receive timestamp_ns=1791283574865656692 workflow=CT_SHARE run_id=1 node=U3 source=TM2 destination=TM
event=receive timestamp_ns=1791283576402527560 workflow=CT_SHARE run_id=2 node=U3 source=TM2 destination=TM
event=receive timestamp_ns=1791283577939805741 workflow=CT_SHARE run_id=3 node=U3 source=TM2 destination=TM
event=receive timestamp_ns=1791283579473855230 workflow=CT_SHARE run_id=4 node=U3 source=TM2 destination=TM
event=receive timestamp_ns=1791283581009475610 workflow=CT_SHARE run_id=5 node=U3 source=TM2 destination=TM
event=receive timestamp_ns=1791283582546706466 workflow=CT_SHARE run_id=6 node=U3 source=TM2 destination=TM
event=receive timestamp_ns=1791283584084186305 workflow=CT_SHARE run_id=7 node=U3 source=TM2 destination=TM
event=receive timestamp_ns=1791283585622354780 workflow=CT_SHARE run_id=8 node=U3 source=TM2 destination=TM
event=receive timestamp_ns=1791283587154161258 workflow=CT_SHARE run_id=9 node=U3 source=TM2 destination=TM
event=receive timestamp_ns=1791283588754451770 workflow=CT_SHARE run_id=10 node=U3 source=TM2 destination=TM
event=receive timestamp_ns=1791283590289831398 workflow=CT_SHARE run_id=11 node=U3 source=TM2 destination=TM
event=receive timestamp_ns=1791283591825543295 workflow=CT_SHARE run_id=12 node=U3 source=TM2 destination=TM
event=receive timestamp_ns=1791283593361863328 workflow=CT_SHARE run_id=13 node=U3 source=TM2 destination=TM
event=receive timestamp_ns=1791283594963063418 workflow=CT_SHARE run_id=14 node=U3 source=TM2 destination=TM
event=receive timestamp_ns=1791283596502853596 workflow=CT_SHARE run_id=15 node=U3 source=TM2 destination=TM
event=receive timestamp_ns=1791283598039511924 workflow=CT_SHARE run_id=16 node=U3 source=TM2 destination=TM
event=receive timestamp_ns=1791283599570994633 workflow=CT_SHARE run_id=17 node=U3 source=TM2 destination=TM
event=receive timestamp_ns=1791283601105764664 workflow=CT_SHARE run_id=18 node=U3 source=TM2 destination=TM
event=receive timestamp_ns=1791283602641118106 workflow=CT_SHARE run_id=19 node=U3 source=TM2 destination=TM
event=receive timestamp_ns=1791283604181695604 workflow=CT_SHARE run_id=20 node=U3 source=TM2 destination=TM
event=receive timestamp_ns=1791283605718696289 workflow=CT_SHARE run_id=21 node=U3 source=TM2 destination=TM
event=receive timestamp_ns=1791283607255100979 workflow=CT_SHARE run_id=22 node=U3 source=TM2 destination=TM
event=receive timestamp_ns=1791283608785851011 workflow=CT_SHARE run_id=23 node=U3 source=TM2 destination=TM
event=receive timestamp_ns=1791283610386962581 workflow=CT_SHARE run_id=24 node=U3 source=TM2 destination=TM
event=receive timestamp_ns=1791283611921647005 workflow=CT_SHARE run_id=25 node=U3 source=TM2 destination=TM
event=receive timestamp_ns=1791283613459760684 workflow=CT_SHARE run_id=26 node=U3 source=TM2 destination=TM
event=receive timestamp_ns=1791283614995062383 workflow=CT_SHARE run_id=27 node=U3 source=TM2 destination=TM
event=receive timestamp_ns=1791283616531211047 workflow=CT_SHARE run_id=28 node=U3 source=TM2 destination=TM
event=receive timestamp_ns=1791283618066534891 workflow=CT_SHARE run_id=29 node=U3 source=TM2 destination=TM
event=receive timestamp_ns=1791283619604217969 workflow=CT_SHARE run_id=30 node=U3 source=TM2 destination=TM
event=receive timestamp_ns=1791283621139472856 workflow=CT_SHARE run_id=31 node=U3 source=TM2 destination=TM
event=receive timestamp_ns=1791283622673924049 workflow=CT_SHARE run_id=32 node=U3 source=TM2 destination=TM
event=receive timestamp_ns=1791283624209516655 workflow=CT_SHARE run_id=33 node=U3 source=TM2 destination=TM
event=receive timestamp_ns=1791283625750402196 workflow=CT_SHARE run_id=34 node=U3 source=TM2 destination=TM
event=receive timestamp_ns=1791283627282377954 workflow=CT_SHARE run_id=35 node=U3 source=TM2 destination=TM
event=receive timestamp_ns=1791283628785711980 workflow=ARL_UPDATE run_id=1 node=U3 source=Authority destination=TM
event=receive timestamp_ns=1791283630354300999 workflow=ARL_UPDATE run_id=2 node=U3 source=Authority destination=TM
event=receive timestamp_ns=1791283631885820759 workflow=ARL_UPDATE run_id=3 node=U3 source=Authority destination=TM
event=receive timestamp_ns=1791283633426286850 workflow=ARL_UPDATE run_id=4 node=U3 source=Authority destination=TM
event=receive timestamp_ns=1791283635026104081 workflow=ARL_UPDATE run_id=5 node=U3 source=Authority destination=TM
event=receive timestamp_ns=1791283636529904828 workflow=ARL_UPDATE run_id=6 node=U3 source=Authority destination=TM
event=receive timestamp_ns=1791283638093944957 workflow=ARL_UPDATE run_id=7 node=U3 source=Authority destination=TM
event=receive timestamp_ns=1791283639696777392 workflow=ARL_UPDATE run_id=8 node=U3 source=Authority destination=TM
event=receive timestamp_ns=1791283641199881611 workflow=ARL_UPDATE run_id=9 node=U3 source=Authority destination=TM
event=receive timestamp_ns=1791283642769166099 workflow=ARL_UPDATE run_id=10 node=U3 source=Authority destination=TM
event=receive timestamp_ns=1791283644306405276 workflow=ARL_UPDATE run_id=11 node=U3 source=Authority destination=TM
event=receive timestamp_ns=1791283645841832406 workflow=ARL_UPDATE run_id=12 node=U3 source=Authority destination=TM
event=receive timestamp_ns=1791283647373013545 workflow=ARL_UPDATE run_id=13 node=U3 source=Authority destination=TM
event=receive timestamp_ns=1791283648912068124 workflow=ARL_UPDATE run_id=14 node=U3 source=Authority destination=TM
event=receive timestamp_ns=1791283650448077365 workflow=ARL_UPDATE run_id=15 node=U3 source=Authority destination=TM
event=receive timestamp_ns=1791283651982818247 workflow=ARL_UPDATE run_id=16 node=U3 source=Authority destination=TM
event=receive timestamp_ns=1791283653523549622 workflow=ARL_UPDATE run_id=17 node=U3 source=Authority destination=TM
event=receive timestamp_ns=1791283655023356930 workflow=ARL_UPDATE run_id=18 node=U3 source=Authority destination=TM
event=receive timestamp_ns=1791283656589877414 workflow=ARL_UPDATE run_id=19 node=U3 source=Authority destination=TM
event=receive timestamp_ns=1791283658129391167 workflow=ARL_UPDATE run_id=20 node=U3 source=Authority destination=TM
event=receive timestamp_ns=1791283659661671576 workflow=ARL_UPDATE run_id=21 node=U3 source=Authority destination=TM
event=receive timestamp_ns=1791283661201451103 workflow=ARL_UPDATE run_id=22 node=U3 source=Authority destination=TM
event=receive timestamp_ns=1791283662740965086 workflow=ARL_UPDATE run_id=23 node=U3 source=Authority destination=TM
event=receive timestamp_ns=1791283664277407896 workflow=ARL_UPDATE run_id=24 node=U3 source=Authority destination=TM
event=receive timestamp_ns=1791283665808430206 workflow=ARL_UPDATE run_id=25 node=U3 source=Authority destination=TM
event=receive timestamp_ns=1791283667409730127 workflow=ARL_UPDATE run_id=26 node=U3 source=Authority destination=TM
event=receive timestamp_ns=1791283668945705066 workflow=ARL_UPDATE run_id=27 node=U3 source=Authority destination=TM
event=receive timestamp_ns=1791283670481105758 workflow=ARL_UPDATE run_id=28 node=U3 source=Authority destination=TM
event=receive timestamp_ns=1791283672017515899 workflow=ARL_UPDATE run_id=29 node=U3 source=Authority destination=TM
event=receive timestamp_ns=1791283673553454875 workflow=ARL_UPDATE run_id=30 node=U3 source=Authority destination=TM
event=receive timestamp_ns=1791283675089437368 workflow=ARL_UPDATE run_id=31 node=U3 source=Authority destination=TM
event=receive timestamp_ns=1791283676622757701 workflow=ARL_UPDATE run_id=32 node=U3 source=Authority destination=TM
event=receive timestamp_ns=1791283678160306220 workflow=ARL_UPDATE run_id=33 node=U3 source=Authority destination=TM
event=receive timestamp_ns=1791283679694975329 workflow=ARL_UPDATE run_id=34 node=U3 source=Authority destination=TM
event=receive timestamp_ns=1791283681234162628 workflow=ARL_UPDATE run_id=35 node=U3 source=Authority destination=TM
event=receive timestamp_ns=1791283682766551090 workflow=ARL_UPDATE run_id=36 node=U3 source=Authority destination=TM
event=receive timestamp_ns=1791283684301997341 workflow=ARL_UPDATE run_id=37 node=U3 source=Authority destination=TM
event=receive timestamp_ns=1791283685840953634 workflow=ARL_UPDATE run_id=38 node=U3 source=Authority destination=TM
event=receive timestamp_ns=1791283687376577467 workflow=ARL_UPDATE run_id=39 node=U3 source=Authority destination=TM
event=receive timestamp_ns=1791283688912922431 workflow=ARL_UPDATE run_id=40 node=U3 source=Authority destination=TM
event=receive timestamp_ns=1791283690446865009 workflow=ARL_UPDATE run_id=41 node=U3 source=Authority destination=TM
event=receive timestamp_ns=1791283691984115626 workflow=ARL_UPDATE run_id=42 node=U3 source=Authority destination=TM
event=receive timestamp_ns=1791283693522200444 workflow=ARL_UPDATE run_id=43 node=U3 source=Authority destination=TM
event=receive timestamp_ns=1791283695057051869 workflow=ARL_UPDATE run_id=44 node=U3 source=Authority destination=TM
event=receive timestamp_ns=1791283696592834059 workflow=ARL_UPDATE run_id=45 node=U3 source=Authority destination=TM
event=receive timestamp_ns=1791283698129295721 workflow=ARL_UPDATE run_id=46 node=U3 source=Authority destination=TM
event=receive timestamp_ns=1791283699665529716 workflow=ARL_UPDATE run_id=47 node=U3 source=Authority destination=TM
event=receive timestamp_ns=1791283701200530586 workflow=ARL_UPDATE run_id=48 node=U3 source=Authority destination=TM
event=receive timestamp_ns=1791283702737852581 workflow=ARL_UPDATE run_id=49 node=U3 source=Authority destination=TM
event=receive timestamp_ns=1791283704270095174 workflow=ARL_UPDATE run_id=50 node=U3 source=Authority destination=TM
event=receive timestamp_ns=1791283705777129057 workflow=ARL_UPDATE run_id=51 node=U3 source=Authority destination=TM
event=receive timestamp_ns=1791283707345250917 workflow=ARL_UPDATE run_id=52 node=U3 source=Authority destination=TM
event=receive timestamp_ns=1791283708944810910 workflow=ARL_UPDATE run_id=53 node=U3 source=Authority destination=TM
event=receive timestamp_ns=1791283710481436119 workflow=ARL_UPDATE run_id=54 node=U3 source=Authority destination=TM
event=receive timestamp_ns=1791283712018443077 workflow=ARL_UPDATE run_id=55 node=U3 source=Authority destination=TM
event=receive timestamp_ns=1791283713552490198 workflow=ARL_UPDATE run_id=56 node=U3 source=Authority destination=TM
event=receive timestamp_ns=1791283715089006019 workflow=ARL_UPDATE run_id=57 node=U3 source=Authority destination=TM
event=receive timestamp_ns=1791283716625982526 workflow=ARL_UPDATE run_id=58 node=U3 source=Authority destination=TM
event=receive timestamp_ns=1791283718226199341 workflow=ARL_UPDATE run_id=59 node=U3 source=Authority destination=TM
event=receive timestamp_ns=1791283719760658030 workflow=ARL_UPDATE run_id=60 node=U3 source=Authority destination=TM
event=receive timestamp_ns=1791283721298402527 workflow=ARL_UPDATE run_id=61 node=U3 source=Authority destination=TM
event=receive timestamp_ns=1791283722834700131 workflow=ARL_UPDATE run_id=62 node=U3 source=Authority destination=TM
event=receive timestamp_ns=1791283724369139646 workflow=ARL_UPDATE run_id=63 node=U3 source=Authority destination=TM
event=receive timestamp_ns=1791283725905566147 workflow=ARL_UPDATE run_id=64 node=U3 source=Authority destination=TM
event=receive timestamp_ns=1791283727441370507 workflow=ARL_UPDATE run_id=65 node=U3 source=Authority destination=TM
event=receive timestamp_ns=1791283728977656051 workflow=ARL_UPDATE run_id=66 node=U3 source=Authority destination=TM
event=receive timestamp_ns=1791283730513917521 workflow=ARL_UPDATE run_id=67 node=U3 source=Authority destination=TM
event=receive timestamp_ns=1791283732050168937 workflow=ARL_UPDATE run_id=68 node=U3 source=Authority destination=TM
event=receive timestamp_ns=1791283733585198166 workflow=ARL_UPDATE run_id=69 node=U3 source=Authority destination=TM
event=receive timestamp_ns=1791283735122799570 workflow=ARL_UPDATE run_id=70 node=U3 source=Authority destination=TM
event=receive timestamp_ns=1791283737066695627 workflow=KEY_REQUEST run_id=bench_h2_key_w1 node=U3 source=TM2 destination=TM
event=receive timestamp_ns=1791283739306554023 workflow=KEY_REQUEST run_id=bench_h2_key_w2 node=U3 source=TM2 destination=TM
event=receive timestamp_ns=1791283742282693330 workflow=KEY_REQUEST run_id=bench_h2_key_w3 node=U3 source=TM2 destination=TM
event=receive timestamp_ns=1791283746730787138 workflow=KEY_REQUEST run_id=bench_h2_key_w4 node=U3 source=TM2 destination=TM
event=receive timestamp_ns=1791283748362738809 workflow=KEY_REQUEST run_id=bench_h2_key_w5 node=U3 source=TM2 destination=TM
event=receive timestamp_ns=1791283752810717153 workflow=KEY_REQUEST run_id=bench_h2_key_001 node=U3 source=TM2 destination=TM
event=receive timestamp_ns=1791283754442641065 workflow=KEY_REQUEST run_id=bench_h2_key_002 node=U3 source=TM2 destination=TM
event=receive timestamp_ns=1791283758890618160 workflow=KEY_REQUEST run_id=bench_h2_key_003 node=U3 source=TM2 destination=TM
event=receive timestamp_ns=1791283761130749497 workflow=KEY_REQUEST run_id=bench_h2_key_004 node=U3 source=TM2 destination=TM
event=receive timestamp_ns=1791283764938660752 workflow=KEY_REQUEST run_id=bench_h2_key_005 node=U3 source=TM2 destination=TM
event=receive timestamp_ns=1791283767178676046 workflow=KEY_REQUEST run_id=bench_h2_key_006 node=U3 source=TM2 destination=TM
event=receive timestamp_ns=1791283771050684413 workflow=KEY_REQUEST run_id=bench_h2_key_007 node=U3 source=TM2 destination=TM
event=receive timestamp_ns=1791283772682733434 workflow=KEY_REQUEST run_id=bench_h2_key_008 node=U3 source=TM2 destination=TM
event=receive timestamp_ns=1791283777130636873 workflow=KEY_REQUEST run_id=bench_h2_key_009 node=U3 source=TM2 destination=TM
event=receive timestamp_ns=1791283778762747006 workflow=KEY_REQUEST run_id=bench_h2_key_010 node=U3 source=TM2 destination=TM
event=receive timestamp_ns=1791283784234642875 workflow=KEY_REQUEST run_id=bench_h2_key_011 node=U3 source=TM2 destination=TM
event=receive timestamp_ns=1791283786890563171 workflow=KEY_REQUEST run_id=bench_h2_key_012 node=U3 source=TM2 destination=TM
event=receive timestamp_ns=1791283789966540940 workflow=KEY_REQUEST run_id=bench_h2_key_013 node=U3 source=TM2 destination=TM
event=receive timestamp_ns=1791283794986696287 workflow=KEY_REQUEST run_id=bench_h2_key_014 node=U3 source=TM2 destination=TM
event=receive timestamp_ns=1791283797226646642 workflow=KEY_REQUEST run_id=bench_h2_key_015 node=U3 source=TM2 destination=TM
event=receive timestamp_ns=1791283801130701632 workflow=KEY_REQUEST run_id=bench_h2_key_016 node=U3 source=TM2 destination=TM
event=receive timestamp_ns=1791283802762541092 workflow=KEY_REQUEST run_id=bench_h2_key_017 node=U3 source=TM2 destination=TM
event=receive timestamp_ns=1791283807210642109 workflow=KEY_REQUEST run_id=bench_h2_key_018 node=U3 source=TM2 destination=TM
event=receive timestamp_ns=1791283808842714220 workflow=KEY_REQUEST run_id=bench_h2_key_019 node=U3 source=TM2 destination=TM
event=receive timestamp_ns=1791283813290681185 workflow=KEY_REQUEST run_id=bench_h2_key_020 node=U3 source=TM2 destination=TM
event=receive timestamp_ns=1791283814922895124 workflow=KEY_REQUEST run_id=bench_h2_key_021 node=U3 source=TM2 destination=TM
event=receive timestamp_ns=1791283817998787093 workflow=KEY_REQUEST run_id=bench_h2_key_022 node=U3 source=TM2 destination=TM
event=receive timestamp_ns=1791283822986622917 workflow=KEY_REQUEST run_id=bench_h2_key_023 node=U3 source=TM2 destination=TM
event=receive timestamp_ns=1791283824618650725 workflow=KEY_REQUEST run_id=bench_h2_key_024 node=U3 source=TM2 destination=TM
event=receive timestamp_ns=1791283829066655290 workflow=KEY_REQUEST run_id=bench_h2_key_025 node=U3 source=TM2 destination=TM
event=receive timestamp_ns=1791283831306614985 workflow=KEY_REQUEST run_id=bench_h2_key_026 node=U3 source=TM2 destination=TM
event=receive timestamp_ns=1791283835146746555 workflow=KEY_REQUEST run_id=bench_h2_key_027 node=U3 source=TM2 destination=TM
event=receive timestamp_ns=1791283836778563362 workflow=KEY_REQUEST run_id=bench_h2_key_028 node=U3 source=TM2 destination=TM
event=receive timestamp_ns=1791283839818706295 workflow=KEY_REQUEST run_id=bench_h2_key_029 node=U3 source=TM2 destination=TM
event=receive timestamp_ns=1791283842858910078 workflow=KEY_REQUEST run_id=bench_h2_key_030 node=U3 source=TM2 destination=TM
