event=receive timestamp_ns=1791283571338871431 workflow=KEY_REQUEST run_id=bench_h2_setup node=U4 source=TM2 destination=TM
event=receive timestamp_ns=1791283575027547625 workflow=CT_SHARE run_id=1 node=U4 source=TM2 destination=TM
event=receive timestamp_ns=1791283576505104683 workflow=CT_SHARE run_id=2 node=U4 source=TM2 destination=TM
event=receive timestamp_ns=1791283578036300747 workflow=CT_SHARE run_id=3 node=U4 source=TM2 destination=TM
event=receive timestamp_ns=1791283579571993171 workflow=CT_SHARE run_id=4 node=U4 source=TM2 destination=TM
event=receive timestamp_ns=1791283581108556687 workflow=CT_SHARE run_id=5 node=U4 source=TM2 destination=TM
event=receive timestamp_ns=1791283582648533361 workflow=CT_SHARE run_id=6 node=U4 source=TM2 destination=TM
event=receive timestamp_ns=1791283584180880627 workflow=CT_SHARE run_id=7 node=U4 source=TM2 destination=TM
event=receive timestamp_ns=1791283585713722557 workflow=CT_SHARE run_id=8 node=U4 source=TM2 destination=TM
event=receive timestamp_ns=1791283587250205856 workflow=CT_SHARE run_id=9 node=U4 source=TM2 destination=TM
event=receive timestamp_ns=1791283588849971050 workflow=CT_SHARE run_id=10 node=U4 source=TM2 destination=TM
event=receive timestamp_ns=1791283590388231222 workflow=CT_SHARE run_id=11 node=U4 source=TM2 destination=TM
event=receive timestamp_ns=1791283591928304030 workflow=CT_SHARE run_id=12 node=U4 source=TM2 destination=TM
event=receive timestamp_ns=1791283593459512182 workflow=CT_SHARE run_id=13 node=U4 source=TM2 destination=TM
event=receive timestamp_ns=1791283595061312818 workflow=CT_SHARE run_id=14 node=U4 source=TM2 destination=TM
event=receive timestamp_ns=1791283596595116896 workflow=CT_SHARE run_id=15 node=U4 source=TM2 destination=TM
event=receive timestamp_ns=1791283598136554971 workflow=CT_SHARE run_id=16 node=U4 source=TM2 destination=TM
event=receive timestamp_ns=1791283599669834517 workflow=CT_SHARE run_id=17 node=U4 source=TM2 destination=TM
event=receive timestamp_ns=1791283601201319900 workflow=CT_SHARE run_id=18 node=U4 source=TM2 destination=TM
event=receive timestamp_ns=1791283602737771181 workflow=CT_SHARE run_id=19 node=U4 source=TM2 destination=TM
event=receive timestamp_ns=1791283604275817680 workflow=CT_SHARE run_id=20 node=U4 source=TM2 destination=TM
event=receive timestamp_ns=1791283605810100136 workflow=CT_SHARE run_id=21 node=U4 source=TM2 destination=TM
event=receive timestamp_ns=1791283607345587056 workflow=CT_SHARE run_id=22 node=U4 source=TM2 destination=TM
event=receive timestamp_ns=1791283608881481836 workflow=CT_SHARE run_id=23 node=U4 source=TM2 destination=TM
event=receive timestamp_ns=1791283610481837649 workflow=CT_SHARE run_id=24 node=U4 source=TM2 destination=TM
event=receive timestamp_ns=1791283612019506018 workflow=CT_SHARE run_id=25 node=U4 source=TM2 destination=TM
event=receive timestamp_ns=1791283613555242871 workflow=CT_SHARE run_id=26 node=U4 source=TM2 destination=TM
event=receive timestamp_ns=1791283615095610037 workflow=CT_SHARE run_id=27 node=U4 source=TM2 destination=TM
event=receive timestamp_ns=1791283616630085901 workflow=CT_SHARE run_id=28 node=U4 source=TM2 destination=TM
event=receive timestamp_ns=1791283618166188263 workflow=CT_SHARE run_id=29 node=U4 source=TM2 destination=TM
event=receive timestamp_ns=1791283619701883628 workflow=CT_SHARE run_id=30 node=U4 source=TM2 destination=TM
event=receive timestamp_ns=1791283621237127474 workflow=CT_SHARE run_id=31 node=U4 source=TM2 destination=TM
event=receive timestamp_ns=1791283622773839222 workflow=CT_SHARE run_id=32 node=U4 source=TM2 destination=TM
event=receive timestamp_ns=1791283624309162570 workflow=CT_SHARE run_id=33 node=U4 source=TM2 destination=TM
event=receive timestamp_ns=1791283625841702284 workflow=CT_SHARE run_id=34 node=U4 source=TM2 destination=TM
event=receive timestamp_ns=1791283627381830080 workflow=CT_SHARE run_id=35 node=U4 source=TM2 destination=TM
event=receive timestamp_ns=1791283628878407007 workflow=ARL_UPDATE run_id=1 node=U4 source=Authority destination=TM
event=receive timestamp_ns=1791283630450843260 workflow=ARL_UPDATE run_id=2 node=U4 source=Authority destination=TM
event=receive timestamp_ns=1791283631987068970 workflow=ARL_UPDATE run_id=3 node=U4 source=Authority destination=TM
event=receive timestamp_ns=1791283633521805576 workflow=ARL_UPDATE run_id=4 node=U4 source=Authority destination=TM
event=receive timestamp_ns=1791283635118966448 workflow=ARL_UPDATE run_id=5 node=U4 source=Authority destination=TM
event=receive timestamp_ns=1791283636625222922 workflow=ARL_UPDATE run_id=6 node=U4 source=Authority destination=TM
event=receive timestamp_ns=1791283638158904760 workflow=ARL_UPDATE run_id=7 node=U4 source=Authority destination=TM
event=receive timestamp_ns=1791283639793835070 workflow=ARL_UPDATE run_id=8 node=U4 source=Authority destination=TM
event=receive timestamp_ns=1791283641297406147 workflow=ARL_UPDATE run_id=9 node=U4 source=Authority destination=TM
event=receive timestamp_ns=1791283642864946665 workflow=ARL_UPDATE run_id=10 node=U4 source=Authority destination=TM
event=receive timestamp_ns=1791283644401246712 workflow=ARL_UPDATE run_id=11 node=U4 source=Authority destination=TM
event=receive timestamp_ns=1791283645901575209 workflow=ARL_UPDATE run_id=12 node=U4 source=Authority destination=TM
event=receive timestamp_ns=1791283647470516387 workflow=ARL_UPDATE run_id=13 node=U4 source=Authority destination=TM
event=receive timestamp_ns=1791283649008734331 workflow=ARL_UPDATE run_id=14 node=U4 source=Authority destination=TM
event=receive timestamp_ns=1791283650511743470 workflow=ARL_UPDATE run_id=15 node=U4 source=Authority destination=TM
event=receive timestamp_ns=1791283652080469435 workflow=ARL_UPDATE run_id=16 node=U4 source=Authority destination=TM
event=receive timestamp_ns=1791283653614801338 workflow=ARL_UPDATE run_id=17 node=U4 source=Authority destination=TM
event=receive timestamp_ns=1791283655119567096 workflow=ARL_UPDATE run_id=18 node=U4 source=Authority destination=TM
event=receive timestamp_ns=1791283656692925110 workflow=ARL_UPDATE run_id=19 node=U4 source=Authority destination=TM
event=receive timestamp_ns=1791283658222744108 workflow=ARL_UPDATE run_id=20 node=U4 source=Authority destination=TM
event=receive timestamp_ns=1791283659761456620 workflow=ARL_UPDATE run_id=21 node=U4 source=Authority destination=TM
event=receive timestamp_ns=1791283661262177711 workflow=ARL_UPDATE run_id=22 node=U4 source=Authority destination=TM
event=receive timestamp_ns=1791283662833239500 workflow=ARL_UPDATE run_id=23 node=U4 source=Authority destination=TM
event=receive timestamp_ns=1791283664369436578 workflow=ARL_UPDATE run_id=24 node=U4 source=Authority destination=TM
event=receive timestamp_ns=1791283665868962207 workflow=ARL_UPDATE run_id=25 node=U4 source=Authority destination=TM
event=receive timestamp_ns=1791283667507205526 workflow=ARL_UPDATE run_id=26 node=U4 source=Authority destination=TM
event=receive timestamp_ns=1791283669041576458 workflow=ARL_UPDATE run_id=27 node=U4 source=Authority destination=TM
event=receive timestamp_ns=1791283670574719027 workflow=ARL_UPDATE run_id=28 node=U4 source=Authority destination=TM
event=receive timestamp_ns=1791283672113303089 workflow=ARL_UPDATE run_id=29 node=U4 source=Authority destination=TM
event=receive timestamp_ns=1791283673624349705 workflow=ARL_UPDATE run_id=30 node=U4 source=Authority destination=TM
event=receive timestamp_ns=1791283675186259469 workflow=ARL_UPDATE run_id=31 node=U4 source=Authority destination=TM
event=receive timestamp_ns=1791283676688522946 workflow=ARL_UPDATE run_id=32 node=U4 source=Authority destination=TM
event=receive timestamp_ns=1791283678221094180 workflow=ARL_UPDATE run_id=33 node=U4 source=Authority destination=TM
event=receive timestamp_ns=1791283679759271257 workflow=ARL_UPDATE run_id=34 node=U4 source=Authority destination=TM
event=receive timestamp_ns=1791283681330340433 workflow=ARL_UPDATE run_id=35 node=U4 source=Authority destination=TM
event=receive timestamp_ns=1791283682865755260 workflow=ARL_UPDATE run_id=36 node=U4 source=Authority destination=TM
event=receive timestamp_ns=1791283684402103802 workflow=ARL_UPDATE run_id=37 node=U4 source=Authority destination=TM
event=receive timestamp_ns=1791283685936686183 workflow=ARL_UPDATE run_id=38 node=U4 source=Authority destination=TM
event=receive timestamp_ns=1791283687437558152 workflow=ARL_UPDATE run_id=39 node=U4 source=Authority destination=TM
event=receive timestamp_ns=1791283689010173937 workflow=ARL_UPDATE run_id=40 node=U4 source=Authority destination=TM
event=receive timestamp_ns=1791283690511962809 workflow=ARL_UPDATE run_id=41 node=U4 source=Authority destination=TM
event=receive timestamp_ns=1791283692046875204 workflow=ARL_UPDATE run_id=42 node=U4 source=Authority destination=TM
event=receive timestamp_ns=1791283693617581827 workflow=ARL_UPDATE run_id=43 node=U4 source=Authority destination=TM
event=receive timestamp_ns=1791283695153846016 workflow=ARL_UPDATE run_id=44 node=U4 source=Authority destination=TM
event=receive timestamp_ns=1791283696655379778 workflow=ARL_UPDATE run_id=45 node=U4 source=Authority destination=TM
event=receive timestamp_ns=1791283698222149627 workflow=ARL_UPDATE run_id=46 node=U4 source=Authority destination=TM
event=receive timestamp_ns=1791283699761448783 workflow=ARL_UPDATE run_id=47 node=U4 source=Authority destination=TM
event=receive timestamp_ns=1791283701301324545 workflow=ARL_UPDATE run_id=48 node=U4 source=Authority destination=TM
event=receive timestamp_ns=1791283702798589589 workflow=ARL_UPDATE run_id=49 node=U4 source=Authority destination=TM
event=receive timestamp_ns=1791283704368966631 workflow=ARL_UPDATE run_id=50 node=U4 source=Authority destination=TM
event=receive timestamp_ns=1791283705873243218 workflow=ARL_UPDATE run_id=51 node=U4 source=Authority destination=TM
event=receive timestamp_ns=1791283707445316000 workflow=ARL_UPDATE run_id=52 node=U4 source=Authority destination=TM
event=receive timestamp_ns=1791283709041433806 workflow=ARL_UPDATE run_id=53 node=U4 source=Authority destination=TM
event=receive timestamp_ns=1791283710576908750 workflow=ARL_UPDATE run_id=54 node=U4 source=Authority destination=TM
event=receive timestamp_ns=1791283712113231511 workflow=ARL_UPDATE run_id=55 node=U4 source=Authority destination=TM
event=receive timestamp_ns=1791283713649258048 workflow=ARL_UPDATE run_id=56 node=U4 source=Authority destination=TM
event=receive timestamp_ns=1791283715148987981 workflow=ARL_UPDATE run_id=57 node=U4 source=Authority destination=TM
event=receive timestamp_ns=1791283716722271733 workflow=ARL_UPDATE run_id=58 node=U4 source=Authority destination=TM
event=receive timestamp_ns=1791283718322072242 workflow=ARL_UPDATE run_id=59 node=U4 source=Authority destination=TM
event=receive timestamp_ns=1791283719860836080 workflow=ARL_UPDATE run_id=60 node=U4 source=Authority destination=TM
event=receive timestamp_ns=1791283721363004091 workflow=ARL_UPDATE run_id=61 node=U4 source=Authority destination=TM
event=receive timestamp_ns=1791283722929701919 workflow=ARL_UPDATE run_id=62 node=U4 source=Authority destination=TM
event=receive timestamp_ns=1791283724465259134 workflow=ARL_UPDATE run_id=63 node=U4 source=Authority destination=TM
event=receive timestamp_ns=1791283726002112039 workflow=ARL_UPDATE run_id=64 node=U4 source=Authority destination=TM
event=receive timestamp_ns=1791283727500704003 workflow=ARL_UPDATE run_id=65 node=U4 source=Authority destination=TM
event=receive timestamp_ns=1791283729072317083 workflow=ARL_UPDATE run_id=66 node=U4 source=Authority destination=TM
event=receive timestamp_ns=1791283730608343077 workflow=ARL_UPDATE run_id=67 node=U4 source=Authority destination=TM
event=receive timestamp_ns=1791283732110749854 workflow=ARL_UPDATE run_id=68 node=U4 source=Authority destination=TM
event=receive timestamp_ns=1791283733646367443 workflow=ARL_UPDATE run_id=69 node=U4 source=Authority destination=TM
event=receive timestamp_ns=1791283735218379958 workflow=ARL_UPDATE run_id=70 node=U4 source=Authority destination=TM
event=receive timestamp_ns=1791283737162676624 workflow=KEY_REQUEST run_id=bench_h2_key_w1 node=U4 source=TM2 destination=TM
event=receive timestamp_ns=1791283738794632831 workflow=KEY_REQUEST run_id=bench_h2_key_w2 node=U4 source=TM2 destination=TM
event=receive timestamp_ns=1791283742890763652 workflow=KEY_REQUEST run_id=bench_h2_key_w3 node=U4 source=TM2 destination=TM
event=receive timestamp_ns=1791283746826767547 workflow=KEY_REQUEST run_id=bench_h2_key_w4 node=U4 source=TM2 destination=TM
event=receive timestamp_ns=1791283748458744277 workflow=KEY_REQUEST run_id=bench_h2_key_w5 node=U4 source=TM2 destination=TM
event=receive timestamp_ns=1791283752362586873 workflow=KEY_REQUEST run_id=bench_h2_key_001 node=U4 source=TM2 destination=TM
event=receive timestamp_ns=1791283755050752842 workflow=KEY_REQUEST run_id=bench_h2_key_002 node=U4 source=TM2 destination=TM
event=receive timestamp_ns=1791283758954636723 workflow=KEY_REQUEST run_id=bench_h2_key_003 node=U4 source=TM2 destination=TM
event=receive timestamp_ns=1791283761202657264 workflow=KEY_REQUEST run_id=bench_h2_key_004 node=U4 source=TM2 destination=TM
event=receive timestamp_ns=1791283765034638506 workflow=KEY_REQUEST run_id=bench_h2_key_005 node=U4 source=TM2 destination=TM
event=receive timestamp_ns=1791283767274469196 workflow=KEY_REQUEST run_id=bench_h2_key_006 node=U4 source=TM2 destination=TM
event=receive timestamp_ns=1791283771114650153 workflow=KEY_REQUEST run_id=bench_h2_key_007 node=U4 source=TM2 destination=TM
event=receive timestamp_ns=1791283773354615508 workflow=KEY_REQUEST run_id=bench_h2_key_008 node=U4 source=TM2 destination=TM
event=receive timestamp_ns=1791283777226689145 workflow=KEY_REQUEST run_id=bench_h2_key_009 node=U4 source=TM2 destination=TM
event=receive timestamp_ns=1791283778858794221 workflow=KEY_REQUEST run_id=bench_h2_key_010 node=U4 source=TM2 destination=TM
event=receive timestamp_ns=1791283784330527395 workflow=KEY_REQUEST run_id=bench_h2_key_011 node=U4 source=TM2 destination=TM
event=receive timestamp_ns=1791283786986667964 workflow=KEY_REQUEST run_id=bench_h2_key_012 node=U4 source=TM2 destination=TM
event=receive timestamp_ns=1791283790062723445 workflow=KEY_REQUEST run_id=bench_h2_key_013 node=U4 source=TM2 destination=TM
event=receive timestamp_ns=1791283795050682260 workflow=KEY_REQUEST run_id=bench_h2_key_014 node=U4 source=TM2 destination=TM
event=receive timestamp_ns=1791283797294875422 workflow=KEY_REQUEST run_id=bench_h2_key_015 node=U4 source=TM2 destination=TM
event=receive timestamp_ns=1791283801226541675 workflow=KEY_REQUEST run_id=bench_h2_key_016 node=U4 source=TM2 destination=TM
event=receive timestamp_ns=1791283802858837241 workflow=KEY_REQUEST run_id=bench_h2_key_017 node=U4 source=TM2 destination=TM
event=receive timestamp_ns=1791283807274661495 workflow=KEY_REQUEST run_id=bench_h2_key_018 node=U4 source=TM2 destination=TM
event=receive timestamp_ns=1791283809514627704 workflow=KEY_REQUEST run_id=bench_h2_key_019 node=U4 source=TM2 destination=TM
event=receive timestamp_ns=1791283813354535748 workflow=KEY_REQUEST run_id=bench_h2_key_020 node=U4 source=TM2 destination=TM
event=receive timestamp_ns=1791283815594739776 workflow=KEY_REQUEST run_id=bench_h2_key_021 node=U4 source=TM2 destination=TM
event=receive timestamp_ns=1791283819498750425 workflow=KEY_REQUEST run_id=bench_h2_key_022 node=U4 source=TM2 destination=TM
event=receive timestamp_ns=1791283822538745001 workflow=KEY_REQUEST run_id=bench_h2_key_023 node=U4 source=TM2 destination=TM
event=receive timestamp_ns=1791283825226448059 workflow=KEY_REQUEST run_id=bench_h2_key_024 node=U4 source=TM2 destination=TM
event=receive timestamp_ns=1791283829162713808 workflow=KEY_REQUEST run_id=bench_h2_key_025 node=U4 source=TM2 destination=TM
event=receive timestamp_ns=1791283830794675602 workflow=KEY_REQUEST run_id=bench_h2_key_026 node=U4 source=TM2 destination=TM
event=receive timestamp_ns=1791283833834728870 workflow=KEY_REQUEST run_id=bench_h2_key_027 node=U4 source=TM2 destination=TM
event=receive timestamp_ns=1791283836874627449 workflow=KEY_REQUEST run_id=bench_h2_key_028 node=U4 source=TM2 destination=TM
event=receive timestamp_ns=1791283841326744693 workflow=KEY_REQUEST run_id=bench_h2_key_029 node=U4 source=TM2 destination=TM
event=receive timestamp_ns=1791283842954921928 workflow=KEY_REQUEST run_id=bench_h2_key_030 node=U4 source=TM2 destination=TM
