event=receive timestamp_ns=1791283571438715518 workflow=KEY_REQUEST run_id=bench_h2_setup node=U5 source=TM2 destination=TM
event=receive timestamp_ns=1791283575089270996 workflow=CT_SHARE run_id=1 node=U5 source=TM2 destination=TM
event=receive timestamp_ns=1791283576562141456 workflow=CT_SHARE run_id=2 node=U5 source=TM2 destination=TM
event=receive timestamp_ns=1791283578130865613 workflow=CT_SHARE run_id=3 node=U5 source=TM2 destination=TM
event=receive timestamp_ns=1791283579670428633 workflow=CT_SHARE run_id=4 node=U5 source=TM2 destination=TM
event=receive timestamp_ns=1791283581205040463 workflow=CT_SHARE run_id=5 node=U5 source=TM2 destination=TM
event=receive timestamp_ns=1791283582741751705 workflow=CT_SHARE run_id=6 node=U5 source=TM2 destination=TM
event=receive timestamp_ns=1791283584274238285 workflow=CT_SHARE run_id=7 node=U5 source=TM2 destination=TM
event=receive timestamp_ns=1791283585811616548 workflow=CT_SHARE run_id=8 node=U5 source=TM2 destination=TM
event=receive timestamp_ns=1791283587347977370 workflow=CT_SHARE run_id=9 node=U5 source=TM2 destination=TM
event=receive timestamp_ns=1791283588952627010 workflow=CT_SHARE run_id=10 node=U5 source=TM2 destination=TM
event=receive timestamp_ns=1791283590486507880 workflow=CT_SHARE run_id=11 node=U5 source=TM2 destination=TM
event=receive timestamp_ns=1791283592018576476 workflow=CT_SHARE run_id=12 node=U5 source=TM2 destination=TM
event=receive timestamp_ns=1791283593563102172 workflow=CT_SHARE run_id=13 node=U5 source=TM2 destination=TM
event=receive timestamp_ns=1791283595156729887 workflow=CT_SHARE run_id=14 node=U5 source=TM2 destination=TM
event=receive timestamp_ns=1791283596658371963 workflow=CT_SHARE run_id=15 node=U5 source=TM2 destination=TM
event=receive timestamp_ns=1791283598228979801 workflow=CT_SHARE run_id=16 node=U5 source=TM2 destination=TM
event=receive timestamp_ns=1791283599763888342 workflow=CT_SHARE run_id=17 node=U5 source=TM2 destination=TM
event=receive timestamp_ns=1791283601298717636 workflow=CT_SHARE run_id=18 node=U5 source=TM2 destination=TM
event=receive timestamp_ns=1791283602834910230 workflow=CT_SHARE run_id=19 node=U5 source=TM2 destination=TM
event=receive timestamp_ns=1791283604369510911 workflow=CT_SHARE run_id=20 node=U5 source=TM2 destination=TM
event=receive timestamp_ns=1791283605908773786 workflow=CT_SHARE run_id=21 node=U5 source=TM2 destination=TM
event=receive timestamp_ns=1791283607411181573 workflow=CT_SHARE run_id=22 node=U5 source=TM2 destination=TM
event=receive timestamp_ns=1791283608979960506 workflow=CT_SHARE run_id=23 node=U5 source=TM2 destination=TM
event=receive timestamp_ns=1791283610580984334 workflow=CT_SHARE run_id=24 node=U5 source=TM2 destination=TM
event=receive timestamp_ns=1791283612113241297 workflow=CT_SHARE run_id=25 node=U5 source=TM2 destination=TM
event=receive timestamp_ns=1791283613652481755 workflow=CT_SHARE run_id=26 node=U5 source=TM2 destination=TM
event=receive timestamp_ns=1791283615191266780 workflow=CT_SHARE run_id=27 node=U5 source=TM2 destination=TM
event=receive timestamp_ns=1791283616725939179 workflow=CT_SHARE run_id=28 node=U5 source=TM2 destination=TM
event=receive timestamp_ns=1791283618261597745 workflow=CT_SHARE run_id=29 node=U5 source=TM2 destination=TM
event=receive timestamp_ns=1791283619766203710 workflow=CT_SHARE run_id=30 node=U5 source=TM2 destination=TM
event=receive timestamp_ns=1791283621333421412 workflow=CT_SHARE run_id=31 node=U5 source=TM2 destination=TM
event=receive timestamp_ns=1791283622867534737 workflow=CT_SHARE run_id=32 node=U5 source=TM2 destination=TM
event=receive timestamp_ns=1791283624407440280 workflow=CT_SHARE run_id=33 node=U5 source=TM2 destination=TM
event=receive timestamp_ns=1791283625907294365 workflow=CT_SHARE run_id=34 node=U5 source=TM2 destination=TM
event=receive timestamp_ns=1791283627477058418 workflow=CT_SHARE run_id=35 node=U5 source=TM2 destination=TM
event=receive timestamp_ns=1791283628944347205 workflow=ARL_UPDATE run_id=1 node=U5 source=Authority destination=TM
event=receive timestamp_ns=1791283630510269769 workflow=ARL_UPDATE run_id=2 node=U5 source=Authority destination=TM
event=receive timestamp_ns=1791283632048081553 workflow=ARL_UPDATE run_id=3 node=U5 source=Authority destination=TM
event=receive timestamp_ns=1791283633582430887 workflow=ARL_UPDATE run_id=4 node=U5 source=Authority destination=TM
event=receive timestamp_ns=1791283635184221596 workflow=ARL_UPDATE run_id=5 node=U5 source=Authority destination=TM
event=receive timestamp_ns=1791283636725543923 workflow=ARL_UPDATE run_id=6 node=U5 source=Authority destination=TM
event=receive timestamp_ns=1791283638258036924 workflow=ARL_UPDATE run_id=7 node=U5 source=Authority destination=TM
event=receive timestamp_ns=1791283639889026795 workflow=ARL_UPDATE run_id=8 node=U5 source=Authority destination=TM
event=receive timestamp_ns=1791283641393873462 workflow=ARL_UPDATE run_id=9 node=U5 source=Authority destination=TM
event=receive timestamp_ns=1791283642961627003 workflow=ARL_UPDATE run_id=10 node=U5 source=Authority destination=TM
event=receive timestamp_ns=1791283644462532596 workflow=ARL_UPDATE run_id=11 node=U5 source=Authority destination=TM
event=receive timestamp_ns=1791283646001649362 workflow=ARL_UPDATE run_id=12 node=U5 source=Authority destination=TM
event=receive timestamp_ns=1791283647535747432 workflow=ARL_UPDATE run_id=13 node=U5 source=Authority destination=TM
event=receive timestamp_ns=1791283649105741309 workflow=ARL_UPDATE run_id=14 node=U5 source=Authority destination=TM
event=receive timestamp_ns=1791283650606773380 workflow=ARL_UPDATE run_id=15 node=U5 source=Authority destination=TM
event=receive timestamp_ns=1791283652143037336 workflow=ARL_UPDATE run_id=16 node=U5 source=Authority destination=TM
event=receive timestamp_ns=1791283653679121053 workflow=ARL_UPDATE run_id=17 node=U5 source=Authority destination=TM
event=receive timestamp_ns=1791283655214663853 workflow=ARL_UPDATE run_id=18 node=U5 source=Authority destination=TM
event=receive timestamp_ns=1791283656784730545 workflow=ARL_UPDATE run_id=19 node=U5 source=Authority destination=TM
event=receive timestamp_ns=1791283658286426215 workflow=ARL_UPDATE run_id=20 node=U5 source=Authority destination=TM
event=receive timestamp_ns=1791283659857541563 workflow=ARL_UPDATE run_id=21 node=U5 source=Authority destination=TM
event=receive timestamp_ns=1791283661360739772 workflow=ARL_UPDATE run_id=22 node=U5 source=Authority destination=TM
event=receive timestamp_ns=1791283662929256359 workflow=ARL_UPDATE run_id=23 node=U5 source=Authority destination=TM
event=receive timestamp_ns=1791283664434855153 workflow=ARL_UPDATE run_id=24 node=U5 source=Authority destination=TM
event=receive timestamp_ns=1791283665973082055 workflow=ARL_UPDATE run_id=25 node=U5 source=Authority destination=TM
event=receive timestamp_ns=1791283667600915420 workflow=ARL_UPDATE run_id=26 node=U5 source=Authority destination=TM
event=receive timestamp_ns=1791283669137576958 workflow=ARL_UPDATE run_id=27 node=U5 source=Authority destination=TM
event=receive timestamp_ns=1791283670673756345 workflow=ARL_UPDATE run_id=28 node=U5 source=Authority destination=TM
event=receive timestamp_ns=1791283672206592403 workflow=ARL_UPDATE run_id=29 node=U5 source=Authority destination=TM
event=receive timestamp_ns=1791283673712861321 workflow=ARL_UPDATE run_id=30 node=U5 source=Authority destination=TM
event=receive timestamp_ns=1791283675245750725 workflow=ARL_UPDATE run_id=31 node=U5 source=Authority destination=TM
event=receive timestamp_ns=1791283676785395765 workflow=ARL_UPDATE run_id=32 node=U5 source=Authority destination=TM
event=receive timestamp_ns=1791283678322420377 workflow=ARL_UPDATE run_id=33 node=U5 source=Authority destination=TM
event=receive timestamp_ns=1791283679856774895 workflow=ARL_UPDATE run_id=34 node=U5 source=Authority destination=TM
event=receive timestamp_ns=1791283681389203106 workflow=ARL_UPDATE run_id=35 node=U5 source=Authority destination=TM
event=receive timestamp_ns=1791283682925239509 workflow=ARL_UPDATE run_id=36 node=U5 source=Authority destination=TM
event=receive timestamp_ns=1791283684497068827 workflow=ARL_UPDATE run_id=37 node=U5 source=Authority destination=TM
event=receive timestamp_ns=1791283685997195605 workflow=ARL_UPDATE run_id=38 node=U5 source=Authority destination=TM
event=receive timestamp_ns=1791283687537393582 workflow=ARL_UPDATE run_id=39 node=U5 source=Authority destination=TM
event=receive timestamp_ns=1791283689070806233 workflow=ARL_UPDATE run_id=40 node=U5 source=Authority destination=TM
event=receive timestamp_ns=1791283690613641989 workflow=ARL_UPDATE run_id=41 node=U5 source=Authority destination=TM
event=receive timestamp_ns=1791283692144659366 workflow=ARL_UPDATE run_id=42 node=U5 source=Authority destination=TM
event=receive timestamp_ns=1791283693710459291 workflow=ARL_UPDATE run_id=43 node=U5 source=Authority destination=TM
event=receive timestamp_ns=1791283695249113079 workflow=ARL_UPDATE run_id=44 node=U5 source=Authority destination=TM
event=receive timestamp_ns=1791283696754401544 workflow=ARL_UPDATE run_id=45 node=U5 source=Authority destination=TM
event=receive timestamp_ns=1791283698321750040 workflow=ARL_UPDATE run_id=46 node=U5 source=Authority destination=TM
event=receive timestamp_ns=1791283699822913280 workflow=ARL_UPDATE run_id=47 node=U5 source=Authority destination=TM
event=receive timestamp_ns=1791283701393802469 workflow=ARL_UPDATE run_id=48 node=U5 source=Authority destination=TM
event=receive timestamp_ns=1791283702896774447 workflow=ARL_UPDATE run_id=49 node=U5 source=Authority destination=TM
event=receive timestamp_ns=1791283704430258664 workflow=ARL_UPDATE run_id=50 node=U5 source=Authority destination=TM
event=receive timestamp_ns=1791283705969145000 workflow=ARL_UPDATE run_id=51 node=U5 source=Authority destination=TM
event=receive timestamp_ns=1791283707501827837 workflow=ARL_UPDATE run_id=52 node=U5 source=Authority destination=TM
event=receive timestamp_ns=1791283709101843981 workflow=ARL_UPDATE run_id=53 node=U5 source=Authority destination=TM
event=receive timestamp_ns=1791283710638197495 workflow=ARL_UPDATE run_id=54 node=U5 source=Authority destination=TM
event=receive timestamp_ns=1791283712213033118 workflow=ARL_UPDATE run_id=55 node=U5 source=Authority destination=TM
event=receive timestamp_ns=1791283713744648868 workflow=ARL_UPDATE run_id=56 node=U5 source=Authority destination=TM
event=receive timestamp_ns=1791283715249373884 workflow=ARL_UPDATE run_id=57 node=U5 source=Authority destination=TM
event=receive timestamp_ns=1791283716785477488 workflow=ARL_UPDATE run_id=58 node=U5 source=Authority destination=TM
event=receive timestamp_ns=1791283718382765310 workflow=ARL_UPDATE run_id=59 node=U5 source=Authority destination=TM
event=receive timestamp_ns=1791283719953663990 workflow=ARL_UPDATE run_id=60 node=U5 source=Authority destination=TM
event=receive timestamp_ns=1791283721456102187 workflow=ARL_UPDATE run_id=61 node=U5 source=Authority destination=TM
event=receive timestamp_ns=1791283723025370351 workflow=ARL_UPDATE run_id=62 node=U5 source=Authority destination=TM
event=receive timestamp_ns=1791283724561579718 workflow=ARL_UPDATE run_id=63 node=U5 source=Authority destination=TM
event=receive timestamp_ns=1791283726061970354 workflow=ARL_UPDATE run_id=64 node=U5 source=Authority destination=TM
event=receive timestamp_ns=1791283727598998622 workflow=ARL_UPDATE run_id=65 node=U5 source=Authority destination=TM
event=receive timestamp_ns=1791283729133562173 workflow=ARL_UPDATE run_id=66 node=U5 source=Authority destination=TM
event=receive timestamp_ns=1791283730704616928 workflow=ARL_UPDATE run_id=67 node=U5 source=Authority destination=TM
event=receive timestamp_ns=1791283732209272528 workflow=ARL_UPDATE run_id=68 node=U5 source=Authority destination=TM
event=receive timestamp_ns=1791283733746008187 workflow=ARL_UPDATE run_id=69 node=U5 source=Authority destination=TM
event=receive timestamp_ns=1791283735277693387 workflow=ARL_UPDATE run_id=70 node=U5 source=Authority destination=TM
event=receive timestamp_ns=1791283737258729597 workflow=KEY_REQUEST run_id=bench_h2_key_w1 node=U5 source=TM2 destination=TM
event=receive timestamp_ns=1791283738890716978 workflow=KEY_REQUEST run_id=bench_h2_key_w2 node=U5 source=TM2 destination=TM
event=receive timestamp_ns=1791283743050788521 workflow=KEY_REQUEST run_id=bench_h2_key_w3 node=U5 source=TM2 destination=TM
event=receive timestamp_ns=1791283746922812880 workflow=KEY_REQUEST run_id=bench_h2_key_w4 node=U5 source=TM2 destination=TM
event=receive timestamp_ns=1791283748554872256 workflow=KEY_REQUEST run_id=bench_h2_key_w5 node=U5 source=TM2 destination=TM
event=receive timestamp_ns=1791283752458713121 workflow=KEY_REQUEST run_id=bench_h2_key_001 node=U5 source=TM2 destination=TM
event=receive timestamp_ns=1791283755146495108 workflow=KEY_REQUEST run_id=bench_h2_key_002 node=U5 source=TM2 destination=TM
event=receive timestamp_ns=1791283759050596166 workflow=KEY_REQUEST run_id=bench_h2_key_003 node=U5 source=TM2 destination=TM
event=receive timestamp_ns=1791283761290759312 workflow=KEY_REQUEST run_id=bench_h2_key_004 node=U5 source=TM2 destination=TM
event=receive timestamp_ns=1791283765130770046 workflow=KEY_REQUEST run_id=bench_h2_key_005 node=U5 source=TM2 destination=TM
event=receive timestamp_ns=1791283767374734709 workflow=KEY_REQUEST run_id=bench_h2_key_006 node=U5 source=TM2 destination=TM
event=receive timestamp_ns=1791283771210704467 workflow=KEY_REQUEST run_id=bench_h2_key_007 node=U5 source=TM2 destination=TM
event=receive timestamp_ns=1791283773450662932 workflow=KEY_REQUEST run_id=bench_h2_key_008 node=U5 source=TM2 destination=TM
event=receive timestamp_ns=1791283776778686439 workflow=KEY_REQUEST run_id=bench_h2_key_009 node=U5 source=TM2 destination=TM
event=receive timestamp_ns=1791283779466728127 workflow=KEY_REQUEST run_id=bench_h2_key_010 node=U5 source=TM2 destination=TM
event=receive timestamp_ns=1791283783886667768 workflow=KEY_REQUEST run_id=bench_h2_key_011 node=U5 source=TM2 destination=TM
event=receive timestamp_ns=1791283787598765869 workflow=KEY_REQUEST run_id=bench_h2_key_012 node=U5 source=TM2 destination=TM
event=receive timestamp_ns=1791283791050637308 workflow=KEY_REQUEST run_id=bench_h2_key_013 node=U5 source=TM2 destination=TM
event=receive timestamp_ns=1791283793770662382 workflow=KEY_REQUEST run_id=bench_h2_key_014 node=U5 source=TM2 destination=TM
event=receive timestamp_ns=1791283796842942932 workflow=KEY_REQUEST run_id=bench_h2_key_015 node=U5 source=TM2 destination=TM
event=receive timestamp_ns=1791283799914702255 workflow=KEY_REQUEST run_id=bench_h2_key_016 node=U5 source=TM2 destination=TM
event=receive timestamp_ns=1791283802954553099 workflow=KEY_REQUEST run_id=bench_h2_key_017 node=U5 source=TM2 destination=TM
event=receive timestamp_ns=1791283806862607634 workflow=KEY_REQUEST run_id=bench_h2_key_018 node=U5 source=TM2 destination=TM
event=receive timestamp_ns=1791283809546829160 workflow=KEY_REQUEST run_id=bench_h2_key_019 node=U5 source=TM2 destination=TM
event=receive timestamp_ns=1791283813450642026 workflow=KEY_REQUEST run_id=bench_h2_key_020 node=U5 source=TM2 destination=TM
event=receive timestamp_ns=1791283815694444699 workflow=KEY_REQUEST run_id=bench_h2_key_021 node=U5 source=TM2 destination=TM
event=receive timestamp_ns=1791283819054675826 workflow=KEY_REQUEST run_id=bench_h2_key_022 node=U5 source=TM2 destination=TM
event=receive timestamp_ns=1791283821770727223 workflow=KEY_REQUEST run_id=bench_h2_key_023 node=U5 source=TM2 destination=TM
event=receive timestamp_ns=1791283825386647623 workflow=KEY_REQUEST run_id=bench_h2_key_024 node=U5 source=TM2 destination=TM
event=receive timestamp_ns=1791283827850688375 workflow=KEY_REQUEST run_id=bench_h2_key_025 node=U5 source=TM2 destination=TM
event=receive timestamp_ns=1791283831406618397 workflow=KEY_REQUEST run_id=bench_h2_key_026 node=U5 source=TM2 destination=TM
event=receive timestamp_ns=1791283834794739163 workflow=KEY_REQUEST run_id=bench_h2_key_027 node=U5 source=TM2 destination=TM
event=receive timestamp_ns=1791283837482452346 workflow=KEY_REQUEST run_id=bench_h2_key_028 node=U5 source=TM2 destination=TM
event=receive timestamp_ns=1791283841418493067 workflow=KEY_REQUEST run_id=bench_h2_key_029 node=U5 source=TM2 destination=TM
event=receive timestamp_ns=1791283843051040669 workflow=KEY_REQUEST run_id=bench_h2_key_030 node=U5 source=TM2 destination=TM
