event=send timestamp_ns=1791218251577720467 workflow=KEY_REQUEST run_id=bench_h1_setup node=U1 source=TM1 destination=TM
event=key_latency timestamp_ns=1791218253828582843 workflow=KEY_REQUEST_RESPONSE run_id=bench_h1_setup node=U1 duration_ns=2250865337
event=receive timestamp_ns=1791218253817549225 workflow=KEY_RESPONSE run_id=bench_h1_setup node=U1 source=Authority destination=bench_h1_setup
event=send timestamp_ns=1791218253927428322 workflow=CT_SHARE run_id=1 node=U1 source=TM1 destination=TM
event=send timestamp_ns=1791218254681570435 workflow=CT_SHARE run_id=2 node=U1 source=TM1 destination=TM
event=send timestamp_ns=1791218256218331001 workflow=CT_SHARE run_id=3 node=U1 source=TM1 destination=TM
event=send timestamp_ns=1791218257829390931 workflow=CT_SHARE run_id=4 node=U1 source=TM1 destination=TM
event=send timestamp_ns=1791218259359198136 workflow=CT_SHARE run_id=5 node=U1 source=TM1 destination=TM
event=send timestamp_ns=1791218260895139644 workflow=CT_SHARE run_id=6 node=U1 source=TM1 destination=TM
event=send timestamp_ns=1791218262432596738 workflow=CT_SHARE run_id=7 node=U1 source=TM1 destination=TM
event=send timestamp_ns=1791218264032656114 workflow=CT_SHARE run_id=8 node=U1 source=TM1 destination=TM
event=send timestamp_ns=1791218265570048717 workflow=CT_SHARE run_id=9 node=U1 source=TM1 destination=TM
event=send timestamp_ns=1791218267103897684 workflow=CT_SHARE run_id=10 node=U1 source=TM1 destination=TM
event=send timestamp_ns=1791218268644451443 workflow=CT_SHARE run_id=11 node=U1 source=TM1 destination=TM
event=send timestamp_ns=1791218270175850577 workflow=CT_SHARE run_id=12 node=U1 source=TM1 destination=TM
event=send timestamp_ns=1791218271716287894 workflow=CT_SHARE run_id=13 node=U1 source=TM1 destination=TM
event=send timestamp_ns=1791218273245439743 workflow=CT_SHARE run_id=14 node=U1 source=TM1 destination=TM
event=send timestamp_ns=1791218274787693543 workflow=CT_SHARE run_id=15 node=U1 source=TM1 destination=TM
event=send timestamp_ns=1791218276320334315 workflow=CT_SHARE run_id=16 node=U1 source=TM1 destination=TM
event=send timestamp_ns=1791218277858540130 workflow=CT_SHARE run_id=17 node=U1 source=TM1 destination=TM
event=send timestamp_ns=1791218279391349387 workflow=CT_SHARE run_id=18 node=U1 source=TM1 destination=TM
event=send timestamp_ns=1791218281006671020 workflow=CT_SHARE run_id=19 node=U1 source=TM1 destination=TM
event=send timestamp_ns=1791218282530496282 workflow=CT_SHARE run_id=20 node=U1 source=TM1 destination=TM
event=send timestamp_ns=1791218284063726958 workflow=CT_SHARE run_id=21 node=U1 source=TM1 destination=TM
event=send timestamp_ns=1791218285599921753 workflow=CT_SHARE run_id=22 node=U1 source=TM1 destination=TM
event=send timestamp_ns=1791218287140606651 workflow=CT_SHARE run_id=23 node=U1 source=TM1 destination=TM
event=send timestamp_ns=1791218288668355765 workflow=CT_SHARE run_id=24 node=U1 source=TM1 destination=TM
event=send timestamp_ns=1791218290208662300 workflow=CT_SHARE run_id=25 node=U1 source=TM1 destination=TM
event=send timestamp_ns=1791218291741628359 workflow=CT_SHARE run_id=26 node=U1 source=TM1 destination=TM
event=send timestamp_ns=1791218293278847673 workflow=CT_SHARE run_id=27 node=U1 source=TM1 destination=TM
event=send timestamp_ns=1791218294816371225 workflow=CT_SHARE run_id=28 node=U1 source=TM1 destination=TM
event=send timestamp_ns=1791218296354886152 workflow=CT_SHARE run_id=29 node=U1 source=TM1 destination=TM
event=send timestamp_ns=1791218297885637147 workflow=CT_SHARE run_id=30 node=U1 source=TM1 destination=TM
event=send timestamp_ns=1791218299423441571 workflow=CT_SHARE run_id=31 node=U1 source=TM1 destination=TM
event=send timestamp_ns=1791218300962312511 workflow=CT_SHARE run_id=32 node=U1 source=TM1 destination=TM
event=send timestamp_ns=1791218302501686721 workflow=CT_SHARE run_id=33 node=U1 source=TM1 destination=TM
event=send timestamp_ns=1791218304034178629 workflow=CT_SHARE run_id=34 node=U1 source=TM1 destination=TM
event=send timestamp_ns=1791218305570868177 workflow=CT_SHARE run_id=35 node=U1 source=TM1 destination=TM
event=receive timestamp_ns=1791218309241587212 workflow=ARL_UPDATE run_id=1 node=U1 source=Authority destination=TM
event=receive timestamp_ns=1791218310777732340 workflow=ARL_UPDATE run_id=2 node=U1 source=Authority destination=TM
event=receive timestamp_ns=1791218312313827967 workflow=ARL_UPDATE run_id=3 node=U1 source=Authority destination=TM
event=receive timestamp_ns=1791218313881869862 workflow=ARL_UPDATE run_id=4 node=U1 source=Authority destination=TM
event=receive timestamp_ns=1791218315385597385 workflow=ARL_UPDATE run_id=5 node=U1 source=Authority destination=TM
event=receive timestamp_ns=1791218316921536039 workflow=ARL_UPDATE run_id=6 node=U1 source=Authority destination=TM
event=receive timestamp_ns=1791218318457852575 workflow=ARL_UPDATE run_id=7 node=U1 source=Authority destination=TM
event=receive timestamp_ns=1791218319993623015 workflow=ARL_UPDATE run_id=8 node=U1 source=Authority destination=TM
event=receive timestamp_ns=1791218321561780207 workflow=ARL_UPDATE run_id=9 node=U1 source=Authority destination=TM
event=receive timestamp_ns=1791218323065800032 workflow=ARL_UPDATE run_id=10 node=U1 source=Authority destination=TM
event=receive timestamp_ns=1791218324601555912 workflow=ARL_UPDATE run_id=11 node=U1 source=Authority destination=TM
event=receive timestamp_ns=1791218326137854629 workflow=ARL_UPDATE run_id=12 node=U1 source=Authority destination=TM
event=receive timestamp_ns=1791218327677683452 workflow=ARL_UPDATE run_id=13 node=U1 source=Authority destination=TM
event=receive timestamp_ns=1791218329209591345 workflow=ARL_UPDATE run_id=14 node=U1 source=Authority destination=TM
event=receive timestamp_ns=1791218330745659180 workflow=ARL_UPDATE run_id=15 node=U1 source=Authority destination=TM
event=receive timestamp_ns=1791218332285753413 workflow=ARL_UPDATE run_id=16 node=U1 source=Authority destination=TM
event=receive timestamp_ns=1791218333817431088 workflow=ARL_UPDATE run_id=17 node=U1 source=Authority destination=TM
event=receive timestamp_ns=1791218335353348676 workflow=ARL_UPDATE run_id=18 node=U1 source=Authority destination=TM
event=receive timestamp_ns=1791218336889598494 workflow=ARL_UPDATE run_id=19 node=U1 source=Authority destination=TM
event=receive timestamp_ns=1791218338425620694 workflow=ARL_UPDATE run_id=20 node=U1 source=Authority destination=TM
event=receive timestamp_ns=1791218339962021358 workflow=ARL_UPDATE run_id=21 node=U1 source=Authority destination=TM
