event=send timestamp_ns=1791287729185957408 workflow=KEY_REQUEST run_id=bench_h10_setup node=U10 source=TM10 destination=TM
event=key_latency timestamp_ns=1791287733193240535 workflow=KEY_REQUEST_RESPONSE run_id=bench_h10_setup node=U10 duration_ns=4007276162
event=receive timestamp_ns=1791287733193263037 workflow=KEY_RESPONSE run_id=bench_h10_setup node=U10 source=Authority destination=bench_h10_setup
event=send timestamp_ns=1791287733364668735 workflow=CT_SHARE run_id=1 node=U10 source=TM10 destination=TM
event=send timestamp_ns=1791287736077377309 workflow=CT_SHARE run_id=2 node=U10 source=TM10 destination=TM
event=send timestamp_ns=1791287738536287139 workflow=CT_SHARE run_id=3 node=U10 source=TM10 destination=TM
event=receive timestamp_ns=1791287741542038890 workflow=ARL_UPDATE run_id=1 node=U10 source=Authority destination=TM
event=receive timestamp_ns=1791287743109073755 workflow=ARL_UPDATE run_id=2 node=U10 source=Authority destination=TM
event=receive timestamp_ns=1791287744677989325 workflow=ARL_UPDATE run_id=3 node=U10 source=Authority destination=TM
event=receive timestamp_ns=1791287746213116845 workflow=ARL_UPDATE run_id=4 node=U10 source=Authority destination=TM
event=receive timestamp_ns=1791287747750572817 workflow=ARL_UPDATE run_id=5 node=U10 source=Authority destination=TM
event=receive timestamp_ns=1791287749285554341 workflow=ARL_UPDATE run_id=6 node=U10 source=Authority destination=TM
event=send timestamp_ns=1791287749854074995 workflow=KEY_REQUEST run_id=bench_h10_key_w1 node=U10 source=TM10 destination=TM
event=key_latency timestamp_ns=1791287753870863590 workflow=KEY_REQUEST_RESPONSE run_id=bench_h10_key_w1 node=U10 duration_ns=4016786742
event=receive timestamp_ns=1791287753870876157 workflow=KEY_RESPONSE run_id=bench_h10_key_w1 node=U10 source=Authority destination=bench_h10_key_w1
event=send timestamp_ns=1791287755517821449 workflow=KEY_REQUEST run_id=bench_h10_key_001 node=U10 source=TM10 destination=TM
event=key_latency timestamp_ns=1791287759530124449 workflow=KEY_REQUEST_RESPONSE run_id=bench_h10_key_001 node=U10 duration_ns=4012301045
event=receive timestamp_ns=1791287759530138800 workflow=KEY_RESPONSE run_id=bench_h10_key_001 node=U10 source=Authority destination=bench_h10_key_001
event=send timestamp_ns=1791287761182026678 workflow=KEY_REQUEST run_id=bench_h10_key_002 node=U10 source=TM10 destination=TM
event=key_latency timestamp_ns=1791287765198788730 workflow=KEY_REQUEST_RESPONSE run_id=bench_h10_key_002 node=U10 duration_ns=4016759452
event=receive timestamp_ns=1791287765198809692 workflow=KEY_RESPONSE run_id=bench_h10_key_002 node=U10 source=Authority destination=bench_h10_key_002
