event=send timestamp_ns=1791282401108162189 workflow=KEY_RESPONSE run_id=bench_h4_setup node=Authority source=Authority destination=bench_h4_setup
event=receive timestamp_ns=1791282402154600025 workflow=KEY_REQUEST run_id=bench_h4_setup node=Authority source=TM4 destination=TM
event=receive timestamp_ns=1791282405756076571 workflow=CT_SHARE run_id=1 node=Authority source=TM4 destination=TM
event=receive timestamp_ns=1791282407331847688 workflow=CT_SHARE run_id=2 node=Authority source=TM4 destination=TM
event=receive timestamp_ns=1791282408901775894 workflow=CT_SHARE run_id=3 node=Authority source=TM4 destination=TM
event=receive timestamp_ns=1791282410461760963 workflow=CT_SHARE run_id=4 node=Authority source=TM4 destination=TM
event=receive timestamp_ns=1791282412101929731 workflow=CT_SHARE run_id=5 node=Authority source=TM4 destination=TM
event=receive timestamp_ns=1791282413700930116 workflow=CT_SHARE run_id=6 node=Authority source=TM4 destination=TM
event=receive timestamp_ns=1791282415267377481 workflow=CT_SHARE run_id=7 node=Authority source=TM4 destination=TM
event=receive timestamp_ns=1791282416833109297 workflow=CT_SHARE run_id=8 node=Authority source=TM4 destination=TM
event=receive timestamp_ns=1791282418407307651 workflow=CT_SHARE run_id=9 node=Authority source=TM4 destination=TM
event=receive timestamp_ns=1791282419968064514 workflow=CT_SHARE run_id=10 node=Authority source=TM4 destination=TM
event=receive timestamp_ns=1791282421541889246 workflow=CT_SHARE run_id=11 node=Authority source=TM4 destination=TM
event=receive timestamp_ns=1791282423109459870 workflow=CT_SHARE run_id=12 node=Authority source=TM4 destination=TM
event=receive timestamp_ns=1791282424640478430 workflow=CT_SHARE run_id=13 node=Authority source=TM4 destination=TM
event=receive timestamp_ns=1791282426175244207 workflow=CT_SHARE run_id=14 node=Authority source=TM4 destination=TM
event=receive timestamp_ns=1791282427776852479 workflow=CT_SHARE run_id=15 node=Authority source=TM4 destination=TM
event=receive timestamp_ns=1791282429348492260 workflow=CT_SHARE run_id=16 node=Authority source=TM4 destination=TM
event=receive timestamp_ns=1791282430941959630 workflow=CT_SHARE run_id=17 node=Authority source=TM4 destination=TM
event=receive timestamp_ns=1791282432515536939 workflow=CT_SHARE run_id=18 node=Authority source=TM4 destination=TM
event=receive timestamp_ns=1791282434088135901 workflow=CT_SHARE run_id=19 node=Authority source=TM4 destination=TM
event=receive timestamp_ns=1791282435651025196 workflow=CT_SHARE run_id=20 node=Authority source=TM4 destination=TM
event=receive timestamp_ns=1791282437224700963 workflow=CT_SHARE run_id=21 node=Authority source=TM4 destination=TM
event=receive timestamp_ns=1791282438781196649 workflow=CT_SHARE run_id=22 node=Authority source=TM4 destination=TM
event=receive timestamp_ns=1791282440355489854 workflow=CT_SHARE run_id=23 node=Authority source=TM4 destination=TM
event=receive timestamp_ns=1791282441921211539 workflow=CT_SHARE run_id=24 node=Authority source=TM4 destination=TM
event=receive timestamp_ns=1791282443523881177 workflow=CT_SHARE run_id=25 node=Authority source=TM4 destination=TM
event=receive timestamp_ns=1791282445059361862 workflow=CT_SHARE run_id=26 node=Authority source=TM4 destination=TM
event=receive timestamp_ns=1791282446595883531 workflow=CT_SHARE run_id=27 node=Authority source=TM4 destination=TM
event=receive timestamp_ns=1791282448195488533 workflow=CT_SHARE run_id=28 node=Authority source=TM4 destination=TM
event=receive timestamp_ns=1791282449762917140 workflow=CT_SHARE run_id=29 node=Authority source=TM4 destination=TM
event=receive timestamp_ns=1791282451332440346 workflow=CT_SHARE run_id=30 node=Authority source=TM4 destination=TM
event=receive timestamp_ns=1791282452895789282 workflow=CT_SHARE run_id=31 node=Authority source=TM4 destination=TM
event=receive timestamp_ns=1791282454468142706 workflow=CT_SHARE run_id=32 node=Authority source=TM4 destination=TM
event=receive timestamp_ns=1791282455999277443 workflow=CT_SHARE run_id=33 node=Authority source=TM4 destination=TM
event=receive timestamp_ns=1791282457601648395 workflow=CT_SHARE run_id=34 node=Authority source=TM4 destination=TM
event=receive timestamp_ns=1791282459170089044 workflow=CT_SHARE run_id=35 node=Authority source=TM4 destination=TM
event=send timestamp_ns=1791282459272161560 workflow=ARL_UPDATE run_id=1 node=Authority source=Authority destination=TM
event=send timestamp_ns=1791282461833042325 workflow=ARL_UPDATE run_id=2 node=Authority source=Authority destination=TM
event=send timestamp_ns=1791282463373662210 workflow=ARL_UPDATE run_id=3 node=Authority source=Authority destination=TM
event=send timestamp_ns=1791282464905404666 workflow=ARL_UPDATE run_id=4 node=Authority source=Authority destination=TM
event=send timestamp_ns=1791282466434438611 workflow=ARL_UPDATE run_id=5 node=Authority source=Authority destination=TM
event=send timestamp_ns=1791282467970857823 workflow=ARL_UPDATE run_id=6 node=Authority source=Authority destination=TM
event=send timestamp_ns=1791282469506838699 workflow=ARL_UPDATE run_id=7 node=Authority source=Authority destination=TM
event=send timestamp_ns=1791282471043091688 workflow=ARL_UPDATE run_id=8 node=Authority source=Authority destination=TM
event=send timestamp_ns=1791282472580518505 workflow=ARL_UPDATE run_id=9 node=Authority source=Authority destination=TM
event=send timestamp_ns=1791282474124946596 workflow=ARL_UPDATE run_id=10 node=Authority source=Authority destination=TM
event=send timestamp_ns=1791282475722112449 workflow=ARL_UPDATE run_id=11 node=Authority source=Authority destination=TM
event=send timestamp_ns=1791282477256222237 workflow=ARL_UPDATE run_id=12 node=Authority source=Authority destination=TM
event=send timestamp_ns=1791282478795596432 workflow=ARL_UPDATE run_id=13 node=Authority source=Authority destination=TM
event=send timestamp_ns=1791282480325042817 workflow=ARL_UPDATE run_id=14 node=Authority source=Authority destination=TM
event=send timestamp_ns=1791282481862021925 workflow=ARL_UPDATE run_id=15 node=Authority source=Authority destination=TM
event=send timestamp_ns=1791282483404451621 workflow=ARL_UPDATE run_id=16 node=Authority source=Authority destination=TM
event=send timestamp_ns=1791282484997425440 workflow=ARL_UPDATE run_id=17 node=Authority source=Authority destination=TM
event=send timestamp_ns=1791282486536822709 workflow=ARL_UPDATE run_id=18 node=Authority source=Authority destination=TM
event=send timestamp_ns=1791282488070942155 workflow=ARL_UPDATE run_id=19 node=Authority source=Authority destination=TM
event=send timestamp_ns=1791282489610880032 workflow=ARL_UPDATE run_id=20 node=Authority source=Authority destination=TM
event=send timestamp_ns=1791282491148211946 workflow=ARL_UPDATE run_id=21 node=Authority source=Authority destination=TM
event=send timestamp_ns=1791282492677808020 workflow=ARL_UPDATE run_id=22 node=Authority source=Authority destination=TM
event=send timestamp_ns=1791282494215527111 workflow=ARL_UPDATE run_id=23 node=Authority source=Authority destination=TM
event=send timestamp_ns=1791282495753847438 workflow=ARL_UPDATE run_id=24 node=Authority source=Authority destination=TM
event=send timestamp_ns=1791282497290055704 workflow=ARL_UPDATE run_id=25 node=Authority source=Authority destination=TM
event=send timestamp_ns=1791282498828587908 workflow=ARL_UPDATE run_id=26 node=Authority source=Authority destination=TM
event=send timestamp_ns=1791282500367031481 workflow=ARL_UPDATE run_id=27 node=Authority source=Authority destination=TM
event=send timestamp_ns=1791282501904355044 workflow=ARL_UPDATE run_id=28 node=Authority source=Authority destination=TM
event=send timestamp_ns=1791282503440877295 workflow=ARL_UPDATE run_id=29 node=Authority source=Authority destination=TM
event=send timestamp_ns=1791282504998924756 workflow=ARL_UPDATE run_id=30 node=Authority source=Authority destination=TM
event=send timestamp_ns=1791282506542092062 workflow=ARL_UPDATE run_id=31 node=Authority source=Authority destination=TM
event=send timestamp_ns=1791282508085065347 workflow=ARL_UPDATE run_id=32 node=Authority source=Authority destination=TM
event=send timestamp_ns=1791282509645171433 workflow=ARL_UPDATE run_id=33 node=Authority source=Authority destination=TM
event=send timestamp_ns=1791282511185110259 workflow=ARL_UPDATE run_id=34 node=Authority source=Authority destination=TM
event=send timestamp_ns=1791282512753279512 workflow=ARL_UPDATE run_id=35 node=Authority source=Authority destination=TM
event=send timestamp_ns=1791282514321727094 workflow=ARL_UPDATE run_id=36 node=Authority source=Authority destination=TM
event=send timestamp_ns=1791282515889090631 workflow=ARL_UPDATE run_id=37 node=Authority source=Authority destination=TM
event=send timestamp_ns=1791282517423979016 workflow=ARL_UPDATE run_id=38 node=Authority source=Authority destination=TM
event=send timestamp_ns=1791282518959250869 workflow=ARL_UPDATE run_id=39 node=Authority source=Authority destination=TM
event=send timestamp_ns=1791282520495290793 workflow=ARL_UPDATE run_id=40 node=Authority source=Authority destination=TM
event=send timestamp_ns=1791282522021814664 workflow=ARL_UPDATE run_id=41 node=Authority source=Authority destination=TM
event=send timestamp_ns=1791282523557318578 workflow=ARL_UPDATE run_id=42 node=Authority source=Authority destination=TM
event=send timestamp_ns=1791282525092449733 workflow=ARL_UPDATE run_id=43 node=Authority source=Authority destination=TM
event=send timestamp_ns=1791282526635870407 workflow=ARL_UPDATE run_id=44 node=Authority source=Authority destination=TM
event=send timestamp_ns=1791282528169050240 workflow=ARL_UPDATE run_id=45 node=Authority source=Authority destination=TM
event=send timestamp_ns=1791282529705084443 workflow=ARL_UPDATE run_id=46 node=Authority source=Authority destination=TM
event=send timestamp_ns=1791282531252661660 workflow=ARL_UPDATE run_id=47 node=Authority source=Authority destination=TM
event=send timestamp_ns=1791282532811234461 workflow=ARL_UPDATE run_id=48 node=Authority source=Authority destination=TM
event=send timestamp_ns=1791282534343651071 workflow=ARL_UPDATE run_id=49 node=Authority source=Authority destination=TM
event=send timestamp_ns=1791282535892886332 workflow=ARL_UPDATE run_id=50 node=Authority source=Authority destination=TM
event=send timestamp_ns=1791282537452158082 workflow=ARL_UPDATE run_id=51 node=Authority source=Authority destination=TM
event=send timestamp_ns=1791282538995516815 workflow=ARL_UPDATE run_id=52 node=Authority source=Authority destination=TM
event=send timestamp_ns=1791282540556267889 workflow=ARL_UPDATE run_id=53 node=Authority source=Authority destination=TM
event=send timestamp_ns=1791282542093985909 workflow=ARL_UPDATE run_id=54 node=Authority source=Authority destination=TM
event=send timestamp_ns=1791282543633860074 workflow=ARL_UPDATE run_id=55 node=Authority source=Authority destination=TM
event=send timestamp_ns=1791282545225781067 workflow=ARL_UPDATE run_id=56 node=Authority source=Authority destination=TM
event=send timestamp_ns=1791282546770004172 workflow=ARL_UPDATE run_id=57 node=Authority source=Authority destination=TM
event=send timestamp_ns=1791282548338209677 workflow=ARL_UPDATE run_id=58 node=Authority source=Authority destination=TM
event=send timestamp_ns=1791282549909645370 workflow=ARL_UPDATE run_id=59 node=Authority source=Authority destination=TM
event=send timestamp_ns=1791282551510475167 workflow=ARL_UPDATE run_id=60 node=Authority source=Authority destination=TM
event=send timestamp_ns=1791282553071483293 workflow=ARL_UPDATE run_id=61 node=Authority source=Authority destination=TM
event=send timestamp_ns=1791282554613674383 workflow=ARL_UPDATE run_id=62 node=Authority source=Authority destination=TM
event=send timestamp_ns=1791282556214680928 workflow=ARL_UPDATE run_id=63 node=Authority source=Authority destination=TM
event=send timestamp_ns=1791282557775006668 workflow=ARL_UPDATE run_id=64 node=Authority source=Authority destination=TM
event=send timestamp_ns=1791282559312653533 workflow=ARL_UPDATE run_id=65 node=Authority source=Authority destination=TM
event=send timestamp_ns=1791282560851031458 workflow=ARL_UPDATE run_id=66 node=Authority source=Authority destination=TM
event=send timestamp_ns=1791282562420936350 workflow=ARL_UPDATE run_id=67 node=Authority source=Authority destination=TM
event=send timestamp_ns=1791282563987321797 workflow=ARL_UPDATE run_id=68 node=Authority source=Authority destination=TM
event=send timestamp_ns=1791282565582782016 workflow=ARL_UPDATE run_id=69 node=Authority source=Authority destination=TM
event=send timestamp_ns=1791282567117212097 workflow=ARL_UPDATE run_id=70 node=Authority source=Authority destination=TM
event=send timestamp_ns=1791282571092571136 workflow=KEY_RESPONSE run_id=bench_h4_key_w1 node=Authority source=Authority destination=bench_h4_key_w1
event=receive timestamp_ns=1791282572110620591 workflow=KEY_REQUEST run_id=bench_h4_key_w1 node=Authority source=TM4 destination=TM
event=send timestamp_ns=1791282574453975872 workflow=KEY_RESPONSE run_id=bench_h4_key_w2 node=Authority source=Authority destination=bench_h4_key_w2
event=receive timestamp_ns=1791282575499032772 workflow=KEY_REQUEST run_id=bench_h4_key_w2 node=Authority source=TM4 destination=TM
event=send timestamp_ns=1791282577938879145 workflow=KEY_RESPONSE run_id=bench_h4_key_w3 node=Authority source=Authority destination=bench_h4_key_w3
event=receive timestamp_ns=1791282578954579334 workflow=KEY_REQUEST run_id=bench_h4_key_w3 node=Authority source=TM4 destination=TM
event=send timestamp_ns=1791282582416449853 workflow=KEY_RESPONSE run_id=bench_h4_key_w4 node=Authority source=Authority destination=bench_h4_key_w4
event=receive timestamp_ns=1791282583434429734 workflow=KEY_REQUEST run_id=bench_h4_key_w4 node=Authority source=TM4 destination=TM
event=send timestamp_ns=1791282585775710868 workflow=KEY_RESPONSE run_id=bench_h4_key_w5 node=Authority source=Authority destination=bench_h4_key_w5
event=receive timestamp_ns=1791282586798461659 workflow=KEY_REQUEST run_id=bench_h4_key_w5 node=Authority source=TM4 destination=TM
event=send timestamp_ns=1791282589268279335 workflow=KEY_RESPONSE run_id=bench_h4_key_001 node=Authority source=Authority destination=bench_h4_key_001
event=receive timestamp_ns=1791282590282448321 workflow=KEY_REQUEST run_id=bench_h4_key_001 node=Authority source=TM4 destination=TM
event=send timestamp_ns=1791282592625424787 workflow=KEY_RESPONSE run_id=bench_h4_key_002 node=Authority source=Authority destination=bench_h4_key_002
event=receive timestamp_ns=1791282593643039293 workflow=KEY_REQUEST run_id=bench_h4_key_002 node=Authority source=TM4 destination=TM
event=send timestamp_ns=1791282597078361097 workflow=KEY_RESPONSE run_id=bench_h4_key_003 node=Authority source=Authority destination=bench_h4_key_003
event=receive timestamp_ns=1791282598122818593 workflow=KEY_REQUEST run_id=bench_h4_key_003 node=Authority source=TM4 destination=TM
event=send timestamp_ns=1791282601559677162 workflow=KEY_RESPONSE run_id=bench_h4_key_004 node=Authority source=Authority destination=bench_h4_key_004
event=receive timestamp_ns=1791282602602906799 workflow=KEY_REQUEST run_id=bench_h4_key_004 node=Authority source=TM4 destination=TM
event=send timestamp_ns=1791282605052046194 workflow=KEY_RESPONSE run_id=bench_h4_key_005 node=Authority source=Authority destination=bench_h4_key_005
event=receive timestamp_ns=1791282606090956663 workflow=KEY_REQUEST run_id=bench_h4_key_005 node=Authority source=TM4 destination=TM
event=send timestamp_ns=1791282608534908203 workflow=KEY_RESPONSE run_id=bench_h4_key_006 node=Authority source=Authority destination=bench_h4_key_006
event=receive timestamp_ns=1791282609582597873 workflow=KEY_REQUEST run_id=bench_h4_key_006 node=Authority source=TM4 destination=TM
event=send timestamp_ns=1791282612022121489 workflow=KEY_RESPONSE run_id=bench_h4_key_007 node=Authority source=Authority destination=bench_h4_key_007
event=receive timestamp_ns=1791282613066700479 workflow=KEY_REQUEST run_id=bench_h4_key_007 node=Authority source=TM4 destination=TM
event=send timestamp_ns=1791282615505092701 workflow=KEY_RESPONSE run_id=bench_h4_key_008 node=Authority source=Authority destination=bench_h4_key_008
event=receive timestamp_ns=1791282616522632254 workflow=KEY_REQUEST run_id=bench_h4_key_008 node=Authority source=TM4 destination=TM
event=send timestamp_ns=1791282618869627132 workflow=KEY_RESPONSE run_id=bench_h4_key_009 node=Authority source=Authority destination=bench_h4_key_009
event=receive timestamp_ns=1791282619918656979 workflow=KEY_REQUEST run_id=bench_h4_key_009 node=Authority source=TM4 destination=TM
event=send timestamp_ns=1791282622330396068 workflow=KEY_RESPONSE run_id=bench_h4_key_010 node=Authority source=Authority destination=bench_h4_key_010
event=receive timestamp_ns=1791282623370862203 workflow=KEY_REQUEST run_id=bench_h4_key_010 node=Authority source=TM4 destination=TM
event=send timestamp_ns=1791282625783126902 workflow=KEY_RESPONSE run_id=bench_h4_key_011 node=Authority source=Authority destination=bench_h4_key_011
event=receive timestamp_ns=1791282626826763897 workflow=KEY_REQUEST run_id=bench_h4_key_011 node=Authority source=TM4 destination=TM
event=send timestamp_ns=1791282629232365207 workflow=KEY_RESPONSE run_id=bench_h4_key_012 node=Authority source=Authority destination=bench_h4_key_012
event=receive timestamp_ns=1791282630250639782 workflow=KEY_REQUEST run_id=bench_h4_key_012 node=Authority source=TM4 destination=TM
event=send timestamp_ns=1791282632695730171 workflow=KEY_RESPONSE run_id=bench_h4_key_013 node=Authority source=Authority destination=bench_h4_key_013
event=receive timestamp_ns=1791282633738645988 workflow=KEY_REQUEST run_id=bench_h4_key_013 node=Authority source=TM4 destination=TM
event=send timestamp_ns=1791282637239073834 workflow=KEY_RESPONSE run_id=bench_h4_key_014 node=Authority source=Authority destination=bench_h4_key_014
event=receive timestamp_ns=1791282638283077462 workflow=KEY_REQUEST run_id=bench_h4_key_014 node=Authority source=TM4 destination=TM
event=send timestamp_ns=1791282640697718696 workflow=KEY_RESPONSE run_id=bench_h4_key_015 node=Authority source=Authority destination=bench_h4_key_015
event=receive timestamp_ns=1791282641739094738 workflow=KEY_REQUEST run_id=bench_h4_key_015 node=Authority source=TM4 destination=TM
event=send timestamp_ns=1791282644090766190 workflow=KEY_RESPONSE run_id=bench_h4_key_016 node=Authority source=Authority destination=bench_h4_key_016
event=receive timestamp_ns=1791282645134616266 workflow=KEY_REQUEST run_id=bench_h4_key_016 node=Authority source=TM4 destination=TM
event=send timestamp_ns=1791282647576910932 workflow=KEY_RESPONSE run_id=bench_h4_key_017 node=Authority source=Authority destination=bench_h4_key_017
event=receive timestamp_ns=1791282648618979203 workflow=KEY_REQUEST run_id=bench_h4_key_017 node=Authority source=TM4 destination=TM
event=send timestamp_ns=1791282651031364500 workflow=KEY_RESPONSE run_id=bench_h4_key_018 node=Authority source=Authority destination=bench_h4_key_018
event=receive timestamp_ns=1791282652074587126 workflow=KEY_REQUEST run_id=bench_h4_key_018 node=Authority source=TM4 destination=TM
event=send timestamp_ns=1791282654522018342 workflow=KEY_RESPONSE run_id=bench_h4_key_019 node=Authority source=Authority destination=bench_h4_key_019
event=receive timestamp_ns=1791282655562615596 workflow=KEY_REQUEST run_id=bench_h4_key_019 node=Authority source=TM4 destination=TM
event=send timestamp_ns=1791282657975579003 workflow=KEY_RESPONSE run_id=bench_h4_key_020 node=Authority source=Authority destination=bench_h4_key_020
event=receive timestamp_ns=1791282659022677601 workflow=KEY_REQUEST run_id=bench_h4_key_020 node=Authority source=TM4 destination=TM
event=send timestamp_ns=1791282662456622375 workflow=KEY_RESPONSE run_id=bench_h4_key_021 node=Authority source=Authority destination=bench_h4_key_021
event=receive timestamp_ns=1791282663498484993 workflow=KEY_REQUEST run_id=bench_h4_key_021 node=Authority source=TM4 destination=TM
event=send timestamp_ns=1791282665942807236 workflow=KEY_RESPONSE run_id=bench_h4_key_022 node=Authority source=Authority destination=bench_h4_key_022
event=receive timestamp_ns=1791282666991305795 workflow=KEY_REQUEST run_id=bench_h4_key_022 node=Authority source=TM4 destination=TM
event=send timestamp_ns=1791282670454385135 workflow=KEY_RESPONSE run_id=bench_h4_key_023 node=Authority source=Authority destination=bench_h4_key_023
event=receive timestamp_ns=1791282671498737173 workflow=KEY_REQUEST run_id=bench_h4_key_023 node=Authority source=TM4 destination=TM
event=send timestamp_ns=1791282673943945627 workflow=KEY_RESPONSE run_id=bench_h4_key_024 node=Authority source=Authority destination=bench_h4_key_024
event=receive timestamp_ns=1791282674986940005 workflow=KEY_REQUEST run_id=bench_h4_key_024 node=Authority source=TM4 destination=TM
event=send timestamp_ns=1791282677433512332 workflow=KEY_RESPONSE run_id=bench_h4_key_025 node=Authority source=Authority destination=bench_h4_key_025
event=receive timestamp_ns=1791282678475065860 workflow=KEY_REQUEST run_id=bench_h4_key_025 node=Authority source=TM4 destination=TM
event=send timestamp_ns=1791282680818001421 workflow=KEY_RESPONSE run_id=bench_h4_key_026 node=Authority source=Authority destination=bench_h4_key_026
event=receive timestamp_ns=1791282681834605128 workflow=KEY_REQUEST run_id=bench_h4_key_026 node=Authority source=TM4 destination=TM
event=send timestamp_ns=1791282684208669116 workflow=KEY_RESPONSE run_id=bench_h4_key_027 node=Authority source=Authority destination=bench_h4_key_027
event=receive timestamp_ns=1791282685226717978 workflow=KEY_REQUEST run_id=bench_h4_key_027 node=Authority source=TM4 destination=TM
event=send timestamp_ns=1791282687603070729 workflow=KEY_RESPONSE run_id=bench_h4_key_028 node=Authority source=Authority destination=bench_h4_key_028
event=receive timestamp_ns=1791282688619231902 workflow=KEY_REQUEST run_id=bench_h4_key_028 node=Authority source=TM4 destination=TM
event=send timestamp_ns=1791282691063983470 workflow=KEY_RESPONSE run_id=bench_h4_key_029 node=Authority source=Authority destination=bench_h4_key_029
event=receive timestamp_ns=1791282692106554999 workflow=KEY_REQUEST run_id=bench_h4_key_029 node=Authority source=TM4 destination=TM
event=send timestamp_ns=1791282694512026521 workflow=KEY_RESPONSE run_id=bench_h4_key_030 node=Authority source=Authority destination=bench_h4_key_030
event=receive timestamp_ns=1791282695534613903 workflow=KEY_REQUEST run_id=bench_h4_key_030 node=Authority source=TM4 destination=TM
