event=receive timestamp_ns=1791282401002727333 workflow=KEY_REQUEST run_id=bench_h4_setup node=U1 source=TM4 destination=TM
event=receive timestamp_ns=1791282405654145876 workflow=CT_SHARE run_id=1 node=U1 source=TM4 destination=TM
event=receive timestamp_ns=1791282407226019007 workflow=CT_SHARE run_id=2 node=U1 source=TM4 destination=TM
event=receive timestamp_ns=1791282408795059358 workflow=CT_SHARE run_id=3 node=U1 source=TM4 destination=TM
event=receive timestamp_ns=1791282410361716023 workflow=CT_SHARE run_id=4 node=U1 source=TM4 destination=TM
event=receive timestamp_ns=1791282411987728124 workflow=CT_SHARE run_id=5 node=U1 source=TM4 destination=TM
event=receive timestamp_ns=1791282413594905329 workflow=CT_SHARE run_id=6 node=U1 source=TM4 destination=TM
event=receive timestamp_ns=1791282415163786585 workflow=CT_SHARE run_id=7 node=U1 source=TM4 destination=TM
event=receive timestamp_ns=1791282416731124010 workflow=CT_SHARE run_id=8 node=U1 source=TM4 destination=TM
event=receive timestamp_ns=1791282418297521831 workflow=CT_SHARE run_id=9 node=U1 source=TM4 destination=TM
event=receive timestamp_ns=1791282419866858764 workflow=CT_SHARE run_id=10 node=U1 source=TM4 destination=TM
event=receive timestamp_ns=1791282421434150356 workflow=CT_SHARE run_id=11 node=U1 source=TM4 destination=TM
event=receive timestamp_ns=1791282422996987673 workflow=CT_SHARE run_id=12 node=U1 source=TM4 destination=TM
event=receive timestamp_ns=1791282424531645415 workflow=CT_SHARE run_id=13 node=U1 source=TM4 destination=TM
event=receive timestamp_ns=1791282426071589249 workflow=CT_SHARE run_id=14 node=U1 source=TM4 destination=TM
event=receive timestamp_ns=1791282427673249418 workflow=CT_SHARE run_id=15 node=U1 source=TM4 destination=TM
event=receive timestamp_ns=1791282429269119594 workflow=CT_SHARE run_id=16 node=U1 source=TM4 destination=TM
event=receive timestamp_ns=1791282430842876414 workflow=CT_SHARE run_id=17 node=U1 source=TM4 destination=TM
event=receive timestamp_ns=1791282432405475419 workflow=CT_SHARE run_id=18 node=U1 source=TM4 destination=TM
event=receive timestamp_ns=1791282433977517675 workflow=CT_SHARE run_id=19 node=U1 source=TM4 destination=TM
event=receive timestamp_ns=1791282435545632702 workflow=CT_SHARE run_id=20 node=U1 source=TM4 destination=TM
event=receive timestamp_ns=1791282437113454203 workflow=CT_SHARE run_id=21 node=U1 source=TM4 destination=TM
event=receive timestamp_ns=1791282438677668127 workflow=CT_SHARE run_id=22 node=U1 source=TM4 destination=TM
event=receive timestamp_ns=1791282440242346380 workflow=CT_SHARE run_id=23 node=U1 source=TM4 destination=TM
event=receive timestamp_ns=1791282441815464269 workflow=CT_SHARE run_id=24 node=U1 source=TM4 destination=TM
event=receive timestamp_ns=1791282443389149192 workflow=CT_SHARE run_id=25 node=U1 source=TM4 destination=TM
event=receive timestamp_ns=1791282444954709882 workflow=CT_SHARE run_id=26 node=U1 source=TM4 destination=TM
event=receive timestamp_ns=1791282446488778882 workflow=CT_SHARE run_id=27 node=U1 source=TM4 destination=TM
event=receive timestamp_ns=1791282448089845852 workflow=CT_SHARE run_id=28 node=U1 source=TM4 destination=TM
event=receive timestamp_ns=1791282449660516098 workflow=CT_SHARE run_id=29 node=U1 source=TM4 destination=TM
event=receive timestamp_ns=1791282451226217446 workflow=CT_SHARE run_id=30 node=U1 source=TM4 destination=TM
event=receive timestamp_ns=1791282452790066044 workflow=CT_SHARE run_id=31 node=U1 source=TM4 destination=TM
event=receive timestamp_ns=1791282454361140475 workflow=CT_SHARE run_id=32 node=U1 source=TM4 destination=TM
event=receive timestamp_ns=1791282455929490187 workflow=CT_SHARE run_id=33 node=U1 source=TM4 destination=TM
event=receive timestamp_ns=1791282457500771766 workflow=CT_SHARE run_id=34 node=U1 source=TM4 destination=TM
event=receive timestamp_ns=1791282459060875758 workflow=CT_SHARE run_id=35 node=U1 source=TM4 destination=TM
event=receive timestamp_ns=1791282461427316720 workflow=ARL_UPDATE run_id=1 node=U1 source=Authority destination=TM
event=receive timestamp_ns=1791282462993882388 workflow=ARL_UPDATE run_id=2 node=U1 source=Authority destination=TM
event=receive timestamp_ns=1791282464502162606 workflow=ARL_UPDATE run_id=3 node=U1 source=Authority destination=TM
event=receive timestamp_ns=1791282466036627809 workflow=ARL_UPDATE run_id=4 node=U1 source=Authority destination=TM
event=receive timestamp_ns=1791282467569163306 workflow=ARL_UPDATE run_id=5 node=U1 source=Authority destination=TM
event=receive timestamp_ns=1791282469106301267 workflow=ARL_UPDATE run_id=6 node=U1 source=Authority destination=TM
event=receive timestamp_ns=1791282470643622070 workflow=ARL_UPDATE run_id=7 node=U1 source=Authority destination=TM
event=receive timestamp_ns=1791282472177189400 workflow=ARL_UPDATE run_id=8 node=U1 source=Authority destination=TM
event=receive timestamp_ns=1791282473745910677 workflow=ARL_UPDATE run_id=9 node=U1 source=Authority destination=TM
event=receive timestamp_ns=1791282475252562713 workflow=ARL_UPDATE run_id=10 node=U1 source=Authority destination=TM
event=receive timestamp_ns=1791282476849564403 workflow=ARL_UPDATE run_id=11 node=U1 source=Authority destination=TM
event=receive timestamp_ns=1791282478387441250 workflow=ARL_UPDATE run_id=12 node=U1 source=Authority destination=TM
event=receive timestamp_ns=1791282479922747033 workflow=ARL_UPDATE run_id=13 node=U1 source=Authority destination=TM
event=receive timestamp_ns=1791282481456862317 workflow=ARL_UPDATE run_id=14 node=U1 source=Authority destination=TM
event=receive timestamp_ns=1791282482994248234 workflow=ARL_UPDATE run_id=15 node=U1 source=Authority destination=TM
event=receive timestamp_ns=1791282484529485284 workflow=ARL_UPDATE run_id=16 node=U1 source=Authority destination=TM
event=receive timestamp_ns=1791282486126679222 workflow=ARL_UPDATE run_id=17 node=U1 source=Authority destination=TM
event=receive timestamp_ns=1791282487666869618 workflow=ARL_UPDATE run_id=18 node=U1 source=Authority destination=TM
event=receive timestamp_ns=1791282489202760010 workflow=ARL_UPDATE run_id=19 node=U1 source=Authority destination=TM
event=receive timestamp_ns=1791282490738902841 workflow=ARL_UPDATE run_id=20 node=U1 source=Authority destination=TM
event=receive timestamp_ns=1791282492303992638 workflow=ARL_UPDATE run_id=21 node=U1 source=Authority destination=TM
event=receive timestamp_ns=1791282493811706440 workflow=ARL_UPDATE run_id=22 node=U1 source=Authority destination=TM
event=receive timestamp_ns=1791282495351076126 workflow=ARL_UPDATE run_id=23 node=U1 source=Authority destination=TM
event=receive timestamp_ns=1791282496881467399 workflow=ARL_UPDATE run_id=24 node=U1 source=Authority destination=TM
event=receive timestamp_ns=1791282498418980708 workflow=ARL_UPDATE run_id=25 node=U1 source=Authority destination=TM
event=receive timestamp_ns=1791282499950901195 workflow=ARL_UPDATE run_id=26 node=U1 source=Authority destination=TM
event=receive timestamp_ns=1791282501489548737 workflow=ARL_UPDATE run_id=27 node=U1 source=Authority destination=TM
event=receive timestamp_ns=1791282503060364645 workflow=ARL_UPDATE run_id=28 node=U1 source=Authority destination=TM
event=receive timestamp_ns=1791282504564094944 workflow=ARL_UPDATE run_id=29 node=U1 source=Authority destination=TM
event=receive timestamp_ns=1791282506132120920 workflow=ARL_UPDATE run_id=30 node=U1 source=Authority destination=TM
event=receive timestamp_ns=1791282507666873474 workflow=ARL_UPDATE run_id=31 node=U1 source=Authority destination=TM
event=receive timestamp_ns=1791282509235040790 workflow=ARL_UPDATE run_id=32 node=U1 source=Authority destination=TM
event=receive timestamp_ns=1791282510771678391 workflow=ARL_UPDATE run_id=33 node=U1 source=Authority destination=TM
event=receive timestamp_ns=1791282512339501418 workflow=ARL_UPDATE run_id=34 node=U1 source=Authority destination=TM
event=receive timestamp_ns=1791282513876255839 workflow=ARL_UPDATE run_id=35 node=U1 source=Authority destination=TM
event=receive timestamp_ns=1791282515443777368 workflow=ARL_UPDATE run_id=36 node=U1 source=Authority destination=TM
event=receive timestamp_ns=1791282517012724104 workflow=ARL_UPDATE run_id=37 node=U1 source=Authority destination=TM
event=receive timestamp_ns=1791282518576204735 workflow=ARL_UPDATE run_id=38 node=U1 source=Authority destination=TM
event=receive timestamp_ns=1791282520080442388 workflow=ARL_UPDATE run_id=39 node=U1 source=Authority destination=TM
event=receive timestamp_ns=1791282521617482594 workflow=ARL_UPDATE run_id=40 node=U1 source=Authority destination=TM
event=receive timestamp_ns=1791282523153444033 workflow=ARL_UPDATE run_id=41 node=U1 source=Authority destination=TM
event=receive timestamp_ns=1791282524690030007 workflow=ARL_UPDATE run_id=42 node=U1 source=Authority destination=TM
event=receive timestamp_ns=1791282526225369617 workflow=ARL_UPDATE run_id=43 node=U1 source=Authority destination=TM
event=receive timestamp_ns=1791282527765363120 workflow=ARL_UPDATE run_id=44 node=U1 source=Authority destination=TM
event=receive timestamp_ns=1791282529298825606 workflow=ARL_UPDATE run_id=45 node=U1 source=Authority destination=TM
event=receive timestamp_ns=1791282530833375473 workflow=ARL_UPDATE run_id=46 node=U1 source=Authority destination=TM
event=receive timestamp_ns=1791282532402951864 workflow=ARL_UPDATE run_id=47 node=U1 source=Authority destination=TM
event=receive timestamp_ns=1791282533937392190 workflow=ARL_UPDATE run_id=48 node=U1 source=Authority destination=TM
event=receive timestamp_ns=1791282535475277327 workflow=ARL_UPDATE run_id=49 node=U1 source=Authority destination=TM
event=receive timestamp_ns=1791282537044007123 workflow=ARL_UPDATE run_id=50 node=U1 source=Authority destination=TM
event=receive timestamp_ns=1791282538579763763 workflow=ARL_UPDATE run_id=51 node=U1 source=Authority destination=TM
event=receive timestamp_ns=1791282540150564211 workflow=ARL_UPDATE run_id=52 node=U1 source=Authority destination=TM
event=receive timestamp_ns=1791282541678112643 workflow=ARL_UPDATE run_id=53 node=U1 source=Authority destination=TM
event=receive timestamp_ns=1791282543220605580 workflow=ARL_UPDATE run_id=54 node=U1 source=Authority destination=TM
event=receive timestamp_ns=1791282544755786310 workflow=ARL_UPDATE run_id=55 node=U1 source=Authority destination=TM
event=receive timestamp_ns=1791282546358536545 workflow=ARL_UPDATE run_id=56 node=U1 source=Authority destination=TM
event=receive timestamp_ns=1791282547922445275 workflow=ARL_UPDATE run_id=57 node=U1 source=Authority destination=TM
event=receive timestamp_ns=1791282549495706432 workflow=ARL_UPDATE run_id=58 node=U1 source=Authority destination=TM
event=receive timestamp_ns=1791282551060824196 workflow=ARL_UPDATE run_id=59 node=U1 source=Authority destination=TM
event=receive timestamp_ns=1791282552658795917 workflow=ARL_UPDATE run_id=60 node=U1 source=Authority destination=TM
event=receive timestamp_ns=1791282554229447993 workflow=ARL_UPDATE run_id=61 node=U1 source=Authority destination=TM
event=receive timestamp_ns=1791282555764974275 workflow=ARL_UPDATE run_id=62 node=U1 source=Authority destination=TM
event=receive timestamp_ns=1791282557366248361 workflow=ARL_UPDATE run_id=63 node=U1 source=Authority destination=TM
event=receive timestamp_ns=1791282558899660238 workflow=ARL_UPDATE run_id=64 node=U1 source=Authority destination=TM
event=receive timestamp_ns=1791282560434387452 workflow=ARL_UPDATE run_id=65 node=U1 source=Authority destination=TM
event=receive timestamp_ns=1791282562003220511 workflow=ARL_UPDATE run_id=66 node=U1 source=Authority destination=TM
event=receive timestamp_ns=1791282563571986058 workflow=ARL_UPDATE run_id=67 node=U1 source=Authority destination=TM
event=receive timestamp_ns=1791282565107666134 workflow=ARL_UPDATE run_id=68 node=U1 source=Authority destination=TM
event=receive timestamp_ns=1791282566709282143 workflow=ARL_UPDATE run_id=69 node=U1 source=Authority destination=TM
event=receive timestamp_ns=1791282568241274209 workflow=ARL_UPDATE run_id=70 node=U1 source=Authority destination=TM
event=receive timestamp_ns=1791282571691023419 workflow=KEY_REQUEST run_id=bench_h4_key_w1 node=U1 source=TM4 destination=TM
event=receive timestamp_ns=1791282574346949195 workflow=KEY_REQUEST run_id=bench_h4_key_w2 node=U1 source=TM4 destination=TM
event=receive timestamp_ns=1791282577834428067 workflow=KEY_REQUEST run_id=bench_h4_key_w3 node=U1 source=TM4 destination=TM
event=receive timestamp_ns=1791282583531055179 workflow=KEY_REQUEST run_id=bench_h4_key_w4 node=U1 source=TM4 destination=TM
event=receive timestamp_ns=1791282585166670407 workflow=KEY_REQUEST run_id=bench_h4_key_w5 node=U1 source=TM4 destination=TM
event=receive timestamp_ns=1791282588650817167 workflow=KEY_REQUEST run_id=bench_h4_key_001 node=U1 source=TM4 destination=TM
event=receive timestamp_ns=1791282593227185150 workflow=KEY_REQUEST run_id=bench_h4_key_002 node=U1 source=TM4 destination=TM
event=receive timestamp_ns=1791282596974857588 workflow=KEY_REQUEST run_id=bench_h4_key_003 node=U1 source=TM4 destination=TM
event=receive timestamp_ns=1791282600938819288 workflow=KEY_REQUEST run_id=bench_h4_key_004 node=U1 source=TM4 destination=TM
event=receive timestamp_ns=1791282604426707441 workflow=KEY_REQUEST run_id=bench_h4_key_005 node=U1 source=TM4 destination=TM
event=receive timestamp_ns=1791282608430600302 workflow=KEY_REQUEST run_id=bench_h4_key_006 node=U1 source=TM4 destination=TM
event=receive timestamp_ns=1791282611946605263 workflow=KEY_REQUEST run_id=bench_h4_key_007 node=U1 source=TM4 destination=TM
event=receive timestamp_ns=1791282615402747660 workflow=KEY_REQUEST run_id=bench_h4_key_008 node=U1 source=TM4 destination=TM
event=receive timestamp_ns=1791282619466936816 workflow=KEY_REQUEST run_id=bench_h4_key_009 node=U1 source=TM4 destination=TM
event=receive timestamp_ns=1791282623466703404 workflow=KEY_REQUEST run_id=bench_h4_key_010 node=U1 source=TM4 destination=TM
event=receive timestamp_ns=1791282626414878786 workflow=KEY_REQUEST run_id=bench_h4_key_011 node=U1 source=TM4 destination=TM
event=receive timestamp_ns=1791282629130790858 workflow=KEY_REQUEST run_id=bench_h4_key_012 node=U1 source=TM4 destination=TM
event=receive timestamp_ns=1791282633834728867 workflow=KEY_REQUEST run_id=bench_h4_key_013 node=U1 source=TM4 destination=TM
event=receive timestamp_ns=1791282637195058177 workflow=KEY_REQUEST run_id=bench_h4_key_014 node=U1 source=TM4 destination=TM
event=receive timestamp_ns=1791282640619056063 workflow=KEY_REQUEST run_id=bench_h4_key_015 node=U1 source=TM4 destination=TM
event=receive timestamp_ns=1791282644714966739 workflow=KEY_REQUEST run_id=bench_h4_key_016 node=U1 source=TM4 destination=TM
event=receive timestamp_ns=1791282647466705038 workflow=KEY_REQUEST run_id=bench_h4_key_017 node=U1 source=TM4 destination=TM
event=receive timestamp_ns=1791282651658654603 workflow=KEY_REQUEST run_id=bench_h4_key_018 node=U1 source=TM4 destination=TM
event=receive timestamp_ns=1791282654411035711 workflow=KEY_REQUEST run_id=bench_h4_key_019 node=U1 source=TM4 destination=TM
event=receive timestamp_ns=1791282658603533928 workflow=KEY_REQUEST run_id=bench_h4_key_020 node=U1 source=TM4 destination=TM
event=receive timestamp_ns=1791282662346741642 workflow=KEY_REQUEST run_id=bench_h4_key_021 node=U1 source=TM4 destination=TM
event=receive timestamp_ns=1791282666542684069 workflow=KEY_REQUEST run_id=bench_h4_key_022 node=U1 source=TM4 destination=TM
event=receive timestamp_ns=1791282670347155341 workflow=KEY_REQUEST run_id=bench_h4_key_023 node=U1 source=TM4 destination=TM
event=receive timestamp_ns=1791282673835193523 workflow=KEY_REQUEST run_id=bench_h4_key_024 node=U1 source=TM4 destination=TM
event=receive timestamp_ns=1791282677322782943 workflow=KEY_REQUEST run_id=bench_h4_key_025 node=U1 source=TM4 destination=TM
event=receive timestamp_ns=1791282680714709046 workflow=KEY_REQUEST run_id=bench_h4_key_026 node=U1 source=TM4 destination=TM
event=receive timestamp_ns=1791282683598828076 workflow=KEY_REQUEST run_id=bench_h4_key_027 node=U1 source=TM4 destination=TM
event=receive timestamp_ns=1791282688715137826 workflow=KEY_REQUEST run_id=bench_h4_key_028 node=U1 source=TM4 destination=TM
event=receive timestamp_ns=1791282691658791478 workflow=KEY_REQUEST run_id=bench_h4_key_029 node=U1 source=TM4 destination=TM
event=receive timestamp_ns=1791282694410965078 workflow=KEY_REQUEST run_id=bench_h4_key_030 node=U1 source=TM4 destination=TM
