event=receive timestamp_ns=1791282400906871955 workflow=KEY_REQUEST run_id=bench_h4_setup node=U2 source=TM4 destination=TM
event=receive timestamp_ns=1791282405045209682 workflow=CT_SHARE run_id=1 node=U2 source=TM4 destination=TM
event=receive timestamp_ns=1791282406614515447 workflow=CT_SHARE run_id=2 node=U2 source=TM4 destination=TM
event=receive timestamp_ns=1791282408219656689 workflow=CT_SHARE run_id=3 node=U2 source=TM4 destination=TM
event=receive timestamp_ns=1791282409782690923 workflow=CT_SHARE run_id=4 node=U2 source=TM4 destination=TM
event=receive timestamp_ns=1791282411392238867 workflow=CT_SHARE run_id=5 node=U2 source=TM4 destination=TM
event=receive timestamp_ns=1791282412987599326 workflow=CT_SHARE run_id=6 node=U2 source=TM4 destination=TM
event=receive timestamp_ns=1791282414553539045 workflow=CT_SHARE run_id=7 node=U2 source=TM4 destination=TM
event=receive timestamp_ns=1791282416119581996 workflow=CT_SHARE run_id=8 node=U2 source=TM4 destination=TM
event=receive timestamp_ns=1791282417691657489 workflow=CT_SHARE run_id=9 node=U2 source=TM4 destination=TM
event=receive timestamp_ns=1791282419252308459 workflow=CT_SHARE run_id=10 node=U2 source=TM4 destination=TM
event=receive timestamp_ns=1791282420823678155 workflow=CT_SHARE run_id=11 node=U2 source=TM4 destination=TM
event=receive timestamp_ns=1791282422394355847 workflow=CT_SHARE run_id=12 node=U2 source=TM4 destination=TM
event=receive timestamp_ns=1791282423927783517 workflow=CT_SHARE run_id=13 node=U2 source=TM4 destination=TM
event=receive timestamp_ns=1791282425500100486 workflow=CT_SHARE run_id=14 node=U2 source=TM4 destination=TM
event=receive timestamp_ns=1791282427066911448 workflow=CT_SHARE run_id=15 node=U2 source=TM4 destination=TM
event=receive timestamp_ns=1791282428665628047 workflow=CT_SHARE run_id=16 node=U2 source=TM4 destination=TM
event=receive timestamp_ns=1791282430234108879 workflow=CT_SHARE run_id=17 node=U2 source=TM4 destination=TM
event=receive timestamp_ns=1791282431799647577 workflow=CT_SHARE run_id=18 node=U2 source=TM4 destination=TM
event=receive timestamp_ns=1791282433369693001 workflow=CT_SHARE run_id=19 node=U2 source=TM4 destination=TM
event=receive timestamp_ns=1791282434938591029 workflow=CT_SHARE run_id=20 node=U2 source=TM4 destination=TM
event=receive timestamp_ns=1791282436506748435 workflow=CT_SHARE run_id=21 node=U2 source=TM4 destination=TM
event=receive timestamp_ns=1791282438072624469 workflow=CT_SHARE run_id=22 node=U2 source=TM4 destination=TM
event=receive timestamp_ns=1791282439641422109 workflow=CT_SHARE run_id=23 node=U2 source=TM4 destination=TM
event=receive timestamp_ns=1791282441210075335 workflow=CT_SHARE run_id=24 node=U2 source=TM4 destination=TM
event=receive timestamp_ns=1791282442777564595 workflow=CT_SHARE run_id=25 node=U2 source=TM4 destination=TM
event=receive timestamp_ns=1791282444342383567 workflow=CT_SHARE run_id=26 node=U2 source=TM4 destination=TM
event=receive timestamp_ns=1791282445881305285 workflow=CT_SHARE run_id=27 node=U2 source=TM4 destination=TM
event=receive timestamp_ns=1791282447478724040 workflow=CT_SHARE run_id=28 node=U2 source=TM4 destination=TM
event=receive timestamp_ns=1791282449043095929 workflow=CT_SHARE run_id=29 node=U2 source=TM4 destination=TM
event=receive timestamp_ns=1791282450615246581 workflow=CT_SHARE run_id=30 node=U2 source=TM4 destination=TM
event=receive timestamp_ns=1791282452185196848 workflow=CT_SHARE run_id=31 node=U2 source=TM4 destination=TM
event=receive timestamp_ns=1791282453752818432 workflow=CT_SHARE run_id=32 node=U2 source=TM4 destination=TM
event=receive timestamp_ns=1791282455321063119 workflow=CT_SHARE run_id=33 node=U2 source=TM4 destination=TM
event=receive timestamp_ns=1791282456891476277 workflow=CT_SHARE run_id=34 node=U2 source=TM4 destination=TM
event=receive timestamp_ns=1791282458456360205 workflow=CT_SHARE run_id=35 node=U2 source=TM4 destination=TM
event=receive timestamp_ns=1791282461016003443 workflow=ARL_UPDATE run_id=1 node=U2 source=Authority destination=TM
event=receive timestamp_ns=1791282462581187844 workflow=ARL_UPDATE run_id=2 node=U2 source=Authority destination=TM
event=receive timestamp_ns=1791282464087497991 workflow=ARL_UPDATE run_id=3 node=U2 source=Authority destination=TM
event=receive timestamp_ns=1791282465622155932 workflow=ARL_UPDATE run_id=4 node=U2 source=Authority destination=TM
event=receive timestamp_ns=1791282467150834999 workflow=ARL_UPDATE run_id=5 node=U2 source=Authority destination=TM
event=receive timestamp_ns=1791282468689665777 workflow=ARL_UPDATE run_id=6 node=U2 source=Authority destination=TM
event=receive timestamp_ns=1791282470227413835 workflow=ARL_UPDATE run_id=7 node=U2 source=Authority destination=TM
event=receive timestamp_ns=1791282471764436918 workflow=ARL_UPDATE run_id=8 node=U2 source=Authority destination=TM
event=receive timestamp_ns=1791282473299336319 workflow=ARL_UPDATE run_id=9 node=U2 source=Authority destination=TM
event=receive timestamp_ns=1791282474830822264 workflow=ARL_UPDATE run_id=10 node=U2 source=Authority destination=TM
event=receive timestamp_ns=1791282476437750180 workflow=ARL_UPDATE run_id=11 node=U2 source=Authority destination=TM
event=receive timestamp_ns=1791282477972786503 workflow=ARL_UPDATE run_id=12 node=U2 source=Authority destination=TM
event=receive timestamp_ns=1791282479511248122 workflow=ARL_UPDATE run_id=13 node=U2 source=Authority destination=TM
event=receive timestamp_ns=1791282481037520972 workflow=ARL_UPDATE run_id=14 node=U2 source=Authority destination=TM
event=receive timestamp_ns=1791282482583819888 workflow=ARL_UPDATE run_id=15 node=U2 source=Authority destination=TM
event=receive timestamp_ns=1791282484115572559 workflow=ARL_UPDATE run_id=16 node=U2 source=Authority destination=TM
event=receive timestamp_ns=1791282485717390524 workflow=ARL_UPDATE run_id=17 node=U2 source=Authority destination=TM
event=receive timestamp_ns=1791282487246013798 workflow=ARL_UPDATE run_id=18 node=U2 source=Authority destination=TM
event=receive timestamp_ns=1791282488786227507 workflow=ARL_UPDATE run_id=19 node=U2 source=Authority destination=TM
event=receive timestamp_ns=1791282490323844932 workflow=ARL_UPDATE run_id=20 node=U2 source=Authority destination=TM
event=receive timestamp_ns=1791282491859851159 workflow=ARL_UPDATE run_id=21 node=U2 source=Authority destination=TM
event=receive timestamp_ns=1791282493399488996 workflow=ARL_UPDATE run_id=22 node=U2 source=Authority destination=TM
event=receive timestamp_ns=1791282494926959282 workflow=ARL_UPDATE run_id=23 node=U2 source=Authority destination=TM
event=receive timestamp_ns=1791282496468023621 workflow=ARL_UPDATE run_id=24 node=U2 source=Authority destination=TM
event=receive timestamp_ns=1791282498040976131 workflow=ARL_UPDATE run_id=25 node=U2 source=Authority destination=TM
event=receive timestamp_ns=1791282499576593116 workflow=ARL_UPDATE run_id=26 node=U2 source=Authority destination=TM
event=receive timestamp_ns=1791282501075878719 workflow=ARL_UPDATE run_id=27 node=U2 source=Authority destination=TM
event=receive timestamp_ns=1791282502646094963 workflow=ARL_UPDATE run_id=28 node=U2 source=Authority destination=TM
event=receive timestamp_ns=1791282504151911559 workflow=ARL_UPDATE run_id=29 node=U2 source=Authority destination=TM
event=receive timestamp_ns=1791282505717649339 workflow=ARL_UPDATE run_id=30 node=U2 source=Authority destination=TM
event=receive timestamp_ns=1791282507247288226 workflow=ARL_UPDATE run_id=31 node=U2 source=Authority destination=TM
event=receive timestamp_ns=1791282508822897058 workflow=ARL_UPDATE run_id=32 node=U2 source=Authority destination=TM
event=receive timestamp_ns=1791282510356509088 workflow=ARL_UPDATE run_id=33 node=U2 source=Authority destination=TM
event=receive timestamp_ns=1791282511894940423 workflow=ARL_UPDATE run_id=34 node=U2 source=Authority destination=TM
event=receive timestamp_ns=1791282513461117126 workflow=ARL_UPDATE run_id=35 node=U2 source=Authority destination=TM
event=receive timestamp_ns=1791282515025853269 workflow=ARL_UPDATE run_id=36 node=U2 source=Authority destination=TM
event=receive timestamp_ns=1791282516594845936 workflow=ARL_UPDATE run_id=37 node=U2 source=Authority destination=TM
event=receive timestamp_ns=1791282518168360348 workflow=ARL_UPDATE run_id=38 node=U2 source=Authority destination=TM
event=receive timestamp_ns=1791282519666629095 workflow=ARL_UPDATE run_id=39 node=U2 source=Authority destination=TM
event=receive timestamp_ns=1791282521201463278 workflow=ARL_UPDATE run_id=40 node=U2 source=Authority destination=TM
event=receive timestamp_ns=1791282522740099870 workflow=ARL_UPDATE run_id=41 node=U2 source=Authority destination=TM
event=receive timestamp_ns=1791282524276224185 workflow=ARL_UPDATE run_id=42 node=U2 source=Authority destination=TM
event=receive timestamp_ns=1791282525810443936 workflow=ARL_UPDATE run_id=43 node=U2 source=Authority destination=TM
event=receive timestamp_ns=1791282527345933944 workflow=ARL_UPDATE run_id=44 node=U2 source=Authority destination=TM
event=receive timestamp_ns=1791282528886769738 workflow=ARL_UPDATE run_id=45 node=U2 source=Authority destination=TM
event=receive timestamp_ns=1791282530418804367 workflow=ARL_UPDATE run_id=46 node=U2 source=Authority destination=TM
event=receive timestamp_ns=1791282531988126481 workflow=ARL_UPDATE run_id=47 node=U2 source=Authority destination=TM
event=receive timestamp_ns=1791282533526249698 workflow=ARL_UPDATE run_id=48 node=U2 source=Authority destination=TM
event=receive timestamp_ns=1791282535060687641 workflow=ARL_UPDATE run_id=49 node=U2 source=Authority destination=TM
event=receive timestamp_ns=1791282536596116276 workflow=ARL_UPDATE run_id=50 node=U2 source=Authority destination=TM
event=receive timestamp_ns=1791282538165512632 workflow=ARL_UPDATE run_id=51 node=U2 source=Authority destination=TM
event=receive timestamp_ns=1791282539698873126 workflow=ARL_UPDATE run_id=52 node=U2 source=Authority destination=TM
event=receive timestamp_ns=1791282541271399292 workflow=ARL_UPDATE run_id=53 node=U2 source=Authority destination=TM
event=receive timestamp_ns=1791282542812274025 workflow=ARL_UPDATE run_id=54 node=U2 source=Authority destination=TM
event=receive timestamp_ns=1791282544349287165 workflow=ARL_UPDATE run_id=55 node=U2 source=Authority destination=TM
event=receive timestamp_ns=1791282545974182213 workflow=ARL_UPDATE run_id=56 node=U2 source=Authority destination=TM
event=receive timestamp_ns=1791282547507203268 workflow=ARL_UPDATE run_id=57 node=U2 source=Authority destination=TM
event=receive timestamp_ns=1791282549077537370 workflow=ARL_UPDATE run_id=58 node=U2 source=Authority destination=TM
event=receive timestamp_ns=1791282550646406348 workflow=ARL_UPDATE run_id=59 node=U2 source=Authority destination=TM
event=receive timestamp_ns=1791282552240265952 workflow=ARL_UPDATE run_id=60 node=U2 source=Authority destination=TM
event=receive timestamp_ns=1791282553781304497 workflow=ARL_UPDATE run_id=61 node=U2 source=Authority destination=TM
event=receive timestamp_ns=1791282555348008136 workflow=ARL_UPDATE run_id=62 node=U2 source=Authority destination=TM
event=receive timestamp_ns=1791282556950001254 workflow=ARL_UPDATE run_id=63 node=U2 source=Authority destination=TM
event=receive timestamp_ns=1791282558517272324 workflow=ARL_UPDATE run_id=64 node=U2 source=Authority destination=TM
event=receive timestamp_ns=1791282560023559958 workflow=ARL_UPDATE run_id=65 node=U2 source=Authority destination=TM
event=receive timestamp_ns=1791282561587617404 workflow=ARL_UPDATE run_id=66 node=U2 source=Authority destination=TM
event=receive timestamp_ns=1791282563157445383 workflow=ARL_UPDATE run_id=67 node=U2 source=Authority destination=TM
event=receive timestamp_ns=1791282564691420463 workflow=ARL_UPDATE run_id=68 node=U2 source=Authority destination=TM
event=receive timestamp_ns=1791282566291150375 workflow=ARL_UPDATE run_id=69 node=U2 source=Authority destination=TM
event=receive timestamp_ns=1791282567825645130 workflow=ARL_UPDATE run_id=70 node=U2 source=Authority destination=TM
event=receive timestamp_ns=1791282571787313101 workflow=KEY_REQUEST run_id=bench_h4_key_w1 node=U2 source=TM4 destination=TM
event=receive timestamp_ns=1791282574251078612 workflow=KEY_REQUEST run_id=bench_h4_key_w2 node=U2 source=TM4 destination=TM
event=receive timestamp_ns=1791282577226734498 workflow=KEY_REQUEST run_id=bench_h4_key_w3 node=U2 source=TM4 destination=TM
event=receive timestamp_ns=1791282583626722936 workflow=KEY_REQUEST run_id=bench_h4_key_w4 node=U2 source=TM4 destination=TM
event=receive timestamp_ns=1791282585067146748 workflow=KEY_REQUEST run_id=bench_h4_key_w5 node=U2 source=TM4 destination=TM
event=receive timestamp_ns=1791282589066745358 workflow=KEY_REQUEST run_id=bench_h4_key_001 node=U2 source=TM4 destination=TM
event=receive timestamp_ns=1791282592426625461 workflow=KEY_REQUEST run_id=bench_h4_key_002 node=U2 source=TM4 destination=TM
event=receive timestamp_ns=1791282596363370560 workflow=KEY_REQUEST run_id=bench_h4_key_003 node=U2 source=TM4 destination=TM
event=receive timestamp_ns=1791282601358747760 workflow=KEY_REQUEST run_id=bench_h4_key_004 node=U2 source=TM4 destination=TM
event=receive timestamp_ns=1791282604330625875 workflow=KEY_REQUEST run_id=bench_h4_key_005 node=U2 source=TM4 destination=TM
event=receive timestamp_ns=1791282607818929892 workflow=KEY_REQUEST run_id=bench_h4_key_006 node=U2 source=TM4 destination=TM
event=receive timestamp_ns=1791282611339082368 workflow=KEY_REQUEST run_id=bench_h4_key_007 node=U2 source=TM4 destination=TM
event=receive timestamp_ns=1791282615306857387 workflow=KEY_REQUEST run_id=bench_h4_key_008 node=U2 source=TM4 destination=TM
event=receive timestamp_ns=1791282619562836877 workflow=KEY_REQUEST run_id=bench_h4_key_009 node=U2 source=TM4 destination=TM
event=receive timestamp_ns=1791282622122681213 workflow=KEY_REQUEST run_id=bench_h4_key_010 node=U2 source=TM4 destination=TM
event=receive timestamp_ns=1791282626478856314 workflow=KEY_REQUEST run_id=bench_h4_key_011 node=U2 source=TM4 destination=TM
event=receive timestamp_ns=1791282629034812725 workflow=KEY_REQUEST run_id=bench_h4_key_012 node=U2 source=TM4 destination=TM
event=receive timestamp_ns=1791282632490743445 workflow=KEY_REQUEST run_id=bench_h4_key_013 node=U2 source=TM4 destination=TM
event=receive timestamp_ns=1791282637002603191 workflow=KEY_REQUEST run_id=bench_h4_key_014 node=U2 source=TM4 destination=TM
event=receive timestamp_ns=1791282639979103685 workflow=KEY_REQUEST run_id=bench_h4_key_015 node=U2 source=TM4 destination=TM
event=receive timestamp_ns=1791282643883117650 workflow=KEY_REQUEST run_id=bench_h4_key_016 node=U2 source=TM4 destination=TM
event=receive timestamp_ns=1791282648267222123 workflow=KEY_REQUEST run_id=bench_h4_key_017 node=U2 source=TM4 destination=TM
event=receive timestamp_ns=1791282650826882570 workflow=KEY_REQUEST run_id=bench_h4_key_018 node=U2 source=TM4 destination=TM
event=receive timestamp_ns=1791282655210663068 workflow=KEY_REQUEST run_id=bench_h4_key_019 node=U2 source=TM4 destination=TM
event=receive timestamp_ns=1791282657775030803 workflow=KEY_REQUEST run_id=bench_h4_key_020 node=U2 source=TM4 destination=TM
event=receive timestamp_ns=1791282663178810794 workflow=KEY_REQUEST run_id=bench_h4_key_021 node=U2 source=TM4 destination=TM
event=receive timestamp_ns=1791282665739408156 workflow=KEY_REQUEST run_id=bench_h4_key_022 node=U2 source=TM4 destination=TM
event=receive timestamp_ns=1791282669739223473 workflow=KEY_REQUEST run_id=bench_h4_key_023 node=U2 source=TM4 destination=TM
event=receive timestamp_ns=1791282673739288585 workflow=KEY_REQUEST run_id=bench_h4_key_024 node=U2 source=TM4 destination=TM
event=receive timestamp_ns=1791282676714768169 workflow=KEY_REQUEST run_id=bench_h4_key_025 node=U2 source=TM4 destination=TM
event=receive timestamp_ns=1791282682026566912 workflow=KEY_REQUEST run_id=bench_h4_key_026 node=U2 source=TM4 destination=TM
event=receive timestamp_ns=1791282683498928646 workflow=KEY_REQUEST run_id=bench_h4_key_027 node=U2 source=TM4 destination=TM
event=receive timestamp_ns=1791282688811005792 workflow=KEY_REQUEST run_id=bench_h4_key_028 node=U2 source=TM4 destination=TM
event=receive timestamp_ns=1791282691754828293 workflow=KEY_REQUEST run_id=bench_h4_key_029 node=U2 source=TM4 destination=TM
event=receive timestamp_ns=1791282694314785827 workflow=KEY_REQUEST run_id=bench_h4_key_030 node=U2 source=TM4 destination=TM
