event=receive timestamp_ns=1791282400810876197 workflow=KEY_REQUEST run_id=bench_h4_setup node=U3 source=TM4 destination=TM
event=receive timestamp_ns=1791282404946041285 workflow=CT_SHARE run_id=1 node=U3 source=TM4 destination=TM
event=receive timestamp_ns=1791282406517997664 workflow=CT_SHARE run_id=2 node=U3 source=TM4 destination=TM
event=receive timestamp_ns=1791282408114298280 workflow=CT_SHARE run_id=3 node=U3 source=TM4 destination=TM
event=receive timestamp_ns=1791282409687522535 workflow=CT_SHARE run_id=4 node=U3 source=TM4 destination=TM
event=receive timestamp_ns=1791282411288056217 workflow=CT_SHARE run_id=5 node=U3 source=TM4 destination=TM
event=receive timestamp_ns=1791282412886858643 workflow=CT_SHARE run_id=6 node=U3 source=TM4 destination=TM
event=receive timestamp_ns=1791282414457472102 workflow=CT_SHARE run_id=7 node=U3 source=TM4 destination=TM
event=receive timestamp_ns=1791282416024676661 workflow=CT_SHARE run_id=8 node=U3 source=TM4 destination=TM
event=receive timestamp_ns=1791282417593634080 workflow=CT_SHARE run_id=9 node=U3 source=TM4 destination=TM
event=receive timestamp_ns=1791282419162879361 workflow=CT_SHARE run_id=10 node=U3 source=TM4 destination=TM
event=receive timestamp_ns=1791282420730826881 workflow=CT_SHARE run_id=11 node=U3 source=TM4 destination=TM
event=receive timestamp_ns=1791282422299613583 workflow=CT_SHARE run_id=12 node=U3 source=TM4 destination=TM
event=receive timestamp_ns=1791282423835058376 workflow=CT_SHARE run_id=13 node=U3 source=TM4 destination=TM
event=receive timestamp_ns=1791282425402151488 workflow=CT_SHARE run_id=14 node=U3 source=TM4 destination=TM
event=receive timestamp_ns=1791282426970274751 workflow=CT_SHARE run_id=15 node=U3 source=TM4 destination=TM
event=receive timestamp_ns=1791282428569257618 workflow=CT_SHARE run_id=16 node=U3 source=TM4 destination=TM
event=receive timestamp_ns=1791282430132311560 workflow=CT_SHARE run_id=17 node=U3 source=TM4 destination=TM
event=receive timestamp_ns=1791282431707019595 workflow=CT_SHARE run_id=18 node=U3 source=TM4 destination=TM
event=receive timestamp_ns=1791282433266832938 workflow=CT_SHARE run_id=19 node=U3 source=TM4 destination=TM
event=receive timestamp_ns=1791282434842033819 workflow=CT_SHARE run_id=20 node=U3 source=TM4 destination=TM
event=receive timestamp_ns=1791282436410496335 workflow=CT_SHARE run_id=21 node=U3 source=TM4 destination=TM
event=receive timestamp_ns=1791282437978367903 workflow=CT_SHARE run_id=22 node=U3 source=TM4 destination=TM
event=receive timestamp_ns=1791282439546258833 workflow=CT_SHARE run_id=23 node=U3 source=TM4 destination=TM
event=receive timestamp_ns=1791282441112880187 workflow=CT_SHARE run_id=24 node=U3 source=TM4 destination=TM
event=receive timestamp_ns=1791282442677125123 workflow=CT_SHARE run_id=25 node=U3 source=TM4 destination=TM
event=receive timestamp_ns=1791282444251730101 workflow=CT_SHARE run_id=26 node=U3 source=TM4 destination=TM
event=receive timestamp_ns=1791282445814641301 workflow=CT_SHARE run_id=27 node=U3 source=TM4 destination=TM
event=receive timestamp_ns=1791282447381283045 workflow=CT_SHARE run_id=28 node=U3 source=TM4 destination=TM
event=receive timestamp_ns=1791282448952789833 workflow=CT_SHARE run_id=29 node=U3 source=TM4 destination=TM
event=receive timestamp_ns=1791282450522687410 workflow=CT_SHARE run_id=30 node=U3 source=TM4 destination=TM
event=receive timestamp_ns=1791282452090280762 workflow=CT_SHARE run_id=31 node=U3 source=TM4 destination=TM
event=receive timestamp_ns=1791282453657999757 workflow=CT_SHARE run_id=32 node=U3 source=TM4 destination=TM
event=receive timestamp_ns=1791282455222751686 workflow=CT_SHARE run_id=33 node=U3 source=TM4 destination=TM
event=receive timestamp_ns=1791282456787100659 workflow=CT_SHARE run_id=34 node=U3 source=TM4 destination=TM
event=receive timestamp_ns=1791282458353878477 workflow=CT_SHARE run_id=35 node=U3 source=TM4 destination=TM
event=receive timestamp_ns=1791282461107864159 workflow=ARL_UPDATE run_id=1 node=U3 source=Authority destination=TM
event=receive timestamp_ns=1791282462640292878 workflow=ARL_UPDATE run_id=2 node=U3 source=Authority destination=TM
event=receive timestamp_ns=1791282464178717674 workflow=ARL_UPDATE run_id=3 node=U3 source=Authority destination=TM
event=receive timestamp_ns=1791282465708852252 workflow=ARL_UPDATE run_id=4 node=U3 source=Authority destination=TM
event=receive timestamp_ns=1791282467249374868 workflow=ARL_UPDATE run_id=5 node=U3 source=Authority destination=TM
event=receive timestamp_ns=1791282468786223330 workflow=ARL_UPDATE run_id=6 node=U3 source=Authority destination=TM
event=receive timestamp_ns=1791282470325497115 workflow=ARL_UPDATE run_id=7 node=U3 source=Authority destination=TM
event=receive timestamp_ns=1791282471854731118 workflow=ARL_UPDATE run_id=8 node=U3 source=Authority destination=TM
event=receive timestamp_ns=1791282473393671532 workflow=ARL_UPDATE run_id=9 node=U3 source=Authority destination=TM
event=receive timestamp_ns=1791282474929410554 workflow=ARL_UPDATE run_id=10 node=U3 source=Authority destination=TM
event=receive timestamp_ns=1791282476532528512 workflow=ARL_UPDATE run_id=11 node=U3 source=Authority destination=TM
event=receive timestamp_ns=1791282478065015544 workflow=ARL_UPDATE run_id=12 node=U3 source=Authority destination=TM
event=receive timestamp_ns=1791282479603042464 workflow=ARL_UPDATE run_id=13 node=U3 source=Authority destination=TM
event=receive timestamp_ns=1791282481138949284 workflow=ARL_UPDATE run_id=14 node=U3 source=Authority destination=TM
event=receive timestamp_ns=1791282482675376831 workflow=ARL_UPDATE run_id=15 node=U3 source=Authority destination=TM
event=receive timestamp_ns=1791282484209567859 workflow=ARL_UPDATE run_id=16 node=U3 source=Authority destination=TM
event=receive timestamp_ns=1791282485811374251 workflow=ARL_UPDATE run_id=17 node=U3 source=Authority destination=TM
event=receive timestamp_ns=1791282487348851581 workflow=ARL_UPDATE run_id=18 node=U3 source=Authority destination=TM
event=receive timestamp_ns=1791282488881709539 workflow=ARL_UPDATE run_id=19 node=U3 source=Authority destination=TM
event=receive timestamp_ns=1791282490418624879 workflow=ARL_UPDATE run_id=20 node=U3 source=Authority destination=TM
event=receive timestamp_ns=1791282491955869738 workflow=ARL_UPDATE run_id=21 node=U3 source=Authority destination=TM
event=receive timestamp_ns=1791282493491983142 workflow=ARL_UPDATE run_id=22 node=U3 source=Authority destination=TM
event=receive timestamp_ns=1791282495023576727 workflow=ARL_UPDATE run_id=23 node=U3 source=Authority destination=TM
event=receive timestamp_ns=1791282496567000939 workflow=ARL_UPDATE run_id=24 node=U3 source=Authority destination=TM
event=receive timestamp_ns=1791282498132684323 workflow=ARL_UPDATE run_id=25 node=U3 source=Authority destination=TM
event=receive timestamp_ns=1791282499667283789 workflow=ARL_UPDATE run_id=26 node=U3 source=Authority destination=TM
event=receive timestamp_ns=1791282501169639417 workflow=ARL_UPDATE run_id=27 node=U3 source=Authority destination=TM
event=receive timestamp_ns=1791282502704067958 workflow=ARL_UPDATE run_id=28 node=U3 source=Authority destination=TM
event=receive timestamp_ns=1791282504239759339 workflow=ARL_UPDATE run_id=29 node=U3 source=Authority destination=TM
event=receive timestamp_ns=1791282505843863997 workflow=ARL_UPDATE run_id=30 node=U3 source=Authority destination=TM
event=receive timestamp_ns=1791282507345535510 workflow=ARL_UPDATE run_id=31 node=U3 source=Authority destination=TM
event=receive timestamp_ns=1791282508919621775 workflow=ARL_UPDATE run_id=32 node=U3 source=Authority destination=TM
event=receive timestamp_ns=1791282510452330148 workflow=ARL_UPDATE run_id=33 node=U3 source=Authority destination=TM
event=receive timestamp_ns=1791282511988257478 workflow=ARL_UPDATE run_id=34 node=U3 source=Authority destination=TM
event=receive timestamp_ns=1791282513557085919 workflow=ARL_UPDATE run_id=35 node=U3 source=Authority destination=TM
event=receive timestamp_ns=1791282515127648711 workflow=ARL_UPDATE run_id=36 node=U3 source=Authority destination=TM
event=receive timestamp_ns=1791282516691896327 workflow=ARL_UPDATE run_id=37 node=U3 source=Authority destination=TM
event=receive timestamp_ns=1791282518226089609 workflow=ARL_UPDATE run_id=38 node=U3 source=Authority destination=TM
event=receive timestamp_ns=1791282519763534438 workflow=ARL_UPDATE run_id=39 node=U3 source=Authority destination=TM
event=receive timestamp_ns=1791282521296857877 workflow=ARL_UPDATE run_id=40 node=U3 source=Authority destination=TM
event=receive timestamp_ns=1791282522833788879 workflow=ARL_UPDATE run_id=41 node=U3 source=Authority destination=TM
event=receive timestamp_ns=1791282524369216729 workflow=ARL_UPDATE run_id=42 node=U3 source=Authority destination=TM
event=receive timestamp_ns=1791282525907103845 workflow=ARL_UPDATE run_id=43 node=U3 source=Authority destination=TM
event=receive timestamp_ns=1791282527440684483 workflow=ARL_UPDATE run_id=44 node=U3 source=Authority destination=TM
event=receive timestamp_ns=1791282528977570972 workflow=ARL_UPDATE run_id=45 node=U3 source=Authority destination=TM
event=receive timestamp_ns=1791282530513586028 workflow=ARL_UPDATE run_id=46 node=U3 source=Authority destination=TM
event=receive timestamp_ns=1791282532082615552 workflow=ARL_UPDATE run_id=47 node=U3 source=Authority destination=TM
event=receive timestamp_ns=1791282533617265798 workflow=ARL_UPDATE run_id=48 node=U3 source=Authority destination=TM
event=receive timestamp_ns=1791282535150549144 workflow=ARL_UPDATE run_id=49 node=U3 source=Authority destination=TM
event=receive timestamp_ns=1791282536689144855 workflow=ARL_UPDATE run_id=50 node=U3 source=Authority destination=TM
event=receive timestamp_ns=1791282538256024106 workflow=ARL_UPDATE run_id=51 node=U3 source=Authority destination=TM
event=receive timestamp_ns=1791282539793973145 workflow=ARL_UPDATE run_id=52 node=U3 source=Authority destination=TM
event=receive timestamp_ns=1791282541362944878 workflow=ARL_UPDATE run_id=53 node=U3 source=Authority destination=TM
event=receive timestamp_ns=1791282542900413473 workflow=ARL_UPDATE run_id=54 node=U3 source=Authority destination=TM
event=receive timestamp_ns=1791282544433847901 workflow=ARL_UPDATE run_id=55 node=U3 source=Authority destination=TM
event=receive timestamp_ns=1791282546033335485 workflow=ARL_UPDATE run_id=56 node=U3 source=Authority destination=TM
event=receive timestamp_ns=1791282547604169285 workflow=ARL_UPDATE run_id=57 node=U3 source=Authority destination=TM
event=receive timestamp_ns=1791282549174632564 workflow=ARL_UPDATE run_id=58 node=U3 source=Authority destination=TM
event=receive timestamp_ns=1791282550738147287 workflow=ARL_UPDATE run_id=59 node=U3 source=Authority destination=TM
event=receive timestamp_ns=1791282552344986250 workflow=ARL_UPDATE run_id=60 node=U3 source=Authority destination=TM
event=receive timestamp_ns=1791282553874224049 workflow=ARL_UPDATE run_id=61 node=U3 source=Authority destination=TM
event=receive timestamp_ns=1791282555439605300 workflow=ARL_UPDATE run_id=62 node=U3 source=Authority destination=TM
event=receive timestamp_ns=1791282557042882006 workflow=ARL_UPDATE run_id=63 node=U3 source=Authority destination=TM
event=receive timestamp_ns=1791282558616298035 workflow=ARL_UPDATE run_id=64 node=U3 source=Authority destination=TM
event=receive timestamp_ns=1791282560121487947 workflow=ARL_UPDATE run_id=65 node=U3 source=Authority destination=TM
event=receive timestamp_ns=1791282561684049845 workflow=ARL_UPDATE run_id=66 node=U3 source=Authority destination=TM
event=receive timestamp_ns=1791282563252003140 workflow=ARL_UPDATE run_id=67 node=U3 source=Authority destination=TM
event=receive timestamp_ns=1791282564786020744 workflow=ARL_UPDATE run_id=68 node=U3 source=Authority destination=TM
event=receive timestamp_ns=1791282566385481240 workflow=ARL_UPDATE run_id=69 node=U3 source=Authority destination=TM
event=receive timestamp_ns=1791282567919237172 workflow=ARL_UPDATE run_id=70 node=U3 source=Authority destination=TM
event=receive timestamp_ns=1791282571307163924 workflow=KEY_REQUEST run_id=bench_h4_key_w1 node=U3 source=TM4 destination=TM
event=receive timestamp_ns=1791282574154972649 workflow=KEY_REQUEST run_id=bench_h4_key_w2 node=U3 source=TM4 destination=TM
event=receive timestamp_ns=1791282577130749214 workflow=KEY_REQUEST run_id=bench_h4_key_w3 node=U3 source=TM4 destination=TM
event=receive timestamp_ns=1791282582634604817 workflow=KEY_REQUEST run_id=bench_h4_key_w4 node=U3 source=TM4 destination=TM
event=receive timestamp_ns=1791282585482741405 workflow=KEY_REQUEST run_id=bench_h4_key_w5 node=U3 source=TM4 destination=TM
event=receive timestamp_ns=1791282588494874941 workflow=KEY_REQUEST run_id=bench_h4_key_001 node=U3 source=TM4 destination=TM
event=receive timestamp_ns=1791282592842526114 workflow=KEY_REQUEST run_id=bench_h4_key_002 node=U3 source=TM4 destination=TM
event=receive timestamp_ns=1791282596778680052 workflow=KEY_REQUEST run_id=bench_h4_key_003 node=U3 source=TM4 destination=TM
event=receive timestamp_ns=1791282600746769704 workflow=KEY_REQUEST run_id=bench_h4_key_004 node=U3 source=TM4 destination=TM
event=receive timestamp_ns=1791282604778785234 workflow=KEY_REQUEST run_id=bench_h4_key_005 node=U3 source=TM4 destination=TM
event=receive timestamp_ns=1791282608234764149 workflow=KEY_REQUEST run_id=bench_h4_key_006 node=U3 source=TM4 destination=TM
event=receive timestamp_ns=1791282611754763642 workflow=KEY_REQUEST run_id=bench_h4_key_007 node=U3 source=TM4 destination=TM
event=receive timestamp_ns=1791282614734769271 workflow=KEY_REQUEST run_id=bench_h4_key_008 node=U3 source=TM4 destination=TM
event=receive timestamp_ns=1791282618570710190 workflow=KEY_REQUEST run_id=bench_h4_key_009 node=U3 source=TM4 destination=TM
event=receive timestamp_ns=1791282622538947830 workflow=KEY_REQUEST run_id=bench_h4_key_010 node=U3 source=TM4 destination=TM
event=receive timestamp_ns=1791282625483318586 workflow=KEY_REQUEST run_id=bench_h4_key_011 node=U3 source=TM4 destination=TM
event=receive timestamp_ns=1791282629451272532 workflow=KEY_REQUEST run_id=bench_h4_key_012 node=U3 source=TM4 destination=TM
event=receive timestamp_ns=1791282632394804361 workflow=KEY_REQUEST run_id=bench_h4_key_013 node=U3 source=TM4 destination=TM
event=receive timestamp_ns=1791282636938687856 workflow=KEY_REQUEST run_id=bench_h4_key_014 node=U3 source=TM4 destination=TM
event=receive timestamp_ns=1791282639883030563 workflow=KEY_REQUEST run_id=bench_h4_key_015 node=U3 source=TM4 destination=TM
event=receive timestamp_ns=1791282643790729902 workflow=KEY_REQUEST run_id=bench_h4_key_016 node=U3 source=TM4 destination=TM
event=receive timestamp_ns=1791282647790830810 workflow=KEY_REQUEST run_id=bench_h4_key_017 node=U3 source=TM4 destination=TM
event=receive timestamp_ns=1791282651243070846 workflow=KEY_REQUEST run_id=bench_h4_key_018 node=U3 source=TM4 destination=TM
event=receive timestamp_ns=1791282654218796272 workflow=KEY_REQUEST run_id=bench_h4_key_019 node=U3 source=TM4 destination=TM
event=receive timestamp_ns=1791282658186542155 workflow=KEY_REQUEST run_id=bench_h4_key_020 node=U3 source=TM4 destination=TM
event=receive timestamp_ns=1791282662667167090 workflow=KEY_REQUEST run_id=bench_h4_key_021 node=U3 source=TM4 destination=TM
event=receive timestamp_ns=1791282666154819736 workflow=KEY_REQUEST run_id=bench_h4_key_022 node=U3 source=TM4 destination=TM
event=receive timestamp_ns=1791282669642796932 workflow=KEY_REQUEST run_id=bench_h4_key_023 node=U3 source=TM4 destination=TM
event=receive timestamp_ns=1791282673643066178 workflow=KEY_REQUEST run_id=bench_h4_key_024 node=U3 source=TM4 destination=TM
event=receive timestamp_ns=1791282677131000188 workflow=KEY_REQUEST run_id=bench_h4_key_025 node=U3 source=TM4 destination=TM
event=receive timestamp_ns=1791282681034808689 workflow=KEY_REQUEST run_id=bench_h4_key_026 node=U3 source=TM4 destination=TM
event=receive timestamp_ns=1791282683915125699 workflow=KEY_REQUEST run_id=bench_h4_key_027 node=U3 source=TM4 destination=TM
event=receive timestamp_ns=1791282687306914857 workflow=KEY_REQUEST run_id=bench_h4_key_028 node=U3 source=TM4 destination=TM
event=receive timestamp_ns=1791282690762846037 workflow=KEY_REQUEST run_id=bench_h4_key_029 node=U3 source=TM4 destination=TM
event=receive timestamp_ns=1791282694734636008 workflow=KEY_REQUEST run_id=bench_h4_key_030 node=U3 source=TM4 destination=TM
