event=receive timestamp_ns=1791282400810981367 workflow=KEY_REQUEST run_id=bench_h4_setup node=U5 source=TM4 destination=TM
event=receive timestamp_ns=1791282405489633066 workflow=CT_SHARE run_id=1 node=U5 source=TM4 destination=TM
event=receive timestamp_ns=1791282407035300434 workflow=CT_SHARE run_id=2 node=U5 source=TM4 destination=TM
event=receive timestamp_ns=1791282408631622167 workflow=CT_SHARE run_id=3 node=U5 source=TM4 destination=TM
event=receive timestamp_ns=1791282410197636933 workflow=CT_SHARE run_id=4 node=U5 source=TM4 destination=TM
event=receive timestamp_ns=1791282411804671595 workflow=CT_SHARE run_id=5 node=U5 source=TM4 destination=TM
event=receive timestamp_ns=1791282413399330178 workflow=CT_SHARE run_id=6 node=U5 source=TM4 destination=TM
event=receive timestamp_ns=1791282414969021559 workflow=CT_SHARE run_id=7 node=U5 source=TM4 destination=TM
event=receive timestamp_ns=1791282416531440494 workflow=CT_SHARE run_id=8 node=U5 source=TM4 destination=TM
event=receive timestamp_ns=1791282418104413268 workflow=CT_SHARE run_id=9 node=U5 source=TM4 destination=TM
event=receive timestamp_ns=1791282419671776765 workflow=CT_SHARE run_id=10 node=U5 source=TM4 destination=TM
event=receive timestamp_ns=1791282421240813812 workflow=CT_SHARE run_id=11 node=U5 source=TM4 destination=TM
event=receive timestamp_ns=1791282422775986233 workflow=CT_SHARE run_id=12 node=U5 source=TM4 destination=TM
event=receive timestamp_ns=1791282424344404667 workflow=CT_SHARE run_id=13 node=U5 source=TM4 destination=TM
event=receive timestamp_ns=1791282425878794966 workflow=CT_SHARE run_id=14 node=U5 source=TM4 destination=TM
event=receive timestamp_ns=1791282427481684022 workflow=CT_SHARE run_id=15 node=U5 source=TM4 destination=TM
event=receive timestamp_ns=1791282429080757251 workflow=CT_SHARE run_id=16 node=U5 source=TM4 destination=TM
event=receive timestamp_ns=1791282430649182676 workflow=CT_SHARE run_id=17 node=U5 source=TM4 destination=TM
event=receive timestamp_ns=1791282432213829242 workflow=CT_SHARE run_id=18 node=U5 source=TM4 destination=TM
event=receive timestamp_ns=1791282433783809017 workflow=CT_SHARE run_id=19 node=U5 source=TM4 destination=TM
event=receive timestamp_ns=1791282435350503262 workflow=CT_SHARE run_id=20 node=U5 source=TM4 destination=TM
event=receive timestamp_ns=1791282436920039386 workflow=CT_SHARE run_id=21 node=U5 source=TM4 destination=TM
event=receive timestamp_ns=1791282438483851794 workflow=CT_SHARE run_id=22 node=U5 source=TM4 destination=TM
event=receive timestamp_ns=1791282440053341276 workflow=CT_SHARE run_id=23 node=U5 source=TM4 destination=TM
event=receive timestamp_ns=1791282441625041552 workflow=CT_SHARE run_id=24 node=U5 source=TM4 destination=TM
event=receive timestamp_ns=1791282443186588018 workflow=CT_SHARE run_id=25 node=U5 source=TM4 destination=TM
event=receive timestamp_ns=1791282444760682368 workflow=CT_SHARE run_id=26 node=U5 source=TM4 destination=TM
event=receive timestamp_ns=1791282446326241927 workflow=CT_SHARE run_id=27 node=U5 source=TM4 destination=TM
event=receive timestamp_ns=1791282447896637311 workflow=CT_SHARE run_id=28 node=U5 source=TM4 destination=TM
event=receive timestamp_ns=1791282449465308783 workflow=CT_SHARE run_id=29 node=U5 source=TM4 destination=TM
event=receive timestamp_ns=1791282451033642422 workflow=CT_SHARE run_id=30 node=U5 source=TM4 destination=TM
event=receive timestamp_ns=1791282452600762946 workflow=CT_SHARE run_id=31 node=U5 source=TM4 destination=TM
event=receive timestamp_ns=1791282454170662644 workflow=CT_SHARE run_id=32 node=U5 source=TM4 destination=TM
event=receive timestamp_ns=1791282455739658628 workflow=CT_SHARE run_id=33 node=U5 source=TM4 destination=TM
event=receive timestamp_ns=1791282457301122771 workflow=CT_SHARE run_id=34 node=U5 source=TM4 destination=TM
event=receive timestamp_ns=1791282458874884919 workflow=CT_SHARE run_id=35 node=U5 source=TM4 destination=TM
event=receive timestamp_ns=1791282461298196021 workflow=ARL_UPDATE run_id=1 node=U5 source=Authority destination=TM
event=receive timestamp_ns=1791282462869371810 workflow=ARL_UPDATE run_id=2 node=U5 source=Authority destination=TM
event=receive timestamp_ns=1791282464369703161 workflow=ARL_UPDATE run_id=3 node=U5 source=Authority destination=TM
event=receive timestamp_ns=1791282465933924850 workflow=ARL_UPDATE run_id=4 node=U5 source=Authority destination=TM
event=receive timestamp_ns=1791282467409490443 workflow=ARL_UPDATE run_id=5 node=U5 source=Authority destination=TM
event=receive timestamp_ns=1791282468944194808 workflow=ARL_UPDATE run_id=6 node=U5 source=Authority destination=TM
event=receive timestamp_ns=1791282470484139577 workflow=ARL_UPDATE run_id=7 node=U5 source=Authority destination=TM
event=receive timestamp_ns=1791282472016065918 workflow=ARL_UPDATE run_id=8 node=U5 source=Authority destination=TM
event=receive timestamp_ns=1791282473588404325 workflow=ARL_UPDATE run_id=9 node=U5 source=Authority destination=TM
event=receive timestamp_ns=1791282475126753873 workflow=ARL_UPDATE run_id=10 node=U5 source=Authority destination=TM
event=receive timestamp_ns=1791282476757543466 workflow=ARL_UPDATE run_id=11 node=U5 source=Authority destination=TM
event=receive timestamp_ns=1791282478259997078 workflow=ARL_UPDATE run_id=12 node=U5 source=Authority destination=TM
event=receive timestamp_ns=1791282479794295256 workflow=ARL_UPDATE run_id=13 node=U5 source=Authority destination=TM
event=receive timestamp_ns=1791282481329316826 workflow=ARL_UPDATE run_id=14 node=U5 source=Authority destination=TM
event=receive timestamp_ns=1791282482865469032 workflow=ARL_UPDATE run_id=15 node=U5 source=Authority destination=TM
event=receive timestamp_ns=1791282484401343176 workflow=ARL_UPDATE run_id=16 node=U5 source=Authority destination=TM
event=receive timestamp_ns=1791282486000889006 workflow=ARL_UPDATE run_id=17 node=U5 source=Authority destination=TM
event=receive timestamp_ns=1791282487539005378 workflow=ARL_UPDATE run_id=18 node=U5 source=Authority destination=TM
event=receive timestamp_ns=1791282489075599489 workflow=ARL_UPDATE run_id=19 node=U5 source=Authority destination=TM
event=receive timestamp_ns=1791282490611101184 workflow=ARL_UPDATE run_id=20 node=U5 source=Authority destination=TM
event=receive timestamp_ns=1791282492143663282 workflow=ARL_UPDATE run_id=21 node=U5 source=Authority destination=TM
event=receive timestamp_ns=1791282493684702608 workflow=ARL_UPDATE run_id=22 node=U5 source=Authority destination=TM
event=receive timestamp_ns=1791282495220532388 workflow=ARL_UPDATE run_id=23 node=U5 source=Authority destination=TM
event=receive timestamp_ns=1791282496753452822 workflow=ARL_UPDATE run_id=24 node=U5 source=Authority destination=TM
event=receive timestamp_ns=1791282498323891058 workflow=ARL_UPDATE run_id=25 node=U5 source=Authority destination=TM
event=receive timestamp_ns=1791282499826884244 workflow=ARL_UPDATE run_id=26 node=U5 source=Authority destination=TM
event=receive timestamp_ns=1791282501399147601 workflow=ARL_UPDATE run_id=27 node=U5 source=Authority destination=TM
event=receive timestamp_ns=1791282502899996724 workflow=ARL_UPDATE run_id=28 node=U5 source=Authority destination=TM
event=receive timestamp_ns=1791282504469632409 workflow=ARL_UPDATE run_id=29 node=U5 source=Authority destination=TM
event=receive timestamp_ns=1791282506003449099 workflow=ARL_UPDATE run_id=30 node=U5 source=Authority destination=TM
event=receive timestamp_ns=1791282507539103726 workflow=ARL_UPDATE run_id=31 node=U5 source=Authority destination=TM
event=receive timestamp_ns=1791282509108468010 workflow=ARL_UPDATE run_id=32 node=U5 source=Authority destination=TM
event=receive timestamp_ns=1791282510644964752 workflow=ARL_UPDATE run_id=33 node=U5 source=Authority destination=TM
event=receive timestamp_ns=1791282512179592785 workflow=ARL_UPDATE run_id=34 node=U5 source=Authority destination=TM
event=receive timestamp_ns=1791282513751609178 workflow=ARL_UPDATE run_id=35 node=U5 source=Authority destination=TM
event=receive timestamp_ns=1791282515350544028 workflow=ARL_UPDATE run_id=36 node=U5 source=Authority destination=TM
event=receive timestamp_ns=1791282516883011471 workflow=ARL_UPDATE run_id=37 node=U5 source=Authority destination=TM
event=receive timestamp_ns=1791282518421470527 workflow=ARL_UPDATE run_id=38 node=U5 source=Authority destination=TM
event=receive timestamp_ns=1791282519991280512 workflow=ARL_UPDATE run_id=39 node=U5 source=Authority destination=TM
event=receive timestamp_ns=1791282521489147568 workflow=ARL_UPDATE run_id=40 node=U5 source=Authority destination=TM
event=receive timestamp_ns=1791282523029422026 workflow=ARL_UPDATE run_id=41 node=U5 source=Authority destination=TM
event=receive timestamp_ns=1791282524564808432 workflow=ARL_UPDATE run_id=42 node=U5 source=Authority destination=TM
event=receive timestamp_ns=1791282526063176539 workflow=ARL_UPDATE run_id=43 node=U5 source=Authority destination=TM
event=receive timestamp_ns=1791282527634583710 workflow=ARL_UPDATE run_id=44 node=U5 source=Authority destination=TM
event=receive timestamp_ns=1791282529174068307 workflow=ARL_UPDATE run_id=45 node=U5 source=Authority destination=TM
event=receive timestamp_ns=1791282530740540122 workflow=ARL_UPDATE run_id=46 node=U5 source=Authority destination=TM
event=receive timestamp_ns=1791282532243294731 workflow=ARL_UPDATE run_id=47 node=U5 source=Authority destination=TM
event=receive timestamp_ns=1791282533811742541 workflow=ARL_UPDATE run_id=48 node=U5 source=Authority destination=TM
event=receive timestamp_ns=1791282535351120844 workflow=ARL_UPDATE run_id=49 node=U5 source=Authority destination=TM
event=receive timestamp_ns=1791282536884199897 workflow=ARL_UPDATE run_id=50 node=U5 source=Authority destination=TM
event=receive timestamp_ns=1791282538452080847 workflow=ARL_UPDATE run_id=51 node=U5 source=Authority destination=TM
event=receive timestamp_ns=1791282540019647342 workflow=ARL_UPDATE run_id=52 node=U5 source=Authority destination=TM
event=receive timestamp_ns=1791282541555338908 workflow=ARL_UPDATE run_id=53 node=U5 source=Authority destination=TM
event=receive timestamp_ns=1791282543091912914 workflow=ARL_UPDATE run_id=54 node=U5 source=Authority destination=TM
event=receive timestamp_ns=1791282544662953666 workflow=ARL_UPDATE run_id=55 node=U5 source=Authority destination=TM
event=receive timestamp_ns=1791282546226817625 workflow=ARL_UPDATE run_id=56 node=U5 source=Authority destination=TM
event=receive timestamp_ns=1791282547794524138 workflow=ARL_UPDATE run_id=57 node=U5 source=Authority destination=TM
event=receive timestamp_ns=1791282549363495522 workflow=ARL_UPDATE run_id=58 node=U5 source=Authority destination=TM
event=receive timestamp_ns=1791282550931153385 workflow=ARL_UPDATE run_id=59 node=U5 source=Authority destination=TM
event=receive timestamp_ns=1791282552501412765 workflow=ARL_UPDATE run_id=60 node=U5 source=Authority destination=TM
event=receive timestamp_ns=1791282554068563384 workflow=ARL_UPDATE run_id=61 node=U5 source=Authority destination=TM
event=receive timestamp_ns=1791282555636686173 workflow=ARL_UPDATE run_id=62 node=U5 source=Authority destination=TM
event=receive timestamp_ns=1791282557202168528 workflow=ARL_UPDATE run_id=63 node=U5 source=Authority destination=TM
event=receive timestamp_ns=1791282558770700778 workflow=ARL_UPDATE run_id=64 node=U5 source=Authority destination=TM
event=receive timestamp_ns=1791282560302831649 workflow=ARL_UPDATE run_id=65 node=U5 source=Authority destination=TM
event=receive timestamp_ns=1791282561874964726 workflow=ARL_UPDATE run_id=66 node=U5 source=Authority destination=TM
event=receive timestamp_ns=1791282563443411042 workflow=ARL_UPDATE run_id=67 node=U5 source=Authority destination=TM
event=receive timestamp_ns=1791282564978810110 workflow=ARL_UPDATE run_id=68 node=U5 source=Authority destination=TM
event=receive timestamp_ns=1791282566579876824 workflow=ARL_UPDATE run_id=69 node=U5 source=Authority destination=TM
event=receive timestamp_ns=1791282568116221190 workflow=ARL_UPDATE run_id=70 node=U5 source=Authority destination=TM
event=receive timestamp_ns=1791282570794864576 workflow=KEY_REQUEST run_id=bench_h4_key_w1 node=U5 source=TM4 destination=TM
event=receive timestamp_ns=1791282574155256286 workflow=KEY_REQUEST run_id=bench_h4_key_w2 node=U5 source=TM4 destination=TM
event=receive timestamp_ns=1791282577674742859 workflow=KEY_REQUEST run_id=bench_h4_key_w3 node=U5 source=TM4 destination=TM
event=receive timestamp_ns=1791282582122944418 workflow=KEY_REQUEST run_id=bench_h4_key_w4 node=U5 source=TM4 destination=TM
event=receive timestamp_ns=1791282585482720132 workflow=KEY_REQUEST run_id=bench_h4_key_w5 node=U5 source=TM4 destination=TM
event=receive timestamp_ns=1791282588970846840 workflow=KEY_REQUEST run_id=bench_h4_key_001 node=U5 source=TM4 destination=TM
event=receive timestamp_ns=1791282592330682826 workflow=KEY_REQUEST run_id=bench_h4_key_002 node=U5 source=TM4 destination=TM
event=receive timestamp_ns=1791282596810768451 workflow=KEY_REQUEST run_id=bench_h4_key_003 node=U5 source=TM4 destination=TM
event=receive timestamp_ns=1791282600746875019 workflow=KEY_REQUEST run_id=bench_h4_key_004 node=U5 source=TM4 destination=TM
event=receive timestamp_ns=1791282604235127480 workflow=KEY_REQUEST run_id=bench_h4_key_005 node=U5 source=TM4 destination=TM
event=receive timestamp_ns=1791282608234620335 workflow=KEY_REQUEST run_id=bench_h4_key_006 node=U5 source=TM4 destination=TM
event=receive timestamp_ns=1791282611754867204 workflow=KEY_REQUEST run_id=bench_h4_key_007 node=U5 source=TM4 destination=TM
event=receive timestamp_ns=1791282615246977366 workflow=KEY_REQUEST run_id=bench_h4_key_008 node=U5 source=TM4 destination=TM
event=receive timestamp_ns=1791282618570865125 workflow=KEY_REQUEST run_id=bench_h4_key_009 node=U5 source=TM4 destination=TM
event=receive timestamp_ns=1791282622539109881 workflow=KEY_REQUEST run_id=bench_h4_key_010 node=U5 source=TM4 destination=TM
event=receive timestamp_ns=1791282625514910902 workflow=KEY_REQUEST run_id=bench_h4_key_011 node=U5 source=TM4 destination=TM
event=receive timestamp_ns=1791282629451268851 workflow=KEY_REQUEST run_id=bench_h4_key_012 node=U5 source=TM4 destination=TM
event=receive timestamp_ns=1791282632971042963 workflow=KEY_REQUEST run_id=bench_h4_key_013 node=U5 source=TM4 destination=TM
event=receive timestamp_ns=1791282636970962846 workflow=KEY_REQUEST run_id=bench_h4_key_014 node=U5 source=TM4 destination=TM
event=receive timestamp_ns=1791282640462906584 workflow=KEY_REQUEST run_id=bench_h4_key_015 node=U5 source=TM4 destination=TM
event=receive timestamp_ns=1791282644299087142 workflow=KEY_REQUEST run_id=bench_h4_key_016 node=U5 source=TM4 destination=TM
event=receive timestamp_ns=1791282647850958175 workflow=KEY_REQUEST run_id=bench_h4_key_017 node=U5 source=TM4 destination=TM
event=receive timestamp_ns=1791282650730713818 workflow=KEY_REQUEST run_id=bench_h4_key_018 node=U5 source=TM4 destination=TM
event=receive timestamp_ns=1791282654731139507 workflow=KEY_REQUEST run_id=bench_h4_key_019 node=U5 source=TM4 destination=TM
event=receive timestamp_ns=1791282657675287210 workflow=KEY_REQUEST run_id=bench_h4_key_020 node=U5 source=TM4 destination=TM
event=receive timestamp_ns=1791282662666924250 workflow=KEY_REQUEST run_id=bench_h4_key_021 node=U5 source=TM4 destination=TM
event=receive timestamp_ns=1791282666218903909 workflow=KEY_REQUEST run_id=bench_h4_key_022 node=U5 source=TM4 destination=TM
event=receive timestamp_ns=1791282670158659506 workflow=KEY_REQUEST run_id=bench_h4_key_023 node=U5 source=TM4 destination=TM
event=receive timestamp_ns=1791282673675063858 workflow=KEY_REQUEST run_id=bench_h4_key_024 node=U5 source=TM4 destination=TM
event=receive timestamp_ns=1791282677194847729 workflow=KEY_REQUEST run_id=bench_h4_key_025 node=U5 source=TM4 destination=TM
event=receive timestamp_ns=1791282680522777997 workflow=KEY_REQUEST run_id=bench_h4_key_026 node=U5 source=TM4 destination=TM
event=receive timestamp_ns=1791282683915213116 workflow=KEY_REQUEST run_id=bench_h4_key_027 node=U5 source=TM4 destination=TM
event=receive timestamp_ns=1791282687306873161 workflow=KEY_REQUEST run_id=bench_h4_key_028 node=U5 source=TM4 destination=TM
event=receive timestamp_ns=1791282691338639064 workflow=KEY_REQUEST run_id=bench_h4_key_029 node=U5 source=TM4 destination=TM
event=receive timestamp_ns=1791282694826539458 workflow=KEY_REQUEST run_id=bench_h4_key_030 node=U5 source=TM4 destination=TM
