event=send timestamp_ns=1791287136422282030 workflow=KEY_RESPONSE run_id=bench_h10_setup node=Authority source=Authority destination=bench_h10_setup
event=receive timestamp_ns=1791287137441973802 workflow=KEY_REQUEST run_id=bench_h10_setup node=Authority source=TM10 destination=TM
event=receive timestamp_ns=1791287141034138908 workflow=CT_SHARE run_id=1 node=Authority source=TM10 destination=TM
event=receive timestamp_ns=1791287142537932929 workflow=CT_SHARE run_id=2 node=Authority source=TM10 destination=TM
event=receive timestamp_ns=1791287144109127288 workflow=CT_SHARE run_id=3 node=Authority source=TM10 destination=TM
event=receive timestamp_ns=1791287145677485594 workflow=CT_SHARE run_id=4 node=Authority source=TM10 destination=TM
event=receive timestamp_ns=1791287147215940223 workflow=CT_SHARE run_id=5 node=Authority source=TM10 destination=TM
event=receive timestamp_ns=1791287148809773359 workflow=CT_SHARE run_id=6 node=Authority source=TM10 destination=TM
event=receive timestamp_ns=1791287150348466160 workflow=CT_SHARE run_id=7 node=Authority source=TM10 destination=TM
event=receive timestamp_ns=1791287151951356655 workflow=CT_SHARE run_id=8 node=Authority source=TM10 destination=TM
event=receive timestamp_ns=1791287153516085460 workflow=CT_SHARE run_id=9 node=Authority source=TM10 destination=TM
event=receive timestamp_ns=1791287155088507761 workflow=CT_SHARE run_id=10 node=Authority source=TM10 destination=TM
event=receive timestamp_ns=1791287156649619285 workflow=CT_SHARE run_id=11 node=Authority source=TM10 destination=TM
event=receive timestamp_ns=1791287158220234258 workflow=CT_SHARE run_id=12 node=Authority source=TM10 destination=TM
event=receive timestamp_ns=1791287159821816051 workflow=CT_SHARE run_id=13 node=Authority source=TM10 destination=TM
event=receive timestamp_ns=1791287161386915448 workflow=CT_SHARE run_id=14 node=Authority source=TM10 destination=TM
event=receive timestamp_ns=1791287162923924019 workflow=CT_SHARE run_id=15 node=Authority source=TM10 destination=TM
event=receive timestamp_ns=1791287164464912928 workflow=CT_SHARE run_id=16 node=Authority source=TM10 destination=TM
event=receive timestamp_ns=1791287166033253250 workflow=CT_SHARE run_id=17 node=Authority source=TM10 destination=TM
event=receive timestamp_ns=1791287167625881765 workflow=CT_SHARE run_id=18 node=Authority source=TM10 destination=TM
event=receive timestamp_ns=1791287169161940263 workflow=CT_SHARE run_id=19 node=Authority source=TM10 destination=TM
event=receive timestamp_ns=1791287170763835431 workflow=CT_SHARE run_id=20 node=Authority source=TM10 destination=TM
event=receive timestamp_ns=1791287172300102468 workflow=CT_SHARE run_id=21 node=Authority source=TM10 destination=TM
event=receive timestamp_ns=1791287173868028665 workflow=CT_SHARE run_id=22 node=Authority source=TM10 destination=TM
event=receive timestamp_ns=1791287175404330475 workflow=CT_SHARE run_id=23 node=Authority source=TM10 destination=TM
event=receive timestamp_ns=1791287177007139100 workflow=CT_SHARE run_id=24 node=Authority source=TM10 destination=TM
event=receive timestamp_ns=1791287178606265605 workflow=CT_SHARE run_id=25 node=Authority source=TM10 destination=TM
event=receive timestamp_ns=1791287180172694307 workflow=CT_SHARE run_id=26 node=Authority source=TM10 destination=TM
event=receive timestamp_ns=1791287181770469343 workflow=CT_SHARE run_id=27 node=Authority source=TM10 destination=TM
event=receive timestamp_ns=1791287183338462735 workflow=CT_SHARE run_id=28 node=Authority source=TM10 destination=TM
event=receive timestamp_ns=1791287184880682417 workflow=CT_SHARE run_id=29 node=Authority source=TM10 destination=TM
event=receive timestamp_ns=1791287186489918427 workflow=CT_SHARE run_id=30 node=Authority source=TM10 destination=TM
event=receive timestamp_ns=1791287188013038018 workflow=CT_SHARE run_id=31 node=Authority source=TM10 destination=TM
event=receive timestamp_ns=1791287189614708615 workflow=CT_SHARE run_id=32 node=Authority source=TM10 destination=TM
event=receive timestamp_ns=1791287191179787410 workflow=CT_SHARE run_id=33 node=Authority source=TM10 destination=TM
event=receive timestamp_ns=1791287192748424974 workflow=CT_SHARE run_id=34 node=Authority source=TM10 destination=TM
event=receive timestamp_ns=1791287194315876143 workflow=CT_SHARE run_id=35 node=Authority source=TM10 destination=TM
event=send timestamp_ns=1791287194423233432 workflow=ARL_UPDATE run_id=1 node=Authority source=Authority destination=TM
event=send timestamp_ns=1791287196983357578 workflow=ARL_UPDATE run_id=2 node=Authority source=Authority destination=TM
event=send timestamp_ns=1791287198516811573 workflow=ARL_UPDATE run_id=3 node=Authority source=Authority destination=TM
event=send timestamp_ns=1791287200049954763 workflow=ARL_UPDATE run_id=4 node=Authority source=Authority destination=TM
event=send timestamp_ns=1791287201585127960 workflow=ARL_UPDATE run_id=5 node=Authority source=Authority destination=TM
event=send timestamp_ns=1791287203126795814 workflow=ARL_UPDATE run_id=6 node=Authority source=Authority destination=TM
event=send timestamp_ns=1791287204657439853 workflow=ARL_UPDATE run_id=7 node=Authority source=Authority destination=TM
event=send timestamp_ns=1791287206257439037 workflow=ARL_UPDATE run_id=8 node=Authority source=Authority destination=TM
event=send timestamp_ns=1791287207791942614 workflow=ARL_UPDATE run_id=9 node=Authority source=Authority destination=TM
event=send timestamp_ns=1791287209335759028 workflow=ARL_UPDATE run_id=10 node=Authority source=Authority destination=TM
event=send timestamp_ns=1791287210864969252 workflow=ARL_UPDATE run_id=11 node=Authority source=Authority destination=TM
event=send timestamp_ns=1791287212405028808 workflow=ARL_UPDATE run_id=12 node=Authority source=Authority destination=TM
event=send timestamp_ns=1791287213941505325 workflow=ARL_UPDATE run_id=13 node=Authority source=Authority destination=TM
event=send timestamp_ns=1791287215537208776 workflow=ARL_UPDATE run_id=14 node=Authority source=Authority destination=TM
event=send timestamp_ns=1791287217072717176 workflow=ARL_UPDATE run_id=15 node=Authority source=Authority destination=TM
event=send timestamp_ns=1791287218613477746 workflow=ARL_UPDATE run_id=16 node=Authority source=Authority destination=TM
event=send timestamp_ns=1791287220144375431 workflow=ARL_UPDATE run_id=17 node=Authority source=Authority destination=TM
event=send timestamp_ns=1791287221680673458 workflow=ARL_UPDATE run_id=18 node=Authority source=Authority destination=TM
event=send timestamp_ns=1791287223225602350 workflow=ARL_UPDATE run_id=19 node=Authority source=Authority destination=TM
event=send timestamp_ns=1791287224756282878 workflow=ARL_UPDATE run_id=20 node=Authority source=Authority destination=TM
event=send timestamp_ns=1791287226289419469 workflow=ARL_UPDATE run_id=21 node=Authority source=Authority destination=TM
event=send timestamp_ns=1791287227826498672 workflow=ARL_UPDATE run_id=22 node=Authority source=Authority destination=TM
event=send timestamp_ns=1791287229363600005 workflow=ARL_UPDATE run_id=23 node=Authority source=Authority destination=TM
event=send timestamp_ns=1791287230904285088 workflow=ARL_UPDATE run_id=24 node=Authority source=Authority destination=TM
event=send timestamp_ns=1791287232436966963 workflow=ARL_UPDATE run_id=25 node=Authority source=Authority destination=TM
event=send timestamp_ns=1791287233980324985 workflow=ARL_UPDATE run_id=26 node=Authority source=Authority destination=TM
event=send timestamp_ns=1791287235510935821 workflow=ARL_UPDATE run_id=27 node=Authority source=Authority destination=TM
event=send timestamp_ns=1791287237055071271 workflow=ARL_UPDATE run_id=28 node=Authority source=Authority destination=TM
event=send timestamp_ns=1791287238590739875 workflow=ARL_UPDATE run_id=29 node=Authority source=Authority destination=TM
event=send timestamp_ns=1791287240114864602 workflow=ARL_UPDATE run_id=30 node=Authority source=Authority destination=TM
event=send timestamp_ns=1791287241666205125 workflow=ARL_UPDATE run_id=31 node=Authority source=Authority destination=TM
event=send timestamp_ns=1791287243196266600 workflow=ARL_UPDATE run_id=32 node=Authority source=Authority destination=TM
event=send timestamp_ns=1791287244735780803 workflow=ARL_UPDATE run_id=33 node=Authority source=Authority destination=TM
event=send timestamp_ns=1791287246272062912 workflow=ARL_UPDATE run_id=34 node=Authority source=Authority destination=TM
event=send timestamp_ns=1791287247808640435 workflow=ARL_UPDATE run_id=35 node=Authority source=Authority destination=TM
event=send timestamp_ns=1791287249344362628 workflow=ARL_UPDATE run_id=36 node=Authority source=Authority destination=TM
event=send timestamp_ns=1791287250872697069 workflow=ARL_UPDATE run_id=37 node=Authority source=Authority destination=TM
event=send timestamp_ns=1791287252411298205 workflow=ARL_UPDATE run_id=38 node=Authority source=Authority destination=TM
event=send timestamp_ns=1791287253959540340 workflow=ARL_UPDATE run_id=39 node=Authority source=Authority destination=TM
event=send timestamp_ns=1791287255512014996 workflow=ARL_UPDATE run_id=40 node=Authority source=Authority destination=TM
event=send timestamp_ns=1791287257048316866 workflow=ARL_UPDATE run_id=41 node=Authority source=Authority destination=TM
event=send timestamp_ns=1791287258584114465 workflow=ARL_UPDATE run_id=42 node=Authority source=Authority destination=TM
event=send timestamp_ns=1791287260117412471 workflow=ARL_UPDATE run_id=43 node=Authority source=Authority destination=TM
event=send timestamp_ns=1791287261658585416 workflow=ARL_UPDATE run_id=44 node=Authority source=Authority destination=TM
event=send timestamp_ns=1791287263188959731 workflow=ARL_UPDATE run_id=45 node=Authority source=Authority destination=TM
event=send timestamp_ns=1791287264725279538 workflow=ARL_UPDATE run_id=46 node=Authority source=Authority destination=TM
event=send timestamp_ns=1791287266266278386 workflow=ARL_UPDATE run_id=47 node=Authority source=Authority destination=TM
event=send timestamp_ns=1791287267799133484 workflow=ARL_UPDATE run_id=48 node=Authority source=Authority destination=TM
event=send timestamp_ns=1791287269335367428 workflow=ARL_UPDATE run_id=49 node=Authority source=Authority destination=TM
event=send timestamp_ns=1791287270875247745 workflow=ARL_UPDATE run_id=50 node=Authority source=Authority destination=TM
event=send timestamp_ns=1791287272412771463 workflow=ARL_UPDATE run_id=51 node=Authority source=Authority destination=TM
event=send timestamp_ns=1791287273947027180 workflow=ARL_UPDATE run_id=52 node=Authority source=Authority destination=TM
event=send timestamp_ns=1791287275478551784 workflow=ARL_UPDATE run_id=53 node=Authority source=Authority destination=TM
event=send timestamp_ns=1791287277019533215 workflow=ARL_UPDATE run_id=54 node=Authority source=Authority destination=TM
event=send timestamp_ns=1791287278557299537 workflow=ARL_UPDATE run_id=55 node=Authority source=Authority destination=TM
event=send timestamp_ns=1791287280089945813 workflow=ARL_UPDATE run_id=56 node=Authority source=Authority destination=TM
event=send timestamp_ns=1791287281625603185 workflow=ARL_UPDATE run_id=57 node=Authority source=Authority destination=TM
event=send timestamp_ns=1791287283166618645 workflow=ARL_UPDATE run_id=58 node=Authority source=Authority destination=TM
event=send timestamp_ns=1791287284700858777 workflow=ARL_UPDATE run_id=59 node=Authority source=Authority destination=TM
event=send timestamp_ns=1791287286231660444 workflow=ARL_UPDATE run_id=60 node=Authority source=Authority destination=TM
event=send timestamp_ns=1791287287769516725 workflow=ARL_UPDATE run_id=61 node=Authority source=Authority destination=TM
event=send timestamp_ns=1791287289311444937 workflow=ARL_UPDATE run_id=62 node=Authority source=Authority destination=TM
event=send timestamp_ns=1791287290840369545 workflow=ARL_UPDATE run_id=63 node=Authority source=Authority destination=TM
event=send timestamp_ns=1791287292376051103 workflow=ARL_UPDATE run_id=64 node=Authority source=Authority destination=TM
event=send timestamp_ns=1791287293909499533 workflow=ARL_UPDATE run_id=65 node=Authority source=Authority destination=TM
event=send timestamp_ns=1791287295450019026 workflow=ARL_UPDATE run_id=66 node=Authority source=Authority destination=TM
event=send timestamp_ns=1791287296983671933 workflow=ARL_UPDATE run_id=67 node=Authority source=Authority destination=TM
event=send timestamp_ns=1791287298515975285 workflow=ARL_UPDATE run_id=68 node=Authority source=Authority destination=TM
event=send timestamp_ns=1791287300051982793 workflow=ARL_UPDATE run_id=69 node=Authority source=Authority destination=TM
event=send timestamp_ns=1791287301594044696 workflow=ARL_UPDATE run_id=70 node=Authority source=Authority destination=TM
event=send timestamp_ns=1791287306628445511 workflow=KEY_RESPONSE run_id=bench_h10_key_w1 node=Authority source=Authority destination=bench_h10_key_w1
event=receive timestamp_ns=1791287307645839388 workflow=KEY_REQUEST run_id=bench_h10_key_w1 node=Authority source=TM10 destination=TM
event=send timestamp_ns=1791287312196518425 workflow=KEY_RESPONSE run_id=bench_h10_key_w2 node=Authority source=Authority destination=bench_h10_key_w2
event=receive timestamp_ns=1791287313213816839 workflow=KEY_REQUEST run_id=bench_h10_key_w2 node=Authority source=TM10 destination=TM
event=send timestamp_ns=1791287318823907743 workflow=KEY_RESPONSE run_id=bench_h10_key_w3 node=Authority source=Authority destination=bench_h10_key_w3
event=receive timestamp_ns=1791287319873796091 workflow=KEY_REQUEST run_id=bench_h10_key_w3 node=Authority source=TM10 destination=TM
event=send timestamp_ns=1791287324450805507 workflow=KEY_RESPONSE run_id=bench_h10_key_w4 node=Authority source=Authority destination=bench_h10_key_w4
event=receive timestamp_ns=1791287325469817906 workflow=KEY_REQUEST run_id=bench_h10_key_w4 node=Authority source=TM10 destination=TM
event=send timestamp_ns=1791287328994108603 workflow=KEY_RESPONSE run_id=bench_h10_key_w5 node=Authority source=Authority destination=bench_h10_key_w5
event=receive timestamp_ns=1791287330013855586 workflow=KEY_REQUEST run_id=bench_h10_key_w5 node=Authority source=TM10 destination=TM
event=send timestamp_ns=1791287334568281170 workflow=KEY_RESPONSE run_id=bench_h10_key_001 node=Authority source=Authority destination=bench_h10_key_001
event=receive timestamp_ns=1791287335613758017 workflow=KEY_REQUEST run_id=bench_h10_key_001 node=Authority source=TM10 destination=TM
event=send timestamp_ns=1791287339045279341 workflow=KEY_RESPONSE run_id=bench_h10_key_002 node=Authority source=Authority destination=bench_h10_key_002
event=receive timestamp_ns=1791287340061931406 workflow=KEY_REQUEST run_id=bench_h10_key_002 node=Authority source=TM10 destination=TM
event=send timestamp_ns=1791287344610674755 workflow=KEY_RESPONSE run_id=bench_h10_key_003 node=Authority source=Authority destination=bench_h10_key_003
event=receive timestamp_ns=1791287345629856571 workflow=KEY_REQUEST run_id=bench_h10_key_003 node=Authority source=TM10 destination=TM
event=send timestamp_ns=1791287350146808215 workflow=KEY_RESPONSE run_id=bench_h10_key_004 node=Authority source=Authority destination=bench_h10_key_004
event=receive timestamp_ns=1791287351165771363 workflow=KEY_REQUEST run_id=bench_h10_key_004 node=Authority source=TM10 destination=TM
event=send timestamp_ns=1791287355651795645 workflow=KEY_RESPONSE run_id=bench_h10_key_005 node=Authority source=Authority destination=bench_h10_key_005
event=receive timestamp_ns=1791287356673807640 workflow=KEY_REQUEST run_id=bench_h10_key_005 node=Authority source=TM10 destination=TM
event=send timestamp_ns=1791287361220689985 workflow=KEY_RESPONSE run_id=bench_h10_key_006 node=Authority source=Authority destination=bench_h10_key_006
event=receive timestamp_ns=1791287362237799650 workflow=KEY_REQUEST run_id=bench_h10_key_006 node=Authority source=TM10 destination=TM
event=send timestamp_ns=1791287368324144925 workflow=KEY_RESPONSE run_id=bench_h10_key_007 node=Authority source=Authority destination=bench_h10_key_007
event=receive timestamp_ns=1791287369341868469 workflow=KEY_REQUEST run_id=bench_h10_key_007 node=Authority source=TM10 destination=TM
event=send timestamp_ns=1791287373897300741 workflow=KEY_RESPONSE run_id=bench_h10_key_008 node=Authority source=Authority destination=bench_h10_key_008
event=receive timestamp_ns=1791287374941756568 workflow=KEY_REQUEST run_id=bench_h10_key_008 node=Authority source=TM10 destination=TM
event=send timestamp_ns=1791287378374323716 workflow=KEY_RESPONSE run_id=bench_h10_key_009 node=Authority source=Authority destination=bench_h10_key_009
event=receive timestamp_ns=1791287379390098189 workflow=KEY_REQUEST run_id=bench_h10_key_009 node=Authority source=TM10 destination=TM
event=send timestamp_ns=1791287385001875157 workflow=KEY_RESPONSE run_id=bench_h10_key_010 node=Authority source=Authority destination=bench_h10_key_010
event=receive timestamp_ns=1791287386049991083 workflow=KEY_REQUEST run_id=bench_h10_key_010 node=Authority source=TM10 destination=TM
event=send timestamp_ns=1791287389507819881 workflow=KEY_RESPONSE run_id=bench_h10_key_011 node=Authority source=Authority destination=bench_h10_key_011
event=receive timestamp_ns=1791287390525752933 workflow=KEY_REQUEST run_id=bench_h10_key_011 node=Authority source=TM10 destination=TM
event=send timestamp_ns=1791287393993249637 workflow=KEY_RESPONSE run_id=bench_h10_key_012 node=Authority source=Authority destination=bench_h10_key_012
event=receive timestamp_ns=1791287395037761763 workflow=KEY_REQUEST run_id=bench_h10_key_012 node=Authority source=TM10 destination=TM
event=send timestamp_ns=1791287399595155282 workflow=KEY_RESPONSE run_id=bench_h10_key_013 node=Authority source=Authority destination=bench_h10_key_013
event=receive timestamp_ns=1791287400638162112 workflow=KEY_REQUEST run_id=bench_h10_key_013 node=Authority source=TM10 destination=TM
event=send timestamp_ns=1791287403075961313 workflow=KEY_RESPONSE run_id=bench_h10_key_014 node=Authority source=Authority destination=bench_h10_key_014
event=receive timestamp_ns=1791287404097840516 workflow=KEY_REQUEST run_id=bench_h10_key_014 node=Authority source=TM10 destination=TM
event=send timestamp_ns=1791287406567206297 workflow=KEY_RESPONSE run_id=bench_h10_key_015 node=Authority source=Authority destination=bench_h10_key_015
event=receive timestamp_ns=1791287407585900635 workflow=KEY_REQUEST run_id=bench_h10_key_015 node=Authority source=TM10 destination=TM
event=send timestamp_ns=1791287412167461242 workflow=KEY_RESPONSE run_id=bench_h10_key_016 node=Authority source=Authority destination=bench_h10_key_016
event=receive timestamp_ns=1791287413181858652 workflow=KEY_REQUEST run_id=bench_h10_key_016 node=Authority source=TM10 destination=TM
event=send timestamp_ns=1791287417733925529 workflow=KEY_RESPONSE run_id=bench_h10_key_017 node=Authority source=Authority destination=bench_h10_key_017
event=receive timestamp_ns=1791287418754066779 workflow=KEY_REQUEST run_id=bench_h10_key_017 node=Authority source=TM10 destination=TM
event=send timestamp_ns=1791287422248682290 workflow=KEY_RESPONSE run_id=bench_h10_key_018 node=Authority source=Authority destination=bench_h10_key_018
event=receive timestamp_ns=1791287423297975016 workflow=KEY_REQUEST run_id=bench_h10_key_018 node=Authority source=TM10 destination=TM
event=send timestamp_ns=1791287426759002216 workflow=KEY_RESPONSE run_id=bench_h10_key_019 node=Authority source=Authority destination=bench_h10_key_019
event=receive timestamp_ns=1791287427774023986 workflow=KEY_REQUEST run_id=bench_h10_key_019 node=Authority source=TM10 destination=TM
event=send timestamp_ns=1791287432359673593 workflow=KEY_RESPONSE run_id=bench_h10_key_020 node=Authority source=Authority destination=bench_h10_key_020
event=receive timestamp_ns=1791287433374211723 workflow=KEY_REQUEST run_id=bench_h10_key_020 node=Authority source=TM10 destination=TM
event=send timestamp_ns=1791287437931445991 workflow=KEY_RESPONSE run_id=bench_h10_key_021 node=Authority source=Authority destination=bench_h10_key_021
event=receive timestamp_ns=1791287438977865463 workflow=KEY_REQUEST run_id=bench_h10_key_021 node=Authority source=TM10 destination=TM
event=send timestamp_ns=1791287442436638349 workflow=KEY_RESPONSE run_id=bench_h10_key_022 node=Authority source=Authority destination=bench_h10_key_022
event=receive timestamp_ns=1791287443453914345 workflow=KEY_REQUEST run_id=bench_h10_key_022 node=Authority source=TM10 destination=TM
event=send timestamp_ns=1791287448452996650 workflow=KEY_RESPONSE run_id=bench_h10_key_023 node=Authority source=Authority destination=bench_h10_key_023
event=receive timestamp_ns=1791287449469808728 workflow=KEY_REQUEST run_id=bench_h10_key_023 node=Authority source=TM10 destination=TM
event=send timestamp_ns=1791287454026317429 workflow=KEY_RESPONSE run_id=bench_h10_key_024 node=Authority source=Authority destination=bench_h10_key_024
event=receive timestamp_ns=1791287455074036192 workflow=KEY_REQUEST run_id=bench_h10_key_024 node=Authority source=TM10 destination=TM
event=send timestamp_ns=1791287458533852264 workflow=KEY_RESPONSE run_id=bench_h10_key_025 node=Authority source=Authority destination=bench_h10_key_025
event=receive timestamp_ns=1791287459549919542 workflow=KEY_REQUEST run_id=bench_h10_key_025 node=Authority source=TM10 destination=TM
event=send timestamp_ns=1791287464036290445 workflow=KEY_RESPONSE run_id=bench_h10_key_026 node=Authority source=Authority destination=bench_h10_key_026
event=receive timestamp_ns=1791287465053798118 workflow=KEY_REQUEST run_id=bench_h10_key_026 node=Authority source=TM10 destination=TM
event=send timestamp_ns=1791287468554080722 workflow=KEY_RESPONSE run_id=bench_h10_key_027 node=Authority source=Authority destination=bench_h10_key_027
event=receive timestamp_ns=1791287469597860718 workflow=KEY_REQUEST run_id=bench_h10_key_027 node=Authority source=TM10 destination=TM
event=send timestamp_ns=1791287475208605018 workflow=KEY_RESPONSE run_id=bench_h10_key_028 node=Authority source=Authority destination=bench_h10_key_028
event=receive timestamp_ns=1791287476253856111 workflow=KEY_REQUEST run_id=bench_h10_key_028 node=Authority source=TM10 destination=TM
event=send timestamp_ns=1791287480841775449 workflow=KEY_RESPONSE run_id=bench_h10_key_029 node=Authority source=Authority destination=bench_h10_key_029
event=receive timestamp_ns=1791287481885992766 workflow=KEY_REQUEST run_id=bench_h10_key_029 node=Authority source=TM10 destination=TM
event=send timestamp_ns=1791287485351601616 workflow=KEY_RESPONSE run_id=bench_h10_key_030 node=Authority source=Authority destination=bench_h10_key_030
event=receive timestamp_ns=1791287486369953360 workflow=KEY_REQUEST run_id=bench_h10_key_030 node=Authority source=TM10 destination=TM
