event=receive timestamp_ns=1791287136318033017 workflow=KEY_REQUEST run_id=bench_h10_setup node=U1 source=TM10 destination=TM
event=receive timestamp_ns=1791287140900946816 workflow=CT_SHARE run_id=1 node=U1 source=TM10 destination=TM
event=receive timestamp_ns=1791287142439706811 workflow=CT_SHARE run_id=2 node=U1 source=TM10 destination=TM
event=receive timestamp_ns=1791287144012193132 workflow=CT_SHARE run_id=3 node=U1 source=TM10 destination=TM
event=receive timestamp_ns=1791287145578401217 workflow=CT_SHARE run_id=4 node=U1 source=TM10 destination=TM
event=receive timestamp_ns=1791287147141562117 workflow=CT_SHARE run_id=5 node=U1 source=TM10 destination=TM
event=receive timestamp_ns=1791287148709436011 workflow=CT_SHARE run_id=6 node=U1 source=TM10 destination=TM
event=receive timestamp_ns=1791287150245105278 workflow=CT_SHARE run_id=7 node=U1 source=TM10 destination=TM
event=receive timestamp_ns=1791287151844618276 workflow=CT_SHARE run_id=8 node=U1 source=TM10 destination=TM
event=receive timestamp_ns=1791287153412464402 workflow=CT_SHARE run_id=9 node=U1 source=TM10 destination=TM
event=receive timestamp_ns=1791287155013312695 workflow=CT_SHARE run_id=10 node=U1 source=TM10 destination=TM
event=receive timestamp_ns=1791287156550753403 workflow=CT_SHARE run_id=11 node=U1 source=TM10 destination=TM
event=receive timestamp_ns=1791287158117428192 workflow=CT_SHARE run_id=12 node=U1 source=TM10 destination=TM
event=receive timestamp_ns=1791287159719677130 workflow=CT_SHARE run_id=13 node=U1 source=TM10 destination=TM
event=receive timestamp_ns=1791287161284703216 workflow=CT_SHARE run_id=14 node=U1 source=TM10 destination=TM
event=receive timestamp_ns=1791287162820977858 workflow=CT_SHARE run_id=15 node=U1 source=TM10 destination=TM
event=receive timestamp_ns=1791287164364444441 workflow=CT_SHARE run_id=16 node=U1 source=TM10 destination=TM
event=receive timestamp_ns=1791287165929746716 workflow=CT_SHARE run_id=17 node=U1 source=TM10 destination=TM
event=receive timestamp_ns=1791287167524872264 workflow=CT_SHARE run_id=18 node=U1 source=TM10 destination=TM
event=receive timestamp_ns=1791287169060982863 workflow=CT_SHARE run_id=19 node=U1 source=TM10 destination=TM
event=receive timestamp_ns=1791287170660747335 workflow=CT_SHARE run_id=20 node=U1 source=TM10 destination=TM
event=receive timestamp_ns=1791287172201151000 workflow=CT_SHARE run_id=21 node=U1 source=TM10 destination=TM
event=receive timestamp_ns=1791287173765716484 workflow=CT_SHARE run_id=22 node=U1 source=TM10 destination=TM
event=receive timestamp_ns=1791287175301174180 workflow=CT_SHARE run_id=23 node=U1 source=TM10 destination=TM
event=receive timestamp_ns=1791287176900880368 workflow=CT_SHARE run_id=24 node=U1 source=TM10 destination=TM
event=receive timestamp_ns=1791287178504461388 workflow=CT_SHARE run_id=25 node=U1 source=TM10 destination=TM
event=receive timestamp_ns=1791287180068747497 workflow=CT_SHARE run_id=26 node=U1 source=TM10 destination=TM
event=receive timestamp_ns=1791287181668444727 workflow=CT_SHARE run_id=27 node=U1 source=TM10 destination=TM
event=receive timestamp_ns=1791287183237849617 workflow=CT_SHARE run_id=28 node=U1 source=TM10 destination=TM
event=receive timestamp_ns=1791287184773238374 workflow=CT_SHARE run_id=29 node=U1 source=TM10 destination=TM
event=receive timestamp_ns=1791287186380711339 workflow=CT_SHARE run_id=30 node=U1 source=TM10 destination=TM
event=receive timestamp_ns=1791287187908934149 workflow=CT_SHARE run_id=31 node=U1 source=TM10 destination=TM
event=receive timestamp_ns=1791287189512177732 workflow=CT_SHARE run_id=32 node=U1 source=TM10 destination=TM
event=receive timestamp_ns=1791287191078364074 workflow=CT_SHARE run_id=33 node=U1 source=TM10 destination=TM
event=receive timestamp_ns=1791287192645061601 workflow=CT_SHARE run_id=34 node=U1 source=TM10 destination=TM
event=receive timestamp_ns=1791287194213806922 workflow=CT_SHARE run_id=35 node=U1 source=TM10 destination=TM
event=receive timestamp_ns=1791287196578376890 workflow=ARL_UPDATE run_id=1 node=U1 source=Authority destination=TM
event=receive timestamp_ns=1791287198114102484 workflow=ARL_UPDATE run_id=2 node=U1 source=Authority destination=TM
event=receive timestamp_ns=1791287199650915386 workflow=ARL_UPDATE run_id=3 node=U1 source=Authority destination=TM
event=receive timestamp_ns=1791287201190522140 workflow=ARL_UPDATE run_id=4 node=U1 source=Authority destination=TM
event=receive timestamp_ns=1791287202724823178 workflow=ARL_UPDATE run_id=5 node=U1 source=Authority destination=TM
event=receive timestamp_ns=1791287204257027983 workflow=ARL_UPDATE run_id=6 node=U1 source=Authority destination=TM
event=receive timestamp_ns=1791287205792413651 workflow=ARL_UPDATE run_id=7 node=U1 source=Authority destination=TM
event=receive timestamp_ns=1791287207392935958 workflow=ARL_UPDATE run_id=8 node=U1 source=Authority destination=TM
event=receive timestamp_ns=1791287208928276293 workflow=ARL_UPDATE run_id=9 node=U1 source=Authority destination=TM
event=receive timestamp_ns=1791287210463849046 workflow=ARL_UPDATE run_id=10 node=U1 source=Authority destination=TM
event=receive timestamp_ns=1791287212000730994 workflow=ARL_UPDATE run_id=11 node=U1 source=Authority destination=TM
event=receive timestamp_ns=1791287213537094291 workflow=ARL_UPDATE run_id=12 node=U1 source=Authority destination=TM
event=receive timestamp_ns=1791287215072855181 workflow=ARL_UPDATE run_id=13 node=U1 source=Authority destination=TM
event=receive timestamp_ns=1791287216674429799 workflow=ARL_UPDATE run_id=14 node=U1 source=Authority destination=TM
event=receive timestamp_ns=1791287218208707803 workflow=ARL_UPDATE run_id=15 node=U1 source=Authority destination=TM
event=receive timestamp_ns=1791287219744318960 workflow=ARL_UPDATE run_id=16 node=U1 source=Authority destination=TM
event=receive timestamp_ns=1791287221279893740 workflow=ARL_UPDATE run_id=17 node=U1 source=Authority destination=TM
event=receive timestamp_ns=1791287222818068001 workflow=ARL_UPDATE run_id=18 node=U1 source=Authority destination=TM
event=receive timestamp_ns=1791287224352394601 workflow=ARL_UPDATE run_id=19 node=U1 source=Authority destination=TM
event=receive timestamp_ns=1791287225890074985 workflow=ARL_UPDATE run_id=20 node=U1 source=Authority destination=TM
event=receive timestamp_ns=1791287227425505164 workflow=ARL_UPDATE run_id=21 node=U1 source=Authority destination=TM
event=receive timestamp_ns=1791287228960800789 workflow=ARL_UPDATE run_id=22 node=U1 source=Authority destination=TM
event=receive timestamp_ns=1791287230496438737 workflow=ARL_UPDATE run_id=23 node=U1 source=Authority destination=TM
event=receive timestamp_ns=1791287232036638733 workflow=ARL_UPDATE run_id=24 node=U1 source=Authority destination=TM
event=receive timestamp_ns=1791287233571068526 workflow=ARL_UPDATE run_id=25 node=U1 source=Authority destination=TM
event=receive timestamp_ns=1791287235104278675 workflow=ARL_UPDATE run_id=26 node=U1 source=Authority destination=TM
event=receive timestamp_ns=1791287236645124738 workflow=ARL_UPDATE run_id=27 node=U1 source=Authority destination=TM
event=receive timestamp_ns=1791287238176867319 workflow=ARL_UPDATE run_id=28 node=U1 source=Authority destination=TM
event=receive timestamp_ns=1791287239717569695 workflow=ARL_UPDATE run_id=29 node=U1 source=Authority destination=TM
event=receive timestamp_ns=1791287241254952994 workflow=ARL_UPDATE run_id=30 node=U1 source=Authority destination=TM
event=receive timestamp_ns=1791287242784872799 workflow=ARL_UPDATE run_id=31 node=U1 source=Authority destination=TM
event=receive timestamp_ns=1791287244324705398 workflow=ARL_UPDATE run_id=32 node=U1 source=Authority destination=TM
event=receive timestamp_ns=1791287245860230502 workflow=ARL_UPDATE run_id=33 node=U1 source=Authority destination=TM
event=receive timestamp_ns=1791287247395752845 workflow=ARL_UPDATE run_id=34 node=U1 source=Authority destination=TM
event=receive timestamp_ns=1791287248962023820 workflow=ARL_UPDATE run_id=35 node=U1 source=Authority destination=TM
event=receive timestamp_ns=1791287250465965086 workflow=ARL_UPDATE run_id=36 node=U1 source=Authority destination=TM
event=receive timestamp_ns=1791287252001561538 workflow=ARL_UPDATE run_id=37 node=U1 source=Authority destination=TM
event=receive timestamp_ns=1791287253540354293 workflow=ARL_UPDATE run_id=38 node=U1 source=Authority destination=TM
event=receive timestamp_ns=1791287255107895340 workflow=ARL_UPDATE run_id=39 node=U1 source=Authority destination=TM
event=receive timestamp_ns=1791287256643227154 workflow=ARL_UPDATE run_id=40 node=U1 source=Authority destination=TM
event=receive timestamp_ns=1791287258177801729 workflow=ARL_UPDATE run_id=41 node=U1 source=Authority destination=TM
event=receive timestamp_ns=1791287259712516682 workflow=ARL_UPDATE run_id=42 node=U1 source=Authority destination=TM
event=receive timestamp_ns=1791287261250156785 workflow=ARL_UPDATE run_id=43 node=U1 source=Authority destination=TM
event=receive timestamp_ns=1791287262785938240 workflow=ARL_UPDATE run_id=44 node=U1 source=Authority destination=TM
event=receive timestamp_ns=1791287264326059487 workflow=ARL_UPDATE run_id=45 node=U1 source=Authority destination=TM
event=receive timestamp_ns=1791287265860890628 workflow=ARL_UPDATE run_id=46 node=U1 source=Authority destination=TM
event=receive timestamp_ns=1791287267392344669 workflow=ARL_UPDATE run_id=47 node=U1 source=Authority destination=TM
event=receive timestamp_ns=1791287268928799452 workflow=ARL_UPDATE run_id=48 node=U1 source=Authority destination=TM
event=receive timestamp_ns=1791287270465449937 workflow=ARL_UPDATE run_id=49 node=U1 source=Authority destination=TM
event=receive timestamp_ns=1791287272002581212 workflow=ARL_UPDATE run_id=50 node=U1 source=Authority destination=TM
event=receive timestamp_ns=1791287273538535952 workflow=ARL_UPDATE run_id=51 node=U1 source=Authority destination=TM
event=receive timestamp_ns=1791287275076729208 workflow=ARL_UPDATE run_id=52 node=U1 source=Authority destination=TM
event=receive timestamp_ns=1791287276609008562 workflow=ARL_UPDATE run_id=53 node=U1 source=Authority destination=TM
event=receive timestamp_ns=1791287278146032227 workflow=ARL_UPDATE run_id=54 node=U1 source=Authority destination=TM
event=receive timestamp_ns=1791287279682550396 workflow=ARL_UPDATE run_id=55 node=U1 source=Authority destination=TM
event=receive timestamp_ns=1791287281220119581 workflow=ARL_UPDATE run_id=56 node=U1 source=Authority destination=TM
event=receive timestamp_ns=1791287282758011598 workflow=ARL_UPDATE run_id=57 node=U1 source=Authority destination=TM
event=receive timestamp_ns=1791287284292231970 workflow=ARL_UPDATE run_id=58 node=U1 source=Authority destination=TM
event=receive timestamp_ns=1791287285828773235 workflow=ARL_UPDATE run_id=59 node=U1 source=Authority destination=TM
event=receive timestamp_ns=1791287287361931414 workflow=ARL_UPDATE run_id=60 node=U1 source=Authority destination=TM
event=receive timestamp_ns=1791287288900204831 workflow=ARL_UPDATE run_id=61 node=U1 source=Authority destination=TM
event=receive timestamp_ns=1791287290433278697 workflow=ARL_UPDATE run_id=62 node=U1 source=Authority destination=TM
event=receive timestamp_ns=1791287291968634297 workflow=ARL_UPDATE run_id=63 node=U1 source=Authority destination=TM
event=receive timestamp_ns=1791287293504040791 workflow=ARL_UPDATE run_id=64 node=U1 source=Authority destination=TM
event=receive timestamp_ns=1791287295040630597 workflow=ARL_UPDATE run_id=65 node=U1 source=Authority destination=TM
event=receive timestamp_ns=1791287296579320282 workflow=ARL_UPDATE run_id=66 node=U1 source=Authority destination=TM
event=receive timestamp_ns=1791287298112246324 workflow=ARL_UPDATE run_id=67 node=U1 source=Authority destination=TM
event=receive timestamp_ns=1791287299648697001 workflow=ARL_UPDATE run_id=68 node=U1 source=Authority destination=TM
event=receive timestamp_ns=1791287301188194155 workflow=ARL_UPDATE run_id=69 node=U1 source=Authority destination=TM
event=receive timestamp_ns=1791287302720138189 workflow=ARL_UPDATE run_id=70 node=U1 source=Authority destination=TM
event=receive timestamp_ns=1791287306525814598 workflow=KEY_REQUEST run_id=bench_h10_key_w1 node=U1 source=TM10 destination=TM
event=receive timestamp_ns=1791287313310001941 workflow=KEY_REQUEST run_id=bench_h10_key_w2 node=U1 source=TM10 destination=TM
event=receive timestamp_ns=1791287318206100495 workflow=KEY_REQUEST run_id=bench_h10_key_w3 node=U1 source=TM10 destination=TM
event=receive timestamp_ns=1791287324353820301 workflow=KEY_REQUEST run_id=bench_h10_key_w4 node=U1 source=TM10 destination=TM
event=receive timestamp_ns=1791287330110044409 workflow=KEY_REQUEST run_id=bench_h10_key_w5 node=U1 source=TM10 destination=TM
event=receive timestamp_ns=1791287333953935116 workflow=KEY_REQUEST run_id=bench_h10_key_001 node=U1 source=TM10 destination=TM
event=receive timestamp_ns=1791287338941918892 workflow=KEY_REQUEST run_id=bench_h10_key_002 node=U1 source=TM10 destination=TM
event=receive timestamp_ns=1791287344510003856 workflow=KEY_REQUEST run_id=bench_h10_key_003 node=U1 source=TM10 destination=TM
event=receive timestamp_ns=1791287350045844478 workflow=KEY_REQUEST run_id=bench_h10_key_004 node=U1 source=TM10 destination=TM
event=receive timestamp_ns=1791287355582268925 workflow=KEY_REQUEST run_id=bench_h10_key_005 node=U1 source=TM10 destination=TM
event=receive timestamp_ns=1791287360605914698 workflow=KEY_REQUEST run_id=bench_h10_key_006 node=U1 source=TM10 destination=TM
event=receive timestamp_ns=1791287368222082332 workflow=KEY_REQUEST run_id=bench_h10_key_007 node=U1 source=TM10 destination=TM
event=receive timestamp_ns=1791287373789831531 workflow=KEY_REQUEST run_id=bench_h10_key_008 node=U1 source=TM10 destination=TM
event=receive timestamp_ns=1791287378973880953 workflow=KEY_REQUEST run_id=bench_h10_key_009 node=U1 source=TM10 destination=TM
event=receive timestamp_ns=1791287384862199871 workflow=KEY_REQUEST run_id=bench_h10_key_010 node=U1 source=TM10 destination=TM
event=receive timestamp_ns=1791287388894068757 workflow=KEY_REQUEST run_id=bench_h10_key_011 node=U1 source=TM10 destination=TM
event=receive timestamp_ns=1791287393378006333 workflow=KEY_REQUEST run_id=bench_h10_key_012 node=U1 source=TM10 destination=TM
event=receive timestamp_ns=1791287399490001581 workflow=KEY_REQUEST run_id=bench_h10_key_013 node=U1 source=TM10 destination=TM
event=receive timestamp_ns=1791287402974038300 workflow=KEY_REQUEST run_id=bench_h10_key_014 node=U1 source=TM10 destination=TM
event=receive timestamp_ns=1791287406462044561 workflow=KEY_REQUEST run_id=bench_h10_key_015 node=U1 source=TM10 destination=TM
event=receive timestamp_ns=1791287412158000759 workflow=KEY_REQUEST run_id=bench_h10_key_016 node=U1 source=TM10 destination=TM
event=receive timestamp_ns=1791287418846215897 workflow=KEY_REQUEST run_id=bench_h10_key_017 node=U1 source=TM10 destination=TM
event=receive timestamp_ns=1791287422206318123 workflow=KEY_REQUEST run_id=bench_h10_key_018 node=U1 source=TM10 destination=TM
event=receive timestamp_ns=1791287426142050496 workflow=KEY_REQUEST run_id=bench_h10_key_019 node=U1 source=TM10 destination=TM
event=receive timestamp_ns=1791287433470449758 workflow=KEY_REQUEST run_id=bench_h10_key_020 node=U1 source=TM10 destination=TM
event=receive timestamp_ns=1791287437342437817 workflow=KEY_REQUEST run_id=bench_h10_key_021 node=U1 source=TM10 destination=TM
event=receive timestamp_ns=1791287442334141361 workflow=KEY_REQUEST run_id=bench_h10_key_022 node=U1 source=TM10 destination=TM
event=receive timestamp_ns=1791287448350294648 workflow=KEY_REQUEST run_id=bench_h10_key_023 node=U1 source=TM10 destination=TM
event=receive timestamp_ns=1791287453918193172 workflow=KEY_REQUEST run_id=bench_h10_key_024 node=U1 source=TM10 destination=TM
event=receive timestamp_ns=1791287459645931138 workflow=KEY_REQUEST run_id=bench_h10_key_025 node=U1 source=TM10 destination=TM
event=receive timestamp_ns=1791287463357783876 workflow=KEY_REQUEST run_id=bench_h10_key_026 node=U1 source=TM10 destination=TM
event=receive timestamp_ns=1791287469694151956 workflow=KEY_REQUEST run_id=bench_h10_key_027 node=U1 source=TM10 destination=TM
event=receive timestamp_ns=1791287474590092875 workflow=KEY_REQUEST run_id=bench_h10_key_028 node=U1 source=TM10 destination=TM
event=receive timestamp_ns=1791287480770172242 workflow=KEY_REQUEST run_id=bench_h10_key_029 node=U1 source=TM10 destination=TM
event=receive timestamp_ns=1791287484734138760 workflow=KEY_REQUEST run_id=bench_h10_key_030 node=U1 source=TM10 destination=TM
