event=receive timestamp_ns=1791287136221886768 workflow=KEY_REQUEST run_id=bench_h10_setup node=U2 source=TM10 destination=TM
event=receive timestamp_ns=1791287141350563363 workflow=CT_SHARE run_id=1 node=U2 source=TM10 destination=TM
event=receive timestamp_ns=1791287142856678667 workflow=CT_SHARE run_id=2 node=U2 source=TM10 destination=TM
event=receive timestamp_ns=1791287144422030125 workflow=CT_SHARE run_id=3 node=U2 source=TM10 destination=TM
event=receive timestamp_ns=1791287145991149495 workflow=CT_SHARE run_id=4 node=U2 source=TM10 destination=TM
event=receive timestamp_ns=1791287147560025373 workflow=CT_SHARE run_id=5 node=U2 source=TM10 destination=TM
event=receive timestamp_ns=1791287149124953454 workflow=CT_SHARE run_id=6 node=U2 source=TM10 destination=TM
event=receive timestamp_ns=1791287150696532829 workflow=CT_SHARE run_id=7 node=U2 source=TM10 destination=TM
event=receive timestamp_ns=1791287152260699801 workflow=CT_SHARE run_id=8 node=U2 source=TM10 destination=TM
event=receive timestamp_ns=1791287153830361654 workflow=CT_SHARE run_id=9 node=U2 source=TM10 destination=TM
event=receive timestamp_ns=1791287155430546981 workflow=CT_SHARE run_id=10 node=U2 source=TM10 destination=TM
event=receive timestamp_ns=1791287156966384835 workflow=CT_SHARE run_id=11 node=U2 source=TM10 destination=TM
event=receive timestamp_ns=1791287158538648573 workflow=CT_SHARE run_id=12 node=U2 source=TM10 destination=TM
event=receive timestamp_ns=1791287160132864307 workflow=CT_SHARE run_id=13 node=U2 source=TM10 destination=TM
event=receive timestamp_ns=1791287161703659533 workflow=CT_SHARE run_id=14 node=U2 source=TM10 destination=TM
event=receive timestamp_ns=1791287163237276378 workflow=CT_SHARE run_id=15 node=U2 source=TM10 destination=TM
event=receive timestamp_ns=1791287164808771540 workflow=CT_SHARE run_id=16 node=U2 source=TM10 destination=TM
event=receive timestamp_ns=1791287166344566903 workflow=CT_SHARE run_id=17 node=U2 source=TM10 destination=TM
event=receive timestamp_ns=1791287167940575651 workflow=CT_SHARE run_id=18 node=U2 source=TM10 destination=TM
event=receive timestamp_ns=1791287169477803611 workflow=CT_SHARE run_id=19 node=U2 source=TM10 destination=TM
event=receive timestamp_ns=1791287171076772961 workflow=CT_SHARE run_id=20 node=U2 source=TM10 destination=TM
event=receive timestamp_ns=1791287172619987948 workflow=CT_SHARE run_id=21 node=U2 source=TM10 destination=TM
event=receive timestamp_ns=1791287174186190507 workflow=CT_SHARE run_id=22 node=U2 source=TM10 destination=TM
event=receive timestamp_ns=1791287175717431613 workflow=CT_SHARE run_id=23 node=U2 source=TM10 destination=TM
event=receive timestamp_ns=1791287177318695988 workflow=CT_SHARE run_id=24 node=U2 source=TM10 destination=TM
event=receive timestamp_ns=1791287178920690029 workflow=CT_SHARE run_id=25 node=U2 source=TM10 destination=TM
event=receive timestamp_ns=1791287180490769585 workflow=CT_SHARE run_id=26 node=U2 source=TM10 destination=TM
event=receive timestamp_ns=1791287182086310234 workflow=CT_SHARE run_id=27 node=U2 source=TM10 destination=TM
event=receive timestamp_ns=1791287183656687318 workflow=CT_SHARE run_id=28 node=U2 source=TM10 destination=TM
event=receive timestamp_ns=1791287185193802747 workflow=CT_SHARE run_id=29 node=U2 source=TM10 destination=TM
event=receive timestamp_ns=1791287186790311543 workflow=CT_SHARE run_id=30 node=U2 source=TM10 destination=TM
event=receive timestamp_ns=1791287188326138030 workflow=CT_SHARE run_id=31 node=U2 source=TM10 destination=TM
event=receive timestamp_ns=1791287189926673772 workflow=CT_SHARE run_id=32 node=U2 source=TM10 destination=TM
event=receive timestamp_ns=1791287191525095834 workflow=CT_SHARE run_id=33 node=U2 source=TM10 destination=TM
event=receive timestamp_ns=1791287193062467059 workflow=CT_SHARE run_id=34 node=U2 source=TM10 destination=TM
event=receive timestamp_ns=1791287194629501881 workflow=CT_SHARE run_id=35 node=U2 source=TM10 destination=TM
event=receive timestamp_ns=1791287196168213582 workflow=ARL_UPDATE run_id=1 node=U2 source=Authority destination=TM
event=receive timestamp_ns=1791287197698518750 workflow=ARL_UPDATE run_id=2 node=U2 source=Authority destination=TM
event=receive timestamp_ns=1791287199234477805 workflow=ARL_UPDATE run_id=3 node=U2 source=Authority destination=TM
event=receive timestamp_ns=1791287200773701140 workflow=ARL_UPDATE run_id=4 node=U2 source=Authority destination=TM
event=receive timestamp_ns=1791287202309354283 workflow=ARL_UPDATE run_id=5 node=U2 source=Authority destination=TM
event=receive timestamp_ns=1791287203843094241 workflow=ARL_UPDATE run_id=6 node=U2 source=Authority destination=TM
event=receive timestamp_ns=1791287205381333729 workflow=ARL_UPDATE run_id=7 node=U2 source=Authority destination=TM
event=receive timestamp_ns=1791287206976338927 workflow=ARL_UPDATE run_id=8 node=U2 source=Authority destination=TM
event=receive timestamp_ns=1791287208513893914 workflow=ARL_UPDATE run_id=9 node=U2 source=Authority destination=TM
event=receive timestamp_ns=1791287210048474976 workflow=ARL_UPDATE run_id=10 node=U2 source=Authority destination=TM
event=receive timestamp_ns=1791287211587766947 workflow=ARL_UPDATE run_id=11 node=U2 source=Authority destination=TM
event=receive timestamp_ns=1791287213121051481 workflow=ARL_UPDATE run_id=12 node=U2 source=Authority destination=TM
event=receive timestamp_ns=1791287214658404207 workflow=ARL_UPDATE run_id=13 node=U2 source=Authority destination=TM
event=receive timestamp_ns=1791287216256256347 workflow=ARL_UPDATE run_id=14 node=U2 source=Authority destination=TM
event=receive timestamp_ns=1791287217803855067 workflow=ARL_UPDATE run_id=15 node=U2 source=Authority destination=TM
event=receive timestamp_ns=1791287219329160638 workflow=ARL_UPDATE run_id=16 node=U2 source=Authority destination=TM
event=receive timestamp_ns=1791287220870007977 workflow=ARL_UPDATE run_id=17 node=U2 source=Authority destination=TM
event=receive timestamp_ns=1791287222404301786 workflow=ARL_UPDATE run_id=18 node=U2 source=Authority destination=TM
event=receive timestamp_ns=1791287223940556551 workflow=ARL_UPDATE run_id=19 node=U2 source=Authority destination=TM
event=receive timestamp_ns=1791287225473450171 workflow=ARL_UPDATE run_id=20 node=U2 source=Authority destination=TM
event=receive timestamp_ns=1791287227008170336 workflow=ARL_UPDATE run_id=21 node=U2 source=Authority destination=TM
event=receive timestamp_ns=1791287228545932327 workflow=ARL_UPDATE run_id=22 node=U2 source=Authority destination=TM
event=receive timestamp_ns=1791287230082238351 workflow=ARL_UPDATE run_id=23 node=U2 source=Authority destination=TM
event=receive timestamp_ns=1791287231630154826 workflow=ARL_UPDATE run_id=24 node=U2 source=Authority destination=TM
event=receive timestamp_ns=1791287233153980788 workflow=ARL_UPDATE run_id=25 node=U2 source=Authority destination=TM
event=receive timestamp_ns=1791287234691208519 workflow=ARL_UPDATE run_id=26 node=U2 source=Authority destination=TM
event=receive timestamp_ns=1791287236237019905 workflow=ARL_UPDATE run_id=27 node=U2 source=Authority destination=TM
event=receive timestamp_ns=1791287237771019736 workflow=ARL_UPDATE run_id=28 node=U2 source=Authority destination=TM
event=receive timestamp_ns=1791287239297633956 workflow=ARL_UPDATE run_id=29 node=U2 source=Authority destination=TM
event=receive timestamp_ns=1791287240835386279 workflow=ARL_UPDATE run_id=30 node=U2 source=Authority destination=TM
event=receive timestamp_ns=1791287242375437039 workflow=ARL_UPDATE run_id=31 node=U2 source=Authority destination=TM
event=receive timestamp_ns=1791287243916084621 workflow=ARL_UPDATE run_id=32 node=U2 source=Authority destination=TM
event=receive timestamp_ns=1791287245445540375 workflow=ARL_UPDATE run_id=33 node=U2 source=Authority destination=TM
event=receive timestamp_ns=1791287246985073409 workflow=ARL_UPDATE run_id=34 node=U2 source=Authority destination=TM
event=receive timestamp_ns=1791287248520959711 workflow=ARL_UPDATE run_id=35 node=U2 source=Authority destination=TM
event=receive timestamp_ns=1791287250056452848 workflow=ARL_UPDATE run_id=36 node=U2 source=Authority destination=TM
event=receive timestamp_ns=1791287251592674467 workflow=ARL_UPDATE run_id=37 node=U2 source=Authority destination=TM
event=receive timestamp_ns=1791287253125586851 workflow=ARL_UPDATE run_id=38 node=U2 source=Authority destination=TM
event=receive timestamp_ns=1791287254656899753 workflow=ARL_UPDATE run_id=39 node=U2 source=Authority destination=TM
event=receive timestamp_ns=1791287256224493681 workflow=ARL_UPDATE run_id=40 node=U2 source=Authority destination=TM
event=receive timestamp_ns=1791287257761257073 workflow=ARL_UPDATE run_id=41 node=U2 source=Authority destination=TM
event=receive timestamp_ns=1791287259296639528 workflow=ARL_UPDATE run_id=42 node=U2 source=Authority destination=TM
event=receive timestamp_ns=1791287260832362853 workflow=ARL_UPDATE run_id=43 node=U2 source=Authority destination=TM
event=receive timestamp_ns=1791287262370812224 workflow=ARL_UPDATE run_id=44 node=U2 source=Authority destination=TM
event=receive timestamp_ns=1791287263906092171 workflow=ARL_UPDATE run_id=45 node=U2 source=Authority destination=TM
event=receive timestamp_ns=1791287265446059357 workflow=ARL_UPDATE run_id=46 node=U2 source=Authority destination=TM
event=receive timestamp_ns=1791287266980187137 workflow=ARL_UPDATE run_id=47 node=U2 source=Authority destination=TM
event=receive timestamp_ns=1791287268513168807 workflow=ARL_UPDATE run_id=48 node=U2 source=Authority destination=TM
event=receive timestamp_ns=1791287270049501505 workflow=ARL_UPDATE run_id=49 node=U2 source=Authority destination=TM
event=receive timestamp_ns=1791287271584927398 workflow=ARL_UPDATE run_id=50 node=U2 source=Authority destination=TM
event=receive timestamp_ns=1791287273121778978 workflow=ARL_UPDATE run_id=51 node=U2 source=Authority destination=TM
event=receive timestamp_ns=1791287274661988968 workflow=ARL_UPDATE run_id=52 node=U2 source=Authority destination=TM
event=receive timestamp_ns=1791287276194622764 workflow=ARL_UPDATE run_id=53 node=U2 source=Authority destination=TM
event=receive timestamp_ns=1791287277729810065 workflow=ARL_UPDATE run_id=54 node=U2 source=Authority destination=TM
event=receive timestamp_ns=1791287279265868783 workflow=ARL_UPDATE run_id=55 node=U2 source=Authority destination=TM
event=receive timestamp_ns=1791287280803348089 workflow=ARL_UPDATE run_id=56 node=U2 source=Authority destination=TM
event=receive timestamp_ns=1791287282342781029 workflow=ARL_UPDATE run_id=57 node=U2 source=Authority destination=TM
event=receive timestamp_ns=1791287283873383147 workflow=ARL_UPDATE run_id=58 node=U2 source=Authority destination=TM
event=receive timestamp_ns=1791287285412855649 workflow=ARL_UPDATE run_id=59 node=U2 source=Authority destination=TM
event=receive timestamp_ns=1791287286948274722 workflow=ARL_UPDATE run_id=60 node=U2 source=Authority destination=TM
event=receive timestamp_ns=1791287288483396491 workflow=ARL_UPDATE run_id=61 node=U2 source=Authority destination=TM
event=receive timestamp_ns=1791287290016466547 workflow=ARL_UPDATE run_id=62 node=U2 source=Authority destination=TM
event=receive timestamp_ns=1791287291556275390 workflow=ARL_UPDATE run_id=63 node=U2 source=Authority destination=TM
event=receive timestamp_ns=1791287293088959375 workflow=ARL_UPDATE run_id=64 node=U2 source=Authority destination=TM
event=receive timestamp_ns=1791287294624361911 workflow=ARL_UPDATE run_id=65 node=U2 source=Authority destination=TM
event=receive timestamp_ns=1791287296165013991 workflow=ARL_UPDATE run_id=66 node=U2 source=Authority destination=TM
event=receive timestamp_ns=1791287297700348658 workflow=ARL_UPDATE run_id=67 node=U2 source=Authority destination=TM
event=receive timestamp_ns=1791287299232691373 workflow=ARL_UPDATE run_id=68 node=U2 source=Authority destination=TM
event=receive timestamp_ns=1791287300768275390 workflow=ARL_UPDATE run_id=69 node=U2 source=Authority destination=TM
event=receive timestamp_ns=1791287302304340951 workflow=ARL_UPDATE run_id=70 node=U2 source=Authority destination=TM
event=receive timestamp_ns=1791287305917824980 workflow=KEY_REQUEST run_id=bench_h10_key_w1 node=U2 source=TM10 destination=TM
event=receive timestamp_ns=1791287313410156972 workflow=KEY_REQUEST run_id=bench_h10_key_w2 node=U2 source=TM10 destination=TM
event=receive timestamp_ns=1791287318110039377 workflow=KEY_REQUEST run_id=bench_h10_key_w3 node=U2 source=TM10 destination=TM
event=receive timestamp_ns=1791287324253812170 workflow=KEY_REQUEST run_id=bench_h10_key_w4 node=U2 source=TM10 destination=TM
event=receive timestamp_ns=1791287330209880399 workflow=KEY_REQUEST run_id=bench_h10_key_w5 node=U2 source=TM10 destination=TM
event=receive timestamp_ns=1791287333854018166 workflow=KEY_REQUEST run_id=bench_h10_key_001 node=U2 source=TM10 destination=TM
event=receive timestamp_ns=1791287338845962609 workflow=KEY_REQUEST run_id=bench_h10_key_002 node=U2 source=TM10 destination=TM
event=receive timestamp_ns=1791287344413783377 workflow=KEY_REQUEST run_id=bench_h10_key_003 node=U2 source=TM10 destination=TM
event=receive timestamp_ns=1791287349950002223 workflow=KEY_REQUEST run_id=bench_h10_key_004 node=U2 source=TM10 destination=TM
event=receive timestamp_ns=1791287355485971479 workflow=KEY_REQUEST run_id=bench_h10_key_005 node=U2 source=TM10 destination=TM
event=receive timestamp_ns=1791287361021833425 workflow=KEY_REQUEST run_id=bench_h10_key_006 node=U2 source=TM10 destination=TM
event=receive timestamp_ns=1791287367617877766 workflow=KEY_REQUEST run_id=bench_h10_key_007 node=U2 source=TM10 destination=TM
event=receive timestamp_ns=1791287374589808502 workflow=KEY_REQUEST run_id=bench_h10_key_008 node=U2 source=TM10 destination=TM
event=receive timestamp_ns=1791287378206281371 workflow=KEY_REQUEST run_id=bench_h10_key_009 node=U2 source=TM10 destination=TM
event=receive timestamp_ns=1791287384766192790 workflow=KEY_REQUEST run_id=bench_h10_key_010 node=U2 source=TM10 destination=TM
event=receive timestamp_ns=1791287388801878762 workflow=KEY_REQUEST run_id=bench_h10_key_011 node=U2 source=TM10 destination=TM
event=receive timestamp_ns=1791287393278051903 workflow=KEY_REQUEST run_id=bench_h10_key_012 node=U2 source=TM10 destination=TM
event=receive timestamp_ns=1791287399390163060 workflow=KEY_REQUEST run_id=bench_h10_key_013 node=U2 source=TM10 destination=TM
event=receive timestamp_ns=1791287402878231240 workflow=KEY_REQUEST run_id=bench_h10_key_014 node=U2 source=TM10 destination=TM
event=receive timestamp_ns=1791287407777907655 workflow=KEY_REQUEST run_id=bench_h10_key_015 node=U2 source=TM10 destination=TM
event=receive timestamp_ns=1791287411454304116 workflow=KEY_REQUEST run_id=bench_h10_key_016 node=U2 source=TM10 destination=TM
event=receive timestamp_ns=1791287418430369685 workflow=KEY_REQUEST run_id=bench_h10_key_017 node=U2 source=TM10 destination=TM
event=receive timestamp_ns=1791287422050220228 workflow=KEY_REQUEST run_id=bench_h10_key_018 node=U2 source=TM10 destination=TM
event=receive timestamp_ns=1791287426045993307 workflow=KEY_REQUEST run_id=bench_h10_key_019 node=U2 source=TM10 destination=TM
event=receive timestamp_ns=1791287433054501238 workflow=KEY_REQUEST run_id=bench_h10_key_020 node=U2 source=TM10 destination=TM
event=receive timestamp_ns=1791287437758134660 workflow=KEY_REQUEST run_id=bench_h10_key_021 node=U2 source=TM10 destination=TM
event=receive timestamp_ns=1791287441761934569 workflow=KEY_REQUEST run_id=bench_h10_key_022 node=U2 source=TM10 destination=TM
event=receive timestamp_ns=1791287447742102528 workflow=KEY_REQUEST run_id=bench_h10_key_023 node=U2 source=TM10 destination=TM
event=receive timestamp_ns=1791287454721781492 workflow=KEY_REQUEST run_id=bench_h10_key_024 node=U2 source=TM10 destination=TM
event=receive timestamp_ns=1791287458366194229 workflow=KEY_REQUEST run_id=bench_h10_key_025 node=U2 source=TM10 destination=TM
event=receive timestamp_ns=1791287463773999927 workflow=KEY_REQUEST run_id=bench_h10_key_026 node=U2 source=TM10 destination=TM
event=receive timestamp_ns=1791287468382186515 workflow=KEY_REQUEST run_id=bench_h10_key_027 node=U2 source=TM10 destination=TM
event=receive timestamp_ns=1791287474494338071 workflow=KEY_REQUEST run_id=bench_h10_key_028 node=U2 source=TM10 destination=TM
event=receive timestamp_ns=1791287480670105093 workflow=KEY_REQUEST run_id=bench_h10_key_029 node=U2 source=TM10 destination=TM
event=receive timestamp_ns=1791287484638147475 workflow=KEY_REQUEST run_id=bench_h10_key_030 node=U2 source=TM10 destination=TM
