event=receive timestamp_ns=1791287136126124634 workflow=KEY_REQUEST run_id=bench_h10_setup node=U3 source=TM10 destination=TM
event=receive timestamp_ns=1791287141253356866 workflow=CT_SHARE run_id=1 node=U3 source=TM10 destination=TM
event=receive timestamp_ns=1791287142797255775 workflow=CT_SHARE run_id=2 node=U3 source=TM10 destination=TM
event=receive timestamp_ns=1791287144328695373 workflow=CT_SHARE run_id=3 node=U3 source=TM10 destination=TM
event=receive timestamp_ns=1791287145926219874 workflow=CT_SHARE run_id=4 node=U3 source=TM10 destination=TM
event=receive timestamp_ns=1791287147464885395 workflow=CT_SHARE run_id=5 node=U3 source=TM10 destination=TM
event=receive timestamp_ns=1791287149042383232 workflow=CT_SHARE run_id=6 node=U3 source=TM10 destination=TM
event=receive timestamp_ns=1791287150597305388 workflow=CT_SHARE run_id=7 node=U3 source=TM10 destination=TM
event=receive timestamp_ns=1791287152169482586 workflow=CT_SHARE run_id=8 node=U3 source=TM10 destination=TM
event=receive timestamp_ns=1791287153737388280 workflow=CT_SHARE run_id=9 node=U3 source=TM10 destination=TM
event=receive timestamp_ns=1791287155337071242 workflow=CT_SHARE run_id=10 node=U3 source=TM10 destination=TM
event=receive timestamp_ns=1791287156869978371 workflow=CT_SHARE run_id=11 node=U3 source=TM10 destination=TM
event=receive timestamp_ns=1791287158437187798 workflow=CT_SHARE run_id=12 node=U3 source=TM10 destination=TM
event=receive timestamp_ns=1791287160036832059 workflow=CT_SHARE run_id=13 node=U3 source=TM10 destination=TM
event=receive timestamp_ns=1791287161605117256 workflow=CT_SHARE run_id=14 node=U3 source=TM10 destination=TM
event=receive timestamp_ns=1791287163140991520 workflow=CT_SHARE run_id=15 node=U3 source=TM10 destination=TM
event=receive timestamp_ns=1791287164708468622 workflow=CT_SHARE run_id=16 node=U3 source=TM10 destination=TM
event=receive timestamp_ns=1791287166250143287 workflow=CT_SHARE run_id=17 node=U3 source=TM10 destination=TM
event=receive timestamp_ns=1791287167845913290 workflow=CT_SHARE run_id=18 node=U3 source=TM10 destination=TM
event=receive timestamp_ns=1791287169381763939 workflow=CT_SHARE run_id=19 node=U3 source=TM10 destination=TM
event=receive timestamp_ns=1791287170984714593 workflow=CT_SHARE run_id=20 node=U3 source=TM10 destination=TM
event=receive timestamp_ns=1791287172523715631 workflow=CT_SHARE run_id=21 node=U3 source=TM10 destination=TM
event=receive timestamp_ns=1791287174087156130 workflow=CT_SHARE run_id=22 node=U3 source=TM10 destination=TM
event=receive timestamp_ns=1791287175620694231 workflow=CT_SHARE run_id=23 node=U3 source=TM10 destination=TM
event=receive timestamp_ns=1791287177225085797 workflow=CT_SHARE run_id=24 node=U3 source=TM10 destination=TM
event=receive timestamp_ns=1791287178852465844 workflow=CT_SHARE run_id=25 node=U3 source=TM10 destination=TM
event=receive timestamp_ns=1791287180389757268 workflow=CT_SHARE run_id=26 node=U3 source=TM10 destination=TM
event=receive timestamp_ns=1791287182003356298 workflow=CT_SHARE run_id=27 node=U3 source=TM10 destination=TM
event=receive timestamp_ns=1791287183560770099 workflow=CT_SHARE run_id=28 node=U3 source=TM10 destination=TM
event=receive timestamp_ns=1791287185125528986 workflow=CT_SHARE run_id=29 node=U3 source=TM10 destination=TM
event=receive timestamp_ns=1791287186697382504 workflow=CT_SHARE run_id=30 node=U3 source=TM10 destination=TM
event=receive timestamp_ns=1791287188232992057 workflow=CT_SHARE run_id=31 node=U3 source=TM10 destination=TM
event=receive timestamp_ns=1791287189828814152 workflow=CT_SHARE run_id=32 node=U3 source=TM10 destination=TM
event=receive timestamp_ns=1791287191429681079 workflow=CT_SHARE run_id=33 node=U3 source=TM10 destination=TM
event=receive timestamp_ns=1791287193002631029 workflow=CT_SHARE run_id=34 node=U3 source=TM10 destination=TM
event=receive timestamp_ns=1791287194565981487 workflow=CT_SHARE run_id=35 node=U3 source=TM10 destination=TM
event=receive timestamp_ns=1791287196835897339 workflow=ARL_UPDATE run_id=1 node=U3 source=Authority destination=TM
event=receive timestamp_ns=1791287198306796541 workflow=ARL_UPDATE run_id=2 node=U3 source=Authority destination=TM
event=receive timestamp_ns=1791287199842607892 workflow=ARL_UPDATE run_id=3 node=U3 source=Authority destination=TM
event=receive timestamp_ns=1791287201378518812 workflow=ARL_UPDATE run_id=4 node=U3 source=Authority destination=TM
event=receive timestamp_ns=1791287202913935383 workflow=ARL_UPDATE run_id=5 node=U3 source=Authority destination=TM
event=receive timestamp_ns=1791287204448826256 workflow=ARL_UPDATE run_id=6 node=U3 source=Authority destination=TM
event=receive timestamp_ns=1791287205987583069 workflow=ARL_UPDATE run_id=7 node=U3 source=Authority destination=TM
event=receive timestamp_ns=1791287207586252530 workflow=ARL_UPDATE run_id=8 node=U3 source=Authority destination=TM
event=receive timestamp_ns=1791287209121360737 workflow=ARL_UPDATE run_id=9 node=U3 source=Authority destination=TM
event=receive timestamp_ns=1791287210657809864 workflow=ARL_UPDATE run_id=10 node=U3 source=Authority destination=TM
event=receive timestamp_ns=1791287212193875290 workflow=ARL_UPDATE run_id=11 node=U3 source=Authority destination=TM
event=receive timestamp_ns=1791287213729961370 workflow=ARL_UPDATE run_id=12 node=U3 source=Authority destination=TM
event=receive timestamp_ns=1791287215265890576 workflow=ARL_UPDATE run_id=13 node=U3 source=Authority destination=TM
event=receive timestamp_ns=1791287216869416573 workflow=ARL_UPDATE run_id=14 node=U3 source=Authority destination=TM
event=receive timestamp_ns=1791287218402263966 workflow=ARL_UPDATE run_id=15 node=U3 source=Authority destination=TM
event=receive timestamp_ns=1791287219936547111 workflow=ARL_UPDATE run_id=16 node=U3 source=Authority destination=TM
event=receive timestamp_ns=1791287221472293977 workflow=ARL_UPDATE run_id=17 node=U3 source=Authority destination=TM
event=receive timestamp_ns=1791287223010899195 workflow=ARL_UPDATE run_id=18 node=U3 source=Authority destination=TM
event=receive timestamp_ns=1791287224545297529 workflow=ARL_UPDATE run_id=19 node=U3 source=Authority destination=TM
event=receive timestamp_ns=1791287226080347256 workflow=ARL_UPDATE run_id=20 node=U3 source=Authority destination=TM
event=receive timestamp_ns=1791287227584101064 workflow=ARL_UPDATE run_id=21 node=U3 source=Authority destination=TM
event=receive timestamp_ns=1791287229156677204 workflow=ARL_UPDATE run_id=22 node=U3 source=Authority destination=TM
event=receive timestamp_ns=1791287230690785298 workflow=ARL_UPDATE run_id=23 node=U3 source=Authority destination=TM
event=receive timestamp_ns=1791287232224613065 workflow=ARL_UPDATE run_id=24 node=U3 source=Authority destination=TM
event=receive timestamp_ns=1791287233764973335 workflow=ARL_UPDATE run_id=25 node=U3 source=Authority destination=TM
event=receive timestamp_ns=1791287235302752849 workflow=ARL_UPDATE run_id=26 node=U3 source=Authority destination=TM
event=receive timestamp_ns=1791287236837587888 workflow=ARL_UPDATE run_id=27 node=U3 source=Authority destination=TM
event=receive timestamp_ns=1791287238375024571 workflow=ARL_UPDATE run_id=28 node=U3 source=Authority destination=TM
event=receive timestamp_ns=1791287239907357037 workflow=ARL_UPDATE run_id=29 node=U3 source=Authority destination=TM
event=receive timestamp_ns=1791287241446096334 workflow=ARL_UPDATE run_id=30 node=U3 source=Authority destination=TM
event=receive timestamp_ns=1791287242980176029 workflow=ARL_UPDATE run_id=31 node=U3 source=Authority destination=TM
event=receive timestamp_ns=1791287244514387583 workflow=ARL_UPDATE run_id=32 node=U3 source=Authority destination=TM
event=receive timestamp_ns=1791287246082807706 workflow=ARL_UPDATE run_id=33 node=U3 source=Authority destination=TM
event=receive timestamp_ns=1791287247587868807 workflow=ARL_UPDATE run_id=34 node=U3 source=Authority destination=TM
event=receive timestamp_ns=1791287249125310664 workflow=ARL_UPDATE run_id=35 node=U3 source=Authority destination=TM
event=receive timestamp_ns=1791287250658093131 workflow=ARL_UPDATE run_id=36 node=U3 source=Authority destination=TM
event=receive timestamp_ns=1791287252192781346 workflow=ARL_UPDATE run_id=37 node=U3 source=Authority destination=TM
event=receive timestamp_ns=1791287253731907040 workflow=ARL_UPDATE run_id=38 node=U3 source=Authority destination=TM
event=receive timestamp_ns=1791287255265624612 workflow=ARL_UPDATE run_id=39 node=U3 source=Authority destination=TM
event=receive timestamp_ns=1791287256833490367 workflow=ARL_UPDATE run_id=40 node=U3 source=Authority destination=TM
event=receive timestamp_ns=1791287258374567928 workflow=ARL_UPDATE run_id=41 node=U3 source=Authority destination=TM
event=receive timestamp_ns=1791287259904501499 workflow=ARL_UPDATE run_id=42 node=U3 source=Authority destination=TM
event=receive timestamp_ns=1791287261445302617 workflow=ARL_UPDATE run_id=43 node=U3 source=Authority destination=TM
event=receive timestamp_ns=1791287262977727731 workflow=ARL_UPDATE run_id=44 node=U3 source=Authority destination=TM
event=receive timestamp_ns=1791287264516779976 workflow=ARL_UPDATE run_id=45 node=U3 source=Authority destination=TM
event=receive timestamp_ns=1791287266049914053 workflow=ARL_UPDATE run_id=46 node=U3 source=Authority destination=TM
event=receive timestamp_ns=1791287267584251847 workflow=ARL_UPDATE run_id=47 node=U3 source=Authority destination=TM
event=receive timestamp_ns=1791287269120884774 workflow=ARL_UPDATE run_id=48 node=U3 source=Authority destination=TM
event=receive timestamp_ns=1791287270657560504 workflow=ARL_UPDATE run_id=49 node=U3 source=Authority destination=TM
event=receive timestamp_ns=1791287272194046096 workflow=ARL_UPDATE run_id=50 node=U3 source=Authority destination=TM
event=receive timestamp_ns=1791287273731260677 workflow=ARL_UPDATE run_id=51 node=U3 source=Authority destination=TM
event=receive timestamp_ns=1791287275266378053 workflow=ARL_UPDATE run_id=52 node=U3 source=Authority destination=TM
event=receive timestamp_ns=1791287276802081095 workflow=ARL_UPDATE run_id=53 node=U3 source=Authority destination=TM
event=receive timestamp_ns=1791287278337385941 workflow=ARL_UPDATE run_id=54 node=U3 source=Authority destination=TM
event=receive timestamp_ns=1791287279873375972 workflow=ARL_UPDATE run_id=55 node=U3 source=Authority destination=TM
event=receive timestamp_ns=1791287281408095174 workflow=ARL_UPDATE run_id=56 node=U3 source=Authority destination=TM
event=receive timestamp_ns=1791287282946633770 workflow=ARL_UPDATE run_id=57 node=U3 source=Authority destination=TM
event=receive timestamp_ns=1791287284482103838 workflow=ARL_UPDATE run_id=58 node=U3 source=Authority destination=TM
event=receive timestamp_ns=1791287286016979825 workflow=ARL_UPDATE run_id=59 node=U3 source=Authority destination=TM
event=receive timestamp_ns=1791287287557965376 workflow=ARL_UPDATE run_id=60 node=U3 source=Authority destination=TM
event=receive timestamp_ns=1791287289088351345 workflow=ARL_UPDATE run_id=61 node=U3 source=Authority destination=TM
event=receive timestamp_ns=1791287290624603907 workflow=ARL_UPDATE run_id=62 node=U3 source=Authority destination=TM
event=receive timestamp_ns=1791287292160419928 workflow=ARL_UPDATE run_id=63 node=U3 source=Authority destination=TM
event=receive timestamp_ns=1791287293696654412 workflow=ARL_UPDATE run_id=64 node=U3 source=Authority destination=TM
event=receive timestamp_ns=1791287295232518746 workflow=ARL_UPDATE run_id=65 node=U3 source=Authority destination=TM
event=receive timestamp_ns=1791287296772366380 workflow=ARL_UPDATE run_id=66 node=U3 source=Authority destination=TM
event=receive timestamp_ns=1791287298304261889 workflow=ARL_UPDATE run_id=67 node=U3 source=Authority destination=TM
event=receive timestamp_ns=1791287299844232997 workflow=ARL_UPDATE run_id=68 node=U3 source=Authority destination=TM
event=receive timestamp_ns=1791287301375998772 workflow=ARL_UPDATE run_id=69 node=U3 source=Authority destination=TM
event=receive timestamp_ns=1791287302913851766 workflow=ARL_UPDATE run_id=70 node=U3 source=Authority destination=TM
event=receive timestamp_ns=1791287306333808287 workflow=KEY_REQUEST run_id=bench_h10_key_w1 node=U3 source=TM10 destination=TM
event=receive timestamp_ns=1791287311933826546 workflow=KEY_REQUEST run_id=bench_h10_key_w2 node=U3 source=TM10 destination=TM
event=receive timestamp_ns=1791287318525792396 workflow=KEY_REQUEST run_id=bench_h10_key_w3 node=U3 source=TM10 destination=TM
event=receive timestamp_ns=1791287323645811657 workflow=KEY_REQUEST run_id=bench_h10_key_w4 node=U3 source=TM10 destination=TM
event=receive timestamp_ns=1791287329213871909 workflow=KEY_REQUEST run_id=bench_h10_key_w5 node=U3 source=TM10 destination=TM
event=receive timestamp_ns=1791287334269913539 workflow=KEY_REQUEST run_id=bench_h10_key_001 node=U3 source=TM10 destination=TM
event=receive timestamp_ns=1791287338238033508 workflow=KEY_REQUEST run_id=bench_h10_key_002 node=U3 source=TM10 destination=TM
event=receive timestamp_ns=1791287344833901027 workflow=KEY_REQUEST run_id=bench_h10_key_003 node=U3 source=TM10 destination=TM
event=receive timestamp_ns=1791287349857812391 workflow=KEY_REQUEST run_id=bench_h10_key_004 node=U3 source=TM10 destination=TM
event=receive timestamp_ns=1791287355389948431 workflow=KEY_REQUEST run_id=bench_h10_key_005 node=U3 source=TM10 destination=TM
event=receive timestamp_ns=1791287360957838119 workflow=KEY_REQUEST run_id=bench_h10_key_006 node=U3 source=TM10 destination=TM
event=receive timestamp_ns=1791287367517824755 workflow=KEY_REQUEST run_id=bench_h10_key_007 node=U3 source=TM10 destination=TM
event=receive timestamp_ns=1791287374110204440 workflow=KEY_REQUEST run_id=bench_h10_key_008 node=U3 source=TM10 destination=TM
event=receive timestamp_ns=1791287378109833826 workflow=KEY_REQUEST run_id=bench_h10_key_009 node=U3 source=TM10 destination=TM
event=receive timestamp_ns=1791287384670138168 workflow=KEY_REQUEST run_id=bench_h10_key_010 node=U3 source=TM10 destination=TM
event=receive timestamp_ns=1791287388701922093 workflow=KEY_REQUEST run_id=bench_h10_key_011 node=U3 source=TM10 destination=TM
event=receive timestamp_ns=1791287393182175763 workflow=KEY_REQUEST run_id=bench_h10_key_012 node=U3 source=TM10 destination=TM
event=receive timestamp_ns=1791287399805995033 workflow=KEY_REQUEST run_id=bench_h10_key_013 node=U3 source=TM10 destination=TM
event=receive timestamp_ns=1791287402782071824 workflow=KEY_REQUEST run_id=bench_h10_key_014 node=U3 source=TM10 destination=TM
event=receive timestamp_ns=1791287406302190874 workflow=KEY_REQUEST run_id=bench_h10_key_015 node=U3 source=TM10 destination=TM
event=receive timestamp_ns=1791287411870077616 workflow=KEY_REQUEST run_id=bench_h10_key_016 node=U3 source=TM10 destination=TM
event=receive timestamp_ns=1791287417474050296 workflow=KEY_REQUEST run_id=bench_h10_key_017 node=U3 source=TM10 destination=TM
event=receive timestamp_ns=1791287421438499677 workflow=KEY_REQUEST run_id=bench_h10_key_018 node=U3 source=TM10 destination=TM
event=receive timestamp_ns=1791287426462188534 workflow=KEY_REQUEST run_id=bench_h10_key_019 node=U3 source=TM10 destination=TM
event=receive timestamp_ns=1791287432094282125 workflow=KEY_REQUEST run_id=bench_h10_key_020 node=U3 source=TM10 destination=TM
event=receive timestamp_ns=1791287437662189139 workflow=KEY_REQUEST run_id=bench_h10_key_021 node=U3 source=TM10 destination=TM
event=receive timestamp_ns=1791287441662071609 workflow=KEY_REQUEST run_id=bench_h10_key_022 node=U3 source=TM10 destination=TM
event=receive timestamp_ns=1791287448158186877 workflow=KEY_REQUEST run_id=bench_h10_key_023 node=U3 source=TM10 destination=TM
event=receive timestamp_ns=1791287453725917743 workflow=KEY_REQUEST run_id=bench_h10_key_024 node=U3 source=TM10 destination=TM
event=receive timestamp_ns=1791287458782118174 workflow=KEY_REQUEST run_id=bench_h10_key_025 node=U3 source=TM10 destination=TM
event=receive timestamp_ns=1791287463714017388 workflow=KEY_REQUEST run_id=bench_h10_key_026 node=U3 source=TM10 destination=TM
event=receive timestamp_ns=1791287468286116178 workflow=KEY_REQUEST run_id=bench_h10_key_027 node=U3 source=TM10 destination=TM
event=receive timestamp_ns=1791287474397893656 workflow=KEY_REQUEST run_id=bench_h10_key_028 node=U3 source=TM10 destination=TM
event=receive timestamp_ns=1791287480574084514 workflow=KEY_REQUEST run_id=bench_h10_key_029 node=U3 source=TM10 destination=TM
event=receive timestamp_ns=1791287484545982048 workflow=KEY_REQUEST run_id=bench_h10_key_030 node=U3 source=TM10 destination=TM
