event=receive timestamp_ns=1791287135518069445 workflow=KEY_REQUEST run_id=bench_h10_setup node=U4 source=TM10 destination=TM
event=receive timestamp_ns=1791287141190987053 workflow=CT_SHARE run_id=1 node=U4 source=TM10 destination=TM
event=receive timestamp_ns=1791287142695607873 workflow=CT_SHARE run_id=2 node=U4 source=TM10 destination=TM
event=receive timestamp_ns=1791287144230951341 workflow=CT_SHARE run_id=3 node=U4 source=TM10 destination=TM
event=receive timestamp_ns=1791287145829744509 workflow=CT_SHARE run_id=4 node=U4 source=TM10 destination=TM
event=receive timestamp_ns=1791287147369317056 workflow=CT_SHARE run_id=5 node=U4 source=TM10 destination=TM
event=receive timestamp_ns=1791287148938925070 workflow=CT_SHARE run_id=6 node=U4 source=TM10 destination=TM
event=receive timestamp_ns=1791287150502314363 workflow=CT_SHARE run_id=7 node=U4 source=TM10 destination=TM
event=receive timestamp_ns=1791287152101173597 workflow=CT_SHARE run_id=8 node=U4 source=TM10 destination=TM
event=receive timestamp_ns=1791287153637800397 workflow=CT_SHARE run_id=9 node=U4 source=TM10 destination=TM
event=receive timestamp_ns=1791287155237003135 workflow=CT_SHARE run_id=10 node=U4 source=TM10 destination=TM
event=receive timestamp_ns=1791287156772733608 workflow=CT_SHARE run_id=11 node=U4 source=TM10 destination=TM
event=receive timestamp_ns=1791287158343034342 workflow=CT_SHARE run_id=12 node=U4 source=TM10 destination=TM
event=receive timestamp_ns=1791287159941985253 workflow=CT_SHARE run_id=13 node=U4 source=TM10 destination=TM
event=receive timestamp_ns=1791287161508964980 workflow=CT_SHARE run_id=14 node=U4 source=TM10 destination=TM
event=receive timestamp_ns=1791287163078110367 workflow=CT_SHARE run_id=15 node=U4 source=TM10 destination=TM
event=receive timestamp_ns=1791287164613037298 workflow=CT_SHARE run_id=16 node=U4 source=TM10 destination=TM
event=receive timestamp_ns=1791287166149627895 workflow=CT_SHARE run_id=17 node=U4 source=TM10 destination=TM
event=receive timestamp_ns=1791287167751245682 workflow=CT_SHARE run_id=18 node=U4 source=TM10 destination=TM
event=receive timestamp_ns=1791287169284813676 workflow=CT_SHARE run_id=19 node=U4 source=TM10 destination=TM
event=receive timestamp_ns=1791287170885204667 workflow=CT_SHARE run_id=20 node=U4 source=TM10 destination=TM
event=receive timestamp_ns=1791287172422661029 workflow=CT_SHARE run_id=21 node=U4 source=TM10 destination=TM
event=receive timestamp_ns=1791287173988843529 workflow=CT_SHARE run_id=22 node=U4 source=TM10 destination=TM
event=receive timestamp_ns=1791287175524709708 workflow=CT_SHARE run_id=23 node=U4 source=TM10 destination=TM
event=receive timestamp_ns=1791287177126793660 workflow=CT_SHARE run_id=24 node=U4 source=TM10 destination=TM
event=receive timestamp_ns=1791287178763069104 workflow=CT_SHARE run_id=25 node=U4 source=TM10 destination=TM
event=receive timestamp_ns=1791287180292302757 workflow=CT_SHARE run_id=26 node=U4 source=TM10 destination=TM
event=receive timestamp_ns=1791287181893333177 workflow=CT_SHARE run_id=27 node=U4 source=TM10 destination=TM
event=receive timestamp_ns=1791287183464757154 workflow=CT_SHARE run_id=28 node=U4 source=TM10 destination=TM
event=receive timestamp_ns=1791287185029794113 workflow=CT_SHARE run_id=29 node=U4 source=TM10 destination=TM
event=receive timestamp_ns=1791287186598587578 workflow=CT_SHARE run_id=30 node=U4 source=TM10 destination=TM
event=receive timestamp_ns=1791287188164859821 workflow=CT_SHARE run_id=31 node=U4 source=TM10 destination=TM
event=receive timestamp_ns=1791287189733394038 workflow=CT_SHARE run_id=32 node=U4 source=TM10 destination=TM
event=receive timestamp_ns=1791287191338404795 workflow=CT_SHARE run_id=33 node=U4 source=TM10 destination=TM
event=receive timestamp_ns=1791287192900908106 workflow=CT_SHARE run_id=34 node=U4 source=TM10 destination=TM
event=receive timestamp_ns=1791287194469076765 workflow=CT_SHARE run_id=35 node=U4 source=TM10 destination=TM
event=receive timestamp_ns=1791287196866178713 workflow=ARL_UPDATE run_id=1 node=U4 source=Authority destination=TM
event=receive timestamp_ns=1791287198401671779 workflow=ARL_UPDATE run_id=2 node=U4 source=Authority destination=TM
event=receive timestamp_ns=1791287199937977898 workflow=ARL_UPDATE run_id=3 node=U4 source=Authority destination=TM
event=receive timestamp_ns=1791287201475804668 workflow=ARL_UPDATE run_id=4 node=U4 source=Authority destination=TM
event=receive timestamp_ns=1791287203008177122 workflow=ARL_UPDATE run_id=5 node=U4 source=Authority destination=TM
event=receive timestamp_ns=1791287204545192137 workflow=ARL_UPDATE run_id=6 node=U4 source=Authority destination=TM
event=receive timestamp_ns=1791287206080055537 workflow=ARL_UPDATE run_id=7 node=U4 source=Authority destination=TM
event=receive timestamp_ns=1791287207648307262 workflow=ARL_UPDATE run_id=8 node=U4 source=Authority destination=TM
event=receive timestamp_ns=1791287209219768055 workflow=ARL_UPDATE run_id=9 node=U4 source=Authority destination=TM
event=receive timestamp_ns=1791287210720460267 workflow=ARL_UPDATE run_id=10 node=U4 source=Authority destination=TM
event=receive timestamp_ns=1791287212289958408 workflow=ARL_UPDATE run_id=11 node=U4 source=Authority destination=TM
event=receive timestamp_ns=1791287213824121653 workflow=ARL_UPDATE run_id=12 node=U4 source=Authority destination=TM
event=receive timestamp_ns=1791287215363863076 workflow=ARL_UPDATE run_id=13 node=U4 source=Authority destination=TM
event=receive timestamp_ns=1791287216961559332 workflow=ARL_UPDATE run_id=14 node=U4 source=Authority destination=TM
event=receive timestamp_ns=1791287218497071714 workflow=ARL_UPDATE run_id=15 node=U4 source=Authority destination=TM
event=receive timestamp_ns=1791287220033441575 workflow=ARL_UPDATE run_id=16 node=U4 source=Authority destination=TM
event=receive timestamp_ns=1791287221568758981 workflow=ARL_UPDATE run_id=17 node=U4 source=Authority destination=TM
event=receive timestamp_ns=1791287223109510100 workflow=ARL_UPDATE run_id=18 node=U4 source=Authority destination=TM
event=receive timestamp_ns=1791287224640142093 workflow=ARL_UPDATE run_id=19 node=U4 source=Authority destination=TM
event=receive timestamp_ns=1791287226176702765 workflow=ARL_UPDATE run_id=20 node=U4 source=Authority destination=TM
event=receive timestamp_ns=1791287227681272169 workflow=ARL_UPDATE run_id=21 node=U4 source=Authority destination=TM
event=receive timestamp_ns=1791287229216537830 workflow=ARL_UPDATE run_id=22 node=U4 source=Authority destination=TM
event=receive timestamp_ns=1791287230787941261 workflow=ARL_UPDATE run_id=23 node=U4 source=Authority destination=TM
event=receive timestamp_ns=1791287232323535799 workflow=ARL_UPDATE run_id=24 node=U4 source=Authority destination=TM
event=receive timestamp_ns=1791287233860975798 workflow=ARL_UPDATE run_id=25 node=U4 source=Authority destination=TM
event=receive timestamp_ns=1791287235397104420 workflow=ARL_UPDATE run_id=26 node=U4 source=Authority destination=TM
event=receive timestamp_ns=1791287236936878510 workflow=ARL_UPDATE run_id=27 node=U4 source=Authority destination=TM
event=receive timestamp_ns=1791287238434752671 workflow=ARL_UPDATE run_id=28 node=U4 source=Authority destination=TM
event=receive timestamp_ns=1791287239969177253 workflow=ARL_UPDATE run_id=29 node=U4 source=Authority destination=TM
event=receive timestamp_ns=1791287241544513542 workflow=ARL_UPDATE run_id=30 node=U4 source=Authority destination=TM
event=receive timestamp_ns=1791287243075147358 workflow=ARL_UPDATE run_id=31 node=U4 source=Authority destination=TM
event=receive timestamp_ns=1791287244613854549 workflow=ARL_UPDATE run_id=32 node=U4 source=Authority destination=TM
event=receive timestamp_ns=1791287246182938959 workflow=ARL_UPDATE run_id=33 node=U4 source=Authority destination=TM
event=receive timestamp_ns=1791287247683379905 workflow=ARL_UPDATE run_id=34 node=U4 source=Authority destination=TM
event=receive timestamp_ns=1791287249220636192 workflow=ARL_UPDATE run_id=35 node=U4 source=Authority destination=TM
event=receive timestamp_ns=1791287250752967033 workflow=ARL_UPDATE run_id=36 node=U4 source=Authority destination=TM
event=receive timestamp_ns=1791287252257956531 workflow=ARL_UPDATE run_id=37 node=U4 source=Authority destination=TM
event=receive timestamp_ns=1791287253830564231 workflow=ARL_UPDATE run_id=38 node=U4 source=Authority destination=TM
event=receive timestamp_ns=1791287255364559433 workflow=ARL_UPDATE run_id=39 node=U4 source=Authority destination=TM
event=receive timestamp_ns=1791287256930589923 workflow=ARL_UPDATE run_id=40 node=U4 source=Authority destination=TM
event=receive timestamp_ns=1791287258465737143 workflow=ARL_UPDATE run_id=41 node=U4 source=Authority destination=TM
event=receive timestamp_ns=1791287260001680788 workflow=ARL_UPDATE run_id=42 node=U4 source=Authority destination=TM
event=receive timestamp_ns=1791287261506739138 workflow=ARL_UPDATE run_id=43 node=U4 source=Authority destination=TM
event=receive timestamp_ns=1791287263074115476 workflow=ARL_UPDATE run_id=44 node=U4 source=Authority destination=TM
event=receive timestamp_ns=1791287264608592810 workflow=ARL_UPDATE run_id=45 node=U4 source=Authority destination=TM
event=receive timestamp_ns=1791287266145919637 workflow=ARL_UPDATE run_id=46 node=U4 source=Authority destination=TM
event=receive timestamp_ns=1791287267681341498 workflow=ARL_UPDATE run_id=47 node=U4 source=Authority destination=TM
event=receive timestamp_ns=1791287269218198939 workflow=ARL_UPDATE run_id=48 node=U4 source=Authority destination=TM
event=receive timestamp_ns=1791287270753907347 workflow=ARL_UPDATE run_id=49 node=U4 source=Authority destination=TM
event=receive timestamp_ns=1791287272256427493 workflow=ARL_UPDATE run_id=50 node=U4 source=Authority destination=TM
event=receive timestamp_ns=1791287273826103982 workflow=ARL_UPDATE run_id=51 node=U4 source=Authority destination=TM
event=receive timestamp_ns=1791287275361428409 workflow=ARL_UPDATE run_id=52 node=U4 source=Authority destination=TM
event=receive timestamp_ns=1791287276897797573 workflow=ARL_UPDATE run_id=53 node=U4 source=Authority destination=TM
event=receive timestamp_ns=1791287278433749710 workflow=ARL_UPDATE run_id=54 node=U4 source=Authority destination=TM
event=receive timestamp_ns=1791287279970883881 workflow=ARL_UPDATE run_id=55 node=U4 source=Authority destination=TM
event=receive timestamp_ns=1791287281473574475 workflow=ARL_UPDATE run_id=56 node=U4 source=Authority destination=TM
event=receive timestamp_ns=1791287283040216926 workflow=ARL_UPDATE run_id=57 node=U4 source=Authority destination=TM
event=receive timestamp_ns=1791287284578998659 workflow=ARL_UPDATE run_id=58 node=U4 source=Authority destination=TM
event=receive timestamp_ns=1791287286112799405 workflow=ARL_UPDATE run_id=59 node=U4 source=Authority destination=TM
event=receive timestamp_ns=1791287287653911715 workflow=ARL_UPDATE run_id=60 node=U4 source=Authority destination=TM
event=receive timestamp_ns=1791287289186016591 workflow=ARL_UPDATE run_id=61 node=U4 source=Authority destination=TM
event=receive timestamp_ns=1791287290720111856 workflow=ARL_UPDATE run_id=62 node=U4 source=Authority destination=TM
event=receive timestamp_ns=1791287292223971329 workflow=ARL_UPDATE run_id=63 node=U4 source=Authority destination=TM
event=receive timestamp_ns=1791287293760149692 workflow=ARL_UPDATE run_id=64 node=U4 source=Authority destination=TM
event=receive timestamp_ns=1791287295330586221 workflow=ARL_UPDATE run_id=65 node=U4 source=Authority destination=TM
event=receive timestamp_ns=1791287296865706671 workflow=ARL_UPDATE run_id=66 node=U4 source=Authority destination=TM
event=receive timestamp_ns=1791287298400102247 workflow=ARL_UPDATE run_id=67 node=U4 source=Authority destination=TM
event=receive timestamp_ns=1791287299936178387 workflow=ARL_UPDATE run_id=68 node=U4 source=Authority destination=TM
event=receive timestamp_ns=1791287301440328702 workflow=ARL_UPDATE run_id=69 node=U4 source=Authority destination=TM
event=receive timestamp_ns=1791287303009689295 workflow=ARL_UPDATE run_id=70 node=U4 source=Authority destination=TM
event=receive timestamp_ns=1791287305725822877 workflow=KEY_REQUEST run_id=bench_h10_key_w1 node=U4 source=TM10 destination=TM
event=receive timestamp_ns=1791287312349913809 workflow=KEY_REQUEST run_id=bench_h10_key_w2 node=U4 source=TM10 destination=TM
event=receive timestamp_ns=1791287317918022440 workflow=KEY_REQUEST run_id=bench_h10_key_w3 node=U4 source=TM10 destination=TM
event=receive timestamp_ns=1791287324061922602 workflow=KEY_REQUEST run_id=bench_h10_key_w4 node=U4 source=TM10 destination=TM
event=receive timestamp_ns=1791287329217807816 workflow=KEY_REQUEST run_id=bench_h10_key_w5 node=U4 source=TM10 destination=TM
event=receive timestamp_ns=1791287334269913513 workflow=KEY_REQUEST run_id=bench_h10_key_001 node=U4 source=TM10 destination=TM
event=receive timestamp_ns=1791287338141817859 workflow=KEY_REQUEST run_id=bench_h10_key_002 node=U4 source=TM10 destination=TM
event=receive timestamp_ns=1791287344734159946 workflow=KEY_REQUEST run_id=bench_h10_key_003 node=U4 source=TM10 destination=TM
event=receive timestamp_ns=1791287349245849305 workflow=KEY_REQUEST run_id=bench_h10_key_004 node=U4 source=TM10 destination=TM
event=receive timestamp_ns=1791287355805861857 workflow=KEY_REQUEST run_id=bench_h10_key_005 node=U4 source=TM10 destination=TM
event=receive timestamp_ns=1791287360926010897 workflow=KEY_REQUEST run_id=bench_h10_key_006 node=U4 source=TM10 destination=TM
event=receive timestamp_ns=1791287367453901995 workflow=KEY_REQUEST run_id=bench_h10_key_007 node=U4 source=TM10 destination=TM
event=receive timestamp_ns=1791287374046030657 workflow=KEY_REQUEST run_id=bench_h10_key_008 node=U4 source=TM10 destination=TM
event=receive timestamp_ns=1791287378014120497 workflow=KEY_REQUEST run_id=bench_h10_key_009 node=U4 source=TM10 destination=TM
event=receive timestamp_ns=1791287384577887428 workflow=KEY_REQUEST run_id=bench_h10_key_010 node=U4 source=TM10 destination=TM
event=receive timestamp_ns=1791287388605853910 workflow=KEY_REQUEST run_id=bench_h10_key_011 node=U4 source=TM10 destination=TM
event=receive timestamp_ns=1791287393662033470 workflow=KEY_REQUEST run_id=bench_h10_key_012 node=U4 source=TM10 destination=TM
event=receive timestamp_ns=1791287399714114289 workflow=KEY_REQUEST run_id=bench_h10_key_013 node=U4 source=TM10 destination=TM
event=receive timestamp_ns=1791287402690052294 workflow=KEY_REQUEST run_id=bench_h10_key_014 node=U4 source=TM10 destination=TM
event=receive timestamp_ns=1791287406718029795 workflow=KEY_REQUEST run_id=bench_h10_key_015 node=U4 source=TM10 destination=TM
event=receive timestamp_ns=1791287411838086376 workflow=KEY_REQUEST run_id=bench_h10_key_016 node=U4 source=TM10 destination=TM
event=receive timestamp_ns=1791287417374007505 workflow=KEY_REQUEST run_id=bench_h10_key_017 node=U4 source=TM10 destination=TM
event=receive timestamp_ns=1791287421854226030 workflow=KEY_REQUEST run_id=bench_h10_key_018 node=U4 source=TM10 destination=TM
event=receive timestamp_ns=1791287425853977036 workflow=KEY_REQUEST run_id=bench_h10_key_019 node=U4 source=TM10 destination=TM
event=receive timestamp_ns=1791287432514146095 workflow=KEY_REQUEST run_id=bench_h10_key_020 node=U4 source=TM10 destination=TM
event=receive timestamp_ns=1791287437629889058 workflow=KEY_REQUEST run_id=bench_h10_key_021 node=U4 source=TM10 destination=TM
event=receive timestamp_ns=1791287441566082813 workflow=KEY_REQUEST run_id=bench_h10_key_022 node=U4 source=TM10 destination=TM
event=receive timestamp_ns=1791287448062096528 workflow=KEY_REQUEST run_id=bench_h10_key_023 node=U4 source=TM10 destination=TM
event=receive timestamp_ns=1791287453630018039 workflow=KEY_REQUEST run_id=bench_h10_key_024 node=U4 source=TM10 destination=TM
event=receive timestamp_ns=1791287458690042272 workflow=KEY_REQUEST run_id=bench_h10_key_025 node=U4 source=TM10 destination=TM
event=receive timestamp_ns=1791287463070210963 workflow=KEY_REQUEST run_id=bench_h10_key_026 node=U4 source=TM10 destination=TM
event=receive timestamp_ns=1791287468190114810 workflow=KEY_REQUEST run_id=bench_h10_key_027 node=U4 source=TM10 destination=TM
event=receive timestamp_ns=1791287474302196474 workflow=KEY_REQUEST run_id=bench_h10_key_028 node=U4 source=TM10 destination=TM
event=receive timestamp_ns=1791287480478234877 workflow=KEY_REQUEST run_id=bench_h10_key_029 node=U4 source=TM10 destination=TM
event=receive timestamp_ns=1791287484446065615 workflow=KEY_REQUEST run_id=bench_h10_key_030 node=U4 source=TM10 destination=TM
