event=receive timestamp_ns=1791287135426088300 workflow=KEY_REQUEST run_id=bench_h10_setup node=U5 source=TM10 destination=TM
event=receive timestamp_ns=1791287140552333013 workflow=CT_SHARE run_id=1 node=U5 source=TM10 destination=TM
event=receive timestamp_ns=1791287142087931821 workflow=CT_SHARE run_id=2 node=U5 source=TM10 destination=TM
event=receive timestamp_ns=1791287143655108538 workflow=CT_SHARE run_id=3 node=U5 source=TM10 destination=TM
event=receive timestamp_ns=1791287145223053376 workflow=CT_SHARE run_id=4 node=U5 source=TM10 destination=TM
event=receive timestamp_ns=1791287146757055725 workflow=CT_SHARE run_id=5 node=U5 source=TM10 destination=TM
event=receive timestamp_ns=1791287148328634718 workflow=CT_SHARE run_id=6 node=U5 source=TM10 destination=TM
event=receive timestamp_ns=1791287149892979328 workflow=CT_SHARE run_id=7 node=U5 source=TM10 destination=TM
event=receive timestamp_ns=1791287151492588921 workflow=CT_SHARE run_id=8 node=U5 source=TM10 destination=TM
event=receive timestamp_ns=1791287153029181967 workflow=CT_SHARE run_id=9 node=U5 source=TM10 destination=TM
event=receive timestamp_ns=1791287154628792445 workflow=CT_SHARE run_id=10 node=U5 source=TM10 destination=TM
event=receive timestamp_ns=1791287156165605248 workflow=CT_SHARE run_id=11 node=U5 source=TM10 destination=TM
event=receive timestamp_ns=1791287157737590409 workflow=CT_SHARE run_id=12 node=U5 source=TM10 destination=TM
event=receive timestamp_ns=1791287159337858653 workflow=CT_SHARE run_id=13 node=U5 source=TM10 destination=TM
event=receive timestamp_ns=1791287160906550743 workflow=CT_SHARE run_id=14 node=U5 source=TM10 destination=TM
event=receive timestamp_ns=1791287162472893756 workflow=CT_SHARE run_id=15 node=U5 source=TM10 destination=TM
event=receive timestamp_ns=1791287164007468417 workflow=CT_SHARE run_id=16 node=U5 source=TM10 destination=TM
event=receive timestamp_ns=1791287165544885526 workflow=CT_SHARE run_id=17 node=U5 source=TM10 destination=TM
event=receive timestamp_ns=1791287167173456709 workflow=CT_SHARE run_id=18 node=U5 source=TM10 destination=TM
event=receive timestamp_ns=1791287168708681539 workflow=CT_SHARE run_id=19 node=U5 source=TM10 destination=TM
event=receive timestamp_ns=1791287170279157215 workflow=CT_SHARE run_id=20 node=U5 source=TM10 destination=TM
event=receive timestamp_ns=1791287171819263657 workflow=CT_SHARE run_id=21 node=U5 source=TM10 destination=TM
event=receive timestamp_ns=1791287173381082025 workflow=CT_SHARE run_id=22 node=U5 source=TM10 destination=TM
event=receive timestamp_ns=1791287174950273821 workflow=CT_SHARE run_id=23 node=U5 source=TM10 destination=TM
event=receive timestamp_ns=1791287176518633252 workflow=CT_SHARE run_id=24 node=U5 source=TM10 destination=TM
event=receive timestamp_ns=1791287178157558632 workflow=CT_SHARE run_id=25 node=U5 source=TM10 destination=TM
event=receive timestamp_ns=1791287179718827617 workflow=CT_SHARE run_id=26 node=U5 source=TM10 destination=TM
event=receive timestamp_ns=1791287181286469756 workflow=CT_SHARE run_id=27 node=U5 source=TM10 destination=TM
event=receive timestamp_ns=1791287182856609870 workflow=CT_SHARE run_id=28 node=U5 source=TM10 destination=TM
event=receive timestamp_ns=1791287184425199502 workflow=CT_SHARE run_id=29 node=U5 source=TM10 destination=TM
event=receive timestamp_ns=1791287185990403789 workflow=CT_SHARE run_id=30 node=U5 source=TM10 destination=TM
event=receive timestamp_ns=1791287187557048575 workflow=CT_SHARE run_id=31 node=U5 source=TM10 destination=TM
event=receive timestamp_ns=1791287189127019633 workflow=CT_SHARE run_id=32 node=U5 source=TM10 destination=TM
event=receive timestamp_ns=1791287190725365018 workflow=CT_SHARE run_id=33 node=U5 source=TM10 destination=TM
event=receive timestamp_ns=1791287192294702472 workflow=CT_SHARE run_id=34 node=U5 source=TM10 destination=TM
event=receive timestamp_ns=1791287193862792105 workflow=CT_SHARE run_id=35 node=U5 source=TM10 destination=TM
event=receive timestamp_ns=1791287196454984072 workflow=ARL_UPDATE run_id=1 node=U5 source=Authority destination=TM
event=receive timestamp_ns=1791287197986833661 workflow=ARL_UPDATE run_id=2 node=U5 source=Authority destination=TM
event=receive timestamp_ns=1791287199489333869 workflow=ARL_UPDATE run_id=3 node=U5 source=Authority destination=TM
event=receive timestamp_ns=1791287201026544490 workflow=ARL_UPDATE run_id=4 node=U5 source=Authority destination=TM
event=receive timestamp_ns=1791287202592348394 workflow=ARL_UPDATE run_id=5 node=U5 source=Authority destination=TM
event=receive timestamp_ns=1791287204133034365 workflow=ARL_UPDATE run_id=6 node=U5 source=Authority destination=TM
event=receive timestamp_ns=1791287205665240341 workflow=ARL_UPDATE run_id=7 node=U5 source=Authority destination=TM
event=receive timestamp_ns=1791287207233778382 workflow=ARL_UPDATE run_id=8 node=U5 source=Authority destination=TM
event=receive timestamp_ns=1791287208772700600 workflow=ARL_UPDATE run_id=9 node=U5 source=Authority destination=TM
event=receive timestamp_ns=1791287210307797929 workflow=ARL_UPDATE run_id=10 node=U5 source=Authority destination=TM
event=receive timestamp_ns=1791287211840627488 workflow=ARL_UPDATE run_id=11 node=U5 source=Authority destination=TM
event=receive timestamp_ns=1791287213411248279 workflow=ARL_UPDATE run_id=12 node=U5 source=Authority destination=TM
event=receive timestamp_ns=1791287214944812209 workflow=ARL_UPDATE run_id=13 node=U5 source=Authority destination=TM
event=receive timestamp_ns=1791287216544648920 workflow=ARL_UPDATE run_id=14 node=U5 source=Authority destination=TM
event=receive timestamp_ns=1791287218071721849 workflow=ARL_UPDATE run_id=15 node=U5 source=Authority destination=TM
event=receive timestamp_ns=1791287219616774797 workflow=ARL_UPDATE run_id=16 node=U5 source=Authority destination=TM
event=receive timestamp_ns=1791287221126456357 workflow=ARL_UPDATE run_id=17 node=U5 source=Authority destination=TM
event=receive timestamp_ns=1791287222658027164 workflow=ARL_UPDATE run_id=18 node=U5 source=Authority destination=TM
event=receive timestamp_ns=1791287224230752543 workflow=ARL_UPDATE run_id=19 node=U5 source=Authority destination=TM
event=receive timestamp_ns=1791287225759839346 workflow=ARL_UPDATE run_id=20 node=U5 source=Authority destination=TM
event=receive timestamp_ns=1791287227268693615 workflow=ARL_UPDATE run_id=21 node=U5 source=Authority destination=TM
event=receive timestamp_ns=1791287228807064049 workflow=ARL_UPDATE run_id=22 node=U5 source=Authority destination=TM
event=receive timestamp_ns=1791287230375863080 workflow=ARL_UPDATE run_id=23 node=U5 source=Authority destination=TM
event=receive timestamp_ns=1791287231906224742 workflow=ARL_UPDATE run_id=24 node=U5 source=Authority destination=TM
event=receive timestamp_ns=1791287233448085123 workflow=ARL_UPDATE run_id=25 node=U5 source=Authority destination=TM
event=receive timestamp_ns=1791287234977322977 workflow=ARL_UPDATE run_id=26 node=U5 source=Authority destination=TM
event=receive timestamp_ns=1791287236523369469 workflow=ARL_UPDATE run_id=27 node=U5 source=Authority destination=TM
event=receive timestamp_ns=1791287238062038331 workflow=ARL_UPDATE run_id=28 node=U5 source=Authority destination=TM
event=receive timestamp_ns=1791287239554733170 workflow=ARL_UPDATE run_id=29 node=U5 source=Authority destination=TM
event=receive timestamp_ns=1791287241130637740 workflow=ARL_UPDATE run_id=30 node=U5 source=Authority destination=TM
event=receive timestamp_ns=1791287242655984185 workflow=ARL_UPDATE run_id=31 node=U5 source=Authority destination=TM
event=receive timestamp_ns=1791287244199165800 workflow=ARL_UPDATE run_id=32 node=U5 source=Authority destination=TM
event=receive timestamp_ns=1791287245766335015 workflow=ARL_UPDATE run_id=33 node=U5 source=Authority destination=TM
event=receive timestamp_ns=1791287247267044913 workflow=ARL_UPDATE run_id=34 node=U5 source=Authority destination=TM
event=receive timestamp_ns=1791287248840546766 workflow=ARL_UPDATE run_id=35 node=U5 source=Authority destination=TM
event=receive timestamp_ns=1791287250336760295 workflow=ARL_UPDATE run_id=36 node=U5 source=Authority destination=TM
event=receive timestamp_ns=1791287251846353610 workflow=ARL_UPDATE run_id=37 node=U5 source=Authority destination=TM
event=receive timestamp_ns=1791287253412572586 workflow=ARL_UPDATE run_id=38 node=U5 source=Authority destination=TM
event=receive timestamp_ns=1791287254947802634 workflow=ARL_UPDATE run_id=39 node=U5 source=Authority destination=TM
event=receive timestamp_ns=1791287256485907415 workflow=ARL_UPDATE run_id=40 node=U5 source=Authority destination=TM
event=receive timestamp_ns=1791287258056856215 workflow=ARL_UPDATE run_id=41 node=U5 source=Authority destination=TM
event=receive timestamp_ns=1791287259591889389 workflow=ARL_UPDATE run_id=42 node=U5 source=Authority destination=TM
event=receive timestamp_ns=1791287261095298179 workflow=ARL_UPDATE run_id=43 node=U5 source=Authority destination=TM
event=receive timestamp_ns=1791287262657762959 workflow=ARL_UPDATE run_id=44 node=U5 source=Authority destination=TM
event=receive timestamp_ns=1791287264192837575 workflow=ARL_UPDATE run_id=45 node=U5 source=Authority destination=TM
event=receive timestamp_ns=1791287265730010859 workflow=ARL_UPDATE run_id=46 node=U5 source=Authority destination=TM
event=receive timestamp_ns=1791287267233109111 workflow=ARL_UPDATE run_id=47 node=U5 source=Authority destination=TM
event=receive timestamp_ns=1791287268802641768 workflow=ARL_UPDATE run_id=48 node=U5 source=Authority destination=TM
event=receive timestamp_ns=1791287270339082290 workflow=ARL_UPDATE run_id=49 node=U5 source=Authority destination=TM
event=receive timestamp_ns=1791287271841821755 workflow=ARL_UPDATE run_id=50 node=U5 source=Authority destination=TM
event=receive timestamp_ns=1791287273410061650 workflow=ARL_UPDATE run_id=51 node=U5 source=Authority destination=TM
event=receive timestamp_ns=1791287274946115901 workflow=ARL_UPDATE run_id=52 node=U5 source=Authority destination=TM
event=receive timestamp_ns=1791287276450335610 workflow=ARL_UPDATE run_id=53 node=U5 source=Authority destination=TM
event=receive timestamp_ns=1791287278018307468 workflow=ARL_UPDATE run_id=54 node=U5 source=Authority destination=TM
event=receive timestamp_ns=1791287279522835971 workflow=ARL_UPDATE run_id=55 node=U5 source=Authority destination=TM
event=receive timestamp_ns=1791287281057675088 workflow=ARL_UPDATE run_id=56 node=U5 source=Authority destination=TM
event=receive timestamp_ns=1791287282593841051 workflow=ARL_UPDATE run_id=57 node=U5 source=Authority destination=TM
event=receive timestamp_ns=1791287284163617957 workflow=ARL_UPDATE run_id=58 node=U5 source=Authority destination=TM
event=receive timestamp_ns=1791287285696883215 workflow=ARL_UPDATE run_id=59 node=U5 source=Authority destination=TM
event=receive timestamp_ns=1791287287235315451 workflow=ARL_UPDATE run_id=60 node=U5 source=Authority destination=TM
event=receive timestamp_ns=1791287288768763642 workflow=ARL_UPDATE run_id=61 node=U5 source=Authority destination=TM
event=receive timestamp_ns=1791287290304194974 workflow=ARL_UPDATE run_id=62 node=U5 source=Authority destination=TM
event=receive timestamp_ns=1791287291808197871 workflow=ARL_UPDATE run_id=63 node=U5 source=Authority destination=TM
event=receive timestamp_ns=1791287293344300909 workflow=ARL_UPDATE run_id=64 node=U5 source=Authority destination=TM
event=receive timestamp_ns=1791287294912116568 workflow=ARL_UPDATE run_id=65 node=U5 source=Authority destination=TM
event=receive timestamp_ns=1791287296448668289 workflow=ARL_UPDATE run_id=66 node=U5 source=Authority destination=TM
event=receive timestamp_ns=1791287297952689937 workflow=ARL_UPDATE run_id=67 node=U5 source=Authority destination=TM
event=receive timestamp_ns=1791287299521398395 workflow=ARL_UPDATE run_id=68 node=U5 source=Authority destination=TM
event=receive timestamp_ns=1791287301029708247 workflow=ARL_UPDATE run_id=69 node=U5 source=Authority destination=TM
event=receive timestamp_ns=1791287302595259816 workflow=ARL_UPDATE run_id=70 node=U5 source=Authority destination=TM
event=receive timestamp_ns=1791287306141792465 workflow=KEY_REQUEST run_id=bench_h10_key_w1 node=U5 source=TM10 destination=TM
event=receive timestamp_ns=1791287311742118369 workflow=KEY_REQUEST run_id=bench_h10_key_w2 node=U5 source=TM10 destination=TM
event=receive timestamp_ns=1791287318337999342 workflow=KEY_REQUEST run_id=bench_h10_key_w3 node=U5 source=TM10 destination=TM
event=receive timestamp_ns=1791287323453987229 workflow=KEY_REQUEST run_id=bench_h10_key_w4 node=U5 source=TM10 destination=TM
event=receive timestamp_ns=1791287329022015229 workflow=KEY_REQUEST run_id=bench_h10_key_w5 node=U5 source=TM10 destination=TM
event=receive timestamp_ns=1791287334077923856 workflow=KEY_REQUEST run_id=bench_h10_key_001 node=U5 source=TM10 destination=TM
event=receive timestamp_ns=1791287338045846683 workflow=KEY_REQUEST run_id=bench_h10_key_002 node=U5 source=TM10 destination=TM
event=receive timestamp_ns=1791287344126016914 workflow=KEY_REQUEST run_id=bench_h10_key_003 node=U5 source=TM10 destination=TM
event=receive timestamp_ns=1791287349149950847 workflow=KEY_REQUEST run_id=bench_h10_key_004 node=U5 source=TM10 destination=TM
event=receive timestamp_ns=1791287355709931305 workflow=KEY_REQUEST run_id=bench_h10_key_005 node=U5 source=TM10 destination=TM
event=receive timestamp_ns=1791287360257838302 workflow=KEY_REQUEST run_id=bench_h10_key_006 node=U5 source=TM10 destination=TM
event=receive timestamp_ns=1791287367870006553 workflow=KEY_REQUEST run_id=bench_h10_key_007 node=U5 source=TM10 destination=TM
event=receive timestamp_ns=1791287373438034755 workflow=KEY_REQUEST run_id=bench_h10_key_008 node=U5 source=TM10 destination=TM
event=receive timestamp_ns=1791287378433954220 workflow=KEY_REQUEST run_id=bench_h10_key_009 node=U5 source=TM10 destination=TM
event=receive timestamp_ns=1791287383966593775 workflow=KEY_REQUEST run_id=bench_h10_key_010 node=U5 source=TM10 destination=TM
event=receive timestamp_ns=1791287389021969335 workflow=KEY_REQUEST run_id=bench_h10_key_011 node=U5 source=TM10 destination=TM
event=receive timestamp_ns=1791287393534590136 workflow=KEY_REQUEST run_id=bench_h10_key_012 node=U5 source=TM10 destination=TM
event=receive timestamp_ns=1791287399614066006 workflow=KEY_REQUEST run_id=bench_h10_key_013 node=U5 source=TM10 destination=TM
event=receive timestamp_ns=1791287403102016266 workflow=KEY_REQUEST run_id=bench_h10_key_014 node=U5 source=TM10 destination=TM
event=receive timestamp_ns=1791287406622067652 workflow=KEY_REQUEST run_id=bench_h10_key_015 node=U5 source=TM10 destination=TM
event=receive timestamp_ns=1791287411198312924 workflow=KEY_REQUEST run_id=bench_h10_key_016 node=U5 source=TM10 destination=TM
event=receive timestamp_ns=1791287417790020937 workflow=KEY_REQUEST run_id=bench_h10_key_017 node=U5 source=TM10 destination=TM
event=receive timestamp_ns=1791287421246398385 workflow=KEY_REQUEST run_id=bench_h10_key_018 node=U5 source=TM10 destination=TM
event=receive timestamp_ns=1791287426269844349 workflow=KEY_REQUEST run_id=bench_h10_key_019 node=U5 source=TM10 destination=TM
event=receive timestamp_ns=1791287431902350337 workflow=KEY_REQUEST run_id=bench_h10_key_020 node=U5 source=TM10 destination=TM
event=receive timestamp_ns=1791287437469869599 workflow=KEY_REQUEST run_id=bench_h10_key_021 node=U5 source=TM10 destination=TM
event=receive timestamp_ns=1791287441469776293 workflow=KEY_REQUEST run_id=bench_h10_key_022 node=U5 source=TM10 destination=TM
event=receive timestamp_ns=1791287447966675755 workflow=KEY_REQUEST run_id=bench_h10_key_023 node=U5 source=TM10 destination=TM
event=receive timestamp_ns=1791287453533987175 workflow=KEY_REQUEST run_id=bench_h10_key_024 node=U5 source=TM10 destination=TM
event=receive timestamp_ns=1791287458589975906 workflow=KEY_REQUEST run_id=bench_h10_key_025 node=U5 source=TM10 destination=TM
event=receive timestamp_ns=1791287462977927490 workflow=KEY_REQUEST run_id=bench_h10_key_026 node=U5 source=TM10 destination=TM
event=receive timestamp_ns=1791287468638103751 workflow=KEY_REQUEST run_id=bench_h10_key_027 node=U5 source=TM10 destination=TM
event=receive timestamp_ns=1791287474717911339 workflow=KEY_REQUEST run_id=bench_h10_key_028 node=U5 source=TM10 destination=TM
event=receive timestamp_ns=1791287479869974562 workflow=KEY_REQUEST run_id=bench_h10_key_029 node=U5 source=TM10 destination=TM
event=receive timestamp_ns=1791287484862035401 workflow=KEY_REQUEST run_id=bench_h10_key_030 node=U5 source=TM10 destination=TM
