event=receive timestamp_ns=1791287135329986087 workflow=KEY_REQUEST run_id=bench_h10_setup node=U6 source=TM10 destination=TM
event=receive timestamp_ns=1791287140456812360 workflow=CT_SHARE run_id=1 node=U6 source=TM10 destination=TM
event=receive timestamp_ns=1791287141995617125 workflow=CT_SHARE run_id=2 node=U6 source=TM10 destination=TM
event=receive timestamp_ns=1791287143559481189 workflow=CT_SHARE run_id=3 node=U6 source=TM10 destination=TM
event=receive timestamp_ns=1791287145125699437 workflow=CT_SHARE run_id=4 node=U6 source=TM10 destination=TM
event=receive timestamp_ns=1791287146660862620 workflow=CT_SHARE run_id=5 node=U6 source=TM10 destination=TM
event=receive timestamp_ns=1791287148228733237 workflow=CT_SHARE run_id=6 node=U6 source=TM10 destination=TM
event=receive timestamp_ns=1791287149797382806 workflow=CT_SHARE run_id=7 node=U6 source=TM10 destination=TM
event=receive timestamp_ns=1791287151399237605 workflow=CT_SHARE run_id=8 node=U6 source=TM10 destination=TM
event=receive timestamp_ns=1791287152971413637 workflow=CT_SHARE run_id=9 node=U6 source=TM10 destination=TM
event=receive timestamp_ns=1791287154568801825 workflow=CT_SHARE run_id=10 node=U6 source=TM10 destination=TM
event=receive timestamp_ns=1791287156100908071 workflow=CT_SHARE run_id=11 node=U6 source=TM10 destination=TM
event=receive timestamp_ns=1791287157641815206 workflow=CT_SHARE run_id=12 node=U6 source=TM10 destination=TM
event=receive timestamp_ns=1791287159243653267 workflow=CT_SHARE run_id=13 node=U6 source=TM10 destination=TM
event=receive timestamp_ns=1791287160808502713 workflow=CT_SHARE run_id=14 node=U6 source=TM10 destination=TM
event=receive timestamp_ns=1791287162373569740 workflow=CT_SHARE run_id=15 node=U6 source=TM10 destination=TM
event=receive timestamp_ns=1791287163911959721 workflow=CT_SHARE run_id=16 node=U6 source=TM10 destination=TM
event=receive timestamp_ns=1791287165447762086 workflow=CT_SHARE run_id=17 node=U6 source=TM10 destination=TM
event=receive timestamp_ns=1791287167078808684 workflow=CT_SHARE run_id=18 node=U6 source=TM10 destination=TM
event=receive timestamp_ns=1791287168618006176 workflow=CT_SHARE run_id=19 node=U6 source=TM10 destination=TM
event=receive timestamp_ns=1791287170184816494 workflow=CT_SHARE run_id=20 node=U6 source=TM10 destination=TM
event=receive timestamp_ns=1791287171752650196 workflow=CT_SHARE run_id=21 node=U6 source=TM10 destination=TM
event=receive timestamp_ns=1791287173288694966 workflow=CT_SHARE run_id=22 node=U6 source=TM10 destination=TM
event=receive timestamp_ns=1791287174853604315 workflow=CT_SHARE run_id=23 node=U6 source=TM10 destination=TM
event=receive timestamp_ns=1791287176464302400 workflow=CT_SHARE run_id=24 node=U6 source=TM10 destination=TM
event=receive timestamp_ns=1791287178056742105 workflow=CT_SHARE run_id=25 node=U6 source=TM10 destination=TM
event=receive timestamp_ns=1791287179623471526 workflow=CT_SHARE run_id=26 node=U6 source=TM10 destination=TM
event=receive timestamp_ns=1791287181188952089 workflow=CT_SHARE run_id=27 node=U6 source=TM10 destination=TM
event=receive timestamp_ns=1791287182756901458 workflow=CT_SHARE run_id=28 node=U6 source=TM10 destination=TM
event=receive timestamp_ns=1791287184328866932 workflow=CT_SHARE run_id=29 node=U6 source=TM10 destination=TM
event=receive timestamp_ns=1791287185894215888 workflow=CT_SHARE run_id=30 node=U6 source=TM10 destination=TM
event=receive timestamp_ns=1791287187460888419 workflow=CT_SHARE run_id=31 node=U6 source=TM10 destination=TM
event=receive timestamp_ns=1791287189031061344 workflow=CT_SHARE run_id=32 node=U6 source=TM10 destination=TM
event=receive timestamp_ns=1791287190628620118 workflow=CT_SHARE run_id=33 node=U6 source=TM10 destination=TM
event=receive timestamp_ns=1791287192199123889 workflow=CT_SHARE run_id=34 node=U6 source=TM10 destination=TM
event=receive timestamp_ns=1791287193764869846 workflow=CT_SHARE run_id=35 node=U6 source=TM10 destination=TM
event=receive timestamp_ns=1791287197122915712 workflow=ARL_UPDATE run_id=1 node=U6 source=Authority destination=TM
event=receive timestamp_ns=1791287198566252565 workflow=ARL_UPDATE run_id=2 node=U6 source=Authority destination=TM
event=receive timestamp_ns=1791287200096881114 workflow=ARL_UPDATE run_id=3 node=U6 source=Authority destination=TM
event=receive timestamp_ns=1791287201635084387 workflow=ARL_UPDATE run_id=4 node=U6 source=Authority destination=TM
event=receive timestamp_ns=1791287203200456880 workflow=ARL_UPDATE run_id=5 node=U6 source=Authority destination=TM
event=receive timestamp_ns=1791287204704386956 workflow=ARL_UPDATE run_id=6 node=U6 source=Authority destination=TM
event=receive timestamp_ns=1791287206277754153 workflow=ARL_UPDATE run_id=7 node=U6 source=Authority destination=TM
event=receive timestamp_ns=1791287207841292283 workflow=ARL_UPDATE run_id=8 node=U6 source=Authority destination=TM
event=receive timestamp_ns=1791287209375967333 workflow=ARL_UPDATE run_id=9 node=U6 source=Authority destination=TM
event=receive timestamp_ns=1791287210912802280 workflow=ARL_UPDATE run_id=10 node=U6 source=Authority destination=TM
event=receive timestamp_ns=1791287212452789343 workflow=ARL_UPDATE run_id=11 node=U6 source=Authority destination=TM
event=receive timestamp_ns=1791287214020637034 workflow=ARL_UPDATE run_id=12 node=U6 source=Authority destination=TM
event=receive timestamp_ns=1791287215556336104 workflow=ARL_UPDATE run_id=13 node=U6 source=Authority destination=TM
event=receive timestamp_ns=1791287217120405808 workflow=ARL_UPDATE run_id=14 node=U6 source=Authority destination=TM
event=receive timestamp_ns=1791287218689071176 workflow=ARL_UPDATE run_id=15 node=U6 source=Authority destination=TM
event=receive timestamp_ns=1791287220191885141 workflow=ARL_UPDATE run_id=16 node=U6 source=Authority destination=TM
event=receive timestamp_ns=1791287221730312895 workflow=ARL_UPDATE run_id=17 node=U6 source=Authority destination=TM
event=receive timestamp_ns=1791287223273041798 workflow=ARL_UPDATE run_id=18 node=U6 source=Authority destination=TM
event=receive timestamp_ns=1791287224800316725 workflow=ARL_UPDATE run_id=19 node=U6 source=Authority destination=TM
event=receive timestamp_ns=1791287226341440179 workflow=ARL_UPDATE run_id=20 node=U6 source=Authority destination=TM
event=receive timestamp_ns=1791287227872864283 workflow=ARL_UPDATE run_id=21 node=U6 source=Authority destination=TM
event=receive timestamp_ns=1791287229408966294 workflow=ARL_UPDATE run_id=22 node=U6 source=Authority destination=TM
event=receive timestamp_ns=1791287230978730280 workflow=ARL_UPDATE run_id=23 node=U6 source=Authority destination=TM
event=receive timestamp_ns=1791287232512670628 workflow=ARL_UPDATE run_id=24 node=U6 source=Authority destination=TM
event=receive timestamp_ns=1791287234020498150 workflow=ARL_UPDATE run_id=25 node=U6 source=Authority destination=TM
event=receive timestamp_ns=1791287235588227538 workflow=ARL_UPDATE run_id=26 node=U6 source=Authority destination=TM
event=receive timestamp_ns=1791287237128388360 workflow=ARL_UPDATE run_id=27 node=U6 source=Authority destination=TM
event=receive timestamp_ns=1791287238656945367 workflow=ARL_UPDATE run_id=28 node=U6 source=Authority destination=TM
event=receive timestamp_ns=1791287240161103475 workflow=ARL_UPDATE run_id=29 node=U6 source=Authority destination=TM
event=receive timestamp_ns=1791287241703998820 workflow=ARL_UPDATE run_id=30 node=U6 source=Authority destination=TM
event=receive timestamp_ns=1791287243270385256 workflow=ARL_UPDATE run_id=31 node=U6 source=Authority destination=TM
event=receive timestamp_ns=1791287244804527940 workflow=ARL_UPDATE run_id=32 node=U6 source=Authority destination=TM
event=receive timestamp_ns=1791287246370592719 workflow=ARL_UPDATE run_id=33 node=U6 source=Authority destination=TM
event=receive timestamp_ns=1791287247876208543 workflow=ARL_UPDATE run_id=34 node=U6 source=Authority destination=TM
event=receive timestamp_ns=1791287249445073485 workflow=ARL_UPDATE run_id=35 node=U6 source=Authority destination=TM
event=receive timestamp_ns=1791287250945008891 workflow=ARL_UPDATE run_id=36 node=U6 source=Authority destination=TM
event=receive timestamp_ns=1791287252453372915 workflow=ARL_UPDATE run_id=37 node=U6 source=Authority destination=TM
event=receive timestamp_ns=1791287254022813358 workflow=ARL_UPDATE run_id=38 node=U6 source=Authority destination=TM
event=receive timestamp_ns=1791287255552701954 workflow=ARL_UPDATE run_id=39 node=U6 source=Authority destination=TM
event=receive timestamp_ns=1791287257089023768 workflow=ARL_UPDATE run_id=40 node=U6 source=Authority destination=TM
event=receive timestamp_ns=1791287258628347373 workflow=ARL_UPDATE run_id=41 node=U6 source=Authority destination=TM
event=receive timestamp_ns=1791287260160304818 workflow=ARL_UPDATE run_id=42 node=U6 source=Authority destination=TM
event=receive timestamp_ns=1791287261697163262 workflow=ARL_UPDATE run_id=43 node=U6 source=Authority destination=TM
event=receive timestamp_ns=1791287263265199810 workflow=ARL_UPDATE run_id=44 node=U6 source=Authority destination=TM
event=receive timestamp_ns=1791287264767645701 workflow=ARL_UPDATE run_id=45 node=U6 source=Authority destination=TM
event=receive timestamp_ns=1791287266306858065 workflow=ARL_UPDATE run_id=46 node=U6 source=Authority destination=TM
event=receive timestamp_ns=1791287267844264880 workflow=ARL_UPDATE run_id=47 node=U6 source=Authority destination=TM
event=receive timestamp_ns=1791287269376873172 workflow=ARL_UPDATE run_id=48 node=U6 source=Authority destination=TM
event=receive timestamp_ns=1791287270913630227 workflow=ARL_UPDATE run_id=49 node=U6 source=Authority destination=TM
event=receive timestamp_ns=1791287272449659951 workflow=ARL_UPDATE run_id=50 node=U6 source=Authority destination=TM
event=receive timestamp_ns=1791287274019418218 workflow=ARL_UPDATE run_id=51 node=U6 source=Authority destination=TM
event=receive timestamp_ns=1791287275553901488 workflow=ARL_UPDATE run_id=52 node=U6 source=Authority destination=TM
event=receive timestamp_ns=1791287277057797705 workflow=ARL_UPDATE run_id=53 node=U6 source=Authority destination=TM
event=receive timestamp_ns=1791287278625022848 workflow=ARL_UPDATE run_id=54 node=U6 source=Authority destination=TM
event=receive timestamp_ns=1791287280129190238 workflow=ARL_UPDATE run_id=55 node=U6 source=Authority destination=TM
event=receive timestamp_ns=1791287281664903781 workflow=ARL_UPDATE run_id=56 node=U6 source=Authority destination=TM
event=receive timestamp_ns=1791287283202084284 workflow=ARL_UPDATE run_id=57 node=U6 source=Authority destination=TM
event=receive timestamp_ns=1791287284773794545 workflow=ARL_UPDATE run_id=58 node=U6 source=Authority destination=TM
event=receive timestamp_ns=1791287286304289016 workflow=ARL_UPDATE run_id=59 node=U6 source=Authority destination=TM
event=receive timestamp_ns=1791287287809187997 workflow=ARL_UPDATE run_id=60 node=U6 source=Authority destination=TM
event=receive timestamp_ns=1791287289345515846 workflow=ARL_UPDATE run_id=61 node=U6 source=Authority destination=TM
event=receive timestamp_ns=1791287290880228809 workflow=ARL_UPDATE run_id=62 node=U6 source=Authority destination=TM
event=receive timestamp_ns=1791287292416921672 workflow=ARL_UPDATE run_id=63 node=U6 source=Authority destination=TM
event=receive timestamp_ns=1791287293956470416 workflow=ARL_UPDATE run_id=64 node=U6 source=Authority destination=TM
event=receive timestamp_ns=1791287295520893089 workflow=ARL_UPDATE run_id=65 node=U6 source=Authority destination=TM
event=receive timestamp_ns=1791287297056961408 workflow=ARL_UPDATE run_id=66 node=U6 source=Authority destination=TM
event=receive timestamp_ns=1791287298560289474 workflow=ARL_UPDATE run_id=67 node=U6 source=Authority destination=TM
event=receive timestamp_ns=1791287300096335540 workflow=ARL_UPDATE run_id=68 node=U6 source=Authority destination=TM
event=receive timestamp_ns=1791287301632071984 workflow=ARL_UPDATE run_id=69 node=U6 source=Authority destination=TM
event=receive timestamp_ns=1791287303168544487 workflow=ARL_UPDATE run_id=70 node=U6 source=Authority destination=TM
event=receive timestamp_ns=1791287305565850040 workflow=KEY_REQUEST run_id=bench_h10_key_w1 node=U6 source=TM10 destination=TM
event=receive timestamp_ns=1791287312157914586 workflow=KEY_REQUEST run_id=bench_h10_key_w2 node=U6 source=TM10 destination=TM
event=receive timestamp_ns=1791287317726208447 workflow=KEY_REQUEST run_id=bench_h10_key_w3 node=U6 source=TM10 destination=TM
event=receive timestamp_ns=1791287323869896883 workflow=KEY_REQUEST run_id=bench_h10_key_w4 node=U6 source=TM10 destination=TM
event=receive timestamp_ns=1791287328926016446 workflow=KEY_REQUEST run_id=bench_h10_key_w5 node=U6 source=TM10 destination=TM
event=receive timestamp_ns=1791287333506038175 workflow=KEY_REQUEST run_id=bench_h10_key_001 node=U6 source=TM10 destination=TM
event=receive timestamp_ns=1791287338461915132 workflow=KEY_REQUEST run_id=bench_h10_key_002 node=U6 source=TM10 destination=TM
event=receive timestamp_ns=1791287344574211812 workflow=KEY_REQUEST run_id=bench_h10_key_003 node=U6 source=TM10 destination=TM
event=receive timestamp_ns=1791287349565839319 workflow=KEY_REQUEST run_id=bench_h10_key_004 node=U6 source=TM10 destination=TM
event=receive timestamp_ns=1791287355613842706 workflow=KEY_REQUEST run_id=bench_h10_key_005 node=U6 source=TM10 destination=TM
event=receive timestamp_ns=1791287360157808227 workflow=KEY_REQUEST run_id=bench_h10_key_006 node=U6 source=TM10 destination=TM
event=receive timestamp_ns=1791287367773971993 workflow=KEY_REQUEST run_id=bench_h10_key_007 node=U6 source=TM10 destination=TM
event=receive timestamp_ns=1791287373342171653 workflow=KEY_REQUEST run_id=bench_h10_key_008 node=U6 source=TM10 destination=TM
event=receive timestamp_ns=1791287378338246670 workflow=KEY_REQUEST run_id=bench_h10_key_009 node=U6 source=TM10 destination=TM
event=receive timestamp_ns=1791287383870248185 workflow=KEY_REQUEST run_id=bench_h10_key_010 node=U6 source=TM10 destination=TM
event=receive timestamp_ns=1791287388926099558 workflow=KEY_REQUEST run_id=bench_h10_key_011 node=U6 source=TM10 destination=TM
event=receive timestamp_ns=1791287392926129229 workflow=KEY_REQUEST run_id=bench_h10_key_012 node=U6 source=TM10 destination=TM
event=receive timestamp_ns=1791287399037860945 workflow=KEY_REQUEST run_id=bench_h10_key_013 node=U6 source=TM10 destination=TM
event=receive timestamp_ns=1791287403038230160 workflow=KEY_REQUEST run_id=bench_h10_key_014 node=U6 source=TM10 destination=TM
event=receive timestamp_ns=1791287406526444954 workflow=KEY_REQUEST run_id=bench_h10_key_015 node=U6 source=TM10 destination=TM
event=receive timestamp_ns=1791287411614113876 workflow=KEY_REQUEST run_id=bench_h10_key_016 node=U6 source=TM10 destination=TM
event=receive timestamp_ns=1791287417181943661 workflow=KEY_REQUEST run_id=bench_h10_key_017 node=U6 source=TM10 destination=TM
event=receive timestamp_ns=1791287421662089384 workflow=KEY_REQUEST run_id=bench_h10_key_018 node=U6 source=TM10 destination=TM
event=receive timestamp_ns=1791287425661999320 workflow=KEY_REQUEST run_id=bench_h10_key_019 node=U6 source=TM10 destination=TM
event=receive timestamp_ns=1791287432318037821 workflow=KEY_REQUEST run_id=bench_h10_key_020 node=U6 source=TM10 destination=TM
event=receive timestamp_ns=1791287436865867469 workflow=KEY_REQUEST run_id=bench_h10_key_021 node=U6 source=TM10 destination=TM
event=receive timestamp_ns=1791287441890061417 workflow=KEY_REQUEST run_id=bench_h10_key_022 node=U6 source=TM10 destination=TM
event=receive timestamp_ns=1791287447874269068 workflow=KEY_REQUEST run_id=bench_h10_key_023 node=U6 source=TM10 destination=TM
event=receive timestamp_ns=1791287453950193474 workflow=KEY_REQUEST run_id=bench_h10_key_024 node=U6 source=TM10 destination=TM
event=receive timestamp_ns=1791287458494096489 workflow=KEY_REQUEST run_id=bench_h10_key_025 node=U6 source=TM10 destination=TM
event=receive timestamp_ns=1791287462909827541 workflow=KEY_REQUEST run_id=bench_h10_key_026 node=U6 source=TM10 destination=TM
event=receive timestamp_ns=1791287468545956142 workflow=KEY_REQUEST run_id=bench_h10_key_027 node=U6 source=TM10 destination=TM
event=receive timestamp_ns=1791287474621905151 workflow=KEY_REQUEST run_id=bench_h10_key_028 node=U6 source=TM10 destination=TM
event=receive timestamp_ns=1791287479773864317 workflow=KEY_REQUEST run_id=bench_h10_key_029 node=U6 source=TM10 destination=TM
event=receive timestamp_ns=1791287484798222733 workflow=KEY_REQUEST run_id=bench_h10_key_030 node=U6 source=TM10 destination=TM
