event=receive timestamp_ns=1791287135230049676 workflow=KEY_REQUEST run_id=bench_h10_setup node=U7 source=TM10 destination=TM
event=receive timestamp_ns=1791287140968881626 workflow=CT_SHARE run_id=1 node=U7 source=TM10 destination=TM
event=receive timestamp_ns=1791287142408384018 workflow=CT_SHARE run_id=2 node=U7 source=TM10 destination=TM
event=receive timestamp_ns=1791287143976530002 workflow=CT_SHARE run_id=3 node=U7 source=TM10 destination=TM
event=receive timestamp_ns=1791287145542859395 workflow=CT_SHARE run_id=4 node=U7 source=TM10 destination=TM
event=receive timestamp_ns=1791287147108825273 workflow=CT_SHARE run_id=5 node=U7 source=TM10 destination=TM
event=receive timestamp_ns=1791287148644579139 workflow=CT_SHARE run_id=6 node=U7 source=TM10 destination=TM
event=receive timestamp_ns=1791287150212818956 workflow=CT_SHARE run_id=7 node=U7 source=TM10 destination=TM
event=receive timestamp_ns=1791287151813137394 workflow=CT_SHARE run_id=8 node=U7 source=TM10 destination=TM
event=receive timestamp_ns=1791287153381384162 workflow=CT_SHARE run_id=9 node=U7 source=TM10 destination=TM
event=receive timestamp_ns=1791287154981230475 workflow=CT_SHARE run_id=10 node=U7 source=TM10 destination=TM
event=receive timestamp_ns=1791287156520628366 workflow=CT_SHARE run_id=11 node=U7 source=TM10 destination=TM
event=receive timestamp_ns=1791287158053138187 workflow=CT_SHARE run_id=12 node=U7 source=TM10 destination=TM
event=receive timestamp_ns=1791287159656653752 workflow=CT_SHARE run_id=13 node=U7 source=TM10 destination=TM
event=receive timestamp_ns=1791287161253546851 workflow=CT_SHARE run_id=14 node=U7 source=TM10 destination=TM
event=receive timestamp_ns=1791287162788956922 workflow=CT_SHARE run_id=15 node=U7 source=TM10 destination=TM
event=receive timestamp_ns=1791287164325495314 workflow=CT_SHARE run_id=16 node=U7 source=TM10 destination=TM
event=receive timestamp_ns=1791287165860579986 workflow=CT_SHARE run_id=17 node=U7 source=TM10 destination=TM
event=receive timestamp_ns=1791287167492946252 workflow=CT_SHARE run_id=18 node=U7 source=TM10 destination=TM
event=receive timestamp_ns=1791287169030593580 workflow=CT_SHARE run_id=19 node=U7 source=TM10 destination=TM
event=receive timestamp_ns=1791287170630918818 workflow=CT_SHARE run_id=20 node=U7 source=TM10 destination=TM
event=receive timestamp_ns=1791287172166364191 workflow=CT_SHARE run_id=21 node=U7 source=TM10 destination=TM
event=receive timestamp_ns=1791287173702610869 workflow=CT_SHARE run_id=22 node=U7 source=TM10 destination=TM
event=receive timestamp_ns=1791287175269044425 workflow=CT_SHARE run_id=23 node=U7 source=TM10 destination=TM
event=receive timestamp_ns=1791287176869274301 workflow=CT_SHARE run_id=24 node=U7 source=TM10 destination=TM
event=receive timestamp_ns=1791287178472173787 workflow=CT_SHARE run_id=25 node=U7 source=TM10 destination=TM
event=receive timestamp_ns=1791287180037220633 workflow=CT_SHARE run_id=26 node=U7 source=TM10 destination=TM
event=receive timestamp_ns=1791287181605673284 workflow=CT_SHARE run_id=27 node=U7 source=TM10 destination=TM
event=receive timestamp_ns=1791287183204487848 workflow=CT_SHARE run_id=28 node=U7 source=TM10 destination=TM
event=receive timestamp_ns=1791287184741189690 workflow=CT_SHARE run_id=29 node=U7 source=TM10 destination=TM
event=receive timestamp_ns=1791287186313994794 workflow=CT_SHARE run_id=30 node=U7 source=TM10 destination=TM
event=receive timestamp_ns=1791287187880121363 workflow=CT_SHARE run_id=31 node=U7 source=TM10 destination=TM
event=receive timestamp_ns=1791287189445478998 workflow=CT_SHARE run_id=32 node=U7 source=TM10 destination=TM
event=receive timestamp_ns=1791287191081144919 workflow=CT_SHARE run_id=33 node=U7 source=TM10 destination=TM
event=receive timestamp_ns=1791287192612930279 workflow=CT_SHARE run_id=34 node=U7 source=TM10 destination=TM
event=receive timestamp_ns=1791287194181383700 workflow=CT_SHARE run_id=35 node=U7 source=TM10 destination=TM
event=receive timestamp_ns=1791287196645061567 workflow=ARL_UPDATE run_id=1 node=U7 source=Authority destination=TM
event=receive timestamp_ns=1791287198146005739 workflow=ARL_UPDATE run_id=2 node=U7 source=Authority destination=TM
event=receive timestamp_ns=1791287199680106207 workflow=ARL_UPDATE run_id=3 node=U7 source=Authority destination=TM
event=receive timestamp_ns=1791287201217011530 workflow=ARL_UPDATE run_id=4 node=U7 source=Authority destination=TM
event=receive timestamp_ns=1791287202785156717 workflow=ARL_UPDATE run_id=5 node=U7 source=Authority destination=TM
event=receive timestamp_ns=1791287204288988565 workflow=ARL_UPDATE run_id=6 node=U7 source=Authority destination=TM
event=receive timestamp_ns=1791287205855791154 workflow=ARL_UPDATE run_id=7 node=U7 source=Authority destination=TM
event=receive timestamp_ns=1791287207424953660 workflow=ARL_UPDATE run_id=8 node=U7 source=Authority destination=TM
event=receive timestamp_ns=1791287208962720814 workflow=ARL_UPDATE run_id=9 node=U7 source=Authority destination=TM
event=receive timestamp_ns=1791287210498424906 workflow=ARL_UPDATE run_id=10 node=U7 source=Authority destination=TM
event=receive timestamp_ns=1791287212038969343 workflow=ARL_UPDATE run_id=11 node=U7 source=Authority destination=TM
event=receive timestamp_ns=1791287213602529656 workflow=ARL_UPDATE run_id=12 node=U7 source=Authority destination=TM
event=receive timestamp_ns=1791287215138344051 workflow=ARL_UPDATE run_id=13 node=U7 source=Authority destination=TM
event=receive timestamp_ns=1791287216704330708 workflow=ARL_UPDATE run_id=14 node=U7 source=Authority destination=TM
event=receive timestamp_ns=1791287218241317070 workflow=ARL_UPDATE run_id=15 node=U7 source=Authority destination=TM
event=receive timestamp_ns=1791287219776321467 workflow=ARL_UPDATE run_id=16 node=U7 source=Authority destination=TM
event=receive timestamp_ns=1791287221312468670 workflow=ARL_UPDATE run_id=17 node=U7 source=Authority destination=TM
event=receive timestamp_ns=1791287222850472660 workflow=ARL_UPDATE run_id=18 node=U7 source=Authority destination=TM
event=receive timestamp_ns=1791287224384053557 workflow=ARL_UPDATE run_id=19 node=U7 source=Authority destination=TM
event=receive timestamp_ns=1791287225920480337 workflow=ARL_UPDATE run_id=20 node=U7 source=Authority destination=TM
event=receive timestamp_ns=1791287227457841243 workflow=ARL_UPDATE run_id=21 node=U7 source=Authority destination=TM
event=receive timestamp_ns=1791287228992403264 workflow=ARL_UPDATE run_id=22 node=U7 source=Authority destination=TM
event=receive timestamp_ns=1791287230528268966 workflow=ARL_UPDATE run_id=23 node=U7 source=Authority destination=TM
event=receive timestamp_ns=1791287232097945771 workflow=ARL_UPDATE run_id=24 node=U7 source=Authority destination=TM
event=receive timestamp_ns=1791287233602162159 workflow=ARL_UPDATE run_id=25 node=U7 source=Authority destination=TM
event=receive timestamp_ns=1791287235169038267 workflow=ARL_UPDATE run_id=26 node=U7 source=Authority destination=TM
event=receive timestamp_ns=1791287236705249373 workflow=ARL_UPDATE run_id=27 node=U7 source=Authority destination=TM
event=receive timestamp_ns=1791287238209116261 workflow=ARL_UPDATE run_id=28 node=U7 source=Authority destination=TM
event=receive timestamp_ns=1791287239745118868 workflow=ARL_UPDATE run_id=29 node=U7 source=Authority destination=TM
event=receive timestamp_ns=1791287241285819603 workflow=ARL_UPDATE run_id=30 node=U7 source=Authority destination=TM
event=receive timestamp_ns=1791287242849325958 workflow=ARL_UPDATE run_id=31 node=U7 source=Authority destination=TM
event=receive timestamp_ns=1791287244386279365 workflow=ARL_UPDATE run_id=32 node=U7 source=Authority destination=TM
event=receive timestamp_ns=1791287245956561021 workflow=ARL_UPDATE run_id=33 node=U7 source=Authority destination=TM
event=receive timestamp_ns=1791287247461325797 workflow=ARL_UPDATE run_id=34 node=U7 source=Authority destination=TM
event=receive timestamp_ns=1791287248993418962 workflow=ARL_UPDATE run_id=35 node=U7 source=Authority destination=TM
event=receive timestamp_ns=1791287250528261367 workflow=ARL_UPDATE run_id=36 node=U7 source=Authority destination=TM
event=receive timestamp_ns=1791287252036854906 workflow=ARL_UPDATE run_id=37 node=U7 source=Authority destination=TM
event=receive timestamp_ns=1791287253573423814 workflow=ARL_UPDATE run_id=38 node=U7 source=Authority destination=TM
event=receive timestamp_ns=1791287255137559190 workflow=ARL_UPDATE run_id=39 node=U7 source=Authority destination=TM
event=receive timestamp_ns=1791287256672603743 workflow=ARL_UPDATE run_id=40 node=U7 source=Authority destination=TM
event=receive timestamp_ns=1791287258210030921 workflow=ARL_UPDATE run_id=41 node=U7 source=Authority destination=TM
event=receive timestamp_ns=1791287259744531701 workflow=ARL_UPDATE run_id=42 node=U7 source=Authority destination=TM
event=receive timestamp_ns=1791287261280920608 workflow=ARL_UPDATE run_id=43 node=U7 source=Authority destination=TM
event=receive timestamp_ns=1791287262816906223 workflow=ARL_UPDATE run_id=44 node=U7 source=Authority destination=TM
event=receive timestamp_ns=1791287264353326830 workflow=ARL_UPDATE run_id=45 node=U7 source=Authority destination=TM
event=receive timestamp_ns=1791287265888380533 workflow=ARL_UPDATE run_id=46 node=U7 source=Authority destination=TM
event=receive timestamp_ns=1791287267424154922 workflow=ARL_UPDATE run_id=47 node=U7 source=Authority destination=TM
event=receive timestamp_ns=1791287268962158030 workflow=ARL_UPDATE run_id=48 node=U7 source=Authority destination=TM
event=receive timestamp_ns=1791287270496917030 workflow=ARL_UPDATE run_id=49 node=U7 source=Authority destination=TM
event=receive timestamp_ns=1791287272034534939 workflow=ARL_UPDATE run_id=50 node=U7 source=Authority destination=TM
event=receive timestamp_ns=1791287273571062373 workflow=ARL_UPDATE run_id=51 node=U7 source=Authority destination=TM
event=receive timestamp_ns=1791287275104342862 workflow=ARL_UPDATE run_id=52 node=U7 source=Authority destination=TM
event=receive timestamp_ns=1791287276640321043 workflow=ARL_UPDATE run_id=53 node=U7 source=Authority destination=TM
event=receive timestamp_ns=1791287278210071852 workflow=ARL_UPDATE run_id=54 node=U7 source=Authority destination=TM
event=receive timestamp_ns=1791287279717612711 workflow=ARL_UPDATE run_id=55 node=U7 source=Authority destination=TM
event=receive timestamp_ns=1791287281250012347 workflow=ARL_UPDATE run_id=56 node=U7 source=Authority destination=TM
event=receive timestamp_ns=1791287282784518946 workflow=ARL_UPDATE run_id=57 node=U7 source=Authority destination=TM
event=receive timestamp_ns=1791287284355144867 workflow=ARL_UPDATE run_id=58 node=U7 source=Authority destination=TM
event=receive timestamp_ns=1791287285856586309 workflow=ARL_UPDATE run_id=59 node=U7 source=Authority destination=TM
event=receive timestamp_ns=1791287287392999082 workflow=ARL_UPDATE run_id=60 node=U7 source=Authority destination=TM
event=receive timestamp_ns=1791287288928870366 workflow=ARL_UPDATE run_id=61 node=U7 source=Authority destination=TM
event=receive timestamp_ns=1791287290465970253 workflow=ARL_UPDATE run_id=62 node=U7 source=Authority destination=TM
event=receive timestamp_ns=1791287292000190639 workflow=ARL_UPDATE run_id=63 node=U7 source=Authority destination=TM
event=receive timestamp_ns=1791287293536863203 workflow=ARL_UPDATE run_id=64 node=U7 source=Authority destination=TM
event=receive timestamp_ns=1791287295072307499 workflow=ARL_UPDATE run_id=65 node=U7 source=Authority destination=TM
event=receive timestamp_ns=1791287296609414859 workflow=ARL_UPDATE run_id=66 node=U7 source=Authority destination=TM
event=receive timestamp_ns=1791287298144776339 workflow=ARL_UPDATE run_id=67 node=U7 source=Authority destination=TM
event=receive timestamp_ns=1791287299680928597 workflow=ARL_UPDATE run_id=68 node=U7 source=Authority destination=TM
event=receive timestamp_ns=1791287301216363535 workflow=ARL_UPDATE run_id=69 node=U7 source=Authority destination=TM
event=receive timestamp_ns=1791287302752820225 workflow=ARL_UPDATE run_id=70 node=U7 source=Authority destination=TM
event=receive timestamp_ns=1791287305469892138 workflow=KEY_REQUEST run_id=bench_h10_key_w1 node=U7 source=TM10 destination=TM
event=receive timestamp_ns=1791287311553826360 workflow=KEY_REQUEST run_id=bench_h10_key_w2 node=U7 source=TM10 destination=TM
event=receive timestamp_ns=1791287318146163097 workflow=KEY_REQUEST run_id=bench_h10_key_w3 node=U7 source=TM10 destination=TM
event=receive timestamp_ns=1791287323261831233 workflow=KEY_REQUEST run_id=bench_h10_key_w4 node=U7 source=TM10 destination=TM
event=receive timestamp_ns=1791287328350056212 workflow=KEY_REQUEST run_id=bench_h10_key_w5 node=U7 source=TM10 destination=TM
event=receive timestamp_ns=1791287333406134559 workflow=KEY_REQUEST run_id=bench_h10_key_001 node=U7 source=TM10 destination=TM
event=receive timestamp_ns=1791287338398075250 workflow=KEY_REQUEST run_id=bench_h10_key_002 node=U7 source=TM10 destination=TM
event=receive timestamp_ns=1791287343965868225 workflow=KEY_REQUEST run_id=bench_h10_key_003 node=U7 source=TM10 destination=TM
event=receive timestamp_ns=1791287349470013123 workflow=KEY_REQUEST run_id=bench_h10_key_004 node=U7 source=TM10 destination=TM
event=receive timestamp_ns=1791287355042136679 workflow=KEY_REQUEST run_id=bench_h10_key_005 node=U7 source=TM10 destination=TM
event=receive timestamp_ns=1791287360574039153 workflow=KEY_REQUEST run_id=bench_h10_key_006 node=U7 source=TM10 destination=TM
event=receive timestamp_ns=1791287367169873028 workflow=KEY_REQUEST run_id=bench_h10_key_007 node=U7 source=TM10 destination=TM
event=receive timestamp_ns=1791287373762099591 workflow=KEY_REQUEST run_id=bench_h10_key_008 node=U7 source=TM10 destination=TM
event=receive timestamp_ns=1791287377726006636 workflow=KEY_REQUEST run_id=bench_h10_key_009 node=U7 source=TM10 destination=TM
event=receive timestamp_ns=1791287384318245619 workflow=KEY_REQUEST run_id=bench_h10_key_010 node=U7 source=TM10 destination=TM
event=receive timestamp_ns=1791287388317825879 workflow=KEY_REQUEST run_id=bench_h10_key_011 node=U7 source=TM10 destination=TM
event=receive timestamp_ns=1791287392834028901 workflow=KEY_REQUEST run_id=bench_h10_key_012 node=U7 source=TM10 destination=TM
event=receive timestamp_ns=1791287398945879617 workflow=KEY_REQUEST run_id=bench_h10_key_013 node=U7 source=TM10 destination=TM
event=receive timestamp_ns=1791287402942232954 workflow=KEY_REQUEST run_id=bench_h10_key_014 node=U7 source=TM10 destination=TM
event=receive timestamp_ns=1791287405922121900 workflow=KEY_REQUEST run_id=bench_h10_key_015 node=U7 source=TM10 destination=TM
event=receive timestamp_ns=1791287411521954446 workflow=KEY_REQUEST run_id=bench_h10_key_016 node=U7 source=TM10 destination=TM
event=receive timestamp_ns=1791287417085870432 workflow=KEY_REQUEST run_id=bench_h10_key_017 node=U7 source=TM10 destination=TM
event=receive timestamp_ns=1791287421058116480 workflow=KEY_REQUEST run_id=bench_h10_key_018 node=U7 source=TM10 destination=TM
event=receive timestamp_ns=1791287426077848328 workflow=KEY_REQUEST run_id=bench_h10_key_019 node=U7 source=TM10 destination=TM
event=receive timestamp_ns=1791287431710205862 workflow=KEY_REQUEST run_id=bench_h10_key_020 node=U7 source=TM10 destination=TM
event=receive timestamp_ns=1791287437278123995 workflow=KEY_REQUEST run_id=bench_h10_key_021 node=U7 source=TM10 destination=TM
event=receive timestamp_ns=1791287441886199349 workflow=KEY_REQUEST run_id=bench_h10_key_022 node=U7 source=TM10 destination=TM
event=receive timestamp_ns=1791287447262150010 workflow=KEY_REQUEST run_id=bench_h10_key_023 node=U7 source=TM10 destination=TM
event=receive timestamp_ns=1791287453886174016 workflow=KEY_REQUEST run_id=bench_h10_key_024 node=U7 source=TM10 destination=TM
event=receive timestamp_ns=1791287457886117663 workflow=KEY_REQUEST run_id=bench_h10_key_025 node=U7 source=TM10 destination=TM
event=receive timestamp_ns=1791287463326145515 workflow=KEY_REQUEST run_id=bench_h10_key_026 node=U7 source=TM10 destination=TM
event=receive timestamp_ns=1791287468446729447 workflow=KEY_REQUEST run_id=bench_h10_key_027 node=U7 source=TM10 destination=TM
event=receive timestamp_ns=1791287474526102488 workflow=KEY_REQUEST run_id=bench_h10_key_028 node=U7 source=TM10 destination=TM
event=receive timestamp_ns=1791287479681871695 workflow=KEY_REQUEST run_id=bench_h10_key_029 node=U7 source=TM10 destination=TM
event=receive timestamp_ns=1791287484702155375 workflow=KEY_REQUEST run_id=bench_h10_key_030 node=U7 source=TM10 destination=TM
