event=receive timestamp_ns=1791287135137812370 workflow=KEY_REQUEST run_id=bench_h10_setup node=U8 source=TM10 destination=TM
event=receive timestamp_ns=1791287140260821318 workflow=CT_SHARE run_id=1 node=U8 source=TM10 destination=TM
event=receive timestamp_ns=1791287141803918463 workflow=CT_SHARE run_id=2 node=U8 source=TM10 destination=TM
event=receive timestamp_ns=1791287143374146283 workflow=CT_SHARE run_id=3 node=U8 source=TM10 destination=TM
event=receive timestamp_ns=1791287144940292195 workflow=CT_SHARE run_id=4 node=U8 source=TM10 destination=TM
event=receive timestamp_ns=1791287146504926617 workflow=CT_SHARE run_id=5 node=U8 source=TM10 destination=TM
event=receive timestamp_ns=1791287148039234871 workflow=CT_SHARE run_id=6 node=U8 source=TM10 destination=TM
event=receive timestamp_ns=1791287149607608751 workflow=CT_SHARE run_id=7 node=U8 source=TM10 destination=TM
event=receive timestamp_ns=1791287151205713538 workflow=CT_SHARE run_id=8 node=U8 source=TM10 destination=TM
event=receive timestamp_ns=1791287152774986516 workflow=CT_SHARE run_id=9 node=U8 source=TM10 destination=TM
event=receive timestamp_ns=1791287154372493784 workflow=CT_SHARE run_id=10 node=U8 source=TM10 destination=TM
event=receive timestamp_ns=1791287155912812223 workflow=CT_SHARE run_id=11 node=U8 source=TM10 destination=TM
event=receive timestamp_ns=1791287157446146761 workflow=CT_SHARE run_id=12 node=U8 source=TM10 destination=TM
event=receive timestamp_ns=1791287159046760309 workflow=CT_SHARE run_id=13 node=U8 source=TM10 destination=TM
event=receive timestamp_ns=1791287160613108132 workflow=CT_SHARE run_id=14 node=U8 source=TM10 destination=TM
event=receive timestamp_ns=1791287162185273953 workflow=CT_SHARE run_id=15 node=U8 source=TM10 destination=TM
event=receive timestamp_ns=1791287163717137676 workflow=CT_SHARE run_id=16 node=U8 source=TM10 destination=TM
event=receive timestamp_ns=1791287165288006124 workflow=CT_SHARE run_id=17 node=U8 source=TM10 destination=TM
event=receive timestamp_ns=1791287166890895116 workflow=CT_SHARE run_id=18 node=U8 source=TM10 destination=TM
event=receive timestamp_ns=1791287168421320515 workflow=CT_SHARE run_id=19 node=U8 source=TM10 destination=TM
event=receive timestamp_ns=1791287170024636682 workflow=CT_SHARE run_id=20 node=U8 source=TM10 destination=TM
event=receive timestamp_ns=1791287171560602767 workflow=CT_SHARE run_id=21 node=U8 source=TM10 destination=TM
event=receive timestamp_ns=1791287173097241457 workflow=CT_SHARE run_id=22 node=U8 source=TM10 destination=TM
event=receive timestamp_ns=1791287174665979074 workflow=CT_SHARE run_id=23 node=U8 source=TM10 destination=TM
event=receive timestamp_ns=1791287176262410656 workflow=CT_SHARE run_id=24 node=U8 source=TM10 destination=TM
event=receive timestamp_ns=1791287177860411080 workflow=CT_SHARE run_id=25 node=U8 source=TM10 destination=TM
event=receive timestamp_ns=1791287179428676115 workflow=CT_SHARE run_id=26 node=U8 source=TM10 destination=TM
event=receive timestamp_ns=1791287181007779458 workflow=CT_SHARE run_id=27 node=U8 source=TM10 destination=TM
event=receive timestamp_ns=1791287182599893036 workflow=CT_SHARE run_id=28 node=U8 source=TM10 destination=TM
event=receive timestamp_ns=1791287184132681963 workflow=CT_SHARE run_id=29 node=U8 source=TM10 destination=TM
event=receive timestamp_ns=1791287185706029378 workflow=CT_SHARE run_id=30 node=U8 source=TM10 destination=TM
event=receive timestamp_ns=1791287187269467311 workflow=CT_SHARE run_id=31 node=U8 source=TM10 destination=TM
event=receive timestamp_ns=1791287188868546904 workflow=CT_SHARE run_id=32 node=U8 source=TM10 destination=TM
event=receive timestamp_ns=1791287190471698207 workflow=CT_SHARE run_id=33 node=U8 source=TM10 destination=TM
event=receive timestamp_ns=1791287192009818353 workflow=CT_SHARE run_id=34 node=U8 source=TM10 destination=TM
event=receive timestamp_ns=1791287193574542171 workflow=CT_SHARE run_id=35 node=U8 source=TM10 destination=TM
event=receive timestamp_ns=1791287197249633367 workflow=ARL_UPDATE run_id=1 node=U8 source=Authority destination=TM
event=receive timestamp_ns=1791287198761605884 workflow=ARL_UPDATE run_id=2 node=U8 source=Authority destination=TM
event=receive timestamp_ns=1791287200295186062 workflow=ARL_UPDATE run_id=3 node=U8 source=Authority destination=TM
event=receive timestamp_ns=1791287201827128530 workflow=ARL_UPDATE run_id=4 node=U8 source=Authority destination=TM
event=receive timestamp_ns=1791287203361971661 workflow=ARL_UPDATE run_id=5 node=U8 source=Authority destination=TM
event=receive timestamp_ns=1791287204900092927 workflow=ARL_UPDATE run_id=6 node=U8 source=Authority destination=TM
event=receive timestamp_ns=1791287206468523771 workflow=ARL_UPDATE run_id=7 node=U8 source=Authority destination=TM
event=receive timestamp_ns=1791287208004436486 workflow=ARL_UPDATE run_id=8 node=U8 source=Authority destination=TM
event=receive timestamp_ns=1791287209572552206 workflow=ARL_UPDATE run_id=9 node=U8 source=Authority destination=TM
event=receive timestamp_ns=1791287211111027139 workflow=ARL_UPDATE run_id=10 node=U8 source=Authority destination=TM
event=receive timestamp_ns=1791287212643332009 workflow=ARL_UPDATE run_id=11 node=U8 source=Authority destination=TM
event=receive timestamp_ns=1791287214212407536 workflow=ARL_UPDATE run_id=12 node=U8 source=Authority destination=TM
event=receive timestamp_ns=1791287215712168121 workflow=ARL_UPDATE run_id=13 node=U8 source=Authority destination=TM
event=receive timestamp_ns=1791287217312511020 workflow=ARL_UPDATE run_id=14 node=U8 source=Authority destination=TM
event=receive timestamp_ns=1791287218848337748 workflow=ARL_UPDATE run_id=15 node=U8 source=Authority destination=TM
event=receive timestamp_ns=1791287220390155773 workflow=ARL_UPDATE run_id=16 node=U8 source=Authority destination=TM
event=receive timestamp_ns=1791287221920891771 workflow=ARL_UPDATE run_id=17 node=U8 source=Authority destination=TM
event=receive timestamp_ns=1791287223456965978 workflow=ARL_UPDATE run_id=18 node=U8 source=Authority destination=TM
event=receive timestamp_ns=1791287224992556854 workflow=ARL_UPDATE run_id=19 node=U8 source=Authority destination=TM
event=receive timestamp_ns=1791287226528554160 workflow=ARL_UPDATE run_id=20 node=U8 source=Authority destination=TM
event=receive timestamp_ns=1791287228101455863 workflow=ARL_UPDATE run_id=21 node=U8 source=Authority destination=TM
event=receive timestamp_ns=1791287229605567965 workflow=ARL_UPDATE run_id=22 node=U8 source=Authority destination=TM
event=receive timestamp_ns=1791287231139469990 workflow=ARL_UPDATE run_id=23 node=U8 source=Authority destination=TM
event=receive timestamp_ns=1791287232704440570 workflow=ARL_UPDATE run_id=24 node=U8 source=Authority destination=TM
event=receive timestamp_ns=1791287234213843385 workflow=ARL_UPDATE run_id=25 node=U8 source=Authority destination=TM
event=receive timestamp_ns=1791287235782427783 workflow=ARL_UPDATE run_id=26 node=U8 source=Authority destination=TM
event=receive timestamp_ns=1791287237314836205 workflow=ARL_UPDATE run_id=27 node=U8 source=Authority destination=TM
event=receive timestamp_ns=1791287238820931126 workflow=ARL_UPDATE run_id=28 node=U8 source=Authority destination=TM
event=receive timestamp_ns=1791287240356398478 workflow=ARL_UPDATE run_id=29 node=U8 source=Authority destination=TM
event=receive timestamp_ns=1791287241894260485 workflow=ARL_UPDATE run_id=30 node=U8 source=Authority destination=TM
event=receive timestamp_ns=1791287243496045009 workflow=ARL_UPDATE run_id=31 node=U8 source=Authority destination=TM
event=receive timestamp_ns=1791287244995125380 workflow=ARL_UPDATE run_id=32 node=U8 source=Authority destination=TM
event=receive timestamp_ns=1791287246563978575 workflow=ARL_UPDATE run_id=33 node=U8 source=Authority destination=TM
event=receive timestamp_ns=1791287248066488372 workflow=ARL_UPDATE run_id=34 node=U8 source=Authority destination=TM
event=receive timestamp_ns=1791287249607232778 workflow=ARL_UPDATE run_id=35 node=U8 source=Authority destination=TM
event=receive timestamp_ns=1791287251136808990 workflow=ARL_UPDATE run_id=36 node=U8 source=Authority destination=TM
event=receive timestamp_ns=1791287252646813230 workflow=ARL_UPDATE run_id=37 node=U8 source=Authority destination=TM
event=receive timestamp_ns=1791287254176681433 workflow=ARL_UPDATE run_id=38 node=U8 source=Authority destination=TM
event=receive timestamp_ns=1791287255713509944 workflow=ARL_UPDATE run_id=39 node=U8 source=Authority destination=TM
event=receive timestamp_ns=1791287257286783902 workflow=ARL_UPDATE run_id=40 node=U8 source=Authority destination=TM
event=receive timestamp_ns=1791287258817757709 workflow=ARL_UPDATE run_id=41 node=U8 source=Authority destination=TM
event=receive timestamp_ns=1791287260353228633 workflow=ARL_UPDATE run_id=42 node=U8 source=Authority destination=TM
event=receive timestamp_ns=1791287261889834613 workflow=ARL_UPDATE run_id=43 node=U8 source=Authority destination=TM
event=receive timestamp_ns=1791287263429738962 workflow=ARL_UPDATE run_id=44 node=U8 source=Authority destination=TM
event=receive timestamp_ns=1791287264962239713 workflow=ARL_UPDATE run_id=45 node=U8 source=Authority destination=TM
event=receive timestamp_ns=1791287266497937399 workflow=ARL_UPDATE run_id=46 node=U8 source=Authority destination=TM
event=receive timestamp_ns=1791287268033744039 workflow=ARL_UPDATE run_id=47 node=U8 source=Authority destination=TM
event=receive timestamp_ns=1791287269573962672 workflow=ARL_UPDATE run_id=48 node=U8 source=Authority destination=TM
event=receive timestamp_ns=1791287271109252521 workflow=ARL_UPDATE run_id=49 node=U8 source=Authority destination=TM
event=receive timestamp_ns=1791287272646210296 workflow=ARL_UPDATE run_id=50 node=U8 source=Authority destination=TM
event=receive timestamp_ns=1791287274178070124 workflow=ARL_UPDATE run_id=51 node=U8 source=Authority destination=TM
event=receive timestamp_ns=1791287275712685608 workflow=ARL_UPDATE run_id=52 node=U8 source=Authority destination=TM
event=receive timestamp_ns=1791287277251228383 workflow=ARL_UPDATE run_id=53 node=U8 source=Authority destination=TM
event=receive timestamp_ns=1791287278786630751 workflow=ARL_UPDATE run_id=54 node=U8 source=Authority destination=TM
event=receive timestamp_ns=1791287280323734748 workflow=ARL_UPDATE run_id=55 node=U8 source=Authority destination=TM
event=receive timestamp_ns=1791287281863060171 workflow=ARL_UPDATE run_id=56 node=U8 source=Authority destination=TM
event=receive timestamp_ns=1791287283397299865 workflow=ARL_UPDATE run_id=57 node=U8 source=Authority destination=TM
event=receive timestamp_ns=1791287284929356757 workflow=ARL_UPDATE run_id=58 node=U8 source=Authority destination=TM
event=receive timestamp_ns=1791287286498217596 workflow=ARL_UPDATE run_id=59 node=U8 source=Authority destination=TM
event=receive timestamp_ns=1791287288001452135 workflow=ARL_UPDATE run_id=60 node=U8 source=Authority destination=TM
event=receive timestamp_ns=1791287289537529613 workflow=ARL_UPDATE run_id=61 node=U8 source=Authority destination=TM
event=receive timestamp_ns=1791287291073739414 workflow=ARL_UPDATE run_id=62 node=U8 source=Authority destination=TM
event=receive timestamp_ns=1791287292609215683 workflow=ARL_UPDATE run_id=63 node=U8 source=Authority destination=TM
event=receive timestamp_ns=1791287294144393034 workflow=ARL_UPDATE run_id=64 node=U8 source=Authority destination=TM
event=receive timestamp_ns=1791287295681587822 workflow=ARL_UPDATE run_id=65 node=U8 source=Authority destination=TM
event=receive timestamp_ns=1791287297216990318 workflow=ARL_UPDATE run_id=66 node=U8 source=Authority destination=TM
event=receive timestamp_ns=1791287298756895644 workflow=ARL_UPDATE run_id=67 node=U8 source=Authority destination=TM
event=receive timestamp_ns=1791287300288264223 workflow=ARL_UPDATE run_id=68 node=U8 source=Authority destination=TM
event=receive timestamp_ns=1791287301828085999 workflow=ARL_UPDATE run_id=69 node=U8 source=Authority destination=TM
event=receive timestamp_ns=1791287303359955605 workflow=ARL_UPDATE run_id=70 node=U8 source=Authority destination=TM
event=receive timestamp_ns=1791287305889797486 workflow=KEY_REQUEST run_id=bench_h10_key_w1 node=U8 source=TM10 destination=TM
event=receive timestamp_ns=1791287311457867329 workflow=KEY_REQUEST run_id=bench_h10_key_w2 node=U8 source=TM10 destination=TM
event=receive timestamp_ns=1791287318046132178 workflow=KEY_REQUEST run_id=bench_h10_key_w3 node=U8 source=TM10 destination=TM
event=receive timestamp_ns=1791287323165999140 workflow=KEY_REQUEST run_id=bench_h10_key_w4 node=U8 source=TM10 destination=TM
event=receive timestamp_ns=1791287328253934138 workflow=KEY_REQUEST run_id=bench_h10_key_w5 node=U8 source=TM10 destination=TM
event=receive timestamp_ns=1791287333314068077 workflow=KEY_REQUEST run_id=bench_h10_key_001 node=U8 source=TM10 destination=TM
event=receive timestamp_ns=1791287338301822573 workflow=KEY_REQUEST run_id=bench_h10_key_002 node=U8 source=TM10 destination=TM
event=receive timestamp_ns=1791287343870022120 workflow=KEY_REQUEST run_id=bench_h10_key_003 node=U8 source=TM10 destination=TM
event=receive timestamp_ns=1791287349405791705 workflow=KEY_REQUEST run_id=bench_h10_key_004 node=U8 source=TM10 destination=TM
event=receive timestamp_ns=1791287354941774935 workflow=KEY_REQUEST run_id=bench_h10_key_005 node=U8 source=TM10 destination=TM
event=receive timestamp_ns=1791287360477857365 workflow=KEY_REQUEST run_id=bench_h10_key_006 node=U8 source=TM10 destination=TM
event=receive timestamp_ns=1791287367073865459 workflow=KEY_REQUEST run_id=bench_h10_key_007 node=U8 source=TM10 destination=TM
event=receive timestamp_ns=1791287373662374332 workflow=KEY_REQUEST run_id=bench_h10_key_008 node=U8 source=TM10 destination=TM
event=receive timestamp_ns=1791287377630012413 workflow=KEY_REQUEST run_id=bench_h10_key_009 node=U8 source=TM10 destination=TM
event=receive timestamp_ns=1791287384222004542 workflow=KEY_REQUEST run_id=bench_h10_key_010 node=U8 source=TM10 destination=TM
event=receive timestamp_ns=1791287388222165431 workflow=KEY_REQUEST run_id=bench_h10_key_011 node=U8 source=TM10 destination=TM
event=receive timestamp_ns=1791287393246123811 workflow=KEY_REQUEST run_id=bench_h10_key_012 node=U8 source=TM10 destination=TM
event=receive timestamp_ns=1791287398849926881 workflow=KEY_REQUEST run_id=bench_h10_key_013 node=U8 source=TM10 destination=TM
event=receive timestamp_ns=1791287402846378510 workflow=KEY_REQUEST run_id=bench_h10_key_014 node=U8 source=TM10 destination=TM
event=receive timestamp_ns=1791287406334093132 workflow=KEY_REQUEST run_id=bench_h10_key_015 node=U8 source=TM10 destination=TM
event=receive timestamp_ns=1791287410909931165 workflow=KEY_REQUEST run_id=bench_h10_key_016 node=U8 source=TM10 destination=TM
event=receive timestamp_ns=1791287417501836423 workflow=KEY_REQUEST run_id=bench_h10_key_017 node=U8 source=TM10 destination=TM
event=receive timestamp_ns=1791287420958186348 workflow=KEY_REQUEST run_id=bench_h10_key_018 node=U8 source=TM10 destination=TM
event=receive timestamp_ns=1791287425982029330 workflow=KEY_REQUEST run_id=bench_h10_key_019 node=U8 source=TM10 destination=TM
event=receive timestamp_ns=1791287431617965027 workflow=KEY_REQUEST run_id=bench_h10_key_020 node=U8 source=TM10 destination=TM
event=receive timestamp_ns=1791287437181949449 workflow=KEY_REQUEST run_id=bench_h10_key_021 node=U8 source=TM10 destination=TM
event=receive timestamp_ns=1791287441213963505 workflow=KEY_REQUEST run_id=bench_h10_key_022 node=U8 source=TM10 destination=TM
event=receive timestamp_ns=1791287447678122542 workflow=KEY_REQUEST run_id=bench_h10_key_023 node=U8 source=TM10 destination=TM
event=receive timestamp_ns=1791287453278187840 workflow=KEY_REQUEST run_id=bench_h10_key_024 node=U8 source=TM10 destination=TM
event=receive timestamp_ns=1791287458301875646 workflow=KEY_REQUEST run_id=bench_h10_key_025 node=U8 source=TM10 destination=TM
event=receive timestamp_ns=1791287462718048971 workflow=KEY_REQUEST run_id=bench_h10_key_026 node=U8 source=TM10 destination=TM
event=receive timestamp_ns=1791287468350163978 workflow=KEY_REQUEST run_id=bench_h10_key_027 node=U8 source=TM10 destination=TM
event=receive timestamp_ns=1791287473922066808 workflow=KEY_REQUEST run_id=bench_h10_key_028 node=U8 source=TM10 destination=TM
event=receive timestamp_ns=1791287480097884303 workflow=KEY_REQUEST run_id=bench_h10_key_029 node=U8 source=TM10 destination=TM
event=receive timestamp_ns=1791287484094089011 workflow=KEY_REQUEST run_id=bench_h10_key_030 node=U8 source=TM10 destination=TM
