event=receive timestamp_ns=1791287135038204491 workflow=KEY_REQUEST run_id=bench_h10_setup node=U9 source=TM10 destination=TM
event=receive timestamp_ns=1791287140168472259 workflow=CT_SHARE run_id=1 node=U9 source=TM10 destination=TM
event=receive timestamp_ns=1791287141702222135 workflow=CT_SHARE run_id=2 node=U9 source=TM10 destination=TM
event=receive timestamp_ns=1791287143270869492 workflow=CT_SHARE run_id=3 node=U9 source=TM10 destination=TM
event=receive timestamp_ns=1791287144851606234 workflow=CT_SHARE run_id=4 node=U9 source=TM10 destination=TM
event=receive timestamp_ns=1791287146411323659 workflow=CT_SHARE run_id=5 node=U9 source=TM10 destination=TM
event=receive timestamp_ns=1791287147976453640 workflow=CT_SHARE run_id=6 node=U9 source=TM10 destination=TM
event=receive timestamp_ns=1791287149510715525 workflow=CT_SHARE run_id=7 node=U9 source=TM10 destination=TM
event=receive timestamp_ns=1791287151145463090 workflow=CT_SHARE run_id=8 node=U9 source=TM10 destination=TM
event=receive timestamp_ns=1791287152681833249 workflow=CT_SHARE run_id=9 node=U9 source=TM10 destination=TM
event=receive timestamp_ns=1791287154276634345 workflow=CT_SHARE run_id=10 node=U9 source=TM10 destination=TM
event=receive timestamp_ns=1791287155815212326 workflow=CT_SHARE run_id=11 node=U9 source=TM10 destination=TM
event=receive timestamp_ns=1791287157349820971 workflow=CT_SHARE run_id=12 node=U9 source=TM10 destination=TM
event=receive timestamp_ns=1791287158980644966 workflow=CT_SHARE run_id=13 node=U9 source=TM10 destination=TM
event=receive timestamp_ns=1791287160548693293 workflow=CT_SHARE run_id=14 node=U9 source=TM10 destination=TM
event=receive timestamp_ns=1791287162088890467 workflow=CT_SHARE run_id=15 node=U9 source=TM10 destination=TM
event=receive timestamp_ns=1791287163623569240 workflow=CT_SHARE run_id=16 node=U9 source=TM10 destination=TM
event=receive timestamp_ns=1791287165174615021 workflow=CT_SHARE run_id=17 node=U9 source=TM10 destination=TM
event=receive timestamp_ns=1791287166790272687 workflow=CT_SHARE run_id=18 node=U9 source=TM10 destination=TM
event=receive timestamp_ns=1791287168326427658 workflow=CT_SHARE run_id=19 node=U9 source=TM10 destination=TM
event=receive timestamp_ns=1791287169931923082 workflow=CT_SHARE run_id=20 node=U9 source=TM10 destination=TM
event=receive timestamp_ns=1791287171467925022 workflow=CT_SHARE run_id=21 node=U9 source=TM10 destination=TM
event=receive timestamp_ns=1791287172999443954 workflow=CT_SHARE run_id=22 node=U9 source=TM10 destination=TM
event=receive timestamp_ns=1791287174564934408 workflow=CT_SHARE run_id=23 node=U9 source=TM10 destination=TM
event=receive timestamp_ns=1791287176165630255 workflow=CT_SHARE run_id=24 node=U9 source=TM10 destination=TM
event=receive timestamp_ns=1791287177765912929 workflow=CT_SHARE run_id=25 node=U9 source=TM10 destination=TM
event=receive timestamp_ns=1791287179336872757 workflow=CT_SHARE run_id=26 node=U9 source=TM10 destination=TM
event=receive timestamp_ns=1791287180907698971 workflow=CT_SHARE run_id=27 node=U9 source=TM10 destination=TM
event=receive timestamp_ns=1791287182500678925 workflow=CT_SHARE run_id=28 node=U9 source=TM10 destination=TM
event=receive timestamp_ns=1791287184073085031 workflow=CT_SHARE run_id=29 node=U9 source=TM10 destination=TM
event=receive timestamp_ns=1791287185604958768 workflow=CT_SHARE run_id=30 node=U9 source=TM10 destination=TM
event=receive timestamp_ns=1791287187172482474 workflow=CT_SHARE run_id=31 node=U9 source=TM10 destination=TM
event=receive timestamp_ns=1791287188778396231 workflow=CT_SHARE run_id=32 node=U9 source=TM10 destination=TM
event=receive timestamp_ns=1791287190374533329 workflow=CT_SHARE run_id=33 node=U9 source=TM10 destination=TM
event=receive timestamp_ns=1791287191908796065 workflow=CT_SHARE run_id=34 node=U9 source=TM10 destination=TM
event=receive timestamp_ns=1791287193477321608 workflow=CT_SHARE run_id=35 node=U9 source=TM10 destination=TM
event=receive timestamp_ns=1791287197346814538 workflow=ARL_UPDATE run_id=1 node=U9 source=Authority destination=TM
event=receive timestamp_ns=1791287198853377131 workflow=ARL_UPDATE run_id=2 node=U9 source=Authority destination=TM
event=receive timestamp_ns=1791287200390469404 workflow=ARL_UPDATE run_id=3 node=U9 source=Authority destination=TM
event=receive timestamp_ns=1791287201923524774 workflow=ARL_UPDATE run_id=4 node=U9 source=Authority destination=TM
event=receive timestamp_ns=1791287203490704314 workflow=ARL_UPDATE run_id=5 node=U9 source=Authority destination=TM
event=receive timestamp_ns=1791287204994093649 workflow=ARL_UPDATE run_id=6 node=U9 source=Authority destination=TM
event=receive timestamp_ns=1791287206529667248 workflow=ARL_UPDATE run_id=7 node=U9 source=Authority destination=TM
event=receive timestamp_ns=1791287208098201462 workflow=ARL_UPDATE run_id=8 node=U9 source=Authority destination=TM
event=receive timestamp_ns=1791287209668777085 workflow=ARL_UPDATE run_id=9 node=U9 source=Authority destination=TM
event=receive timestamp_ns=1791287211205123834 workflow=ARL_UPDATE run_id=10 node=U9 source=Authority destination=TM
event=receive timestamp_ns=1791287212737608331 workflow=ARL_UPDATE run_id=11 node=U9 source=Authority destination=TM
event=receive timestamp_ns=1791287214273929875 workflow=ARL_UPDATE run_id=12 node=U9 source=Authority destination=TM
event=receive timestamp_ns=1791287215813838111 workflow=ARL_UPDATE run_id=13 node=U9 source=Authority destination=TM
event=receive timestamp_ns=1791287217409464601 workflow=ARL_UPDATE run_id=14 node=U9 source=Authority destination=TM
event=receive timestamp_ns=1791287218950459575 workflow=ARL_UPDATE run_id=15 node=U9 source=Authority destination=TM
event=receive timestamp_ns=1791287220479892296 workflow=ARL_UPDATE run_id=16 node=U9 source=Authority destination=TM
event=receive timestamp_ns=1791287222017844122 workflow=ARL_UPDATE run_id=17 node=U9 source=Authority destination=TM
event=receive timestamp_ns=1791287223552376912 workflow=ARL_UPDATE run_id=18 node=U9 source=Authority destination=TM
event=receive timestamp_ns=1791287225091708191 workflow=ARL_UPDATE run_id=19 node=U9 source=Authority destination=TM
event=receive timestamp_ns=1791287226628488895 workflow=ARL_UPDATE run_id=20 node=U9 source=Authority destination=TM
event=receive timestamp_ns=1791287228160464231 workflow=ARL_UPDATE run_id=21 node=U9 source=Authority destination=TM
event=receive timestamp_ns=1791287229702384133 workflow=ARL_UPDATE run_id=22 node=U9 source=Authority destination=TM
event=receive timestamp_ns=1791287231239597443 workflow=ARL_UPDATE run_id=23 node=U9 source=Authority destination=TM
event=receive timestamp_ns=1791287232802753284 workflow=ARL_UPDATE run_id=24 node=U9 source=Authority destination=TM
event=receive timestamp_ns=1791287234310686226 workflow=ARL_UPDATE run_id=25 node=U9 source=Authority destination=TM
event=receive timestamp_ns=1791287235841856578 workflow=ARL_UPDATE run_id=26 node=U9 source=Authority destination=TM
event=receive timestamp_ns=1791287237377274794 workflow=ARL_UPDATE run_id=27 node=U9 source=Authority destination=TM
event=receive timestamp_ns=1791287238922194682 workflow=ARL_UPDATE run_id=28 node=U9 source=Authority destination=TM
event=receive timestamp_ns=1791287240453498904 workflow=ARL_UPDATE run_id=29 node=U9 source=Authority destination=TM
event=receive timestamp_ns=1791287241991782240 workflow=ARL_UPDATE run_id=30 node=U9 source=Authority destination=TM
event=receive timestamp_ns=1791287243559140628 workflow=ARL_UPDATE run_id=31 node=U9 source=Authority destination=TM
event=receive timestamp_ns=1791287245089619620 workflow=ARL_UPDATE run_id=32 node=U9 source=Authority destination=TM
event=receive timestamp_ns=1791287246660778484 workflow=ARL_UPDATE run_id=33 node=U9 source=Authority destination=TM
event=receive timestamp_ns=1791287248162857258 workflow=ARL_UPDATE run_id=34 node=U9 source=Authority destination=TM
event=receive timestamp_ns=1791287249699595242 workflow=ARL_UPDATE run_id=35 node=U9 source=Authority destination=TM
event=receive timestamp_ns=1791287251233528998 workflow=ARL_UPDATE run_id=36 node=U9 source=Authority destination=TM
event=receive timestamp_ns=1791287252741535555 workflow=ARL_UPDATE run_id=37 node=U9 source=Authority destination=TM
event=receive timestamp_ns=1791287254274075580 workflow=ARL_UPDATE run_id=38 node=U9 source=Authority destination=TM
event=receive timestamp_ns=1791287255809739022 workflow=ARL_UPDATE run_id=39 node=U9 source=Authority destination=TM
event=receive timestamp_ns=1791287257378861456 workflow=ARL_UPDATE run_id=40 node=U9 source=Authority destination=TM
event=receive timestamp_ns=1791287258912556966 workflow=ARL_UPDATE run_id=41 node=U9 source=Authority destination=TM
event=receive timestamp_ns=1791287260448284551 workflow=ARL_UPDATE run_id=42 node=U9 source=Authority destination=TM
event=receive timestamp_ns=1791287261989391460 workflow=ARL_UPDATE run_id=43 node=U9 source=Authority destination=TM
event=receive timestamp_ns=1791287263520513949 workflow=ARL_UPDATE run_id=44 node=U9 source=Authority destination=TM
event=receive timestamp_ns=1791287265061723679 workflow=ARL_UPDATE run_id=45 node=U9 source=Authority destination=TM
event=receive timestamp_ns=1791287266598983476 workflow=ARL_UPDATE run_id=46 node=U9 source=Authority destination=TM
event=receive timestamp_ns=1791287268128146532 workflow=ARL_UPDATE run_id=47 node=U9 source=Authority destination=TM
event=receive timestamp_ns=1791287269666606396 workflow=ARL_UPDATE run_id=48 node=U9 source=Authority destination=TM
event=receive timestamp_ns=1791287271201665124 workflow=ARL_UPDATE run_id=49 node=U9 source=Authority destination=TM
event=receive timestamp_ns=1791287272704479576 workflow=ARL_UPDATE run_id=50 node=U9 source=Authority destination=TM
event=receive timestamp_ns=1791287274273737348 workflow=ARL_UPDATE run_id=51 node=U9 source=Authority destination=TM
event=receive timestamp_ns=1791287275808868063 workflow=ARL_UPDATE run_id=52 node=U9 source=Authority destination=TM
event=receive timestamp_ns=1791287277344717912 workflow=ARL_UPDATE run_id=53 node=U9 source=Authority destination=TM
event=receive timestamp_ns=1791287278880804490 workflow=ARL_UPDATE run_id=54 node=U9 source=Authority destination=TM
event=receive timestamp_ns=1791287280418189509 workflow=ARL_UPDATE run_id=55 node=U9 source=Authority destination=TM
event=receive timestamp_ns=1791287281956956509 workflow=ARL_UPDATE run_id=56 node=U9 source=Authority destination=TM
event=receive timestamp_ns=1791287283493966993 workflow=ARL_UPDATE run_id=57 node=U9 source=Authority destination=TM
event=receive timestamp_ns=1791287285025682858 workflow=ARL_UPDATE run_id=58 node=U9 source=Authority destination=TM
event=receive timestamp_ns=1791287286562394926 workflow=ARL_UPDATE run_id=59 node=U9 source=Authority destination=TM
event=receive timestamp_ns=1791287288098192284 workflow=ARL_UPDATE run_id=60 node=U9 source=Authority destination=TM
event=receive timestamp_ns=1791287289632729233 workflow=ARL_UPDATE run_id=61 node=U9 source=Authority destination=TM
event=receive timestamp_ns=1791287291168429064 workflow=ARL_UPDATE run_id=62 node=U9 source=Authority destination=TM
event=receive timestamp_ns=1791287292704402801 workflow=ARL_UPDATE run_id=63 node=U9 source=Authority destination=TM
event=receive timestamp_ns=1791287294245422575 workflow=ARL_UPDATE run_id=64 node=U9 source=Authority destination=TM
event=receive timestamp_ns=1791287295776529486 workflow=ARL_UPDATE run_id=65 node=U9 source=Authority destination=TM
event=receive timestamp_ns=1791287297312897551 workflow=ARL_UPDATE run_id=66 node=U9 source=Authority destination=TM
event=receive timestamp_ns=1791287298848378092 workflow=ARL_UPDATE run_id=67 node=U9 source=Authority destination=TM
event=receive timestamp_ns=1791287300388355233 workflow=ARL_UPDATE run_id=68 node=U9 source=Authority destination=TM
event=receive timestamp_ns=1791287301920368234 workflow=ARL_UPDATE run_id=69 node=U9 source=Authority destination=TM
event=receive timestamp_ns=1791287303456430289 workflow=ARL_UPDATE run_id=70 node=U9 source=Authority destination=TM
event=receive timestamp_ns=1791287305790036645 workflow=KEY_REQUEST run_id=bench_h10_key_w1 node=U9 source=TM10 destination=TM
event=receive timestamp_ns=1791287311357961610 workflow=KEY_REQUEST run_id=bench_h10_key_w2 node=U9 source=TM10 destination=TM
event=receive timestamp_ns=1791287317950053925 workflow=KEY_REQUEST run_id=bench_h10_key_w3 node=U9 source=TM10 destination=TM
event=receive timestamp_ns=1791287323069986070 workflow=KEY_REQUEST run_id=bench_h10_key_w4 node=U9 source=TM10 destination=TM
event=receive timestamp_ns=1791287328157785010 workflow=KEY_REQUEST run_id=bench_h10_key_w5 node=U9 source=TM10 destination=TM
event=receive timestamp_ns=1791287333726205679 workflow=KEY_REQUEST run_id=bench_h10_key_001 node=U9 source=TM10 destination=TM
event=receive timestamp_ns=1791287337693944334 workflow=KEY_REQUEST run_id=bench_h10_key_002 node=U9 source=TM10 destination=TM
event=receive timestamp_ns=1791287344285989485 workflow=KEY_REQUEST run_id=bench_h10_key_003 node=U9 source=TM10 destination=TM
event=receive timestamp_ns=1791287349309782960 workflow=KEY_REQUEST run_id=bench_h10_key_004 node=U9 source=TM10 destination=TM
event=receive timestamp_ns=1791287354845750460 workflow=KEY_REQUEST run_id=bench_h10_key_005 node=U9 source=TM10 destination=TM
event=receive timestamp_ns=1791287360381997967 workflow=KEY_REQUEST run_id=bench_h10_key_006 node=U9 source=TM10 destination=TM
event=receive timestamp_ns=1791287366973961888 workflow=KEY_REQUEST run_id=bench_h10_key_007 node=U9 source=TM10 destination=TM
event=receive timestamp_ns=1791287373566038581 workflow=KEY_REQUEST run_id=bench_h10_key_008 node=U9 source=TM10 destination=TM
event=receive timestamp_ns=1791287377534091863 workflow=KEY_REQUEST run_id=bench_h10_key_009 node=U9 source=TM10 destination=TM
event=receive timestamp_ns=1791287384126026527 workflow=KEY_REQUEST run_id=bench_h10_key_010 node=U9 source=TM10 destination=TM
event=receive timestamp_ns=1791287388126030763 workflow=KEY_REQUEST run_id=bench_h10_key_011 node=U9 source=TM10 destination=TM
event=receive timestamp_ns=1791287393150507396 workflow=KEY_REQUEST run_id=bench_h10_key_012 node=U9 source=TM10 destination=TM
event=receive timestamp_ns=1791287399261972410 workflow=KEY_REQUEST run_id=bench_h10_key_013 node=U9 source=TM10 destination=TM
event=receive timestamp_ns=1791287402238075642 workflow=KEY_REQUEST run_id=bench_h10_key_014 node=U9 source=TM10 destination=TM
event=receive timestamp_ns=1791287405726255867 workflow=KEY_REQUEST run_id=bench_h10_key_015 node=U9 source=TM10 destination=TM
event=receive timestamp_ns=1791287411326719091 workflow=KEY_REQUEST run_id=bench_h10_key_016 node=U9 source=TM10 destination=TM
event=receive timestamp_ns=1791287416894020824 workflow=KEY_REQUEST run_id=bench_h10_key_017 node=U9 source=TM10 destination=TM
event=receive timestamp_ns=1791287421374161407 workflow=KEY_REQUEST run_id=bench_h10_key_018 node=U9 source=TM10 destination=TM
event=receive timestamp_ns=1791287425374300729 workflow=KEY_REQUEST run_id=bench_h10_key_019 node=U9 source=TM10 destination=TM
event=receive timestamp_ns=1791287432030025793 workflow=KEY_REQUEST run_id=bench_h10_key_020 node=U9 source=TM10 destination=TM
event=receive timestamp_ns=1791287437086401354 workflow=KEY_REQUEST run_id=bench_h10_key_021 node=U9 source=TM10 destination=TM
event=receive timestamp_ns=1791287441121824345 workflow=KEY_REQUEST run_id=bench_h10_key_022 node=U9 source=TM10 destination=TM
event=receive timestamp_ns=1791287447646153932 workflow=KEY_REQUEST run_id=bench_h10_key_023 node=U9 source=TM10 destination=TM
event=receive timestamp_ns=1791287453185948452 workflow=KEY_REQUEST run_id=bench_h10_key_024 node=U9 source=TM10 destination=TM
event=receive timestamp_ns=1791287458206114869 workflow=KEY_REQUEST run_id=bench_h10_key_025 node=U9 source=TM10 destination=TM
event=receive timestamp_ns=1791287463133972200 workflow=KEY_REQUEST run_id=bench_h10_key_026 node=U9 source=TM10 destination=TM
event=receive timestamp_ns=1791287468257947893 workflow=KEY_REQUEST run_id=bench_h10_key_027 node=U9 source=TM10 destination=TM
event=receive timestamp_ns=1791287474334140906 workflow=KEY_REQUEST run_id=bench_h10_key_028 node=U9 source=TM10 destination=TM
event=receive timestamp_ns=1791287479486173496 workflow=KEY_REQUEST run_id=bench_h10_key_029 node=U9 source=TM10 destination=TM
event=receive timestamp_ns=1791287484510106453 workflow=KEY_REQUEST run_id=bench_h10_key_030 node=U9 source=TM10 destination=TM
