event=send timestamp_ns=1791278355055680159 workflow=KEY_RESPONSE run_id=bench_h1_setup node=Authority source=Authority destination=bench_h1_setup
event=receive timestamp_ns=1791278355050492391 workflow=KEY_REQUEST run_id=bench_h1_setup node=Authority source=TM1 destination=TM
event=receive timestamp_ns=1791278358474579403 workflow=CT_SHARE run_id=1 node=Authority source=TM1 destination=TM
event=receive timestamp_ns=1791278360074773535 workflow=CT_SHARE run_id=2 node=Authority source=TM1 destination=TM
event=receive timestamp_ns=1791278361611058559 workflow=CT_SHARE run_id=3 node=Authority source=TM1 destination=TM
event=receive timestamp_ns=1791278363147054464 workflow=CT_SHARE run_id=4 node=Authority source=TM1 destination=TM
event=receive timestamp_ns=1791278364714888366 workflow=CT_SHARE run_id=5 node=Authority source=TM1 destination=TM
event=receive timestamp_ns=1791278366218590354 workflow=CT_SHARE run_id=6 node=Authority source=TM1 destination=TM
event=receive timestamp_ns=1791278367754994573 workflow=CT_SHARE run_id=7 node=Authority source=TM1 destination=TM
event=receive timestamp_ns=1791278369290753401 workflow=CT_SHARE run_id=8 node=Authority source=TM1 destination=TM
event=receive timestamp_ns=1791278370830407479 workflow=CT_SHARE run_id=9 node=Authority source=TM1 destination=TM
event=receive timestamp_ns=1791278372430658642 workflow=CT_SHARE run_id=10 node=Authority source=TM1 destination=TM
event=receive timestamp_ns=1791278373994637179 workflow=CT_SHARE run_id=11 node=Authority source=TM1 destination=TM
event=receive timestamp_ns=1791278375562848291 workflow=CT_SHARE run_id=12 node=Authority source=TM1 destination=TM
event=receive timestamp_ns=1791278377098775870 workflow=CT_SHARE run_id=13 node=Authority source=TM1 destination=TM
event=receive timestamp_ns=1791278378634683442 workflow=CT_SHARE run_id=14 node=Authority source=TM1 destination=TM
event=receive timestamp_ns=1791278380203378306 workflow=CT_SHARE run_id=15 node=Authority source=TM1 destination=TM
event=receive timestamp_ns=1791278381770725634 workflow=CT_SHARE run_id=16 node=Authority source=TM1 destination=TM
event=receive timestamp_ns=1791278383338579808 workflow=CT_SHARE run_id=17 node=Authority source=TM1 destination=TM
event=receive timestamp_ns=1791278384843047260 workflow=CT_SHARE run_id=18 node=Authority source=TM1 destination=TM
event=receive timestamp_ns=1791278386475318384 workflow=CT_SHARE run_id=19 node=Authority source=TM1 destination=TM
event=receive timestamp_ns=1791278387978742129 workflow=CT_SHARE run_id=20 node=Authority source=TM1 destination=TM
event=receive timestamp_ns=1791278389578648149 workflow=CT_SHARE run_id=21 node=Authority source=TM1 destination=TM
event=receive timestamp_ns=1791278391114623981 workflow=CT_SHARE run_id=22 node=Authority source=TM1 destination=TM
event=receive timestamp_ns=1791278392714775058 workflow=CT_SHARE run_id=23 node=Authority source=TM1 destination=TM
event=receive timestamp_ns=1791278394282849159 workflow=CT_SHARE run_id=24 node=Authority source=TM1 destination=TM
event=receive timestamp_ns=1791278395850650700 workflow=CT_SHARE run_id=25 node=Authority source=TM1 destination=TM
event=receive timestamp_ns=1791278397386806115 workflow=CT_SHARE run_id=26 node=Authority source=TM1 destination=TM
event=receive timestamp_ns=1791278398922731929 workflow=CT_SHARE run_id=27 node=Authority source=TM1 destination=TM
event=receive timestamp_ns=1791278400458784023 workflow=CT_SHARE run_id=28 node=Authority source=TM1 destination=TM
event=receive timestamp_ns=1791278401994696673 workflow=CT_SHARE run_id=29 node=Authority source=TM1 destination=TM
event=receive timestamp_ns=1791278403530623134 workflow=CT_SHARE run_id=30 node=Authority source=TM1 destination=TM
event=receive timestamp_ns=1791278405066591964 workflow=CT_SHARE run_id=31 node=Authority source=TM1 destination=TM
event=receive timestamp_ns=1791278406602523627 workflow=CT_SHARE run_id=32 node=Authority source=TM1 destination=TM
event=receive timestamp_ns=1791278408138484378 workflow=CT_SHARE run_id=33 node=Authority source=TM1 destination=TM
event=receive timestamp_ns=1791278409674629061 workflow=CT_SHARE run_id=34 node=Authority source=TM1 destination=TM
event=receive timestamp_ns=1791278411210718871 workflow=CT_SHARE run_id=35 node=Authority source=TM1 destination=TM
event=send timestamp_ns=1791278411416437694 workflow=ARL_UPDATE run_id=1 node=Authority source=Authority destination=TM
event=send timestamp_ns=1791278413087615213 workflow=ARL_UPDATE run_id=2 node=Authority source=Authority destination=TM
event=send timestamp_ns=1791278414622984526 workflow=ARL_UPDATE run_id=3 node=Authority source=Authority destination=TM
event=send timestamp_ns=1791278416159259399 workflow=ARL_UPDATE run_id=4 node=Authority source=Authority destination=TM
event=send timestamp_ns=1791278417757074195 workflow=ARL_UPDATE run_id=5 node=Authority source=Authority destination=TM
event=send timestamp_ns=1791278419289389459 workflow=ARL_UPDATE run_id=6 node=Authority source=Authority destination=TM
event=send timestamp_ns=1791278420893438337 workflow=ARL_UPDATE run_id=7 node=Authority source=Authority destination=TM
event=send timestamp_ns=1791278422433794658 workflow=ARL_UPDATE run_id=8 node=Authority source=Authority destination=TM
event=send timestamp_ns=1791278423965103244 workflow=ARL_UPDATE run_id=9 node=Authority source=Authority destination=TM
event=send timestamp_ns=1791278425502855799 workflow=ARL_UPDATE run_id=10 node=Authority source=Authority destination=TM
event=send timestamp_ns=1791278427109695520 workflow=ARL_UPDATE run_id=11 node=Authority source=Authority destination=TM
event=send timestamp_ns=1791278428644638742 workflow=ARL_UPDATE run_id=12 node=Authority source=Authority destination=TM
event=send timestamp_ns=1791278430176366645 workflow=ARL_UPDATE run_id=13 node=Authority source=Authority destination=TM
event=send timestamp_ns=1791278431717222273 workflow=ARL_UPDATE run_id=14 node=Authority source=Authority destination=TM
event=send timestamp_ns=1791278433246982682 workflow=ARL_UPDATE run_id=15 node=Authority source=Authority destination=TM
event=send timestamp_ns=1791278434783007133 workflow=ARL_UPDATE run_id=16 node=Authority source=Authority destination=TM
event=send timestamp_ns=1791278436315824630 workflow=ARL_UPDATE run_id=17 node=Authority source=Authority destination=TM
event=send timestamp_ns=1791278437857760624 workflow=ARL_UPDATE run_id=18 node=Authority source=Authority destination=TM
event=send timestamp_ns=1791278439395044231 workflow=ARL_UPDATE run_id=19 node=Authority source=Authority destination=TM
event=send timestamp_ns=1791278440931214670 workflow=ARL_UPDATE run_id=20 node=Authority source=Authority destination=TM
event=send timestamp_ns=1791278442464594999 workflow=ARL_UPDATE run_id=21 node=Authority source=Authority destination=TM
event=send timestamp_ns=1791278444060958947 workflow=ARL_UPDATE run_id=22 node=Authority source=Authority destination=TM
event=send timestamp_ns=1791278445665170946 workflow=ARL_UPDATE run_id=23 node=Authority source=Authority destination=TM
event=send timestamp_ns=1791278447197098153 workflow=ARL_UPDATE run_id=24 node=Authority source=Authority destination=TM
event=send timestamp_ns=1791278448738615565 workflow=ARL_UPDATE run_id=25 node=Authority source=Authority destination=TM
event=send timestamp_ns=1791278450272265203 workflow=ARL_UPDATE run_id=26 node=Authority source=Authority destination=TM
event=send timestamp_ns=1791278451811710100 workflow=ARL_UPDATE run_id=27 node=Authority source=Authority destination=TM
event=send timestamp_ns=1791278453344792396 workflow=ARL_UPDATE run_id=28 node=Authority source=Authority destination=TM
event=send timestamp_ns=1791278454876830550 workflow=ARL_UPDATE run_id=29 node=Authority source=Authority destination=TM
event=send timestamp_ns=1791278456450148755 workflow=ARL_UPDATE run_id=30 node=Authority source=Authority destination=TM
event=send timestamp_ns=1791278457981268797 workflow=ARL_UPDATE run_id=31 node=Authority source=Authority destination=TM
event=send timestamp_ns=1791278459518738400 workflow=ARL_UPDATE run_id=32 node=Authority source=Authority destination=TM
event=send timestamp_ns=1791278461062018320 workflow=ARL_UPDATE run_id=33 node=Authority source=Authority destination=TM
event=send timestamp_ns=1791278462595332517 workflow=ARL_UPDATE run_id=34 node=Authority source=Authority destination=TM
event=send timestamp_ns=1791278464134945895 workflow=ARL_UPDATE run_id=35 node=Authority source=Authority destination=TM
event=send timestamp_ns=1791278465663583085 workflow=ARL_UPDATE run_id=36 node=Authority source=Authority destination=TM
event=send timestamp_ns=1791278467195380309 workflow=ARL_UPDATE run_id=37 node=Authority source=Authority destination=TM
event=send timestamp_ns=1791278468806492615 workflow=ARL_UPDATE run_id=38 node=Authority source=Authority destination=TM
event=send timestamp_ns=1791278470338363936 workflow=ARL_UPDATE run_id=39 node=Authority source=Authority destination=TM
event=send timestamp_ns=1791278471873114986 workflow=ARL_UPDATE run_id=40 node=Authority source=Authority destination=TM
event=send timestamp_ns=1791278473411917219 workflow=ARL_UPDATE run_id=41 node=Authority source=Authority destination=TM
event=send timestamp_ns=1791278474943924409 workflow=ARL_UPDATE run_id=42 node=Authority source=Authority destination=TM
event=send timestamp_ns=1791278476483841694 workflow=ARL_UPDATE run_id=43 node=Authority source=Authority destination=TM
event=send timestamp_ns=1791278478015228998 workflow=ARL_UPDATE run_id=44 node=Authority source=Authority destination=TM
event=send timestamp_ns=1791278479545872669 workflow=ARL_UPDATE run_id=45 node=Authority source=Authority destination=TM
event=send timestamp_ns=1791278481082671093 workflow=ARL_UPDATE run_id=46 node=Authority source=Authority destination=TM
event=send timestamp_ns=1791278482620101188 workflow=ARL_UPDATE run_id=47 node=Authority source=Authority destination=TM
event=send timestamp_ns=1791278484163311233 workflow=ARL_UPDATE run_id=48 node=Authority source=Authority destination=TM
event=send timestamp_ns=1791278485695483607 workflow=ARL_UPDATE run_id=49 node=Authority source=Authority destination=TM
event=send timestamp_ns=1791278487233103147 workflow=ARL_UPDATE run_id=50 node=Authority source=Authority destination=TM
event=send timestamp_ns=1791278488766069765 workflow=ARL_UPDATE run_id=51 node=Authority source=Authority destination=TM
event=send timestamp_ns=1791278490310247289 workflow=ARL_UPDATE run_id=52 node=Authority source=Authority destination=TM
event=send timestamp_ns=1791278491843115222 workflow=ARL_UPDATE run_id=53 node=Authority source=Authority destination=TM
event=send timestamp_ns=1791278493369990334 workflow=ARL_UPDATE run_id=54 node=Authority source=Authority destination=TM
event=send timestamp_ns=1791278494910260830 workflow=ARL_UPDATE run_id=55 node=Authority source=Authority destination=TM
event=send timestamp_ns=1791278496443143200 workflow=ARL_UPDATE run_id=56 node=Authority source=Authority destination=TM
event=send timestamp_ns=1791278497982001400 workflow=ARL_UPDATE run_id=57 node=Authority source=Authority destination=TM
event=send timestamp_ns=1791278499524076564 workflow=ARL_UPDATE run_id=58 node=Authority source=Authority destination=TM
event=send timestamp_ns=1791278501053524760 workflow=ARL_UPDATE run_id=59 node=Authority source=Authority destination=TM
event=send timestamp_ns=1791278502590442760 workflow=ARL_UPDATE run_id=60 node=Authority source=Authority destination=TM
event=send timestamp_ns=1791278504124567108 workflow=ARL_UPDATE run_id=61 node=Authority source=Authority destination=TM
event=send timestamp_ns=1791278505664556669 workflow=ARL_UPDATE run_id=62 node=Authority source=Authority destination=TM
event=send timestamp_ns=1791278507202846283 workflow=ARL_UPDATE run_id=63 node=Authority source=Authority destination=TM
event=send timestamp_ns=1791278508737979784 workflow=ARL_UPDATE run_id=64 node=Authority source=Authority destination=TM
event=send timestamp_ns=1791278510271211727 workflow=ARL_UPDATE run_id=65 node=Authority source=Authority destination=TM
event=send timestamp_ns=1791278511810454959 workflow=ARL_UPDATE run_id=66 node=Authority source=Authority destination=TM
event=send timestamp_ns=1791278513340383223 workflow=ARL_UPDATE run_id=67 node=Authority source=Authority destination=TM
event=send timestamp_ns=1791278514909175411 workflow=ARL_UPDATE run_id=68 node=Authority source=Authority destination=TM
event=send timestamp_ns=1791278516475698011 workflow=ARL_UPDATE run_id=69 node=Authority source=Authority destination=TM
event=send timestamp_ns=1791278518081951801 workflow=ARL_UPDATE run_id=70 node=Authority source=Authority destination=TM
event=send timestamp_ns=1791278521783080573 workflow=KEY_RESPONSE run_id=bench_h1_key_w1 node=Authority source=Authority destination=bench_h1_key_w1
event=receive timestamp_ns=1791278521771190227 workflow=KEY_REQUEST run_id=bench_h1_key_w1 node=Authority source=TM1 destination=TM
event=send timestamp_ns=1791278525234534957 workflow=KEY_RESPONSE run_id=bench_h1_key_w2 node=Authority source=Authority destination=bench_h1_key_w2
event=receive timestamp_ns=1791278525226645191 workflow=KEY_REQUEST run_id=bench_h1_key_w2 node=Authority source=TM1 destination=TM
event=send timestamp_ns=1791278528596434679 workflow=KEY_RESPONSE run_id=bench_h1_key_w3 node=Authority source=Authority destination=bench_h1_key_w3
event=receive timestamp_ns=1791278528586760495 workflow=KEY_REQUEST run_id=bench_h1_key_w3 node=Authority source=TM1 destination=TM
event=send timestamp_ns=1791278530929732557 workflow=KEY_RESPONSE run_id=bench_h1_key_w4 node=Authority source=Authority destination=bench_h1_key_w4
event=receive timestamp_ns=1791278530922526169 workflow=KEY_REQUEST run_id=bench_h1_key_w4 node=Authority source=TM1 destination=TM
event=send timestamp_ns=1791278534325968761 workflow=KEY_RESPONSE run_id=bench_h1_key_w5 node=Authority source=Authority destination=bench_h1_key_w5
event=receive timestamp_ns=1791278534314790996 workflow=KEY_REQUEST run_id=bench_h1_key_w5 node=Authority source=TM1 destination=TM
event=send timestamp_ns=1791278537747611488 workflow=KEY_RESPONSE run_id=bench_h1_key_001 node=Authority source=Authority destination=bench_h1_key_001
event=receive timestamp_ns=1791278537738541717 workflow=KEY_REQUEST run_id=bench_h1_key_001 node=Authority source=TM1 destination=TM
event=send timestamp_ns=1791278541103269705 workflow=KEY_RESPONSE run_id=bench_h1_key_002 node=Authority source=Authority destination=bench_h1_key_002
event=receive timestamp_ns=1791278541098481296 workflow=KEY_REQUEST run_id=bench_h1_key_002 node=Authority source=TM1 destination=TM
event=send timestamp_ns=1791278543441146684 workflow=KEY_RESPONSE run_id=bench_h1_key_003 node=Authority source=Authority destination=bench_h1_key_003
event=receive timestamp_ns=1791278543434602218 workflow=KEY_REQUEST run_id=bench_h1_key_003 node=Authority source=TM1 destination=TM
event=send timestamp_ns=1791278546802066246 workflow=KEY_RESPONSE run_id=bench_h1_key_004 node=Authority source=Authority destination=bench_h1_key_004
event=receive timestamp_ns=1791278546795066024 workflow=KEY_REQUEST run_id=bench_h1_key_004 node=Authority source=TM1 destination=TM
event=send timestamp_ns=1791278550227456719 workflow=KEY_RESPONSE run_id=bench_h1_key_005 node=Authority source=Authority destination=bench_h1_key_005
event=receive timestamp_ns=1791278550218738197 workflow=KEY_REQUEST run_id=bench_h1_key_005 node=Authority source=TM1 destination=TM
event=send timestamp_ns=1791278552562586315 workflow=KEY_RESPONSE run_id=bench_h1_key_006 node=Authority source=Authority destination=bench_h1_key_006
event=receive timestamp_ns=1791278552554615673 workflow=KEY_REQUEST run_id=bench_h1_key_006 node=Authority source=TM1 destination=TM
event=send timestamp_ns=1791278555928783892 workflow=KEY_RESPONSE run_id=bench_h1_key_007 node=Authority source=Authority destination=bench_h1_key_007
event=receive timestamp_ns=1791278555914797373 workflow=KEY_REQUEST run_id=bench_h1_key_007 node=Authority source=TM1 destination=TM
event=send timestamp_ns=1791278559343130629 workflow=KEY_RESPONSE run_id=bench_h1_key_008 node=Authority source=Authority destination=bench_h1_key_008
event=receive timestamp_ns=1791278559338405764 workflow=KEY_REQUEST run_id=bench_h1_key_008 node=Authority source=TM1 destination=TM
event=send timestamp_ns=1791278561681644426 workflow=KEY_RESPONSE run_id=bench_h1_key_009 node=Authority source=Authority destination=bench_h1_key_009
event=receive timestamp_ns=1791278561675989389 workflow=KEY_REQUEST run_id=bench_h1_key_009 node=Authority source=TM1 destination=TM
event=send timestamp_ns=1791278565043416272 workflow=KEY_RESPONSE run_id=bench_h1_key_010 node=Authority source=Authority destination=bench_h1_key_010
event=receive timestamp_ns=1791278565034802932 workflow=KEY_REQUEST run_id=bench_h1_key_010 node=Authority source=TM1 destination=TM
event=send timestamp_ns=1791278567376048639 workflow=KEY_RESPONSE run_id=bench_h1_key_011 node=Authority source=Authority destination=bench_h1_key_011
event=receive timestamp_ns=1791278567370462545 workflow=KEY_REQUEST run_id=bench_h1_key_011 node=Authority source=TM1 destination=TM
event=send timestamp_ns=1791278570736287746 workflow=KEY_RESPONSE run_id=bench_h1_key_012 node=Authority source=Authority destination=bench_h1_key_012
event=receive timestamp_ns=1791278570730414185 workflow=KEY_REQUEST run_id=bench_h1_key_012 node=Authority source=TM1 destination=TM
event=send timestamp_ns=1791278573073137954 workflow=KEY_RESPONSE run_id=bench_h1_key_013 node=Authority source=Authority destination=bench_h1_key_013
event=receive timestamp_ns=1791278573066471571 workflow=KEY_REQUEST run_id=bench_h1_key_013 node=Authority source=TM1 destination=TM
event=send timestamp_ns=1791278576463612038 workflow=KEY_RESPONSE run_id=bench_h1_key_014 node=Authority source=Authority destination=bench_h1_key_014
event=receive timestamp_ns=1791278576458415390 workflow=KEY_REQUEST run_id=bench_h1_key_014 node=Authority source=TM1 destination=TM
event=send timestamp_ns=1791278579825582754 workflow=KEY_RESPONSE run_id=bench_h1_key_015 node=Authority source=Authority destination=bench_h1_key_015
event=receive timestamp_ns=1791278579818785680 workflow=KEY_REQUEST run_id=bench_h1_key_015 node=Authority source=TM1 destination=TM
event=send timestamp_ns=1791278583223147920 workflow=KEY_RESPONSE run_id=bench_h1_key_016 node=Authority source=Authority destination=bench_h1_key_016
event=receive timestamp_ns=1791278583211046088 workflow=KEY_REQUEST run_id=bench_h1_key_016 node=Authority source=TM1 destination=TM
event=send timestamp_ns=1791278586639804621 workflow=KEY_RESPONSE run_id=bench_h1_key_017 node=Authority source=Authority destination=bench_h1_key_017
event=receive timestamp_ns=1791278586634489181 workflow=KEY_REQUEST run_id=bench_h1_key_017 node=Authority source=TM1 destination=TM
event=send timestamp_ns=1791278590033503476 workflow=KEY_RESPONSE run_id=bench_h1_key_018 node=Authority source=Authority destination=bench_h1_key_018
event=receive timestamp_ns=1791278590026625053 workflow=KEY_REQUEST run_id=bench_h1_key_018 node=Authority source=TM1 destination=TM
event=send timestamp_ns=1791278592339218929 workflow=KEY_RESPONSE run_id=bench_h1_key_019 node=Authority source=Authority destination=bench_h1_key_019
event=receive timestamp_ns=1791278592330791132 workflow=KEY_REQUEST run_id=bench_h1_key_019 node=Authority source=TM1 destination=TM
event=send timestamp_ns=1791278595705401783 workflow=KEY_RESPONSE run_id=bench_h1_key_020 node=Authority source=Authority destination=bench_h1_key_020
event=receive timestamp_ns=1791278595691155969 workflow=KEY_REQUEST run_id=bench_h1_key_020 node=Authority source=TM1 destination=TM
event=send timestamp_ns=1791278599099904202 workflow=KEY_RESPONSE run_id=bench_h1_key_021 node=Authority source=Authority destination=bench_h1_key_021
event=receive timestamp_ns=1791278599086773514 workflow=KEY_REQUEST run_id=bench_h1_key_021 node=Authority source=TM1 destination=TM
event=send timestamp_ns=1791278602516063299 workflow=KEY_RESPONSE run_id=bench_h1_key_022 node=Authority source=Authority destination=bench_h1_key_022
event=receive timestamp_ns=1791278602506805761 workflow=KEY_REQUEST run_id=bench_h1_key_022 node=Authority source=TM1 destination=TM
event=send timestamp_ns=1791278604884287507 workflow=KEY_RESPONSE run_id=bench_h1_key_023 node=Authority source=Authority destination=bench_h1_key_023
event=receive timestamp_ns=1791278604878486950 workflow=KEY_REQUEST run_id=bench_h1_key_023 node=Authority source=TM1 destination=TM
event=send timestamp_ns=1791278608374402826 workflow=KEY_RESPONSE run_id=bench_h1_key_024 node=Authority source=Authority destination=bench_h1_key_024
event=receive timestamp_ns=1791278608362894949 workflow=KEY_REQUEST run_id=bench_h1_key_024 node=Authority source=TM1 destination=TM
event=send timestamp_ns=1791278611736715566 workflow=KEY_RESPONSE run_id=bench_h1_key_025 node=Authority source=Authority destination=bench_h1_key_025
event=receive timestamp_ns=1791278611722782056 workflow=KEY_REQUEST run_id=bench_h1_key_025 node=Authority source=TM1 destination=TM
event=send timestamp_ns=1791278616181356152 workflow=KEY_RESPONSE run_id=bench_h1_key_026 node=Authority source=Authority destination=bench_h1_key_026
event=receive timestamp_ns=1791278616170930028 workflow=KEY_REQUEST run_id=bench_h1_key_026 node=Authority source=TM1 destination=TM
event=send timestamp_ns=1791278619569343850 workflow=KEY_RESPONSE run_id=bench_h1_key_027 node=Authority source=Authority destination=bench_h1_key_027
event=receive timestamp_ns=1791278619562838642 workflow=KEY_REQUEST run_id=bench_h1_key_027 node=Authority source=TM1 destination=TM
event=send timestamp_ns=1791278622968927829 workflow=KEY_RESPONSE run_id=bench_h1_key_028 node=Authority source=Authority destination=bench_h1_key_028
event=receive timestamp_ns=1791278622958426580 workflow=KEY_REQUEST run_id=bench_h1_key_028 node=Authority source=TM1 destination=TM
event=send timestamp_ns=1791278626388149968 workflow=KEY_RESPONSE run_id=bench_h1_key_029 node=Authority source=Authority destination=bench_h1_key_029
event=receive timestamp_ns=1791278626378588286 workflow=KEY_REQUEST run_id=bench_h1_key_029 node=Authority source=TM1 destination=TM
event=send timestamp_ns=1791278630832485690 workflow=KEY_RESPONSE run_id=bench_h1_key_030 node=Authority source=Authority destination=bench_h1_key_030
event=receive timestamp_ns=1791278630826471207 workflow=KEY_REQUEST run_id=bench_h1_key_030 node=Authority source=TM1 destination=TM
