event=receive timestamp_ns=1791278355054506937 workflow=KEY_REQUEST run_id=bench_h1_setup node=U2 source=TM1 destination=TM
event=receive timestamp_ns=1791278358538542411 workflow=CT_SHARE run_id=1 node=U2 source=TM1 destination=TM
event=receive timestamp_ns=1791278360074780552 workflow=CT_SHARE run_id=2 node=U2 source=TM1 destination=TM
event=receive timestamp_ns=1791278361611075330 workflow=CT_SHARE run_id=3 node=U2 source=TM1 destination=TM
event=receive timestamp_ns=1791278363146984866 workflow=CT_SHARE run_id=4 node=U2 source=TM1 destination=TM
event=receive timestamp_ns=1791278364718550344 workflow=CT_SHARE run_id=5 node=U2 source=TM1 destination=TM
event=receive timestamp_ns=1791278366218731319 workflow=CT_SHARE run_id=6 node=U2 source=TM1 destination=TM
event=receive timestamp_ns=1791278367754666600 workflow=CT_SHARE run_id=7 node=U2 source=TM1 destination=TM
event=receive timestamp_ns=1791278369290694394 workflow=CT_SHARE run_id=8 node=U2 source=TM1 destination=TM
event=receive timestamp_ns=1791278370830416408 workflow=CT_SHARE run_id=9 node=U2 source=TM1 destination=TM
event=receive timestamp_ns=1791278372426687632 workflow=CT_SHARE run_id=10 node=U2 source=TM1 destination=TM
event=receive timestamp_ns=1791278373994721139 workflow=CT_SHARE run_id=11 node=U2 source=TM1 destination=TM
event=receive timestamp_ns=1791278375562550928 workflow=CT_SHARE run_id=12 node=U2 source=TM1 destination=TM
event=receive timestamp_ns=1791278377098895545 workflow=CT_SHARE run_id=13 node=U2 source=TM1 destination=TM
event=receive timestamp_ns=1791278378635110666 workflow=CT_SHARE run_id=14 node=U2 source=TM1 destination=TM
event=receive timestamp_ns=1791278380203330719 workflow=CT_SHARE run_id=15 node=U2 source=TM1 destination=TM
event=receive timestamp_ns=1791278381770711831 workflow=CT_SHARE run_id=16 node=U2 source=TM1 destination=TM
event=receive timestamp_ns=1791278383306765138 workflow=CT_SHARE run_id=17 node=U2 source=TM1 destination=TM
event=receive timestamp_ns=1791278384842906874 workflow=CT_SHARE run_id=18 node=U2 source=TM1 destination=TM
event=receive timestamp_ns=1791278386475406554 workflow=CT_SHARE run_id=19 node=U2 source=TM1 destination=TM
event=receive timestamp_ns=1791278387978744056 workflow=CT_SHARE run_id=20 node=U2 source=TM1 destination=TM
event=receive timestamp_ns=1791278389610521495 workflow=CT_SHARE run_id=21 node=U2 source=TM1 destination=TM
event=receive timestamp_ns=1791278391114610824 workflow=CT_SHARE run_id=22 node=U2 source=TM1 destination=TM
event=receive timestamp_ns=1791278392714803237 workflow=CT_SHARE run_id=23 node=U2 source=TM1 destination=TM
event=receive timestamp_ns=1791278394282854919 workflow=CT_SHARE run_id=24 node=U2 source=TM1 destination=TM
event=receive timestamp_ns=1791278395850551682 workflow=CT_SHARE run_id=25 node=U2 source=TM1 destination=TM
event=receive timestamp_ns=1791278397386829936 workflow=CT_SHARE run_id=26 node=U2 source=TM1 destination=TM
event=receive timestamp_ns=1791278398922730256 workflow=CT_SHARE run_id=27 node=U2 source=TM1 destination=TM
event=receive timestamp_ns=1791278400458688784 workflow=CT_SHARE run_id=28 node=U2 source=TM1 destination=TM
event=receive timestamp_ns=1791278401994989376 workflow=CT_SHARE run_id=29 node=U2 source=TM1 destination=TM
event=receive timestamp_ns=1791278403530544188 workflow=CT_SHARE run_id=30 node=U2 source=TM1 destination=TM
event=receive timestamp_ns=1791278405066518225 workflow=CT_SHARE run_id=31 node=U2 source=TM1 destination=TM
event=receive timestamp_ns=1791278406602523591 workflow=CT_SHARE run_id=32 node=U2 source=TM1 destination=TM
event=receive timestamp_ns=1791278408138486971 workflow=CT_SHARE run_id=33 node=U2 source=TM1 destination=TM
event=receive timestamp_ns=1791278409674579570 workflow=CT_SHARE run_id=34 node=U2 source=TM1 destination=TM
event=receive timestamp_ns=1791278411210719090 workflow=CT_SHARE run_id=35 node=U2 source=TM1 destination=TM
event=receive timestamp_ns=1791278413579152459 workflow=ARL_UPDATE run_id=1 node=U2 source=Authority destination=TM
event=receive timestamp_ns=1791278415118768725 workflow=ARL_UPDATE run_id=2 node=U2 source=Authority destination=TM
event=receive timestamp_ns=1791278416650518732 workflow=ARL_UPDATE run_id=3 node=U2 source=Authority destination=TM
event=receive timestamp_ns=1791278418186708028 workflow=ARL_UPDATE run_id=4 node=U2 source=Authority destination=TM
event=receive timestamp_ns=1791278419786645893 workflow=ARL_UPDATE run_id=5 node=U2 source=Authority destination=TM
event=receive timestamp_ns=1791278421322573492 workflow=ARL_UPDATE run_id=6 node=U2 source=Authority destination=TM
event=receive timestamp_ns=1791278422922904180 workflow=ARL_UPDATE run_id=7 node=U2 source=Authority destination=TM
event=receive timestamp_ns=1791278424458864849 workflow=ARL_UPDATE run_id=8 node=U2 source=Authority destination=TM
event=receive timestamp_ns=1791278425994913343 workflow=ARL_UPDATE run_id=9 node=U2 source=Authority destination=TM
event=receive timestamp_ns=1791278427530882731 workflow=ARL_UPDATE run_id=10 node=U2 source=Authority destination=TM
event=receive timestamp_ns=1791278429130665113 workflow=ARL_UPDATE run_id=11 node=U2 source=Authority destination=TM
event=receive timestamp_ns=1791278430667065041 workflow=ARL_UPDATE run_id=12 node=U2 source=Authority destination=TM
event=receive timestamp_ns=1791278432202769564 workflow=ARL_UPDATE run_id=13 node=U2 source=Authority destination=TM
event=receive timestamp_ns=1791278433770751185 workflow=ARL_UPDATE run_id=14 node=U2 source=Authority destination=TM
event=receive timestamp_ns=1791278435274735410 workflow=ARL_UPDATE run_id=15 node=U2 source=Authority destination=TM
event=receive timestamp_ns=1791278436810698570 workflow=ARL_UPDATE run_id=16 node=U2 source=Authority destination=TM
event=receive timestamp_ns=1791278438346632623 workflow=ARL_UPDATE run_id=17 node=U2 source=Authority destination=TM
event=receive timestamp_ns=1791278439882911565 workflow=ARL_UPDATE run_id=18 node=U2 source=Authority destination=TM
event=receive timestamp_ns=1791278441450882138 workflow=ARL_UPDATE run_id=19 node=U2 source=Authority destination=TM
event=receive timestamp_ns=1791278442954489762 workflow=ARL_UPDATE run_id=20 node=U2 source=Authority destination=TM
event=receive timestamp_ns=1791278444490699381 workflow=ARL_UPDATE run_id=21 node=U2 source=Authority destination=TM
event=receive timestamp_ns=1791278446090533197 workflow=ARL_UPDATE run_id=22 node=U2 source=Authority destination=TM
event=receive timestamp_ns=1791278447723029114 workflow=ARL_UPDATE run_id=23 node=U2 source=Authority destination=TM
event=receive timestamp_ns=1791278449226828014 workflow=ARL_UPDATE run_id=24 node=U2 source=Authority destination=TM
event=receive timestamp_ns=1791278450794781846 workflow=ARL_UPDATE run_id=25 node=U2 source=Authority destination=TM
event=receive timestamp_ns=1791278452298891863 workflow=ARL_UPDATE run_id=26 node=U2 source=Authority destination=TM
event=receive timestamp_ns=1791278453834501496 workflow=ARL_UPDATE run_id=27 node=U2 source=Authority destination=TM
event=receive timestamp_ns=1791278455370779617 workflow=ARL_UPDATE run_id=28 node=U2 source=Authority destination=TM
event=receive timestamp_ns=1791278456906937939 workflow=ARL_UPDATE run_id=29 node=U2 source=Authority destination=TM
event=receive timestamp_ns=1791278458474729481 workflow=ARL_UPDATE run_id=30 node=U2 source=Authority destination=TM
event=receive timestamp_ns=1791278460010729816 workflow=ARL_UPDATE run_id=31 node=U2 source=Authority destination=TM
event=receive timestamp_ns=1791278461546919354 workflow=ARL_UPDATE run_id=32 node=U2 source=Authority destination=TM
event=receive timestamp_ns=1791278463082730192 workflow=ARL_UPDATE run_id=33 node=U2 source=Authority destination=TM
event=receive timestamp_ns=1791278464618627472 workflow=ARL_UPDATE run_id=34 node=U2 source=Authority destination=TM
event=receive timestamp_ns=1791278466154908165 workflow=ARL_UPDATE run_id=35 node=U2 source=Authority destination=TM
event=receive timestamp_ns=1791278467722659561 workflow=ARL_UPDATE run_id=36 node=U2 source=Authority destination=TM
event=receive timestamp_ns=1791278469226815743 workflow=ARL_UPDATE run_id=37 node=U2 source=Authority destination=TM
event=receive timestamp_ns=1791278470826899165 workflow=ARL_UPDATE run_id=38 node=U2 source=Authority destination=TM
event=receive timestamp_ns=1791278472362478108 workflow=ARL_UPDATE run_id=39 node=U2 source=Authority destination=TM
event=receive timestamp_ns=1791278473899025764 workflow=ARL_UPDATE run_id=40 node=U2 source=Authority destination=TM
event=receive timestamp_ns=1791278475434921180 workflow=ARL_UPDATE run_id=41 node=U2 source=Authority destination=TM
event=receive timestamp_ns=1791278476970728420 workflow=ARL_UPDATE run_id=42 node=U2 source=Authority destination=TM
event=receive timestamp_ns=1791278478507016494 workflow=ARL_UPDATE run_id=43 node=U2 source=Authority destination=TM
event=receive timestamp_ns=1791278480042764568 workflow=ARL_UPDATE run_id=44 node=U2 source=Authority destination=TM
event=receive timestamp_ns=1791278481578647633 workflow=ARL_UPDATE run_id=45 node=U2 source=Authority destination=TM
event=receive timestamp_ns=1791278483114606792 workflow=ARL_UPDATE run_id=46 node=U2 source=Authority destination=TM
event=receive timestamp_ns=1791278484650860857 workflow=ARL_UPDATE run_id=47 node=U2 source=Authority destination=TM
event=receive timestamp_ns=1791278486186663826 workflow=ARL_UPDATE run_id=48 node=U2 source=Authority destination=TM
event=receive timestamp_ns=1791278487722749184 workflow=ARL_UPDATE run_id=49 node=U2 source=Authority destination=TM
event=receive timestamp_ns=1791278489258825303 workflow=ARL_UPDATE run_id=50 node=U2 source=Authority destination=TM
event=receive timestamp_ns=1791278490794736741 workflow=ARL_UPDATE run_id=51 node=U2 source=Authority destination=TM
event=receive timestamp_ns=1791278492330784751 workflow=ARL_UPDATE run_id=52 node=U2 source=Authority destination=TM
event=receive timestamp_ns=1791278493866554975 workflow=ARL_UPDATE run_id=53 node=U2 source=Authority destination=TM
event=receive timestamp_ns=1791278495402514514 workflow=ARL_UPDATE run_id=54 node=U2 source=Authority destination=TM
event=receive timestamp_ns=1791278496970779148 workflow=ARL_UPDATE run_id=55 node=U2 source=Authority destination=TM
event=receive timestamp_ns=1791278498474488542 workflow=ARL_UPDATE run_id=56 node=U2 source=Authority destination=TM
event=receive timestamp_ns=1791278500011025596 workflow=ARL_UPDATE run_id=57 node=U2 source=Authority destination=TM
event=receive timestamp_ns=1791278501546500071 workflow=ARL_UPDATE run_id=58 node=U2 source=Authority destination=TM
event=receive timestamp_ns=1791278503082766176 workflow=ARL_UPDATE run_id=59 node=U2 source=Authority destination=TM
event=receive timestamp_ns=1791278504622861914 workflow=ARL_UPDATE run_id=60 node=U2 source=Authority destination=TM
event=receive timestamp_ns=1791278506155053934 workflow=ARL_UPDATE run_id=61 node=U2 source=Authority destination=TM
event=receive timestamp_ns=1791278507690836127 workflow=ARL_UPDATE run_id=62 node=U2 source=Authority destination=TM
event=receive timestamp_ns=1791278509227047324 workflow=ARL_UPDATE run_id=63 node=U2 source=Authority destination=TM
event=receive timestamp_ns=1791278510762712929 workflow=ARL_UPDATE run_id=64 node=U2 source=Authority destination=TM
event=receive timestamp_ns=1791278512298683651 workflow=ARL_UPDATE run_id=65 node=U2 source=Authority destination=TM
event=receive timestamp_ns=1791278513834607312 workflow=ARL_UPDATE run_id=66 node=U2 source=Authority destination=TM
event=receive timestamp_ns=1791278515370748655 workflow=ARL_UPDATE run_id=67 node=U2 source=Authority destination=TM
event=receive timestamp_ns=1791278516970516705 workflow=ARL_UPDATE run_id=68 node=U2 source=Authority destination=TM
event=receive timestamp_ns=1791278518506580729 workflow=ARL_UPDATE run_id=69 node=U2 source=Authority destination=TM
event=receive timestamp_ns=1791278520106688780 workflow=ARL_UPDATE run_id=70 node=U2 source=Authority destination=TM
event=receive timestamp_ns=1791278522478557387 workflow=KEY_REQUEST run_id=bench_h1_key_w1 node=U2 source=TM1 destination=TM
event=receive timestamp_ns=1791278526442520915 workflow=KEY_REQUEST run_id=bench_h1_key_w2 node=U2 source=TM1 destination=TM
event=receive timestamp_ns=1791278528074822633 workflow=KEY_REQUEST run_id=bench_h1_key_w3 node=U2 source=TM1 destination=TM
event=receive timestamp_ns=1791278530922531329 workflow=KEY_REQUEST run_id=bench_h1_key_w4 node=U2 source=TM1 destination=TM
event=receive timestamp_ns=1791278535018561860 workflow=KEY_REQUEST run_id=bench_h1_key_w5 node=U2 source=TM1 destination=TM
event=receive timestamp_ns=1791278537738545852 workflow=KEY_REQUEST run_id=bench_h1_key_001 node=U2 source=TM1 destination=TM
event=receive timestamp_ns=1791278540586618412 workflow=KEY_REQUEST run_id=bench_h1_key_002 node=U2 source=TM1 destination=TM
event=receive timestamp_ns=1791278544650768972 workflow=KEY_REQUEST run_id=bench_h1_key_003 node=U2 source=TM1 destination=TM
event=receive timestamp_ns=1791278546283131197 workflow=KEY_REQUEST run_id=bench_h1_key_004 node=U2 source=TM1 destination=TM
event=receive timestamp_ns=1791278550218705170 workflow=KEY_REQUEST run_id=bench_h1_key_005 node=U2 source=TM1 destination=TM
event=receive timestamp_ns=1791278553770859175 workflow=KEY_REQUEST run_id=bench_h1_key_006 node=U2 source=TM1 destination=TM
event=receive timestamp_ns=1791278555407054608 workflow=KEY_REQUEST run_id=bench_h1_key_007 node=U2 source=TM1 destination=TM
event=receive timestamp_ns=1791278559338405646 workflow=KEY_REQUEST run_id=bench_h1_key_008 node=U2 source=TM1 destination=TM
event=receive timestamp_ns=1791278562890450838 workflow=KEY_REQUEST run_id=bench_h1_key_009 node=U2 source=TM1 destination=TM
event=receive timestamp_ns=1791278564522555378 workflow=KEY_REQUEST run_id=bench_h1_key_010 node=U2 source=TM1 destination=TM
event=receive timestamp_ns=1791278568586600696 workflow=KEY_REQUEST run_id=bench_h1_key_011 node=U2 source=TM1 destination=TM
event=receive timestamp_ns=1791278570218380159 workflow=KEY_REQUEST run_id=bench_h1_key_012 node=U2 source=TM1 destination=TM
event=receive timestamp_ns=1791278574282553977 workflow=KEY_REQUEST run_id=bench_h1_key_013 node=U2 source=TM1 destination=TM
event=receive timestamp_ns=1791278577674371905 workflow=KEY_REQUEST run_id=bench_h1_key_014 node=U2 source=TM1 destination=TM
event=receive timestamp_ns=1791278579306995996 workflow=KEY_REQUEST run_id=bench_h1_key_015 node=U2 source=TM1 destination=TM
event=receive timestamp_ns=1791278583210986436 workflow=KEY_REQUEST run_id=bench_h1_key_016 node=U2 source=TM1 destination=TM
event=receive timestamp_ns=1791278586698675622 workflow=KEY_REQUEST run_id=bench_h1_key_017 node=U2 source=TM1 destination=TM
event=receive timestamp_ns=1791278589514665180 workflow=KEY_REQUEST run_id=bench_h1_key_018 node=U2 source=TM1 destination=TM
event=receive timestamp_ns=1791278592362484208 workflow=KEY_REQUEST run_id=bench_h1_key_019 node=U2 source=TM1 destination=TM
event=receive timestamp_ns=1791278596426886853 workflow=KEY_REQUEST run_id=bench_h1_key_020 node=U2 source=TM1 destination=TM
event=receive timestamp_ns=1791278599083060348 workflow=KEY_REQUEST run_id=bench_h1_key_021 node=U2 source=TM1 destination=TM
event=receive timestamp_ns=1791278602574467890 workflow=KEY_REQUEST run_id=bench_h1_key_022 node=U2 source=TM1 destination=TM
event=receive timestamp_ns=1791278605578721172 workflow=KEY_REQUEST run_id=bench_h1_key_023 node=U2 source=TM1 destination=TM
event=receive timestamp_ns=1791278609610671173 workflow=KEY_REQUEST run_id=bench_h1_key_024 node=U2 source=TM1 destination=TM
event=receive timestamp_ns=1791278611246648989 workflow=KEY_REQUEST run_id=bench_h1_key_025 node=U2 source=TM1 destination=TM
event=receive timestamp_ns=1791278616171040660 workflow=KEY_REQUEST run_id=bench_h1_key_026 node=U2 source=TM1 destination=TM
event=receive timestamp_ns=1791278619662487674 workflow=KEY_REQUEST run_id=bench_h1_key_027 node=U2 source=TM1 destination=TM
event=receive timestamp_ns=1791278623662658394 workflow=KEY_REQUEST run_id=bench_h1_key_028 node=U2 source=TM1 destination=TM
event=receive timestamp_ns=1791278626410689728 workflow=KEY_REQUEST run_id=bench_h1_key_029 node=U2 source=TM1 destination=TM
event=receive timestamp_ns=1791278632046436745 workflow=KEY_REQUEST run_id=bench_h1_key_030 node=U2 source=TM1 destination=TM
