event=receive timestamp_ns=1791278355146578713 workflow=KEY_REQUEST run_id=bench_h1_setup node=U3 source=TM1 destination=TM
event=receive timestamp_ns=1791278358634842770 workflow=CT_SHARE run_id=1 node=U3 source=TM1 destination=TM
event=receive timestamp_ns=1791278360170708408 workflow=CT_SHARE run_id=2 node=U3 source=TM1 destination=TM
event=receive timestamp_ns=1791278361706692687 workflow=CT_SHARE run_id=3 node=U3 source=TM1 destination=TM
event=receive timestamp_ns=1791278363242878791 workflow=CT_SHARE run_id=4 node=U3 source=TM1 destination=TM
event=receive timestamp_ns=1791278364810818753 workflow=CT_SHARE run_id=5 node=U3 source=TM1 destination=TM
event=receive timestamp_ns=1791278366314731228 workflow=CT_SHARE run_id=6 node=U3 source=TM1 destination=TM
event=receive timestamp_ns=1791278367850861704 workflow=CT_SHARE run_id=7 node=U3 source=TM1 destination=TM
event=receive timestamp_ns=1791278369386518073 workflow=CT_SHARE run_id=8 node=U3 source=TM1 destination=TM
event=receive timestamp_ns=1791278370922464880 workflow=CT_SHARE run_id=9 node=U3 source=TM1 destination=TM
event=receive timestamp_ns=1791278372522501097 workflow=CT_SHARE run_id=10 node=U3 source=TM1 destination=TM
event=receive timestamp_ns=1791278374094869028 workflow=CT_SHARE run_id=11 node=U3 source=TM1 destination=TM
event=receive timestamp_ns=1791278375658661417 workflow=CT_SHARE run_id=12 node=U3 source=TM1 destination=TM
event=receive timestamp_ns=1791278377194658694 workflow=CT_SHARE run_id=13 node=U3 source=TM1 destination=TM
event=receive timestamp_ns=1791278378730497012 workflow=CT_SHARE run_id=14 node=U3 source=TM1 destination=TM
event=receive timestamp_ns=1791278380298819639 workflow=CT_SHARE run_id=15 node=U3 source=TM1 destination=TM
event=receive timestamp_ns=1791278381870632174 workflow=CT_SHARE run_id=16 node=U3 source=TM1 destination=TM
event=receive timestamp_ns=1791278383434690004 workflow=CT_SHARE run_id=17 node=U3 source=TM1 destination=TM
event=receive timestamp_ns=1791278384938494690 workflow=CT_SHARE run_id=18 node=U3 source=TM1 destination=TM
event=receive timestamp_ns=1791278386571250808 workflow=CT_SHARE run_id=19 node=U3 source=TM1 destination=TM
event=receive timestamp_ns=1791278388110751043 workflow=CT_SHARE run_id=20 node=U3 source=TM1 destination=TM
event=receive timestamp_ns=1791278389706643944 workflow=CT_SHARE run_id=21 node=U3 source=TM1 destination=TM
event=receive timestamp_ns=1791278391210487499 workflow=CT_SHARE run_id=22 node=U3 source=TM1 destination=TM
event=receive timestamp_ns=1791278392810701307 workflow=CT_SHARE run_id=23 node=U3 source=TM1 destination=TM
event=receive timestamp_ns=1791278394378731527 workflow=CT_SHARE run_id=24 node=U3 source=TM1 destination=TM
event=receive timestamp_ns=1791278395946557809 workflow=CT_SHARE run_id=25 node=U3 source=TM1 destination=TM
event=receive timestamp_ns=1791278397482704768 workflow=CT_SHARE run_id=26 node=U3 source=TM1 destination=TM
event=receive timestamp_ns=1791278399018669550 workflow=CT_SHARE run_id=27 node=U3 source=TM1 destination=TM
event=receive timestamp_ns=1791278400554519946 workflow=CT_SHARE run_id=28 node=U3 source=TM1 destination=TM
event=receive timestamp_ns=1791278402090645546 workflow=CT_SHARE run_id=29 node=U3 source=TM1 destination=TM
event=receive timestamp_ns=1791278403626635682 workflow=CT_SHARE run_id=30 node=U3 source=TM1 destination=TM
event=receive timestamp_ns=1791278405162398879 workflow=CT_SHARE run_id=31 node=U3 source=TM1 destination=TM
event=receive timestamp_ns=1791278406702411825 workflow=CT_SHARE run_id=32 node=U3 source=TM1 destination=TM
event=receive timestamp_ns=1791278408234402724 workflow=CT_SHARE run_id=33 node=U3 source=TM1 destination=TM
event=receive timestamp_ns=1791278409774771259 workflow=CT_SHARE run_id=34 node=U3 source=TM1 destination=TM
event=receive timestamp_ns=1791278411306825195 workflow=CT_SHARE run_id=35 node=U3 source=TM1 destination=TM
event=receive timestamp_ns=1791278413674627066 workflow=ARL_UPDATE run_id=1 node=U3 source=Authority destination=TM
event=receive timestamp_ns=1791278415210811927 workflow=ARL_UPDATE run_id=2 node=U3 source=Authority destination=TM
event=receive timestamp_ns=1791278416746602574 workflow=ARL_UPDATE run_id=3 node=U3 source=Authority destination=TM
event=receive timestamp_ns=1791278418282725509 workflow=ARL_UPDATE run_id=4 node=U3 source=Authority destination=TM
event=receive timestamp_ns=1791278419882609012 workflow=ARL_UPDATE run_id=5 node=U3 source=Authority destination=TM
event=receive timestamp_ns=1791278421418600757 workflow=ARL_UPDATE run_id=6 node=U3 source=Authority destination=TM
event=receive timestamp_ns=1791278423018833851 workflow=ARL_UPDATE run_id=7 node=U3 source=Authority destination=TM
event=receive timestamp_ns=1791278424554465717 workflow=ARL_UPDATE run_id=8 node=U3 source=Authority destination=TM
event=receive timestamp_ns=1791278426090909584 workflow=ARL_UPDATE run_id=9 node=U3 source=Authority destination=TM
event=receive timestamp_ns=1791278427626733216 workflow=ARL_UPDATE run_id=10 node=U3 source=Authority destination=TM
event=receive timestamp_ns=1791278429258484129 workflow=ARL_UPDATE run_id=11 node=U3 source=Authority destination=TM
event=receive timestamp_ns=1791278430762554917 workflow=ARL_UPDATE run_id=12 node=U3 source=Authority destination=TM
event=receive timestamp_ns=1791278432298761497 workflow=ARL_UPDATE run_id=13 node=U3 source=Authority destination=TM
event=receive timestamp_ns=1791278433867073562 workflow=ARL_UPDATE run_id=14 node=U3 source=Authority destination=TM
event=receive timestamp_ns=1791278435371006894 workflow=ARL_UPDATE run_id=15 node=U3 source=Authority destination=TM
event=receive timestamp_ns=1791278436906718925 workflow=ARL_UPDATE run_id=16 node=U3 source=Authority destination=TM
event=receive timestamp_ns=1791278438442605614 workflow=ARL_UPDATE run_id=17 node=U3 source=Authority destination=TM
event=receive timestamp_ns=1791278439978741096 workflow=ARL_UPDATE run_id=18 node=U3 source=Authority destination=TM
event=receive timestamp_ns=1791278441546763438 workflow=ARL_UPDATE run_id=19 node=U3 source=Authority destination=TM
event=receive timestamp_ns=1791278443050795918 workflow=ARL_UPDATE run_id=20 node=U3 source=Authority destination=TM
event=receive timestamp_ns=1791278444586753154 workflow=ARL_UPDATE run_id=21 node=U3 source=Authority destination=TM
event=receive timestamp_ns=1791278446186577836 workflow=ARL_UPDATE run_id=22 node=U3 source=Authority destination=TM
event=receive timestamp_ns=1791278447818594010 workflow=ARL_UPDATE run_id=23 node=U3 source=Authority destination=TM
event=receive timestamp_ns=1791278449322832062 workflow=ARL_UPDATE run_id=24 node=U3 source=Authority destination=TM
event=receive timestamp_ns=1791278450890820538 workflow=ARL_UPDATE run_id=25 node=U3 source=Authority destination=TM
event=receive timestamp_ns=1791278452394985809 workflow=ARL_UPDATE run_id=26 node=U3 source=Authority destination=TM
event=receive timestamp_ns=1791278453930986017 workflow=ARL_UPDATE run_id=27 node=U3 source=Authority destination=TM
event=receive timestamp_ns=1791278455466646482 workflow=ARL_UPDATE run_id=28 node=U3 source=Authority destination=TM
event=receive timestamp_ns=1791278457006695810 workflow=ARL_UPDATE run_id=29 node=U3 source=Authority destination=TM
event=receive timestamp_ns=1791278458570672534 workflow=ARL_UPDATE run_id=30 node=U3 source=Authority destination=TM
event=receive timestamp_ns=1791278460106712830 workflow=ARL_UPDATE run_id=31 node=U3 source=Authority destination=TM
event=receive timestamp_ns=1791278461646802990 workflow=ARL_UPDATE run_id=32 node=U3 source=Authority destination=TM
event=receive timestamp_ns=1791278463210899652 workflow=ARL_UPDATE run_id=33 node=U3 source=Authority destination=TM
event=receive timestamp_ns=1791278464718707109 workflow=ARL_UPDATE run_id=34 node=U3 source=Authority destination=TM
event=receive timestamp_ns=1791278466251061456 workflow=ARL_UPDATE run_id=35 node=U3 source=Authority destination=TM
event=receive timestamp_ns=1791278467819125417 workflow=ARL_UPDATE run_id=36 node=U3 source=Authority destination=TM
event=receive timestamp_ns=1791278469322762293 workflow=ARL_UPDATE run_id=37 node=U3 source=Authority destination=TM
event=receive timestamp_ns=1791278470923072042 workflow=ARL_UPDATE run_id=38 node=U3 source=Authority destination=TM
event=receive timestamp_ns=1791278472462442790 workflow=ARL_UPDATE run_id=39 node=U3 source=Authority destination=TM
event=receive timestamp_ns=1791278473998893232 workflow=ARL_UPDATE run_id=40 node=U3 source=Authority destination=TM
event=receive timestamp_ns=1791278475530753616 workflow=ARL_UPDATE run_id=41 node=U3 source=Authority destination=TM
event=receive timestamp_ns=1791278477066639849 workflow=ARL_UPDATE run_id=42 node=U3 source=Authority destination=TM
event=receive timestamp_ns=1791278478602526750 workflow=ARL_UPDATE run_id=43 node=U3 source=Authority destination=TM
event=receive timestamp_ns=1791278480138751292 workflow=ARL_UPDATE run_id=44 node=U3 source=Authority destination=TM
event=receive timestamp_ns=1791278481674769914 workflow=ARL_UPDATE run_id=45 node=U3 source=Authority destination=TM
event=receive timestamp_ns=1791278483210835078 workflow=ARL_UPDATE run_id=46 node=U3 source=Authority destination=TM
event=receive timestamp_ns=1791278484746697175 workflow=ARL_UPDATE run_id=47 node=U3 source=Authority destination=TM
event=receive timestamp_ns=1791278486282473678 workflow=ARL_UPDATE run_id=48 node=U3 source=Authority destination=TM
event=receive timestamp_ns=1791278487822530479 workflow=ARL_UPDATE run_id=49 node=U3 source=Authority destination=TM
event=receive timestamp_ns=1791278489354736542 workflow=ARL_UPDATE run_id=50 node=U3 source=Authority destination=TM
event=receive timestamp_ns=1791278490890543530 workflow=ARL_UPDATE run_id=51 node=U3 source=Authority destination=TM
event=receive timestamp_ns=1791278492426641380 workflow=ARL_UPDATE run_id=52 node=U3 source=Authority destination=TM
event=receive timestamp_ns=1791278493962572137 workflow=ARL_UPDATE run_id=53 node=U3 source=Authority destination=TM
event=receive timestamp_ns=1791278495498442849 workflow=ARL_UPDATE run_id=54 node=U3 source=Authority destination=TM
event=receive timestamp_ns=1791278497034723861 workflow=ARL_UPDATE run_id=55 node=U3 source=Authority destination=TM
event=receive timestamp_ns=1791278498574788983 workflow=ARL_UPDATE run_id=56 node=U3 source=Authority destination=TM
event=receive timestamp_ns=1791278500106804075 workflow=ARL_UPDATE run_id=57 node=U3 source=Authority destination=TM
event=receive timestamp_ns=1791278501642669882 workflow=ARL_UPDATE run_id=58 node=U3 source=Authority destination=TM
event=receive timestamp_ns=1791278503178605265 workflow=ARL_UPDATE run_id=59 node=U3 source=Authority destination=TM
event=receive timestamp_ns=1791278504714683052 workflow=ARL_UPDATE run_id=60 node=U3 source=Authority destination=TM
event=receive timestamp_ns=1791278506250365179 workflow=ARL_UPDATE run_id=61 node=U3 source=Authority destination=TM
event=receive timestamp_ns=1791278507786648617 workflow=ARL_UPDATE run_id=62 node=U3 source=Authority destination=TM
event=receive timestamp_ns=1791278509326623370 workflow=ARL_UPDATE run_id=63 node=U3 source=Authority destination=TM
event=receive timestamp_ns=1791278510862743499 workflow=ARL_UPDATE run_id=64 node=U3 source=Authority destination=TM
event=receive timestamp_ns=1791278512394815690 workflow=ARL_UPDATE run_id=65 node=U3 source=Authority destination=TM
event=receive timestamp_ns=1791278513930525154 workflow=ARL_UPDATE run_id=66 node=U3 source=Authority destination=TM
event=receive timestamp_ns=1791278515466782076 workflow=ARL_UPDATE run_id=67 node=U3 source=Authority destination=TM
event=receive timestamp_ns=1791278517034669215 workflow=ARL_UPDATE run_id=68 node=U3 source=Authority destination=TM
event=receive timestamp_ns=1791278518602866389 workflow=ARL_UPDATE run_id=69 node=U3 source=Authority destination=TM
event=receive timestamp_ns=1791278520202711131 workflow=ARL_UPDATE run_id=70 node=U3 source=Authority destination=TM
event=receive timestamp_ns=1791278522574411162 workflow=KEY_REQUEST run_id=bench_h1_key_w1 node=U3 source=TM1 destination=TM
event=receive timestamp_ns=1791278526538717009 workflow=KEY_REQUEST run_id=bench_h1_key_w2 node=U3 source=TM1 destination=TM
event=receive timestamp_ns=1791278528170738683 workflow=KEY_REQUEST run_id=bench_h1_key_w3 node=U3 source=TM1 destination=TM
event=receive timestamp_ns=1791278531022638942 workflow=KEY_REQUEST run_id=bench_h1_key_w4 node=U3 source=TM1 destination=TM
event=receive timestamp_ns=1791278535114628769 workflow=KEY_REQUEST run_id=bench_h1_key_w5 node=U3 source=TM1 destination=TM
event=receive timestamp_ns=1791278537834674394 workflow=KEY_REQUEST run_id=bench_h1_key_001 node=U3 source=TM1 destination=TM
event=receive timestamp_ns=1791278540682808259 workflow=KEY_REQUEST run_id=bench_h1_key_002 node=U3 source=TM1 destination=TM
event=receive timestamp_ns=1791278544714699311 workflow=KEY_REQUEST run_id=bench_h1_key_003 node=U3 source=TM1 destination=TM
event=receive timestamp_ns=1791278546954964077 workflow=KEY_REQUEST run_id=bench_h1_key_004 node=U3 source=TM1 destination=TM
event=receive timestamp_ns=1791278550378488320 workflow=KEY_REQUEST run_id=bench_h1_key_005 node=U3 source=TM1 destination=TM
event=receive timestamp_ns=1791278553866733742 workflow=KEY_REQUEST run_id=bench_h1_key_006 node=U3 source=TM1 destination=TM
event=receive timestamp_ns=1791278555498758973 workflow=KEY_REQUEST run_id=bench_h1_key_007 node=U3 source=TM1 destination=TM
event=receive timestamp_ns=1791278559434587642 workflow=KEY_REQUEST run_id=bench_h1_key_008 node=U3 source=TM1 destination=TM
event=receive timestamp_ns=1791278562986637084 workflow=KEY_REQUEST run_id=bench_h1_key_009 node=U3 source=TM1 destination=TM
event=receive timestamp_ns=1791278564618951542 workflow=KEY_REQUEST run_id=bench_h1_key_010 node=U3 source=TM1 destination=TM
event=receive timestamp_ns=1791278568682407570 workflow=KEY_REQUEST run_id=bench_h1_key_011 node=U3 source=TM1 destination=TM
event=receive timestamp_ns=1791278570318491138 workflow=KEY_REQUEST run_id=bench_h1_key_012 node=U3 source=TM1 destination=TM
event=receive timestamp_ns=1791278574378372395 workflow=KEY_REQUEST run_id=bench_h1_key_013 node=U3 source=TM1 destination=TM
event=receive timestamp_ns=1791278577770706730 workflow=KEY_REQUEST run_id=bench_h1_key_014 node=U3 source=TM1 destination=TM
event=receive timestamp_ns=1791278579402629575 workflow=KEY_REQUEST run_id=bench_h1_key_015 node=U3 source=TM1 destination=TM
event=receive timestamp_ns=1791278583374567585 workflow=KEY_REQUEST run_id=bench_h1_key_016 node=U3 source=TM1 destination=TM
event=receive timestamp_ns=1791278586794483997 workflow=KEY_REQUEST run_id=bench_h1_key_017 node=U3 source=TM1 destination=TM
event=receive timestamp_ns=1791278589610854641 workflow=KEY_REQUEST run_id=bench_h1_key_018 node=U3 source=TM1 destination=TM
event=receive timestamp_ns=1791278592458674257 workflow=KEY_REQUEST run_id=bench_h1_key_019 node=U3 source=TM1 destination=TM
event=receive timestamp_ns=1791278596522928094 workflow=KEY_REQUEST run_id=bench_h1_key_020 node=U3 source=TM1 destination=TM
event=receive timestamp_ns=1791278599178797255 workflow=KEY_REQUEST run_id=bench_h1_key_021 node=U3 source=TM1 destination=TM
event=receive timestamp_ns=1791278602666640158 workflow=KEY_REQUEST run_id=bench_h1_key_022 node=U3 source=TM1 destination=TM
event=receive timestamp_ns=1791278605674575693 workflow=KEY_REQUEST run_id=bench_h1_key_023 node=U3 source=TM1 destination=TM
event=receive timestamp_ns=1791278609166885757 workflow=KEY_REQUEST run_id=bench_h1_key_024 node=U3 source=TM1 destination=TM
event=receive timestamp_ns=1791278611851325943 workflow=KEY_REQUEST run_id=bench_h1_key_025 node=U3 source=TM1 destination=TM
event=receive timestamp_ns=1791278615754492240 workflow=KEY_REQUEST run_id=bench_h1_key_026 node=U3 source=TM1 destination=TM
event=receive timestamp_ns=1791278619658719417 workflow=KEY_REQUEST run_id=bench_h1_key_027 node=U3 source=TM1 destination=TM
event=receive timestamp_ns=1791278623754704411 workflow=KEY_REQUEST run_id=bench_h1_key_028 node=U3 source=TM1 destination=TM
event=receive timestamp_ns=1791278626475127313 workflow=KEY_REQUEST run_id=bench_h1_key_029 node=U3 source=TM1 destination=TM
event=receive timestamp_ns=1791278632138935710 workflow=KEY_REQUEST run_id=bench_h1_key_030 node=U3 source=TM1 destination=TM
