event=receive timestamp_ns=1791278355242727766 workflow=KEY_REQUEST run_id=bench_h1_setup node=U4 source=TM1 destination=TM
event=receive timestamp_ns=1791278358730661778 workflow=CT_SHARE run_id=1 node=U4 source=TM1 destination=TM
event=receive timestamp_ns=1791278360266835524 workflow=CT_SHARE run_id=2 node=U4 source=TM1 destination=TM
event=receive timestamp_ns=1791278361834401467 workflow=CT_SHARE run_id=3 node=U4 source=TM1 destination=TM
event=receive timestamp_ns=1791278363338629098 workflow=CT_SHARE run_id=4 node=U4 source=TM1 destination=TM
event=receive timestamp_ns=1791278364906367501 workflow=CT_SHARE run_id=5 node=U4 source=TM1 destination=TM
event=receive timestamp_ns=1791278366410495146 workflow=CT_SHARE run_id=6 node=U4 source=TM1 destination=TM
event=receive timestamp_ns=1791278367946695214 workflow=CT_SHARE run_id=7 node=U4 source=TM1 destination=TM
event=receive timestamp_ns=1791278369486444345 workflow=CT_SHARE run_id=8 node=U4 source=TM1 destination=TM
event=receive timestamp_ns=1791278371018685815 workflow=CT_SHARE run_id=9 node=U4 source=TM1 destination=TM
event=receive timestamp_ns=1791278372622440634 workflow=CT_SHARE run_id=10 node=U4 source=TM1 destination=TM
event=receive timestamp_ns=1791278374186792385 workflow=CT_SHARE run_id=11 node=U4 source=TM1 destination=TM
event=receive timestamp_ns=1791278375754903805 workflow=CT_SHARE run_id=12 node=U4 source=TM1 destination=TM
event=receive timestamp_ns=1791278377290618508 workflow=CT_SHARE run_id=13 node=U4 source=TM1 destination=TM
event=receive timestamp_ns=1791278378826533435 workflow=CT_SHARE run_id=14 node=U4 source=TM1 destination=TM
event=receive timestamp_ns=1791278380394741582 workflow=CT_SHARE run_id=15 node=U4 source=TM1 destination=TM
event=receive timestamp_ns=1791278381962421379 workflow=CT_SHARE run_id=16 node=U4 source=TM1 destination=TM
event=receive timestamp_ns=1791278383498737700 workflow=CT_SHARE run_id=17 node=U4 source=TM1 destination=TM
event=receive timestamp_ns=1791278385034888987 workflow=CT_SHARE run_id=18 node=U4 source=TM1 destination=TM
event=receive timestamp_ns=1791278386666733111 workflow=CT_SHARE run_id=19 node=U4 source=TM1 destination=TM
event=receive timestamp_ns=1791278388202994434 workflow=CT_SHARE run_id=20 node=U4 source=TM1 destination=TM
event=receive timestamp_ns=1791278389802792671 workflow=CT_SHARE run_id=21 node=U4 source=TM1 destination=TM
event=receive timestamp_ns=1791278391306878071 workflow=CT_SHARE run_id=22 node=U4 source=TM1 destination=TM
event=receive timestamp_ns=1791278392906556423 workflow=CT_SHARE run_id=23 node=U4 source=TM1 destination=TM
event=receive timestamp_ns=1791278394442609332 workflow=CT_SHARE run_id=24 node=U4 source=TM1 destination=TM
event=receive timestamp_ns=1791278396042612275 workflow=CT_SHARE run_id=25 node=U4 source=TM1 destination=TM
event=receive timestamp_ns=1791278397578664533 workflow=CT_SHARE run_id=26 node=U4 source=TM1 destination=TM
event=receive timestamp_ns=1791278399114669924 workflow=CT_SHARE run_id=27 node=U4 source=TM1 destination=TM
event=receive timestamp_ns=1791278400650707459 workflow=CT_SHARE run_id=28 node=U4 source=TM1 destination=TM
event=receive timestamp_ns=1791278402190718503 workflow=CT_SHARE run_id=29 node=U4 source=TM1 destination=TM
event=receive timestamp_ns=1791278403722490566 workflow=CT_SHARE run_id=30 node=U4 source=TM1 destination=TM
event=receive timestamp_ns=1791278405258377865 workflow=CT_SHARE run_id=31 node=U4 source=TM1 destination=TM
event=receive timestamp_ns=1791278406794443797 workflow=CT_SHARE run_id=32 node=U4 source=TM1 destination=TM
event=receive timestamp_ns=1791278408330911996 workflow=CT_SHARE run_id=33 node=U4 source=TM1 destination=TM
event=receive timestamp_ns=1791278409866831142 workflow=CT_SHARE run_id=34 node=U4 source=TM1 destination=TM
event=receive timestamp_ns=1791278411402738606 workflow=CT_SHARE run_id=35 node=U4 source=TM1 destination=TM
event=receive timestamp_ns=1791278413770821115 workflow=ARL_UPDATE run_id=1 node=U4 source=Authority destination=TM
event=receive timestamp_ns=1791278415306790503 workflow=ARL_UPDATE run_id=2 node=U4 source=Authority destination=TM
event=receive timestamp_ns=1791278416842856828 workflow=ARL_UPDATE run_id=3 node=U4 source=Authority destination=TM
event=receive timestamp_ns=1791278418378810318 workflow=ARL_UPDATE run_id=4 node=U4 source=Authority destination=TM
event=receive timestamp_ns=1791278419978617702 workflow=ARL_UPDATE run_id=5 node=U4 source=Authority destination=TM
event=receive timestamp_ns=1791278421518540798 workflow=ARL_UPDATE run_id=6 node=U4 source=Authority destination=TM
event=receive timestamp_ns=1791278423114620476 workflow=ARL_UPDATE run_id=7 node=U4 source=Authority destination=TM
event=receive timestamp_ns=1791278424650701014 workflow=ARL_UPDATE run_id=8 node=U4 source=Authority destination=TM
event=receive timestamp_ns=1791278426186635213 workflow=ARL_UPDATE run_id=9 node=U4 source=Authority destination=TM
event=receive timestamp_ns=1791278427722721667 workflow=ARL_UPDATE run_id=10 node=U4 source=Authority destination=TM
event=receive timestamp_ns=1791278429354931743 workflow=ARL_UPDATE run_id=11 node=U4 source=Authority destination=TM
event=receive timestamp_ns=1791278430858870521 workflow=ARL_UPDATE run_id=12 node=U4 source=Authority destination=TM
event=receive timestamp_ns=1791278432394757455 workflow=ARL_UPDATE run_id=13 node=U4 source=Authority destination=TM
event=receive timestamp_ns=1791278433962779152 workflow=ARL_UPDATE run_id=14 node=U4 source=Authority destination=TM
event=receive timestamp_ns=1791278435466878633 workflow=ARL_UPDATE run_id=15 node=U4 source=Authority destination=TM
event=receive timestamp_ns=1791278437002825590 workflow=ARL_UPDATE run_id=16 node=U4 source=Authority destination=TM
event=receive timestamp_ns=1791278438538526406 workflow=ARL_UPDATE run_id=17 node=U4 source=Authority destination=TM
event=receive timestamp_ns=1791278440074685553 workflow=ARL_UPDATE run_id=18 node=U4 source=Authority destination=TM
event=receive timestamp_ns=1791278441642722691 workflow=ARL_UPDATE run_id=19 node=U4 source=Authority destination=TM
event=receive timestamp_ns=1791278443114530562 workflow=ARL_UPDATE run_id=20 node=U4 source=Authority destination=TM
event=receive timestamp_ns=1791278444682628142 workflow=ARL_UPDATE run_id=21 node=U4 source=Authority destination=TM
event=receive timestamp_ns=1791278446282550451 workflow=ARL_UPDATE run_id=22 node=U4 source=Authority destination=TM
event=receive timestamp_ns=1791278447914587560 workflow=ARL_UPDATE run_id=23 node=U4 source=Authority destination=TM
event=receive timestamp_ns=1791278449418931845 workflow=ARL_UPDATE run_id=24 node=U4 source=Authority destination=TM
event=receive timestamp_ns=1791278450986735549 workflow=ARL_UPDATE run_id=25 node=U4 source=Authority destination=TM
event=receive timestamp_ns=1791278452491448136 workflow=ARL_UPDATE run_id=26 node=U4 source=Authority destination=TM
event=receive timestamp_ns=1791278454027026811 workflow=ARL_UPDATE run_id=27 node=U4 source=Authority destination=TM
event=receive timestamp_ns=1791278455563649914 workflow=ARL_UPDATE run_id=28 node=U4 source=Authority destination=TM
event=receive timestamp_ns=1791278457130875199 workflow=ARL_UPDATE run_id=29 node=U4 source=Authority destination=TM
event=receive timestamp_ns=1791278458666751221 workflow=ARL_UPDATE run_id=30 node=U4 source=Authority destination=TM
event=receive timestamp_ns=1791278460202676521 workflow=ARL_UPDATE run_id=31 node=U4 source=Authority destination=TM
event=receive timestamp_ns=1791278461738852037 workflow=ARL_UPDATE run_id=32 node=U4 source=Authority destination=TM
event=receive timestamp_ns=1791278463306610546 workflow=ARL_UPDATE run_id=33 node=U4 source=Authority destination=TM
event=receive timestamp_ns=1791278464810702361 workflow=ARL_UPDATE run_id=34 node=U4 source=Authority destination=TM
event=receive timestamp_ns=1791278466346980567 workflow=ARL_UPDATE run_id=35 node=U4 source=Authority destination=TM
event=receive timestamp_ns=1791278467914984473 workflow=ARL_UPDATE run_id=36 node=U4 source=Authority destination=TM
event=receive timestamp_ns=1791278469419033063 workflow=ARL_UPDATE run_id=37 node=U4 source=Authority destination=TM
event=receive timestamp_ns=1791278471018914545 workflow=ARL_UPDATE run_id=38 node=U4 source=Authority destination=TM
event=receive timestamp_ns=1791278472554897519 workflow=ARL_UPDATE run_id=39 node=U4 source=Authority destination=TM
event=receive timestamp_ns=1791278474090669867 workflow=ARL_UPDATE run_id=40 node=U4 source=Authority destination=TM
event=receive timestamp_ns=1791278475626875868 workflow=ARL_UPDATE run_id=41 node=U4 source=Authority destination=TM
event=receive timestamp_ns=1791278477162429405 workflow=ARL_UPDATE run_id=42 node=U4 source=Authority destination=TM
event=receive timestamp_ns=1791278478698878577 workflow=ARL_UPDATE run_id=43 node=U4 source=Authority destination=TM
event=receive timestamp_ns=1791278480234874539 workflow=ARL_UPDATE run_id=44 node=U4 source=Authority destination=TM
event=receive timestamp_ns=1791278481770851014 workflow=ARL_UPDATE run_id=45 node=U4 source=Authority destination=TM
event=receive timestamp_ns=1791278483307035843 workflow=ARL_UPDATE run_id=46 node=U4 source=Authority destination=TM
event=receive timestamp_ns=1791278484842635910 workflow=ARL_UPDATE run_id=47 node=U4 source=Authority destination=TM
event=receive timestamp_ns=1791278486378769641 workflow=ARL_UPDATE run_id=48 node=U4 source=Authority destination=TM
event=receive timestamp_ns=1791278487914524960 workflow=ARL_UPDATE run_id=49 node=U4 source=Authority destination=TM
event=receive timestamp_ns=1791278489450931025 workflow=ARL_UPDATE run_id=50 node=U4 source=Authority destination=TM
event=receive timestamp_ns=1791278490986687323 workflow=ARL_UPDATE run_id=51 node=U4 source=Authority destination=TM
event=receive timestamp_ns=1791278492522677628 workflow=ARL_UPDATE run_id=52 node=U4 source=Authority destination=TM
event=receive timestamp_ns=1791278494058505276 workflow=ARL_UPDATE run_id=53 node=U4 source=Authority destination=TM
event=receive timestamp_ns=1791278495595028008 workflow=ARL_UPDATE run_id=54 node=U4 source=Authority destination=TM
event=receive timestamp_ns=1791278497130985727 workflow=ARL_UPDATE run_id=55 node=U4 source=Authority destination=TM
event=receive timestamp_ns=1791278498666692146 workflow=ARL_UPDATE run_id=56 node=U4 source=Authority destination=TM
event=receive timestamp_ns=1791278500202800877 workflow=ARL_UPDATE run_id=57 node=U4 source=Authority destination=TM
event=receive timestamp_ns=1791278501738896499 workflow=ARL_UPDATE run_id=58 node=U4 source=Authority destination=TM
event=receive timestamp_ns=1791278503274648032 workflow=ARL_UPDATE run_id=59 node=U4 source=Authority destination=TM
event=receive timestamp_ns=1791278504810813628 workflow=ARL_UPDATE run_id=60 node=U4 source=Authority destination=TM
event=receive timestamp_ns=1791278506314799196 workflow=ARL_UPDATE run_id=61 node=U4 source=Authority destination=TM
event=receive timestamp_ns=1791278507882650126 workflow=ARL_UPDATE run_id=62 node=U4 source=Authority destination=TM
event=receive timestamp_ns=1791278509418927754 workflow=ARL_UPDATE run_id=63 node=U4 source=Authority destination=TM
event=receive timestamp_ns=1791278510954911541 workflow=ARL_UPDATE run_id=64 node=U4 source=Authority destination=TM
event=receive timestamp_ns=1791278512490729520 workflow=ARL_UPDATE run_id=65 node=U4 source=Authority destination=TM
event=receive timestamp_ns=1791278514026537668 workflow=ARL_UPDATE run_id=66 node=U4 source=Authority destination=TM
event=receive timestamp_ns=1791278515562832099 workflow=ARL_UPDATE run_id=67 node=U4 source=Authority destination=TM
event=receive timestamp_ns=1791278517130570573 workflow=ARL_UPDATE run_id=68 node=U4 source=Authority destination=TM
event=receive timestamp_ns=1791278518698572542 workflow=ARL_UPDATE run_id=69 node=U4 source=Authority destination=TM
event=receive timestamp_ns=1791278520302851721 workflow=ARL_UPDATE run_id=70 node=U4 source=Authority destination=TM
event=receive timestamp_ns=1791278521962823910 workflow=KEY_REQUEST run_id=bench_h1_key_w1 node=U4 source=TM1 destination=TM
event=receive timestamp_ns=1791278526602936140 workflow=KEY_REQUEST run_id=bench_h1_key_w2 node=U4 source=TM1 destination=TM
event=receive timestamp_ns=1791278528846730155 workflow=KEY_REQUEST run_id=bench_h1_key_w3 node=U4 source=TM1 destination=TM
event=receive timestamp_ns=1791278532330876359 workflow=KEY_REQUEST run_id=bench_h1_key_w4 node=U4 source=TM1 destination=TM
event=receive timestamp_ns=1791278535210465066 workflow=KEY_REQUEST run_id=bench_h1_key_w5 node=U4 source=TM1 destination=TM
event=receive timestamp_ns=1791278537930390255 workflow=KEY_REQUEST run_id=bench_h1_key_001 node=U4 source=TM1 destination=TM
event=receive timestamp_ns=1791278540778653483 workflow=KEY_REQUEST run_id=bench_h1_key_002 node=U4 source=TM1 destination=TM
event=receive timestamp_ns=1791278543626498636 workflow=KEY_REQUEST run_id=bench_h1_key_003 node=U4 source=TM1 destination=TM
event=receive timestamp_ns=1791278546474970276 workflow=KEY_REQUEST run_id=bench_h1_key_004 node=U4 source=TM1 destination=TM
event=receive timestamp_ns=1791278550414508458 workflow=KEY_REQUEST run_id=bench_h1_key_005 node=U4 source=TM1 destination=TM
event=receive timestamp_ns=1791278553930661024 workflow=KEY_REQUEST run_id=bench_h1_key_006 node=U4 source=TM1 destination=TM
event=receive timestamp_ns=1791278556202872691 workflow=KEY_REQUEST run_id=bench_h1_key_007 node=U4 source=TM1 destination=TM
event=receive timestamp_ns=1791278559599188390 workflow=KEY_REQUEST run_id=bench_h1_key_008 node=U4 source=TM1 destination=TM
event=receive timestamp_ns=1791278563082676144 workflow=KEY_REQUEST run_id=bench_h1_key_009 node=U4 source=TM1 destination=TM
event=receive timestamp_ns=1791278564714567704 workflow=KEY_REQUEST run_id=bench_h1_key_010 node=U4 source=TM1 destination=TM
event=receive timestamp_ns=1791278567562701953 workflow=KEY_REQUEST run_id=bench_h1_key_011 node=U4 source=TM1 destination=TM
event=receive timestamp_ns=1791278570410495510 workflow=KEY_REQUEST run_id=bench_h1_key_012 node=U4 source=TM1 destination=TM
event=receive timestamp_ns=1791278573930425005 workflow=KEY_REQUEST run_id=bench_h1_key_013 node=U4 source=TM1 destination=TM
event=receive timestamp_ns=1791278576654470743 workflow=KEY_REQUEST run_id=bench_h1_key_014 node=U4 source=TM1 destination=TM
event=receive timestamp_ns=1791278579502671394 workflow=KEY_REQUEST run_id=bench_h1_key_015 node=U4 source=TM1 destination=TM
event=receive timestamp_ns=1791278583466866599 workflow=KEY_REQUEST run_id=bench_h1_key_016 node=U4 source=TM1 destination=TM
event=receive timestamp_ns=1791278586890488606 workflow=KEY_REQUEST run_id=bench_h1_key_017 node=U4 source=TM1 destination=TM
event=receive timestamp_ns=1791278589706893355 workflow=KEY_REQUEST run_id=bench_h1_key_018 node=U4 source=TM1 destination=TM
event=receive timestamp_ns=1791278592522693875 workflow=KEY_REQUEST run_id=bench_h1_key_019 node=U4 source=TM1 destination=TM
event=receive timestamp_ns=1791278596618919225 workflow=KEY_REQUEST run_id=bench_h1_key_020 node=U4 source=TM1 destination=TM
event=receive timestamp_ns=1791278599306805750 workflow=KEY_REQUEST run_id=bench_h1_key_021 node=U4 source=TM1 destination=TM
event=receive timestamp_ns=1791278602187011057 workflow=KEY_REQUEST run_id=bench_h1_key_022 node=U4 source=TM1 destination=TM
event=receive timestamp_ns=1791278605774634881 workflow=KEY_REQUEST run_id=bench_h1_key_023 node=U4 source=TM1 destination=TM
event=receive timestamp_ns=1791278609258547761 workflow=KEY_REQUEST run_id=bench_h1_key_024 node=U4 source=TM1 destination=TM
event=receive timestamp_ns=1791278611950819567 workflow=KEY_REQUEST run_id=bench_h1_key_025 node=U4 source=TM1 destination=TM
event=receive timestamp_ns=1791278615850614852 workflow=KEY_REQUEST run_id=bench_h1_key_026 node=U4 source=TM1 destination=TM
event=receive timestamp_ns=1791278619754810664 workflow=KEY_REQUEST run_id=bench_h1_key_027 node=U4 source=TM1 destination=TM
event=receive timestamp_ns=1791278624394907604 workflow=KEY_REQUEST run_id=bench_h1_key_028 node=U4 source=TM1 destination=TM
event=receive timestamp_ns=1791278627278927572 workflow=KEY_REQUEST run_id=bench_h1_key_029 node=U4 source=TM1 destination=TM
event=receive timestamp_ns=1791278631018684895 workflow=KEY_REQUEST run_id=bench_h1_key_030 node=U4 source=TM1 destination=TM
