event=receive timestamp_ns=1791278355338752751 workflow=KEY_REQUEST run_id=bench_h1_setup node=U5 source=TM1 destination=TM
event=receive timestamp_ns=1791278358826460024 workflow=CT_SHARE run_id=1 node=U5 source=TM1 destination=TM
event=receive timestamp_ns=1791278360366871354 workflow=CT_SHARE run_id=2 node=U5 source=TM1 destination=TM
event=receive timestamp_ns=1791278361898658980 workflow=CT_SHARE run_id=3 node=U5 source=TM1 destination=TM
event=receive timestamp_ns=1791278363438540297 workflow=CT_SHARE run_id=4 node=U5 source=TM1 destination=TM
event=receive timestamp_ns=1791278365002916102 workflow=CT_SHARE run_id=5 node=U5 source=TM1 destination=TM
event=receive timestamp_ns=1791278366510643113 workflow=CT_SHARE run_id=6 node=U5 source=TM1 destination=TM
event=receive timestamp_ns=1791278368047000653 workflow=CT_SHARE run_id=7 node=U5 source=TM1 destination=TM
event=receive timestamp_ns=1791278369578586176 workflow=CT_SHARE run_id=8 node=U5 source=TM1 destination=TM
event=receive timestamp_ns=1791278371114603665 workflow=CT_SHARE run_id=9 node=U5 source=TM1 destination=TM
event=receive timestamp_ns=1791278372714719621 workflow=CT_SHARE run_id=10 node=U5 source=TM1 destination=TM
event=receive timestamp_ns=1791278374282770702 workflow=CT_SHARE run_id=11 node=U5 source=TM1 destination=TM
event=receive timestamp_ns=1791278375850748157 workflow=CT_SHARE run_id=12 node=U5 source=TM1 destination=TM
event=receive timestamp_ns=1791278377386760757 workflow=CT_SHARE run_id=13 node=U5 source=TM1 destination=TM
event=receive timestamp_ns=1791278378922376854 workflow=CT_SHARE run_id=14 node=U5 source=TM1 destination=TM
event=receive timestamp_ns=1791278380491155848 workflow=CT_SHARE run_id=15 node=U5 source=TM1 destination=TM
event=receive timestamp_ns=1791278382058897409 workflow=CT_SHARE run_id=16 node=U5 source=TM1 destination=TM
event=receive timestamp_ns=1791278383594749599 workflow=CT_SHARE run_id=17 node=U5 source=TM1 destination=TM
event=receive timestamp_ns=1791278385130679552 workflow=CT_SHARE run_id=18 node=U5 source=TM1 destination=TM
event=receive timestamp_ns=1791278386762812526 workflow=CT_SHARE run_id=19 node=U5 source=TM1 destination=TM
event=receive timestamp_ns=1791278388298639817 workflow=CT_SHARE run_id=20 node=U5 source=TM1 destination=TM
event=receive timestamp_ns=1791278389899137555 workflow=CT_SHARE run_id=21 node=U5 source=TM1 destination=TM
event=receive timestamp_ns=1791278391402627719 workflow=CT_SHARE run_id=22 node=U5 source=TM1 destination=TM
event=receive timestamp_ns=1791278392970795725 workflow=CT_SHARE run_id=23 node=U5 source=TM1 destination=TM
event=receive timestamp_ns=1791278394542457794 workflow=CT_SHARE run_id=24 node=U5 source=TM1 destination=TM
event=receive timestamp_ns=1791278396138425941 workflow=CT_SHARE run_id=25 node=U5 source=TM1 destination=TM
event=receive timestamp_ns=1791278397674593675 workflow=CT_SHARE run_id=26 node=U5 source=TM1 destination=TM
event=receive timestamp_ns=1791278399210556971 workflow=CT_SHARE run_id=27 node=U5 source=TM1 destination=TM
event=receive timestamp_ns=1791278400746576478 workflow=CT_SHARE run_id=28 node=U5 source=TM1 destination=TM
event=receive timestamp_ns=1791278402282968505 workflow=CT_SHARE run_id=29 node=U5 source=TM1 destination=TM
event=receive timestamp_ns=1791278403818473121 workflow=CT_SHARE run_id=30 node=U5 source=TM1 destination=TM
event=receive timestamp_ns=1791278405354484697 workflow=CT_SHARE run_id=31 node=U5 source=TM1 destination=TM
event=receive timestamp_ns=1791278406890676457 workflow=CT_SHARE run_id=32 node=U5 source=TM1 destination=TM
event=receive timestamp_ns=1791278408426773817 workflow=CT_SHARE run_id=33 node=U5 source=TM1 destination=TM
event=receive timestamp_ns=1791278409963202128 workflow=CT_SHARE run_id=34 node=U5 source=TM1 destination=TM
event=receive timestamp_ns=1791278411498926953 workflow=CT_SHARE run_id=35 node=U5 source=TM1 destination=TM
event=receive timestamp_ns=1791278413866478861 workflow=ARL_UPDATE run_id=1 node=U5 source=Authority destination=TM
event=receive timestamp_ns=1791278415402974450 workflow=ARL_UPDATE run_id=2 node=U5 source=Authority destination=TM
event=receive timestamp_ns=1791278416938463432 workflow=ARL_UPDATE run_id=3 node=U5 source=Authority destination=TM
event=receive timestamp_ns=1791278418474714430 workflow=ARL_UPDATE run_id=4 node=U5 source=Authority destination=TM
event=receive timestamp_ns=1791278420074756571 workflow=ARL_UPDATE run_id=5 node=U5 source=Authority destination=TM
event=receive timestamp_ns=1791278421611471940 workflow=ARL_UPDATE run_id=6 node=U5 source=Authority destination=TM
event=receive timestamp_ns=1791278423210821275 workflow=ARL_UPDATE run_id=7 node=U5 source=Authority destination=TM
event=receive timestamp_ns=1791278424746839492 workflow=ARL_UPDATE run_id=8 node=U5 source=Authority destination=TM
event=receive timestamp_ns=1791278426282682728 workflow=ARL_UPDATE run_id=9 node=U5 source=Authority destination=TM
event=receive timestamp_ns=1791278427818617240 workflow=ARL_UPDATE run_id=10 node=U5 source=Authority destination=TM
event=receive timestamp_ns=1791278429451010517 workflow=ARL_UPDATE run_id=11 node=U5 source=Authority destination=TM
event=receive timestamp_ns=1791278430954793837 workflow=ARL_UPDATE run_id=12 node=U5 source=Authority destination=TM
event=receive timestamp_ns=1791278432490472559 workflow=ARL_UPDATE run_id=13 node=U5 source=Authority destination=TM
event=receive timestamp_ns=1791278434058962749 workflow=ARL_UPDATE run_id=14 node=U5 source=Authority destination=TM
event=receive timestamp_ns=1791278435562896325 workflow=ARL_UPDATE run_id=15 node=U5 source=Authority destination=TM
event=receive timestamp_ns=1791278437098596542 workflow=ARL_UPDATE run_id=16 node=U5 source=Authority destination=TM
event=receive timestamp_ns=1791278438634726948 workflow=ARL_UPDATE run_id=17 node=U5 source=Authority destination=TM
event=receive timestamp_ns=1791278440170724993 workflow=ARL_UPDATE run_id=18 node=U5 source=Authority destination=TM
event=receive timestamp_ns=1791278441738536228 workflow=ARL_UPDATE run_id=19 node=U5 source=Authority destination=TM
event=receive timestamp_ns=1791278443210684031 workflow=ARL_UPDATE run_id=20 node=U5 source=Authority destination=TM
event=receive timestamp_ns=1791278444778695055 workflow=ARL_UPDATE run_id=21 node=U5 source=Authority destination=TM
event=receive timestamp_ns=1791278446378614555 workflow=ARL_UPDATE run_id=22 node=U5 source=Authority destination=TM
event=receive timestamp_ns=1791278448010623118 workflow=ARL_UPDATE run_id=23 node=U5 source=Authority destination=TM
event=receive timestamp_ns=1791278449514748110 workflow=ARL_UPDATE run_id=24 node=U5 source=Authority destination=TM
event=receive timestamp_ns=1791278451083072686 workflow=ARL_UPDATE run_id=25 node=U5 source=Authority destination=TM
event=receive timestamp_ns=1791278452586537067 workflow=ARL_UPDATE run_id=26 node=U5 source=Authority destination=TM
event=receive timestamp_ns=1791278454123035693 workflow=ARL_UPDATE run_id=27 node=U5 source=Authority destination=TM
event=receive timestamp_ns=1791278455658921889 workflow=ARL_UPDATE run_id=28 node=U5 source=Authority destination=TM
event=receive timestamp_ns=1791278457194605882 workflow=ARL_UPDATE run_id=29 node=U5 source=Authority destination=TM
event=receive timestamp_ns=1791278458766687014 workflow=ARL_UPDATE run_id=30 node=U5 source=Authority destination=TM
event=receive timestamp_ns=1791278460302612814 workflow=ARL_UPDATE run_id=31 node=U5 source=Authority destination=TM
event=receive timestamp_ns=1791278461834707850 workflow=ARL_UPDATE run_id=32 node=U5 source=Authority destination=TM
event=receive timestamp_ns=1791278463402952204 workflow=ARL_UPDATE run_id=33 node=U5 source=Authority destination=TM
event=receive timestamp_ns=1791278464938608515 workflow=ARL_UPDATE run_id=34 node=U5 source=Authority destination=TM
event=receive timestamp_ns=1791278466410778522 workflow=ARL_UPDATE run_id=35 node=U5 source=Authority destination=TM
event=receive timestamp_ns=1791278468010615803 workflow=ARL_UPDATE run_id=36 node=U5 source=Authority destination=TM
event=receive timestamp_ns=1791278469514679540 workflow=ARL_UPDATE run_id=37 node=U5 source=Authority destination=TM
event=receive timestamp_ns=1791278471115006207 workflow=ARL_UPDATE run_id=38 node=U5 source=Authority destination=TM
event=receive timestamp_ns=1791278472650828184 workflow=ARL_UPDATE run_id=39 node=U5 source=Authority destination=TM
event=receive timestamp_ns=1791278474186706397 workflow=ARL_UPDATE run_id=40 node=U5 source=Authority destination=TM
event=receive timestamp_ns=1791278475722696992 workflow=ARL_UPDATE run_id=41 node=U5 source=Authority destination=TM
event=receive timestamp_ns=1791278477258605397 workflow=ARL_UPDATE run_id=42 node=U5 source=Authority destination=TM
event=receive timestamp_ns=1791278478794484144 workflow=ARL_UPDATE run_id=43 node=U5 source=Authority destination=TM
event=receive timestamp_ns=1791278480330818714 workflow=ARL_UPDATE run_id=44 node=U5 source=Authority destination=TM
event=receive timestamp_ns=1791278481866534927 workflow=ARL_UPDATE run_id=45 node=U5 source=Authority destination=TM
event=receive timestamp_ns=1791278483403139210 workflow=ARL_UPDATE run_id=46 node=U5 source=Authority destination=TM
event=receive timestamp_ns=1791278484938732019 workflow=ARL_UPDATE run_id=47 node=U5 source=Authority destination=TM
event=receive timestamp_ns=1791278486474423030 workflow=ARL_UPDATE run_id=48 node=U5 source=Authority destination=TM
event=receive timestamp_ns=1791278488010400969 workflow=ARL_UPDATE run_id=49 node=U5 source=Authority destination=TM
event=receive timestamp_ns=1791278489546714855 workflow=ARL_UPDATE run_id=50 node=U5 source=Authority destination=TM
event=receive timestamp_ns=1791278491050772024 workflow=ARL_UPDATE run_id=51 node=U5 source=Authority destination=TM
event=receive timestamp_ns=1791278492618500493 workflow=ARL_UPDATE run_id=52 node=U5 source=Authority destination=TM
event=receive timestamp_ns=1791278494154642492 workflow=ARL_UPDATE run_id=53 node=U5 source=Authority destination=TM
event=receive timestamp_ns=1791278495658591323 workflow=ARL_UPDATE run_id=54 node=U5 source=Authority destination=TM
event=receive timestamp_ns=1791278497226794869 workflow=ARL_UPDATE run_id=55 node=U5 source=Authority destination=TM
event=receive timestamp_ns=1791278498762717309 workflow=ARL_UPDATE run_id=56 node=U5 source=Authority destination=TM
event=receive timestamp_ns=1791278500298497828 workflow=ARL_UPDATE run_id=57 node=U5 source=Authority destination=TM
event=receive timestamp_ns=1791278501834644095 workflow=ARL_UPDATE run_id=58 node=U5 source=Authority destination=TM
event=receive timestamp_ns=1791278503370612878 workflow=ARL_UPDATE run_id=59 node=U5 source=Authority destination=TM
event=receive timestamp_ns=1791278504910625922 workflow=ARL_UPDATE run_id=60 node=U5 source=Authority destination=TM
event=receive timestamp_ns=1791278506442679207 workflow=ARL_UPDATE run_id=61 node=U5 source=Authority destination=TM
event=receive timestamp_ns=1791278507978651471 workflow=ARL_UPDATE run_id=62 node=U5 source=Authority destination=TM
event=receive timestamp_ns=1791278509514474746 workflow=ARL_UPDATE run_id=63 node=U5 source=Authority destination=TM
event=receive timestamp_ns=1791278511050573854 workflow=ARL_UPDATE run_id=64 node=U5 source=Authority destination=TM
event=receive timestamp_ns=1791278512554537764 workflow=ARL_UPDATE run_id=65 node=U5 source=Authority destination=TM
event=receive timestamp_ns=1791278514122994456 workflow=ARL_UPDATE run_id=66 node=U5 source=Authority destination=TM
event=receive timestamp_ns=1791278515694690837 workflow=ARL_UPDATE run_id=67 node=U5 source=Authority destination=TM
event=receive timestamp_ns=1791278517258580480 workflow=ARL_UPDATE run_id=68 node=U5 source=Authority destination=TM
event=receive timestamp_ns=1791278518794672226 workflow=ARL_UPDATE run_id=69 node=U5 source=Authority destination=TM
event=receive timestamp_ns=1791278520394782051 workflow=ARL_UPDATE run_id=70 node=U5 source=Authority destination=TM
event=receive timestamp_ns=1791278522062527876 workflow=KEY_REQUEST run_id=bench_h1_key_w1 node=U5 source=TM1 destination=TM
event=receive timestamp_ns=1791278526698526676 workflow=KEY_REQUEST run_id=bench_h1_key_w2 node=U5 source=TM1 destination=TM
event=receive timestamp_ns=1791278528938495375 workflow=KEY_REQUEST run_id=bench_h1_key_w3 node=U5 source=TM1 destination=TM
event=receive timestamp_ns=1791278532426706647 workflow=KEY_REQUEST run_id=bench_h1_key_w4 node=U5 source=TM1 destination=TM
event=receive timestamp_ns=1791278535310448460 workflow=KEY_REQUEST run_id=bench_h1_key_w5 node=U5 source=TM1 destination=TM
event=receive timestamp_ns=1791278538030552761 workflow=KEY_REQUEST run_id=bench_h1_key_001 node=U5 source=TM1 destination=TM
event=receive timestamp_ns=1791278540874830104 workflow=KEY_REQUEST run_id=bench_h1_key_002 node=U5 source=TM1 destination=TM
event=receive timestamp_ns=1791278544906520898 workflow=KEY_REQUEST run_id=bench_h1_key_003 node=U5 source=TM1 destination=TM
event=receive timestamp_ns=1791278547150842818 workflow=KEY_REQUEST run_id=bench_h1_key_004 node=U5 source=TM1 destination=TM
event=receive timestamp_ns=1791278549962655294 workflow=KEY_REQUEST run_id=bench_h1_key_005 node=U5 source=TM1 destination=TM
event=receive timestamp_ns=1791278554030906677 workflow=KEY_REQUEST run_id=bench_h1_key_006 node=U5 source=TM1 destination=TM
event=receive timestamp_ns=1791278556266523008 workflow=KEY_REQUEST run_id=bench_h1_key_007 node=U5 source=TM1 destination=TM
event=receive timestamp_ns=1791278559690621374 workflow=KEY_REQUEST run_id=bench_h1_key_008 node=U5 source=TM1 destination=TM
event=receive timestamp_ns=1791278563182705890 workflow=KEY_REQUEST run_id=bench_h1_key_009 node=U5 source=TM1 destination=TM
event=receive timestamp_ns=1791278564810398234 workflow=KEY_REQUEST run_id=bench_h1_key_010 node=U5 source=TM1 destination=TM
event=receive timestamp_ns=1791278567662617676 workflow=KEY_REQUEST run_id=bench_h1_key_011 node=U5 source=TM1 destination=TM
event=receive timestamp_ns=1791278571082429962 workflow=KEY_REQUEST run_id=bench_h1_key_012 node=U5 source=TM1 destination=TM
event=receive timestamp_ns=1791278574026448001 workflow=KEY_REQUEST run_id=bench_h1_key_013 node=U5 source=TM1 destination=TM
event=receive timestamp_ns=1791278576746470722 workflow=KEY_REQUEST run_id=bench_h1_key_014 node=U5 source=TM1 destination=TM
event=receive timestamp_ns=1791278579594806803 workflow=KEY_REQUEST run_id=bench_h1_key_015 node=U5 source=TM1 destination=TM
event=receive timestamp_ns=1791278583562586804 workflow=KEY_REQUEST run_id=bench_h1_key_016 node=U5 source=TM1 destination=TM
event=receive timestamp_ns=1791278586990527812 workflow=KEY_REQUEST run_id=bench_h1_key_017 node=U5 source=TM1 destination=TM
event=receive timestamp_ns=1791278589803042235 workflow=KEY_REQUEST run_id=bench_h1_key_018 node=U5 source=TM1 destination=TM
event=receive timestamp_ns=1791278592618498172 workflow=KEY_REQUEST run_id=bench_h1_key_019 node=U5 source=TM1 destination=TM
event=receive timestamp_ns=1791278596714629795 workflow=KEY_REQUEST run_id=bench_h1_key_020 node=U5 source=TM1 destination=TM
event=receive timestamp_ns=1791278599402799248 workflow=KEY_REQUEST run_id=bench_h1_key_021 node=U5 source=TM1 destination=TM
event=receive timestamp_ns=1791278602858431447 workflow=KEY_REQUEST run_id=bench_h1_key_022 node=U5 source=TM1 destination=TM
event=receive timestamp_ns=1791278605866657424 workflow=KEY_REQUEST run_id=bench_h1_key_023 node=U5 source=TM1 destination=TM
event=receive timestamp_ns=1791278609358681678 workflow=KEY_REQUEST run_id=bench_h1_key_024 node=U5 source=TM1 destination=TM
event=receive timestamp_ns=1791278612046986086 workflow=KEY_REQUEST run_id=bench_h1_key_025 node=U5 source=TM1 destination=TM
event=receive timestamp_ns=1791278615946776535 workflow=KEY_REQUEST run_id=bench_h1_key_026 node=U5 source=TM1 destination=TM
event=receive timestamp_ns=1791278619850566616 workflow=KEY_REQUEST run_id=bench_h1_key_027 node=U5 source=TM1 destination=TM
event=receive timestamp_ns=1791278624490787239 workflow=KEY_REQUEST run_id=bench_h1_key_028 node=U5 source=TM1 destination=TM
event=receive timestamp_ns=1791278627374734950 workflow=KEY_REQUEST run_id=bench_h1_key_029 node=U5 source=TM1 destination=TM
event=receive timestamp_ns=1791278631114396449 workflow=KEY_REQUEST run_id=bench_h1_key_030 node=U5 source=TM1 destination=TM
