2026-10-06 11:09:12.328 Authority: {"tkn":"t1","name":"pong"}

2026-10-06 11:09:12.844 Authority: {"tkn":"t2","name":"ok"}

2026-10-06 11:09:13.356 Authority: {"tkn":"t2","name":"ok"}

2026-10-06 11:09:13.871 Authority: {"tkn":"t2","name":"ok"}

2026-10-06 11:09:14.386 Authority: {"tkn":"t2","name":"ok"}

2026-10-06 11:09:21.263 Authority: {"name":"recv_desc","mid":"N03_36","desc":{"_st":"1791277761217","_date":"1791277760941","_nbfrags":"1","src":"TM3","_docid":"N03_36","_weight":"104","topic":"TM","_rcv":"N00","dest":"TM","_sdr":"N01"}}

2026-10-06 11:09:21.265 Authority: {"data":"TLS(D3CS|TM3|TM|KEY_REQUEST|bench_h3_setup|{\"classification\":\"FR-DR\",\"mission\":\"M1\"}|bench_h3_setup|TM3)","tkn":"payload-N03_36","name":"recv_payload","mid":"N03_36","topic":"TM","dest":"TM"}

2026-10-06 11:09:21.778 Authority: {"tkn":"t3","name":"ok"}

2026-10-06 11:09:22.284 Authority: {"tkn":"t3","name":"ok"}

2026-10-06 11:09:24.529 Authority: {"name":"recv_desc","mid":"N03_49","desc":{"_st":"1791277764479","_date":"1791277764235","_nbfrags":"1","src":"TM3","_docid":"N03_49","_weight":"1747","topic":"TM","_rcv":"N00","dest":"TM","_sdr":"N01"}}

2026-10-06 11:09:24.530 Authority: {"data":"D3CS|TM3|TM|CT_SHARE|1|{\"version\":1,\"label\":{\"classification\":\"FR-DR\",\"mission\":\"M1\"},\"abe\":{\"c_tilde\":\"rEAPMq6J8+sNdOXKTGFqbCjLphqFNGe107VxEBkX0G9fA1UWq3dTvAxDycy/AbsEn0Jun6Z1ajBoUhHbv+r0C2Sw3+10nQYM5kXkqRqKiltf+C7WctCCk49zc7dme0kUS2T9WHNTFHRjxP9OFBNBk2fgHeVqBIUzdaQaaQJdxpzaDzPrHGqAnbhDSg2kqW8ESnmDf8RkEKmXsCETNpAuwJhVtUrG8RPrLPU3uxnuapO8XqsU2cKqJsNvgT+QHBcQCXgbjKUySp7zIUW5vekrXqEepHb5NOC3XFW5V64QuH+JKq/1DPYu+66TjwZPlLcO28EGXAD2DlDZjt5HQHr1XNQr4a5HTdY1ve8O9CLpcGu7x5o0obnueKdKxXnqeaUWgk00dm8GgeA3B/LzwBsXANLl3lZN1B7wn3PLAvKEjhrA8o5jSgURXdLBQRIWMCgRhVUHyPrOlmeBZimfExrHed99fGKfl9PePk0ag/NzK5bwYddx80E+C7g6oL3JPaQFw3v2x5+7v52fYyTaFpxWc4JgKOFBMBUnkD06Odo/sJQUI7zpQz8wx23iO14q1XQDnuzCLfp+l3FU74UEr6n+SgTnCXcigdVMGxwTrbAujLVN7B5d9VCf9zJgQrPfaXEHZFw1tMNCVBel6LMA5K27lHjLkV34+diKDrTW8eHcFYc7SxwLOfQ+5ow8sEw0clATlaLJmzQB10iPfi1pHZQPZ04YCrCTHPON+PTwVofOw7BU9QDRgSvsJeJvfHR+jr8V\",\"c\":\"pPySaHpL54T2m5zj8AIN1yTainyDCocF9o6xPVLbDyQkARXH5dU5flSpltxMr2dR\",\"leafs\":[{\"index\":1,\"attr\":\"FR-DR\",\"c_i\":\"lzfAOrPW/kiHckCaJgM57QW0REw+qrKOaGVQOj1nogJ8w5LZpu3KC74Qz51P7+LN\",\"c_i_prime\":\"tEZ/H5Y5Zm9oNIiBMZm1pUHY7dk6GB5i7S86Ea3bazpGbvpdLF1pvvGyusFfSHi9\"},{\"index\":2,\"attr\":\"M1\",\"c_i\":\"rKsQ+FvpK3K6iwrpKtLQT0+M+BXllR8psQobCSE3EzTe4AKmAwmMBlnAJvJNGdXU\",\"c_i_prime\":\"jVh7wjDX8nnZHZc9kMcg4SojEUUVnAWVwqXAQu+1r2i1tKkkSEh/IR/ez/L9YQ+R\"}]},\"sym\":{\"nonce\":\"KRdg57eQWtPcS1Bt\",\"ciphertext\":\"IQ9AyFW4AGvlaHD4v1i26byO938\"}}|{\"version\":1,\"r1\":\"rbUyKqKLV8cp+bSRE4YqQd6tDAeLYi28dgtBbCe2gW79AwthoOg4rRcWQOCDAKBf\",\"r2\":\"hfKf5CUoU8JhQAA+EgZlxxiwHh9H7ePeqvXV7/eP3ZrYU5WUG19S9KiDiwrID/lfGUQV7b/NJMzfWpvlY7biOFFJJkLxs5aGu2eppiFStTZDvwSpn2NYj3UIXAYlgYNM\",\"r3\":\"pOVYKqmUaxeSDIS8CJHbn37XtShen+NrHdzBT7t2B5g6Gxvwtu+sSsrizdJLkR9MExucLsXr7kwC9PUpNklTVSY8/mZjuDl99vZZWGC51cbHtJ6hf4TNxFI5EVdMmJGu\"}","tkn":"payload-N03_49","name":"recv_payload","mid":"N03_49","topic":"TM","dest":"TM"}

2026-10-06 11:09:26.126 Authority: {"name":"recv_desc","mid":"N03_53","desc":{"_st":"1791277766075","_date":"1791277765837","_nbfrags":"1","src":"TM3","_docid":"N03_53","_weight":"1747","topic":"TM","_rcv":"N00","dest":"TM","_sdr":"N01"}}

2026-10-06 11:09:26.128 Authority: {"data":"D3CS|TM3|TM|CT_SHARE|2|{\"version\":1,\"label\":{\"classification\":\"FR-DR\",\"mission\":\"M1\"},\"abe\":{\"c_tilde\":\"ZxsfytPn3yyowIeimYThNcsykOBDrv+I2Ls+YOZCaS+z1HijaC23IE9Qq+MxwG4D0cPxaZNqA5YAwKrwi0H3cdUZZ0ZGr2xG3oEVoYODCl0Ax4iP+J+hBOXmRLBs4tEMSwnc93EWkvS5xdOcAsqNIlW8wgc+OH4Q/Sni9q7gb1iNtpO1NKoxjILbUhvOOmUMjPWi6ygXHjuDoPqZbqd506H6pF/sFaY7mX1HdS1x+/FofKqbg4iywMw0QSyZlRIUfnuGIKmakjOoNF+LROfBmRTLcBabSstKFdLhQIbuk1S+gLaJG+hVKrarHtBXzXIWPa9hrGMCLBNhSHhYGfj+qCV3qaRJXRNirTnbQnQSvbZvvWbbpLqfkapuOIdkeC0LX86Gp13kK0KHNEBnNs5AxsOQbVS/jjmmmVJig4TmFM0JXroCjG+bZxHjquiOrn0ZvhNuSgSsgKw6j/XBerGpsb9Voo/FCKLaCryZZXIE9PfEnNgCytFQYciquBysmAcDcS10c72tXfxqWvN9I4U03cgBqj6impd9+ZNG+xB6TwgeyVrrfIOXc10Ym3LGyyADdFdysmtHfNuO5rgpCBKlf+2dfn7GLFb/uSXiVl0IarI+2tAO0glfcoXCjx2R+S8FMc8sFkBT/4HRx2aMVCr1IO2Tr+aB+gYbcXk2if9KduZhPOfiWd812knLku9g7hAGBdQ+Ueg4I1wjDmZohLrUt/UnKYilqonNEkGrbP7VXvc4Qxhnu8e+rgKMzX17QQMU\",\"c\":\"hxingocf/I8qxhkSIoDIECNiOALZN7iAU1A48M98y531s1wPALm9mwDs/0dWX+Fo\",\"leafs\":[{\"index\":1,\"attr\":\"FR-DR\",\"c_i\":\"qbVz3hu0nLJsGlThWDB9qD8MgQ34XRBo4Hsm7HfbHrQmOFXnWXUYQRJ3X5Dnz12R\",\"c_i_prime\":\"hrFYmWxHsYftFUCqphRE41OckNUFHcU02olKoKkg0Pg8Du/bZsMqFLh2jXp9x2Ki\"},{\"index\":2,\"attr\":\"M1\",\"c_i\":\"mc5IJoV89NQP+RSHQOP20FdSwq6dWXnS8Wq/PqCMnaJhHNEN9kIQrNiECikX3nVM\",\"c_i_prime\":\"lGPaOHCyLnC4FufDin6sWplbimDU2SReAt/a2LL+Fy2AN6oMXu7S0D8KXOt1huBs\"}]},\"sym\":{\"nonce\":\"0oPblCyB7Ia/5+Lb\",\"ciphertext\":\"hZR+uuuQPct2sgMfKcsSXFhLCKE\"}}|{\"version\":1,\"r1\":\"ickFfDSdzlGH+YyBsOzVXxmVb37Rfha3Du3kTqBmxpN0H59gK5kL010mornhYn8N\",\"r2\":\"hGEUj2Ws2zq9A2FOfwYdRZ03aHqHvY4NI6SUGLHjbAwAHWSTID58/O4n+Cd+tIjpBWLvO9w7P+XutSZYE10FuordmIcq7/vE1+JWEe+JJTzssS9sJGpL29ltfPbj8Y23\",\"r3\":\"kU8OHttbGfIAcKzWDt1YVYGumep6dPM8It/pcoGRm1tsnSLiBk9wZZbDsgfJEHhDADyxETSbgmg/n/Kx4OFYkcYY2PvamWdYYbYSLNzZyTUKo2w8PB5+bZDPVBIPv9/e\"}","tkn":"payload-N03_53","name":"recv_payload","mid":"N03_53","topic":"TM","dest":"TM"}

2026-10-06 11:09:27.669 Authority: {"name":"recv_desc","mid":"N03_58","desc":{"_st":"1791277767617","_date":"1791277767375","_nbfrags":"1","src":"TM3","_docid":"N03_58","_weight":"1747","topic":"TM","_rcv":"N00","dest":"TM","_sdr":"N01"}}

2026-10-06 11:09:27.671 Authority: {"data":"D3CS|TM3|TM|CT_SHARE|3|{\"version\":1,\"label\":{\"classification\":\"FR-DR\",\"mission\":\"M1\"},\"abe\":{\"c_tilde\":\"2tuTcAbCdq0VPDMawwjPFAtt4AxJCpx+Kg/kQbHICAgBp7v8WubR34T8mmY6XIAI1CcFfbon38pwzMYk/3RMhSvTnCzDTKNGSFrevyanaN42wSkTMqN1uFrphKZlHz4O89XWB95u2U7jG5PfeFXG3UHWEOPllu/IOXlk6/X5tqUVxI/W8oXEW2ge0wbShf8UicLtlbSbqif46Qqgjl5aCQPDpncvDDbOSTalYJqpQfJtV07l7bc2j7x4vblb9sUBqjGkotkfQwMDPYBh5IaRkiwN7epDekFHoWt7RoGJMkO8i4gErSjFGPqVTJSt5p8WSL38dd90pR9aYIsugSzzEFiDyTA4s2iQfF87bbbDyVTXNG9wsaSjNibA1f7ZvRQURC7Ex2rmwv/tIPtFH5qJTwQQ7yqbvIpuBje2j02Mw1K0dyntrBz7rKsq6TNpq/sUosH5JInBLTqLkSLagqoUWe0gZilnvk2Q80diX0QqrYJzJmucrawS8ixnBieQNhoP+gkjc8GodJcrxWMA+BppKrCA1MM/FJC0g6gBcwVt6uoUeO4QtnCkAoRj4ZPJBuUFpG+fyGUbb6tSaHUjUzav35//421Dbylsap5YOSh80fG3afaRiMXn4nRNoEYqnvoGt8UQnwxGBJBCG7aUM15zOLywyAXYLs6o869UgSGHkZ95R1rnsGcNTCoLpk2cw8ELue3aa/WTof6st8z96SmSP+SpZK81kRfO70K6SfkrprTaS54rd8VoJqcgqBvJcTwF\",\"c\":\"lC9yF5T0b3SlI+TvMjGwNBIAbwgruzHSS0NX86Fw9Y8JUM12Qyp7TAmcaRORmcCv\",\"leafs\":[{\"index\":1,\"attr\":\"FR-DR\",\"c_i\":\"hDAdimpJCqlBtwGSawLLEM2UfSS/mU92O3ti3mgNrzrnliTK4P2MYc32izvvSzqV\",\"c_i_prime\":\"lTCkfdAEh+aQW/f01kkE1Lkxjgi6F0IOD6L7aAwEnv1CQ9LT4Bab7vfwkbvttZEp\"},{\"index\":2,\"attr\":\"M1\",\"c_i\":\"qZ2CGZfbcGDl8fbzdtQamRd6d5RQXswvmKVeDzh1XJEVLpJs93oWDM55Gd86nXax\",\"c_i_prime\":\"oVdWXmbULrEhjbiyk/DxZyBuIXoNwUbvXpGUKC4DZhIMM0Rw1G+ZrYkk6Vc/TDt2\"}]},\"sym\":{\"nonce\":\"5ORKvg0WkI/ViehZ\",\"ciphertext\":\"L5oPVVdhFZlcp09ezmk3rIPeIQM\"}}|{\"version\":1,\"r1\":\"kaaGGxE5GT8lW4eGlL5eD15qBkNm8MspFszqbSsOvWYykY8vIx7nqeBHdJ/6ab1f\",\"r2\":\"imDwW4GxrDd0x3oOdZ9E95hCDcMNyFwC5xaPzhaYw9i/xK4WgebQvAnUHtPg9boQE4Ijc6AiL5Ucun4xGq2NSOsa13/j/o1axP/qycAUgf6cjfMOZ1+29hKV5MvdaXkH\",\"r3\":\"l8wKF9Kbvk7IOn3ff6R9MfKZPPbC99+PidHmtGY1v6RiX0bVmmuBA/OJxVT+dlLVFxkmzuYzs8cz3UHsdXaC6qtfZMRwNRW6vO5T4igu0cwadalMwnDe01NyjCD77uEl\"}","tkn":"payload-N03_58","name":"recv_payload","mid":"N03_58","topic":"TM","dest":"TM"}

2026-10-06 11:09:28.296 Authority: {"name":"recv_desc","mid":"N00_47","desc":{"_date":"1791277768294","_nbfrags":"1","src":"Authority","_docid":"N00_47","_weight":"116","topic":"TM","dest":"TM"}}

2026-10-06 11:09:28.296 Authority: {"tkn":"t3","name":"ok"}

2026-10-06 11:09:28.297 Authority: {"data":"TLS(D3CS|Authority|TM|ARL_UPDATE|{\"version\":1,\"items\":[{\"attribute_type\":\"mission\",\"attribute_value\":\"BENCH_ARL\"}]})","tkn":"payload-N00_47","name":"recv_payload","mid":"N00_47","topic":"TM","dest":"TM"}

2026-10-06 11:09:29.836 Authority: {"name":"recv_desc","mid":"N00_50","desc":{"_date":"1791277769835","_nbfrags":"1","src":"Authority","_docid":"N00_50","_weight":"58","topic":"TM","dest":"TM"}}

2026-10-06 11:09:29.836 Authority: {"tkn":"t3","name":"ok"}

2026-10-06 11:09:29.836 Authority: {"data":"TLS(D3CS|Authority|TM|ARL_UPDATE|{\"version\":2,\"items\":[]})","tkn":"payload-N00_50","name":"recv_payload","mid":"N00_50","topic":"TM","dest":"TM"}

2026-10-06 11:09:31.374 Authority: {"name":"recv_desc","mid":"N00_54","desc":{"_date":"1791277771372","_nbfrags":"1","src":"Authority","_docid":"N00_54","_weight":"116","topic":"TM","dest":"TM"}}

2026-10-06 11:09:31.374 Authority: {"tkn":"t3","name":"ok"}

2026-10-06 11:09:31.374 Authority: {"data":"TLS(D3CS|Authority|TM|ARL_UPDATE|{\"version\":3,\"items\":[{\"attribute_type\":\"mission\",\"attribute_value\":\"BENCH_ARL\"}]})","tkn":"payload-N00_54","name":"recv_payload","mid":"N00_54","topic":"TM","dest":"TM"}

2026-10-06 11:09:32.910 Authority: {"name":"recv_desc","mid":"N00_57","desc":{"_date":"1791277772908","_nbfrags":"1","src":"Authority","_docid":"N00_57","_weight":"58","topic":"TM","dest":"TM"}}

2026-10-06 11:09:32.910 Authority: {"tkn":"t3","name":"ok"}

2026-10-06 11:09:32.912 Authority: {"data":"TLS(D3CS|Authority|TM|ARL_UPDATE|{\"version\":4,\"items\":[]})","tkn":"payload-N00_57","name":"recv_payload","mid":"N00_57","topic":"TM","dest":"TM"}

2026-10-06 11:09:34.448 Authority: {"name":"recv_desc","mid":"N00_61","desc":{"_date":"1791277774445","_nbfrags":"1","src":"Authority","_docid":"N00_61","_weight":"116","topic":"TM","dest":"TM"}}

2026-10-06 11:09:34.448 Authority: {"tkn":"t3","name":"ok"}

2026-10-06 11:09:34.450 Authority: {"data":"TLS(D3CS|Authority|TM|ARL_UPDATE|{\"version\":5,\"items\":[{\"attribute_type\":\"mission\",\"attribute_value\":\"BENCH_ARL\"}]})","tkn":"payload-N00_61","name":"recv_payload","mid":"N00_61","topic":"TM","dest":"TM"}

2026-10-06 11:09:35.983 Authority: {"name":"recv_desc","mid":"N00_64","desc":{"_date":"1791277775980","_nbfrags":"1","src":"Authority","_docid":"N00_64","_weight":"58","topic":"TM","dest":"TM"}}

2026-10-06 11:09:35.984 Authority: {"tkn":"t3","name":"ok"}

2026-10-06 11:09:35.985 Authority: {"data":"TLS(D3CS|Authority|TM|ARL_UPDATE|{\"version\":6,\"items\":[]})","tkn":"payload-N00_64","name":"recv_payload","mid":"N00_64","topic":"TM","dest":"TM"}

2026-10-06 11:09:38.743 Authority: {"data":"TLS(D3CS|TM3|TM|KEY_REQUEST|bench_h3_key_w1|{\"classification\":\"FR-DR\",\"mission\":\"M1\"}|bench_h3_key_w1|TM3)","mid":"N03_93","name":"recv_payload","tkn":"payload-N03_93","topic":"TM","dest":"TM"}

2026-10-06 11:09:39.803 Authority: {"tkn":"t3","name":"ok"}

2026-10-06 11:09:40.341 Authority: {"tkn":"t3","name":"ok"}

2026-10-06 11:09:43.189 Authority: {"data":"TLS(D3CS|TM3|TM|KEY_REQUEST|bench_h3_key_001|{\"classification\":\"FR-DR\",\"mission\":\"M1\"}|bench_h3_key_001|TM3)","mid":"N03_109","name":"recv_payload","tkn":"payload-N03_109","topic":"TM","dest":"TM"}

2026-10-06 11:09:44.217 Authority: {"tkn":"t3","name":"ok"}

2026-10-06 11:09:44.756 Authority: {"tkn":"t3","name":"ok"}

2026-10-06 11:09:47.602 Authority: {"data":"TLS(D3CS|TM3|TM|KEY_REQUEST|bench_h3_key_002|{\"classification\":\"FR-DR\",\"mission\":\"M1\"}|bench_h3_key_002|TM3)","mid":"N03_126","name":"recv_payload","tkn":"payload-N03_126","topic":"TM","dest":"TM"}

2026-10-06 11:09:48.631 Authority: {"tkn":"t3","name":"ok"}

2026-10-06 11:09:49.165 Authority: {"tkn":"t3","name":"ok"}

:"N00_61","_weight":"116","topic":"TM","dest":"TM"}}
2026-10-06 11:09:34.448 Authority: {"tkn":"t3","name":"ok"}
2026-10-06 11:09:34.450 Authority: {"data":"TLS(D3CS|Authority|TM|ARL_UPDATE|{\"version\":5,\"items\":[{\"attribute_type\":\"mission\",\"attribute_value\":\"BENCH_ARL\"}]})","tkn":"payload-N00_61","name":"recv_payload","mid":"N00_61","topic":"TM","dest":"TM"}
2026-10-06 11:09:35.983 Authority: {"name":"recv_desc","mid":"N00_64","desc":{"_date":"1791277775980","_nbfrags":"1","src":"Authority","_docid":"N00_64","_weight":"58","topic":"TM","dest":"TM"}}
2026-10-06 11:09:35.984 Authority: {"tkn":"t3","name":"ok"}
2026-10-06 11:09:35.985 Authority: {"data":"TLS(D3CS|Authority|TM|ARL_UPDATE|{\"version\":6,\"items\":[]})","tkn":"payload-N00_64","name":"recv_payload","mid":"N00_64","topic":"TM","dest":"TM"}
2026-10-06 11:09:38.743 Authority: {"data":"TLS(D3CS|TM3|TM|KEY_REQUEST|bench_h3_key_w1|{\"classification\":\"FR-DR\",\"mission\":\"M1\"}|bench_h3_key_w1|TM3)","mid":"N03_93","name":"recv_payload","tkn":"payload-N03_93","topic":"TM","dest":"TM"}
2026-10-06 11:09:39.803 Authority: {"tkn":"t3","name":"ok"}
2026-10-06 11:09:40.341 Authority: {"tkn":"t3","name":"ok"}
2026-10-06 11:09:43.189 Authority: {"data":"TLS(D3CS|TM3|TM|KEY_REQUEST|bench_h3_key_001|{\"classification\":\"FR-DR\",\"mission\":\"M1\"}|bench_h3_key_001|TM3)","mid":"N03_109","name":"recv_payload","tkn":"payload-N03_109","topic":"TM","dest":"TM"}
2026-10-06 11:09:44.217 Authority: {"tkn":"t3","name":"ok"}
2026-10-06 11:09:44.756 Authority: {"tkn":"t3","name":"ok"}
2026-10-06 11:09:47.602 Authority: {"data":"TLS(D3CS|TM3|TM|KEY_REQUEST|bench_h3_key_002|{\"classification\":\"FR-DR\",\"mission\":\"M1\"}|bench_h3_key_002|TM3)","mid":"N03_126","name":"recv_payload","tkn":"payload-N03_126","topic":"TM","dest":"TM"}
2026-10-06 11:09:48.631 Authority: {"tkn":"t3","name":"ok"}
2026-10-06 11:09:49.165 Authority: {"tkn":"t3","name":"ok"}
