event=send timestamp_ns=1791277760938508051 workflow=KEY_REQUEST run_id=bench_h3_setup node=U3 source=TM3 destination=TM
event=key_latency timestamp_ns=1791277763094942848 workflow=KEY_REQUEST_RESPONSE run_id=bench_h3_setup node=U3 duration_ns=2156431547
event=receive timestamp_ns=1791277763082447266 workflow=KEY_RESPONSE run_id=bench_h3_setup node=U3 source=Authority destination=bench_h3_setup
event=send timestamp_ns=1791277763286067861 workflow=CT_SHARE run_id=1 node=U3 source=TM3 destination=TM
event=send timestamp_ns=1791277765246542668 workflow=CT_SHARE run_id=2 node=U3 source=TM3 destination=TM
event=send timestamp_ns=1791277766780496418 workflow=CT_SHARE run_id=3 node=U3 source=TM3 destination=TM
event=receive timestamp_ns=1791277769098476743 workflow=ARL_UPDATE run_id=1 node=U3 source=Authority destination=TM
event=receive timestamp_ns=1791277770634680690 workflow=ARL_UPDATE run_id=2 node=U3 source=Authority destination=TM
event=receive timestamp_ns=1791277772170887421 workflow=ARL_UPDATE run_id=3 node=U3 source=Authority destination=TM
event=receive timestamp_ns=1791277773707178024 workflow=ARL_UPDATE run_id=4 node=U3 source=Authority destination=TM
event=receive timestamp_ns=1791277775274738984 workflow=ARL_UPDATE run_id=5 node=U3 source=Authority destination=TM
event=receive timestamp_ns=1791277776778902765 workflow=ARL_UPDATE run_id=6 node=U3 source=Authority destination=TM
event=send timestamp_ns=1791277778442778482 workflow=KEY_REQUEST run_id=bench_h3_key_w1 node=U3 source=TM3 destination=TM
event=key_latency timestamp_ns=1791277781178990004 workflow=KEY_REQUEST_RESPONSE run_id=bench_h3_key_w1 node=U3 duration_ns=2736206585
event=receive timestamp_ns=1791277781162416388 workflow=KEY_RESPONSE run_id=bench_h3_key_w1 node=U3 source=Authority destination=bench_h3_key_w1
event=send timestamp_ns=1791277782826790158 workflow=KEY_REQUEST run_id=bench_h3_key_001 node=U3 source=TM3 destination=TM
event=key_latency timestamp_ns=1791277785597185267 workflow=KEY_REQUEST_RESPONSE run_id=bench_h3_key_001 node=U3 duration_ns=2770392765
event=receive timestamp_ns=1791277785578953263 workflow=KEY_RESPONSE run_id=bench_h3_key_001 node=U3 source=Authority destination=bench_h3_key_001
event=send timestamp_ns=1791277787242660088 workflow=KEY_REQUEST run_id=bench_h3_key_002 node=U3 source=TM3 destination=TM
event=key_latency timestamp_ns=1791277790517144619 workflow=KEY_REQUEST_RESPONSE run_id=bench_h3_key_002 node=U3 duration_ns=3274481273
event=receive timestamp_ns=1791277790506717364 workflow=KEY_RESPONSE run_id=bench_h3_key_002 node=U3 source=Authority destination=bench_h3_key_002
