event=send timestamp_ns=1791279569942171634 workflow=KEY_RESPONSE run_id=bench_h5_setup node=Authority source=Authority destination=bench_h5_setup
event=receive timestamp_ns=1791279569931011636 workflow=KEY_REQUEST run_id=bench_h5_setup node=Authority source=TM5 destination=TM
event=receive timestamp_ns=1791279574762871856 workflow=CT_SHARE run_id=1 node=Authority source=TM5 destination=TM
event=receive timestamp_ns=1791279577418728696 workflow=CT_SHARE run_id=2 node=Authority source=TM5 destination=TM
event=receive timestamp_ns=1791279580074373873 workflow=CT_SHARE run_id=3 node=Authority source=TM5 destination=TM
event=receive timestamp_ns=1791279582762589302 workflow=CT_SHARE run_id=4 node=Authority source=TM5 destination=TM
event=receive timestamp_ns=1791279585386906915 workflow=CT_SHARE run_id=5 node=Authority source=TM5 destination=TM
event=receive timestamp_ns=1791279588078683333 workflow=CT_SHARE run_id=6 node=Authority source=TM5 destination=TM
event=receive timestamp_ns=1791279590730737858 workflow=CT_SHARE run_id=7 node=Authority source=TM5 destination=TM
event=receive timestamp_ns=1791279592331016413 workflow=CT_SHARE run_id=8 node=Authority source=TM5 destination=TM
event=receive timestamp_ns=1791279594986669602 workflow=CT_SHARE run_id=9 node=Authority source=TM5 destination=TM
event=receive timestamp_ns=1791279596586989999 workflow=CT_SHARE run_id=10 node=Authority source=TM5 destination=TM
event=receive timestamp_ns=1791279598186633418 workflow=CT_SHARE run_id=11 node=Authority source=TM5 destination=TM
event=receive timestamp_ns=1791279600842665146 workflow=CT_SHARE run_id=12 node=Authority source=TM5 destination=TM
event=receive timestamp_ns=1791279603498768075 workflow=CT_SHARE run_id=13 node=Authority source=TM5 destination=TM
event=receive timestamp_ns=1791279605130564331 workflow=CT_SHARE run_id=14 node=Authority source=TM5 destination=TM
event=receive timestamp_ns=1791279606666674692 workflow=CT_SHARE run_id=15 node=Authority source=TM5 destination=TM
event=receive timestamp_ns=1791279609354823114 workflow=CT_SHARE run_id=16 node=Authority source=TM5 destination=TM
event=receive timestamp_ns=1791279612010795462 workflow=CT_SHARE run_id=17 node=Authority source=TM5 destination=TM
event=receive timestamp_ns=1791279614635158010 workflow=CT_SHARE run_id=18 node=Authority source=TM5 destination=TM
event=receive timestamp_ns=1791279617322718274 workflow=CT_SHARE run_id=19 node=Authority source=TM5 destination=TM
event=receive timestamp_ns=1791279619978603465 workflow=CT_SHARE run_id=20 node=Authority source=TM5 destination=TM
event=receive timestamp_ns=1791279621546562672 workflow=CT_SHARE run_id=21 node=Authority source=TM5 destination=TM
event=receive timestamp_ns=1791279623146638644 workflow=CT_SHARE run_id=22 node=Authority source=TM5 destination=TM
event=receive timestamp_ns=1791279624682788894 workflow=CT_SHARE run_id=23 node=Authority source=TM5 destination=TM
event=receive timestamp_ns=1791279627338770369 workflow=CT_SHARE run_id=24 node=Authority source=TM5 destination=TM
event=receive timestamp_ns=1791279629966640455 workflow=CT_SHARE run_id=25 node=Authority source=TM5 destination=TM
event=receive timestamp_ns=1791279631530430022 workflow=CT_SHARE run_id=26 node=Authority source=TM5 destination=TM
event=receive timestamp_ns=1791279633066490054 workflow=CT_SHARE run_id=27 node=Authority source=TM5 destination=TM
event=receive timestamp_ns=1791279635722597274 workflow=CT_SHARE run_id=28 node=Authority source=TM5 destination=TM
event=receive timestamp_ns=1791279638346769375 workflow=CT_SHARE run_id=29 node=Authority source=TM5 destination=TM
event=receive timestamp_ns=1791279639914387689 workflow=CT_SHARE run_id=30 node=Authority source=TM5 destination=TM
event=receive timestamp_ns=1791279641454645366 workflow=CT_SHARE run_id=31 node=Authority source=TM5 destination=TM
event=receive timestamp_ns=1791279644106846336 workflow=CT_SHARE run_id=32 node=Authority source=TM5 destination=TM
event=receive timestamp_ns=1791279646762931817 workflow=CT_SHARE run_id=33 node=Authority source=TM5 destination=TM
event=receive timestamp_ns=1791279649418929427 workflow=CT_SHARE run_id=34 node=Authority source=TM5 destination=TM
event=receive timestamp_ns=1791279650955133858 workflow=CT_SHARE run_id=35 node=Authority source=TM5 destination=TM
event=send timestamp_ns=1791279651184065408 workflow=ARL_UPDATE run_id=1 node=Authority source=Authority destination=TM
event=send timestamp_ns=1791279653631682887 workflow=ARL_UPDATE run_id=2 node=Authority source=Authority destination=TM
event=send timestamp_ns=1791279655172364636 workflow=ARL_UPDATE run_id=3 node=Authority source=Authority destination=TM
event=send timestamp_ns=1791279656707813832 workflow=ARL_UPDATE run_id=4 node=Authority source=Authority destination=TM
event=send timestamp_ns=1791279658236367133 workflow=ARL_UPDATE run_id=5 node=Authority source=Authority destination=TM
event=send timestamp_ns=1791279659781641881 workflow=ARL_UPDATE run_id=6 node=Authority source=Authority destination=TM
event=send timestamp_ns=1791279661321386509 workflow=ARL_UPDATE run_id=7 node=Authority source=Authority destination=TM
event=send timestamp_ns=1791279662855826182 workflow=ARL_UPDATE run_id=8 node=Authority source=Authority destination=TM
event=send timestamp_ns=1791279664390848583 workflow=ARL_UPDATE run_id=9 node=Authority source=Authority destination=TM
event=send timestamp_ns=1791279666129548628 workflow=ARL_UPDATE run_id=10 node=Authority source=Authority destination=TM
event=send timestamp_ns=1791279668577558391 workflow=ARL_UPDATE run_id=11 node=Authority source=Authority destination=TM
event=send timestamp_ns=1791279670110561515 workflow=ARL_UPDATE run_id=12 node=Authority source=Authority destination=TM
event=send timestamp_ns=1791279671653518807 workflow=ARL_UPDATE run_id=13 node=Authority source=Authority destination=TM
event=send timestamp_ns=1791279673188033199 workflow=ARL_UPDATE run_id=14 node=Authority source=Authority destination=TM
event=send timestamp_ns=1791279674719521366 workflow=ARL_UPDATE run_id=15 node=Authority source=Authority destination=TM
event=send timestamp_ns=1791279676257193357 workflow=ARL_UPDATE run_id=16 node=Authority source=Authority destination=TM
event=send timestamp_ns=1791279677799943700 workflow=ARL_UPDATE run_id=17 node=Authority source=Authority destination=TM
event=send timestamp_ns=1791279679540109899 workflow=ARL_UPDATE run_id=18 node=Authority source=Authority destination=TM
event=send timestamp_ns=1791279681983761617 workflow=ARL_UPDATE run_id=19 node=Authority source=Authority destination=TM
event=send timestamp_ns=1791279683518022526 workflow=ARL_UPDATE run_id=20 node=Authority source=Authority destination=TM
event=send timestamp_ns=1791279685056752339 workflow=ARL_UPDATE run_id=21 node=Authority source=Authority destination=TM
event=send timestamp_ns=1791279686595302301 workflow=ARL_UPDATE run_id=22 node=Authority source=Authority destination=TM
event=send timestamp_ns=1791279688131918699 workflow=ARL_UPDATE run_id=23 node=Authority source=Authority destination=TM
event=send timestamp_ns=1791279689668200647 workflow=ARL_UPDATE run_id=24 node=Authority source=Authority destination=TM
event=send timestamp_ns=1791279691203380567 workflow=ARL_UPDATE run_id=25 node=Authority source=Authority destination=TM
event=send timestamp_ns=1791279692735763372 workflow=ARL_UPDATE run_id=26 node=Authority source=Authority destination=TM
event=send timestamp_ns=1791279694274403311 workflow=ARL_UPDATE run_id=27 node=Authority source=Authority destination=TM
event=send timestamp_ns=1791279695810741484 workflow=ARL_UPDATE run_id=28 node=Authority source=Authority destination=TM
event=send timestamp_ns=1791279697350192890 workflow=ARL_UPDATE run_id=29 node=Authority source=Authority destination=TM
event=send timestamp_ns=1791279698882739066 workflow=ARL_UPDATE run_id=30 node=Authority source=Authority destination=TM
event=send timestamp_ns=1791279700421635668 workflow=ARL_UPDATE run_id=31 node=Authority source=Authority destination=TM
event=send timestamp_ns=1791279701956301420 workflow=ARL_UPDATE run_id=32 node=Authority source=Authority destination=TM
event=send timestamp_ns=1791279703489441262 workflow=ARL_UPDATE run_id=33 node=Authority source=Authority destination=TM
event=send timestamp_ns=1791279705038881330 workflow=ARL_UPDATE run_id=34 node=Authority source=Authority destination=TM
event=send timestamp_ns=1791279706570799364 workflow=ARL_UPDATE run_id=35 node=Authority source=Authority destination=TM
event=send timestamp_ns=1791279708103600594 workflow=ARL_UPDATE run_id=36 node=Authority source=Authority destination=TM
event=send timestamp_ns=1791279709637071221 workflow=ARL_UPDATE run_id=37 node=Authority source=Authority destination=TM
event=send timestamp_ns=1791279711180484722 workflow=ARL_UPDATE run_id=38 node=Authority source=Authority destination=TM
event=send timestamp_ns=1791279712714716840 workflow=ARL_UPDATE run_id=39 node=Authority source=Authority destination=TM
event=send timestamp_ns=1791279714255973158 workflow=ARL_UPDATE run_id=40 node=Authority source=Authority destination=TM
event=send timestamp_ns=1791279716002112264 workflow=ARL_UPDATE run_id=41 node=Authority source=Authority destination=TM
event=send timestamp_ns=1791279718477757539 workflow=ARL_UPDATE run_id=42 node=Authority source=Authority destination=TM
event=send timestamp_ns=1791279720216126779 workflow=ARL_UPDATE run_id=43 node=Authority source=Authority destination=TM
event=send timestamp_ns=1791279722668203613 workflow=ARL_UPDATE run_id=44 node=Authority source=Authority destination=TM
event=send timestamp_ns=1791279724203982013 workflow=ARL_UPDATE run_id=45 node=Authority source=Authority destination=TM
event=send timestamp_ns=1791279725735323460 workflow=ARL_UPDATE run_id=46 node=Authority source=Authority destination=TM
event=send timestamp_ns=1791279727268719896 workflow=ARL_UPDATE run_id=47 node=Authority source=Authority destination=TM
event=send timestamp_ns=1791279728812158384 workflow=ARL_UPDATE run_id=48 node=Authority source=Authority destination=TM
event=send timestamp_ns=1791279730354141017 workflow=ARL_UPDATE run_id=49 node=Authority source=Authority destination=TM
event=send timestamp_ns=1791279731887399302 workflow=ARL_UPDATE run_id=50 node=Authority source=Authority destination=TM
event=send timestamp_ns=1791279733419017534 workflow=ARL_UPDATE run_id=51 node=Authority source=Authority destination=TM
event=send timestamp_ns=1791279734952260027 workflow=ARL_UPDATE run_id=52 node=Authority source=Authority destination=TM
event=send timestamp_ns=1791279736486742965 workflow=ARL_UPDATE run_id=53 node=Authority source=Authority destination=TM
event=send timestamp_ns=1791279738025402155 workflow=ARL_UPDATE run_id=54 node=Authority source=Authority destination=TM
event=send timestamp_ns=1791279739768835101 workflow=ARL_UPDATE run_id=55 node=Authority source=Authority destination=TM
event=send timestamp_ns=1791279742209514400 workflow=ARL_UPDATE run_id=56 node=Authority source=Authority destination=TM
event=send timestamp_ns=1791279743754889346 workflow=ARL_UPDATE run_id=57 node=Authority source=Authority destination=TM
event=send timestamp_ns=1791279745294132721 workflow=ARL_UPDATE run_id=58 node=Authority source=Authority destination=TM
event=send timestamp_ns=1791279746831763667 workflow=ARL_UPDATE run_id=59 node=Authority source=Authority destination=TM
event=send timestamp_ns=1791279748433335293 workflow=ARL_UPDATE run_id=60 node=Authority source=Authority destination=TM
event=send timestamp_ns=1791279749967039248 workflow=ARL_UPDATE run_id=61 node=Authority source=Authority destination=TM
event=send timestamp_ns=1791279751706553343 workflow=ARL_UPDATE run_id=62 node=Authority source=Authority destination=TM
event=send timestamp_ns=1791279754183340625 workflow=ARL_UPDATE run_id=63 node=Authority source=Authority destination=TM
event=send timestamp_ns=1791279755925339022 workflow=ARL_UPDATE run_id=64 node=Authority source=Authority destination=TM
event=send timestamp_ns=1791279758374773047 workflow=ARL_UPDATE run_id=65 node=Authority source=Authority destination=TM
event=send timestamp_ns=1791279759910734852 workflow=ARL_UPDATE run_id=66 node=Authority source=Authority destination=TM
event=send timestamp_ns=1791279761460926583 workflow=ARL_UPDATE run_id=67 node=Authority source=Authority destination=TM
event=send timestamp_ns=1791279763026440767 workflow=ARL_UPDATE run_id=68 node=Authority source=Authority destination=TM
event=send timestamp_ns=1791279764764577145 workflow=ARL_UPDATE run_id=69 node=Authority source=Authority destination=TM
event=send timestamp_ns=1791279767217321618 workflow=ARL_UPDATE run_id=70 node=Authority source=Authority destination=TM
event=send timestamp_ns=1791279771413063903 workflow=KEY_RESPONSE run_id=bench_h5_key_w1 node=Authority source=Authority destination=bench_h5_key_w1
event=receive timestamp_ns=1791279771402809160 workflow=KEY_REQUEST run_id=bench_h5_key_w1 node=Authority source=TM5 destination=TM
event=send timestamp_ns=1791279775024900886 workflow=KEY_RESPONSE run_id=bench_h5_key_w2 node=Authority source=Authority destination=bench_h5_key_w2
event=receive timestamp_ns=1791279775018704113 workflow=KEY_REQUEST run_id=bench_h5_key_w2 node=Authority source=TM5 destination=TM
event=send timestamp_ns=1791279778646259861 workflow=KEY_RESPONSE run_id=bench_h5_key_w3 node=Authority source=Authority destination=bench_h5_key_w3
event=receive timestamp_ns=1791279778634796181 workflow=KEY_REQUEST run_id=bench_h5_key_w3 node=Authority source=TM5 destination=TM
event=send timestamp_ns=1791279783315499044 workflow=KEY_RESPONSE run_id=bench_h5_key_w4 node=Authority source=Authority destination=bench_h5_key_w4
event=receive timestamp_ns=1791279783306571911 workflow=KEY_REQUEST run_id=bench_h5_key_w4 node=Authority source=TM5 destination=TM
event=send timestamp_ns=1791279786832442218 workflow=KEY_RESPONSE run_id=bench_h5_key_w5 node=Authority source=Authority destination=bench_h5_key_w5
event=receive timestamp_ns=1791279786826642801 workflow=KEY_REQUEST run_id=bench_h5_key_w5 node=Authority source=TM5 destination=TM
event=send timestamp_ns=1791279790416230419 workflow=KEY_RESPONSE run_id=bench_h5_key_001 node=Authority source=Authority destination=bench_h5_key_001
event=receive timestamp_ns=1791279790410503413 workflow=KEY_REQUEST run_id=bench_h5_key_001 node=Authority source=TM5 destination=TM
event=send timestamp_ns=1791279794031633898 workflow=KEY_RESPONSE run_id=bench_h5_key_002 node=Authority source=Authority destination=bench_h5_key_002
event=receive timestamp_ns=1791279794026721678 workflow=KEY_REQUEST run_id=bench_h5_key_002 node=Authority source=TM5 destination=TM
event=send timestamp_ns=1791279797555446612 workflow=KEY_RESPONSE run_id=bench_h5_key_003 node=Authority source=Authority destination=bench_h5_key_003
event=receive timestamp_ns=1791279797546639655 workflow=KEY_REQUEST run_id=bench_h5_key_003 node=Authority source=TM5 destination=TM
event=send timestamp_ns=1791279801135187844 workflow=KEY_RESPONSE run_id=bench_h5_key_004 node=Authority source=Authority destination=bench_h5_key_004
event=receive timestamp_ns=1791279801130454043 workflow=KEY_REQUEST run_id=bench_h5_key_004 node=Authority source=TM5 destination=TM
event=send timestamp_ns=1791279806833527747 workflow=KEY_RESPONSE run_id=bench_h5_key_005 node=Authority source=Authority destination=bench_h5_key_005
event=receive timestamp_ns=1791279806826633534 workflow=KEY_REQUEST run_id=bench_h5_key_005 node=Authority source=TM5 destination=TM
event=send timestamp_ns=1791279810390965916 workflow=KEY_RESPONSE run_id=bench_h5_key_006 node=Authority source=Authority destination=bench_h5_key_006
event=receive timestamp_ns=1791279810378787282 workflow=KEY_REQUEST run_id=bench_h5_key_006 node=Authority source=TM5 destination=TM
event=send timestamp_ns=1791279815027737934 workflow=KEY_RESPONSE run_id=bench_h5_key_007 node=Authority source=Authority destination=bench_h5_key_007
event=receive timestamp_ns=1791279815018864381 workflow=KEY_REQUEST run_id=bench_h5_key_007 node=Authority source=TM5 destination=TM
event=send timestamp_ns=1791279818607020665 workflow=KEY_RESPONSE run_id=bench_h5_key_008 node=Authority source=Authority destination=bench_h5_key_008
event=receive timestamp_ns=1791279818602509241 workflow=KEY_REQUEST run_id=bench_h5_key_008 node=Authority source=TM5 destination=TM
event=send timestamp_ns=1791279822198655626 workflow=KEY_RESPONSE run_id=bench_h5_key_009 node=Authority source=Authority destination=bench_h5_key_009
event=receive timestamp_ns=1791279822186698462 workflow=KEY_REQUEST run_id=bench_h5_key_009 node=Authority source=TM5 destination=TM
event=send timestamp_ns=1791279826872060672 workflow=KEY_RESPONSE run_id=bench_h5_key_010 node=Authority source=Authority destination=bench_h5_key_010
event=receive timestamp_ns=1791279826858811427 workflow=KEY_REQUEST run_id=bench_h5_key_010 node=Authority source=TM5 destination=TM
event=send timestamp_ns=1791279830522686039 workflow=KEY_RESPONSE run_id=bench_h5_key_011 node=Authority source=Authority destination=bench_h5_key_011
event=receive timestamp_ns=1791279830507301515 workflow=KEY_REQUEST run_id=bench_h5_key_011 node=Authority source=TM5 destination=TM
event=send timestamp_ns=1791279834099820356 workflow=KEY_RESPONSE run_id=bench_h5_key_012 node=Authority source=Authority destination=bench_h5_key_012
event=receive timestamp_ns=1791279834090756320 workflow=KEY_REQUEST run_id=bench_h5_key_012 node=Authority source=TM5 destination=TM
event=send timestamp_ns=1791279838771640776 workflow=KEY_RESPONSE run_id=bench_h5_key_013 node=Authority source=Authority destination=bench_h5_key_013
event=receive timestamp_ns=1791279838762886007 workflow=KEY_REQUEST run_id=bench_h5_key_013 node=Authority source=TM5 destination=TM
event=send timestamp_ns=1791279843451107125 workflow=KEY_RESPONSE run_id=bench_h5_key_014 node=Authority source=Authority destination=bench_h5_key_014
event=receive timestamp_ns=1791279843434910125 workflow=KEY_REQUEST run_id=bench_h5_key_014 node=Authority source=TM5 destination=TM
event=send timestamp_ns=1791279847158444056 workflow=KEY_RESPONSE run_id=bench_h5_key_015 node=Authority source=Authority destination=bench_h5_key_015
event=receive timestamp_ns=1791279847146659932 workflow=KEY_REQUEST run_id=bench_h5_key_015 node=Authority source=TM5 destination=TM
event=send timestamp_ns=1791279850839033404 workflow=KEY_RESPONSE run_id=bench_h5_key_016 node=Authority source=Authority destination=bench_h5_key_016
event=receive timestamp_ns=1791279850826793726 workflow=KEY_REQUEST run_id=bench_h5_key_016 node=Authority source=TM5 destination=TM
event=send timestamp_ns=1791279854423672903 workflow=KEY_RESPONSE run_id=bench_h5_key_017 node=Authority source=Authority destination=bench_h5_key_017
event=receive timestamp_ns=1791279854410617512 workflow=KEY_REQUEST run_id=bench_h5_key_017 node=Authority source=TM5 destination=TM
event=send timestamp_ns=1791279858133988204 workflow=KEY_RESPONSE run_id=bench_h5_key_018 node=Authority source=Authority destination=bench_h5_key_018
event=receive timestamp_ns=1791279858122767319 workflow=KEY_REQUEST run_id=bench_h5_key_018 node=Authority source=TM5 destination=TM
event=send timestamp_ns=1791279861779791579 workflow=KEY_RESPONSE run_id=bench_h5_key_019 node=Authority source=Authority destination=bench_h5_key_019
event=receive timestamp_ns=1791279861770524426 workflow=KEY_REQUEST run_id=bench_h5_key_019 node=Authority source=TM5 destination=TM
event=send timestamp_ns=1791279865366149016 workflow=KEY_RESPONSE run_id=bench_h5_key_020 node=Authority source=Authority destination=bench_h5_key_020
event=receive timestamp_ns=1791279865354745657 workflow=KEY_REQUEST run_id=bench_h5_key_020 node=Authority source=TM5 destination=TM
event=send timestamp_ns=1791279869011570139 workflow=KEY_RESPONSE run_id=bench_h5_key_021 node=Authority source=Authority destination=bench_h5_key_021
event=receive timestamp_ns=1791279869002604590 workflow=KEY_REQUEST run_id=bench_h5_key_021 node=Authority source=TM5 destination=TM
event=send timestamp_ns=1791279872629083903 workflow=KEY_RESPONSE run_id=bench_h5_key_022 node=Authority source=Authority destination=bench_h5_key_022
event=receive timestamp_ns=1791279872618623272 workflow=KEY_REQUEST run_id=bench_h5_key_022 node=Authority source=TM5 destination=TM
event=send timestamp_ns=1791279877275233017 workflow=KEY_RESPONSE run_id=bench_h5_key_023 node=Authority source=Authority destination=bench_h5_key_023
event=receive timestamp_ns=1791279877262528185 workflow=KEY_REQUEST run_id=bench_h5_key_023 node=Authority source=TM5 destination=TM
event=send timestamp_ns=1791279880887468980 workflow=KEY_RESPONSE run_id=bench_h5_key_024 node=Authority source=Authority destination=bench_h5_key_024
event=receive timestamp_ns=1791279880874822820 workflow=KEY_REQUEST run_id=bench_h5_key_024 node=Authority source=TM5 destination=TM
event=send timestamp_ns=1791279885560470414 workflow=KEY_RESPONSE run_id=bench_h5_key_025 node=Authority source=Authority destination=bench_h5_key_025
event=receive timestamp_ns=1791279885550773176 workflow=KEY_REQUEST run_id=bench_h5_key_025 node=Authority source=TM5 destination=TM
event=send timestamp_ns=1791279890165660276 workflow=KEY_RESPONSE run_id=bench_h5_key_026 node=Authority source=Authority destination=bench_h5_key_026
event=receive timestamp_ns=1791279890155169582 workflow=KEY_REQUEST run_id=bench_h5_key_026 node=Authority source=TM5 destination=TM
event=send timestamp_ns=1791279893811052841 workflow=KEY_RESPONSE run_id=bench_h5_key_027 node=Authority source=Authority destination=bench_h5_key_027
event=receive timestamp_ns=1791279893806501950 workflow=KEY_REQUEST run_id=bench_h5_key_027 node=Authority source=TM5 destination=TM
event=send timestamp_ns=1791279898452539460 workflow=KEY_RESPONSE run_id=bench_h5_key_028 node=Authority source=Authority destination=bench_h5_key_028
event=receive timestamp_ns=1791279898442766447 workflow=KEY_REQUEST run_id=bench_h5_key_028 node=Authority source=TM5 destination=TM
event=send timestamp_ns=1791279903156223174 workflow=KEY_RESPONSE run_id=bench_h5_key_029 node=Authority source=Authority destination=bench_h5_key_029
event=receive timestamp_ns=1791279903146680935 workflow=KEY_REQUEST run_id=bench_h5_key_029 node=Authority source=TM5 destination=TM
event=send timestamp_ns=1791279906706642564 workflow=KEY_RESPONSE run_id=bench_h5_key_030 node=Authority source=Authority destination=bench_h5_key_030
event=receive timestamp_ns=1791279906698563060 workflow=KEY_REQUEST run_id=bench_h5_key_030 node=Authority source=TM5 destination=TM
