event=receive timestamp_ns=1791279569834710480 workflow=KEY_REQUEST run_id=bench_h5_setup node=U1 source=TM5 destination=TM
event=receive timestamp_ns=1791279574666519057 workflow=CT_SHARE run_id=1 node=U1 source=TM5 destination=TM
event=receive timestamp_ns=1791279577322953313 workflow=CT_SHARE run_id=2 node=U1 source=TM5 destination=TM
event=receive timestamp_ns=1791279580010562198 workflow=CT_SHARE run_id=3 node=U1 source=TM5 destination=TM
event=receive timestamp_ns=1791279582634552603 workflow=CT_SHARE run_id=4 node=U1 source=TM5 destination=TM
event=receive timestamp_ns=1791279585290937718 workflow=CT_SHARE run_id=5 node=U1 source=TM5 destination=TM
event=receive timestamp_ns=1791279587946905851 workflow=CT_SHARE run_id=6 node=U1 source=TM5 destination=TM
event=receive timestamp_ns=1791279590634966780 workflow=CT_SHARE run_id=7 node=U1 source=TM5 destination=TM
event=receive timestamp_ns=1791279592234537325 workflow=CT_SHARE run_id=8 node=U1 source=TM5 destination=TM
event=receive timestamp_ns=1791279594890696199 workflow=CT_SHARE run_id=9 node=U1 source=TM5 destination=TM
event=receive timestamp_ns=1791279596522969051 workflow=CT_SHARE run_id=10 node=U1 source=TM5 destination=TM
event=receive timestamp_ns=1791279598090548325 workflow=CT_SHARE run_id=11 node=U1 source=TM5 destination=TM
event=receive timestamp_ns=1791279600746641619 workflow=CT_SHARE run_id=12 node=U1 source=TM5 destination=TM
event=receive timestamp_ns=1791279603406593316 workflow=CT_SHARE run_id=13 node=U1 source=TM5 destination=TM
event=receive timestamp_ns=1791279605034835188 workflow=CT_SHARE run_id=14 node=U1 source=TM5 destination=TM
event=receive timestamp_ns=1791279606570897555 workflow=CT_SHARE run_id=15 node=U1 source=TM5 destination=TM
event=receive timestamp_ns=1791279609258860536 workflow=CT_SHARE run_id=16 node=U1 source=TM5 destination=TM
event=receive timestamp_ns=1791279611915144406 workflow=CT_SHARE run_id=17 node=U1 source=TM5 destination=TM
event=receive timestamp_ns=1791279614538764747 workflow=CT_SHARE run_id=18 node=U1 source=TM5 destination=TM
event=receive timestamp_ns=1791279617226932502 workflow=CT_SHARE run_id=19 node=U1 source=TM5 destination=TM
event=receive timestamp_ns=1791279619882958299 workflow=CT_SHARE run_id=20 node=U1 source=TM5 destination=TM
event=receive timestamp_ns=1791279621450607899 workflow=CT_SHARE run_id=21 node=U1 source=TM5 destination=TM
event=receive timestamp_ns=1791279623050522964 workflow=CT_SHARE run_id=22 node=U1 source=TM5 destination=TM
event=receive timestamp_ns=1791279624586597791 workflow=CT_SHARE run_id=23 node=U1 source=TM5 destination=TM
event=receive timestamp_ns=1791279627242500395 workflow=CT_SHARE run_id=24 node=U1 source=TM5 destination=TM
event=receive timestamp_ns=1791279629898585403 workflow=CT_SHARE run_id=25 node=U1 source=TM5 destination=TM
event=receive timestamp_ns=1791279631434523198 workflow=CT_SHARE run_id=26 node=U1 source=TM5 destination=TM
event=receive timestamp_ns=1791279632970584408 workflow=CT_SHARE run_id=27 node=U1 source=TM5 destination=TM
event=receive timestamp_ns=1791279635626610605 workflow=CT_SHARE run_id=28 node=U1 source=TM5 destination=TM
event=receive timestamp_ns=1791279638282454217 workflow=CT_SHARE run_id=29 node=U1 source=TM5 destination=TM
event=receive timestamp_ns=1791279639819030588 workflow=CT_SHARE run_id=30 node=U1 source=TM5 destination=TM
event=receive timestamp_ns=1791279641358398186 workflow=CT_SHARE run_id=31 node=U1 source=TM5 destination=TM
event=receive timestamp_ns=1791279644010579671 workflow=CT_SHARE run_id=32 node=U1 source=TM5 destination=TM
event=receive timestamp_ns=1791279646666727227 workflow=CT_SHARE run_id=33 node=U1 source=TM5 destination=TM
event=receive timestamp_ns=1791279649290565862 workflow=CT_SHARE run_id=34 node=U1 source=TM5 destination=TM
event=receive timestamp_ns=1791279650858710892 workflow=CT_SHARE run_id=35 node=U1 source=TM5 destination=TM
event=receive timestamp_ns=1791279653226576998 workflow=ARL_UPDATE run_id=1 node=U1 source=Authority destination=TM
event=receive timestamp_ns=1791279654762565838 workflow=ARL_UPDATE run_id=2 node=U1 source=Authority destination=TM
event=receive timestamp_ns=1791279656302669756 workflow=ARL_UPDATE run_id=3 node=U1 source=Authority destination=TM
event=receive timestamp_ns=1791279657834599133 workflow=ARL_UPDATE run_id=4 node=U1 source=Authority destination=TM
event=receive timestamp_ns=1791279659374673812 workflow=ARL_UPDATE run_id=5 node=U1 source=Authority destination=TM
event=receive timestamp_ns=1791279660910483644 workflow=ARL_UPDATE run_id=6 node=U1 source=Authority destination=TM
event=receive timestamp_ns=1791279662442805693 workflow=ARL_UPDATE run_id=7 node=U1 source=Authority destination=TM
event=receive timestamp_ns=1791279663978465517 workflow=ARL_UPDATE run_id=8 node=U1 source=Authority destination=TM
event=receive timestamp_ns=1791279665514584451 workflow=ARL_UPDATE run_id=9 node=U1 source=Authority destination=TM
event=receive timestamp_ns=1791279668170994514 workflow=ARL_UPDATE run_id=10 node=U1 source=Authority destination=TM
event=receive timestamp_ns=1791279669706464002 workflow=ARL_UPDATE run_id=11 node=U1 source=Authority destination=TM
event=receive timestamp_ns=1791279671242607733 workflow=ARL_UPDATE run_id=12 node=U1 source=Authority destination=TM
event=receive timestamp_ns=1791279672782784543 workflow=ARL_UPDATE run_id=13 node=U1 source=Authority destination=TM
event=receive timestamp_ns=1791279674314608438 workflow=ARL_UPDATE run_id=14 node=U1 source=Authority destination=TM
event=receive timestamp_ns=1791279675850667755 workflow=ARL_UPDATE run_id=15 node=U1 source=Authority destination=TM
event=receive timestamp_ns=1791279677386437920 workflow=ARL_UPDATE run_id=16 node=U1 source=Authority destination=TM
event=receive timestamp_ns=1791279678923037313 workflow=ARL_UPDATE run_id=17 node=U1 source=Authority destination=TM
event=receive timestamp_ns=1791279681578619539 workflow=ARL_UPDATE run_id=18 node=U1 source=Authority destination=TM
event=receive timestamp_ns=1791279683114506645 workflow=ARL_UPDATE run_id=19 node=U1 source=Authority destination=TM
event=receive timestamp_ns=1791279684650455659 workflow=ARL_UPDATE run_id=20 node=U1 source=Authority destination=TM
event=receive timestamp_ns=1791279686190665630 workflow=ARL_UPDATE run_id=21 node=U1 source=Authority destination=TM
event=receive timestamp_ns=1791279687722831740 workflow=ARL_UPDATE run_id=22 node=U1 source=Authority destination=TM
event=receive timestamp_ns=1791279689258616224 workflow=ARL_UPDATE run_id=23 node=U1 source=Authority destination=TM
event=receive timestamp_ns=1791279690794529196 workflow=ARL_UPDATE run_id=24 node=U1 source=Authority destination=TM
event=receive timestamp_ns=1791279692330616752 workflow=ARL_UPDATE run_id=25 node=U1 source=Authority destination=TM
event=receive timestamp_ns=1791279693870388656 workflow=ARL_UPDATE run_id=26 node=U1 source=Authority destination=TM
event=receive timestamp_ns=1791279695402513829 workflow=ARL_UPDATE run_id=27 node=U1 source=Authority destination=TM
event=receive timestamp_ns=1791279696942630633 workflow=ARL_UPDATE run_id=28 node=U1 source=Authority destination=TM
event=receive timestamp_ns=1791279698474764914 workflow=ARL_UPDATE run_id=29 node=U1 source=Authority destination=TM
event=receive timestamp_ns=1791279700014605314 workflow=ARL_UPDATE run_id=30 node=U1 source=Authority destination=TM
event=receive timestamp_ns=1791279701546757595 workflow=ARL_UPDATE run_id=31 node=U1 source=Authority destination=TM
event=receive timestamp_ns=1791279703082587426 workflow=ARL_UPDATE run_id=32 node=U1 source=Authority destination=TM
event=receive timestamp_ns=1791279704622703446 workflow=ARL_UPDATE run_id=33 node=U1 source=Authority destination=TM
event=receive timestamp_ns=1791279706154649992 workflow=ARL_UPDATE run_id=34 node=U1 source=Authority destination=TM
event=receive timestamp_ns=1791279707690887800 workflow=ARL_UPDATE run_id=35 node=U1 source=Authority destination=TM
event=receive timestamp_ns=1791279709226655428 workflow=ARL_UPDATE run_id=36 node=U1 source=Authority destination=TM
event=receive timestamp_ns=1791279710763178872 workflow=ARL_UPDATE run_id=37 node=U1 source=Authority destination=TM
event=receive timestamp_ns=1791279712298732548 workflow=ARL_UPDATE run_id=38 node=U1 source=Authority destination=TM
event=receive timestamp_ns=1791279713835055814 workflow=ARL_UPDATE run_id=39 node=U1 source=Authority destination=TM
event=receive timestamp_ns=1791279715371086820 workflow=ARL_UPDATE run_id=40 node=U1 source=Authority destination=TM
event=receive timestamp_ns=1791279718027366890 workflow=ARL_UPDATE run_id=41 node=U1 source=Authority destination=TM
event=receive timestamp_ns=1791279719594984653 workflow=ARL_UPDATE run_id=42 node=U1 source=Authority destination=TM
event=receive timestamp_ns=1791279722250422663 workflow=ARL_UPDATE run_id=43 node=U1 source=Authority destination=TM
event=receive timestamp_ns=1791279723786938658 workflow=ARL_UPDATE run_id=44 node=U1 source=Authority destination=TM
event=receive timestamp_ns=1791279725322647684 workflow=ARL_UPDATE run_id=45 node=U1 source=Authority destination=TM
event=receive timestamp_ns=1791279726858740952 workflow=ARL_UPDATE run_id=46 node=U1 source=Authority destination=TM
event=receive timestamp_ns=1791279728394750374 workflow=ARL_UPDATE run_id=47 node=U1 source=Authority destination=TM
event=receive timestamp_ns=1791279729930663551 workflow=ARL_UPDATE run_id=48 node=U1 source=Authority destination=TM
event=receive timestamp_ns=1791279731498649438 workflow=ARL_UPDATE run_id=49 node=U1 source=Authority destination=TM
event=receive timestamp_ns=1791279733002716006 workflow=ARL_UPDATE run_id=50 node=U1 source=Authority destination=TM
event=receive timestamp_ns=1791279734538733931 workflow=ARL_UPDATE run_id=51 node=U1 source=Authority destination=TM
event=receive timestamp_ns=1791279736074747853 workflow=ARL_UPDATE run_id=52 node=U1 source=Authority destination=TM
event=receive timestamp_ns=1791279737610876448 workflow=ARL_UPDATE run_id=53 node=U1 source=Authority destination=TM
event=receive timestamp_ns=1791279739146956240 workflow=ARL_UPDATE run_id=54 node=U1 source=Authority destination=TM
event=receive timestamp_ns=1791279741806404612 workflow=ARL_UPDATE run_id=55 node=U1 source=Authority destination=TM
event=receive timestamp_ns=1791279743338699546 workflow=ARL_UPDATE run_id=56 node=U1 source=Authority destination=TM
event=receive timestamp_ns=1791279744878690664 workflow=ARL_UPDATE run_id=57 node=U1 source=Authority destination=TM
event=receive timestamp_ns=1791279746410788790 workflow=ARL_UPDATE run_id=58 node=U1 source=Authority destination=TM
event=receive timestamp_ns=1791279747946857913 workflow=ARL_UPDATE run_id=59 node=U1 source=Authority destination=TM
event=receive timestamp_ns=1791279749550914863 workflow=ARL_UPDATE run_id=60 node=U1 source=Authority destination=TM
event=receive timestamp_ns=1791279751082717375 workflow=ARL_UPDATE run_id=61 node=U1 source=Authority destination=TM
event=receive timestamp_ns=1791279753770717576 workflow=ARL_UPDATE run_id=62 node=U1 source=Authority destination=TM
event=receive timestamp_ns=1791279755306753110 workflow=ARL_UPDATE run_id=63 node=U1 source=Authority destination=TM
event=receive timestamp_ns=1791279757962938888 workflow=ARL_UPDATE run_id=64 node=U1 source=Authority destination=TM
event=receive timestamp_ns=1791279759498621633 workflow=ARL_UPDATE run_id=65 node=U1 source=Authority destination=TM
event=receive timestamp_ns=1791279761034691611 workflow=ARL_UPDATE run_id=66 node=U1 source=Authority destination=TM
event=receive timestamp_ns=1791279762570871107 workflow=ARL_UPDATE run_id=67 node=U1 source=Authority destination=TM
event=receive timestamp_ns=1791279764138649665 workflow=ARL_UPDATE run_id=68 node=U1 source=Authority destination=TM
event=receive timestamp_ns=1791279766794719122 workflow=ARL_UPDATE run_id=69 node=U1 source=Authority destination=TM
event=receive timestamp_ns=1791279768362730283 workflow=ARL_UPDATE run_id=70 node=U1 source=Authority destination=TM
event=receive timestamp_ns=1791279772010790860 workflow=KEY_REQUEST run_id=bench_h5_key_w1 node=U1 source=TM5 destination=TM
event=receive timestamp_ns=1791279776138597808 workflow=KEY_REQUEST run_id=bench_h5_key_w2 node=U1 source=TM5 destination=TM
event=receive timestamp_ns=1791279778538544520 workflow=KEY_REQUEST run_id=bench_h5_key_w3 node=U1 source=TM5 destination=TM
event=receive timestamp_ns=1791279783210597821 workflow=KEY_REQUEST run_id=bench_h5_key_w4 node=U1 source=TM5 destination=TM
event=receive timestamp_ns=1791279787946680272 workflow=KEY_REQUEST run_id=bench_h5_key_w5 node=U1 source=TM5 destination=TM
event=receive timestamp_ns=1791279790314568134 workflow=KEY_REQUEST run_id=bench_h5_key_001 node=U1 source=TM5 destination=TM
event=receive timestamp_ns=1791279793418890478 workflow=KEY_REQUEST run_id=bench_h5_key_002 node=U1 source=TM5 destination=TM
event=receive timestamp_ns=1791279798666582482 workflow=KEY_REQUEST run_id=bench_h5_key_003 node=U1 source=TM5 destination=TM
event=receive timestamp_ns=1791279801034838576 workflow=KEY_REQUEST run_id=bench_h5_key_004 node=U1 source=TM5 destination=TM
event=receive timestamp_ns=1791279807434515747 workflow=KEY_REQUEST run_id=bench_h5_key_005 node=U1 source=TM5 destination=TM
event=receive timestamp_ns=1791279809802682743 workflow=KEY_REQUEST run_id=bench_h5_key_006 node=U1 source=TM5 destination=TM
event=receive timestamp_ns=1791279816138913122 workflow=KEY_REQUEST run_id=bench_h5_key_007 node=U1 source=TM5 destination=TM
event=receive timestamp_ns=1791279818506642815 workflow=KEY_REQUEST run_id=bench_h5_key_008 node=U1 source=TM5 destination=TM
event=receive timestamp_ns=1791279822795129423 workflow=KEY_REQUEST run_id=bench_h5_key_009 node=U1 source=TM5 destination=TM
event=receive timestamp_ns=1791279827498948006 workflow=KEY_REQUEST run_id=bench_h5_key_010 node=U1 source=TM5 destination=TM
event=receive timestamp_ns=1791279831658737633 workflow=KEY_REQUEST run_id=bench_h5_key_011 node=U1 source=TM5 destination=TM
event=receive timestamp_ns=1791279833994482586 workflow=KEY_REQUEST run_id=bench_h5_key_012 node=U1 source=TM5 destination=TM
event=receive timestamp_ns=1791279838666833257 workflow=KEY_REQUEST run_id=bench_h5_key_013 node=U1 source=TM5 destination=TM
event=receive timestamp_ns=1791279843342564092 workflow=KEY_REQUEST run_id=bench_h5_key_014 node=U1 source=TM5 destination=TM
event=receive timestamp_ns=1791279847050944829 workflow=KEY_REQUEST run_id=bench_h5_key_015 node=U1 source=TM5 destination=TM
event=receive timestamp_ns=1791279850730768388 workflow=KEY_REQUEST run_id=bench_h5_key_016 node=U1 source=TM5 destination=TM
event=receive timestamp_ns=1791279854314774001 workflow=KEY_REQUEST run_id=bench_h5_key_017 node=U1 source=TM5 destination=TM
event=receive timestamp_ns=1791279858734747666 workflow=KEY_REQUEST run_id=bench_h5_key_018 node=U1 source=TM5 destination=TM
event=receive timestamp_ns=1791279862890481586 workflow=KEY_REQUEST run_id=bench_h5_key_019 node=U1 source=TM5 destination=TM
event=receive timestamp_ns=1791279865258797695 workflow=KEY_REQUEST run_id=bench_h5_key_020 node=U1 source=TM5 destination=TM
event=receive timestamp_ns=1791279868906892650 workflow=KEY_REQUEST run_id=bench_h5_key_021 node=U1 source=TM5 destination=TM
event=receive timestamp_ns=1791279872554703778 workflow=KEY_REQUEST run_id=bench_h5_key_022 node=U1 source=TM5 destination=TM
event=receive timestamp_ns=1791279877194550581 workflow=KEY_REQUEST run_id=bench_h5_key_023 node=U1 source=TM5 destination=TM
event=receive timestamp_ns=1791279880266675237 workflow=KEY_REQUEST run_id=bench_h5_key_024 node=U1 source=TM5 destination=TM
event=receive timestamp_ns=1791279884938596133 workflow=KEY_REQUEST run_id=bench_h5_key_025 node=U1 source=TM5 destination=TM
event=receive timestamp_ns=1791279890794675666 workflow=KEY_REQUEST run_id=bench_h5_key_026 node=U1 source=TM5 destination=TM
event=receive timestamp_ns=1791279894922576080 workflow=KEY_REQUEST run_id=bench_h5_key_027 node=U1 source=TM5 destination=TM
event=receive timestamp_ns=1791279898346886005 workflow=KEY_REQUEST run_id=bench_h5_key_028 node=U1 source=TM5 destination=TM
event=receive timestamp_ns=1791279903055154672 workflow=KEY_REQUEST run_id=bench_h5_key_029 node=U1 source=TM5 destination=TM
event=receive timestamp_ns=1791279906634554008 workflow=KEY_REQUEST run_id=bench_h5_key_030 node=U1 source=TM5 destination=TM
