event=receive timestamp_ns=1791279569742805172 workflow=KEY_REQUEST run_id=bench_h5_setup node=U2 source=TM5 destination=TM
event=receive timestamp_ns=1791279574570903700 workflow=CT_SHARE run_id=1 node=U2 source=TM5 destination=TM
event=receive timestamp_ns=1791279577226717716 workflow=CT_SHARE run_id=2 node=U2 source=TM5 destination=TM
event=receive timestamp_ns=1791279579914842138 workflow=CT_SHARE run_id=3 node=U2 source=TM5 destination=TM
event=receive timestamp_ns=1791279582542434038 workflow=CT_SHARE run_id=4 node=U2 source=TM5 destination=TM
event=receive timestamp_ns=1791279585194989195 workflow=CT_SHARE run_id=5 node=U2 source=TM5 destination=TM
event=receive timestamp_ns=1791279587850941615 workflow=CT_SHARE run_id=6 node=U2 source=TM5 destination=TM
event=receive timestamp_ns=1791279590538946597 workflow=CT_SHARE run_id=7 node=U2 source=TM5 destination=TM
event=receive timestamp_ns=1791279592138554891 workflow=CT_SHARE run_id=8 node=U2 source=TM5 destination=TM
event=receive timestamp_ns=1791279594826643697 workflow=CT_SHARE run_id=9 node=U2 source=TM5 destination=TM
event=receive timestamp_ns=1791279596394652874 workflow=CT_SHARE run_id=10 node=U2 source=TM5 destination=TM
event=receive timestamp_ns=1791279597994724424 workflow=CT_SHARE run_id=11 node=U2 source=TM5 destination=TM
event=receive timestamp_ns=1791279600650677063 workflow=CT_SHARE run_id=12 node=U2 source=TM5 destination=TM
event=receive timestamp_ns=1791279603306837804 workflow=CT_SHARE run_id=13 node=U2 source=TM5 destination=TM
event=receive timestamp_ns=1791279604938732888 workflow=CT_SHARE run_id=14 node=U2 source=TM5 destination=TM
event=receive timestamp_ns=1791279606474797632 workflow=CT_SHARE run_id=15 node=U2 source=TM5 destination=TM
event=receive timestamp_ns=1791279609162482148 workflow=CT_SHARE run_id=16 node=U2 source=TM5 destination=TM
event=receive timestamp_ns=1791279611818537466 workflow=CT_SHARE run_id=17 node=U2 source=TM5 destination=TM
event=receive timestamp_ns=1791279614442741091 workflow=CT_SHARE run_id=18 node=U2 source=TM5 destination=TM
event=receive timestamp_ns=1791279617130837217 workflow=CT_SHARE run_id=19 node=U2 source=TM5 destination=TM
event=receive timestamp_ns=1791279619787319861 workflow=CT_SHARE run_id=20 node=U2 source=TM5 destination=TM
event=receive timestamp_ns=1791279621354612226 workflow=CT_SHARE run_id=21 node=U2 source=TM5 destination=TM
event=receive timestamp_ns=1791279622954477965 workflow=CT_SHARE run_id=22 node=U2 source=TM5 destination=TM
event=receive timestamp_ns=1791279624491063814 workflow=CT_SHARE run_id=23 node=U2 source=TM5 destination=TM
event=receive timestamp_ns=1791279627146493414 workflow=CT_SHARE run_id=24 node=U2 source=TM5 destination=TM
event=receive timestamp_ns=1791279629802539538 workflow=CT_SHARE run_id=25 node=U2 source=TM5 destination=TM
event=receive timestamp_ns=1791279631338732612 workflow=CT_SHARE run_id=26 node=U2 source=TM5 destination=TM
event=receive timestamp_ns=1791279632874723202 workflow=CT_SHARE run_id=27 node=U2 source=TM5 destination=TM
event=receive timestamp_ns=1791279635530555085 workflow=CT_SHARE run_id=28 node=U2 source=TM5 destination=TM
event=receive timestamp_ns=1791279638186674382 workflow=CT_SHARE run_id=29 node=U2 source=TM5 destination=TM
event=receive timestamp_ns=1791279639722871986 workflow=CT_SHARE run_id=30 node=U2 source=TM5 destination=TM
event=receive timestamp_ns=1791279641258545926 workflow=CT_SHARE run_id=31 node=U2 source=TM5 destination=TM
event=receive timestamp_ns=1791279643914753363 workflow=CT_SHARE run_id=32 node=U2 source=TM5 destination=TM
event=receive timestamp_ns=1791279646570903671 workflow=CT_SHARE run_id=33 node=U2 source=TM5 destination=TM
event=receive timestamp_ns=1791279649226635590 workflow=CT_SHARE run_id=34 node=U2 source=TM5 destination=TM
event=receive timestamp_ns=1791279650766846112 workflow=CT_SHARE run_id=35 node=U2 source=TM5 destination=TM
event=receive timestamp_ns=1791279653322661617 workflow=ARL_UPDATE run_id=1 node=U2 source=Authority destination=TM
event=receive timestamp_ns=1791279654862550896 workflow=ARL_UPDATE run_id=2 node=U2 source=Authority destination=TM
event=receive timestamp_ns=1791279656394666663 workflow=ARL_UPDATE run_id=3 node=U2 source=Authority destination=TM
event=receive timestamp_ns=1791279657930881651 workflow=ARL_UPDATE run_id=4 node=U2 source=Authority destination=TM
event=receive timestamp_ns=1791279659466753120 workflow=ARL_UPDATE run_id=5 node=U2 source=Authority destination=TM
event=receive timestamp_ns=1791279661002656497 workflow=ARL_UPDATE run_id=6 node=U2 source=Authority destination=TM
event=receive timestamp_ns=1791279662538648168 workflow=ARL_UPDATE run_id=7 node=U2 source=Authority destination=TM
event=receive timestamp_ns=1791279664074724048 workflow=ARL_UPDATE run_id=8 node=U2 source=Authority destination=TM
event=receive timestamp_ns=1791279665610916078 workflow=ARL_UPDATE run_id=9 node=U2 source=Authority destination=TM
event=receive timestamp_ns=1791279668266514438 workflow=ARL_UPDATE run_id=10 node=U2 source=Authority destination=TM
event=receive timestamp_ns=1791279669802515211 workflow=ARL_UPDATE run_id=11 node=U2 source=Authority destination=TM
event=receive timestamp_ns=1791279671338474381 workflow=ARL_UPDATE run_id=12 node=U2 source=Authority destination=TM
event=receive timestamp_ns=1791279672874789400 workflow=ARL_UPDATE run_id=13 node=U2 source=Authority destination=TM
event=receive timestamp_ns=1791279674410695919 workflow=ARL_UPDATE run_id=14 node=U2 source=Authority destination=TM
event=receive timestamp_ns=1791279675946432743 workflow=ARL_UPDATE run_id=15 node=U2 source=Authority destination=TM
event=receive timestamp_ns=1791279677482841978 workflow=ARL_UPDATE run_id=16 node=U2 source=Authority destination=TM
event=receive timestamp_ns=1791279679050587691 workflow=ARL_UPDATE run_id=17 node=U2 source=Authority destination=TM
event=receive timestamp_ns=1791279681678707695 workflow=ARL_UPDATE run_id=18 node=U2 source=Authority destination=TM
event=receive timestamp_ns=1791279683210625569 workflow=ARL_UPDATE run_id=19 node=U2 source=Authority destination=TM
event=receive timestamp_ns=1791279684746915519 workflow=ARL_UPDATE run_id=20 node=U2 source=Authority destination=TM
event=receive timestamp_ns=1791279686286752219 workflow=ARL_UPDATE run_id=21 node=U2 source=Authority destination=TM
event=receive timestamp_ns=1791279687818793596 workflow=ARL_UPDATE run_id=22 node=U2 source=Authority destination=TM
event=receive timestamp_ns=1791279689354884705 workflow=ARL_UPDATE run_id=23 node=U2 source=Authority destination=TM
event=receive timestamp_ns=1791279690890617866 workflow=ARL_UPDATE run_id=24 node=U2 source=Authority destination=TM
event=receive timestamp_ns=1791279692426714064 workflow=ARL_UPDATE run_id=25 node=U2 source=Authority destination=TM
event=receive timestamp_ns=1791279693962611311 workflow=ARL_UPDATE run_id=26 node=U2 source=Authority destination=TM
event=receive timestamp_ns=1791279695498703869 workflow=ARL_UPDATE run_id=27 node=U2 source=Authority destination=TM
event=receive timestamp_ns=1791279697034662628 workflow=ARL_UPDATE run_id=28 node=U2 source=Authority destination=TM
event=receive timestamp_ns=1791279698570543052 workflow=ARL_UPDATE run_id=29 node=U2 source=Authority destination=TM
event=receive timestamp_ns=1791279700106553593 workflow=ARL_UPDATE run_id=30 node=U2 source=Authority destination=TM
event=receive timestamp_ns=1791279701642692695 workflow=ARL_UPDATE run_id=31 node=U2 source=Authority destination=TM
event=receive timestamp_ns=1791279703178816569 workflow=ARL_UPDATE run_id=32 node=U2 source=Authority destination=TM
event=receive timestamp_ns=1791279704714637450 workflow=ARL_UPDATE run_id=33 node=U2 source=Authority destination=TM
event=receive timestamp_ns=1791279706251184930 workflow=ARL_UPDATE run_id=34 node=U2 source=Authority destination=TM
event=receive timestamp_ns=1791279707786667012 workflow=ARL_UPDATE run_id=35 node=U2 source=Authority destination=TM
event=receive timestamp_ns=1791279709326567328 workflow=ARL_UPDATE run_id=36 node=U2 source=Authority destination=TM
event=receive timestamp_ns=1791279710858559880 workflow=ARL_UPDATE run_id=37 node=U2 source=Authority destination=TM
event=receive timestamp_ns=1791279712394774297 workflow=ARL_UPDATE run_id=38 node=U2 source=Authority destination=TM
event=receive timestamp_ns=1791279713931273644 workflow=ARL_UPDATE run_id=39 node=U2 source=Authority destination=TM
event=receive timestamp_ns=1791279715498935304 workflow=ARL_UPDATE run_id=40 node=U2 source=Authority destination=TM
event=receive timestamp_ns=1791279718122636759 workflow=ARL_UPDATE run_id=41 node=U2 source=Authority destination=TM
event=receive timestamp_ns=1791279719722697330 workflow=ARL_UPDATE run_id=42 node=U2 source=Authority destination=TM
event=receive timestamp_ns=1791279722350625481 workflow=ARL_UPDATE run_id=43 node=U2 source=Authority destination=TM
event=receive timestamp_ns=1791279723882760069 workflow=ARL_UPDATE run_id=44 node=U2 source=Authority destination=TM
event=receive timestamp_ns=1791279725418652004 workflow=ARL_UPDATE run_id=45 node=U2 source=Authority destination=TM
event=receive timestamp_ns=1791279726954512300 workflow=ARL_UPDATE run_id=46 node=U2 source=Authority destination=TM
event=receive timestamp_ns=1791279728490675527 workflow=ARL_UPDATE run_id=47 node=U2 source=Authority destination=TM
event=receive timestamp_ns=1791279730026673516 workflow=ARL_UPDATE run_id=48 node=U2 source=Authority destination=TM
event=receive timestamp_ns=1791279731562938534 workflow=ARL_UPDATE run_id=49 node=U2 source=Authority destination=TM
event=receive timestamp_ns=1791279733098548147 workflow=ARL_UPDATE run_id=50 node=U2 source=Authority destination=TM
event=receive timestamp_ns=1791279734634761905 workflow=ARL_UPDATE run_id=51 node=U2 source=Authority destination=TM
event=receive timestamp_ns=1791279736171069485 workflow=ARL_UPDATE run_id=52 node=U2 source=Authority destination=TM
event=receive timestamp_ns=1791279737706444988 workflow=ARL_UPDATE run_id=53 node=U2 source=Authority destination=TM
event=receive timestamp_ns=1791279739274667650 workflow=ARL_UPDATE run_id=54 node=U2 source=Authority destination=TM
event=receive timestamp_ns=1791279741898563086 workflow=ARL_UPDATE run_id=55 node=U2 source=Authority destination=TM
event=receive timestamp_ns=1791279743434684314 workflow=ARL_UPDATE run_id=56 node=U2 source=Authority destination=TM
event=receive timestamp_ns=1791279744970985925 workflow=ARL_UPDATE run_id=57 node=U2 source=Authority destination=TM
event=receive timestamp_ns=1791279746506788079 workflow=ARL_UPDATE run_id=58 node=U2 source=Authority destination=TM
event=receive timestamp_ns=1791279748042736647 workflow=ARL_UPDATE run_id=59 node=U2 source=Authority destination=TM
event=receive timestamp_ns=1791279749643040373 workflow=ARL_UPDATE run_id=60 node=U2 source=Authority destination=TM
event=receive timestamp_ns=1791279751210909363 workflow=ARL_UPDATE run_id=61 node=U2 source=Authority destination=TM
event=receive timestamp_ns=1791279753834741849 workflow=ARL_UPDATE run_id=62 node=U2 source=Authority destination=TM
event=receive timestamp_ns=1791279755402729010 workflow=ARL_UPDATE run_id=63 node=U2 source=Authority destination=TM
event=receive timestamp_ns=1791279758058483616 workflow=ARL_UPDATE run_id=64 node=U2 source=Authority destination=TM
event=receive timestamp_ns=1791279759594755676 workflow=ARL_UPDATE run_id=65 node=U2 source=Authority destination=TM
event=receive timestamp_ns=1791279761130529261 workflow=ARL_UPDATE run_id=66 node=U2 source=Authority destination=TM
event=receive timestamp_ns=1791279762666634006 workflow=ARL_UPDATE run_id=67 node=U2 source=Authority destination=TM
event=receive timestamp_ns=1791279764267081796 workflow=ARL_UPDATE run_id=68 node=U2 source=Authority destination=TM
event=receive timestamp_ns=1791279766891068486 workflow=ARL_UPDATE run_id=69 node=U2 source=Authority destination=TM
event=receive timestamp_ns=1791279768458801883 workflow=ARL_UPDATE run_id=70 node=U2 source=Authority destination=TM
event=receive timestamp_ns=1791279771210998999 workflow=KEY_REQUEST run_id=bench_h5_key_w1 node=U2 source=TM5 destination=TM
event=receive timestamp_ns=1791279776234486922 workflow=KEY_REQUEST run_id=bench_h5_key_w2 node=U2 source=TM5 destination=TM
event=receive timestamp_ns=1791279778474655228 workflow=KEY_REQUEST run_id=bench_h5_key_w3 node=U2 source=TM5 destination=TM
event=receive timestamp_ns=1791279782602422810 workflow=KEY_REQUEST run_id=bench_h5_key_w4 node=U2 source=TM5 destination=TM
event=receive timestamp_ns=1791279787530458688 workflow=KEY_REQUEST run_id=bench_h5_key_w5 node=U2 source=TM5 destination=TM
event=receive timestamp_ns=1791279790250828534 workflow=KEY_REQUEST run_id=bench_h5_key_001 node=U2 source=TM5 destination=TM
event=receive timestamp_ns=1791279793322749336 workflow=KEY_REQUEST run_id=bench_h5_key_002 node=U2 source=TM5 destination=TM
event=receive timestamp_ns=1791279798762703422 workflow=KEY_REQUEST run_id=bench_h5_key_003 node=U2 source=TM5 destination=TM
event=receive timestamp_ns=1791279801002966114 workflow=KEY_REQUEST run_id=bench_h5_key_004 node=U2 source=TM5 destination=TM
event=receive timestamp_ns=1791279806634568472 workflow=KEY_REQUEST run_id=bench_h5_key_005 node=U2 source=TM5 destination=TM
event=receive timestamp_ns=1791279809706559659 workflow=KEY_REQUEST run_id=bench_h5_key_006 node=U2 source=TM5 destination=TM
event=receive timestamp_ns=1791279814826662360 workflow=KEY_REQUEST run_id=bench_h5_key_007 node=U2 source=TM5 destination=TM
event=receive timestamp_ns=1791279817902595385 workflow=KEY_REQUEST run_id=bench_h5_key_008 node=U2 source=TM5 destination=TM
event=receive timestamp_ns=1791279822891125181 workflow=KEY_REQUEST run_id=bench_h5_key_009 node=U2 source=TM5 destination=TM
event=receive timestamp_ns=1791279826666821018 workflow=KEY_REQUEST run_id=bench_h5_key_010 node=U2 source=TM5 destination=TM
event=receive timestamp_ns=1791279831754844157 workflow=KEY_REQUEST run_id=bench_h5_key_011 node=U2 source=TM5 destination=TM
event=receive timestamp_ns=1791279833386841379 workflow=KEY_REQUEST run_id=bench_h5_key_012 node=U2 source=TM5 destination=TM
event=receive timestamp_ns=1791279838570755063 workflow=KEY_REQUEST run_id=bench_h5_key_013 node=U2 source=TM5 destination=TM
event=receive timestamp_ns=1791279843338542643 workflow=KEY_REQUEST run_id=bench_h5_key_014 node=U2 source=TM5 destination=TM
event=receive timestamp_ns=1791279846958505486 workflow=KEY_REQUEST run_id=bench_h5_key_015 node=U2 source=TM5 destination=TM
event=receive timestamp_ns=1791279850666805841 workflow=KEY_REQUEST run_id=bench_h5_key_016 node=U2 source=TM5 destination=TM
event=receive timestamp_ns=1791279855114803151 workflow=KEY_REQUEST run_id=bench_h5_key_017 node=U2 source=TM5 destination=TM
event=receive timestamp_ns=1791279858826789881 workflow=KEY_REQUEST run_id=bench_h5_key_018 node=U2 source=TM5 destination=TM
event=receive timestamp_ns=1791279861578832469 workflow=KEY_REQUEST run_id=bench_h5_key_019 node=U2 source=TM5 destination=TM
event=receive timestamp_ns=1791279864650918209 workflow=KEY_REQUEST run_id=bench_h5_key_020 node=U2 source=TM5 destination=TM
event=receive timestamp_ns=1791279868811085556 workflow=KEY_REQUEST run_id=bench_h5_key_021 node=U2 source=TM5 destination=TM
event=receive timestamp_ns=1791279873322821614 workflow=KEY_REQUEST run_id=bench_h5_key_022 node=U2 source=TM5 destination=TM
event=receive timestamp_ns=1791279877098804338 workflow=KEY_REQUEST run_id=bench_h5_key_023 node=U2 source=TM5 destination=TM
event=receive timestamp_ns=1791279880174832602 workflow=KEY_REQUEST run_id=bench_h5_key_024 node=U2 source=TM5 destination=TM
event=receive timestamp_ns=1791279885354819322 workflow=KEY_REQUEST run_id=bench_h5_key_025 node=U2 source=TM5 destination=TM
event=receive timestamp_ns=1791279889962834568 workflow=KEY_REQUEST run_id=bench_h5_key_026 node=U2 source=TM5 destination=TM
event=receive timestamp_ns=1791279895018759618 workflow=KEY_REQUEST run_id=bench_h5_key_027 node=U2 source=TM5 destination=TM
event=receive timestamp_ns=1791279897739118453 workflow=KEY_REQUEST run_id=bench_h5_key_028 node=U2 source=TM5 destination=TM
event=receive timestamp_ns=1791279902955058169 workflow=KEY_REQUEST run_id=bench_h5_key_029 node=U2 source=TM5 destination=TM
event=receive timestamp_ns=1791279907914480639 workflow=KEY_REQUEST run_id=bench_h5_key_030 node=U2 source=TM5 destination=TM
