event=receive timestamp_ns=1791279569642591674 workflow=KEY_REQUEST run_id=bench_h5_setup node=U3 source=TM5 destination=TM
event=receive timestamp_ns=1791279573962395278 workflow=CT_SHARE run_id=1 node=U3 source=TM5 destination=TM
event=receive timestamp_ns=1791279576618555881 workflow=CT_SHARE run_id=2 node=U3 source=TM5 destination=TM
event=receive timestamp_ns=1791279579306501746 workflow=CT_SHARE run_id=3 node=U3 source=TM5 destination=TM
event=receive timestamp_ns=1791279581930679434 workflow=CT_SHARE run_id=4 node=U3 source=TM5 destination=TM
event=receive timestamp_ns=1791279584586449102 workflow=CT_SHARE run_id=5 node=U3 source=TM5 destination=TM
event=receive timestamp_ns=1791279587242894907 workflow=CT_SHARE run_id=6 node=U3 source=TM5 destination=TM
event=receive timestamp_ns=1791279589930596888 workflow=CT_SHARE run_id=7 node=U3 source=TM5 destination=TM
event=receive timestamp_ns=1791279591534614489 workflow=CT_SHARE run_id=8 node=U3 source=TM5 destination=TM
event=receive timestamp_ns=1791279594218717150 workflow=CT_SHARE run_id=9 node=U3 source=TM5 destination=TM
event=receive timestamp_ns=1791279595786977386 workflow=CT_SHARE run_id=10 node=U3 source=TM5 destination=TM
event=receive timestamp_ns=1791279597386825146 workflow=CT_SHARE run_id=11 node=U3 source=TM5 destination=TM
event=receive timestamp_ns=1791279600046625152 workflow=CT_SHARE run_id=12 node=U3 source=TM5 destination=TM
event=receive timestamp_ns=1791279602698828374 workflow=CT_SHARE run_id=13 node=U3 source=TM5 destination=TM
event=receive timestamp_ns=1791279604330713960 workflow=CT_SHARE run_id=14 node=U3 source=TM5 destination=TM
event=receive timestamp_ns=1791279605866862589 workflow=CT_SHARE run_id=15 node=U3 source=TM5 destination=TM
event=receive timestamp_ns=1791279608554579741 workflow=CT_SHARE run_id=16 node=U3 source=TM5 destination=TM
event=receive timestamp_ns=1791279611210831151 workflow=CT_SHARE run_id=17 node=U3 source=TM5 destination=TM
event=receive timestamp_ns=1791279613838556913 workflow=CT_SHARE run_id=18 node=U3 source=TM5 destination=TM
event=receive timestamp_ns=1791279616522947797 workflow=CT_SHARE run_id=19 node=U3 source=TM5 destination=TM
event=receive timestamp_ns=1791279619182493540 workflow=CT_SHARE run_id=20 node=U3 source=TM5 destination=TM
event=receive timestamp_ns=1791279620746779036 workflow=CT_SHARE run_id=21 node=U3 source=TM5 destination=TM
event=receive timestamp_ns=1791279622346572150 workflow=CT_SHARE run_id=22 node=U3 source=TM5 destination=TM
event=receive timestamp_ns=1791279623886822252 workflow=CT_SHARE run_id=23 node=U3 source=TM5 destination=TM
event=receive timestamp_ns=1791279626538588609 workflow=CT_SHARE run_id=24 node=U3 source=TM5 destination=TM
event=receive timestamp_ns=1791279629194421217 workflow=CT_SHARE run_id=25 node=U3 source=TM5 destination=TM
event=receive timestamp_ns=1791279630734701795 workflow=CT_SHARE run_id=26 node=U3 source=TM5 destination=TM
event=receive timestamp_ns=1791279632270707064 workflow=CT_SHARE run_id=27 node=U3 source=TM5 destination=TM
event=receive timestamp_ns=1791279634926852599 workflow=CT_SHARE run_id=28 node=U3 source=TM5 destination=TM
event=receive timestamp_ns=1791279637578417094 workflow=CT_SHARE run_id=29 node=U3 source=TM5 destination=TM
event=receive timestamp_ns=1791279639118635447 workflow=CT_SHARE run_id=30 node=U3 source=TM5 destination=TM
event=receive timestamp_ns=1791279640650674050 workflow=CT_SHARE run_id=31 node=U3 source=TM5 destination=TM
event=receive timestamp_ns=1791279643306896897 workflow=CT_SHARE run_id=32 node=U3 source=TM5 destination=TM
event=receive timestamp_ns=1791279645962607852 workflow=CT_SHARE run_id=33 node=U3 source=TM5 destination=TM
event=receive timestamp_ns=1791279648622683603 workflow=CT_SHARE run_id=34 node=U3 source=TM5 destination=TM
event=receive timestamp_ns=1791279650154597821 workflow=CT_SHARE run_id=35 node=U3 source=TM5 destination=TM
event=receive timestamp_ns=1791279652906803129 workflow=ARL_UPDATE run_id=1 node=U3 source=Authority destination=TM
event=receive timestamp_ns=1791279654442582787 workflow=ARL_UPDATE run_id=2 node=U3 source=Authority destination=TM
event=receive timestamp_ns=1791279655978839329 workflow=ARL_UPDATE run_id=3 node=U3 source=Authority destination=TM
event=receive timestamp_ns=1791279657514748366 workflow=ARL_UPDATE run_id=4 node=U3 source=Authority destination=TM
event=receive timestamp_ns=1791279659050870570 workflow=ARL_UPDATE run_id=5 node=U3 source=Authority destination=TM
event=receive timestamp_ns=1791279660587109931 workflow=ARL_UPDATE run_id=6 node=U3 source=Authority destination=TM
event=receive timestamp_ns=1791279662122750518 workflow=ARL_UPDATE run_id=7 node=U3 source=Authority destination=TM
event=receive timestamp_ns=1791279663658872916 workflow=ARL_UPDATE run_id=8 node=U3 source=Authority destination=TM
event=receive timestamp_ns=1791279665194842540 workflow=ARL_UPDATE run_id=9 node=U3 source=Authority destination=TM
event=receive timestamp_ns=1791279667854555938 workflow=ARL_UPDATE run_id=10 node=U3 source=Authority destination=TM
event=receive timestamp_ns=1791279669386475591 workflow=ARL_UPDATE run_id=11 node=U3 source=Authority destination=TM
event=receive timestamp_ns=1791279670922733864 workflow=ARL_UPDATE run_id=12 node=U3 source=Authority destination=TM
event=receive timestamp_ns=1791279672458742490 workflow=ARL_UPDATE run_id=13 node=U3 source=Authority destination=TM
event=receive timestamp_ns=1791279673998698795 workflow=ARL_UPDATE run_id=14 node=U3 source=Authority destination=TM
event=receive timestamp_ns=1791279675530729045 workflow=ARL_UPDATE run_id=15 node=U3 source=Authority destination=TM
event=receive timestamp_ns=1791279677066632241 workflow=ARL_UPDATE run_id=16 node=U3 source=Authority destination=TM
event=receive timestamp_ns=1791279678634714504 workflow=ARL_UPDATE run_id=17 node=U3 source=Authority destination=TM
event=receive timestamp_ns=1791279681258461480 workflow=ARL_UPDATE run_id=18 node=U3 source=Authority destination=TM
event=receive timestamp_ns=1791279682794545706 workflow=ARL_UPDATE run_id=19 node=U3 source=Authority destination=TM
event=receive timestamp_ns=1791279684330750903 workflow=ARL_UPDATE run_id=20 node=U3 source=Authority destination=TM
event=receive timestamp_ns=1791279685866707971 workflow=ARL_UPDATE run_id=21 node=U3 source=Authority destination=TM
event=receive timestamp_ns=1791279687402678080 workflow=ARL_UPDATE run_id=22 node=U3 source=Authority destination=TM
event=receive timestamp_ns=1791279688938730683 workflow=ARL_UPDATE run_id=23 node=U3 source=Authority destination=TM
event=receive timestamp_ns=1791279690474423336 workflow=ARL_UPDATE run_id=24 node=U3 source=Authority destination=TM
event=receive timestamp_ns=1791279692010854848 workflow=ARL_UPDATE run_id=25 node=U3 source=Authority destination=TM
event=receive timestamp_ns=1791279693546477311 workflow=ARL_UPDATE run_id=26 node=U3 source=Authority destination=TM
event=receive timestamp_ns=1791279695082730166 workflow=ARL_UPDATE run_id=27 node=U3 source=Authority destination=TM
event=receive timestamp_ns=1791279696619029918 workflow=ARL_UPDATE run_id=28 node=U3 source=Authority destination=TM
event=receive timestamp_ns=1791279698154686984 workflow=ARL_UPDATE run_id=29 node=U3 source=Authority destination=TM
event=receive timestamp_ns=1791279699690638138 workflow=ARL_UPDATE run_id=30 node=U3 source=Authority destination=TM
event=receive timestamp_ns=1791279701230364635 workflow=ARL_UPDATE run_id=31 node=U3 source=Authority destination=TM
event=receive timestamp_ns=1791279702762777536 workflow=ARL_UPDATE run_id=32 node=U3 source=Authority destination=TM
event=receive timestamp_ns=1791279704299123588 workflow=ARL_UPDATE run_id=33 node=U3 source=Authority destination=TM
event=receive timestamp_ns=1791279705834997628 workflow=ARL_UPDATE run_id=34 node=U3 source=Authority destination=TM
event=receive timestamp_ns=1791279707370763529 workflow=ARL_UPDATE run_id=35 node=U3 source=Authority destination=TM
event=receive timestamp_ns=1791279708906505488 workflow=ARL_UPDATE run_id=36 node=U3 source=Authority destination=TM
event=receive timestamp_ns=1791279710446765438 workflow=ARL_UPDATE run_id=37 node=U3 source=Authority destination=TM
event=receive timestamp_ns=1791279711978600189 workflow=ARL_UPDATE run_id=38 node=U3 source=Authority destination=TM
event=receive timestamp_ns=1791279713514885335 workflow=ARL_UPDATE run_id=39 node=U3 source=Authority destination=TM
event=receive timestamp_ns=1791279715082891840 workflow=ARL_UPDATE run_id=40 node=U3 source=Authority destination=TM
event=receive timestamp_ns=1791279717706900832 workflow=ARL_UPDATE run_id=41 node=U3 source=Authority destination=TM
event=receive timestamp_ns=1791279719307201236 workflow=ARL_UPDATE run_id=42 node=U3 source=Authority destination=TM
event=receive timestamp_ns=1791279721930812062 workflow=ARL_UPDATE run_id=43 node=U3 source=Authority destination=TM
event=receive timestamp_ns=1791279723466953097 workflow=ARL_UPDATE run_id=44 node=U3 source=Authority destination=TM
event=receive timestamp_ns=1791279725002928581 workflow=ARL_UPDATE run_id=45 node=U3 source=Authority destination=TM
event=receive timestamp_ns=1791279726538624472 workflow=ARL_UPDATE run_id=46 node=U3 source=Authority destination=TM
event=receive timestamp_ns=1791279728074823298 workflow=ARL_UPDATE run_id=47 node=U3 source=Authority destination=TM
event=receive timestamp_ns=1791279729610993117 workflow=ARL_UPDATE run_id=48 node=U3 source=Authority destination=TM
event=receive timestamp_ns=1791279731178746097 workflow=ARL_UPDATE run_id=49 node=U3 source=Authority destination=TM
event=receive timestamp_ns=1791279732682647542 workflow=ARL_UPDATE run_id=50 node=U3 source=Authority destination=TM
event=receive timestamp_ns=1791279734218997202 workflow=ARL_UPDATE run_id=51 node=U3 source=Authority destination=TM
event=receive timestamp_ns=1791279735754905176 workflow=ARL_UPDATE run_id=52 node=U3 source=Authority destination=TM
event=receive timestamp_ns=1791279737294643051 workflow=ARL_UPDATE run_id=53 node=U3 source=Authority destination=TM
event=receive timestamp_ns=1791279738858796585 workflow=ARL_UPDATE run_id=54 node=U3 source=Authority destination=TM
event=receive timestamp_ns=1791279741482700546 workflow=ARL_UPDATE run_id=55 node=U3 source=Authority destination=TM
event=receive timestamp_ns=1791279743018720829 workflow=ARL_UPDATE run_id=56 node=U3 source=Authority destination=TM
event=receive timestamp_ns=1791279744554841316 workflow=ARL_UPDATE run_id=57 node=U3 source=Authority destination=TM
event=receive timestamp_ns=1791279746090657002 workflow=ARL_UPDATE run_id=58 node=U3 source=Authority destination=TM
event=receive timestamp_ns=1791279747626692088 workflow=ARL_UPDATE run_id=59 node=U3 source=Authority destination=TM
event=receive timestamp_ns=1791279749226720862 workflow=ARL_UPDATE run_id=60 node=U3 source=Authority destination=TM
event=receive timestamp_ns=1791279750762741584 workflow=ARL_UPDATE run_id=61 node=U3 source=Authority destination=TM
event=receive timestamp_ns=1791279753418657135 workflow=ARL_UPDATE run_id=62 node=U3 source=Authority destination=TM
event=receive timestamp_ns=1791279754986749778 workflow=ARL_UPDATE run_id=63 node=U3 source=Authority destination=TM
event=receive timestamp_ns=1791279757642573076 workflow=ARL_UPDATE run_id=64 node=U3 source=Authority destination=TM
event=receive timestamp_ns=1791279759178831381 workflow=ARL_UPDATE run_id=65 node=U3 source=Authority destination=TM
event=receive timestamp_ns=1791279760714774822 workflow=ARL_UPDATE run_id=66 node=U3 source=Authority destination=TM
event=receive timestamp_ns=1791279762283069276 workflow=ARL_UPDATE run_id=67 node=U3 source=Authority destination=TM
event=receive timestamp_ns=1791279763854797885 workflow=ARL_UPDATE run_id=68 node=U3 source=Authority destination=TM
event=receive timestamp_ns=1791279766475156925 workflow=ARL_UPDATE run_id=69 node=U3 source=Authority destination=TM
event=receive timestamp_ns=1791279768042885767 workflow=ARL_UPDATE run_id=70 node=U3 source=Authority destination=TM
event=receive timestamp_ns=1791279771630843734 workflow=KEY_REQUEST run_id=bench_h5_key_w1 node=U3 source=TM5 destination=TM
event=receive timestamp_ns=1791279775274684448 workflow=KEY_REQUEST run_id=bench_h5_key_w2 node=U3 source=TM5 destination=TM
event=receive timestamp_ns=1791279778346438032 workflow=KEY_REQUEST run_id=bench_h5_key_w3 node=U3 source=TM5 destination=TM
event=receive timestamp_ns=1791279782506745910 workflow=KEY_REQUEST run_id=bench_h5_key_w4 node=U3 source=TM5 destination=TM
event=receive timestamp_ns=1791279787086758021 workflow=KEY_REQUEST run_id=bench_h5_key_w5 node=U3 source=TM5 destination=TM
event=receive timestamp_ns=1791279790154736193 workflow=KEY_REQUEST run_id=bench_h5_key_001 node=U3 source=TM5 destination=TM
event=receive timestamp_ns=1791279793738990537 workflow=KEY_REQUEST run_id=bench_h5_key_002 node=U3 source=TM5 destination=TM
event=receive timestamp_ns=1791279797290693063 workflow=KEY_REQUEST run_id=bench_h5_key_003 node=U3 source=TM5 destination=TM
event=receive timestamp_ns=1791279800874431289 workflow=KEY_REQUEST run_id=bench_h5_key_004 node=U3 source=TM5 destination=TM
event=receive timestamp_ns=1791279806538727099 workflow=KEY_REQUEST run_id=bench_h5_key_005 node=U3 source=TM5 destination=TM
event=receive timestamp_ns=1791279810122542579 workflow=KEY_REQUEST run_id=bench_h5_key_006 node=U3 source=TM5 destination=TM
event=receive timestamp_ns=1791279815242758519 workflow=KEY_REQUEST run_id=bench_h5_key_007 node=U3 source=TM5 destination=TM
event=receive timestamp_ns=1791279818314901732 workflow=KEY_REQUEST run_id=bench_h5_key_008 node=U3 source=TM5 destination=TM
event=receive timestamp_ns=1791279821898771797 workflow=KEY_REQUEST run_id=bench_h5_key_009 node=U3 source=TM5 destination=TM
event=receive timestamp_ns=1791279827082720494 workflow=KEY_REQUEST run_id=bench_h5_key_010 node=U3 source=TM5 destination=TM
event=receive timestamp_ns=1791279830734865317 workflow=KEY_REQUEST run_id=bench_h5_key_011 node=U3 source=TM5 destination=TM
event=receive timestamp_ns=1791279833802550387 workflow=KEY_REQUEST run_id=bench_h5_key_012 node=U3 source=TM5 destination=TM
event=receive timestamp_ns=1791279837966918210 workflow=KEY_REQUEST run_id=bench_h5_key_013 node=U3 source=TM5 destination=TM
event=receive timestamp_ns=1791279843146675720 workflow=KEY_REQUEST run_id=bench_h5_key_014 node=U3 source=TM5 destination=TM
event=receive timestamp_ns=1791279846346836450 workflow=KEY_REQUEST run_id=bench_h5_key_015 node=U3 source=TM5 destination=TM
event=receive timestamp_ns=1791279850538969145 workflow=KEY_REQUEST run_id=bench_h5_key_016 node=U3 source=TM5 destination=TM
event=receive timestamp_ns=1791279854122609833 workflow=KEY_REQUEST run_id=bench_h5_key_017 node=U3 source=TM5 destination=TM
event=receive timestamp_ns=1791279858350513364 workflow=KEY_REQUEST run_id=bench_h5_key_018 node=U3 source=TM5 destination=TM
event=receive timestamp_ns=1791279861482902666 workflow=KEY_REQUEST run_id=bench_h5_key_019 node=U3 source=TM5 destination=TM
event=receive timestamp_ns=1791279865066452672 workflow=KEY_REQUEST run_id=bench_h5_key_020 node=U3 source=TM5 destination=TM
event=receive timestamp_ns=1791279869226707505 workflow=KEY_REQUEST run_id=bench_h5_key_021 node=U3 source=TM5 destination=TM
event=receive timestamp_ns=1791279872362861028 workflow=KEY_REQUEST run_id=bench_h5_key_022 node=U3 source=TM5 destination=TM
event=receive timestamp_ns=1791279877514750198 workflow=KEY_REQUEST run_id=bench_h5_key_023 node=U3 source=TM5 destination=TM
event=receive timestamp_ns=1791279880586888819 workflow=KEY_REQUEST run_id=bench_h5_key_024 node=U3 source=TM5 destination=TM
event=receive timestamp_ns=1791279884746545573 workflow=KEY_REQUEST run_id=bench_h5_key_025 node=U3 source=TM5 destination=TM
event=receive timestamp_ns=1791279890378711442 workflow=KEY_REQUEST run_id=bench_h5_key_026 node=U3 source=TM5 destination=TM
event=receive timestamp_ns=1791279894026572256 workflow=KEY_REQUEST run_id=bench_h5_key_027 node=U3 source=TM5 destination=TM
event=receive timestamp_ns=1791279898154652198 workflow=KEY_REQUEST run_id=bench_h5_key_028 node=U3 source=TM5 destination=TM
event=receive timestamp_ns=1791279902346600306 workflow=KEY_REQUEST run_id=bench_h5_key_029 node=U3 source=TM5 destination=TM
event=receive timestamp_ns=1791279906954659658 workflow=KEY_REQUEST run_id=bench_h5_key_030 node=U3 source=TM5 destination=TM
