event=receive timestamp_ns=1791279569514678928 workflow=KEY_REQUEST run_id=bench_h5_setup node=U4 source=TM5 destination=TM
event=receive timestamp_ns=1791279574382580018 workflow=CT_SHARE run_id=1 node=U4 source=TM5 destination=TM
event=receive timestamp_ns=1791279577034467587 workflow=CT_SHARE run_id=2 node=U4 source=TM5 destination=TM
event=receive timestamp_ns=1791279579690854377 workflow=CT_SHARE run_id=3 node=U4 source=TM5 destination=TM
event=receive timestamp_ns=1791279582346724292 workflow=CT_SHARE run_id=4 node=U4 source=TM5 destination=TM
event=receive timestamp_ns=1791279585002666998 workflow=CT_SHARE run_id=5 node=U4 source=TM5 destination=TM
event=receive timestamp_ns=1791279587658642950 workflow=CT_SHARE run_id=6 node=U4 source=TM5 destination=TM
event=receive timestamp_ns=1791279590346534994 workflow=CT_SHARE run_id=7 node=U4 source=TM5 destination=TM
event=receive timestamp_ns=1791279591950421828 workflow=CT_SHARE run_id=8 node=U4 source=TM5 destination=TM
event=receive timestamp_ns=1791279594606840733 workflow=CT_SHARE run_id=9 node=U4 source=TM5 destination=TM
event=receive timestamp_ns=1791279596234615866 workflow=CT_SHARE run_id=10 node=U4 source=TM5 destination=TM
event=receive timestamp_ns=1791279597802576605 workflow=CT_SHARE run_id=11 node=U4 source=TM5 destination=TM
event=receive timestamp_ns=1791279600458458048 workflow=CT_SHARE run_id=12 node=U4 source=TM5 destination=TM
event=receive timestamp_ns=1791279603114668772 workflow=CT_SHARE run_id=13 node=U4 source=TM5 destination=TM
event=receive timestamp_ns=1791279604746784607 workflow=CT_SHARE run_id=14 node=U4 source=TM5 destination=TM
event=receive timestamp_ns=1791279606282590723 workflow=CT_SHARE run_id=15 node=U4 source=TM5 destination=TM
event=receive timestamp_ns=1791279608938613755 workflow=CT_SHARE run_id=16 node=U4 source=TM5 destination=TM
event=receive timestamp_ns=1791279611594600664 workflow=CT_SHARE run_id=17 node=U4 source=TM5 destination=TM
event=receive timestamp_ns=1791279614250835310 workflow=CT_SHARE run_id=18 node=U4 source=TM5 destination=TM
event=receive timestamp_ns=1791279616906541904 workflow=CT_SHARE run_id=19 node=U4 source=TM5 destination=TM
event=receive timestamp_ns=1791279619563243176 workflow=CT_SHARE run_id=20 node=U4 source=TM5 destination=TM
event=receive timestamp_ns=1791279621166541058 workflow=CT_SHARE run_id=21 node=U4 source=TM5 destination=TM
event=receive timestamp_ns=1791279622762445273 workflow=CT_SHARE run_id=22 node=U4 source=TM5 destination=TM
event=receive timestamp_ns=1791279624298377281 workflow=CT_SHARE run_id=23 node=U4 source=TM5 destination=TM
event=receive timestamp_ns=1791279626954586207 workflow=CT_SHARE run_id=24 node=U4 source=TM5 destination=TM
event=receive timestamp_ns=1791279629610537456 workflow=CT_SHARE run_id=25 node=U4 source=TM5 destination=TM
event=receive timestamp_ns=1791279631146593299 workflow=CT_SHARE run_id=26 node=U4 source=TM5 destination=TM
event=receive timestamp_ns=1791279632682650856 workflow=CT_SHARE run_id=27 node=U4 source=TM5 destination=TM
event=receive timestamp_ns=1791279635338551399 workflow=CT_SHARE run_id=28 node=U4 source=TM5 destination=TM
event=receive timestamp_ns=1791279637994712065 workflow=CT_SHARE run_id=29 node=U4 source=TM5 destination=TM
event=receive timestamp_ns=1791279639530706071 workflow=CT_SHARE run_id=30 node=U4 source=TM5 destination=TM
event=receive timestamp_ns=1791279641066823080 workflow=CT_SHARE run_id=31 node=U4 source=TM5 destination=TM
event=receive timestamp_ns=1791279643723228149 workflow=CT_SHARE run_id=32 node=U4 source=TM5 destination=TM
event=receive timestamp_ns=1791279646378782733 workflow=CT_SHARE run_id=33 node=U4 source=TM5 destination=TM
event=receive timestamp_ns=1791279649034548575 workflow=CT_SHARE run_id=34 node=U4 source=TM5 destination=TM
event=receive timestamp_ns=1791279650570513150 workflow=CT_SHARE run_id=35 node=U4 source=TM5 destination=TM
event=receive timestamp_ns=1791279653002743991 workflow=ARL_UPDATE run_id=1 node=U4 source=Authority destination=TM
event=receive timestamp_ns=1791279654538597687 workflow=ARL_UPDATE run_id=2 node=U4 source=Authority destination=TM
event=receive timestamp_ns=1791279656074825276 workflow=ARL_UPDATE run_id=3 node=U4 source=Authority destination=TM
event=receive timestamp_ns=1791279657610709405 workflow=ARL_UPDATE run_id=4 node=U4 source=Authority destination=TM
event=receive timestamp_ns=1791279659147014248 workflow=ARL_UPDATE run_id=5 node=U4 source=Authority destination=TM
event=receive timestamp_ns=1791279660683040358 workflow=ARL_UPDATE run_id=6 node=U4 source=Authority destination=TM
event=receive timestamp_ns=1791279662218701178 workflow=ARL_UPDATE run_id=7 node=U4 source=Authority destination=TM
event=receive timestamp_ns=1791279663758522473 workflow=ARL_UPDATE run_id=8 node=U4 source=Authority destination=TM
event=receive timestamp_ns=1791279665290718530 workflow=ARL_UPDATE run_id=9 node=U4 source=Authority destination=TM
event=receive timestamp_ns=1791279667946922503 workflow=ARL_UPDATE run_id=10 node=U4 source=Authority destination=TM
event=receive timestamp_ns=1791279669482510529 workflow=ARL_UPDATE run_id=11 node=U4 source=Authority destination=TM
event=receive timestamp_ns=1791279671018794594 workflow=ARL_UPDATE run_id=12 node=U4 source=Authority destination=TM
event=receive timestamp_ns=1791279672554753696 workflow=ARL_UPDATE run_id=13 node=U4 source=Authority destination=TM
event=receive timestamp_ns=1791279674090802452 workflow=ARL_UPDATE run_id=14 node=U4 source=Authority destination=TM
event=receive timestamp_ns=1791279675630703022 workflow=ARL_UPDATE run_id=15 node=U4 source=Authority destination=TM
event=receive timestamp_ns=1791279677162843973 workflow=ARL_UPDATE run_id=16 node=U4 source=Authority destination=TM
event=receive timestamp_ns=1791279678730743719 workflow=ARL_UPDATE run_id=17 node=U4 source=Authority destination=TM
event=receive timestamp_ns=1791279681354530937 workflow=ARL_UPDATE run_id=18 node=U4 source=Authority destination=TM
event=receive timestamp_ns=1791279682890475355 workflow=ARL_UPDATE run_id=19 node=U4 source=Authority destination=TM
event=receive timestamp_ns=1791279684426809299 workflow=ARL_UPDATE run_id=20 node=U4 source=Authority destination=TM
event=receive timestamp_ns=1791279685962699412 workflow=ARL_UPDATE run_id=21 node=U4 source=Authority destination=TM
event=receive timestamp_ns=1791279687498631135 workflow=ARL_UPDATE run_id=22 node=U4 source=Authority destination=TM
event=receive timestamp_ns=1791279689034555062 workflow=ARL_UPDATE run_id=23 node=U4 source=Authority destination=TM
event=receive timestamp_ns=1791279690574641139 workflow=ARL_UPDATE run_id=24 node=U4 source=Authority destination=TM
event=receive timestamp_ns=1791279692106513300 workflow=ARL_UPDATE run_id=25 node=U4 source=Authority destination=TM
event=receive timestamp_ns=1791279693642604753 workflow=ARL_UPDATE run_id=26 node=U4 source=Authority destination=TM
event=receive timestamp_ns=1791279695178595281 workflow=ARL_UPDATE run_id=27 node=U4 source=Authority destination=TM
event=receive timestamp_ns=1791279696714605680 workflow=ARL_UPDATE run_id=28 node=U4 source=Authority destination=TM
event=receive timestamp_ns=1791279698254518637 workflow=ARL_UPDATE run_id=29 node=U4 source=Authority destination=TM
event=receive timestamp_ns=1791279699786796082 workflow=ARL_UPDATE run_id=30 node=U4 source=Authority destination=TM
event=receive timestamp_ns=1791279701322650282 workflow=ARL_UPDATE run_id=31 node=U4 source=Authority destination=TM
event=receive timestamp_ns=1791279702858551725 workflow=ARL_UPDATE run_id=32 node=U4 source=Authority destination=TM
event=receive timestamp_ns=1791279704394905557 workflow=ARL_UPDATE run_id=33 node=U4 source=Authority destination=TM
event=receive timestamp_ns=1791279705962679191 workflow=ARL_UPDATE run_id=34 node=U4 source=Authority destination=TM
event=receive timestamp_ns=1791279707467214803 workflow=ARL_UPDATE run_id=35 node=U4 source=Authority destination=TM
event=receive timestamp_ns=1791279709002582610 workflow=ARL_UPDATE run_id=36 node=U4 source=Authority destination=TM
event=receive timestamp_ns=1791279710538799745 workflow=ARL_UPDATE run_id=37 node=U4 source=Authority destination=TM
event=receive timestamp_ns=1791279712074843132 workflow=ARL_UPDATE run_id=38 node=U4 source=Authority destination=TM
event=receive timestamp_ns=1791279713614860716 workflow=ARL_UPDATE run_id=39 node=U4 source=Authority destination=TM
event=receive timestamp_ns=1791279715182817021 workflow=ARL_UPDATE run_id=40 node=U4 source=Authority destination=TM
event=receive timestamp_ns=1791279717802867580 workflow=ARL_UPDATE run_id=41 node=U4 source=Authority destination=TM
event=receive timestamp_ns=1791279719406810843 workflow=ARL_UPDATE run_id=42 node=U4 source=Authority destination=TM
event=receive timestamp_ns=1791279722026906962 workflow=ARL_UPDATE run_id=43 node=U4 source=Authority destination=TM
event=receive timestamp_ns=1791279723562506096 workflow=ARL_UPDATE run_id=44 node=U4 source=Authority destination=TM
event=receive timestamp_ns=1791279725098707877 workflow=ARL_UPDATE run_id=45 node=U4 source=Authority destination=TM
event=receive timestamp_ns=1791279726634660749 workflow=ARL_UPDATE run_id=46 node=U4 source=Authority destination=TM
event=receive timestamp_ns=1791279728170724754 workflow=ARL_UPDATE run_id=47 node=U4 source=Authority destination=TM
event=receive timestamp_ns=1791279729706869886 workflow=ARL_UPDATE run_id=48 node=U4 source=Authority destination=TM
event=receive timestamp_ns=1791279731278656761 workflow=ARL_UPDATE run_id=49 node=U4 source=Authority destination=TM
event=receive timestamp_ns=1791279732778778308 workflow=ARL_UPDATE run_id=50 node=U4 source=Authority destination=TM
event=receive timestamp_ns=1791279734314774289 workflow=ARL_UPDATE run_id=51 node=U4 source=Authority destination=TM
event=receive timestamp_ns=1791279735850882282 workflow=ARL_UPDATE run_id=52 node=U4 source=Authority destination=TM
event=receive timestamp_ns=1791279737386972971 workflow=ARL_UPDATE run_id=53 node=U4 source=Authority destination=TM
event=receive timestamp_ns=1791279738954776229 workflow=ARL_UPDATE run_id=54 node=U4 source=Authority destination=TM
event=receive timestamp_ns=1791279741578507881 workflow=ARL_UPDATE run_id=55 node=U4 source=Authority destination=TM
event=receive timestamp_ns=1791279743114980949 workflow=ARL_UPDATE run_id=56 node=U4 source=Authority destination=TM
event=receive timestamp_ns=1791279744650848225 workflow=ARL_UPDATE run_id=57 node=U4 source=Authority destination=TM
event=receive timestamp_ns=1791279746186760670 workflow=ARL_UPDATE run_id=58 node=U4 source=Authority destination=TM
event=receive timestamp_ns=1791279747722642646 workflow=ARL_UPDATE run_id=59 node=U4 source=Authority destination=TM
event=receive timestamp_ns=1791279749322822796 workflow=ARL_UPDATE run_id=60 node=U4 source=Authority destination=TM
event=receive timestamp_ns=1791279750890576266 workflow=ARL_UPDATE run_id=61 node=U4 source=Authority destination=TM
event=receive timestamp_ns=1791279753514801743 workflow=ARL_UPDATE run_id=62 node=U4 source=Authority destination=TM
event=receive timestamp_ns=1791279755082954947 workflow=ARL_UPDATE run_id=63 node=U4 source=Authority destination=TM
event=receive timestamp_ns=1791279757738846203 workflow=ARL_UPDATE run_id=64 node=U4 source=Authority destination=TM
event=receive timestamp_ns=1791279759274950630 workflow=ARL_UPDATE run_id=65 node=U4 source=Authority destination=TM
event=receive timestamp_ns=1791279760810595354 workflow=ARL_UPDATE run_id=66 node=U4 source=Authority destination=TM
event=receive timestamp_ns=1791279762350881090 workflow=ARL_UPDATE run_id=67 node=U4 source=Authority destination=TM
event=receive timestamp_ns=1791279763946827304 workflow=ARL_UPDATE run_id=68 node=U4 source=Authority destination=TM
event=receive timestamp_ns=1791279766570759737 workflow=ARL_UPDATE run_id=69 node=U4 source=Authority destination=TM
event=receive timestamp_ns=1791279768138717856 workflow=ARL_UPDATE run_id=70 node=U4 source=Authority destination=TM
event=receive timestamp_ns=1791279771534624204 workflow=KEY_REQUEST run_id=bench_h5_key_w1 node=U4 source=TM5 destination=TM
event=receive timestamp_ns=1791279775178425700 workflow=KEY_REQUEST run_id=bench_h5_key_w2 node=U4 source=TM5 destination=TM
event=receive timestamp_ns=1791279778254442577 workflow=KEY_REQUEST run_id=bench_h5_key_w3 node=U4 source=TM5 destination=TM
event=receive timestamp_ns=1791279782922679461 workflow=KEY_REQUEST run_id=bench_h5_key_w4 node=U4 source=TM5 destination=TM
event=receive timestamp_ns=1791279786986560187 workflow=KEY_REQUEST run_id=bench_h5_key_w5 node=U4 source=TM5 destination=TM
event=receive timestamp_ns=1791279790570710975 workflow=KEY_REQUEST run_id=bench_h5_key_001 node=U4 source=TM5 destination=TM
event=receive timestamp_ns=1791279793642586379 workflow=KEY_REQUEST run_id=bench_h5_key_002 node=U4 source=TM5 destination=TM
event=receive timestamp_ns=1791279797706589035 workflow=KEY_REQUEST run_id=bench_h5_key_003 node=U4 source=TM5 destination=TM
event=receive timestamp_ns=1791279800778751964 workflow=KEY_REQUEST run_id=bench_h5_key_004 node=U4 source=TM5 destination=TM
event=receive timestamp_ns=1791279807018563256 workflow=KEY_REQUEST run_id=bench_h5_key_005 node=U4 source=TM5 destination=TM
event=receive timestamp_ns=1791279810026859700 workflow=KEY_REQUEST run_id=bench_h5_key_006 node=U4 source=TM5 destination=TM
event=receive timestamp_ns=1791279814634653350 workflow=KEY_REQUEST run_id=bench_h5_key_007 node=U4 source=TM5 destination=TM
event=receive timestamp_ns=1791279817706513111 workflow=KEY_REQUEST run_id=bench_h5_key_008 node=U4 source=TM5 destination=TM
event=receive timestamp_ns=1791279821802755696 workflow=KEY_REQUEST run_id=bench_h5_key_009 node=U4 source=TM5 destination=TM
event=receive timestamp_ns=1791279826475009496 workflow=KEY_REQUEST run_id=bench_h5_key_010 node=U4 source=TM5 destination=TM
event=receive timestamp_ns=1791279830122891038 workflow=KEY_REQUEST run_id=bench_h5_key_011 node=U4 source=TM5 destination=TM
event=receive timestamp_ns=1791279833194871316 workflow=KEY_REQUEST run_id=bench_h5_key_012 node=U4 source=TM5 destination=TM
event=receive timestamp_ns=1791279837866876430 workflow=KEY_REQUEST run_id=bench_h5_key_013 node=U4 source=TM5 destination=TM
event=receive timestamp_ns=1791279842538848410 workflow=KEY_REQUEST run_id=bench_h5_key_014 node=U4 source=TM5 destination=TM
event=receive timestamp_ns=1791279846250749373 workflow=KEY_REQUEST run_id=bench_h5_key_015 node=U4 source=TM5 destination=TM
event=receive timestamp_ns=1791279849931036253 workflow=KEY_REQUEST run_id=bench_h5_key_016 node=U4 source=TM5 destination=TM
event=receive timestamp_ns=1791279854538799159 workflow=KEY_REQUEST run_id=bench_h5_key_017 node=U4 source=TM5 destination=TM
event=receive timestamp_ns=1791279858250410308 workflow=KEY_REQUEST run_id=bench_h5_key_018 node=U4 source=TM5 destination=TM
event=receive timestamp_ns=1791279861902628920 workflow=KEY_REQUEST run_id=bench_h5_key_019 node=U4 source=TM5 destination=TM
event=receive timestamp_ns=1791279864970684871 workflow=KEY_REQUEST run_id=bench_h5_key_020 node=U4 source=TM5 destination=TM
event=receive timestamp_ns=1791279868618720530 workflow=KEY_REQUEST run_id=bench_h5_key_021 node=U4 source=TM5 destination=TM
event=receive timestamp_ns=1791279872267013897 workflow=KEY_REQUEST run_id=bench_h5_key_022 node=U4 source=TM5 destination=TM
event=receive timestamp_ns=1791279876907058960 workflow=KEY_REQUEST run_id=bench_h5_key_023 node=U4 source=TM5 destination=TM
event=receive timestamp_ns=1791279879978861510 workflow=KEY_REQUEST run_id=bench_h5_key_024 node=U4 source=TM5 destination=TM
event=receive timestamp_ns=1791279884654521639 workflow=KEY_REQUEST run_id=bench_h5_key_025 node=U4 source=TM5 destination=TM
event=receive timestamp_ns=1791279889771011233 workflow=KEY_REQUEST run_id=bench_h5_key_026 node=U4 source=TM5 destination=TM
event=receive timestamp_ns=1791279893418950429 workflow=KEY_REQUEST run_id=bench_h5_key_027 node=U4 source=TM5 destination=TM
event=receive timestamp_ns=1791279897546817925 workflow=KEY_REQUEST run_id=bench_h5_key_028 node=U4 source=TM5 destination=TM
event=receive timestamp_ns=1791279902250841008 workflow=KEY_REQUEST run_id=bench_h5_key_029 node=U4 source=TM5 destination=TM
event=receive timestamp_ns=1791279906346458047 workflow=KEY_REQUEST run_id=bench_h5_key_030 node=U4 source=TM5 destination=TM
