event=send timestamp_ns=1791289496420604502 workflow=KEY_RESPONSE run_id=bench_h10_setup node=Authority source=Authority destination=bench_h10_setup
event=receive timestamp_ns=1791289497441770663 workflow=KEY_REQUEST run_id=bench_h10_setup node=Authority source=TM10 destination=TM
event=receive timestamp_ns=1791289501074633804 workflow=CT_SHARE run_id=1 node=Authority source=TM10 destination=TM
event=receive timestamp_ns=1791289502645826683 workflow=CT_SHARE run_id=2 node=Authority source=TM10 destination=TM
event=receive timestamp_ns=1791289504217504458 workflow=CT_SHARE run_id=3 node=Authority source=TM10 destination=TM
event=receive timestamp_ns=1791289505780247108 workflow=CT_SHARE run_id=4 node=Authority source=TM10 destination=TM
event=receive timestamp_ns=1791289507318826366 workflow=CT_SHARE run_id=5 node=Authority source=TM10 destination=TM
event=receive timestamp_ns=1791289508883661305 workflow=CT_SHARE run_id=6 node=Authority source=TM10 destination=TM
event=receive timestamp_ns=1791289510448659865 workflow=CT_SHARE run_id=7 node=Authority source=TM10 destination=TM
event=receive timestamp_ns=1791289512046960168 workflow=CT_SHARE run_id=8 node=Authority source=TM10 destination=TM
event=receive timestamp_ns=1791289513620980975 workflow=CT_SHARE run_id=9 node=Authority source=TM10 destination=TM
event=receive timestamp_ns=1791289515154372823 workflow=CT_SHARE run_id=10 node=Authority source=TM10 destination=TM
event=receive timestamp_ns=1791289516782601238 workflow=CT_SHARE run_id=11 node=Authority source=TM10 destination=TM
event=receive timestamp_ns=1791289518362350325 workflow=CT_SHARE run_id=12 node=Authority source=TM10 destination=TM
event=receive timestamp_ns=1791289519889824077 workflow=CT_SHARE run_id=13 node=Authority source=TM10 destination=TM
event=receive timestamp_ns=1791289521485272752 workflow=CT_SHARE run_id=14 node=Authority source=TM10 destination=TM
event=receive timestamp_ns=1791289523025947096 workflow=CT_SHARE run_id=15 node=Authority source=TM10 destination=TM
event=receive timestamp_ns=1791289524594635160 workflow=CT_SHARE run_id=16 node=Authority source=TM10 destination=TM
event=receive timestamp_ns=1791289526191571346 workflow=CT_SHARE run_id=17 node=Authority source=TM10 destination=TM
event=receive timestamp_ns=1791289527766824901 workflow=CT_SHARE run_id=18 node=Authority source=TM10 destination=TM
event=receive timestamp_ns=1791289529311285160 workflow=CT_SHARE run_id=19 node=Authority source=TM10 destination=TM
event=receive timestamp_ns=1791289530962487974 workflow=CT_SHARE run_id=20 node=Authority source=TM10 destination=TM
event=receive timestamp_ns=1791289532492550947 workflow=CT_SHARE run_id=21 node=Authority source=TM10 destination=TM
event=receive timestamp_ns=1791289534065881114 workflow=CT_SHARE run_id=22 node=Authority source=TM10 destination=TM
event=receive timestamp_ns=1791289535607673136 workflow=CT_SHARE run_id=23 node=Authority source=TM10 destination=TM
event=receive timestamp_ns=1791289537197059384 workflow=CT_SHARE run_id=24 node=Authority source=TM10 destination=TM
event=receive timestamp_ns=1791289538742301984 workflow=CT_SHARE run_id=25 node=Authority source=TM10 destination=TM
event=receive timestamp_ns=1791289540338804030 workflow=CT_SHARE run_id=26 node=Authority source=TM10 destination=TM
event=receive timestamp_ns=1791289541881008660 workflow=CT_SHARE run_id=27 node=Authority source=TM10 destination=TM
event=receive timestamp_ns=1791289543447403921 workflow=CT_SHARE run_id=28 node=Authority source=TM10 destination=TM
event=receive timestamp_ns=1791289545105715645 workflow=CT_SHARE run_id=29 node=Authority source=TM10 destination=TM
event=receive timestamp_ns=1791289546638883965 workflow=CT_SHARE run_id=30 node=Authority source=TM10 destination=TM
event=receive timestamp_ns=1791289548178526331 workflow=CT_SHARE run_id=31 node=Authority source=TM10 destination=TM
event=receive timestamp_ns=1791289549747983219 workflow=CT_SHARE run_id=32 node=Authority source=TM10 destination=TM
event=receive timestamp_ns=1791289551316490376 workflow=CT_SHARE run_id=33 node=Authority source=TM10 destination=TM
event=receive timestamp_ns=1791289552943587128 workflow=CT_SHARE run_id=34 node=Authority source=TM10 destination=TM
event=receive timestamp_ns=1791289554514289425 workflow=CT_SHARE run_id=35 node=Authority source=TM10 destination=TM
event=send timestamp_ns=1791289554594961529 workflow=ARL_UPDATE run_id=1 node=Authority source=Authority destination=TM
event=send timestamp_ns=1791289556127522233 workflow=ARL_UPDATE run_id=2 node=Authority source=Authority destination=TM
event=send timestamp_ns=1791289557659987153 workflow=ARL_UPDATE run_id=3 node=Authority source=Authority destination=TM
event=send timestamp_ns=1791289559194041178 workflow=ARL_UPDATE run_id=4 node=Authority source=Authority destination=TM
event=send timestamp_ns=1791289560735173859 workflow=ARL_UPDATE run_id=5 node=Authority source=Authority destination=TM
event=send timestamp_ns=1791289562273926172 workflow=ARL_UPDATE run_id=6 node=Authority source=Authority destination=TM
event=send timestamp_ns=1791289563804430757 workflow=ARL_UPDATE run_id=7 node=Authority source=Authority destination=TM
event=send timestamp_ns=1791289565338151465 workflow=ARL_UPDATE run_id=8 node=Authority source=Authority destination=TM
event=send timestamp_ns=1791289566941559869 workflow=ARL_UPDATE run_id=9 node=Authority source=Authority destination=TM
event=send timestamp_ns=1791289568538039951 workflow=ARL_UPDATE run_id=10 node=Authority source=Authority destination=TM
event=send timestamp_ns=1791289570078549420 workflow=ARL_UPDATE run_id=11 node=Authority source=Authority destination=TM
event=send timestamp_ns=1791289571619263474 workflow=ARL_UPDATE run_id=12 node=Authority source=Authority destination=TM
event=send timestamp_ns=1791289573148432176 workflow=ARL_UPDATE run_id=13 node=Authority source=Authority destination=TM
event=send timestamp_ns=1791289574756375625 workflow=ARL_UPDATE run_id=14 node=Authority source=Authority destination=TM
event=send timestamp_ns=1791289576282773444 workflow=ARL_UPDATE run_id=15 node=Authority source=Authority destination=TM
event=send timestamp_ns=1791289577897057319 workflow=ARL_UPDATE run_id=16 node=Authority source=Authority destination=TM
event=send timestamp_ns=1791289579490372733 workflow=ARL_UPDATE run_id=17 node=Authority source=Authority destination=TM
event=send timestamp_ns=1791289581024620388 workflow=ARL_UPDATE run_id=18 node=Authority source=Authority destination=TM
event=send timestamp_ns=1791289582555816242 workflow=ARL_UPDATE run_id=19 node=Authority source=Authority destination=TM
event=send timestamp_ns=1791289584097158347 workflow=ARL_UPDATE run_id=20 node=Authority source=Authority destination=TM
event=send timestamp_ns=1791289585638309934 workflow=ARL_UPDATE run_id=21 node=Authority source=Authority destination=TM
event=send timestamp_ns=1791289587201271679 workflow=ARL_UPDATE run_id=22 node=Authority source=Authority destination=TM
event=send timestamp_ns=1791289588731458537 workflow=ARL_UPDATE run_id=23 node=Authority source=Authority destination=TM
event=send timestamp_ns=1791289590277009442 workflow=ARL_UPDATE run_id=24 node=Authority source=Authority destination=TM
event=send timestamp_ns=1791289591812096567 workflow=ARL_UPDATE run_id=25 node=Authority source=Authority destination=TM
event=send timestamp_ns=1791289593343420211 workflow=ARL_UPDATE run_id=26 node=Authority source=Authority destination=TM
event=send timestamp_ns=1791289594941769060 workflow=ARL_UPDATE run_id=27 node=Authority source=Authority destination=TM
event=send timestamp_ns=1791289596480435066 workflow=ARL_UPDATE run_id=28 node=Authority source=Authority destination=TM
event=send timestamp_ns=1791289598022706400 workflow=ARL_UPDATE run_id=29 node=Authority source=Authority destination=TM
event=send timestamp_ns=1791289599589130828 workflow=ARL_UPDATE run_id=30 node=Authority source=Authority destination=TM
event=send timestamp_ns=1791289601123045012 workflow=ARL_UPDATE run_id=31 node=Authority source=Authority destination=TM
event=send timestamp_ns=1791289602662729626 workflow=ARL_UPDATE run_id=32 node=Authority source=Authority destination=TM
event=send timestamp_ns=1791289604229305619 workflow=ARL_UPDATE run_id=33 node=Authority source=Authority destination=TM
event=send timestamp_ns=1791289605770516679 workflow=ARL_UPDATE run_id=34 node=Authority source=Authority destination=TM
event=send timestamp_ns=1791289607334344442 workflow=ARL_UPDATE run_id=35 node=Authority source=Authority destination=TM
event=send timestamp_ns=1791289608892992061 workflow=ARL_UPDATE run_id=36 node=Authority source=Authority destination=TM
event=send timestamp_ns=1791289610436347717 workflow=ARL_UPDATE run_id=37 node=Authority source=Authority destination=TM
event=send timestamp_ns=1791289611980384926 workflow=ARL_UPDATE run_id=38 node=Authority source=Authority destination=TM
event=send timestamp_ns=1791289613545414327 workflow=ARL_UPDATE run_id=39 node=Authority source=Authority destination=TM
event=send timestamp_ns=1791289615112994121 workflow=ARL_UPDATE run_id=40 node=Authority source=Authority destination=TM
event=send timestamp_ns=1791289616681166723 workflow=ARL_UPDATE run_id=41 node=Authority source=Authority destination=TM
event=send timestamp_ns=1791289618247690008 workflow=ARL_UPDATE run_id=42 node=Authority source=Authority destination=TM
event=send timestamp_ns=1791289619852239247 workflow=ARL_UPDATE run_id=43 node=Authority source=Authority destination=TM
event=send timestamp_ns=1791289621416048324 workflow=ARL_UPDATE run_id=44 node=Authority source=Authority destination=TM
event=send timestamp_ns=1791289622992020675 workflow=ARL_UPDATE run_id=45 node=Authority source=Authority destination=TM
event=send timestamp_ns=1791289624556944352 workflow=ARL_UPDATE run_id=46 node=Authority source=Authority destination=TM
event=send timestamp_ns=1791289626130233292 workflow=ARL_UPDATE run_id=47 node=Authority source=Authority destination=TM
event=send timestamp_ns=1791289627697383376 workflow=ARL_UPDATE run_id=48 node=Authority source=Authority destination=TM
event=send timestamp_ns=1791289629259651664 workflow=ARL_UPDATE run_id=49 node=Authority source=Authority destination=TM
event=send timestamp_ns=1791289630823538836 workflow=ARL_UPDATE run_id=50 node=Authority source=Authority destination=TM
event=send timestamp_ns=1791289632395957079 workflow=ARL_UPDATE run_id=51 node=Authority source=Authority destination=TM
event=send timestamp_ns=1791289633960969023 workflow=ARL_UPDATE run_id=52 node=Authority source=Authority destination=TM
event=send timestamp_ns=1791289635527242811 workflow=ARL_UPDATE run_id=53 node=Authority source=Authority destination=TM
event=send timestamp_ns=1791289637100938531 workflow=ARL_UPDATE run_id=54 node=Authority source=Authority destination=TM
event=send timestamp_ns=1791289638670578109 workflow=ARL_UPDATE run_id=55 node=Authority source=Authority destination=TM
event=send timestamp_ns=1791289640235761830 workflow=ARL_UPDATE run_id=56 node=Authority source=Authority destination=TM
event=send timestamp_ns=1791289641805305437 workflow=ARL_UPDATE run_id=57 node=Authority source=Authority destination=TM
event=send timestamp_ns=1791289643369336222 workflow=ARL_UPDATE run_id=58 node=Authority source=Authority destination=TM
event=send timestamp_ns=1791289644922679655 workflow=ARL_UPDATE run_id=59 node=Authority source=Authority destination=TM
event=send timestamp_ns=1791289646461216994 workflow=ARL_UPDATE run_id=60 node=Authority source=Authority destination=TM
event=send timestamp_ns=1791289647995354810 workflow=ARL_UPDATE run_id=61 node=Authority source=Authority destination=TM
event=send timestamp_ns=1791289649531581998 workflow=ARL_UPDATE run_id=62 node=Authority source=Authority destination=TM
event=send timestamp_ns=1791289651145446580 workflow=ARL_UPDATE run_id=63 node=Authority source=Authority destination=TM
event=send timestamp_ns=1791289652702921951 workflow=ARL_UPDATE run_id=64 node=Authority source=Authority destination=TM
event=send timestamp_ns=1791289654309090880 workflow=ARL_UPDATE run_id=65 node=Authority source=Authority destination=TM
event=send timestamp_ns=1791289655836302565 workflow=ARL_UPDATE run_id=66 node=Authority source=Authority destination=TM
event=send timestamp_ns=1791289657393103195 workflow=ARL_UPDATE run_id=67 node=Authority source=Authority destination=TM
event=send timestamp_ns=1791289658957048217 workflow=ARL_UPDATE run_id=68 node=Authority source=Authority destination=TM
event=send timestamp_ns=1791289660523040665 workflow=ARL_UPDATE run_id=69 node=Authority source=Authority destination=TM
event=send timestamp_ns=1791289662086683805 workflow=ARL_UPDATE run_id=70 node=Authority source=Authority destination=TM
event=send timestamp_ns=1791289667107497884 workflow=KEY_RESPONSE run_id=bench_h10_key_w1 node=Authority source=Authority destination=bench_h10_key_w1
event=receive timestamp_ns=1791289668125983620 workflow=KEY_REQUEST run_id=bench_h10_key_w1 node=Authority source=TM10 destination=TM
event=send timestamp_ns=1791289672713507891 workflow=KEY_RESPONSE run_id=bench_h10_key_w2 node=Authority source=Authority destination=bench_h10_key_w2
event=receive timestamp_ns=1791289673762224418 workflow=KEY_REQUEST run_id=bench_h10_key_w2 node=Authority source=TM10 destination=TM
event=send timestamp_ns=1791289676232918612 workflow=KEY_RESPONSE run_id=bench_h10_key_w3 node=Authority source=Authority destination=bench_h10_key_w3
event=receive timestamp_ns=1791289677277977376 workflow=KEY_REQUEST run_id=bench_h10_key_w3 node=Authority source=TM10 destination=TM
event=send timestamp_ns=1791289679721975318 workflow=KEY_RESPONSE run_id=bench_h10_key_w4 node=Authority source=Authority destination=bench_h10_key_w4
event=receive timestamp_ns=1791289680766091217 workflow=KEY_REQUEST run_id=bench_h10_key_w4 node=Authority source=TM10 destination=TM
event=send timestamp_ns=1791289685383705488 workflow=KEY_RESPONSE run_id=bench_h10_key_w5 node=Authority source=Authority destination=bench_h10_key_w5
event=receive timestamp_ns=1791289686434109459 workflow=KEY_REQUEST run_id=bench_h10_key_w5 node=Authority source=TM10 destination=TM
event=send timestamp_ns=1791289689862557537 workflow=KEY_RESPONSE run_id=bench_h10_key_001 node=Authority source=Authority destination=bench_h10_key_001
event=receive timestamp_ns=1791289690882020431 workflow=KEY_REQUEST run_id=bench_h10_key_001 node=Authority source=TM10 destination=TM
event=send timestamp_ns=1791289695426365524 workflow=KEY_RESPONSE run_id=bench_h10_key_002 node=Authority source=Authority destination=bench_h10_key_002
event=receive timestamp_ns=1791289696449841390 workflow=KEY_REQUEST run_id=bench_h10_key_002 node=Authority source=TM10 destination=TM
event=send timestamp_ns=1791289698920018273 workflow=KEY_RESPONSE run_id=bench_h10_key_003 node=Authority source=Authority destination=bench_h10_key_003
event=receive timestamp_ns=1791289699969980918 workflow=KEY_REQUEST run_id=bench_h10_key_003 node=Authority source=TM10 destination=TM
event=send timestamp_ns=1791289702409992949 workflow=KEY_RESPONSE run_id=bench_h10_key_004 node=Authority source=Authority destination=bench_h10_key_004
event=receive timestamp_ns=1791289703454016350 workflow=KEY_REQUEST run_id=bench_h10_key_004 node=Authority source=TM10 destination=TM
event=send timestamp_ns=1791289705898461840 workflow=KEY_RESPONSE run_id=bench_h10_key_005 node=Authority source=Authority destination=bench_h10_key_005
event=receive timestamp_ns=1791289706941985624 workflow=KEY_REQUEST run_id=bench_h10_key_005 node=Authority source=TM10 destination=TM
event=send timestamp_ns=1791289712549163587 workflow=KEY_RESPONSE run_id=bench_h10_key_006 node=Authority source=Authority destination=bench_h10_key_006
event=receive timestamp_ns=1791289713565840094 workflow=KEY_REQUEST run_id=bench_h10_key_006 node=Authority source=TM10 destination=TM
event=send timestamp_ns=1791289719651652722 workflow=KEY_RESPONSE run_id=bench_h10_key_007 node=Authority source=Authority destination=bench_h10_key_007
event=receive timestamp_ns=1791289720673867099 workflow=KEY_REQUEST run_id=bench_h10_key_007 node=Authority source=TM10 destination=TM
event=send timestamp_ns=1791289725227181427 workflow=KEY_RESPONSE run_id=bench_h10_key_008 node=Authority source=Authority destination=bench_h10_key_008
event=receive timestamp_ns=1791289726270075673 workflow=KEY_REQUEST run_id=bench_h10_key_008 node=Authority source=TM10 destination=TM
event=send timestamp_ns=1791289728775502544 workflow=KEY_RESPONSE run_id=bench_h10_key_009 node=Authority source=Authority destination=bench_h10_key_009
event=receive timestamp_ns=1791289729821978952 workflow=KEY_REQUEST run_id=bench_h10_key_009 node=Authority source=TM10 destination=TM
event=send timestamp_ns=1791289734371018235 workflow=KEY_RESPONSE run_id=bench_h10_key_010 node=Authority source=Authority destination=bench_h10_key_010
event=receive timestamp_ns=1791289735389724991 workflow=KEY_REQUEST run_id=bench_h10_key_010 node=Authority source=TM10 destination=TM
event=send timestamp_ns=1791289739946544234 workflow=KEY_RESPONSE run_id=bench_h10_key_011 node=Authority source=Authority destination=bench_h10_key_011
event=receive timestamp_ns=1791289740990045264 workflow=KEY_REQUEST run_id=bench_h10_key_011 node=Authority source=TM10 destination=TM
event=send timestamp_ns=1791289744451955955 workflow=KEY_RESPONSE run_id=bench_h10_key_012 node=Authority source=Authority destination=bench_h10_key_012
event=receive timestamp_ns=1791289745469883125 workflow=KEY_REQUEST run_id=bench_h10_key_012 node=Authority source=TM10 destination=TM
event=send timestamp_ns=1791289750057189254 workflow=KEY_RESPONSE run_id=bench_h10_key_013 node=Authority source=Authority destination=bench_h10_key_013
event=receive timestamp_ns=1791289751101977281 workflow=KEY_REQUEST run_id=bench_h10_key_013 node=Authority source=TM10 destination=TM
event=send timestamp_ns=1791289757190941996 workflow=KEY_RESPONSE run_id=bench_h10_key_014 node=Authority source=Authority destination=bench_h10_key_014
event=receive timestamp_ns=1791289758206046071 workflow=KEY_REQUEST run_id=bench_h10_key_014 node=Authority source=TM10 destination=TM
event=send timestamp_ns=1791289762760445345 workflow=KEY_RESPONSE run_id=bench_h10_key_015 node=Authority source=Authority destination=bench_h10_key_015
event=receive timestamp_ns=1791289763806871255 workflow=KEY_REQUEST run_id=bench_h10_key_015 node=Authority source=TM10 destination=TM
event=send timestamp_ns=1791289766314921282 workflow=KEY_RESPONSE run_id=bench_h10_key_016 node=Authority source=Authority destination=bench_h10_key_016
event=receive timestamp_ns=1791289767361879744 workflow=KEY_REQUEST run_id=bench_h10_key_016 node=Authority source=TM10 destination=TM
event=send timestamp_ns=1791289770854001751 workflow=KEY_RESPONSE run_id=bench_h10_key_017 node=Authority source=Authority destination=bench_h10_key_017
event=receive timestamp_ns=1791289771873952480 workflow=KEY_REQUEST run_id=bench_h10_key_017 node=Authority source=TM10 destination=TM
event=send timestamp_ns=1791289776419960806 workflow=KEY_RESPONSE run_id=bench_h10_key_018 node=Authority source=Authority destination=bench_h10_key_018
event=receive timestamp_ns=1791289777437923187 workflow=KEY_REQUEST run_id=bench_h10_key_018 node=Authority source=TM10 destination=TM
event=send timestamp_ns=1791289782027856858 workflow=KEY_RESPONSE run_id=bench_h10_key_019 node=Authority source=Authority destination=bench_h10_key_019
event=receive timestamp_ns=1791289783070000306 workflow=KEY_REQUEST run_id=bench_h10_key_019 node=Authority source=TM10 destination=TM
event=send timestamp_ns=1791289786503622802 workflow=KEY_RESPONSE run_id=bench_h10_key_020 node=Authority source=Authority destination=bench_h10_key_020
event=receive timestamp_ns=1791289787517922163 workflow=KEY_REQUEST run_id=bench_h10_key_020 node=Authority source=TM10 destination=TM
event=send timestamp_ns=1791289792140153986 workflow=KEY_RESPONSE run_id=bench_h10_key_021 node=Authority source=Authority destination=bench_h10_key_021
event=receive timestamp_ns=1791289793186137915 workflow=KEY_REQUEST run_id=bench_h10_key_021 node=Authority source=TM10 destination=TM
event=send timestamp_ns=1791289797730714561 workflow=KEY_RESPONSE run_id=bench_h10_key_022 node=Authority source=Authority destination=bench_h10_key_022
event=receive timestamp_ns=1791289798754071550 workflow=KEY_REQUEST run_id=bench_h10_key_022 node=Authority source=TM10 destination=TM
event=send timestamp_ns=1791289802283573885 workflow=KEY_RESPONSE run_id=bench_h10_key_023 node=Authority source=Authority destination=bench_h10_key_023
event=receive timestamp_ns=1791289803325942050 workflow=KEY_REQUEST run_id=bench_h10_key_023 node=Authority source=TM10 destination=TM
event=send timestamp_ns=1791289807946081799 workflow=KEY_RESPONSE run_id=bench_h10_key_024 node=Authority source=Authority destination=bench_h10_key_024
event=receive timestamp_ns=1791289808989987899 workflow=KEY_REQUEST run_id=bench_h10_key_024 node=Authority source=TM10 destination=TM
event=send timestamp_ns=1791289811402199909 workflow=KEY_RESPONSE run_id=bench_h10_key_025 node=Authority source=Authority destination=bench_h10_key_025
event=receive timestamp_ns=1791289812445975986 workflow=KEY_REQUEST run_id=bench_h10_key_025 node=Authority source=TM10 destination=TM
event=send timestamp_ns=1791289814918420009 workflow=KEY_RESPONSE run_id=bench_h10_key_026 node=Authority source=Authority destination=bench_h10_key_026
event=receive timestamp_ns=1791289815933936114 workflow=KEY_REQUEST run_id=bench_h10_key_026 node=Authority source=TM10 destination=TM
event=send timestamp_ns=1791289820484615229 workflow=KEY_RESPONSE run_id=bench_h10_key_027 node=Authority source=Authority destination=bench_h10_key_027
event=receive timestamp_ns=1791289821505814131 workflow=KEY_REQUEST run_id=bench_h10_key_027 node=Authority source=TM10 destination=TM
event=send timestamp_ns=1791289826088961857 workflow=KEY_RESPONSE run_id=bench_h10_key_028 node=Authority source=Authority destination=bench_h10_key_028
event=receive timestamp_ns=1791289827133970327 workflow=KEY_REQUEST run_id=bench_h10_key_028 node=Authority source=TM10 destination=TM
event=send timestamp_ns=1791289829640038831 workflow=KEY_RESPONSE run_id=bench_h10_key_029 node=Authority source=Authority destination=bench_h10_key_029
event=receive timestamp_ns=1791289830690565821 workflow=KEY_REQUEST run_id=bench_h10_key_029 node=Authority source=TM10 destination=TM
event=send timestamp_ns=1791289833188637380 workflow=KEY_RESPONSE run_id=bench_h10_key_030 node=Authority source=Authority destination=bench_h10_key_030
event=receive timestamp_ns=1791289834206171669 workflow=KEY_REQUEST run_id=bench_h10_key_030 node=Authority source=TM10 destination=TM
