event=receive timestamp_ns=1791289496318095634 workflow=KEY_REQUEST run_id=bench_h10_setup node=U1 source=TM10 destination=TM
event=receive timestamp_ns=1791289500968916478 workflow=CT_SHARE run_id=1 node=U1 source=TM10 destination=TM
event=receive timestamp_ns=1791289502535206037 workflow=CT_SHARE run_id=2 node=U1 source=TM10 destination=TM
event=receive timestamp_ns=1791289504108780774 workflow=CT_SHARE run_id=3 node=U1 source=TM10 destination=TM
event=receive timestamp_ns=1791289505672786213 workflow=CT_SHARE run_id=4 node=U1 source=TM10 destination=TM
event=receive timestamp_ns=1791289507236782433 workflow=CT_SHARE run_id=5 node=U1 source=TM10 destination=TM
event=receive timestamp_ns=1791289508772845243 workflow=CT_SHARE run_id=6 node=U1 source=TM10 destination=TM
event=receive timestamp_ns=1791289510343116442 workflow=CT_SHARE run_id=7 node=U1 source=TM10 destination=TM
event=receive timestamp_ns=1791289511942244345 workflow=CT_SHARE run_id=8 node=U1 source=TM10 destination=TM
event=receive timestamp_ns=1791289513510187547 workflow=CT_SHARE run_id=9 node=U1 source=TM10 destination=TM
event=receive timestamp_ns=1791289515081102887 workflow=CT_SHARE run_id=10 node=U1 source=TM10 destination=TM
event=receive timestamp_ns=1791289516676516487 workflow=CT_SHARE run_id=11 node=U1 source=TM10 destination=TM
event=receive timestamp_ns=1791289518251089562 workflow=CT_SHARE run_id=12 node=U1 source=TM10 destination=TM
event=receive timestamp_ns=1791289519793448909 workflow=CT_SHARE run_id=13 node=U1 source=TM10 destination=TM
event=receive timestamp_ns=1791289521384072119 workflow=CT_SHARE run_id=14 node=U1 source=TM10 destination=TM
event=receive timestamp_ns=1791289522951274727 workflow=CT_SHARE run_id=15 node=U1 source=TM10 destination=TM
event=receive timestamp_ns=1791289524517160141 workflow=CT_SHARE run_id=16 node=U1 source=TM10 destination=TM
event=receive timestamp_ns=1791289526085971649 workflow=CT_SHARE run_id=17 node=U1 source=TM10 destination=TM
event=receive timestamp_ns=1791289527655367141 workflow=CT_SHARE run_id=18 node=U1 source=TM10 destination=TM
event=receive timestamp_ns=1791289529188686646 workflow=CT_SHARE run_id=19 node=U1 source=TM10 destination=TM
event=receive timestamp_ns=1791289531433683327 workflow=CT_SHARE run_id=20 node=U1 source=TM10 destination=TM
event=receive timestamp_ns=1791289532906623894 workflow=CT_SHARE run_id=21 node=U1 source=TM10 destination=TM
event=receive timestamp_ns=1791289534469376963 workflow=CT_SHARE run_id=22 node=U1 source=TM10 destination=TM
event=receive timestamp_ns=1791289536037437027 workflow=CT_SHARE run_id=23 node=U1 source=TM10 destination=TM
event=receive timestamp_ns=1791289537608808331 workflow=CT_SHARE run_id=24 node=U1 source=TM10 destination=TM
event=receive timestamp_ns=1791289539142853039 workflow=CT_SHARE run_id=25 node=U1 source=TM10 destination=TM
event=receive timestamp_ns=1791289540746747299 workflow=CT_SHARE run_id=26 node=U1 source=TM10 destination=TM
event=receive timestamp_ns=1791289542281325027 workflow=CT_SHARE run_id=27 node=U1 source=TM10 destination=TM
event=receive timestamp_ns=1791289543850820275 workflow=CT_SHARE run_id=28 node=U1 source=TM10 destination=TM
event=receive timestamp_ns=1791289545508716338 workflow=CT_SHARE run_id=29 node=U1 source=TM10 destination=TM
event=receive timestamp_ns=1791289547048715639 workflow=CT_SHARE run_id=30 node=U1 source=TM10 destination=TM
event=receive timestamp_ns=1791289548585584287 workflow=CT_SHARE run_id=31 node=U1 source=TM10 destination=TM
event=receive timestamp_ns=1791289550152851835 workflow=CT_SHARE run_id=32 node=U1 source=TM10 destination=TM
event=receive timestamp_ns=1791289551722769130 workflow=CT_SHARE run_id=33 node=U1 source=TM10 destination=TM
event=receive timestamp_ns=1791289553352473710 workflow=CT_SHARE run_id=34 node=U1 source=TM10 destination=TM
event=receive timestamp_ns=1791289555212084855 workflow=CT_SHARE run_id=35 node=U1 source=TM10 destination=TM
event=receive timestamp_ns=1791289555223143034 workflow=ARL_UPDATE run_id=1 node=U1 source=Authority destination=TM
event=receive timestamp_ns=1791289556744813728 workflow=ARL_UPDATE run_id=2 node=U1 source=Authority destination=TM
event=receive timestamp_ns=1791289558279627695 workflow=ARL_UPDATE run_id=3 node=U1 source=Authority destination=TM
event=receive timestamp_ns=1791289559816371132 workflow=ARL_UPDATE run_id=4 node=U1 source=Authority destination=TM
event=receive timestamp_ns=1791289561386401877 workflow=ARL_UPDATE run_id=5 node=U1 source=Authority destination=TM
event=receive timestamp_ns=1791289562894800164 workflow=ARL_UPDATE run_id=6 node=U1 source=Authority destination=TM
event=receive timestamp_ns=1791289564426522349 workflow=ARL_UPDATE run_id=7 node=U1 source=Authority destination=TM
event=receive timestamp_ns=1791289565965928121 workflow=ARL_UPDATE run_id=8 node=U1 source=Authority destination=TM
event=receive timestamp_ns=1791289567594361968 workflow=ARL_UPDATE run_id=9 node=U1 source=Authority destination=TM
event=receive timestamp_ns=1791289569162063434 workflow=ARL_UPDATE run_id=10 node=U1 source=Authority destination=TM
event=receive timestamp_ns=1791289570701585912 workflow=ARL_UPDATE run_id=11 node=U1 source=Authority destination=TM
event=receive timestamp_ns=1791289572229314764 workflow=ARL_UPDATE run_id=12 node=U1 source=Authority destination=TM
event=receive timestamp_ns=1791289573775221150 workflow=ARL_UPDATE run_id=13 node=U1 source=Authority destination=TM
event=receive timestamp_ns=1791289575401353933 workflow=ARL_UPDATE run_id=14 node=U1 source=Authority destination=TM
event=receive timestamp_ns=1791289576901879954 workflow=ARL_UPDATE run_id=15 node=U1 source=Authority destination=TM
event=receive timestamp_ns=1791289578540716403 workflow=ARL_UPDATE run_id=16 node=U1 source=Authority destination=TM
event=receive timestamp_ns=1791289580108015752 workflow=ARL_UPDATE run_id=17 node=U1 source=Authority destination=TM
event=receive timestamp_ns=1791289581643662732 workflow=ARL_UPDATE run_id=18 node=U1 source=Authority destination=TM
event=receive timestamp_ns=1791289583176783361 workflow=ARL_UPDATE run_id=19 node=U1 source=Authority destination=TM
event=receive timestamp_ns=1791289584706786660 workflow=ARL_UPDATE run_id=20 node=U1 source=Authority destination=TM
event=receive timestamp_ns=1791289586251393464 workflow=ARL_UPDATE run_id=21 node=U1 source=Authority destination=TM
event=receive timestamp_ns=1791289587813312349 workflow=ARL_UPDATE run_id=22 node=U1 source=Authority destination=TM
event=receive timestamp_ns=1791289589353076195 workflow=ARL_UPDATE run_id=23 node=U1 source=Authority destination=TM
event=receive timestamp_ns=1791289590889928608 workflow=ARL_UPDATE run_id=24 node=U1 source=Authority destination=TM
event=receive timestamp_ns=1791289592455628151 workflow=ARL_UPDATE run_id=25 node=U1 source=Authority destination=TM
event=receive timestamp_ns=1791289593990327519 workflow=ARL_UPDATE run_id=26 node=U1 source=Authority destination=TM
event=receive timestamp_ns=1791289595562185165 workflow=ARL_UPDATE run_id=27 node=U1 source=Authority destination=TM
event=receive timestamp_ns=1791289597097201011 workflow=ARL_UPDATE run_id=28 node=U1 source=Authority destination=TM
event=receive timestamp_ns=1791289598638065812 workflow=ARL_UPDATE run_id=29 node=U1 source=Authority destination=TM
event=receive timestamp_ns=1791289600202455930 workflow=ARL_UPDATE run_id=30 node=U1 source=Authority destination=TM
event=receive timestamp_ns=1791289601731596580 workflow=ARL_UPDATE run_id=31 node=U1 source=Authority destination=TM
event=receive timestamp_ns=1791289603270435527 workflow=ARL_UPDATE run_id=32 node=U1 source=Authority destination=TM
event=receive timestamp_ns=1791289604843364117 workflow=ARL_UPDATE run_id=33 node=U1 source=Authority destination=TM
event=receive timestamp_ns=1791289606376726724 workflow=ARL_UPDATE run_id=34 node=U1 source=Authority destination=TM
event=receive timestamp_ns=1791289607943225022 workflow=ARL_UPDATE run_id=35 node=U1 source=Authority destination=TM
event=receive timestamp_ns=1791289609511899885 workflow=ARL_UPDATE run_id=36 node=U1 source=Authority destination=TM
event=receive timestamp_ns=1791289611052100697 workflow=ARL_UPDATE run_id=37 node=U1 source=Authority destination=TM
event=receive timestamp_ns=1791289612617324948 workflow=ARL_UPDATE run_id=38 node=U1 source=Authority destination=TM
event=receive timestamp_ns=1791289614185322519 workflow=ARL_UPDATE run_id=39 node=U1 source=Authority destination=TM
event=receive timestamp_ns=1791289615753018929 workflow=ARL_UPDATE run_id=40 node=U1 source=Authority destination=TM
event=receive timestamp_ns=1791289617322181099 workflow=ARL_UPDATE run_id=41 node=U1 source=Authority destination=TM
event=receive timestamp_ns=1791289618889780035 workflow=ARL_UPDATE run_id=42 node=U1 source=Authority destination=TM
event=receive timestamp_ns=1791289620491459542 workflow=ARL_UPDATE run_id=43 node=U1 source=Authority destination=TM
event=receive timestamp_ns=1791289622031610214 workflow=ARL_UPDATE run_id=44 node=U1 source=Authority destination=TM
event=receive timestamp_ns=1791289623618788076 workflow=ARL_UPDATE run_id=45 node=U1 source=Authority destination=TM
event=receive timestamp_ns=1791289625199015027 workflow=ARL_UPDATE run_id=46 node=U1 source=Authority destination=TM
event=receive timestamp_ns=1791289626763475714 workflow=ARL_UPDATE run_id=47 node=U1 source=Authority destination=TM
event=receive timestamp_ns=1791289628332485870 workflow=ARL_UPDATE run_id=48 node=U1 source=Authority destination=TM
event=receive timestamp_ns=1791289629896762064 workflow=ARL_UPDATE run_id=49 node=U1 source=Authority destination=TM
event=receive timestamp_ns=1791289631461850239 workflow=ARL_UPDATE run_id=50 node=U1 source=Authority destination=TM
event=receive timestamp_ns=1791289633034317285 workflow=ARL_UPDATE run_id=51 node=U1 source=Authority destination=TM
event=receive timestamp_ns=1791289634572385354 workflow=ARL_UPDATE run_id=52 node=U1 source=Authority destination=TM
event=receive timestamp_ns=1791289636165493846 workflow=ARL_UPDATE run_id=53 node=U1 source=Authority destination=TM
event=receive timestamp_ns=1791289637742305602 workflow=ARL_UPDATE run_id=54 node=U1 source=Authority destination=TM
event=receive timestamp_ns=1791289639300770402 workflow=ARL_UPDATE run_id=55 node=U1 source=Authority destination=TM
event=receive timestamp_ns=1791289640871990103 workflow=ARL_UPDATE run_id=56 node=U1 source=Authority destination=TM
event=receive timestamp_ns=1791289642442234007 workflow=ARL_UPDATE run_id=57 node=U1 source=Authority destination=TM
event=receive timestamp_ns=1791289643976502185 workflow=ARL_UPDATE run_id=58 node=U1 source=Authority destination=TM
event=receive timestamp_ns=1791289645537144889 workflow=ARL_UPDATE run_id=59 node=U1 source=Authority destination=TM
event=receive timestamp_ns=1791289647076535947 workflow=ARL_UPDATE run_id=60 node=U1 source=Authority destination=TM
event=receive timestamp_ns=1791289648609770483 workflow=ARL_UPDATE run_id=61 node=U1 source=Authority destination=TM
event=receive timestamp_ns=1791289650149597860 workflow=ARL_UPDATE run_id=62 node=U1 source=Authority destination=TM
event=receive timestamp_ns=1791289651749355712 workflow=ARL_UPDATE run_id=63 node=U1 source=Authority destination=TM
event=receive timestamp_ns=1791289653324834868 workflow=ARL_UPDATE run_id=64 node=U1 source=Authority destination=TM
event=receive timestamp_ns=1791289654919891567 workflow=ARL_UPDATE run_id=65 node=U1 source=Authority destination=TM
event=receive timestamp_ns=1791289656460406866 workflow=ARL_UPDATE run_id=66 node=U1 source=Authority destination=TM
event=receive timestamp_ns=1791289658032170203 workflow=ARL_UPDATE run_id=67 node=U1 source=Authority destination=TM
event=receive timestamp_ns=1791289659590860673 workflow=ARL_UPDATE run_id=68 node=U1 source=Authority destination=TM
event=receive timestamp_ns=1791289661124921123 workflow=ARL_UPDATE run_id=69 node=U1 source=Authority destination=TM
event=receive timestamp_ns=1791289662696033647 workflow=ARL_UPDATE run_id=70 node=U1 source=Authority destination=TM
event=receive timestamp_ns=1791289666493895930 workflow=KEY_REQUEST run_id=bench_h10_key_w1 node=U1 source=TM10 destination=TM
event=receive timestamp_ns=1791289672605852300 workflow=KEY_REQUEST run_id=bench_h10_key_w2 node=U1 source=TM10 destination=TM
event=receive timestamp_ns=1791289676829940308 workflow=KEY_REQUEST run_id=bench_h10_key_w3 node=U1 source=TM10 destination=TM
event=receive timestamp_ns=1791289680354029205 workflow=KEY_REQUEST run_id=bench_h10_key_w4 node=U1 source=TM10 destination=TM
event=receive timestamp_ns=1791289685278692111 workflow=KEY_REQUEST run_id=bench_h10_key_w5 node=U1 source=TM10 destination=TM
event=receive timestamp_ns=1791289689246009783 workflow=KEY_REQUEST run_id=bench_h10_key_001 node=U1 source=TM10 destination=TM
event=receive timestamp_ns=1791289695326034414 workflow=KEY_REQUEST run_id=bench_h10_key_002 node=U1 source=TM10 destination=TM
event=receive timestamp_ns=1791289698814147711 workflow=KEY_REQUEST run_id=bench_h10_key_003 node=U1 source=TM10 destination=TM
event=receive timestamp_ns=1791289702302241953 workflow=KEY_REQUEST run_id=bench_h10_key_004 node=U1 source=TM10 destination=TM
event=receive timestamp_ns=1791289707038140338 workflow=KEY_REQUEST run_id=bench_h10_key_005 node=U1 source=TM10 destination=TM
event=receive timestamp_ns=1791289711902128372 workflow=KEY_REQUEST run_id=bench_h10_key_006 node=U1 source=TM10 destination=TM
event=receive timestamp_ns=1791289719038115466 workflow=KEY_REQUEST run_id=bench_h10_key_007 node=U1 source=TM10 destination=TM
event=receive timestamp_ns=1791289725854115709 workflow=KEY_REQUEST run_id=bench_h10_key_008 node=U1 source=TM10 destination=TM
event=receive timestamp_ns=1791289729373996850 workflow=KEY_REQUEST run_id=bench_h10_key_009 node=U1 source=TM10 destination=TM
event=receive timestamp_ns=1791289734270035319 workflow=KEY_REQUEST run_id=bench_h10_key_010 node=U1 source=TM10 destination=TM
event=receive timestamp_ns=1791289740542298850 workflow=KEY_REQUEST run_id=bench_h10_key_011 node=U1 source=TM10 destination=TM
event=receive timestamp_ns=1791289744349846056 workflow=KEY_REQUEST run_id=bench_h10_key_012 node=U1 source=TM10 destination=TM
event=receive timestamp_ns=1791289749950187302 workflow=KEY_REQUEST run_id=bench_h10_key_013 node=U1 source=TM10 destination=TM
event=receive timestamp_ns=1791289757086602742 workflow=KEY_REQUEST run_id=bench_h10_key_014 node=U1 source=TM10 destination=TM
event=receive timestamp_ns=1791289763390145660 workflow=KEY_REQUEST run_id=bench_h10_key_015 node=U1 source=TM10 destination=TM
event=receive timestamp_ns=1791289766910015419 workflow=KEY_REQUEST run_id=bench_h10_key_016 node=U1 source=TM10 destination=TM
event=receive timestamp_ns=1791289770782069127 workflow=KEY_REQUEST run_id=bench_h10_key_017 node=U1 source=TM10 destination=TM
event=receive timestamp_ns=1791289775805976988 workflow=KEY_REQUEST run_id=bench_h10_key_018 node=U1 source=TM10 destination=TM
event=receive timestamp_ns=1791289781921880329 workflow=KEY_REQUEST run_id=bench_h10_key_019 node=U1 source=TM10 destination=TM
event=receive timestamp_ns=1791289785885854484 workflow=KEY_REQUEST run_id=bench_h10_key_020 node=U1 source=TM10 destination=TM
event=receive timestamp_ns=1791289792765828187 workflow=KEY_REQUEST run_id=bench_h10_key_021 node=U1 source=TM10 destination=TM
event=receive timestamp_ns=1791289797630306268 workflow=KEY_REQUEST run_id=bench_h10_key_022 node=U1 source=TM10 destination=TM
event=receive timestamp_ns=1791289801662698968 workflow=KEY_REQUEST run_id=bench_h10_key_023 node=U1 source=TM10 destination=TM
event=receive timestamp_ns=1791289809086109945 workflow=KEY_REQUEST run_id=bench_h10_key_024 node=U1 source=TM10 destination=TM
event=receive timestamp_ns=1791289812542407810 workflow=KEY_REQUEST run_id=bench_h10_key_025 node=U1 source=TM10 destination=TM
event=receive timestamp_ns=1791289814817841307 workflow=KEY_REQUEST run_id=bench_h10_key_026 node=U1 source=TM10 destination=TM
event=receive timestamp_ns=1791289820414002840 workflow=KEY_REQUEST run_id=bench_h10_key_027 node=U1 source=TM10 destination=TM
event=receive timestamp_ns=1791289825982196401 workflow=KEY_REQUEST run_id=bench_h10_key_028 node=U1 source=TM10 destination=TM
event=receive timestamp_ns=1791289830237991501 workflow=KEY_REQUEST run_id=bench_h10_key_029 node=U1 source=TM10 destination=TM
event=receive timestamp_ns=1791289834306347045 workflow=KEY_REQUEST run_id=bench_h10_key_030 node=U1 source=TM10 destination=TM
