event=receive timestamp_ns=1791289496222171839 workflow=KEY_REQUEST run_id=bench_h10_setup node=U2 source=TM10 destination=TM
event=receive timestamp_ns=1791289501382886836 workflow=CT_SHARE run_id=1 node=U2 source=TM10 destination=TM
event=receive timestamp_ns=1791289502988861990 workflow=CT_SHARE run_id=2 node=U2 source=TM10 destination=TM
event=receive timestamp_ns=1791289504521413049 workflow=CT_SHARE run_id=3 node=U2 source=TM10 destination=TM
event=receive timestamp_ns=1791289506089255125 workflow=CT_SHARE run_id=4 node=U2 source=TM10 destination=TM
event=receive timestamp_ns=1791289507655565031 workflow=CT_SHARE run_id=5 node=U2 source=TM10 destination=TM
event=receive timestamp_ns=1791289509193294334 workflow=CT_SHARE run_id=6 node=U2 source=TM10 destination=TM
event=receive timestamp_ns=1791289510762328262 workflow=CT_SHARE run_id=7 node=U2 source=TM10 destination=TM
event=receive timestamp_ns=1791289512358656829 workflow=CT_SHARE run_id=8 node=U2 source=TM10 destination=TM
event=receive timestamp_ns=1791289513929547594 workflow=CT_SHARE run_id=9 node=U2 source=TM10 destination=TM
event=receive timestamp_ns=1791289515493001450 workflow=CT_SHARE run_id=10 node=U2 source=TM10 destination=TM
event=receive timestamp_ns=1791289517124748074 workflow=CT_SHARE run_id=11 node=U2 source=TM10 destination=TM
event=receive timestamp_ns=1791289518667507941 workflow=CT_SHARE run_id=12 node=U2 source=TM10 destination=TM
event=receive timestamp_ns=1791289520197217289 workflow=CT_SHARE run_id=13 node=U2 source=TM10 destination=TM
event=receive timestamp_ns=1791289521799747953 workflow=CT_SHARE run_id=14 node=U2 source=TM10 destination=TM
event=receive timestamp_ns=1791289523370638674 workflow=CT_SHARE run_id=15 node=U2 source=TM10 destination=TM
event=receive timestamp_ns=1791289524934259444 workflow=CT_SHARE run_id=16 node=U2 source=TM10 destination=TM
event=receive timestamp_ns=1791289526500456835 workflow=CT_SHARE run_id=17 node=U2 source=TM10 destination=TM
event=receive timestamp_ns=1791289528078012080 workflow=CT_SHARE run_id=18 node=U2 source=TM10 destination=TM
event=receive timestamp_ns=1791289529605198814 workflow=CT_SHARE run_id=19 node=U2 source=TM10 destination=TM
event=receive timestamp_ns=1791289530757996703 workflow=CT_SHARE run_id=20 node=U2 source=TM10 destination=TM
event=receive timestamp_ns=1791289532325323111 workflow=CT_SHARE run_id=21 node=U2 source=TM10 destination=TM
event=receive timestamp_ns=1791289533864396521 workflow=CT_SHARE run_id=22 node=U2 source=TM10 destination=TM
event=receive timestamp_ns=1791289535428698965 workflow=CT_SHARE run_id=23 node=U2 source=TM10 destination=TM
event=receive timestamp_ns=1791289537001109834 workflow=CT_SHARE run_id=24 node=U2 source=TM10 destination=TM
event=receive timestamp_ns=1791289538544755409 workflow=CT_SHARE run_id=25 node=U2 source=TM10 destination=TM
event=receive timestamp_ns=1791289540132697263 workflow=CT_SHARE run_id=26 node=U2 source=TM10 destination=TM
event=receive timestamp_ns=1791289541678829317 workflow=CT_SHARE run_id=27 node=U2 source=TM10 destination=TM
event=receive timestamp_ns=1791289543275828253 workflow=CT_SHARE run_id=28 node=U2 source=TM10 destination=TM
event=receive timestamp_ns=1791289544906693981 workflow=CT_SHARE run_id=29 node=U2 source=TM10 destination=TM
event=receive timestamp_ns=1791289546438257236 workflow=CT_SHARE run_id=30 node=U2 source=TM10 destination=TM
event=receive timestamp_ns=1791289547980465462 workflow=CT_SHARE run_id=31 node=U2 source=TM10 destination=TM
event=receive timestamp_ns=1791289549573586340 workflow=CT_SHARE run_id=32 node=U2 source=TM10 destination=TM
event=receive timestamp_ns=1791289551110485234 workflow=CT_SHARE run_id=33 node=U2 source=TM10 destination=TM
event=receive timestamp_ns=1791289552742560549 workflow=CT_SHARE run_id=34 node=U2 source=TM10 destination=TM
event=receive timestamp_ns=1791289554314310211 workflow=CT_SHARE run_id=35 node=U2 source=TM10 destination=TM
event=receive timestamp_ns=1791289555814434369 workflow=ARL_UPDATE run_id=1 node=U2 source=Authority destination=TM
event=receive timestamp_ns=1791289557350929923 workflow=ARL_UPDATE run_id=2 node=U2 source=Authority destination=TM
event=receive timestamp_ns=1791289558886117534 workflow=ARL_UPDATE run_id=3 node=U2 source=Authority destination=TM
event=receive timestamp_ns=1791289560424474969 workflow=ARL_UPDATE run_id=4 node=U2 source=Authority destination=TM
event=receive timestamp_ns=1791289561993841169 workflow=ARL_UPDATE run_id=5 node=U2 source=Authority destination=TM
event=receive timestamp_ns=1791289563496547787 workflow=ARL_UPDATE run_id=6 node=U2 source=Authority destination=TM
event=receive timestamp_ns=1791289565032199906 workflow=ARL_UPDATE run_id=7 node=U2 source=Authority destination=TM
event=receive timestamp_ns=1791289566570157757 workflow=ARL_UPDATE run_id=8 node=U2 source=Authority destination=TM
event=receive timestamp_ns=1791289568200673615 workflow=ARL_UPDATE run_id=9 node=U2 source=Authority destination=TM
event=receive timestamp_ns=1791289569764161029 workflow=ARL_UPDATE run_id=10 node=U2 source=Authority destination=TM
event=receive timestamp_ns=1791289571301068103 workflow=ARL_UPDATE run_id=11 node=U2 source=Authority destination=TM
event=receive timestamp_ns=1791289572865556853 workflow=ARL_UPDATE run_id=12 node=U2 source=Authority destination=TM
event=receive timestamp_ns=1791289574380884399 workflow=ARL_UPDATE run_id=13 node=U2 source=Authority destination=TM
event=receive timestamp_ns=1791289576005036060 workflow=ARL_UPDATE run_id=14 node=U2 source=Authority destination=TM
event=receive timestamp_ns=1791289577508980907 workflow=ARL_UPDATE run_id=15 node=U2 source=Authority destination=TM
event=receive timestamp_ns=1791289579146979420 workflow=ARL_UPDATE run_id=16 node=U2 source=Authority destination=TM
event=receive timestamp_ns=1791289580709950319 workflow=ARL_UPDATE run_id=17 node=U2 source=Authority destination=TM
event=receive timestamp_ns=1791289582281036000 workflow=ARL_UPDATE run_id=18 node=U2 source=Authority destination=TM
event=receive timestamp_ns=1791289583786725809 workflow=ARL_UPDATE run_id=19 node=U2 source=Authority destination=TM
event=receive timestamp_ns=1791289585355252766 workflow=ARL_UPDATE run_id=20 node=U2 source=Authority destination=TM
event=receive timestamp_ns=1791289586857939043 workflow=ARL_UPDATE run_id=21 node=U2 source=Authority destination=TM
event=receive timestamp_ns=1791289588425067819 workflow=ARL_UPDATE run_id=22 node=U2 source=Authority destination=TM
event=receive timestamp_ns=1791289589962265315 workflow=ARL_UPDATE run_id=23 node=U2 source=Authority destination=TM
event=receive timestamp_ns=1791289591492382487 workflow=ARL_UPDATE run_id=24 node=U2 source=Authority destination=TM
event=receive timestamp_ns=1791289593063090870 workflow=ARL_UPDATE run_id=25 node=U2 source=Authority destination=TM
event=receive timestamp_ns=1791289594566903440 workflow=ARL_UPDATE run_id=26 node=U2 source=Authority destination=TM
event=receive timestamp_ns=1791289596203096653 workflow=ARL_UPDATE run_id=27 node=U2 source=Authority destination=TM
event=receive timestamp_ns=1791289597710078767 workflow=ARL_UPDATE run_id=28 node=U2 source=Authority destination=TM
event=receive timestamp_ns=1791289599242322751 workflow=ARL_UPDATE run_id=29 node=U2 source=Authority destination=TM
event=receive timestamp_ns=1791289600811534607 workflow=ARL_UPDATE run_id=30 node=U2 source=Authority destination=TM
event=receive timestamp_ns=1791289602373746930 workflow=ARL_UPDATE run_id=31 node=U2 source=Authority destination=TM
event=receive timestamp_ns=1791289603876259686 workflow=ARL_UPDATE run_id=32 node=U2 source=Authority destination=TM
event=receive timestamp_ns=1791289605454316567 workflow=ARL_UPDATE run_id=33 node=U2 source=Authority destination=TM
event=receive timestamp_ns=1791289606987953693 workflow=ARL_UPDATE run_id=34 node=U2 source=Authority destination=TM
event=receive timestamp_ns=1791289608554387851 workflow=ARL_UPDATE run_id=35 node=U2 source=Authority destination=TM
event=receive timestamp_ns=1791289610119612370 workflow=ARL_UPDATE run_id=36 node=U2 source=Authority destination=TM
event=receive timestamp_ns=1791289611690366794 workflow=ARL_UPDATE run_id=37 node=U2 source=Authority destination=TM
event=receive timestamp_ns=1791289613226729210 workflow=ARL_UPDATE run_id=38 node=U2 source=Authority destination=TM
event=receive timestamp_ns=1791289614757582398 workflow=ARL_UPDATE run_id=39 node=U2 source=Authority destination=TM
event=receive timestamp_ns=1791289616361720820 workflow=ARL_UPDATE run_id=40 node=U2 source=Authority destination=TM
event=receive timestamp_ns=1791289617897915387 workflow=ARL_UPDATE run_id=41 node=U2 source=Authority destination=TM
event=receive timestamp_ns=1791289619465227700 workflow=ARL_UPDATE run_id=42 node=U2 source=Authority destination=TM
event=receive timestamp_ns=1791289621061809444 workflow=ARL_UPDATE run_id=43 node=U2 source=Authority destination=TM
event=receive timestamp_ns=1791289622669155471 workflow=ARL_UPDATE run_id=44 node=U2 source=Authority destination=TM
event=receive timestamp_ns=1791289624233416703 workflow=ARL_UPDATE run_id=45 node=U2 source=Authority destination=TM
event=receive timestamp_ns=1791289625802191299 workflow=ARL_UPDATE run_id=46 node=U2 source=Authority destination=TM
event=receive timestamp_ns=1791289627370331481 workflow=ARL_UPDATE run_id=47 node=U2 source=Authority destination=TM
event=receive timestamp_ns=1791289628932878882 workflow=ARL_UPDATE run_id=48 node=U2 source=Authority destination=TM
event=receive timestamp_ns=1791289630506224374 workflow=ARL_UPDATE run_id=49 node=U2 source=Authority destination=TM
event=receive timestamp_ns=1791289632074159288 workflow=ARL_UPDATE run_id=50 node=U2 source=Authority destination=TM
event=receive timestamp_ns=1791289633639774489 workflow=ARL_UPDATE run_id=51 node=U2 source=Authority destination=TM
event=receive timestamp_ns=1791289635170697174 workflow=ARL_UPDATE run_id=52 node=U2 source=Authority destination=TM
event=receive timestamp_ns=1791289636779124058 workflow=ARL_UPDATE run_id=53 node=U2 source=Authority destination=TM
event=receive timestamp_ns=1791289638319111971 workflow=ARL_UPDATE run_id=54 node=U2 source=Authority destination=TM
event=receive timestamp_ns=1791289639881474728 workflow=ARL_UPDATE run_id=55 node=U2 source=Authority destination=TM
event=receive timestamp_ns=1791289641482195802 workflow=ARL_UPDATE run_id=56 node=U2 source=Authority destination=TM
event=receive timestamp_ns=1791289643013197468 workflow=ARL_UPDATE run_id=57 node=U2 source=Authority destination=TM
event=receive timestamp_ns=1791289644583073822 workflow=ARL_UPDATE run_id=58 node=U2 source=Authority destination=TM
event=receive timestamp_ns=1791289646147233398 workflow=ARL_UPDATE run_id=59 node=U2 source=Authority destination=TM
event=receive timestamp_ns=1791289647684997362 workflow=ARL_UPDATE run_id=60 node=U2 source=Authority destination=TM
event=receive timestamp_ns=1791289649217358302 workflow=ARL_UPDATE run_id=61 node=U2 source=Authority destination=TM
event=receive timestamp_ns=1791289650763696833 workflow=ARL_UPDATE run_id=62 node=U2 source=Authority destination=TM
event=receive timestamp_ns=1791289652354822614 workflow=ARL_UPDATE run_id=63 node=U2 source=Authority destination=TM
event=receive timestamp_ns=1791289653929967516 workflow=ARL_UPDATE run_id=64 node=U2 source=Authority destination=TM
event=receive timestamp_ns=1791289655527868257 workflow=ARL_UPDATE run_id=65 node=U2 source=Authority destination=TM
event=receive timestamp_ns=1791289657060696252 workflow=ARL_UPDATE run_id=66 node=U2 source=Authority destination=TM
event=receive timestamp_ns=1791289658632050120 workflow=ARL_UPDATE run_id=67 node=U2 source=Authority destination=TM
event=receive timestamp_ns=1791289660197132647 workflow=ARL_UPDATE run_id=68 node=U2 source=Authority destination=TM
event=receive timestamp_ns=1791289661737054292 workflow=ARL_UPDATE run_id=69 node=U2 source=Authority destination=TM
event=receive timestamp_ns=1791289663298646493 workflow=ARL_UPDATE run_id=70 node=U2 source=Authority destination=TM
event=receive timestamp_ns=1791289666942542476 workflow=KEY_REQUEST run_id=bench_h10_key_w1 node=U2 source=TM10 destination=TM
event=receive timestamp_ns=1791289673954232985 workflow=KEY_REQUEST run_id=bench_h10_key_w2 node=U2 source=TM10 destination=TM
event=receive timestamp_ns=1791289676925948115 workflow=KEY_REQUEST run_id=bench_h10_key_w3 node=U2 source=TM10 destination=TM
event=receive timestamp_ns=1791289679518218534 workflow=KEY_REQUEST run_id=bench_h10_key_w4 node=U2 source=TM10 destination=TM
event=receive timestamp_ns=1791289684669973121 workflow=KEY_REQUEST run_id=bench_h10_key_w5 node=U2 source=TM10 destination=TM
event=receive timestamp_ns=1791289689661888702 workflow=KEY_REQUEST run_id=bench_h10_key_001 node=U2 source=TM10 destination=TM
event=receive timestamp_ns=1791289695230053069 workflow=KEY_REQUEST run_id=bench_h10_key_002 node=U2 source=TM10 destination=TM
event=receive timestamp_ns=1791289698722204019 workflow=KEY_REQUEST run_id=bench_h10_key_003 node=U2 source=TM10 destination=TM
event=receive timestamp_ns=1791289703102056737 workflow=KEY_REQUEST run_id=bench_h10_key_004 node=U2 source=TM10 destination=TM
event=receive timestamp_ns=1791289705726203323 workflow=KEY_REQUEST run_id=bench_h10_key_005 node=U2 source=TM10 destination=TM
event=receive timestamp_ns=1791289712350325084 workflow=KEY_REQUEST run_id=bench_h10_key_006 node=U2 source=TM10 destination=TM
event=receive timestamp_ns=1791289718942272482 workflow=KEY_REQUEST run_id=bench_h10_key_007 node=U2 source=TM10 destination=TM
event=receive timestamp_ns=1791289725922007383 workflow=KEY_REQUEST run_id=bench_h10_key_008 node=U2 source=TM10 destination=TM
event=receive timestamp_ns=1791289728574122811 workflow=KEY_REQUEST run_id=bench_h10_key_009 node=U2 source=TM10 destination=TM
event=receive timestamp_ns=1791289733661955021 workflow=KEY_REQUEST run_id=bench_h10_key_010 node=U2 source=TM10 destination=TM
event=receive timestamp_ns=1791289740638449485 workflow=KEY_REQUEST run_id=bench_h10_key_011 node=U2 source=TM10 destination=TM
event=receive timestamp_ns=1791289744285791525 workflow=KEY_REQUEST run_id=bench_h10_key_012 node=U2 source=TM10 destination=TM
event=receive timestamp_ns=1791289749854100181 workflow=KEY_REQUEST run_id=bench_h10_key_013 node=U2 source=TM10 destination=TM
event=receive timestamp_ns=1791289756990403607 workflow=KEY_REQUEST run_id=bench_h10_key_014 node=U2 source=TM10 destination=TM
event=receive timestamp_ns=1791289762590406045 workflow=KEY_REQUEST run_id=bench_h10_key_015 node=U2 source=TM10 destination=TM
event=receive timestamp_ns=1791289767006350746 workflow=KEY_REQUEST run_id=bench_h10_key_016 node=U2 source=TM10 destination=TM
event=receive timestamp_ns=1791289770689991106 workflow=KEY_REQUEST run_id=bench_h10_key_017 node=U2 source=TM10 destination=TM
event=receive timestamp_ns=1791289776221839029 workflow=KEY_REQUEST run_id=bench_h10_key_018 node=U2 source=TM10 destination=TM
event=receive timestamp_ns=1791289783266112239 workflow=KEY_REQUEST run_id=bench_h10_key_019 node=U2 source=TM10 destination=TM
event=receive timestamp_ns=1791289785789863044 workflow=KEY_REQUEST run_id=bench_h10_key_020 node=U2 source=TM10 destination=TM
event=receive timestamp_ns=1791289793374070098 workflow=KEY_REQUEST run_id=bench_h10_key_021 node=U2 source=TM10 destination=TM
event=receive timestamp_ns=1791289797022088659 workflow=KEY_REQUEST run_id=bench_h10_key_022 node=U2 source=TM10 destination=TM
event=receive timestamp_ns=1791289801566173147 workflow=KEY_REQUEST run_id=bench_h10_key_023 node=U2 source=TM10 destination=TM
event=receive timestamp_ns=1791289807742205676 workflow=KEY_REQUEST run_id=bench_h10_key_024 node=U2 source=TM10 destination=TM
event=receive timestamp_ns=1791289811230296057 workflow=KEY_REQUEST run_id=bench_h10_key_025 node=U2 source=TM10 destination=TM
event=receive timestamp_ns=1791289814717914576 workflow=KEY_REQUEST run_id=bench_h10_key_026 node=U2 source=TM10 destination=TM
event=receive timestamp_ns=1791289820318003377 workflow=KEY_REQUEST run_id=bench_h10_key_027 node=U2 source=TM10 destination=TM
event=receive timestamp_ns=1791289825886336408 workflow=KEY_REQUEST run_id=bench_h10_key_028 node=U2 source=TM10 destination=TM
event=receive timestamp_ns=1791289830337875697 workflow=KEY_REQUEST run_id=bench_h10_key_029 node=U2 source=TM10 destination=TM
event=receive timestamp_ns=1791289832990222726 workflow=KEY_REQUEST run_id=bench_h10_key_030 node=U2 source=TM10 destination=TM
