event=receive timestamp_ns=1791289496125856814 workflow=KEY_REQUEST run_id=bench_h10_setup node=U3 source=TM10 destination=TM
event=receive timestamp_ns=1791289501291062090 workflow=CT_SHARE run_id=1 node=U3 source=TM10 destination=TM
event=receive timestamp_ns=1791289502890202014 workflow=CT_SHARE run_id=2 node=U3 source=TM10 destination=TM
event=receive timestamp_ns=1791289504424207261 workflow=CT_SHARE run_id=3 node=U3 source=TM10 destination=TM
event=receive timestamp_ns=1791289506023009549 workflow=CT_SHARE run_id=4 node=U3 source=TM10 destination=TM
event=receive timestamp_ns=1791289507556921026 workflow=CT_SHARE run_id=5 node=U3 source=TM10 destination=TM
event=receive timestamp_ns=1791289509125513850 workflow=CT_SHARE run_id=6 node=U3 source=TM10 destination=TM
event=receive timestamp_ns=1791289510669835871 workflow=CT_SHARE run_id=7 node=U3 source=TM10 destination=TM
event=receive timestamp_ns=1791289512297008373 workflow=CT_SHARE run_id=8 node=U3 source=TM10 destination=TM
event=receive timestamp_ns=1791289513830639287 workflow=CT_SHARE run_id=9 node=U3 source=TM10 destination=TM
event=receive timestamp_ns=1791289515399200105 workflow=CT_SHARE run_id=10 node=U3 source=TM10 destination=TM
event=receive timestamp_ns=1791289517033598214 workflow=CT_SHARE run_id=11 node=U3 source=TM10 destination=TM
event=receive timestamp_ns=1791289518566452986 workflow=CT_SHARE run_id=12 node=U3 source=TM10 destination=TM
event=receive timestamp_ns=1791289520135336573 workflow=CT_SHARE run_id=13 node=U3 source=TM10 destination=TM
event=receive timestamp_ns=1791289521700794940 workflow=CT_SHARE run_id=14 node=U3 source=TM10 destination=TM
event=receive timestamp_ns=1791289523283212933 workflow=CT_SHARE run_id=15 node=U3 source=TM10 destination=TM
event=receive timestamp_ns=1791289524837146083 workflow=CT_SHARE run_id=16 node=U3 source=TM10 destination=TM
event=receive timestamp_ns=1791289526406744663 workflow=CT_SHARE run_id=17 node=U3 source=TM10 destination=TM
event=receive timestamp_ns=1791289527979974786 workflow=CT_SHARE run_id=18 node=U3 source=TM10 destination=TM
event=receive timestamp_ns=1791289529512831633 workflow=CT_SHARE run_id=19 node=U3 source=TM10 destination=TM
event=receive timestamp_ns=1791289531178570044 workflow=CT_SHARE run_id=20 node=U3 source=TM10 destination=TM
event=receive timestamp_ns=1791289532742269509 workflow=CT_SHARE run_id=21 node=U3 source=TM10 destination=TM
event=receive timestamp_ns=1791289534309536262 workflow=CT_SHARE run_id=22 node=U3 source=TM10 destination=TM
event=receive timestamp_ns=1791289535845275812 workflow=CT_SHARE run_id=23 node=U3 source=TM10 destination=TM
event=receive timestamp_ns=1791289537414252377 workflow=CT_SHARE run_id=24 node=U3 source=TM10 destination=TM
event=receive timestamp_ns=1791289538953699484 workflow=CT_SHARE run_id=25 node=U3 source=TM10 destination=TM
event=receive timestamp_ns=1791289540548569522 workflow=CT_SHARE run_id=26 node=U3 source=TM10 destination=TM
event=receive timestamp_ns=1791289542092944514 workflow=CT_SHARE run_id=27 node=U3 source=TM10 destination=TM
event=receive timestamp_ns=1791289543691752691 workflow=CT_SHARE run_id=28 node=U3 source=TM10 destination=TM
event=receive timestamp_ns=1791289545317219757 workflow=CT_SHARE run_id=29 node=U3 source=TM10 destination=TM
event=receive timestamp_ns=1791289546856819132 workflow=CT_SHARE run_id=30 node=U3 source=TM10 destination=TM
event=receive timestamp_ns=1791289548423466477 workflow=CT_SHARE run_id=31 node=U3 source=TM10 destination=TM
event=receive timestamp_ns=1791289549992258423 workflow=CT_SHARE run_id=32 node=U3 source=TM10 destination=TM
event=receive timestamp_ns=1791289551528474293 workflow=CT_SHARE run_id=33 node=U3 source=TM10 destination=TM
event=receive timestamp_ns=1791289553160215419 workflow=CT_SHARE run_id=34 node=U3 source=TM10 destination=TM
event=receive timestamp_ns=1791289554733047313 workflow=CT_SHARE run_id=35 node=U3 source=TM10 destination=TM
event=receive timestamp_ns=1791289555909960343 workflow=ARL_UPDATE run_id=1 node=U3 source=Authority destination=TM
event=receive timestamp_ns=1791289557445272030 workflow=ARL_UPDATE run_id=2 node=U3 source=Authority destination=TM
event=receive timestamp_ns=1791289558946570517 workflow=ARL_UPDATE run_id=3 node=U3 source=Authority destination=TM
event=receive timestamp_ns=1791289560517442235 workflow=ARL_UPDATE run_id=4 node=U3 source=Authority destination=TM
event=receive timestamp_ns=1791289562050925433 workflow=ARL_UPDATE run_id=5 node=U3 source=Authority destination=TM
event=receive timestamp_ns=1791289563587319009 workflow=ARL_UPDATE run_id=6 node=U3 source=Authority destination=TM
event=receive timestamp_ns=1791289565125341866 workflow=ARL_UPDATE run_id=7 node=U3 source=Authority destination=TM
event=receive timestamp_ns=1791289566657425976 workflow=ARL_UPDATE run_id=8 node=U3 source=Authority destination=TM
event=receive timestamp_ns=1791289568291863036 workflow=ARL_UPDATE run_id=9 node=U3 source=Authority destination=TM
event=receive timestamp_ns=1791289569858176609 workflow=ARL_UPDATE run_id=10 node=U3 source=Authority destination=TM
event=receive timestamp_ns=1791289571398113296 workflow=ARL_UPDATE run_id=11 node=U3 source=Authority destination=TM
event=receive timestamp_ns=1791289572931777630 workflow=ARL_UPDATE run_id=12 node=U3 source=Authority destination=TM
event=receive timestamp_ns=1791289574470311023 workflow=ARL_UPDATE run_id=13 node=U3 source=Authority destination=TM
event=receive timestamp_ns=1791289576068865906 workflow=ARL_UPDATE run_id=14 node=U3 source=Authority destination=TM
event=receive timestamp_ns=1791289577606203580 workflow=ARL_UPDATE run_id=15 node=U3 source=Authority destination=TM
event=receive timestamp_ns=1791289579240864201 workflow=ARL_UPDATE run_id=16 node=U3 source=Authority destination=TM
event=receive timestamp_ns=1791289580809875618 workflow=ARL_UPDATE run_id=17 node=U3 source=Authority destination=TM
event=receive timestamp_ns=1791289582371692306 workflow=ARL_UPDATE run_id=18 node=U3 source=Authority destination=TM
event=receive timestamp_ns=1791289583879890452 workflow=ARL_UPDATE run_id=19 node=U3 source=Authority destination=TM
event=receive timestamp_ns=1791289585448991016 workflow=ARL_UPDATE run_id=20 node=U3 source=Authority destination=TM
event=receive timestamp_ns=1791289586947846630 workflow=ARL_UPDATE run_id=21 node=U3 source=Authority destination=TM
event=receive timestamp_ns=1791289588519999372 workflow=ARL_UPDATE run_id=22 node=U3 source=Authority destination=TM
event=receive timestamp_ns=1791289590055827128 workflow=ARL_UPDATE run_id=23 node=U3 source=Authority destination=TM
event=receive timestamp_ns=1791289591588811397 workflow=ARL_UPDATE run_id=24 node=U3 source=Authority destination=TM
event=receive timestamp_ns=1791289593156632477 workflow=ARL_UPDATE run_id=25 node=U3 source=Authority destination=TM
event=receive timestamp_ns=1791289594663884553 workflow=ARL_UPDATE run_id=26 node=U3 source=Authority destination=TM
event=receive timestamp_ns=1791289596294820571 workflow=ARL_UPDATE run_id=27 node=U3 source=Authority destination=TM
event=receive timestamp_ns=1791289597804012190 workflow=ARL_UPDATE run_id=28 node=U3 source=Authority destination=TM
event=receive timestamp_ns=1791289599334360115 workflow=ARL_UPDATE run_id=29 node=U3 source=Authority destination=TM
event=receive timestamp_ns=1791289600933959854 workflow=ARL_UPDATE run_id=30 node=U3 source=Authority destination=TM
event=receive timestamp_ns=1791289602478691354 workflow=ARL_UPDATE run_id=31 node=U3 source=Authority destination=TM
event=receive timestamp_ns=1791289604008036241 workflow=ARL_UPDATE run_id=32 node=U3 source=Authority destination=TM
event=receive timestamp_ns=1791289605572817636 workflow=ARL_UPDATE run_id=33 node=U3 source=Authority destination=TM
event=receive timestamp_ns=1791289607078268096 workflow=ARL_UPDATE run_id=34 node=U3 source=Authority destination=TM
event=receive timestamp_ns=1791289608648214259 workflow=ARL_UPDATE run_id=35 node=U3 source=Authority destination=TM
event=receive timestamp_ns=1791289610214122969 workflow=ARL_UPDATE run_id=36 node=U3 source=Authority destination=TM
event=receive timestamp_ns=1791289611749728002 workflow=ARL_UPDATE run_id=37 node=U3 source=Authority destination=TM
event=receive timestamp_ns=1791289613283958955 workflow=ARL_UPDATE run_id=38 node=U3 source=Authority destination=TM
event=receive timestamp_ns=1791289614851569878 workflow=ARL_UPDATE run_id=39 node=U3 source=Authority destination=TM
event=receive timestamp_ns=1791289616420145576 workflow=ARL_UPDATE run_id=40 node=U3 source=Authority destination=TM
event=receive timestamp_ns=1791289617990511883 workflow=ARL_UPDATE run_id=41 node=U3 source=Authority destination=TM
event=receive timestamp_ns=1791289619555868089 workflow=ARL_UPDATE run_id=42 node=U3 source=Authority destination=TM
event=receive timestamp_ns=1791289621157182520 workflow=ARL_UPDATE run_id=43 node=U3 source=Authority destination=TM
event=receive timestamp_ns=1791289622759305080 workflow=ARL_UPDATE run_id=44 node=U3 source=Authority destination=TM
event=receive timestamp_ns=1791289624324216445 workflow=ARL_UPDATE run_id=45 node=U3 source=Authority destination=TM
event=receive timestamp_ns=1791289625889746632 workflow=ARL_UPDATE run_id=46 node=U3 source=Authority destination=TM
event=receive timestamp_ns=1791289627463276898 workflow=ARL_UPDATE run_id=47 node=U3 source=Authority destination=TM
event=receive timestamp_ns=1791289629029292193 workflow=ARL_UPDATE run_id=48 node=U3 source=Authority destination=TM
event=receive timestamp_ns=1791289630597285547 workflow=ARL_UPDATE run_id=49 node=U3 source=Authority destination=TM
event=receive timestamp_ns=1791289632134463236 workflow=ARL_UPDATE run_id=50 node=U3 source=Authority destination=TM
event=receive timestamp_ns=1791289633735318954 workflow=ARL_UPDATE run_id=51 node=U3 source=Authority destination=TM
event=receive timestamp_ns=1791289635269543539 workflow=ARL_UPDATE run_id=52 node=U3 source=Authority destination=TM
event=receive timestamp_ns=1791289636836233124 workflow=ARL_UPDATE run_id=53 node=U3 source=Authority destination=TM
event=receive timestamp_ns=1791289638406044733 workflow=ARL_UPDATE run_id=54 node=U3 source=Authority destination=TM
event=receive timestamp_ns=1791289639969774896 workflow=ARL_UPDATE run_id=55 node=U3 source=Authority destination=TM
event=receive timestamp_ns=1791289641572818967 workflow=ARL_UPDATE run_id=56 node=U3 source=Authority destination=TM
event=receive timestamp_ns=1791289643108659790 workflow=ARL_UPDATE run_id=57 node=U3 source=Authority destination=TM
event=receive timestamp_ns=1791289644677845633 workflow=ARL_UPDATE run_id=58 node=U3 source=Authority destination=TM
event=receive timestamp_ns=1791289646242647836 workflow=ARL_UPDATE run_id=59 node=U3 source=Authority destination=TM
event=receive timestamp_ns=1791289647777823219 workflow=ARL_UPDATE run_id=60 node=U3 source=Authority destination=TM
event=receive timestamp_ns=1791289649313935303 workflow=ARL_UPDATE run_id=61 node=U3 source=Authority destination=TM
event=receive timestamp_ns=1791289650849973470 workflow=ARL_UPDATE run_id=62 node=U3 source=Authority destination=TM
event=receive timestamp_ns=1791289652450615020 workflow=ARL_UPDATE run_id=63 node=U3 source=Authority destination=TM
event=receive timestamp_ns=1791289654021243413 workflow=ARL_UPDATE run_id=64 node=U3 source=Authority destination=TM
event=receive timestamp_ns=1791289655621103706 workflow=ARL_UPDATE run_id=65 node=U3 source=Authority destination=TM
event=receive timestamp_ns=1791289657159653573 workflow=ARL_UPDATE run_id=66 node=U3 source=Authority destination=TM
event=receive timestamp_ns=1791289658724887624 workflow=ARL_UPDATE run_id=67 node=U3 source=Authority destination=TM
event=receive timestamp_ns=1791289660292458895 workflow=ARL_UPDATE run_id=68 node=U3 source=Authority destination=TM
event=receive timestamp_ns=1791289661825368108 workflow=ARL_UPDATE run_id=69 node=U3 source=Authority destination=TM
event=receive timestamp_ns=1791289663397007483 workflow=ARL_UPDATE run_id=70 node=U3 source=Authority destination=TM
event=receive timestamp_ns=1791289666846107455 workflow=KEY_REQUEST run_id=bench_h10_key_w1 node=U3 source=TM10 destination=TM
event=receive timestamp_ns=1791289672958390964 workflow=KEY_REQUEST run_id=bench_h10_key_w2 node=U3 source=TM10 destination=TM
event=receive timestamp_ns=1791289675933857117 workflow=KEY_REQUEST run_id=bench_h10_key_w3 node=U3 source=TM10 destination=TM
event=receive timestamp_ns=1791289679934177077 workflow=KEY_REQUEST run_id=bench_h10_key_w4 node=U3 source=TM10 destination=TM
event=receive timestamp_ns=1791289685086288806 workflow=KEY_REQUEST run_id=bench_h10_key_w5 node=U3 source=TM10 destination=TM
event=receive timestamp_ns=1791289689054077484 workflow=KEY_REQUEST run_id=bench_h10_key_001 node=U3 source=TM10 destination=TM
event=receive timestamp_ns=1791289695645993968 workflow=KEY_REQUEST run_id=bench_h10_key_002 node=U3 source=TM10 destination=TM
event=receive timestamp_ns=1791289698622300779 workflow=KEY_REQUEST run_id=bench_h10_key_003 node=U3 source=TM10 destination=TM
event=receive timestamp_ns=1791289702654082456 workflow=KEY_REQUEST run_id=bench_h10_key_004 node=U3 source=TM10 destination=TM
event=receive timestamp_ns=1791289705630272409 workflow=KEY_REQUEST run_id=bench_h10_key_005 node=U3 source=TM10 destination=TM
event=receive timestamp_ns=1791289711742249651 workflow=KEY_REQUEST run_id=bench_h10_key_006 node=U3 source=TM10 destination=TM
event=receive timestamp_ns=1791289719454177292 workflow=KEY_REQUEST run_id=bench_h10_key_007 node=U3 source=TM10 destination=TM
event=receive timestamp_ns=1791289724926115981 workflow=KEY_REQUEST run_id=bench_h10_key_008 node=U3 source=TM10 destination=TM
event=receive timestamp_ns=1791289728994039151 workflow=KEY_REQUEST run_id=bench_h10_key_009 node=U3 source=TM10 destination=TM
event=receive timestamp_ns=1791289734078076640 workflow=KEY_REQUEST run_id=bench_h10_key_010 node=U3 source=TM10 destination=TM
event=receive timestamp_ns=1791289739646172900 workflow=KEY_REQUEST run_id=bench_h10_key_011 node=U3 source=TM10 destination=TM
event=receive timestamp_ns=1791289744701880196 workflow=KEY_REQUEST run_id=bench_h10_key_012 node=U3 source=TM10 destination=TM
event=receive timestamp_ns=1791289749758459492 workflow=KEY_REQUEST run_id=bench_h10_key_013 node=U3 source=TM10 destination=TM
event=receive timestamp_ns=1791289756990261099 workflow=KEY_REQUEST run_id=bench_h10_key_014 node=U3 source=TM10 destination=TM
event=receive timestamp_ns=1791289762494281135 workflow=KEY_REQUEST run_id=bench_h10_key_015 node=U3 source=TM10 destination=TM
event=receive timestamp_ns=1791289766526060057 workflow=KEY_REQUEST run_id=bench_h10_key_016 node=U3 source=TM10 destination=TM
event=receive timestamp_ns=1791289771070215921 workflow=KEY_REQUEST run_id=bench_h10_key_017 node=U3 source=TM10 destination=TM
event=receive timestamp_ns=1791289776125873797 workflow=KEY_REQUEST run_id=bench_h10_key_018 node=U3 source=TM10 destination=TM
event=receive timestamp_ns=1791289782270009358 workflow=KEY_REQUEST run_id=bench_h10_key_019 node=U3 source=TM10 destination=TM
event=receive timestamp_ns=1791289786209951358 workflow=KEY_REQUEST run_id=bench_h10_key_020 node=U3 source=TM10 destination=TM
event=receive timestamp_ns=1791289792350207811 workflow=KEY_REQUEST run_id=bench_h10_key_021 node=U3 source=TM10 destination=TM
event=receive timestamp_ns=1791289797438581972 workflow=KEY_REQUEST run_id=bench_h10_key_022 node=U3 source=TM10 destination=TM
event=receive timestamp_ns=1791289801982057459 workflow=KEY_REQUEST run_id=bench_h10_key_023 node=U3 source=TM10 destination=TM
event=receive timestamp_ns=1791289808161878011 workflow=KEY_REQUEST run_id=bench_h10_key_024 node=U3 source=TM10 destination=TM
event=receive timestamp_ns=1791289811134206335 workflow=KEY_REQUEST run_id=bench_h10_key_025 node=U3 source=TM10 destination=TM
event=receive timestamp_ns=1791289815133843595 workflow=KEY_REQUEST run_id=bench_h10_key_026 node=U3 source=TM10 destination=TM
event=receive timestamp_ns=1791289820221946299 workflow=KEY_REQUEST run_id=bench_h10_key_027 node=U3 source=TM10 destination=TM
event=receive timestamp_ns=1791289825790676444 workflow=KEY_REQUEST run_id=bench_h10_key_028 node=U3 source=TM10 destination=TM
event=receive timestamp_ns=1791289829853971533 workflow=KEY_REQUEST run_id=bench_h10_key_029 node=U3 source=TM10 destination=TM
event=receive timestamp_ns=1791289832894112167 workflow=KEY_REQUEST run_id=bench_h10_key_030 node=U3 source=TM10 destination=TM
