event=receive timestamp_ns=1791289496061914765 workflow=KEY_REQUEST run_id=bench_h10_setup node=U4 source=TM10 destination=TM
event=receive timestamp_ns=1791289501188749285 workflow=CT_SHARE run_id=1 node=U4 source=TM10 destination=TM
event=receive timestamp_ns=1791289502763829501 workflow=CT_SHARE run_id=2 node=U4 source=TM10 destination=TM
event=receive timestamp_ns=1791289504330045699 workflow=CT_SHARE run_id=3 node=U4 source=TM10 destination=TM
event=receive timestamp_ns=1791289505927685552 workflow=CT_SHARE run_id=4 node=U4 source=TM10 destination=TM
event=receive timestamp_ns=1791289507460979062 workflow=CT_SHARE run_id=5 node=U4 source=TM10 destination=TM
event=receive timestamp_ns=1791289509028791226 workflow=CT_SHARE run_id=6 node=U4 source=TM10 destination=TM
event=receive timestamp_ns=1791289510564949657 workflow=CT_SHARE run_id=7 node=U4 source=TM10 destination=TM
event=receive timestamp_ns=1791289512172899509 workflow=CT_SHARE run_id=8 node=U4 source=TM10 destination=TM
event=receive timestamp_ns=1791289513736621589 workflow=CT_SHARE run_id=9 node=U4 source=TM10 destination=TM
event=receive timestamp_ns=1791289515300600373 workflow=CT_SHARE run_id=10 node=U4 source=TM10 destination=TM
event=receive timestamp_ns=1791289516934424413 workflow=CT_SHARE run_id=11 node=U4 source=TM10 destination=TM
event=receive timestamp_ns=1791289518469289535 workflow=CT_SHARE run_id=12 node=U4 source=TM10 destination=TM
event=receive timestamp_ns=1791289520036533522 workflow=CT_SHARE run_id=13 node=U4 source=TM10 destination=TM
event=receive timestamp_ns=1791289521618975369 workflow=CT_SHARE run_id=14 node=U4 source=TM10 destination=TM
event=receive timestamp_ns=1791289523177192149 workflow=CT_SHARE run_id=15 node=U4 source=TM10 destination=TM
event=receive timestamp_ns=1791289524746396672 workflow=CT_SHARE run_id=16 node=U4 source=TM10 destination=TM
event=receive timestamp_ns=1791289526309828747 workflow=CT_SHARE run_id=17 node=U4 source=TM10 destination=TM
event=receive timestamp_ns=1791289527876690705 workflow=CT_SHARE run_id=18 node=U4 source=TM10 destination=TM
event=receive timestamp_ns=1791289529414937517 workflow=CT_SHARE run_id=19 node=U4 source=TM10 destination=TM
event=receive timestamp_ns=1791289531076619204 workflow=CT_SHARE run_id=20 node=U4 source=TM10 destination=TM
event=receive timestamp_ns=1791289532645816233 workflow=CT_SHARE run_id=21 node=U4 source=TM10 destination=TM
event=receive timestamp_ns=1791289534216337142 workflow=CT_SHARE run_id=22 node=U4 source=TM10 destination=TM
event=receive timestamp_ns=1791289535750076824 workflow=CT_SHARE run_id=23 node=U4 source=TM10 destination=TM
event=receive timestamp_ns=1791289537321357869 workflow=CT_SHARE run_id=24 node=U4 source=TM10 destination=TM
event=receive timestamp_ns=1791289538885998396 workflow=CT_SHARE run_id=25 node=U4 source=TM10 destination=TM
event=receive timestamp_ns=1791289540453920437 workflow=CT_SHARE run_id=26 node=U4 source=TM10 destination=TM
event=receive timestamp_ns=1791289542030643132 workflow=CT_SHARE run_id=27 node=U4 source=TM10 destination=TM
event=receive timestamp_ns=1791289543590982613 workflow=CT_SHARE run_id=28 node=U4 source=TM10 destination=TM
event=receive timestamp_ns=1791289545222790268 workflow=CT_SHARE run_id=29 node=U4 source=TM10 destination=TM
event=receive timestamp_ns=1791289546794445237 workflow=CT_SHARE run_id=30 node=U4 source=TM10 destination=TM
event=receive timestamp_ns=1791289548325757989 workflow=CT_SHARE run_id=31 node=U4 source=TM10 destination=TM
event=receive timestamp_ns=1791289549896455208 workflow=CT_SHARE run_id=32 node=U4 source=TM10 destination=TM
event=receive timestamp_ns=1791289551460738667 workflow=CT_SHARE run_id=33 node=U4 source=TM10 destination=TM
event=receive timestamp_ns=1791289553060773637 workflow=CT_SHARE run_id=34 node=U4 source=TM10 destination=TM
event=receive timestamp_ns=1791289554629488808 workflow=CT_SHARE run_id=35 node=U4 source=TM10 destination=TM
event=receive timestamp_ns=1791289556006299272 workflow=ARL_UPDATE run_id=1 node=U4 source=Authority destination=TM
event=receive timestamp_ns=1791289557538540767 workflow=ARL_UPDATE run_id=2 node=U4 source=Authority destination=TM
event=receive timestamp_ns=1791289559045566321 workflow=ARL_UPDATE run_id=3 node=U4 source=Authority destination=TM
event=receive timestamp_ns=1791289560617089925 workflow=ARL_UPDATE run_id=4 node=U4 source=Authority destination=TM
event=receive timestamp_ns=1791289562148112377 workflow=ARL_UPDATE run_id=5 node=U4 source=Authority destination=TM
event=receive timestamp_ns=1791289563685746896 workflow=ARL_UPDATE run_id=6 node=U4 source=Authority destination=TM
event=receive timestamp_ns=1791289565223167522 workflow=ARL_UPDATE run_id=7 node=U4 source=Authority destination=TM
event=receive timestamp_ns=1791289566757061129 workflow=ARL_UPDATE run_id=8 node=U4 source=Authority destination=TM
event=receive timestamp_ns=1791289568386068019 workflow=ARL_UPDATE run_id=9 node=U4 source=Authority destination=TM
event=receive timestamp_ns=1791289569959398572 workflow=ARL_UPDATE run_id=10 node=U4 source=Authority destination=TM
event=receive timestamp_ns=1791289571493860798 workflow=ARL_UPDATE run_id=11 node=U4 source=Authority destination=TM
event=receive timestamp_ns=1791289573031171415 workflow=ARL_UPDATE run_id=12 node=U4 source=Authority destination=TM
event=receive timestamp_ns=1791289574564987054 workflow=ARL_UPDATE run_id=13 node=U4 source=Authority destination=TM
event=receive timestamp_ns=1791289576166660911 workflow=ARL_UPDATE run_id=14 node=U4 source=Authority destination=TM
event=receive timestamp_ns=1791289577701270727 workflow=ARL_UPDATE run_id=15 node=U4 source=Authority destination=TM
event=receive timestamp_ns=1791289579334461467 workflow=ARL_UPDATE run_id=16 node=U4 source=Authority destination=TM
event=receive timestamp_ns=1791289580937549108 workflow=ARL_UPDATE run_id=17 node=U4 source=Authority destination=TM
event=receive timestamp_ns=1791289582472921884 workflow=ARL_UPDATE run_id=18 node=U4 source=Authority destination=TM
event=receive timestamp_ns=1791289583974426733 workflow=ARL_UPDATE run_id=19 node=U4 source=Authority destination=TM
event=receive timestamp_ns=1791289585544561918 workflow=ARL_UPDATE run_id=20 node=U4 source=Authority destination=TM
event=receive timestamp_ns=1791289587047721129 workflow=ARL_UPDATE run_id=21 node=U4 source=Authority destination=TM
event=receive timestamp_ns=1791289588616912653 workflow=ARL_UPDATE run_id=22 node=U4 source=Authority destination=TM
event=receive timestamp_ns=1791289590150450602 workflow=ARL_UPDATE run_id=23 node=U4 source=Authority destination=TM
event=receive timestamp_ns=1791289591685927360 workflow=ARL_UPDATE run_id=24 node=U4 source=Authority destination=TM
event=receive timestamp_ns=1791289593219942056 workflow=ARL_UPDATE run_id=25 node=U4 source=Authority destination=TM
event=receive timestamp_ns=1791289594758368225 workflow=ARL_UPDATE run_id=26 node=U4 source=Authority destination=TM
event=receive timestamp_ns=1791289596390683029 workflow=ARL_UPDATE run_id=27 node=U4 source=Authority destination=TM
event=receive timestamp_ns=1791289597898554870 workflow=ARL_UPDATE run_id=28 node=U4 source=Authority destination=TM
event=receive timestamp_ns=1791289599460686658 workflow=ARL_UPDATE run_id=29 node=U4 source=Authority destination=TM
event=receive timestamp_ns=1791289601026321789 workflow=ARL_UPDATE run_id=30 node=U4 source=Authority destination=TM
event=receive timestamp_ns=1791289602563825865 workflow=ARL_UPDATE run_id=31 node=U4 source=Authority destination=TM
event=receive timestamp_ns=1791289604101844572 workflow=ARL_UPDATE run_id=32 node=U4 source=Authority destination=TM
event=receive timestamp_ns=1791289605635576719 workflow=ARL_UPDATE run_id=33 node=U4 source=Authority destination=TM
event=receive timestamp_ns=1791289607177570623 workflow=ARL_UPDATE run_id=34 node=U4 source=Authority destination=TM
event=receive timestamp_ns=1791289608737495827 workflow=ARL_UPDATE run_id=35 node=U4 source=Authority destination=TM
event=receive timestamp_ns=1791289610307039401 workflow=ARL_UPDATE run_id=36 node=U4 source=Authority destination=TM
event=receive timestamp_ns=1791289611875248278 workflow=ARL_UPDATE run_id=37 node=U4 source=Authority destination=TM
event=receive timestamp_ns=1791289613385429281 workflow=ARL_UPDATE run_id=38 node=U4 source=Authority destination=TM
event=receive timestamp_ns=1791289614948106557 workflow=ARL_UPDATE run_id=39 node=U4 source=Authority destination=TM
event=receive timestamp_ns=1791289616519851257 workflow=ARL_UPDATE run_id=40 node=U4 source=Authority destination=TM
event=receive timestamp_ns=1791289618086069397 workflow=ARL_UPDATE run_id=41 node=U4 source=Authority destination=TM
event=receive timestamp_ns=1791289619652382282 workflow=ARL_UPDATE run_id=42 node=U4 source=Authority destination=TM
event=receive timestamp_ns=1791289621254210599 workflow=ARL_UPDATE run_id=43 node=U4 source=Authority destination=TM
event=receive timestamp_ns=1791289622852537581 workflow=ARL_UPDATE run_id=44 node=U4 source=Authority destination=TM
event=receive timestamp_ns=1791289624422713261 workflow=ARL_UPDATE run_id=45 node=U4 source=Authority destination=TM
event=receive timestamp_ns=1791289625955781883 workflow=ARL_UPDATE run_id=46 node=U4 source=Authority destination=TM
event=receive timestamp_ns=1791289627558063981 workflow=ARL_UPDATE run_id=47 node=U4 source=Authority destination=TM
event=receive timestamp_ns=1791289629125331971 workflow=ARL_UPDATE run_id=48 node=U4 source=Authority destination=TM
event=receive timestamp_ns=1791289630693235869 workflow=ARL_UPDATE run_id=49 node=U4 source=Authority destination=TM
event=receive timestamp_ns=1791289632227194987 workflow=ARL_UPDATE run_id=50 node=U4 source=Authority destination=TM
event=receive timestamp_ns=1791289633825544108 workflow=ARL_UPDATE run_id=51 node=U4 source=Authority destination=TM
event=receive timestamp_ns=1791289635366587099 workflow=ARL_UPDATE run_id=52 node=U4 source=Authority destination=TM
event=receive timestamp_ns=1791289636967060320 workflow=ARL_UPDATE run_id=53 node=U4 source=Authority destination=TM
event=receive timestamp_ns=1791289638499155156 workflow=ARL_UPDATE run_id=54 node=U4 source=Authority destination=TM
event=receive timestamp_ns=1791289640068257755 workflow=ARL_UPDATE run_id=55 node=U4 source=Authority destination=TM
event=receive timestamp_ns=1791289641637131385 workflow=ARL_UPDATE run_id=56 node=U4 source=Authority destination=TM
event=receive timestamp_ns=1791289643204496793 workflow=ARL_UPDATE run_id=57 node=U4 source=Authority destination=TM
event=receive timestamp_ns=1791289644769695984 workflow=ARL_UPDATE run_id=58 node=U4 source=Authority destination=TM
event=receive timestamp_ns=1791289646337977052 workflow=ARL_UPDATE run_id=59 node=U4 source=Authority destination=TM
event=receive timestamp_ns=1791289647873377993 workflow=ARL_UPDATE run_id=60 node=U4 source=Authority destination=TM
event=receive timestamp_ns=1791289649410753824 workflow=ARL_UPDATE run_id=61 node=U4 source=Authority destination=TM
event=receive timestamp_ns=1791289650946284205 workflow=ARL_UPDATE run_id=62 node=U4 source=Authority destination=TM
event=receive timestamp_ns=1791289652546455231 workflow=ARL_UPDATE run_id=63 node=U4 source=Authority destination=TM
event=receive timestamp_ns=1791289654112699788 workflow=ARL_UPDATE run_id=64 node=U4 source=Authority destination=TM
event=receive timestamp_ns=1791289655716621376 workflow=ARL_UPDATE run_id=65 node=U4 source=Authority destination=TM
event=receive timestamp_ns=1791289657255155423 workflow=ARL_UPDATE run_id=66 node=U4 source=Authority destination=TM
event=receive timestamp_ns=1791289658788685526 workflow=ARL_UPDATE run_id=67 node=U4 source=Authority destination=TM
event=receive timestamp_ns=1791289660390988900 workflow=ARL_UPDATE run_id=68 node=U4 source=Authority destination=TM
event=receive timestamp_ns=1791289661928646563 workflow=ARL_UPDATE run_id=69 node=U4 source=Authority destination=TM
event=receive timestamp_ns=1791289663490731243 workflow=ARL_UPDATE run_id=70 node=U4 source=Authority destination=TM
event=receive timestamp_ns=1791289666238137896 workflow=KEY_REQUEST run_id=bench_h10_key_w1 node=U4 source=TM10 destination=TM
event=receive timestamp_ns=1791289672349897155 workflow=KEY_REQUEST run_id=bench_h10_key_w2 node=U4 source=TM10 destination=TM
event=receive timestamp_ns=1791289676349821678 workflow=KEY_REQUEST run_id=bench_h10_key_w3 node=U4 source=TM10 destination=TM
event=receive timestamp_ns=1791289679902406241 workflow=KEY_REQUEST run_id=bench_h10_key_w4 node=U4 source=TM10 destination=TM
event=receive timestamp_ns=1791289684989828232 workflow=KEY_REQUEST run_id=bench_h10_key_w5 node=U4 source=TM10 destination=TM
event=receive timestamp_ns=1791289688958021124 workflow=KEY_REQUEST run_id=bench_h10_key_001 node=U4 source=TM10 destination=TM
event=receive timestamp_ns=1791289695554175785 workflow=KEY_REQUEST run_id=bench_h10_key_002 node=U4 source=TM10 destination=TM
event=receive timestamp_ns=1791289698526190516 workflow=KEY_REQUEST run_id=bench_h10_key_003 node=U4 source=TM10 destination=TM
event=receive timestamp_ns=1791289702558112789 workflow=KEY_REQUEST run_id=bench_h10_key_004 node=U4 source=TM10 destination=TM
event=receive timestamp_ns=1791289706078034936 workflow=KEY_REQUEST run_id=bench_h10_key_005 node=U4 source=TM10 destination=TM
event=receive timestamp_ns=1791289712158195240 workflow=KEY_REQUEST run_id=bench_h10_key_006 node=U4 source=TM10 destination=TM
event=receive timestamp_ns=1791289718781963724 workflow=KEY_REQUEST run_id=bench_h10_key_007 node=U4 source=TM10 destination=TM
event=receive timestamp_ns=1791289725345855440 workflow=KEY_REQUEST run_id=bench_h10_key_008 node=U4 source=TM10 destination=TM
event=receive timestamp_ns=1791289728893896646 workflow=KEY_REQUEST run_id=bench_h10_key_009 node=U4 source=TM10 destination=TM
event=receive timestamp_ns=1791289734014019290 workflow=KEY_REQUEST run_id=bench_h10_key_010 node=U4 source=TM10 destination=TM
event=receive timestamp_ns=1791289739582413064 workflow=KEY_REQUEST run_id=bench_h10_key_011 node=U4 source=TM10 destination=TM
event=receive timestamp_ns=1791289744609885499 workflow=KEY_REQUEST run_id=bench_h10_key_012 node=U4 source=TM10 destination=TM
event=receive timestamp_ns=1791289749758436934 workflow=KEY_REQUEST run_id=bench_h10_key_013 node=U4 source=TM10 destination=TM
event=receive timestamp_ns=1791289756802061522 workflow=KEY_REQUEST run_id=bench_h10_key_014 node=U4 source=TM10 destination=TM
event=receive timestamp_ns=1791289762398099371 workflow=KEY_REQUEST run_id=bench_h10_key_015 node=U4 source=TM10 destination=TM
event=receive timestamp_ns=1791289765917960583 workflow=KEY_REQUEST run_id=bench_h10_key_016 node=U4 source=TM10 destination=TM
event=receive timestamp_ns=1791289771006242686 workflow=KEY_REQUEST run_id=bench_h10_key_017 node=U4 source=TM10 destination=TM
event=receive timestamp_ns=1791289776125827996 workflow=KEY_REQUEST run_id=bench_h10_key_018 node=U4 source=TM10 destination=TM
event=receive timestamp_ns=1791289782142118257 workflow=KEY_REQUEST run_id=bench_h10_key_019 node=U4 source=TM10 destination=TM
event=receive timestamp_ns=1791289786209824340 workflow=KEY_REQUEST run_id=bench_h10_key_020 node=U4 source=TM10 destination=TM
event=receive timestamp_ns=1791289791742287435 workflow=KEY_REQUEST run_id=bench_h10_key_021 node=U4 source=TM10 destination=TM
event=receive timestamp_ns=1791289796830363815 workflow=KEY_REQUEST run_id=bench_h10_key_022 node=U4 source=TM10 destination=TM
event=receive timestamp_ns=1791289801886220172 workflow=KEY_REQUEST run_id=bench_h10_key_023 node=U4 source=TM10 destination=TM
event=receive timestamp_ns=1791289807550092799 workflow=KEY_REQUEST run_id=bench_h10_key_024 node=U4 source=TM10 destination=TM
event=receive timestamp_ns=1791289811582364570 workflow=KEY_REQUEST run_id=bench_h10_key_025 node=U4 source=TM10 destination=TM
event=receive timestamp_ns=1791289815041780021 workflow=KEY_REQUEST run_id=bench_h10_key_026 node=U4 source=TM10 destination=TM
event=receive timestamp_ns=1791289820189987976 workflow=KEY_REQUEST run_id=bench_h10_key_027 node=U4 source=TM10 destination=TM
event=receive timestamp_ns=1791289825694026407 workflow=KEY_REQUEST run_id=bench_h10_key_028 node=U4 source=TM10 destination=TM
event=receive timestamp_ns=1791289829246177698 workflow=KEY_REQUEST run_id=bench_h10_key_029 node=U4 source=TM10 destination=TM
event=receive timestamp_ns=1791289832798420564 workflow=KEY_REQUEST run_id=bench_h10_key_030 node=U4 source=TM10 destination=TM
