event=receive timestamp_ns=1791289495421904811 workflow=KEY_REQUEST run_id=bench_h10_setup node=U5 source=TM10 destination=TM
event=receive timestamp_ns=1791289500587518272 workflow=CT_SHARE run_id=1 node=U5 source=TM10 destination=TM
event=receive timestamp_ns=1791289502150310211 workflow=CT_SHARE run_id=2 node=U5 source=TM10 destination=TM
event=receive timestamp_ns=1791289503716486112 workflow=CT_SHARE run_id=3 node=U5 source=TM10 destination=TM
event=receive timestamp_ns=1791289505325021921 workflow=CT_SHARE run_id=4 node=U5 source=TM10 destination=TM
event=receive timestamp_ns=1791289506853396254 workflow=CT_SHARE run_id=5 node=U5 source=TM10 destination=TM
event=receive timestamp_ns=1791289508420720109 workflow=CT_SHARE run_id=6 node=U5 source=TM10 destination=TM
event=receive timestamp_ns=1791289509957742816 workflow=CT_SHARE run_id=7 node=U5 source=TM10 destination=TM
event=receive timestamp_ns=1791289511560684279 workflow=CT_SHARE run_id=8 node=U5 source=TM10 destination=TM
event=receive timestamp_ns=1791289513126127910 workflow=CT_SHARE run_id=9 node=U5 source=TM10 destination=TM
event=receive timestamp_ns=1791289514692451146 workflow=CT_SHARE run_id=10 node=U5 source=TM10 destination=TM
event=receive timestamp_ns=1791289516295446846 workflow=CT_SHARE run_id=11 node=U5 source=TM10 destination=TM
event=receive timestamp_ns=1791289517867244609 workflow=CT_SHARE run_id=12 node=U5 source=TM10 destination=TM
event=receive timestamp_ns=1791289519430453137 workflow=CT_SHARE run_id=13 node=U5 source=TM10 destination=TM
event=receive timestamp_ns=1791289520998479562 workflow=CT_SHARE run_id=14 node=U5 source=TM10 destination=TM
event=receive timestamp_ns=1791289522565903559 workflow=CT_SHARE run_id=15 node=U5 source=TM10 destination=TM
event=receive timestamp_ns=1791289524132663681 workflow=CT_SHARE run_id=16 node=U5 source=TM10 destination=TM
event=receive timestamp_ns=1791289525702551019 workflow=CT_SHARE run_id=17 node=U5 source=TM10 destination=TM
event=receive timestamp_ns=1791289527269673979 workflow=CT_SHARE run_id=18 node=U5 source=TM10 destination=TM
event=receive timestamp_ns=1791289528837976005 workflow=CT_SHARE run_id=19 node=U5 source=TM10 destination=TM
event=receive timestamp_ns=1791289530471927550 workflow=CT_SHARE run_id=20 node=U5 source=TM10 destination=TM
event=receive timestamp_ns=1791289532039082110 workflow=CT_SHARE run_id=21 node=U5 source=TM10 destination=TM
event=receive timestamp_ns=1791289533604901823 workflow=CT_SHARE run_id=22 node=U5 source=TM10 destination=TM
event=receive timestamp_ns=1791289535140927623 workflow=CT_SHARE run_id=23 node=U5 source=TM10 destination=TM
event=receive timestamp_ns=1791289536710881946 workflow=CT_SHARE run_id=24 node=U5 source=TM10 destination=TM
event=receive timestamp_ns=1791289538285763326 workflow=CT_SHARE run_id=25 node=U5 source=TM10 destination=TM
event=receive timestamp_ns=1791289539846661941 workflow=CT_SHARE run_id=26 node=U5 source=TM10 destination=TM
event=receive timestamp_ns=1791289541418002784 workflow=CT_SHARE run_id=27 node=U5 source=TM10 destination=TM
event=receive timestamp_ns=1791289542985374934 workflow=CT_SHARE run_id=28 node=U5 source=TM10 destination=TM
event=receive timestamp_ns=1791289544620646842 workflow=CT_SHARE run_id=29 node=U5 source=TM10 destination=TM
event=receive timestamp_ns=1791289546150444667 workflow=CT_SHARE run_id=30 node=U5 source=TM10 destination=TM
event=receive timestamp_ns=1791289547719883800 workflow=CT_SHARE run_id=31 node=U5 source=TM10 destination=TM
event=receive timestamp_ns=1791289549286416518 workflow=CT_SHARE run_id=32 node=U5 source=TM10 destination=TM
event=receive timestamp_ns=1791289550855008480 workflow=CT_SHARE run_id=33 node=U5 source=TM10 destination=TM
event=receive timestamp_ns=1791289552461466845 workflow=CT_SHARE run_id=34 node=U5 source=TM10 destination=TM
event=receive timestamp_ns=1791289554029790060 workflow=CT_SHARE run_id=35 node=U5 source=TM10 destination=TM
event=receive timestamp_ns=1791289555592521158 workflow=ARL_UPDATE run_id=1 node=U5 source=Authority destination=TM
event=receive timestamp_ns=1791289557125373825 workflow=ARL_UPDATE run_id=2 node=U5 source=Authority destination=TM
event=receive timestamp_ns=1791289558638751556 workflow=ARL_UPDATE run_id=3 node=U5 source=Authority destination=TM
event=receive timestamp_ns=1791289560175800726 workflow=ARL_UPDATE run_id=4 node=U5 source=Authority destination=TM
event=receive timestamp_ns=1791289561735689831 workflow=ARL_UPDATE run_id=5 node=U5 source=Authority destination=TM
event=receive timestamp_ns=1791289563279479860 workflow=ARL_UPDATE run_id=6 node=U5 source=Authority destination=TM
event=receive timestamp_ns=1791289564808533452 workflow=ARL_UPDATE run_id=7 node=U5 source=Authority destination=TM
event=receive timestamp_ns=1791289566346157324 workflow=ARL_UPDATE run_id=8 node=U5 source=Authority destination=TM
event=receive timestamp_ns=1791289567975692816 workflow=ARL_UPDATE run_id=9 node=U5 source=Authority destination=TM
event=receive timestamp_ns=1791289569539965372 workflow=ARL_UPDATE run_id=10 node=U5 source=Authority destination=TM
event=receive timestamp_ns=1791289571083161506 workflow=ARL_UPDATE run_id=11 node=U5 source=Authority destination=TM
event=receive timestamp_ns=1791289572617757136 workflow=ARL_UPDATE run_id=12 node=U5 source=Authority destination=TM
event=receive timestamp_ns=1791289574154420295 workflow=ARL_UPDATE run_id=13 node=U5 source=Authority destination=TM
event=receive timestamp_ns=1791289575748987405 workflow=ARL_UPDATE run_id=14 node=U5 source=Authority destination=TM
event=receive timestamp_ns=1791289577292870557 workflow=ARL_UPDATE run_id=15 node=U5 source=Authority destination=TM
event=receive timestamp_ns=1791289578916879739 workflow=ARL_UPDATE run_id=16 node=U5 source=Authority destination=TM
event=receive timestamp_ns=1791289580524373730 workflow=ARL_UPDATE run_id=17 node=U5 source=Authority destination=TM
event=receive timestamp_ns=1791289582056689708 workflow=ARL_UPDATE run_id=18 node=U5 source=Authority destination=TM
event=receive timestamp_ns=1791289583561442898 workflow=ARL_UPDATE run_id=19 node=U5 source=Authority destination=TM
event=receive timestamp_ns=1791289585134957284 workflow=ARL_UPDATE run_id=20 node=U5 source=Authority destination=TM
event=receive timestamp_ns=1791289586634962578 workflow=ARL_UPDATE run_id=21 node=U5 source=Authority destination=TM
event=receive timestamp_ns=1791289588204754705 workflow=ARL_UPDATE run_id=22 node=U5 source=Authority destination=TM
event=receive timestamp_ns=1791289589731311246 workflow=ARL_UPDATE run_id=23 node=U5 source=Authority destination=TM
event=receive timestamp_ns=1791289591274255396 workflow=ARL_UPDATE run_id=24 node=U5 source=Authority destination=TM
event=receive timestamp_ns=1791289592813183635 workflow=ARL_UPDATE run_id=25 node=U5 source=Authority destination=TM
event=receive timestamp_ns=1791289594345158024 workflow=ARL_UPDATE run_id=26 node=U5 source=Authority destination=TM
event=receive timestamp_ns=1791289595976046040 workflow=ARL_UPDATE run_id=27 node=U5 source=Authority destination=TM
event=receive timestamp_ns=1791289597483861449 workflow=ARL_UPDATE run_id=28 node=U5 source=Authority destination=TM
event=receive timestamp_ns=1791289599017978332 workflow=ARL_UPDATE run_id=29 node=U5 source=Authority destination=TM
event=receive timestamp_ns=1791289600587458878 workflow=ARL_UPDATE run_id=30 node=U5 source=Authority destination=TM
event=receive timestamp_ns=1791289602155051335 workflow=ARL_UPDATE run_id=31 node=U5 source=Authority destination=TM
event=receive timestamp_ns=1791289603689529867 workflow=ARL_UPDATE run_id=32 node=U5 source=Authority destination=TM
event=receive timestamp_ns=1791289605230473180 workflow=ARL_UPDATE run_id=33 node=U5 source=Authority destination=TM
event=receive timestamp_ns=1791289606764962354 workflow=ARL_UPDATE run_id=34 node=U5 source=Authority destination=TM
event=receive timestamp_ns=1791289608329158123 workflow=ARL_UPDATE run_id=35 node=U5 source=Authority destination=TM
event=receive timestamp_ns=1791289609894343198 workflow=ARL_UPDATE run_id=36 node=U5 source=Authority destination=TM
event=receive timestamp_ns=1791289611466867210 workflow=ARL_UPDATE run_id=37 node=U5 source=Authority destination=TM
event=receive timestamp_ns=1791289612974532068 workflow=ARL_UPDATE run_id=38 node=U5 source=Authority destination=TM
event=receive timestamp_ns=1791289614539206193 workflow=ARL_UPDATE run_id=39 node=U5 source=Authority destination=TM
event=receive timestamp_ns=1791289616132780334 workflow=ARL_UPDATE run_id=40 node=U5 source=Authority destination=TM
event=receive timestamp_ns=1791289617677875473 workflow=ARL_UPDATE run_id=41 node=U5 source=Authority destination=TM
event=receive timestamp_ns=1791289619244967484 workflow=ARL_UPDATE run_id=42 node=U5 source=Authority destination=TM
event=receive timestamp_ns=1791289620843874395 workflow=ARL_UPDATE run_id=43 node=U5 source=Authority destination=TM
event=receive timestamp_ns=1791289622444176685 workflow=ARL_UPDATE run_id=44 node=U5 source=Authority destination=TM
event=receive timestamp_ns=1791289624004225991 workflow=ARL_UPDATE run_id=45 node=U5 source=Authority destination=TM
event=receive timestamp_ns=1791289625548175418 workflow=ARL_UPDATE run_id=46 node=U5 source=Authority destination=TM
event=receive timestamp_ns=1791289627143240396 workflow=ARL_UPDATE run_id=47 node=U5 source=Authority destination=TM
event=receive timestamp_ns=1791289628716795919 workflow=ARL_UPDATE run_id=48 node=U5 source=Authority destination=TM
event=receive timestamp_ns=1791289630283462194 workflow=ARL_UPDATE run_id=49 node=U5 source=Authority destination=TM
event=receive timestamp_ns=1791289631813601401 workflow=ARL_UPDATE run_id=50 node=U5 source=Authority destination=TM
event=receive timestamp_ns=1791289633418463530 workflow=ARL_UPDATE run_id=51 node=U5 source=Authority destination=TM
event=receive timestamp_ns=1791289634949015836 workflow=ARL_UPDATE run_id=52 node=U5 source=Authority destination=TM
event=receive timestamp_ns=1791289636548001138 workflow=ARL_UPDATE run_id=53 node=U5 source=Authority destination=TM
event=receive timestamp_ns=1791289638085458863 workflow=ARL_UPDATE run_id=54 node=U5 source=Authority destination=TM
event=receive timestamp_ns=1791289639655754580 workflow=ARL_UPDATE run_id=55 node=U5 source=Authority destination=TM
event=receive timestamp_ns=1791289641226362810 workflow=ARL_UPDATE run_id=56 node=U5 source=Authority destination=TM
event=receive timestamp_ns=1791289642791595114 workflow=ARL_UPDATE run_id=57 node=U5 source=Authority destination=TM
event=receive timestamp_ns=1791289644360559567 workflow=ARL_UPDATE run_id=58 node=U5 source=Authority destination=TM
event=receive timestamp_ns=1791289645896258725 workflow=ARL_UPDATE run_id=59 node=U5 source=Authority destination=TM
event=receive timestamp_ns=1791289647461223158 workflow=ARL_UPDATE run_id=60 node=U5 source=Authority destination=TM
event=receive timestamp_ns=1791289648961911626 workflow=ARL_UPDATE run_id=61 node=U5 source=Authority destination=TM
event=receive timestamp_ns=1791289650537187977 workflow=ARL_UPDATE run_id=62 node=U5 source=Authority destination=TM
event=receive timestamp_ns=1791289652131654144 workflow=ARL_UPDATE run_id=63 node=U5 source=Authority destination=TM
event=receive timestamp_ns=1791289653703808756 workflow=ARL_UPDATE run_id=64 node=U5 source=Authority destination=TM
event=receive timestamp_ns=1791289655305941522 workflow=ARL_UPDATE run_id=65 node=U5 source=Authority destination=TM
event=receive timestamp_ns=1791289656841865866 workflow=ARL_UPDATE run_id=66 node=U5 source=Authority destination=TM
event=receive timestamp_ns=1791289658378486302 workflow=ARL_UPDATE run_id=67 node=U5 source=Authority destination=TM
event=receive timestamp_ns=1791289659981131447 workflow=ARL_UPDATE run_id=68 node=U5 source=Authority destination=TM
event=receive timestamp_ns=1791289661517150501 workflow=ARL_UPDATE run_id=69 node=U5 source=Authority destination=TM
event=receive timestamp_ns=1791289663080472209 workflow=ARL_UPDATE run_id=70 node=U5 source=Authority destination=TM
event=receive timestamp_ns=1791289666657941652 workflow=KEY_REQUEST run_id=bench_h10_key_w1 node=U5 source=TM10 destination=TM
event=receive timestamp_ns=1791289672766189555 workflow=KEY_REQUEST run_id=bench_h10_key_w2 node=U5 source=TM10 destination=TM
event=receive timestamp_ns=1791289675742010535 workflow=KEY_REQUEST run_id=bench_h10_key_w3 node=U5 source=TM10 destination=TM
event=receive timestamp_ns=1791289679745827247 workflow=KEY_REQUEST run_id=bench_h10_key_w4 node=U5 source=TM10 destination=TM
event=receive timestamp_ns=1791289684382002345 workflow=KEY_REQUEST run_id=bench_h10_key_w5 node=U5 source=TM10 destination=TM
event=receive timestamp_ns=1791289689374020557 workflow=KEY_REQUEST run_id=bench_h10_key_001 node=U5 source=TM10 destination=TM
event=receive timestamp_ns=1791289694973996066 workflow=KEY_REQUEST run_id=bench_h10_key_002 node=U5 source=TM10 destination=TM
event=receive timestamp_ns=1791289698430226455 workflow=KEY_REQUEST run_id=bench_h10_key_003 node=U5 source=TM10 destination=TM
event=receive timestamp_ns=1791289702461986520 workflow=KEY_REQUEST run_id=bench_h10_key_004 node=U5 source=TM10 destination=TM
event=receive timestamp_ns=1791289705438274535 workflow=KEY_REQUEST run_id=bench_h10_key_005 node=U5 source=TM10 destination=TM
event=receive timestamp_ns=1791289711549958292 workflow=KEY_REQUEST run_id=bench_h10_key_006 node=U5 source=TM10 destination=TM
event=receive timestamp_ns=1791289719198002764 workflow=KEY_REQUEST run_id=bench_h10_key_007 node=U5 source=TM10 destination=TM
event=receive timestamp_ns=1791289724734170858 workflow=KEY_REQUEST run_id=bench_h10_key_008 node=U5 source=TM10 destination=TM
event=receive timestamp_ns=1791289728798309523 workflow=KEY_REQUEST run_id=bench_h10_key_009 node=U5 source=TM10 destination=TM
event=receive timestamp_ns=1791289733918111886 workflow=KEY_REQUEST run_id=bench_h10_key_010 node=U5 source=TM10 destination=TM
event=receive timestamp_ns=1791289739485979492 workflow=KEY_REQUEST run_id=bench_h10_key_011 node=U5 source=TM10 destination=TM
event=receive timestamp_ns=1791289744509784828 workflow=KEY_REQUEST run_id=bench_h10_key_012 node=U5 source=TM10 destination=TM
event=receive timestamp_ns=1791289749054296435 workflow=KEY_REQUEST run_id=bench_h10_key_013 node=U5 source=TM10 destination=TM
event=receive timestamp_ns=1791289756222266983 workflow=KEY_REQUEST run_id=bench_h10_key_014 node=U5 source=TM10 destination=TM
event=receive timestamp_ns=1791289762818247692 workflow=KEY_REQUEST run_id=bench_h10_key_015 node=U5 source=TM10 destination=TM
event=receive timestamp_ns=1791289765826111003 workflow=KEY_REQUEST run_id=bench_h10_key_016 node=U5 source=TM10 destination=TM
event=receive timestamp_ns=1791289770909837453 workflow=KEY_REQUEST run_id=bench_h10_key_017 node=U5 source=TM10 destination=TM
event=receive timestamp_ns=1791289775422081073 workflow=KEY_REQUEST run_id=bench_h10_key_018 node=U5 source=TM10 destination=TM
event=receive timestamp_ns=1791289782050025751 workflow=KEY_REQUEST run_id=bench_h10_key_019 node=U5 source=TM10 destination=TM
event=receive timestamp_ns=1791289785502132527 workflow=KEY_REQUEST run_id=bench_h10_key_020 node=U5 source=TM10 destination=TM
event=receive timestamp_ns=1791289792162151617 workflow=KEY_REQUEST run_id=bench_h10_key_021 node=U5 source=TM10 destination=TM
event=receive timestamp_ns=1791289797249898195 workflow=KEY_REQUEST run_id=bench_h10_key_022 node=U5 source=TM10 destination=TM
event=receive timestamp_ns=1791289801790437563 workflow=KEY_REQUEST run_id=bench_h10_key_023 node=U5 source=TM10 destination=TM
event=receive timestamp_ns=1791289807966059629 workflow=KEY_REQUEST run_id=bench_h10_key_024 node=U5 source=TM10 destination=TM
event=receive timestamp_ns=1791289810942558031 workflow=KEY_REQUEST run_id=bench_h10_key_025 node=U5 source=TM10 destination=TM
event=receive timestamp_ns=1791289814945831770 workflow=KEY_REQUEST run_id=bench_h10_key_026 node=U5 source=TM10 destination=TM
event=receive timestamp_ns=1791289820029877251 workflow=KEY_REQUEST run_id=bench_h10_key_027 node=U5 source=TM10 destination=TM
event=receive timestamp_ns=1791289825598477188 workflow=KEY_REQUEST run_id=bench_h10_key_028 node=U5 source=TM10 destination=TM
event=receive timestamp_ns=1791289829666049623 workflow=KEY_REQUEST run_id=bench_h10_key_029 node=U5 source=TM10 destination=TM
event=receive timestamp_ns=1791289832706206091 workflow=KEY_REQUEST run_id=bench_h10_key_030 node=U5 source=TM10 destination=TM
