event=receive timestamp_ns=1791289495325861256 workflow=KEY_REQUEST run_id=bench_h10_setup node=U6 source=TM10 destination=TM
event=receive timestamp_ns=1791289500490991805 workflow=CT_SHARE run_id=1 node=U6 source=TM10 destination=TM
event=receive timestamp_ns=1791289502062199798 workflow=CT_SHARE run_id=2 node=U6 source=TM10 destination=TM
event=receive timestamp_ns=1791289503624270633 workflow=CT_SHARE run_id=3 node=U6 source=TM10 destination=TM
event=receive timestamp_ns=1791289505194138989 workflow=CT_SHARE run_id=4 node=U6 source=TM10 destination=TM
event=receive timestamp_ns=1791289506795594903 workflow=CT_SHARE run_id=5 node=U6 source=TM10 destination=TM
event=receive timestamp_ns=1791289508324920554 workflow=CT_SHARE run_id=6 node=U6 source=TM10 destination=TM
event=receive timestamp_ns=1791289509905383204 workflow=CT_SHARE run_id=7 node=U6 source=TM10 destination=TM
event=receive timestamp_ns=1791289511464235673 workflow=CT_SHARE run_id=8 node=U6 source=TM10 destination=TM
event=receive timestamp_ns=1791289513030618941 workflow=CT_SHARE run_id=9 node=U6 source=TM10 destination=TM
event=receive timestamp_ns=1791289514598359622 workflow=CT_SHARE run_id=10 node=U6 source=TM10 destination=TM
event=receive timestamp_ns=1791289516201248916 workflow=CT_SHARE run_id=11 node=U6 source=TM10 destination=TM
event=receive timestamp_ns=1791289517772755040 workflow=CT_SHARE run_id=12 node=U6 source=TM10 destination=TM
event=receive timestamp_ns=1791289519336222948 workflow=CT_SHARE run_id=13 node=U6 source=TM10 destination=TM
event=receive timestamp_ns=1791289520906320986 workflow=CT_SHARE run_id=14 node=U6 source=TM10 destination=TM
event=receive timestamp_ns=1791289522475792629 workflow=CT_SHARE run_id=15 node=U6 source=TM10 destination=TM
event=receive timestamp_ns=1791289524072885056 workflow=CT_SHARE run_id=16 node=U6 source=TM10 destination=TM
event=receive timestamp_ns=1791289525605107380 workflow=CT_SHARE run_id=17 node=U6 source=TM10 destination=TM
event=receive timestamp_ns=1791289527176056600 workflow=CT_SHARE run_id=18 node=U6 source=TM10 destination=TM
event=receive timestamp_ns=1791289528747683261 workflow=CT_SHARE run_id=19 node=U6 source=TM10 destination=TM
event=receive timestamp_ns=1791289530376911497 workflow=CT_SHARE run_id=20 node=U6 source=TM10 destination=TM
event=receive timestamp_ns=1791289531940666339 workflow=CT_SHARE run_id=21 node=U6 source=TM10 destination=TM
event=receive timestamp_ns=1791289533510702272 workflow=CT_SHARE run_id=22 node=U6 source=TM10 destination=TM
event=receive timestamp_ns=1791289535044937847 workflow=CT_SHARE run_id=23 node=U6 source=TM10 destination=TM
event=receive timestamp_ns=1791289536618341531 workflow=CT_SHARE run_id=24 node=U6 source=TM10 destination=TM
event=receive timestamp_ns=1791289538188162988 workflow=CT_SHARE run_id=25 node=U6 source=TM10 destination=TM
event=receive timestamp_ns=1791289539750586731 workflow=CT_SHARE run_id=26 node=U6 source=TM10 destination=TM
event=receive timestamp_ns=1791289541316541552 workflow=CT_SHARE run_id=27 node=U6 source=TM10 destination=TM
event=receive timestamp_ns=1791289542884808424 workflow=CT_SHARE run_id=28 node=U6 source=TM10 destination=TM
event=receive timestamp_ns=1791289544521724868 workflow=CT_SHARE run_id=29 node=U6 source=TM10 destination=TM
event=receive timestamp_ns=1791289546058668033 workflow=CT_SHARE run_id=30 node=U6 source=TM10 destination=TM
event=receive timestamp_ns=1791289547628628907 workflow=CT_SHARE run_id=31 node=U6 source=TM10 destination=TM
event=receive timestamp_ns=1791289549192782462 workflow=CT_SHARE run_id=32 node=U6 source=TM10 destination=TM
event=receive timestamp_ns=1791289550758910587 workflow=CT_SHARE run_id=33 node=U6 source=TM10 destination=TM
event=receive timestamp_ns=1791289552364071772 workflow=CT_SHARE run_id=34 node=U6 source=TM10 destination=TM
event=receive timestamp_ns=1791289553937536987 workflow=CT_SHARE run_id=35 node=U6 source=TM10 destination=TM
event=receive timestamp_ns=1791289556196715014 workflow=ARL_UPDATE run_id=1 node=U6 source=Authority destination=TM
event=receive timestamp_ns=1791289557730071902 workflow=ARL_UPDATE run_id=2 node=U6 source=Authority destination=TM
event=receive timestamp_ns=1791289559271601132 workflow=ARL_UPDATE run_id=3 node=U6 source=Authority destination=TM
event=receive timestamp_ns=1791289560773827688 workflow=ARL_UPDATE run_id=4 node=U6 source=Authority destination=TM
event=receive timestamp_ns=1791289562339344604 workflow=ARL_UPDATE run_id=5 node=U6 source=Authority destination=TM
event=receive timestamp_ns=1791289563877985399 workflow=ARL_UPDATE run_id=6 node=U6 source=Authority destination=TM
event=receive timestamp_ns=1791289565410996908 workflow=ARL_UPDATE run_id=7 node=U6 source=Authority destination=TM
event=receive timestamp_ns=1791289566953425080 workflow=ARL_UPDATE run_id=8 node=U6 source=Authority destination=TM
event=receive timestamp_ns=1791289568579170060 workflow=ARL_UPDATE run_id=9 node=U6 source=Authority destination=TM
event=receive timestamp_ns=1791289570180011417 workflow=ARL_UPDATE run_id=10 node=U6 source=Authority destination=TM
event=receive timestamp_ns=1791289571682402562 workflow=ARL_UPDATE run_id=11 node=U6 source=Authority destination=TM
event=receive timestamp_ns=1791289573220598803 workflow=ARL_UPDATE run_id=12 node=U6 source=Authority destination=TM
event=receive timestamp_ns=1791289574756312151 workflow=ARL_UPDATE run_id=13 node=U6 source=Authority destination=TM
event=receive timestamp_ns=1791289576359857985 workflow=ARL_UPDATE run_id=14 node=U6 source=Authority destination=TM
event=receive timestamp_ns=1791289577893395251 workflow=ARL_UPDATE run_id=15 node=U6 source=Authority destination=TM
event=receive timestamp_ns=1791289579522925646 workflow=ARL_UPDATE run_id=16 node=U6 source=Authority destination=TM
event=receive timestamp_ns=1791289581124173450 workflow=ARL_UPDATE run_id=17 node=U6 source=Authority destination=TM
event=receive timestamp_ns=1791289582665534890 workflow=ARL_UPDATE run_id=18 node=U6 source=Authority destination=TM
event=receive timestamp_ns=1791289584162970324 workflow=ARL_UPDATE run_id=19 node=U6 source=Authority destination=TM
event=receive timestamp_ns=1791289585704162552 workflow=ARL_UPDATE run_id=20 node=U6 source=Authority destination=TM
event=receive timestamp_ns=1791289587234222311 workflow=ARL_UPDATE run_id=21 node=U6 source=Authority destination=TM
event=receive timestamp_ns=1791289588808081675 workflow=ARL_UPDATE run_id=22 node=U6 source=Authority destination=TM
event=receive timestamp_ns=1791289590342739027 workflow=ARL_UPDATE run_id=23 node=U6 source=Authority destination=TM
event=receive timestamp_ns=1791289591877239346 workflow=ARL_UPDATE run_id=24 node=U6 source=Authority destination=TM
event=receive timestamp_ns=1791289593416131524 workflow=ARL_UPDATE run_id=25 node=U6 source=Authority destination=TM
event=receive timestamp_ns=1791289594945299875 workflow=ARL_UPDATE run_id=26 node=U6 source=Authority destination=TM
event=receive timestamp_ns=1791289596584287817 workflow=ARL_UPDATE run_id=27 node=U6 source=Authority destination=TM
event=receive timestamp_ns=1791289598083585642 workflow=ARL_UPDATE run_id=28 node=U6 source=Authority destination=TM
event=receive timestamp_ns=1791289599619374424 workflow=ARL_UPDATE run_id=29 node=U6 source=Authority destination=TM
event=receive timestamp_ns=1791289601222330648 workflow=ARL_UPDATE run_id=30 node=U6 source=Authority destination=TM
event=receive timestamp_ns=1791289602756745837 workflow=ARL_UPDATE run_id=31 node=U6 source=Authority destination=TM
event=receive timestamp_ns=1791289604291473379 workflow=ARL_UPDATE run_id=32 node=U6 source=Authority destination=TM
event=receive timestamp_ns=1791289605825768436 workflow=ARL_UPDATE run_id=33 node=U6 source=Authority destination=TM
event=receive timestamp_ns=1791289607364638223 workflow=ARL_UPDATE run_id=34 node=U6 source=Authority destination=TM
event=receive timestamp_ns=1791289608898630340 workflow=ARL_UPDATE run_id=35 node=U6 source=Authority destination=TM
event=receive timestamp_ns=1791289610500029154 workflow=ARL_UPDATE run_id=36 node=U6 source=Authority destination=TM
event=receive timestamp_ns=1791289612070671384 workflow=ARL_UPDATE run_id=37 node=U6 source=Authority destination=TM
event=receive timestamp_ns=1791289613574136430 workflow=ARL_UPDATE run_id=38 node=U6 source=Authority destination=TM
event=receive timestamp_ns=1791289615139386063 workflow=ARL_UPDATE run_id=39 node=U6 source=Authority destination=TM
event=receive timestamp_ns=1791289616739109844 workflow=ARL_UPDATE run_id=40 node=U6 source=Authority destination=TM
event=receive timestamp_ns=1791289618245507805 workflow=ARL_UPDATE run_id=41 node=U6 source=Authority destination=TM
event=receive timestamp_ns=1791289619847156058 workflow=ARL_UPDATE run_id=42 node=U6 source=Authority destination=TM
event=receive timestamp_ns=1791289621449934672 workflow=ARL_UPDATE run_id=43 node=U6 source=Authority destination=TM
event=receive timestamp_ns=1791289623046359377 workflow=ARL_UPDATE run_id=44 node=U6 source=Authority destination=TM
event=receive timestamp_ns=1791289624612858362 workflow=ARL_UPDATE run_id=45 node=U6 source=Authority destination=TM
event=receive timestamp_ns=1791289626178584227 workflow=ARL_UPDATE run_id=46 node=U6 source=Authority destination=TM
event=receive timestamp_ns=1791289627752073583 workflow=ARL_UPDATE run_id=47 node=U6 source=Authority destination=TM
event=receive timestamp_ns=1791289629315949571 workflow=ARL_UPDATE run_id=48 node=U6 source=Authority destination=TM
event=receive timestamp_ns=1791289630850261015 workflow=ARL_UPDATE run_id=49 node=U6 source=Authority destination=TM
event=receive timestamp_ns=1791289632418606832 workflow=ARL_UPDATE run_id=50 node=U6 source=Authority destination=TM
event=receive timestamp_ns=1791289634017871543 workflow=ARL_UPDATE run_id=51 node=U6 source=Authority destination=TM
event=receive timestamp_ns=1791289635555245444 workflow=ARL_UPDATE run_id=52 node=U6 source=Authority destination=TM
event=receive timestamp_ns=1791289637154566497 workflow=ARL_UPDATE run_id=53 node=U6 source=Authority destination=TM
event=receive timestamp_ns=1791289638690112298 workflow=ARL_UPDATE run_id=54 node=U6 source=Authority destination=TM
event=receive timestamp_ns=1791289640257360971 workflow=ARL_UPDATE run_id=55 node=U6 source=Authority destination=TM
event=receive timestamp_ns=1791289641827442939 workflow=ARL_UPDATE run_id=56 node=U6 source=Authority destination=TM
event=receive timestamp_ns=1791289643395150018 workflow=ARL_UPDATE run_id=57 node=U6 source=Authority destination=TM
event=receive timestamp_ns=1791289644960568743 workflow=ARL_UPDATE run_id=58 node=U6 source=Authority destination=TM
event=receive timestamp_ns=1791289646497375750 workflow=ARL_UPDATE run_id=59 node=U6 source=Authority destination=TM
event=receive timestamp_ns=1791289648036183636 workflow=ARL_UPDATE run_id=60 node=U6 source=Authority destination=TM
event=receive timestamp_ns=1791289649572636763 workflow=ARL_UPDATE run_id=61 node=U6 source=Authority destination=TM
event=receive timestamp_ns=1791289651137212183 workflow=ARL_UPDATE run_id=62 node=U6 source=Authority destination=TM
event=receive timestamp_ns=1791289652741852939 workflow=ARL_UPDATE run_id=63 node=U6 source=Authority destination=TM
event=receive timestamp_ns=1791289654307201695 workflow=ARL_UPDATE run_id=64 node=U6 source=Authority destination=TM
event=receive timestamp_ns=1791289655908087959 workflow=ARL_UPDATE run_id=65 node=U6 source=Authority destination=TM
event=receive timestamp_ns=1791289657446975516 workflow=ARL_UPDATE run_id=66 node=U6 source=Authority destination=TM
event=receive timestamp_ns=1791289658978265387 workflow=ARL_UPDATE run_id=67 node=U6 source=Authority destination=TM
event=receive timestamp_ns=1791289660579346782 workflow=ARL_UPDATE run_id=68 node=U6 source=Authority destination=TM
event=receive timestamp_ns=1791289662113139261 workflow=ARL_UPDATE run_id=69 node=U6 source=Authority destination=TM
event=receive timestamp_ns=1791289663650550033 workflow=ARL_UPDATE run_id=70 node=U6 source=Authority destination=TM
event=receive timestamp_ns=1791289666046067493 workflow=KEY_REQUEST run_id=bench_h10_key_w1 node=U6 source=TM10 destination=TM
event=receive timestamp_ns=1791289672157825525 workflow=KEY_REQUEST run_id=bench_h10_key_w2 node=U6 source=TM10 destination=TM
event=receive timestamp_ns=1791289676158271280 workflow=KEY_REQUEST run_id=bench_h10_key_w3 node=U6 source=TM10 destination=TM
event=receive timestamp_ns=1791289679646080865 workflow=KEY_REQUEST run_id=bench_h10_key_w4 node=U6 source=TM10 destination=TM
event=receive timestamp_ns=1791289684286188183 workflow=KEY_REQUEST run_id=bench_h10_key_w5 node=U6 source=TM10 destination=TM
event=receive timestamp_ns=1791289689309838722 workflow=KEY_REQUEST run_id=bench_h10_key_001 node=U6 source=TM10 destination=TM
event=receive timestamp_ns=1791289694877893883 workflow=KEY_REQUEST run_id=bench_h10_key_002 node=U6 source=TM10 destination=TM
event=receive timestamp_ns=1791289698846187403 workflow=KEY_REQUEST run_id=bench_h10_key_003 node=U6 source=TM10 destination=TM
event=receive timestamp_ns=1791289702366242393 workflow=KEY_REQUEST run_id=bench_h10_key_004 node=U6 source=TM10 destination=TM
event=receive timestamp_ns=1791289705342027271 workflow=KEY_REQUEST run_id=bench_h10_key_005 node=U6 source=TM10 destination=TM
event=receive timestamp_ns=1791289711966405181 workflow=KEY_REQUEST run_id=bench_h10_key_006 node=U6 source=TM10 destination=TM
event=receive timestamp_ns=1791289719102296601 workflow=KEY_REQUEST run_id=bench_h10_key_007 node=U6 source=TM10 destination=TM
event=receive timestamp_ns=1791289724641998964 workflow=KEY_REQUEST run_id=bench_h10_key_008 node=U6 source=TM10 destination=TM
event=receive timestamp_ns=1791289728706164063 workflow=KEY_REQUEST run_id=bench_h10_key_009 node=U6 source=TM10 destination=TM
event=receive timestamp_ns=1791289733310001843 workflow=KEY_REQUEST run_id=bench_h10_key_010 node=U6 source=TM10 destination=TM
event=receive timestamp_ns=1791289739902212075 workflow=KEY_REQUEST run_id=bench_h10_key_011 node=U6 source=TM10 destination=TM
event=receive timestamp_ns=1791289743905896661 workflow=KEY_REQUEST run_id=bench_h10_key_012 node=U6 source=TM10 destination=TM
event=receive timestamp_ns=1791289748958045787 workflow=KEY_REQUEST run_id=bench_h10_key_013 node=U6 source=TM10 destination=TM
event=receive timestamp_ns=1791289756642161244 workflow=KEY_REQUEST run_id=bench_h10_key_014 node=U6 source=TM10 destination=TM
event=receive timestamp_ns=1791289762206108026 workflow=KEY_REQUEST run_id=bench_h10_key_015 node=U6 source=TM10 destination=TM
event=receive timestamp_ns=1791289766237974951 workflow=KEY_REQUEST run_id=bench_h10_key_016 node=U6 source=TM10 destination=TM
event=receive timestamp_ns=1791289770814107964 workflow=KEY_REQUEST run_id=bench_h10_key_017 node=U6 source=TM10 destination=TM
event=receive timestamp_ns=1791289775358185609 workflow=KEY_REQUEST run_id=bench_h10_key_018 node=U6 source=TM10 destination=TM
event=receive timestamp_ns=1791289781982224963 workflow=KEY_REQUEST run_id=bench_h10_key_019 node=U6 source=TM10 destination=TM
event=receive timestamp_ns=1791289785405933408 workflow=KEY_REQUEST run_id=bench_h10_key_020 node=U6 source=TM10 destination=TM
event=receive timestamp_ns=1791289792062411762 workflow=KEY_REQUEST run_id=bench_h10_key_021 node=U6 source=TM10 destination=TM
event=receive timestamp_ns=1791289796638323437 workflow=KEY_REQUEST run_id=bench_h10_key_022 node=U6 source=TM10 destination=TM
event=receive timestamp_ns=1791289801186091898 workflow=KEY_REQUEST run_id=bench_h10_key_023 node=U6 source=TM10 destination=TM
event=receive timestamp_ns=1791289807357967015 workflow=KEY_REQUEST run_id=bench_h10_key_024 node=U6 source=TM10 destination=TM
event=receive timestamp_ns=1791289811361924978 workflow=KEY_REQUEST run_id=bench_h10_key_025 node=U6 source=TM10 destination=TM
event=receive timestamp_ns=1791289814845840401 workflow=KEY_REQUEST run_id=bench_h10_key_026 node=U6 source=TM10 destination=TM
event=receive timestamp_ns=1791289819965790273 workflow=KEY_REQUEST run_id=bench_h10_key_027 node=U6 source=TM10 destination=TM
event=receive timestamp_ns=1791289826014147634 workflow=KEY_REQUEST run_id=bench_h10_key_028 node=U6 source=TM10 destination=TM
event=receive timestamp_ns=1791289829566505234 workflow=KEY_REQUEST run_id=bench_h10_key_029 node=U6 source=TM10 destination=TM
event=receive timestamp_ns=1791289833118089998 workflow=KEY_REQUEST run_id=bench_h10_key_030 node=U6 source=TM10 destination=TM
