event=receive timestamp_ns=1791289495262052962 workflow=KEY_REQUEST run_id=bench_h10_setup node=U7 source=TM10 destination=TM
event=receive timestamp_ns=1791289500969085081 workflow=CT_SHARE run_id=1 node=U7 source=TM10 destination=TM
event=receive timestamp_ns=1791289502476764711 workflow=CT_SHARE run_id=2 node=U7 source=TM10 destination=TM
event=receive timestamp_ns=1791289504044766393 workflow=CT_SHARE run_id=3 node=U7 source=TM10 destination=TM
event=receive timestamp_ns=1791289505610009800 workflow=CT_SHARE run_id=4 node=U7 source=TM10 destination=TM
event=receive timestamp_ns=1791289507204593895 workflow=CT_SHARE run_id=5 node=U7 source=TM10 destination=TM
event=receive timestamp_ns=1791289508741354288 workflow=CT_SHARE run_id=6 node=U7 source=TM10 destination=TM
event=receive timestamp_ns=1791289510310572026 workflow=CT_SHARE run_id=7 node=U7 source=TM10 destination=TM
event=receive timestamp_ns=1791289511886533836 workflow=CT_SHARE run_id=8 node=U7 source=TM10 destination=TM
event=receive timestamp_ns=1791289513447759991 workflow=CT_SHARE run_id=9 node=U7 source=TM10 destination=TM
event=receive timestamp_ns=1791289515014902480 workflow=CT_SHARE run_id=10 node=U7 source=TM10 destination=TM
event=receive timestamp_ns=1791289516622890871 workflow=CT_SHARE run_id=11 node=U7 source=TM10 destination=TM
event=receive timestamp_ns=1791289518189015342 workflow=CT_SHARE run_id=12 node=U7 source=TM10 destination=TM
event=receive timestamp_ns=1791289519793679448 workflow=CT_SHARE run_id=13 node=U7 source=TM10 destination=TM
event=receive timestamp_ns=1791289521317555342 workflow=CT_SHARE run_id=14 node=U7 source=TM10 destination=TM
event=receive timestamp_ns=1791289522885672372 workflow=CT_SHARE run_id=15 node=U7 source=TM10 destination=TM
event=receive timestamp_ns=1791289524484988204 workflow=CT_SHARE run_id=16 node=U7 source=TM10 destination=TM
event=receive timestamp_ns=1791289526053426227 workflow=CT_SHARE run_id=17 node=U7 source=TM10 destination=TM
event=receive timestamp_ns=1791289527589932825 workflow=CT_SHARE run_id=18 node=U7 source=TM10 destination=TM
event=receive timestamp_ns=1791289529156608889 workflow=CT_SHARE run_id=19 node=U7 source=TM10 destination=TM
event=receive timestamp_ns=1791289530311129031 workflow=CT_SHARE run_id=20 node=U7 source=TM10 destination=TM
event=receive timestamp_ns=1791289531845526590 workflow=CT_SHARE run_id=21 node=U7 source=TM10 destination=TM
event=receive timestamp_ns=1791289533412349611 workflow=CT_SHARE run_id=22 node=U7 source=TM10 destination=TM
event=receive timestamp_ns=1791289534948891444 workflow=CT_SHARE run_id=23 node=U7 source=TM10 destination=TM
event=receive timestamp_ns=1791289536521515551 workflow=CT_SHARE run_id=24 node=U7 source=TM10 destination=TM
event=receive timestamp_ns=1791289538088859982 workflow=CT_SHARE run_id=25 node=U7 source=TM10 destination=TM
event=receive timestamp_ns=1791289539656828514 workflow=CT_SHARE run_id=26 node=U7 source=TM10 destination=TM
event=receive timestamp_ns=1791289541221994013 workflow=CT_SHARE run_id=27 node=U7 source=TM10 destination=TM
event=receive timestamp_ns=1791289542794606315 workflow=CT_SHARE run_id=28 node=U7 source=TM10 destination=TM
event=receive timestamp_ns=1791289544425475529 workflow=CT_SHARE run_id=29 node=U7 source=TM10 destination=TM
event=receive timestamp_ns=1791289545960360775 workflow=CT_SHARE run_id=30 node=U7 source=TM10 destination=TM
event=receive timestamp_ns=1791289547534911973 workflow=CT_SHARE run_id=31 node=U7 source=TM10 destination=TM
event=receive timestamp_ns=1791289549094043567 workflow=CT_SHARE run_id=32 node=U7 source=TM10 destination=TM
event=receive timestamp_ns=1791289550660791867 workflow=CT_SHARE run_id=33 node=U7 source=TM10 destination=TM
event=receive timestamp_ns=1791289552268377476 workflow=CT_SHARE run_id=34 node=U7 source=TM10 destination=TM
event=receive timestamp_ns=1791289553862803290 workflow=CT_SHARE run_id=35 node=U7 source=TM10 destination=TM
event=receive timestamp_ns=1791289556291736799 workflow=ARL_UPDATE run_id=1 node=U7 source=Authority destination=TM
event=receive timestamp_ns=1791289557827514079 workflow=ARL_UPDATE run_id=2 node=U7 source=Authority destination=TM
event=receive timestamp_ns=1791289559332292784 workflow=ARL_UPDATE run_id=3 node=U7 source=Authority destination=TM
event=receive timestamp_ns=1791289560870889201 workflow=ARL_UPDATE run_id=4 node=U7 source=Authority destination=TM
event=receive timestamp_ns=1791289562441745837 workflow=ARL_UPDATE run_id=5 node=U7 source=Authority destination=TM
event=receive timestamp_ns=1791289563972642980 workflow=ARL_UPDATE run_id=6 node=U7 source=Authority destination=TM
event=receive timestamp_ns=1791289565509920350 workflow=ARL_UPDATE run_id=7 node=U7 source=Authority destination=TM
event=receive timestamp_ns=1791289567046491811 workflow=ARL_UPDATE run_id=8 node=U7 source=Authority destination=TM
event=receive timestamp_ns=1791289568679321907 workflow=ARL_UPDATE run_id=9 node=U7 source=Authority destination=TM
event=receive timestamp_ns=1791289570247745883 workflow=ARL_UPDATE run_id=10 node=U7 source=Authority destination=TM
event=receive timestamp_ns=1791289571779667428 workflow=ARL_UPDATE run_id=11 node=U7 source=Authority destination=TM
event=receive timestamp_ns=1791289573319026198 workflow=ARL_UPDATE run_id=12 node=U7 source=Authority destination=TM
event=receive timestamp_ns=1791289574853794381 workflow=ARL_UPDATE run_id=13 node=U7 source=Authority destination=TM
event=receive timestamp_ns=1791289576453616297 workflow=ARL_UPDATE run_id=14 node=U7 source=Authority destination=TM
event=receive timestamp_ns=1791289577988096690 workflow=ARL_UPDATE run_id=15 node=U7 source=Authority destination=TM
event=receive timestamp_ns=1791289579625777227 workflow=ARL_UPDATE run_id=16 node=U7 source=Authority destination=TM
event=receive timestamp_ns=1791289581221919030 workflow=ARL_UPDATE run_id=17 node=U7 source=Authority destination=TM
event=receive timestamp_ns=1791289582721054117 workflow=ARL_UPDATE run_id=18 node=U7 source=Authority destination=TM
event=receive timestamp_ns=1791289584297755212 workflow=ARL_UPDATE run_id=19 node=U7 source=Authority destination=TM
event=receive timestamp_ns=1791289585795567185 workflow=ARL_UPDATE run_id=20 node=U7 source=Authority destination=TM
event=receive timestamp_ns=1791289587335567717 workflow=ARL_UPDATE run_id=21 node=U7 source=Authority destination=TM
event=receive timestamp_ns=1791289588904296926 workflow=ARL_UPDATE run_id=22 node=U7 source=Authority destination=TM
event=receive timestamp_ns=1791289590437928926 workflow=ARL_UPDATE run_id=23 node=U7 source=Authority destination=TM
event=receive timestamp_ns=1791289591974000656 workflow=ARL_UPDATE run_id=24 node=U7 source=Authority destination=TM
event=receive timestamp_ns=1791289593512212423 workflow=ARL_UPDATE run_id=25 node=U7 source=Authority destination=TM
event=receive timestamp_ns=1791289595045428574 workflow=ARL_UPDATE run_id=26 node=U7 source=Authority destination=TM
event=receive timestamp_ns=1791289596681187165 workflow=ARL_UPDATE run_id=27 node=U7 source=Authority destination=TM
event=receive timestamp_ns=1791289598179584993 workflow=ARL_UPDATE run_id=28 node=U7 source=Authority destination=TM
event=receive timestamp_ns=1791289599718203934 workflow=ARL_UPDATE run_id=29 node=U7 source=Authority destination=TM
event=receive timestamp_ns=1791289601318754510 workflow=ARL_UPDATE run_id=30 node=U7 source=Authority destination=TM
event=receive timestamp_ns=1791289602851322605 workflow=ARL_UPDATE run_id=31 node=U7 source=Authority destination=TM
event=receive timestamp_ns=1791289604388638053 workflow=ARL_UPDATE run_id=32 node=U7 source=Authority destination=TM
event=receive timestamp_ns=1791289605921165677 workflow=ARL_UPDATE run_id=33 node=U7 source=Authority destination=TM
event=receive timestamp_ns=1791289607458546227 workflow=ARL_UPDATE run_id=34 node=U7 source=Authority destination=TM
event=receive timestamp_ns=1791289608999068570 workflow=ARL_UPDATE run_id=35 node=U7 source=Authority destination=TM
event=receive timestamp_ns=1791289610600630105 workflow=ARL_UPDATE run_id=36 node=U7 source=Authority destination=TM
event=receive timestamp_ns=1791289612164913123 workflow=ARL_UPDATE run_id=37 node=U7 source=Authority destination=TM
event=receive timestamp_ns=1791289613676812001 workflow=ARL_UPDATE run_id=38 node=U7 source=Authority destination=TM
event=receive timestamp_ns=1791289615238512615 workflow=ARL_UPDATE run_id=39 node=U7 source=Authority destination=TM
event=receive timestamp_ns=1791289616835299323 workflow=ARL_UPDATE run_id=40 node=U7 source=Authority destination=TM
event=receive timestamp_ns=1791289618340974007 workflow=ARL_UPDATE run_id=41 node=U7 source=Authority destination=TM
event=receive timestamp_ns=1791289619946619528 workflow=ARL_UPDATE run_id=42 node=U7 source=Authority destination=TM
event=receive timestamp_ns=1791289621542962243 workflow=ARL_UPDATE run_id=43 node=U7 source=Authority destination=TM
event=receive timestamp_ns=1791289623142330064 workflow=ARL_UPDATE run_id=44 node=U7 source=Authority destination=TM
event=receive timestamp_ns=1791289624713968004 workflow=ARL_UPDATE run_id=45 node=U7 source=Authority destination=TM
event=receive timestamp_ns=1791289626280117477 workflow=ARL_UPDATE run_id=46 node=U7 source=Authority destination=TM
event=receive timestamp_ns=1791289627850358526 workflow=ARL_UPDATE run_id=47 node=U7 source=Authority destination=TM
event=receive timestamp_ns=1791289629414133378 workflow=ARL_UPDATE run_id=48 node=U7 source=Authority destination=TM
event=receive timestamp_ns=1791289630949450550 workflow=ARL_UPDATE run_id=49 node=U7 source=Authority destination=TM
event=receive timestamp_ns=1791289632518521453 workflow=ARL_UPDATE run_id=50 node=U7 source=Authority destination=TM
event=receive timestamp_ns=1791289634116099914 workflow=ARL_UPDATE run_id=51 node=U7 source=Authority destination=TM
event=receive timestamp_ns=1791289635654322057 workflow=ARL_UPDATE run_id=52 node=U7 source=Authority destination=TM
event=receive timestamp_ns=1791289637253844010 workflow=ARL_UPDATE run_id=53 node=U7 source=Authority destination=TM
event=receive timestamp_ns=1791289638791747858 workflow=ARL_UPDATE run_id=54 node=U7 source=Authority destination=TM
event=receive timestamp_ns=1791289640356569195 workflow=ARL_UPDATE run_id=55 node=U7 source=Authority destination=TM
event=receive timestamp_ns=1791289641926347892 workflow=ARL_UPDATE run_id=56 node=U7 source=Authority destination=TM
event=receive timestamp_ns=1791289643523504436 workflow=ARL_UPDATE run_id=57 node=U7 source=Authority destination=TM
event=receive timestamp_ns=1791289645059539955 workflow=ARL_UPDATE run_id=58 node=U7 source=Authority destination=TM
event=receive timestamp_ns=1791289646594066740 workflow=ARL_UPDATE run_id=59 node=U7 source=Authority destination=TM
event=receive timestamp_ns=1791289648132790927 workflow=ARL_UPDATE run_id=60 node=U7 source=Authority destination=TM
event=receive timestamp_ns=1791289649665494131 workflow=ARL_UPDATE run_id=61 node=U7 source=Authority destination=TM
event=receive timestamp_ns=1791289651236595406 workflow=ARL_UPDATE run_id=62 node=U7 source=Authority destination=TM
event=receive timestamp_ns=1791289652806899953 workflow=ARL_UPDATE run_id=63 node=U7 source=Authority destination=TM
event=receive timestamp_ns=1791289654406841610 workflow=ARL_UPDATE run_id=64 node=U7 source=Authority destination=TM
event=receive timestamp_ns=1791289655970741430 workflow=ARL_UPDATE run_id=65 node=U7 source=Authority destination=TM
event=receive timestamp_ns=1791289657578798208 workflow=ARL_UPDATE run_id=66 node=U7 source=Authority destination=TM
event=receive timestamp_ns=1791289659076360018 workflow=ARL_UPDATE run_id=67 node=U7 source=Authority destination=TM
event=receive timestamp_ns=1791289660676210500 workflow=ARL_UPDATE run_id=68 node=U7 source=Authority destination=TM
event=receive timestamp_ns=1791289662215479767 workflow=ARL_UPDATE run_id=69 node=U7 source=Authority destination=TM
event=receive timestamp_ns=1791289663745705593 workflow=ARL_UPDATE run_id=70 node=U7 source=Authority destination=TM
event=receive timestamp_ns=1791289666462070370 workflow=KEY_REQUEST run_id=bench_h10_key_w1 node=U7 source=TM10 destination=TM
event=receive timestamp_ns=1791289672573769768 workflow=KEY_REQUEST run_id=bench_h10_key_w2 node=U7 source=TM10 destination=TM
event=receive timestamp_ns=1791289675582001287 workflow=KEY_REQUEST run_id=bench_h10_key_w3 node=U7 source=TM10 destination=TM
event=receive timestamp_ns=1791289679042047938 workflow=KEY_REQUEST run_id=bench_h10_key_w4 node=U7 source=TM10 destination=TM
event=receive timestamp_ns=1791289684190061938 workflow=KEY_REQUEST run_id=bench_h10_key_w5 node=U7 source=TM10 destination=TM
event=receive timestamp_ns=1791289689213989701 workflow=KEY_REQUEST run_id=bench_h10_key_001 node=U7 source=TM10 destination=TM
event=receive timestamp_ns=1791289694781838769 workflow=KEY_REQUEST run_id=bench_h10_key_002 node=U7 source=TM10 destination=TM
event=receive timestamp_ns=1791289698241882902 workflow=KEY_REQUEST run_id=bench_h10_key_003 node=U7 source=TM10 destination=TM
event=receive timestamp_ns=1791289701821869403 workflow=KEY_REQUEST run_id=bench_h10_key_004 node=U7 source=TM10 destination=TM
event=receive timestamp_ns=1791289705758226430 workflow=KEY_REQUEST run_id=bench_h10_key_005 node=U7 source=TM10 destination=TM
event=receive timestamp_ns=1791289711870265150 workflow=KEY_REQUEST run_id=bench_h10_key_006 node=U7 source=TM10 destination=TM
event=receive timestamp_ns=1791289719006052354 workflow=KEY_REQUEST run_id=bench_h10_key_007 node=U7 source=TM10 destination=TM
event=receive timestamp_ns=1791289724578110829 workflow=KEY_REQUEST run_id=bench_h10_key_008 node=U7 source=TM10 destination=TM
event=receive timestamp_ns=1791289728094013054 workflow=KEY_REQUEST run_id=bench_h10_key_009 node=U7 source=TM10 destination=TM
event=receive timestamp_ns=1791289733213933991 workflow=KEY_REQUEST run_id=bench_h10_key_010 node=U7 source=TM10 destination=TM
event=receive timestamp_ns=1791289739805848149 workflow=KEY_REQUEST run_id=bench_h10_key_011 node=U7 source=TM10 destination=TM
event=receive timestamp_ns=1791289743805869946 workflow=KEY_REQUEST run_id=bench_h10_key_012 node=U7 source=TM10 destination=TM
event=receive timestamp_ns=1791289748861962866 workflow=KEY_REQUEST run_id=bench_h10_key_013 node=U7 source=TM10 destination=TM
event=receive timestamp_ns=1791289756542409613 workflow=KEY_REQUEST run_id=bench_h10_key_014 node=U7 source=TM10 destination=TM
event=receive timestamp_ns=1791289762718323592 workflow=KEY_REQUEST run_id=bench_h10_key_015 node=U7 source=TM10 destination=TM
event=receive timestamp_ns=1791289766173936672 workflow=KEY_REQUEST run_id=bench_h10_key_016 node=U7 source=TM10 destination=TM
event=receive timestamp_ns=1791289770206319773 workflow=KEY_REQUEST run_id=bench_h10_key_017 node=U7 source=TM10 destination=TM
event=receive timestamp_ns=1791289775773921444 workflow=KEY_REQUEST run_id=bench_h10_key_018 node=U7 source=TM10 destination=TM
event=receive timestamp_ns=1791289781373981639 workflow=KEY_REQUEST run_id=bench_h10_key_019 node=U7 source=TM10 destination=TM
event=receive timestamp_ns=1791289785341865944 workflow=KEY_REQUEST run_id=bench_h10_key_020 node=U7 source=TM10 destination=TM
event=receive timestamp_ns=1791289791966183749 workflow=KEY_REQUEST run_id=bench_h10_key_021 node=U7 source=TM10 destination=TM
event=receive timestamp_ns=1791289797086188664 workflow=KEY_REQUEST run_id=bench_h10_key_022 node=U7 source=TM10 destination=TM
event=receive timestamp_ns=1791289801118132572 workflow=KEY_REQUEST run_id=bench_h10_key_023 node=U7 source=TM10 destination=TM
event=receive timestamp_ns=1791289807266296396 workflow=KEY_REQUEST run_id=bench_h10_key_024 node=U7 source=TM10 destination=TM
event=receive timestamp_ns=1791289811265975764 workflow=KEY_REQUEST run_id=bench_h10_key_025 node=U7 source=TM10 destination=TM
event=receive timestamp_ns=1791289814238794461 workflow=KEY_REQUEST run_id=bench_h10_key_026 node=U7 source=TM10 destination=TM
event=receive timestamp_ns=1791289819357962903 workflow=KEY_REQUEST run_id=bench_h10_key_027 node=U7 source=TM10 destination=TM
event=receive timestamp_ns=1791289825918535005 workflow=KEY_REQUEST run_id=bench_h10_key_028 node=U7 source=TM10 destination=TM
event=receive timestamp_ns=1791289829505915119 workflow=KEY_REQUEST run_id=bench_h10_key_029 node=U7 source=TM10 destination=TM
event=receive timestamp_ns=1791289833025905595 workflow=KEY_REQUEST run_id=bench_h10_key_030 node=U7 source=TM10 destination=TM
