event=receive timestamp_ns=1791289495165944453 workflow=KEY_REQUEST run_id=bench_h10_setup node=U8 source=TM10 destination=TM
event=receive timestamp_ns=1791289500299598581 workflow=CT_SHARE run_id=1 node=U8 source=TM10 destination=TM
event=receive timestamp_ns=1791289501865438893 workflow=CT_SHARE run_id=2 node=U8 source=TM10 destination=TM
event=receive timestamp_ns=1791289503440432512 workflow=CT_SHARE run_id=3 node=U8 source=TM10 destination=TM
event=receive timestamp_ns=1791289505007248796 workflow=CT_SHARE run_id=4 node=U8 source=TM10 destination=TM
event=receive timestamp_ns=1791289506601196351 workflow=CT_SHARE run_id=5 node=U8 source=TM10 destination=TM
event=receive timestamp_ns=1791289508134274110 workflow=CT_SHARE run_id=6 node=U8 source=TM10 destination=TM
event=receive timestamp_ns=1791289509700933164 workflow=CT_SHARE run_id=7 node=U8 source=TM10 destination=TM
event=receive timestamp_ns=1791289511276404140 workflow=CT_SHARE run_id=8 node=U8 source=TM10 destination=TM
event=receive timestamp_ns=1791289512838871934 workflow=CT_SHARE run_id=9 node=U8 source=TM10 destination=TM
event=receive timestamp_ns=1791289514408867541 workflow=CT_SHARE run_id=10 node=U8 source=TM10 destination=TM
event=receive timestamp_ns=1791289516005961542 workflow=CT_SHARE run_id=11 node=U8 source=TM10 destination=TM
event=receive timestamp_ns=1791289517579974417 workflow=CT_SHARE run_id=12 node=U8 source=TM10 destination=TM
event=receive timestamp_ns=1791289519173293005 workflow=CT_SHARE run_id=13 node=U8 source=TM10 destination=TM
event=receive timestamp_ns=1791289520719916062 workflow=CT_SHARE run_id=14 node=U8 source=TM10 destination=TM
event=receive timestamp_ns=1791289522282568591 workflow=CT_SHARE run_id=15 node=U8 source=TM10 destination=TM
event=receive timestamp_ns=1791289523877924528 workflow=CT_SHARE run_id=16 node=U8 source=TM10 destination=TM
event=receive timestamp_ns=1791289525447524327 workflow=CT_SHARE run_id=17 node=U8 source=TM10 destination=TM
event=receive timestamp_ns=1791289526983705786 workflow=CT_SHARE run_id=18 node=U8 source=TM10 destination=TM
event=receive timestamp_ns=1791289528552642175 workflow=CT_SHARE run_id=19 node=U8 source=TM10 destination=TM
event=receive timestamp_ns=1791289530213809253 workflow=CT_SHARE run_id=20 node=U8 source=TM10 destination=TM
event=receive timestamp_ns=1791289531748670633 workflow=CT_SHARE run_id=21 node=U8 source=TM10 destination=TM
event=receive timestamp_ns=1791289533316728005 workflow=CT_SHARE run_id=22 node=U8 source=TM10 destination=TM
event=receive timestamp_ns=1791289534859312624 workflow=CT_SHARE run_id=23 node=U8 source=TM10 destination=TM
event=receive timestamp_ns=1791289536426012769 workflow=CT_SHARE run_id=24 node=U8 source=TM10 destination=TM
event=receive timestamp_ns=1791289537989309801 workflow=CT_SHARE run_id=25 node=U8 source=TM10 destination=TM
event=receive timestamp_ns=1791289539592899752 workflow=CT_SHARE run_id=26 node=U8 source=TM10 destination=TM
event=receive timestamp_ns=1791289541158977436 workflow=CT_SHARE run_id=27 node=U8 source=TM10 destination=TM
event=receive timestamp_ns=1791289542735072876 workflow=CT_SHARE run_id=28 node=U8 source=TM10 destination=TM
event=receive timestamp_ns=1791289544326197880 workflow=CT_SHARE run_id=29 node=U8 source=TM10 destination=TM
event=receive timestamp_ns=1791289545896678864 workflow=CT_SHARE run_id=30 node=U8 source=TM10 destination=TM
event=receive timestamp_ns=1791289547429234093 workflow=CT_SHARE run_id=31 node=U8 source=TM10 destination=TM
event=receive timestamp_ns=1791289549030865377 workflow=CT_SHARE run_id=32 node=U8 source=TM10 destination=TM
event=receive timestamp_ns=1791289550564990763 workflow=CT_SHARE run_id=33 node=U8 source=TM10 destination=TM
event=receive timestamp_ns=1791289552173260586 workflow=CT_SHARE run_id=34 node=U8 source=TM10 destination=TM
event=receive timestamp_ns=1791289553770226718 workflow=CT_SHARE run_id=35 node=U8 source=TM10 destination=TM
event=receive timestamp_ns=1791289556389052548 workflow=ARL_UPDATE run_id=1 node=U8 source=Authority destination=TM
event=receive timestamp_ns=1791289557924879549 workflow=ARL_UPDATE run_id=2 node=U8 source=Authority destination=TM
event=receive timestamp_ns=1791289559426902182 workflow=ARL_UPDATE run_id=3 node=U8 source=Authority destination=TM
event=receive timestamp_ns=1791289560970056952 workflow=ARL_UPDATE run_id=4 node=U8 source=Authority destination=TM
event=receive timestamp_ns=1791289562530687346 workflow=ARL_UPDATE run_id=5 node=U8 source=Authority destination=TM
event=receive timestamp_ns=1791289564067070302 workflow=ARL_UPDATE run_id=6 node=U8 source=Authority destination=TM
event=receive timestamp_ns=1791289565606053870 workflow=ARL_UPDATE run_id=7 node=U8 source=Authority destination=TM
event=receive timestamp_ns=1791289567143454659 workflow=ARL_UPDATE run_id=8 node=U8 source=Authority destination=TM
event=receive timestamp_ns=1791289568775384587 workflow=ARL_UPDATE run_id=9 node=U8 source=Authority destination=TM
event=receive timestamp_ns=1791289570346917811 workflow=ARL_UPDATE run_id=10 node=U8 source=Authority destination=TM
event=receive timestamp_ns=1791289571877584138 workflow=ARL_UPDATE run_id=11 node=U8 source=Authority destination=TM
event=receive timestamp_ns=1791289573415294158 workflow=ARL_UPDATE run_id=12 node=U8 source=Authority destination=TM
event=receive timestamp_ns=1791289574952705880 workflow=ARL_UPDATE run_id=13 node=U8 source=Authority destination=TM
event=receive timestamp_ns=1791289576552350390 workflow=ARL_UPDATE run_id=14 node=U8 source=Authority destination=TM
event=receive timestamp_ns=1791289578089118047 workflow=ARL_UPDATE run_id=15 node=U8 source=Authority destination=TM
event=receive timestamp_ns=1791289579715230760 workflow=ARL_UPDATE run_id=16 node=U8 source=Authority destination=TM
event=receive timestamp_ns=1791289581323125317 workflow=ARL_UPDATE run_id=17 node=U8 source=Authority destination=TM
event=receive timestamp_ns=1791289582855451329 workflow=ARL_UPDATE run_id=18 node=U8 source=Authority destination=TM
event=receive timestamp_ns=1791289584396814068 workflow=ARL_UPDATE run_id=19 node=U8 source=Authority destination=TM
event=receive timestamp_ns=1791289585896220238 workflow=ARL_UPDATE run_id=20 node=U8 source=Authority destination=TM
event=receive timestamp_ns=1791289587430190235 workflow=ARL_UPDATE run_id=21 node=U8 source=Authority destination=TM
event=receive timestamp_ns=1791289589000498073 workflow=ARL_UPDATE run_id=22 node=U8 source=Authority destination=TM
event=receive timestamp_ns=1791289590536320895 workflow=ARL_UPDATE run_id=23 node=U8 source=Authority destination=TM
event=receive timestamp_ns=1791289592070241100 workflow=ARL_UPDATE run_id=24 node=U8 source=Authority destination=TM
event=receive timestamp_ns=1791289593603016156 workflow=ARL_UPDATE run_id=25 node=U8 source=Authority destination=TM
event=receive timestamp_ns=1791289595177048741 workflow=ARL_UPDATE run_id=26 node=U8 source=Authority destination=TM
event=receive timestamp_ns=1791289596777202042 workflow=ARL_UPDATE run_id=27 node=U8 source=Authority destination=TM
event=receive timestamp_ns=1791289598277976544 workflow=ARL_UPDATE run_id=28 node=U8 source=Authority destination=TM
event=receive timestamp_ns=1791289599812568039 workflow=ARL_UPDATE run_id=29 node=U8 source=Authority destination=TM
event=receive timestamp_ns=1791289601413807226 workflow=ARL_UPDATE run_id=30 node=U8 source=Authority destination=TM
event=receive timestamp_ns=1791289602957476842 workflow=ARL_UPDATE run_id=31 node=U8 source=Authority destination=TM
event=receive timestamp_ns=1791289604453861974 workflow=ARL_UPDATE run_id=32 node=U8 source=Authority destination=TM
event=receive timestamp_ns=1791289606022470438 workflow=ARL_UPDATE run_id=33 node=U8 source=Authority destination=TM
event=receive timestamp_ns=1791289607557362586 workflow=ARL_UPDATE run_id=34 node=U8 source=Authority destination=TM
event=receive timestamp_ns=1791289609095098904 workflow=ARL_UPDATE run_id=35 node=U8 source=Authority destination=TM
event=receive timestamp_ns=1791289610690940855 workflow=ARL_UPDATE run_id=36 node=U8 source=Authority destination=TM
event=receive timestamp_ns=1791289612230823508 workflow=ARL_UPDATE run_id=37 node=U8 source=Authority destination=TM
event=receive timestamp_ns=1791289613766395054 workflow=ARL_UPDATE run_id=38 node=U8 source=Authority destination=TM
event=receive timestamp_ns=1791289615332335612 workflow=ARL_UPDATE run_id=39 node=U8 source=Authority destination=TM
event=receive timestamp_ns=1791289616936428046 workflow=ARL_UPDATE run_id=40 node=U8 source=Authority destination=TM
event=receive timestamp_ns=1791289618470208193 workflow=ARL_UPDATE run_id=41 node=U8 source=Authority destination=TM
event=receive timestamp_ns=1791289620039643887 workflow=ARL_UPDATE run_id=42 node=U8 source=Authority destination=TM
event=receive timestamp_ns=1791289621640232845 workflow=ARL_UPDATE run_id=43 node=U8 source=Authority destination=TM
event=receive timestamp_ns=1791289623238473408 workflow=ARL_UPDATE run_id=44 node=U8 source=Authority destination=TM
event=receive timestamp_ns=1791289624803737443 workflow=ARL_UPDATE run_id=45 node=U8 source=Authority destination=TM
event=receive timestamp_ns=1791289626373364519 workflow=ARL_UPDATE run_id=46 node=U8 source=Authority destination=TM
event=receive timestamp_ns=1791289627943202103 workflow=ARL_UPDATE run_id=47 node=U8 source=Authority destination=TM
event=receive timestamp_ns=1791289629509031185 workflow=ARL_UPDATE run_id=48 node=U8 source=Authority destination=TM
event=receive timestamp_ns=1791289631046106899 workflow=ARL_UPDATE run_id=49 node=U8 source=Authority destination=TM
event=receive timestamp_ns=1791289632612442025 workflow=ARL_UPDATE run_id=50 node=U8 source=Authority destination=TM
event=receive timestamp_ns=1791289634210952899 workflow=ARL_UPDATE run_id=51 node=U8 source=Authority destination=TM
event=receive timestamp_ns=1791289635749465481 workflow=ARL_UPDATE run_id=52 node=U8 source=Authority destination=TM
event=receive timestamp_ns=1791289637350094662 workflow=ARL_UPDATE run_id=53 node=U8 source=Authority destination=TM
event=receive timestamp_ns=1791289638884250791 workflow=ARL_UPDATE run_id=54 node=U8 source=Authority destination=TM
event=receive timestamp_ns=1791289640459362359 workflow=ARL_UPDATE run_id=55 node=U8 source=Authority destination=TM
event=receive timestamp_ns=1791289642020714066 workflow=ARL_UPDATE run_id=56 node=U8 source=Authority destination=TM
event=receive timestamp_ns=1791289643623044930 workflow=ARL_UPDATE run_id=57 node=U8 source=Authority destination=TM
event=receive timestamp_ns=1791289645128124856 workflow=ARL_UPDATE run_id=58 node=U8 source=Authority destination=TM
event=receive timestamp_ns=1791289646690626839 workflow=ARL_UPDATE run_id=59 node=U8 source=Authority destination=TM
event=receive timestamp_ns=1791289648233612863 workflow=ARL_UPDATE run_id=60 node=U8 source=Authority destination=TM
event=receive timestamp_ns=1791289649762975469 workflow=ARL_UPDATE run_id=61 node=U8 source=Authority destination=TM
event=receive timestamp_ns=1791289651332873682 workflow=ARL_UPDATE run_id=62 node=U8 source=Authority destination=TM
event=receive timestamp_ns=1791289652896486524 workflow=ARL_UPDATE run_id=63 node=U8 source=Authority destination=TM
event=receive timestamp_ns=1791289654503857602 workflow=ARL_UPDATE run_id=64 node=U8 source=Authority destination=TM
event=receive timestamp_ns=1791289656074303390 workflow=ARL_UPDATE run_id=65 node=U8 source=Authority destination=TM
event=receive timestamp_ns=1791289657671105737 workflow=ARL_UPDATE run_id=66 node=U8 source=Authority destination=TM
event=receive timestamp_ns=1791289659179217141 workflow=ARL_UPDATE run_id=67 node=U8 source=Authority destination=TM
event=receive timestamp_ns=1791289660771847805 workflow=ARL_UPDATE run_id=68 node=U8 source=Authority destination=TM
event=receive timestamp_ns=1791289662308492346 workflow=ARL_UPDATE run_id=69 node=U8 source=Authority destination=TM
event=receive timestamp_ns=1791289663844618740 workflow=ARL_UPDATE run_id=70 node=U8 source=Authority destination=TM
event=receive timestamp_ns=1791289666365947233 workflow=KEY_REQUEST run_id=bench_h10_key_w1 node=U8 source=TM10 destination=TM
event=receive timestamp_ns=1791289672477843291 workflow=KEY_REQUEST run_id=bench_h10_key_w2 node=U8 source=TM10 destination=TM
event=receive timestamp_ns=1791289675997778438 workflow=KEY_REQUEST run_id=bench_h10_key_w3 node=U8 source=TM10 destination=TM
event=receive timestamp_ns=1791289678941913258 workflow=KEY_REQUEST run_id=bench_h10_key_w4 node=U8 source=TM10 destination=TM
event=receive timestamp_ns=1791289684093989250 workflow=KEY_REQUEST run_id=bench_h10_key_w5 node=U8 source=TM10 destination=TM
event=receive timestamp_ns=1791289689118083467 workflow=KEY_REQUEST run_id=bench_h10_key_001 node=U8 source=TM10 destination=TM
event=receive timestamp_ns=1791289694685953702 workflow=KEY_REQUEST run_id=bench_h10_key_002 node=U8 source=TM10 destination=TM
event=receive timestamp_ns=1791289698654103717 workflow=KEY_REQUEST run_id=bench_h10_key_003 node=U8 source=TM10 destination=TM
event=receive timestamp_ns=1791289701662012549 workflow=KEY_REQUEST run_id=bench_h10_key_004 node=U8 source=TM10 destination=TM
event=receive timestamp_ns=1791289705662220297 workflow=KEY_REQUEST run_id=bench_h10_key_005 node=U8 source=TM10 destination=TM
event=receive timestamp_ns=1791289711262088672 workflow=KEY_REQUEST run_id=bench_h10_key_006 node=U8 source=TM10 destination=TM
event=receive timestamp_ns=1791289718402220388 workflow=KEY_REQUEST run_id=bench_h10_key_007 node=U8 source=TM10 destination=TM
event=receive timestamp_ns=1791289724958327247 workflow=KEY_REQUEST run_id=bench_h10_key_008 node=U8 source=TM10 destination=TM
event=receive timestamp_ns=1791289727998176363 workflow=KEY_REQUEST run_id=bench_h10_key_009 node=U8 source=TM10 destination=TM
event=receive timestamp_ns=1791289733118072356 workflow=KEY_REQUEST run_id=bench_h10_key_010 node=U8 source=TM10 destination=TM
event=receive timestamp_ns=1791289739709830510 workflow=KEY_REQUEST run_id=bench_h10_key_011 node=U8 source=TM10 destination=TM
event=receive timestamp_ns=1791289743709857163 workflow=KEY_REQUEST run_id=bench_h10_key_012 node=U8 source=TM10 destination=TM
event=receive timestamp_ns=1791289748766399738 workflow=KEY_REQUEST run_id=bench_h10_key_013 node=U8 source=TM10 destination=TM
event=receive timestamp_ns=1791289756446208109 workflow=KEY_REQUEST run_id=bench_h10_key_014 node=U8 source=TM10 destination=TM
event=receive timestamp_ns=1791289762013878708 workflow=KEY_REQUEST run_id=bench_h10_key_015 node=U8 source=TM10 destination=TM
event=receive timestamp_ns=1791289766050066393 workflow=KEY_REQUEST run_id=bench_h10_key_016 node=U8 source=TM10 destination=TM
event=receive timestamp_ns=1791289770114071674 workflow=KEY_REQUEST run_id=bench_h10_key_017 node=U8 source=TM10 destination=TM
event=receive timestamp_ns=1791289775677884725 workflow=KEY_REQUEST run_id=bench_h10_key_018 node=U8 source=TM10 destination=TM
event=receive timestamp_ns=1791289781282260630 workflow=KEY_REQUEST run_id=bench_h10_key_019 node=U8 source=TM10 destination=TM
event=receive timestamp_ns=1791289785761907113 workflow=KEY_REQUEST run_id=bench_h10_key_020 node=U8 source=TM10 destination=TM
event=receive timestamp_ns=1791289791361959010 workflow=KEY_REQUEST run_id=bench_h10_key_021 node=U8 source=TM10 destination=TM
event=receive timestamp_ns=1791289796478105219 workflow=KEY_REQUEST run_id=bench_h10_key_022 node=U8 source=TM10 destination=TM
event=receive timestamp_ns=1791289801022082666 workflow=KEY_REQUEST run_id=bench_h10_key_023 node=U8 source=TM10 destination=TM
event=receive timestamp_ns=1791289807170040295 workflow=KEY_REQUEST run_id=bench_h10_key_024 node=U8 source=TM10 destination=TM
event=receive timestamp_ns=1791289810658121225 workflow=KEY_REQUEST run_id=bench_h10_key_025 node=U8 source=TM10 destination=TM
event=receive timestamp_ns=1791289814657910193 workflow=KEY_REQUEST run_id=bench_h10_key_026 node=U8 source=TM10 destination=TM
event=receive timestamp_ns=1791289819777932592 workflow=KEY_REQUEST run_id=bench_h10_key_027 node=U8 source=TM10 destination=TM
event=receive timestamp_ns=1791289825310259437 workflow=KEY_REQUEST run_id=bench_h10_key_028 node=U8 source=TM10 destination=TM
event=receive timestamp_ns=1791289829374126788 workflow=KEY_REQUEST run_id=bench_h10_key_029 node=U8 source=TM10 destination=TM
event=receive timestamp_ns=1791289832418473869 workflow=KEY_REQUEST run_id=bench_h10_key_030 node=U8 source=TM10 destination=TM
