event=receive timestamp_ns=1791289495581797694 workflow=KEY_REQUEST run_id=bench_h10_setup node=U9 source=TM10 destination=TM
event=receive timestamp_ns=1791289500715268319 workflow=CT_SHARE run_id=1 node=U9 source=TM10 destination=TM
event=receive timestamp_ns=1791289502282150189 workflow=CT_SHARE run_id=2 node=U9 source=TM10 destination=TM
event=receive timestamp_ns=1791289503848800316 workflow=CT_SHARE run_id=3 node=U9 source=TM10 destination=TM
event=receive timestamp_ns=1791289505448682179 workflow=CT_SHARE run_id=4 node=U9 source=TM10 destination=TM
event=receive timestamp_ns=1791289507012800987 workflow=CT_SHARE run_id=5 node=U9 source=TM10 destination=TM
event=receive timestamp_ns=1791289508593244458 workflow=CT_SHARE run_id=6 node=U9 source=TM10 destination=TM
event=receive timestamp_ns=1791289510121797349 workflow=CT_SHARE run_id=7 node=U9 source=TM10 destination=TM
event=receive timestamp_ns=1791289511720605099 workflow=CT_SHARE run_id=8 node=U9 source=TM10 destination=TM
event=receive timestamp_ns=1791289513290012354 workflow=CT_SHARE run_id=9 node=U9 source=TM10 destination=TM
event=receive timestamp_ns=1791289514823143097 workflow=CT_SHARE run_id=10 node=U9 source=TM10 destination=TM
event=receive timestamp_ns=1791289516422702381 workflow=CT_SHARE run_id=11 node=U9 source=TM10 destination=TM
event=receive timestamp_ns=1791289517997619285 workflow=CT_SHARE run_id=12 node=U9 source=TM10 destination=TM
event=receive timestamp_ns=1791289519589478435 workflow=CT_SHARE run_id=13 node=U9 source=TM10 destination=TM
event=receive timestamp_ns=1791289521156571158 workflow=CT_SHARE run_id=14 node=U9 source=TM10 destination=TM
event=receive timestamp_ns=1791289522694230550 workflow=CT_SHARE run_id=15 node=U9 source=TM10 destination=TM
event=receive timestamp_ns=1791289524293008079 workflow=CT_SHARE run_id=16 node=U9 source=TM10 destination=TM
event=receive timestamp_ns=1791289525863531206 workflow=CT_SHARE run_id=17 node=U9 source=TM10 destination=TM
event=receive timestamp_ns=1791289527430135621 workflow=CT_SHARE run_id=18 node=U9 source=TM10 destination=TM
event=receive timestamp_ns=1791289529002341433 workflow=CT_SHARE run_id=19 node=U9 source=TM10 destination=TM
event=receive timestamp_ns=1791289530630081026 workflow=CT_SHARE run_id=20 node=U9 source=TM10 destination=TM
event=receive timestamp_ns=1791289532166171995 workflow=CT_SHARE run_id=21 node=U9 source=TM10 destination=TM
event=receive timestamp_ns=1791289533738069557 workflow=CT_SHARE run_id=22 node=U9 source=TM10 destination=TM
event=receive timestamp_ns=1791289535268596888 workflow=CT_SHARE run_id=23 node=U9 source=TM10 destination=TM
event=receive timestamp_ns=1791289536872247355 workflow=CT_SHARE run_id=24 node=U9 source=TM10 destination=TM
event=receive timestamp_ns=1791289538443783877 workflow=CT_SHARE run_id=25 node=U9 source=TM10 destination=TM
event=receive timestamp_ns=1791289540013041387 workflow=CT_SHARE run_id=26 node=U9 source=TM10 destination=TM
event=receive timestamp_ns=1791289541576800195 workflow=CT_SHARE run_id=27 node=U9 source=TM10 destination=TM
event=receive timestamp_ns=1791289543145424086 workflow=CT_SHARE run_id=28 node=U9 source=TM10 destination=TM
event=receive timestamp_ns=1791289544744323484 workflow=CT_SHARE run_id=29 node=U9 source=TM10 destination=TM
event=receive timestamp_ns=1791289546280827068 workflow=CT_SHARE run_id=30 node=U9 source=TM10 destination=TM
event=receive timestamp_ns=1791289547845884182 workflow=CT_SHARE run_id=31 node=U9 source=TM10 destination=TM
event=receive timestamp_ns=1791289549445112259 workflow=CT_SHARE run_id=32 node=U9 source=TM10 destination=TM
event=receive timestamp_ns=1791289551013944436 workflow=CT_SHARE run_id=33 node=U9 source=TM10 destination=TM
event=receive timestamp_ns=1791289552588325898 workflow=CT_SHARE run_id=34 node=U9 source=TM10 destination=TM
event=receive timestamp_ns=1791289554191871450 workflow=CT_SHARE run_id=35 node=U9 source=TM10 destination=TM
event=receive timestamp_ns=1791289556483249416 workflow=ARL_UPDATE run_id=1 node=U9 source=Authority destination=TM
event=receive timestamp_ns=1791289558019558024 workflow=ARL_UPDATE run_id=2 node=U9 source=Authority destination=TM
event=receive timestamp_ns=1791289559522064800 workflow=ARL_UPDATE run_id=3 node=U9 source=Authority destination=TM
event=receive timestamp_ns=1791289561060062860 workflow=ARL_UPDATE run_id=4 node=U9 source=Authority destination=TM
event=receive timestamp_ns=1791289562628249773 workflow=ARL_UPDATE run_id=5 node=U9 source=Authority destination=TM
event=receive timestamp_ns=1791289564167289257 workflow=ARL_UPDATE run_id=6 node=U9 source=Authority destination=TM
event=receive timestamp_ns=1791289565701383194 workflow=ARL_UPDATE run_id=7 node=U9 source=Authority destination=TM
event=receive timestamp_ns=1791289567238450865 workflow=ARL_UPDATE run_id=8 node=U9 source=Authority destination=TM
event=receive timestamp_ns=1791289568869885514 workflow=ARL_UPDATE run_id=9 node=U9 source=Authority destination=TM
event=receive timestamp_ns=1791289570436455990 workflow=ARL_UPDATE run_id=10 node=U9 source=Authority destination=TM
event=receive timestamp_ns=1791289572008242985 workflow=ARL_UPDATE run_id=11 node=U9 source=Authority destination=TM
event=receive timestamp_ns=1791289573510645046 workflow=ARL_UPDATE run_id=12 node=U9 source=Authority destination=TM
event=receive timestamp_ns=1791289575047594895 workflow=ARL_UPDATE run_id=13 node=U9 source=Authority destination=TM
event=receive timestamp_ns=1791289576646355903 workflow=ARL_UPDATE run_id=14 node=U9 source=Authority destination=TM
event=receive timestamp_ns=1791289578182200789 workflow=ARL_UPDATE run_id=15 node=U9 source=Authority destination=TM
event=receive timestamp_ns=1791289579783045199 workflow=ARL_UPDATE run_id=16 node=U9 source=Authority destination=TM
event=receive timestamp_ns=1791289581411005973 workflow=ARL_UPDATE run_id=17 node=U9 source=Authority destination=TM
event=receive timestamp_ns=1791289582915012781 workflow=ARL_UPDATE run_id=18 node=U9 source=Authority destination=TM
event=receive timestamp_ns=1791289584484192610 workflow=ARL_UPDATE run_id=19 node=U9 source=Authority destination=TM
event=receive timestamp_ns=1791289585990255551 workflow=ARL_UPDATE run_id=20 node=U9 source=Authority destination=TM
event=receive timestamp_ns=1791289587523820817 workflow=ARL_UPDATE run_id=21 node=U9 source=Authority destination=TM
event=receive timestamp_ns=1791289589096218093 workflow=ARL_UPDATE run_id=22 node=U9 source=Authority destination=TM
event=receive timestamp_ns=1791289590629399417 workflow=ARL_UPDATE run_id=23 node=U9 source=Authority destination=TM
event=receive timestamp_ns=1791289592166125475 workflow=ARL_UPDATE run_id=24 node=U9 source=Authority destination=TM
event=receive timestamp_ns=1791289593705231829 workflow=ARL_UPDATE run_id=25 node=U9 source=Authority destination=TM
event=receive timestamp_ns=1791289595269813582 workflow=ARL_UPDATE run_id=26 node=U9 source=Authority destination=TM
event=receive timestamp_ns=1791289596869779740 workflow=ARL_UPDATE run_id=27 node=U9 source=Authority destination=TM
event=receive timestamp_ns=1791289598379040914 workflow=ARL_UPDATE run_id=28 node=U9 source=Authority destination=TM
event=receive timestamp_ns=1791289599912197981 workflow=ARL_UPDATE run_id=29 node=U9 source=Authority destination=TM
event=receive timestamp_ns=1791289601514897837 workflow=ARL_UPDATE run_id=30 node=U9 source=Authority destination=TM
event=receive timestamp_ns=1791289603052070167 workflow=ARL_UPDATE run_id=31 node=U9 source=Authority destination=TM
event=receive timestamp_ns=1791289604549404311 workflow=ARL_UPDATE run_id=32 node=U9 source=Authority destination=TM
event=receive timestamp_ns=1791289606115671490 workflow=ARL_UPDATE run_id=33 node=U9 source=Authority destination=TM
event=receive timestamp_ns=1791289607651683044 workflow=ARL_UPDATE run_id=34 node=U9 source=Authority destination=TM
event=receive timestamp_ns=1791289609187716137 workflow=ARL_UPDATE run_id=35 node=U9 source=Authority destination=TM
event=receive timestamp_ns=1791289610788095158 workflow=ARL_UPDATE run_id=36 node=U9 source=Authority destination=TM
event=receive timestamp_ns=1791289612328625585 workflow=ARL_UPDATE run_id=37 node=U9 source=Authority destination=TM
event=receive timestamp_ns=1791289613826214935 workflow=ARL_UPDATE run_id=38 node=U9 source=Authority destination=TM
event=receive timestamp_ns=1791289615434776540 workflow=ARL_UPDATE run_id=39 node=U9 source=Authority destination=TM
event=receive timestamp_ns=1791289616993838110 workflow=ARL_UPDATE run_id=40 node=U9 source=Authority destination=TM
event=receive timestamp_ns=1791289618566551708 workflow=ARL_UPDATE run_id=41 node=U9 source=Authority destination=TM
event=receive timestamp_ns=1791289620166240428 workflow=ARL_UPDATE run_id=42 node=U9 source=Authority destination=TM
event=receive timestamp_ns=1791289621735433820 workflow=ARL_UPDATE run_id=43 node=U9 source=Authority destination=TM
event=receive timestamp_ns=1791289623339331943 workflow=ARL_UPDATE run_id=44 node=U9 source=Authority destination=TM
event=receive timestamp_ns=1791289624896577301 workflow=ARL_UPDATE run_id=45 node=U9 source=Authority destination=TM
event=receive timestamp_ns=1791289626435318732 workflow=ARL_UPDATE run_id=46 node=U9 source=Authority destination=TM
event=receive timestamp_ns=1791289628037925722 workflow=ARL_UPDATE run_id=47 node=U9 source=Authority destination=TM
event=receive timestamp_ns=1791289629602780697 workflow=ARL_UPDATE run_id=48 node=U9 source=Authority destination=TM
event=receive timestamp_ns=1791289631143283286 workflow=ARL_UPDATE run_id=49 node=U9 source=Authority destination=TM
event=receive timestamp_ns=1791289632715191965 workflow=ARL_UPDATE run_id=50 node=U9 source=Authority destination=TM
event=receive timestamp_ns=1791289634311151244 workflow=ARL_UPDATE run_id=51 node=U9 source=Authority destination=TM
event=receive timestamp_ns=1791289635879287480 workflow=ARL_UPDATE run_id=52 node=U9 source=Authority destination=TM
event=receive timestamp_ns=1791289637444001526 workflow=ARL_UPDATE run_id=53 node=U9 source=Authority destination=TM
event=receive timestamp_ns=1791289638980987847 workflow=ARL_UPDATE run_id=54 node=U9 source=Authority destination=TM
event=receive timestamp_ns=1791289640550072650 workflow=ARL_UPDATE run_id=55 node=U9 source=Authority destination=TM
event=receive timestamp_ns=1791289642116068521 workflow=ARL_UPDATE run_id=56 node=U9 source=Authority destination=TM
event=receive timestamp_ns=1791289643681608537 workflow=ARL_UPDATE run_id=57 node=U9 source=Authority destination=TM
event=receive timestamp_ns=1791289645218028643 workflow=ARL_UPDATE run_id=58 node=U9 source=Authority destination=TM
event=receive timestamp_ns=1791289646788189156 workflow=ARL_UPDATE run_id=59 node=U9 source=Authority destination=TM
event=receive timestamp_ns=1791289648323355874 workflow=ARL_UPDATE run_id=60 node=U9 source=Authority destination=TM
event=receive timestamp_ns=1791289649859774105 workflow=ARL_UPDATE run_id=61 node=U9 source=Authority destination=TM
event=receive timestamp_ns=1791289651426512835 workflow=ARL_UPDATE run_id=62 node=U9 source=Authority destination=TM
event=receive timestamp_ns=1791289653000396511 workflow=ARL_UPDATE run_id=63 node=U9 source=Authority destination=TM
event=receive timestamp_ns=1791289654599538557 workflow=ARL_UPDATE run_id=64 node=U9 source=Authority destination=TM
event=receive timestamp_ns=1791289656165892565 workflow=ARL_UPDATE run_id=65 node=U9 source=Authority destination=TM
event=receive timestamp_ns=1791289657764696840 workflow=ARL_UPDATE run_id=66 node=U9 source=Authority destination=TM
event=receive timestamp_ns=1791289659270250605 workflow=ARL_UPDATE run_id=67 node=U9 source=Authority destination=TM
event=receive timestamp_ns=1791289660843118152 workflow=ARL_UPDATE run_id=68 node=U9 source=Authority destination=TM
event=receive timestamp_ns=1791289662405617258 workflow=ARL_UPDATE run_id=69 node=U9 source=Authority destination=TM
event=receive timestamp_ns=1791289663936475702 workflow=ARL_UPDATE run_id=70 node=U9 source=Authority destination=TM
event=receive timestamp_ns=1791289666269986462 workflow=KEY_REQUEST run_id=bench_h10_key_w1 node=U9 source=TM10 destination=TM
event=receive timestamp_ns=1791289672381854191 workflow=KEY_REQUEST run_id=bench_h10_key_w2 node=U9 source=TM10 destination=TM
event=receive timestamp_ns=1791289675394101285 workflow=KEY_REQUEST run_id=bench_h10_key_w3 node=U9 source=TM10 destination=TM
event=receive timestamp_ns=1791289679357907283 workflow=KEY_REQUEST run_id=bench_h10_key_w4 node=U9 source=TM10 destination=TM
event=receive timestamp_ns=1791289684001888047 workflow=KEY_REQUEST run_id=bench_h10_key_w5 node=U9 source=TM10 destination=TM
event=receive timestamp_ns=1791289689022145862 workflow=KEY_REQUEST run_id=bench_h10_key_001 node=U9 source=TM10 destination=TM
event=receive timestamp_ns=1791289694593979190 workflow=KEY_REQUEST run_id=bench_h10_key_002 node=U9 source=TM10 destination=TM
event=receive timestamp_ns=1791289698562096838 workflow=KEY_REQUEST run_id=bench_h10_key_003 node=U9 source=TM10 destination=TM
event=receive timestamp_ns=1791289702077975777 workflow=KEY_REQUEST run_id=bench_h10_key_004 node=U9 source=TM10 destination=TM
event=receive timestamp_ns=1791289705055130423 workflow=KEY_REQUEST run_id=bench_h10_key_005 node=U9 source=TM10 destination=TM
event=receive timestamp_ns=1791289711678101517 workflow=KEY_REQUEST run_id=bench_h10_key_006 node=U9 source=TM10 destination=TM
event=receive timestamp_ns=1791289718301935038 workflow=KEY_REQUEST run_id=bench_h10_key_007 node=U9 source=TM10 destination=TM
event=receive timestamp_ns=1791289724862020467 workflow=KEY_REQUEST run_id=bench_h10_key_008 node=U9 source=TM10 destination=TM
event=receive timestamp_ns=1791289728414209334 workflow=KEY_REQUEST run_id=bench_h10_key_009 node=U9 source=TM10 destination=TM
event=receive timestamp_ns=1791289733534177301 workflow=KEY_REQUEST run_id=bench_h10_key_010 node=U9 source=TM10 destination=TM
event=receive timestamp_ns=1791289739105854690 workflow=KEY_REQUEST run_id=bench_h10_key_011 node=U9 source=TM10 destination=TM
event=receive timestamp_ns=1791289744125981822 workflow=KEY_REQUEST run_id=bench_h10_key_012 node=U9 source=TM10 destination=TM
event=receive timestamp_ns=1791289749182307263 workflow=KEY_REQUEST run_id=bench_h10_key_013 node=U9 source=TM10 destination=TM
event=receive timestamp_ns=1791289755842073699 workflow=KEY_REQUEST run_id=bench_h10_key_014 node=U9 source=TM10 destination=TM
event=receive timestamp_ns=1791289762430052285 workflow=KEY_REQUEST run_id=bench_h10_key_015 node=U9 source=TM10 destination=TM
event=receive timestamp_ns=1791289765438791341 workflow=KEY_REQUEST run_id=bench_h10_key_016 node=U9 source=TM10 destination=TM
event=receive timestamp_ns=1791289770526431826 workflow=KEY_REQUEST run_id=bench_h10_key_017 node=U9 source=TM10 destination=TM
event=receive timestamp_ns=1791289775581928708 workflow=KEY_REQUEST run_id=bench_h10_key_018 node=U9 source=TM10 destination=TM
event=receive timestamp_ns=1791289781182461300 workflow=KEY_REQUEST run_id=bench_h10_key_019 node=U9 source=TM10 destination=TM
event=receive timestamp_ns=1791289785662027313 workflow=KEY_REQUEST run_id=bench_h10_key_020 node=U9 source=TM10 destination=TM
event=receive timestamp_ns=1791289791266389237 workflow=KEY_REQUEST run_id=bench_h10_key_021 node=U9 source=TM10 destination=TM
event=receive timestamp_ns=1791289796381953232 workflow=KEY_REQUEST run_id=bench_h10_key_022 node=U9 source=TM10 destination=TM
event=receive timestamp_ns=1791289800902088646 workflow=KEY_REQUEST run_id=bench_h10_key_023 node=U9 source=TM10 destination=TM
event=receive timestamp_ns=1791289807582030291 workflow=KEY_REQUEST run_id=bench_h10_key_024 node=U9 source=TM10 destination=TM
event=receive timestamp_ns=1791289810558023288 workflow=KEY_REQUEST run_id=bench_h10_key_025 node=U9 source=TM10 destination=TM
event=receive timestamp_ns=1791289814557951133 workflow=KEY_REQUEST run_id=bench_h10_key_026 node=U9 source=TM10 destination=TM
event=receive timestamp_ns=1791289819165987413 workflow=KEY_REQUEST run_id=bench_h10_key_027 node=U9 source=TM10 destination=TM
event=receive timestamp_ns=1791289825725789767 workflow=KEY_REQUEST run_id=bench_h10_key_028 node=U9 source=TM10 destination=TM
event=receive timestamp_ns=1791289829310002600 workflow=KEY_REQUEST run_id=bench_h10_key_029 node=U9 source=TM10 destination=TM
event=receive timestamp_ns=1791289832318044692 workflow=KEY_REQUEST run_id=bench_h10_key_030 node=U9 source=TM10 destination=TM
