event=send timestamp_ns=1791278936244165577 workflow=KEY_RESPONSE run_id=bench_h3_setup node=Authority source=Authority destination=bench_h3_setup
event=receive timestamp_ns=1791278936234685154 workflow=KEY_REQUEST run_id=bench_h3_setup node=Authority source=TM3 destination=TM
event=receive timestamp_ns=1791278940714538280 workflow=CT_SHARE run_id=1 node=Authority source=TM3 destination=TM
event=receive timestamp_ns=1791278942250700425 workflow=CT_SHARE run_id=2 node=Authority source=TM3 destination=TM
event=receive timestamp_ns=1791278943818615384 workflow=CT_SHARE run_id=3 node=Authority source=TM3 destination=TM
event=receive timestamp_ns=1791278945354683341 workflow=CT_SHARE run_id=4 node=Authority source=TM3 destination=TM
event=receive timestamp_ns=1791278946922795083 workflow=CT_SHARE run_id=5 node=Authority source=TM3 destination=TM
event=receive timestamp_ns=1791278948490540755 workflow=CT_SHARE run_id=6 node=Authority source=TM3 destination=TM
event=receive timestamp_ns=1791278950059050682 workflow=CT_SHARE run_id=7 node=Authority source=TM3 destination=TM
event=receive timestamp_ns=1791278951626390906 workflow=CT_SHARE run_id=8 node=Authority source=TM3 destination=TM
event=receive timestamp_ns=1791278953194721167 workflow=CT_SHARE run_id=9 node=Authority source=TM3 destination=TM
event=receive timestamp_ns=1791278954794808216 workflow=CT_SHARE run_id=10 node=Authority source=TM3 destination=TM
event=receive timestamp_ns=1791278956334401422 workflow=CT_SHARE run_id=11 node=Authority source=TM3 destination=TM
event=receive timestamp_ns=1791278957898540930 workflow=CT_SHARE run_id=12 node=Authority source=TM3 destination=TM
event=receive timestamp_ns=1791278959466840452 workflow=CT_SHARE run_id=13 node=Authority source=TM3 destination=TM
event=receive timestamp_ns=1791278961066712164 workflow=CT_SHARE run_id=14 node=Authority source=TM3 destination=TM
event=receive timestamp_ns=1791278962602903903 workflow=CT_SHARE run_id=15 node=Authority source=TM3 destination=TM
event=receive timestamp_ns=1791278964206687336 workflow=CT_SHARE run_id=16 node=Authority source=TM3 destination=TM
event=receive timestamp_ns=1791278965738530512 workflow=CT_SHARE run_id=17 node=Authority source=TM3 destination=TM
event=receive timestamp_ns=1791278967306768341 workflow=CT_SHARE run_id=18 node=Authority source=TM3 destination=TM
event=receive timestamp_ns=1791278968906731722 workflow=CT_SHARE run_id=19 node=Authority source=TM3 destination=TM
event=receive timestamp_ns=1791278970442673069 workflow=CT_SHARE run_id=20 node=Authority source=TM3 destination=TM
event=receive timestamp_ns=1791278972042946878 workflow=CT_SHARE run_id=21 node=Authority source=TM3 destination=TM
event=receive timestamp_ns=1791278973578920113 workflow=CT_SHARE run_id=22 node=Authority source=TM3 destination=TM
event=receive timestamp_ns=1791278975146773042 workflow=CT_SHARE run_id=23 node=Authority source=TM3 destination=TM
event=receive timestamp_ns=1791278976714706677 workflow=CT_SHARE run_id=24 node=Authority source=TM3 destination=TM
event=receive timestamp_ns=1791278978282935507 workflow=CT_SHARE run_id=25 node=Authority source=TM3 destination=TM
event=receive timestamp_ns=1791278979850588420 workflow=CT_SHARE run_id=26 node=Authority source=TM3 destination=TM
event=receive timestamp_ns=1791278981418635113 workflow=CT_SHARE run_id=27 node=Authority source=TM3 destination=TM
event=receive timestamp_ns=1791278982986822528 workflow=CT_SHARE run_id=28 node=Authority source=TM3 destination=TM
event=receive timestamp_ns=1791278984554549128 workflow=CT_SHARE run_id=29 node=Authority source=TM3 destination=TM
event=receive timestamp_ns=1791278986122668369 workflow=CT_SHARE run_id=30 node=Authority source=TM3 destination=TM
event=receive timestamp_ns=1791278987690442337 workflow=CT_SHARE run_id=31 node=Authority source=TM3 destination=TM
event=receive timestamp_ns=1791278989258799554 workflow=CT_SHARE run_id=32 node=Authority source=TM3 destination=TM
event=receive timestamp_ns=1791278990826665490 workflow=CT_SHARE run_id=33 node=Authority source=TM3 destination=TM
event=receive timestamp_ns=1791278992362760564 workflow=CT_SHARE run_id=34 node=Authority source=TM3 destination=TM
event=receive timestamp_ns=1791278993930839490 workflow=CT_SHARE run_id=35 node=Authority source=TM3 destination=TM
event=send timestamp_ns=1791278994154069920 workflow=ARL_UPDATE run_id=1 node=Authority source=Authority destination=TM
event=send timestamp_ns=1791278996411058461 workflow=ARL_UPDATE run_id=2 node=Authority source=Authority destination=TM
event=send timestamp_ns=1791278998151611733 workflow=ARL_UPDATE run_id=3 node=Authority source=Authority destination=TM
event=send timestamp_ns=1791278999481398952 workflow=ARL_UPDATE run_id=4 node=Authority source=Authority destination=TM
event=send timestamp_ns=1791279001224721580 workflow=ARL_UPDATE run_id=5 node=Authority source=Authority destination=TM
event=send timestamp_ns=1791279002761850021 workflow=ARL_UPDATE run_id=6 node=Authority source=Authority destination=TM
event=send timestamp_ns=1791279004156384999 workflow=ARL_UPDATE run_id=7 node=Authority source=Authority destination=TM
event=send timestamp_ns=1791279005687543869 workflow=ARL_UPDATE run_id=8 node=Authority source=Authority destination=TM
event=send timestamp_ns=1791279007290749594 workflow=ARL_UPDATE run_id=9 node=Authority source=Authority destination=TM
event=send timestamp_ns=1791279008826027081 workflow=ARL_UPDATE run_id=10 node=Authority source=Authority destination=TM
event=send timestamp_ns=1791279010361908173 workflow=ARL_UPDATE run_id=11 node=Authority source=Authority destination=TM
event=send timestamp_ns=1791279012102215514 workflow=ARL_UPDATE run_id=12 node=Authority source=Authority destination=TM
event=send timestamp_ns=1791279013638839259 workflow=ARL_UPDATE run_id=13 node=Authority source=Authority destination=TM
event=send timestamp_ns=1791279014969104245 workflow=ARL_UPDATE run_id=14 node=Authority source=Authority destination=TM
event=send timestamp_ns=1791279016706188869 workflow=ARL_UPDATE run_id=15 node=Authority source=Authority destination=TM
event=send timestamp_ns=1791279018251852026 workflow=ARL_UPDATE run_id=16 node=Authority source=Authority destination=TM
event=send timestamp_ns=1791279019780894572 workflow=ARL_UPDATE run_id=17 node=Authority source=Authority destination=TM
event=send timestamp_ns=1791279021107882382 workflow=ARL_UPDATE run_id=18 node=Authority source=Authority destination=TM
event=send timestamp_ns=1791279022858153870 workflow=ARL_UPDATE run_id=19 node=Authority source=Authority destination=TM
event=send timestamp_ns=1791279024400280807 workflow=ARL_UPDATE run_id=20 node=Authority source=Authority destination=TM
event=send timestamp_ns=1791279025724783766 workflow=ARL_UPDATE run_id=21 node=Authority source=Authority destination=TM
event=send timestamp_ns=1791279027259925280 workflow=ARL_UPDATE run_id=22 node=Authority source=Authority destination=TM
event=send timestamp_ns=1791279028795538848 workflow=ARL_UPDATE run_id=23 node=Authority source=Authority destination=TM
event=send timestamp_ns=1791279030333615347 workflow=ARL_UPDATE run_id=24 node=Authority source=Authority destination=TM
event=send timestamp_ns=1791279032083518498 workflow=ARL_UPDATE run_id=25 node=Authority source=Authority destination=TM
event=send timestamp_ns=1791279033470652253 workflow=ARL_UPDATE run_id=26 node=Authority source=Authority destination=TM
event=send timestamp_ns=1791279035202199400 workflow=ARL_UPDATE run_id=27 node=Authority source=Authority destination=TM
event=send timestamp_ns=1791279036543951314 workflow=ARL_UPDATE run_id=28 node=Authority source=Authority destination=TM
event=send timestamp_ns=1791279038077192782 workflow=ARL_UPDATE run_id=29 node=Authority source=Authority destination=TM
event=send timestamp_ns=1791279039679289593 workflow=ARL_UPDATE run_id=30 node=Authority source=Authority destination=TM
event=send timestamp_ns=1791279041415330971 workflow=ARL_UPDATE run_id=31 node=Authority source=Authority destination=TM
event=send timestamp_ns=1791279042948277599 workflow=ARL_UPDATE run_id=32 node=Authority source=Authority destination=TM
event=send timestamp_ns=1791279044282484151 workflow=ARL_UPDATE run_id=33 node=Authority source=Authority destination=TM
event=send timestamp_ns=1791279046017537693 workflow=ARL_UPDATE run_id=34 node=Authority source=Authority destination=TM
event=send timestamp_ns=1791279047554534031 workflow=ARL_UPDATE run_id=35 node=Authority source=Authority destination=TM
event=send timestamp_ns=1791279048889062263 workflow=ARL_UPDATE run_id=36 node=Authority source=Authority destination=TM
event=send timestamp_ns=1791279050427413164 workflow=ARL_UPDATE run_id=37 node=Authority source=Authority destination=TM
event=send timestamp_ns=1791279051964661131 workflow=ARL_UPDATE run_id=38 node=Authority source=Authority destination=TM
event=send timestamp_ns=1791279053706474663 workflow=ARL_UPDATE run_id=39 node=Authority source=Authority destination=TM
event=send timestamp_ns=1791279055241577802 workflow=ARL_UPDATE run_id=40 node=Authority source=Authority destination=TM
event=send timestamp_ns=1791279056569635467 workflow=ARL_UPDATE run_id=41 node=Authority source=Authority destination=TM
event=send timestamp_ns=1791279058317462637 workflow=ARL_UPDATE run_id=42 node=Authority source=Authority destination=TM
event=send timestamp_ns=1791279059645771829 workflow=ARL_UPDATE run_id=43 node=Authority source=Authority destination=TM
event=send timestamp_ns=1791279061178492737 workflow=ARL_UPDATE run_id=44 node=Authority source=Authority destination=TM
event=send timestamp_ns=1791279062912263433 workflow=ARL_UPDATE run_id=45 node=Authority source=Authority destination=TM
event=send timestamp_ns=1791279064246772301 workflow=ARL_UPDATE run_id=46 node=Authority source=Authority destination=TM
event=send timestamp_ns=1791279065786459994 workflow=ARL_UPDATE run_id=47 node=Authority source=Authority destination=TM
event=send timestamp_ns=1791279067321499992 workflow=ARL_UPDATE run_id=48 node=Authority source=Authority destination=TM
event=send timestamp_ns=1791279069064055368 workflow=ARL_UPDATE run_id=49 node=Authority source=Authority destination=TM
event=send timestamp_ns=1791279070392892908 workflow=ARL_UPDATE run_id=50 node=Authority source=Authority destination=TM
event=send timestamp_ns=1791279071925306413 workflow=ARL_UPDATE run_id=51 node=Authority source=Authority destination=TM
event=send timestamp_ns=1791279073664306962 workflow=ARL_UPDATE run_id=52 node=Authority source=Authority destination=TM
event=send timestamp_ns=1791279075203563269 workflow=ARL_UPDATE run_id=53 node=Authority source=Authority destination=TM
event=send timestamp_ns=1791279076603842835 workflow=ARL_UPDATE run_id=54 node=Authority source=Authority destination=TM
event=send timestamp_ns=1791279078339023913 workflow=ARL_UPDATE run_id=55 node=Authority source=Authority destination=TM
event=send timestamp_ns=1791279079877815379 workflow=ARL_UPDATE run_id=56 node=Authority source=Authority destination=TM
event=send timestamp_ns=1791279081419633431 workflow=ARL_UPDATE run_id=57 node=Authority source=Authority destination=TM
event=send timestamp_ns=1791279082754629924 workflow=ARL_UPDATE run_id=58 node=Authority source=Authority destination=TM
event=send timestamp_ns=1791279084282198600 workflow=ARL_UPDATE run_id=59 node=Authority source=Authority destination=TM
event=send timestamp_ns=1791279085822890520 workflow=ARL_UPDATE run_id=60 node=Authority source=Authority destination=TM
event=send timestamp_ns=1791279087356506425 workflow=ARL_UPDATE run_id=61 node=Authority source=Authority destination=TM
event=send timestamp_ns=1791279088897951073 workflow=ARL_UPDATE run_id=62 node=Authority source=Authority destination=TM
event=send timestamp_ns=1791279090428097705 workflow=ARL_UPDATE run_id=63 node=Authority source=Authority destination=TM
event=send timestamp_ns=1791279091968533940 workflow=ARL_UPDATE run_id=64 node=Authority source=Authority destination=TM
event=send timestamp_ns=1791279093506816384 workflow=ARL_UPDATE run_id=65 node=Authority source=Authority destination=TM
event=send timestamp_ns=1791279095106936196 workflow=ARL_UPDATE run_id=66 node=Authority source=Authority destination=TM
event=send timestamp_ns=1791279096636699528 workflow=ARL_UPDATE run_id=67 node=Authority source=Authority destination=TM
event=send timestamp_ns=1791279098387982449 workflow=ARL_UPDATE run_id=68 node=Authority source=Authority destination=TM
event=send timestamp_ns=1791279099918802720 workflow=ARL_UPDATE run_id=69 node=Authority source=Authority destination=TM
event=send timestamp_ns=1791279101451612178 workflow=ARL_UPDATE run_id=70 node=Authority source=Authority destination=TM
event=send timestamp_ns=1791279104151320576 workflow=KEY_RESPONSE run_id=bench_h3_key_w1 node=Authority source=Authority destination=bench_h3_key_w1
event=receive timestamp_ns=1791279104138826697 workflow=KEY_REQUEST run_id=bench_h3_key_w1 node=Authority source=TM3 destination=TM
event=send timestamp_ns=1791279106391504095 workflow=KEY_RESPONSE run_id=bench_h3_key_w2 node=Authority source=Authority destination=bench_h3_key_w2
event=receive timestamp_ns=1791279106378858062 workflow=KEY_REQUEST run_id=bench_h3_key_w2 node=Authority source=TM3 destination=TM
event=send timestamp_ns=1791279110161435311 workflow=KEY_RESPONSE run_id=bench_h3_key_w3 node=Authority source=Authority destination=bench_h3_key_w3
event=receive timestamp_ns=1791279110154589000 workflow=KEY_REQUEST run_id=bench_h3_key_w3 node=Authority source=TM3 destination=TM
event=send timestamp_ns=1791279113872107701 workflow=KEY_RESPONSE run_id=bench_h3_key_w4 node=Authority source=Authority destination=bench_h3_key_w4
event=receive timestamp_ns=1791279113866561019 workflow=KEY_REQUEST run_id=bench_h3_key_w4 node=Authority source=TM3 destination=TM
event=send timestamp_ns=1791279118704590431 workflow=KEY_RESPONSE run_id=bench_h3_key_w5 node=Authority source=Authority destination=bench_h3_key_w5
event=receive timestamp_ns=1791279118698632029 workflow=KEY_REQUEST run_id=bench_h3_key_w5 node=Authority source=TM3 destination=TM
event=send timestamp_ns=1791279123509341631 workflow=KEY_RESPONSE run_id=bench_h3_key_001 node=Authority source=Authority destination=bench_h3_key_001
event=receive timestamp_ns=1791279123498778104 workflow=KEY_REQUEST run_id=bench_h3_key_001 node=Authority source=TM3 destination=TM
event=send timestamp_ns=1791279129362047587 workflow=KEY_RESPONSE run_id=bench_h3_key_002 node=Authority source=Authority destination=bench_h3_key_002
event=receive timestamp_ns=1791279129354715447 workflow=KEY_REQUEST run_id=bench_h3_key_002 node=Authority source=TM3 destination=TM
event=send timestamp_ns=1791279135189892143 workflow=KEY_RESPONSE run_id=bench_h3_key_003 node=Authority source=Authority destination=bench_h3_key_003
event=receive timestamp_ns=1791279135178905877 workflow=KEY_REQUEST run_id=bench_h3_key_003 node=Authority source=TM3 destination=TM
event=send timestamp_ns=1791279138967652359 workflow=KEY_RESPONSE run_id=bench_h3_key_004 node=Authority source=Authority destination=bench_h3_key_004
event=receive timestamp_ns=1791279138954833015 workflow=KEY_REQUEST run_id=bench_h3_key_004 node=Authority source=TM3 destination=TM
event=send timestamp_ns=1791279142741355259 workflow=KEY_RESPONSE run_id=bench_h3_key_005 node=Authority source=Authority destination=bench_h3_key_005
event=receive timestamp_ns=1791279142734562213 workflow=KEY_REQUEST run_id=bench_h3_key_005 node=Authority source=TM3 destination=TM
event=send timestamp_ns=1791279147567887502 workflow=KEY_RESPONSE run_id=bench_h3_key_006 node=Authority source=Authority destination=bench_h3_key_006
event=receive timestamp_ns=1791279147562585379 workflow=KEY_REQUEST run_id=bench_h3_key_006 node=Authority source=TM3 destination=TM
event=send timestamp_ns=1791279151252726128 workflow=KEY_RESPONSE run_id=bench_h3_key_007 node=Authority source=Authority destination=bench_h3_key_007
event=receive timestamp_ns=1791279151242723530 workflow=KEY_REQUEST run_id=bench_h3_key_007 node=Authority source=TM3 destination=TM
event=send timestamp_ns=1791279156085945214 workflow=KEY_RESPONSE run_id=bench_h3_key_008 node=Authority source=Authority destination=bench_h3_key_008
event=receive timestamp_ns=1791279156074706633 workflow=KEY_REQUEST run_id=bench_h3_key_008 node=Authority source=TM3 destination=TM
event=send timestamp_ns=1791279159894642095 workflow=KEY_RESPONSE run_id=bench_h3_key_009 node=Authority source=Authority destination=bench_h3_key_009
event=receive timestamp_ns=1791279159882542970 workflow=KEY_REQUEST run_id=bench_h3_key_009 node=Authority source=TM3 destination=TM
event=send timestamp_ns=1791279162127445464 workflow=KEY_RESPONSE run_id=bench_h3_key_010 node=Authority source=Authority destination=bench_h3_key_010
event=receive timestamp_ns=1791279162122554091 workflow=KEY_REQUEST run_id=bench_h3_key_010 node=Authority source=TM3 destination=TM
event=send timestamp_ns=1791279165398662776 workflow=KEY_RESPONSE run_id=bench_h3_key_011 node=Authority source=Authority destination=bench_h3_key_011
event=receive timestamp_ns=1791279165386933258 workflow=KEY_REQUEST run_id=bench_h3_key_011 node=Authority source=TM3 destination=TM
event=send timestamp_ns=1791279169176776944 workflow=KEY_RESPONSE run_id=bench_h3_key_012 node=Authority source=Authority destination=bench_h3_key_012
event=receive timestamp_ns=1791279169162611916 workflow=KEY_REQUEST run_id=bench_h3_key_012 node=Authority source=TM3 destination=TM
event=send timestamp_ns=1791279174006602865 workflow=KEY_RESPONSE run_id=bench_h3_key_013 node=Authority source=Authority destination=bench_h3_key_013
event=receive timestamp_ns=1791279173994953771 workflow=KEY_REQUEST run_id=bench_h3_key_013 node=Authority source=TM3 destination=TM
event=send timestamp_ns=1791279178842194512 workflow=KEY_RESPONSE run_id=bench_h3_key_014 node=Authority source=Authority destination=bench_h3_key_014
event=receive timestamp_ns=1791279178827091746 workflow=KEY_REQUEST run_id=bench_h3_key_014 node=Authority source=TM3 destination=TM
event=send timestamp_ns=1791279182135319614 workflow=KEY_RESPONSE run_id=bench_h3_key_015 node=Authority source=Authority destination=bench_h3_key_015
event=receive timestamp_ns=1791279182122973558 workflow=KEY_REQUEST run_id=bench_h3_key_015 node=Authority source=TM3 destination=TM
event=send timestamp_ns=1791279186959350867 workflow=KEY_RESPONSE run_id=bench_h3_key_016 node=Authority source=Authority destination=bench_h3_key_016
event=receive timestamp_ns=1791279186954557726 workflow=KEY_REQUEST run_id=bench_h3_key_016 node=Authority source=TM3 destination=TM
event=send timestamp_ns=1791279190646658040 workflow=KEY_RESPONSE run_id=bench_h3_key_017 node=Authority source=Authority destination=bench_h3_key_017
event=receive timestamp_ns=1791279190634934680 workflow=KEY_REQUEST run_id=bench_h3_key_017 node=Authority source=TM3 destination=TM
event=send timestamp_ns=1791279195480177518 workflow=KEY_RESPONSE run_id=bench_h3_key_018 node=Authority source=Authority destination=bench_h3_key_018
event=receive timestamp_ns=1791279195466851606 workflow=KEY_REQUEST run_id=bench_h3_key_018 node=Authority source=TM3 destination=TM
event=send timestamp_ns=1791279200311242592 workflow=KEY_RESPONSE run_id=bench_h3_key_019 node=Authority source=Authority destination=bench_h3_key_019
event=receive timestamp_ns=1791279200298999434 workflow=KEY_REQUEST run_id=bench_h3_key_019 node=Authority source=TM3 destination=TM
event=send timestamp_ns=1791279203602259773 workflow=KEY_RESPONSE run_id=bench_h3_key_020 node=Authority source=Authority destination=bench_h3_key_020
event=receive timestamp_ns=1791279203594614069 workflow=KEY_REQUEST run_id=bench_h3_key_020 node=Authority source=TM3 destination=TM
event=send timestamp_ns=1791279209423121072 workflow=KEY_RESPONSE run_id=bench_h3_key_021 node=Authority source=Authority destination=bench_h3_key_021
event=receive timestamp_ns=1791279209418472902 workflow=KEY_REQUEST run_id=bench_h3_key_021 node=Authority source=TM3 destination=TM
event=send timestamp_ns=1791279213103587472 workflow=KEY_RESPONSE run_id=bench_h3_key_022 node=Authority source=Authority destination=bench_h3_key_022
event=receive timestamp_ns=1791279213098677525 workflow=KEY_REQUEST run_id=bench_h3_key_022 node=Authority source=TM3 destination=TM
event=send timestamp_ns=1791279218927310878 workflow=KEY_RESPONSE run_id=bench_h3_key_023 node=Authority source=Authority destination=bench_h3_key_023
event=receive timestamp_ns=1791279218922643024 workflow=KEY_REQUEST run_id=bench_h3_key_023 node=Authority source=TM3 destination=TM
event=send timestamp_ns=1791279222577361719 workflow=KEY_RESPONSE run_id=bench_h3_key_024 node=Authority source=Authority destination=bench_h3_key_024
event=receive timestamp_ns=1791279222570887738 workflow=KEY_REQUEST run_id=bench_h3_key_024 node=Authority source=TM3 destination=TM
event=send timestamp_ns=1791279227379660478 workflow=KEY_RESPONSE run_id=bench_h3_key_025 node=Authority source=Authority destination=bench_h3_key_025
event=receive timestamp_ns=1791279227370724149 workflow=KEY_REQUEST run_id=bench_h3_key_025 node=Authority source=TM3 destination=TM
event=send timestamp_ns=1791279231060422349 workflow=KEY_RESPONSE run_id=bench_h3_key_026 node=Authority source=Authority destination=bench_h3_key_026
event=receive timestamp_ns=1791279231050662025 workflow=KEY_REQUEST run_id=bench_h3_key_026 node=Authority source=TM3 destination=TM
event=send timestamp_ns=1791279236916978165 workflow=KEY_RESPONSE run_id=bench_h3_key_027 node=Authority source=Authority destination=bench_h3_key_027
event=receive timestamp_ns=1791279236906620015 workflow=KEY_REQUEST run_id=bench_h3_key_027 node=Authority source=TM3 destination=TM
event=send timestamp_ns=1791279240690484746 workflow=KEY_RESPONSE run_id=bench_h3_key_028 node=Authority source=Authority destination=bench_h3_key_028
event=receive timestamp_ns=1791279240682663175 workflow=KEY_REQUEST run_id=bench_h3_key_028 node=Authority source=TM3 destination=TM
event=send timestamp_ns=1791279243345782167 workflow=KEY_RESPONSE run_id=bench_h3_key_029 node=Authority source=Authority destination=bench_h3_key_029
event=receive timestamp_ns=1791279243338575736 workflow=KEY_REQUEST run_id=bench_h3_key_029 node=Authority source=TM3 destination=TM
event=send timestamp_ns=1791279247024652846 workflow=KEY_RESPONSE run_id=bench_h3_key_030 node=Authority source=Authority destination=bench_h3_key_030
event=receive timestamp_ns=1791279247018483177 workflow=KEY_REQUEST run_id=bench_h3_key_030 node=Authority source=TM3 destination=TM
