event=receive timestamp_ns=1791278936138664770 workflow=KEY_REQUEST run_id=bench_h3_setup node=U1 source=TM3 destination=TM
event=receive timestamp_ns=1791278940106695693 workflow=CT_SHARE run_id=1 node=U1 source=TM3 destination=TM
event=receive timestamp_ns=1791278941642572608 workflow=CT_SHARE run_id=2 node=U1 source=TM3 destination=TM
event=receive timestamp_ns=1791278943210860670 workflow=CT_SHARE run_id=3 node=U1 source=TM3 destination=TM
event=receive timestamp_ns=1791278944746516951 workflow=CT_SHARE run_id=4 node=U1 source=TM3 destination=TM
event=receive timestamp_ns=1791278946318607472 workflow=CT_SHARE run_id=5 node=U1 source=TM3 destination=TM
event=receive timestamp_ns=1791278947882755284 workflow=CT_SHARE run_id=6 node=U1 source=TM3 destination=TM
event=receive timestamp_ns=1791278949450760279 workflow=CT_SHARE run_id=7 node=U1 source=TM3 destination=TM
event=receive timestamp_ns=1791278951018616691 workflow=CT_SHARE run_id=8 node=U1 source=TM3 destination=TM
event=receive timestamp_ns=1791278952590591612 workflow=CT_SHARE run_id=9 node=U1 source=TM3 destination=TM
event=receive timestamp_ns=1791278954186706209 workflow=CT_SHARE run_id=10 node=U1 source=TM3 destination=TM
event=receive timestamp_ns=1791278955722611897 workflow=CT_SHARE run_id=11 node=U1 source=TM3 destination=TM
event=receive timestamp_ns=1791278957290372683 workflow=CT_SHARE run_id=12 node=U1 source=TM3 destination=TM
event=receive timestamp_ns=1791278958858898239 workflow=CT_SHARE run_id=13 node=U1 source=TM3 destination=TM
event=receive timestamp_ns=1791278960458732338 workflow=CT_SHARE run_id=14 node=U1 source=TM3 destination=TM
event=receive timestamp_ns=1791278961994794020 workflow=CT_SHARE run_id=15 node=U1 source=TM3 destination=TM
event=receive timestamp_ns=1791278963595348132 workflow=CT_SHARE run_id=16 node=U1 source=TM3 destination=TM
event=receive timestamp_ns=1791278965130645372 workflow=CT_SHARE run_id=17 node=U1 source=TM3 destination=TM
event=receive timestamp_ns=1791278966699101332 workflow=CT_SHARE run_id=18 node=U1 source=TM3 destination=TM
event=receive timestamp_ns=1791278968298630206 workflow=CT_SHARE run_id=19 node=U1 source=TM3 destination=TM
event=receive timestamp_ns=1791278969834894307 workflow=CT_SHARE run_id=20 node=U1 source=TM3 destination=TM
event=receive timestamp_ns=1791278971434900147 workflow=CT_SHARE run_id=21 node=U1 source=TM3 destination=TM
event=receive timestamp_ns=1791278972970719784 workflow=CT_SHARE run_id=22 node=U1 source=TM3 destination=TM
event=receive timestamp_ns=1791278974538859021 workflow=CT_SHARE run_id=23 node=U1 source=TM3 destination=TM
event=receive timestamp_ns=1791278976107191300 workflow=CT_SHARE run_id=24 node=U1 source=TM3 destination=TM
event=receive timestamp_ns=1791278977674948487 workflow=CT_SHARE run_id=25 node=U1 source=TM3 destination=TM
event=receive timestamp_ns=1791278979243614033 workflow=CT_SHARE run_id=26 node=U1 source=TM3 destination=TM
event=receive timestamp_ns=1791278980810701748 workflow=CT_SHARE run_id=27 node=U1 source=TM3 destination=TM
event=receive timestamp_ns=1791278982378928206 workflow=CT_SHARE run_id=28 node=U1 source=TM3 destination=TM
event=receive timestamp_ns=1791278983947067573 workflow=CT_SHARE run_id=29 node=U1 source=TM3 destination=TM
event=receive timestamp_ns=1791278985514837270 workflow=CT_SHARE run_id=30 node=U1 source=TM3 destination=TM
event=receive timestamp_ns=1791278987082820184 workflow=CT_SHARE run_id=31 node=U1 source=TM3 destination=TM
event=receive timestamp_ns=1791278988650729609 workflow=CT_SHARE run_id=32 node=U1 source=TM3 destination=TM
event=receive timestamp_ns=1791278990218657945 workflow=CT_SHARE run_id=33 node=U1 source=TM3 destination=TM
event=receive timestamp_ns=1791278991754892581 workflow=CT_SHARE run_id=34 node=U1 source=TM3 destination=TM
event=receive timestamp_ns=1791278993322865894 workflow=CT_SHARE run_id=35 node=U1 source=TM3 destination=TM
event=receive timestamp_ns=1791278995691196417 workflow=ARL_UPDATE run_id=1 node=U1 source=Authority destination=TM
event=receive timestamp_ns=1791278997226619846 workflow=ARL_UPDATE run_id=2 node=U1 source=Authority destination=TM
event=receive timestamp_ns=1791278998762736583 workflow=ARL_UPDATE run_id=3 node=U1 source=Authority destination=TM
event=receive timestamp_ns=1791279000298784771 workflow=ARL_UPDATE run_id=4 node=U1 source=Authority destination=TM
event=receive timestamp_ns=1791279001866781693 workflow=ARL_UPDATE run_id=5 node=U1 source=Authority destination=TM
event=receive timestamp_ns=1791279003370638799 workflow=ARL_UPDATE run_id=6 node=U1 source=Authority destination=TM
event=receive timestamp_ns=1791279004971165178 workflow=ARL_UPDATE run_id=7 node=U1 source=Authority destination=TM
event=receive timestamp_ns=1791279006506862293 workflow=ARL_UPDATE run_id=8 node=U1 source=Authority destination=TM
event=receive timestamp_ns=1791279008110687818 workflow=ARL_UPDATE run_id=9 node=U1 source=Authority destination=TM
event=receive timestamp_ns=1791279009642645102 workflow=ARL_UPDATE run_id=10 node=U1 source=Authority destination=TM
event=receive timestamp_ns=1791279011210771976 workflow=ARL_UPDATE run_id=11 node=U1 source=Authority destination=TM
event=receive timestamp_ns=1791279012714482168 workflow=ARL_UPDATE run_id=12 node=U1 source=Authority destination=TM
event=receive timestamp_ns=1791279014250545886 workflow=ARL_UPDATE run_id=13 node=U1 source=Authority destination=TM
event=receive timestamp_ns=1791279015786430083 workflow=ARL_UPDATE run_id=14 node=U1 source=Authority destination=TM
event=receive timestamp_ns=1791279017354751765 workflow=ARL_UPDATE run_id=15 node=U1 source=Authority destination=TM
event=receive timestamp_ns=1791279018862750761 workflow=ARL_UPDATE run_id=16 node=U1 source=Authority destination=TM
event=receive timestamp_ns=1791279020394585554 workflow=ARL_UPDATE run_id=17 node=U1 source=Authority destination=TM
event=receive timestamp_ns=1791279021930459170 workflow=ARL_UPDATE run_id=18 node=U1 source=Authority destination=TM
event=receive timestamp_ns=1791279023466881705 workflow=ARL_UPDATE run_id=19 node=U1 source=Authority destination=TM
event=receive timestamp_ns=1791279025002950925 workflow=ARL_UPDATE run_id=20 node=U1 source=Authority destination=TM
event=receive timestamp_ns=1791279026538558694 workflow=ARL_UPDATE run_id=21 node=U1 source=Authority destination=TM
event=receive timestamp_ns=1791279028074784182 workflow=ARL_UPDATE run_id=22 node=U1 source=Authority destination=TM
event=receive timestamp_ns=1791279029611113891 workflow=ARL_UPDATE run_id=23 node=U1 source=Authority destination=TM
event=receive timestamp_ns=1791279031146517693 workflow=ARL_UPDATE run_id=24 node=U1 source=Authority destination=TM
event=receive timestamp_ns=1791279032714874841 workflow=ARL_UPDATE run_id=25 node=U1 source=Authority destination=TM
event=receive timestamp_ns=1791279034282648206 workflow=ARL_UPDATE run_id=26 node=U1 source=Authority destination=TM
event=receive timestamp_ns=1791279035850668637 workflow=ARL_UPDATE run_id=27 node=U1 source=Authority destination=TM
event=receive timestamp_ns=1791279037354883490 workflow=ARL_UPDATE run_id=28 node=U1 source=Authority destination=TM
event=receive timestamp_ns=1791279038895171992 workflow=ARL_UPDATE run_id=29 node=U1 source=Authority destination=TM
event=receive timestamp_ns=1791279040490509978 workflow=ARL_UPDATE run_id=30 node=U1 source=Authority destination=TM
event=receive timestamp_ns=1791279042026747090 workflow=ARL_UPDATE run_id=31 node=U1 source=Authority destination=TM
event=receive timestamp_ns=1791279043562540309 workflow=ARL_UPDATE run_id=32 node=U1 source=Authority destination=TM
event=receive timestamp_ns=1791279045098700968 workflow=ARL_UPDATE run_id=33 node=U1 source=Authority destination=TM
event=receive timestamp_ns=1791279046634447329 workflow=ARL_UPDATE run_id=34 node=U1 source=Authority destination=TM
event=receive timestamp_ns=1791279048170618280 workflow=ARL_UPDATE run_id=35 node=U1 source=Authority destination=TM
event=receive timestamp_ns=1791279049710610315 workflow=ARL_UPDATE run_id=36 node=U1 source=Authority destination=TM
event=receive timestamp_ns=1791279051242815527 workflow=ARL_UPDATE run_id=37 node=U1 source=Authority destination=TM
event=receive timestamp_ns=1791279052814737596 workflow=ARL_UPDATE run_id=38 node=U1 source=Authority destination=TM
event=receive timestamp_ns=1791279054314778411 workflow=ARL_UPDATE run_id=39 node=U1 source=Authority destination=TM
event=receive timestamp_ns=1791279055850711635 workflow=ARL_UPDATE run_id=40 node=U1 source=Authority destination=TM
event=receive timestamp_ns=1791279057386899101 workflow=ARL_UPDATE run_id=41 node=U1 source=Authority destination=TM
event=receive timestamp_ns=1791279058922545386 workflow=ARL_UPDATE run_id=42 node=U1 source=Authority destination=TM
event=receive timestamp_ns=1791279060462650791 workflow=ARL_UPDATE run_id=43 node=U1 source=Authority destination=TM
event=receive timestamp_ns=1791279061994657561 workflow=ARL_UPDATE run_id=44 node=U1 source=Authority destination=TM
event=receive timestamp_ns=1791279063530688321 workflow=ARL_UPDATE run_id=45 node=U1 source=Authority destination=TM
event=receive timestamp_ns=1791279065066855836 workflow=ARL_UPDATE run_id=46 node=U1 source=Authority destination=TM
event=receive timestamp_ns=1791279066602727920 workflow=ARL_UPDATE run_id=47 node=U1 source=Authority destination=TM
event=receive timestamp_ns=1791279068138687047 workflow=ARL_UPDATE run_id=48 node=U1 source=Authority destination=TM
event=receive timestamp_ns=1791279069674792385 workflow=ARL_UPDATE run_id=49 node=U1 source=Authority destination=TM
event=receive timestamp_ns=1791279071214434756 workflow=ARL_UPDATE run_id=50 node=U1 source=Authority destination=TM
event=receive timestamp_ns=1791279072746534711 workflow=ARL_UPDATE run_id=51 node=U1 source=Authority destination=TM
event=receive timestamp_ns=1791279074282515291 workflow=ARL_UPDATE run_id=52 node=U1 source=Authority destination=TM
event=receive timestamp_ns=1791279075818452201 workflow=ARL_UPDATE run_id=53 node=U1 source=Authority destination=TM
event=receive timestamp_ns=1791279077418670099 workflow=ARL_UPDATE run_id=54 node=U1 source=Authority destination=TM
event=receive timestamp_ns=1791279078954621675 workflow=ARL_UPDATE run_id=55 node=U1 source=Authority destination=TM
event=receive timestamp_ns=1791279080490608399 workflow=ARL_UPDATE run_id=56 node=U1 source=Authority destination=TM
event=receive timestamp_ns=1791279082026739980 workflow=ARL_UPDATE run_id=57 node=U1 source=Authority destination=TM
event=receive timestamp_ns=1791279083562680736 workflow=ARL_UPDATE run_id=58 node=U1 source=Authority destination=TM
event=receive timestamp_ns=1791279085098524803 workflow=ARL_UPDATE run_id=59 node=U1 source=Authority destination=TM
event=receive timestamp_ns=1791279086634828761 workflow=ARL_UPDATE run_id=60 node=U1 source=Authority destination=TM
event=receive timestamp_ns=1791279088170842861 workflow=ARL_UPDATE run_id=61 node=U1 source=Authority destination=TM
event=receive timestamp_ns=1791279089706565365 workflow=ARL_UPDATE run_id=62 node=U1 source=Authority destination=TM
event=receive timestamp_ns=1791279091242821979 workflow=ARL_UPDATE run_id=63 node=U1 source=Authority destination=TM
event=receive timestamp_ns=1791279092778573623 workflow=ARL_UPDATE run_id=64 node=U1 source=Authority destination=TM
event=receive timestamp_ns=1791279094318624944 workflow=ARL_UPDATE run_id=65 node=U1 source=Authority destination=TM
event=receive timestamp_ns=1791279095914666684 workflow=ARL_UPDATE run_id=66 node=U1 source=Authority destination=TM
event=receive timestamp_ns=1791279097451025508 workflow=ARL_UPDATE run_id=67 node=U1 source=Authority destination=TM
event=receive timestamp_ns=1791279098986965307 workflow=ARL_UPDATE run_id=68 node=U1 source=Authority destination=TM
event=receive timestamp_ns=1791279100522549669 workflow=ARL_UPDATE run_id=69 node=U1 source=Authority destination=TM
event=receive timestamp_ns=1791279102058926904 workflow=ARL_UPDATE run_id=70 node=U1 source=Authority destination=TM
event=receive timestamp_ns=1791279104750662688 workflow=KEY_REQUEST run_id=bench_h3_key_w1 node=U1 source=TM3 destination=TM
event=receive timestamp_ns=1791279106282748597 workflow=KEY_REQUEST run_id=bench_h3_key_w2 node=U1 source=TM3 destination=TM
event=receive timestamp_ns=1791279110058541184 workflow=KEY_REQUEST run_id=bench_h3_key_w3 node=U1 source=TM3 destination=TM
event=receive timestamp_ns=1791279113774472687 workflow=KEY_REQUEST run_id=bench_h3_key_w4 node=U1 source=TM3 destination=TM
event=receive timestamp_ns=1791279118602593031 workflow=KEY_REQUEST run_id=bench_h3_key_w5 node=U1 source=TM3 destination=TM
event=receive timestamp_ns=1791279123402567433 workflow=KEY_REQUEST run_id=bench_h3_key_001 node=U1 source=TM3 destination=TM
event=receive timestamp_ns=1791279129258604666 workflow=KEY_REQUEST run_id=bench_h3_key_002 node=U1 source=TM3 destination=TM
event=receive timestamp_ns=1791279134571137907 workflow=KEY_REQUEST run_id=bench_h3_key_003 node=U1 source=TM3 destination=TM
event=receive timestamp_ns=1791279140106612890 workflow=KEY_REQUEST run_id=bench_h3_key_004 node=U1 source=TM3 destination=TM
event=receive timestamp_ns=1791279142634725871 workflow=KEY_REQUEST run_id=bench_h3_key_005 node=U1 source=TM3 destination=TM
event=receive timestamp_ns=1791279147466722315 workflow=KEY_REQUEST run_id=bench_h3_key_006 node=U1 source=TM3 destination=TM
event=receive timestamp_ns=1791279151146769530 workflow=KEY_REQUEST run_id=bench_h3_key_007 node=U1 source=TM3 destination=TM
event=receive timestamp_ns=1791279155978492555 workflow=KEY_REQUEST run_id=bench_h3_key_008 node=U1 source=TM3 destination=TM
event=receive timestamp_ns=1791279159786639001 workflow=KEY_REQUEST run_id=bench_h3_key_009 node=U1 source=TM3 destination=TM
event=receive timestamp_ns=1791279162730874520 workflow=KEY_REQUEST run_id=bench_h3_key_010 node=U1 source=TM3 destination=TM
event=receive timestamp_ns=1791279165291121008 workflow=KEY_REQUEST run_id=bench_h3_key_011 node=U1 source=TM3 destination=TM
event=receive timestamp_ns=1791279169066719857 workflow=KEY_REQUEST run_id=bench_h3_key_012 node=U1 source=TM3 destination=TM
event=receive timestamp_ns=1791279173387013962 workflow=KEY_REQUEST run_id=bench_h3_key_013 node=U1 source=TM3 destination=TM
event=receive timestamp_ns=1791279178219015298 workflow=KEY_REQUEST run_id=bench_h3_key_014 node=U1 source=TM3 destination=TM
event=receive timestamp_ns=1791279181994789942 workflow=KEY_REQUEST run_id=bench_h3_key_015 node=U1 source=TM3 destination=TM
event=receive timestamp_ns=1791279186347000013 workflow=KEY_REQUEST run_id=bench_h3_key_016 node=U1 source=TM3 destination=TM
event=receive timestamp_ns=1791279190538854702 workflow=KEY_REQUEST run_id=bench_h3_key_017 node=U1 source=TM3 destination=TM
event=receive timestamp_ns=1791279195371037565 workflow=KEY_REQUEST run_id=bench_h3_key_018 node=U1 source=TM3 destination=TM
event=receive timestamp_ns=1791279199690831417 workflow=KEY_REQUEST run_id=bench_h3_key_019 node=U1 source=TM3 destination=TM
event=receive timestamp_ns=1791279203466573424 workflow=KEY_REQUEST run_id=bench_h3_key_020 node=U1 source=TM3 destination=TM
event=receive timestamp_ns=1791279209322540628 workflow=KEY_REQUEST run_id=bench_h3_key_021 node=U1 source=TM3 destination=TM
event=receive timestamp_ns=1791279212490720487 workflow=KEY_REQUEST run_id=bench_h3_key_022 node=U1 source=TM3 destination=TM
event=receive timestamp_ns=1791279218826433695 workflow=KEY_REQUEST run_id=bench_h3_key_023 node=U1 source=TM3 destination=TM
event=receive timestamp_ns=1791279221962732251 workflow=KEY_REQUEST run_id=bench_h3_key_024 node=U1 source=TM3 destination=TM
event=receive timestamp_ns=1791279226762507590 workflow=KEY_REQUEST run_id=bench_h3_key_025 node=U1 source=TM3 destination=TM
event=receive timestamp_ns=1791279230954929378 workflow=KEY_REQUEST run_id=bench_h3_key_026 node=U1 source=TM3 destination=TM
event=receive timestamp_ns=1791279236298802422 workflow=KEY_REQUEST run_id=bench_h3_key_027 node=U1 source=TM3 destination=TM
event=receive timestamp_ns=1791279241802972515 workflow=KEY_REQUEST run_id=bench_h3_key_028 node=U1 source=TM3 destination=TM
event=receive timestamp_ns=1791279243242747636 workflow=KEY_REQUEST run_id=bench_h3_key_029 node=U1 source=TM3 destination=TM
event=receive timestamp_ns=1791279247626666007 workflow=KEY_REQUEST run_id=bench_h3_key_030 node=U1 source=TM3 destination=TM
