event=receive timestamp_ns=1791278936042724471 workflow=KEY_REQUEST run_id=bench_h3_setup node=U2 source=TM3 destination=TM
event=receive timestamp_ns=1791278940010512191 workflow=CT_SHARE run_id=1 node=U2 source=TM3 destination=TM
event=receive timestamp_ns=1791278941546550095 workflow=CT_SHARE run_id=2 node=U2 source=TM3 destination=TM
event=receive timestamp_ns=1791278943114635763 workflow=CT_SHARE run_id=3 node=U2 source=TM3 destination=TM
event=receive timestamp_ns=1791278944650692617 workflow=CT_SHARE run_id=4 node=U2 source=TM3 destination=TM
event=receive timestamp_ns=1791278946218609823 workflow=CT_SHARE run_id=5 node=U2 source=TM3 destination=TM
event=receive timestamp_ns=1791278947786491468 workflow=CT_SHARE run_id=6 node=U2 source=TM3 destination=TM
event=receive timestamp_ns=1791278949354617618 workflow=CT_SHARE run_id=7 node=U2 source=TM3 destination=TM
event=receive timestamp_ns=1791278950922562870 workflow=CT_SHARE run_id=8 node=U2 source=TM3 destination=TM
event=receive timestamp_ns=1791278952491100714 workflow=CT_SHARE run_id=9 node=U2 source=TM3 destination=TM
event=receive timestamp_ns=1791278954058782825 workflow=CT_SHARE run_id=10 node=U2 source=TM3 destination=TM
event=receive timestamp_ns=1791278955626507495 workflow=CT_SHARE run_id=11 node=U2 source=TM3 destination=TM
event=receive timestamp_ns=1791278957194880857 workflow=CT_SHARE run_id=12 node=U2 source=TM3 destination=TM
event=receive timestamp_ns=1791278958762611305 workflow=CT_SHARE run_id=13 node=U2 source=TM3 destination=TM
event=receive timestamp_ns=1791278960366948157 workflow=CT_SHARE run_id=14 node=U2 source=TM3 destination=TM
event=receive timestamp_ns=1791278961898647919 workflow=CT_SHARE run_id=15 node=U2 source=TM3 destination=TM
event=receive timestamp_ns=1791278963466660771 workflow=CT_SHARE run_id=16 node=U2 source=TM3 destination=TM
event=receive timestamp_ns=1791278965038675060 workflow=CT_SHARE run_id=17 node=U2 source=TM3 destination=TM
event=receive timestamp_ns=1791278966602741349 workflow=CT_SHARE run_id=18 node=U2 source=TM3 destination=TM
event=receive timestamp_ns=1791278968170745179 workflow=CT_SHARE run_id=19 node=U2 source=TM3 destination=TM
event=receive timestamp_ns=1791278969742925215 workflow=CT_SHARE run_id=20 node=U2 source=TM3 destination=TM
event=receive timestamp_ns=1791278971338705339 workflow=CT_SHARE run_id=21 node=U2 source=TM3 destination=TM
event=receive timestamp_ns=1791278972874863075 workflow=CT_SHARE run_id=22 node=U2 source=TM3 destination=TM
event=receive timestamp_ns=1791278974442873478 workflow=CT_SHARE run_id=23 node=U2 source=TM3 destination=TM
event=receive timestamp_ns=1791278976010794823 workflow=CT_SHARE run_id=24 node=U2 source=TM3 destination=TM
event=receive timestamp_ns=1791278977582865115 workflow=CT_SHARE run_id=25 node=U2 source=TM3 destination=TM
event=receive timestamp_ns=1791278979146704165 workflow=CT_SHARE run_id=26 node=U2 source=TM3 destination=TM
event=receive timestamp_ns=1791278980714686422 workflow=CT_SHARE run_id=27 node=U2 source=TM3 destination=TM
event=receive timestamp_ns=1791278982282719073 workflow=CT_SHARE run_id=28 node=U2 source=TM3 destination=TM
event=receive timestamp_ns=1791278983850875411 workflow=CT_SHARE run_id=29 node=U2 source=TM3 destination=TM
event=receive timestamp_ns=1791278985418853526 workflow=CT_SHARE run_id=30 node=U2 source=TM3 destination=TM
event=receive timestamp_ns=1791278986986711748 workflow=CT_SHARE run_id=31 node=U2 source=TM3 destination=TM
event=receive timestamp_ns=1791278988554776213 workflow=CT_SHARE run_id=32 node=U2 source=TM3 destination=TM
event=receive timestamp_ns=1791278990122749185 workflow=CT_SHARE run_id=33 node=U2 source=TM3 destination=TM
event=receive timestamp_ns=1791278991662642875 workflow=CT_SHARE run_id=34 node=U2 source=TM3 destination=TM
event=receive timestamp_ns=1791278993230612262 workflow=CT_SHARE run_id=35 node=U2 source=TM3 destination=TM
event=receive timestamp_ns=1791278995786997442 workflow=ARL_UPDATE run_id=1 node=U2 source=Authority destination=TM
event=receive timestamp_ns=1791278997322606285 workflow=ARL_UPDATE run_id=2 node=U2 source=Authority destination=TM
event=receive timestamp_ns=1791278998858889464 workflow=ARL_UPDATE run_id=3 node=U2 source=Authority destination=TM
event=receive timestamp_ns=1791279000394777044 workflow=ARL_UPDATE run_id=4 node=U2 source=Authority destination=TM
event=receive timestamp_ns=1791279001930637775 workflow=ARL_UPDATE run_id=5 node=U2 source=Authority destination=TM
event=receive timestamp_ns=1791279003467166286 workflow=ARL_UPDATE run_id=6 node=U2 source=Authority destination=TM
event=receive timestamp_ns=1791279005066889631 workflow=ARL_UPDATE run_id=7 node=U2 source=Authority destination=TM
event=receive timestamp_ns=1791279006602823840 workflow=ARL_UPDATE run_id=8 node=U2 source=Authority destination=TM
event=receive timestamp_ns=1791279008203126875 workflow=ARL_UPDATE run_id=9 node=U2 source=Authority destination=TM
event=receive timestamp_ns=1791279009738817777 workflow=ARL_UPDATE run_id=10 node=U2 source=Authority destination=TM
event=receive timestamp_ns=1791279011307093558 workflow=ARL_UPDATE run_id=11 node=U2 source=Authority destination=TM
event=receive timestamp_ns=1791279012814738634 workflow=ARL_UPDATE run_id=12 node=U2 source=Authority destination=TM
event=receive timestamp_ns=1791279014346744567 workflow=ARL_UPDATE run_id=13 node=U2 source=Authority destination=TM
event=receive timestamp_ns=1791279015882569251 workflow=ARL_UPDATE run_id=14 node=U2 source=Authority destination=TM
event=receive timestamp_ns=1791279017450572529 workflow=ARL_UPDATE run_id=15 node=U2 source=Authority destination=TM
event=receive timestamp_ns=1791279018954914745 workflow=ARL_UPDATE run_id=16 node=U2 source=Authority destination=TM
event=receive timestamp_ns=1791279020490614321 workflow=ARL_UPDATE run_id=17 node=U2 source=Authority destination=TM
event=receive timestamp_ns=1791279022026634285 workflow=ARL_UPDATE run_id=18 node=U2 source=Authority destination=TM
event=receive timestamp_ns=1791279023563462348 workflow=ARL_UPDATE run_id=19 node=U2 source=Authority destination=TM
event=receive timestamp_ns=1791279025130617593 workflow=ARL_UPDATE run_id=20 node=U2 source=Authority destination=TM
event=receive timestamp_ns=1791279026634887977 workflow=ARL_UPDATE run_id=21 node=U2 source=Authority destination=TM
event=receive timestamp_ns=1791279028170799890 workflow=ARL_UPDATE run_id=22 node=U2 source=Authority destination=TM
event=receive timestamp_ns=1791279029739137416 workflow=ARL_UPDATE run_id=23 node=U2 source=Authority destination=TM
event=receive timestamp_ns=1791279031242821719 workflow=ARL_UPDATE run_id=24 node=U2 source=Authority destination=TM
event=receive timestamp_ns=1791279032811147125 workflow=ARL_UPDATE run_id=25 node=U2 source=Authority destination=TM
event=receive timestamp_ns=1791279034379276790 workflow=ARL_UPDATE run_id=26 node=U2 source=Authority destination=TM
event=receive timestamp_ns=1791279035946662406 workflow=ARL_UPDATE run_id=27 node=U2 source=Authority destination=TM
event=receive timestamp_ns=1791279037450918169 workflow=ARL_UPDATE run_id=28 node=U2 source=Authority destination=TM
event=receive timestamp_ns=1791279038986752083 workflow=ARL_UPDATE run_id=29 node=U2 source=Authority destination=TM
event=receive timestamp_ns=1791279040586472920 workflow=ARL_UPDATE run_id=30 node=U2 source=Authority destination=TM
event=receive timestamp_ns=1791279042122461509 workflow=ARL_UPDATE run_id=31 node=U2 source=Authority destination=TM
event=receive timestamp_ns=1791279043658559969 workflow=ARL_UPDATE run_id=32 node=U2 source=Authority destination=TM
event=receive timestamp_ns=1791279045194507246 workflow=ARL_UPDATE run_id=33 node=U2 source=Authority destination=TM
event=receive timestamp_ns=1791279046730387492 workflow=ARL_UPDATE run_id=34 node=U2 source=Authority destination=TM
event=receive timestamp_ns=1791279048266499675 workflow=ARL_UPDATE run_id=35 node=U2 source=Authority destination=TM
event=receive timestamp_ns=1791279049802822702 workflow=ARL_UPDATE run_id=36 node=U2 source=Authority destination=TM
event=receive timestamp_ns=1791279051338702829 workflow=ARL_UPDATE run_id=37 node=U2 source=Authority destination=TM
event=receive timestamp_ns=1791279052874726086 workflow=ARL_UPDATE run_id=38 node=U2 source=Authority destination=TM
event=receive timestamp_ns=1791279054410692410 workflow=ARL_UPDATE run_id=39 node=U2 source=Authority destination=TM
event=receive timestamp_ns=1791279055946808836 workflow=ARL_UPDATE run_id=40 node=U2 source=Authority destination=TM
event=receive timestamp_ns=1791279057482706458 workflow=ARL_UPDATE run_id=41 node=U2 source=Authority destination=TM
event=receive timestamp_ns=1791279059018535716 workflow=ARL_UPDATE run_id=42 node=U2 source=Authority destination=TM
event=receive timestamp_ns=1791279060554443108 workflow=ARL_UPDATE run_id=43 node=U2 source=Authority destination=TM
event=receive timestamp_ns=1791279062122711131 workflow=ARL_UPDATE run_id=44 node=U2 source=Authority destination=TM
event=receive timestamp_ns=1791279063626631958 workflow=ARL_UPDATE run_id=45 node=U2 source=Authority destination=TM
event=receive timestamp_ns=1791279065162738530 workflow=ARL_UPDATE run_id=46 node=U2 source=Authority destination=TM
event=receive timestamp_ns=1791279066698483252 workflow=ARL_UPDATE run_id=47 node=U2 source=Authority destination=TM
event=receive timestamp_ns=1791279068234797223 workflow=ARL_UPDATE run_id=48 node=U2 source=Authority destination=TM
event=receive timestamp_ns=1791279069770785817 workflow=ARL_UPDATE run_id=49 node=U2 source=Authority destination=TM
event=receive timestamp_ns=1791279071306478947 workflow=ARL_UPDATE run_id=50 node=U2 source=Authority destination=TM
event=receive timestamp_ns=1791279072842622550 workflow=ARL_UPDATE run_id=51 node=U2 source=Authority destination=TM
event=receive timestamp_ns=1791279074378392565 workflow=ARL_UPDATE run_id=52 node=U2 source=Authority destination=TM
event=receive timestamp_ns=1791279075914381035 workflow=ARL_UPDATE run_id=53 node=U2 source=Authority destination=TM
event=receive timestamp_ns=1791279077546547731 workflow=ARL_UPDATE run_id=54 node=U2 source=Authority destination=TM
event=receive timestamp_ns=1791279079050744454 workflow=ARL_UPDATE run_id=55 node=U2 source=Authority destination=TM
event=receive timestamp_ns=1791279080590726352 workflow=ARL_UPDATE run_id=56 node=U2 source=Authority destination=TM
event=receive timestamp_ns=1791279082122768093 workflow=ARL_UPDATE run_id=57 node=U2 source=Authority destination=TM
event=receive timestamp_ns=1791279083658803880 workflow=ARL_UPDATE run_id=58 node=U2 source=Authority destination=TM
event=receive timestamp_ns=1791279085194606779 workflow=ARL_UPDATE run_id=59 node=U2 source=Authority destination=TM
event=receive timestamp_ns=1791279086730731641 workflow=ARL_UPDATE run_id=60 node=U2 source=Authority destination=TM
event=receive timestamp_ns=1791279088266715178 workflow=ARL_UPDATE run_id=61 node=U2 source=Authority destination=TM
event=receive timestamp_ns=1791279089838623298 workflow=ARL_UPDATE run_id=62 node=U2 source=Authority destination=TM
event=receive timestamp_ns=1791279091338653448 workflow=ARL_UPDATE run_id=63 node=U2 source=Authority destination=TM
event=receive timestamp_ns=1791279092874871922 workflow=ARL_UPDATE run_id=64 node=U2 source=Authority destination=TM
event=receive timestamp_ns=1791279094443046080 workflow=ARL_UPDATE run_id=65 node=U2 source=Authority destination=TM
event=receive timestamp_ns=1791279096042757494 workflow=ARL_UPDATE run_id=66 node=U2 source=Authority destination=TM
event=receive timestamp_ns=1791279097578830941 workflow=ARL_UPDATE run_id=67 node=U2 source=Authority destination=TM
event=receive timestamp_ns=1791279099086612139 workflow=ARL_UPDATE run_id=68 node=U2 source=Authority destination=TM
event=receive timestamp_ns=1791279100651053558 workflow=ARL_UPDATE run_id=69 node=U2 source=Authority destination=TM
event=receive timestamp_ns=1791279102154706849 workflow=ARL_UPDATE run_id=70 node=U2 source=Authority destination=TM
event=receive timestamp_ns=1791279104842694259 workflow=KEY_REQUEST run_id=bench_h3_key_w1 node=U2 source=TM3 destination=TM
event=receive timestamp_ns=1791279106187112454 workflow=KEY_REQUEST run_id=bench_h3_key_w2 node=U2 source=TM3 destination=TM
event=receive timestamp_ns=1791279109962569942 workflow=KEY_REQUEST run_id=bench_h3_key_w3 node=U2 source=TM3 destination=TM
event=receive timestamp_ns=1791279113674656370 workflow=KEY_REQUEST run_id=bench_h3_key_w4 node=U2 source=TM3 destination=TM
event=receive timestamp_ns=1791279117994580881 workflow=KEY_REQUEST run_id=bench_h3_key_w5 node=U2 source=TM3 destination=TM
event=receive timestamp_ns=1791279122794900817 workflow=KEY_REQUEST run_id=bench_h3_key_001 node=U2 source=TM3 destination=TM
event=receive timestamp_ns=1791279129162484978 workflow=KEY_REQUEST run_id=bench_h3_key_002 node=U2 source=TM3 destination=TM
event=receive timestamp_ns=1791279134475117376 workflow=KEY_REQUEST run_id=bench_h3_key_003 node=U2 source=TM3 destination=TM
event=receive timestamp_ns=1791279140202685270 workflow=KEY_REQUEST run_id=bench_h3_key_004 node=U2 source=TM3 destination=TM
event=receive timestamp_ns=1791279142538952496 workflow=KEY_REQUEST run_id=bench_h3_key_005 node=U2 source=TM3 destination=TM
event=receive timestamp_ns=1791279146858632021 workflow=KEY_REQUEST run_id=bench_h3_key_006 node=U2 source=TM3 destination=TM
event=receive timestamp_ns=1791279150538777901 workflow=KEY_REQUEST run_id=bench_h3_key_007 node=U2 source=TM3 destination=TM
event=receive timestamp_ns=1791279155370537329 workflow=KEY_REQUEST run_id=bench_h3_key_008 node=U2 source=TM3 destination=TM
event=receive timestamp_ns=1791279160590697259 workflow=KEY_REQUEST run_id=bench_h3_key_009 node=U2 source=TM3 destination=TM
event=receive timestamp_ns=1791279161930865979 workflow=KEY_REQUEST run_id=bench_h3_key_010 node=U2 source=TM3 destination=TM
event=receive timestamp_ns=1791279166634712141 workflow=KEY_REQUEST run_id=bench_h3_key_011 node=U2 source=TM3 destination=TM
event=receive timestamp_ns=1791279168970804099 workflow=KEY_REQUEST run_id=bench_h3_key_012 node=U2 source=TM3 destination=TM
event=receive timestamp_ns=1791279173290716317 workflow=KEY_REQUEST run_id=bench_h3_key_013 node=U2 source=TM3 destination=TM
event=receive timestamp_ns=1791279178122803653 workflow=KEY_REQUEST run_id=bench_h3_key_014 node=U2 source=TM3 destination=TM
event=receive timestamp_ns=1791279181898800367 workflow=KEY_REQUEST run_id=bench_h3_key_015 node=U2 source=TM3 destination=TM
event=receive timestamp_ns=1791279186762548915 workflow=KEY_REQUEST run_id=bench_h3_key_016 node=U2 source=TM3 destination=TM
event=receive timestamp_ns=1791279189934653314 workflow=KEY_REQUEST run_id=bench_h3_key_017 node=U2 source=TM3 destination=TM
event=receive timestamp_ns=1791279194762375812 workflow=KEY_REQUEST run_id=bench_h3_key_018 node=U2 source=TM3 destination=TM
event=receive timestamp_ns=1791279200106574372 workflow=KEY_REQUEST run_id=bench_h3_key_019 node=U2 source=TM3 destination=TM
event=receive timestamp_ns=1791279202858810547 workflow=KEY_REQUEST run_id=bench_h3_key_020 node=U2 source=TM3 destination=TM
event=receive timestamp_ns=1791279209230781951 workflow=KEY_REQUEST run_id=bench_h3_key_021 node=U2 source=TM3 destination=TM
event=receive timestamp_ns=1791279212395084924 workflow=KEY_REQUEST run_id=bench_h3_key_022 node=U2 source=TM3 destination=TM
event=receive timestamp_ns=1791279218794539055 workflow=KEY_REQUEST run_id=bench_h3_key_023 node=U2 source=TM3 destination=TM
event=receive timestamp_ns=1791279221870807720 workflow=KEY_REQUEST run_id=bench_h3_key_024 node=U2 source=TM3 destination=TM
event=receive timestamp_ns=1791279226666754307 workflow=KEY_REQUEST run_id=bench_h3_key_025 node=U2 source=TM3 destination=TM
event=receive timestamp_ns=1791279230858509425 workflow=KEY_REQUEST run_id=bench_h3_key_026 node=U2 source=TM3 destination=TM
event=receive timestamp_ns=1791279236202741664 workflow=KEY_REQUEST run_id=bench_h3_key_027 node=U2 source=TM3 destination=TM
event=receive timestamp_ns=1791279241898535454 workflow=KEY_REQUEST run_id=bench_h3_key_028 node=U2 source=TM3 destination=TM
event=receive timestamp_ns=1791279243146762527 workflow=KEY_REQUEST run_id=bench_h3_key_029 node=U2 source=TM3 destination=TM
event=receive timestamp_ns=1791279246826642223 workflow=KEY_REQUEST run_id=bench_h3_key_030 node=U2 source=TM3 destination=TM
