event=receive timestamp_ns=1791278936042667819 workflow=KEY_REQUEST run_id=bench_h3_setup node=U4 source=TM3 destination=TM
event=receive timestamp_ns=1791278940010607600 workflow=CT_SHARE run_id=1 node=U4 source=TM3 destination=TM
event=receive timestamp_ns=1791278941546486423 workflow=CT_SHARE run_id=2 node=U4 source=TM3 destination=TM
event=receive timestamp_ns=1791278943115156026 workflow=CT_SHARE run_id=3 node=U4 source=TM3 destination=TM
event=receive timestamp_ns=1791278944650778456 workflow=CT_SHARE run_id=4 node=U4 source=TM3 destination=TM
event=receive timestamp_ns=1791278946250661485 workflow=CT_SHARE run_id=5 node=U4 source=TM3 destination=TM
event=receive timestamp_ns=1791278947786509012 workflow=CT_SHARE run_id=6 node=U4 source=TM3 destination=TM
event=receive timestamp_ns=1791278949354494019 workflow=CT_SHARE run_id=7 node=U4 source=TM3 destination=TM
event=receive timestamp_ns=1791278950926456267 workflow=CT_SHARE run_id=8 node=U4 source=TM3 destination=TM
event=receive timestamp_ns=1791278952491091520 workflow=CT_SHARE run_id=9 node=U4 source=TM3 destination=TM
event=receive timestamp_ns=1791278954058734797 workflow=CT_SHARE run_id=10 node=U4 source=TM3 destination=TM
event=receive timestamp_ns=1791278955626508757 workflow=CT_SHARE run_id=11 node=U4 source=TM3 destination=TM
event=receive timestamp_ns=1791278957194766091 workflow=CT_SHARE run_id=12 node=U4 source=TM3 destination=TM
event=receive timestamp_ns=1791278958762632514 workflow=CT_SHARE run_id=13 node=U4 source=TM3 destination=TM
event=receive timestamp_ns=1791278960366900878 workflow=CT_SHARE run_id=14 node=U4 source=TM3 destination=TM
event=receive timestamp_ns=1791278961902498334 workflow=CT_SHARE run_id=15 node=U4 source=TM3 destination=TM
event=receive timestamp_ns=1791278963498719410 workflow=CT_SHARE run_id=16 node=U4 source=TM3 destination=TM
event=receive timestamp_ns=1791278965034741035 workflow=CT_SHARE run_id=17 node=U4 source=TM3 destination=TM
event=receive timestamp_ns=1791278966606738357 workflow=CT_SHARE run_id=18 node=U4 source=TM3 destination=TM
event=receive timestamp_ns=1791278968170750261 workflow=CT_SHARE run_id=19 node=U4 source=TM3 destination=TM
event=receive timestamp_ns=1791278969742704551 workflow=CT_SHARE run_id=20 node=U4 source=TM3 destination=TM
event=receive timestamp_ns=1791278971306826429 workflow=CT_SHARE run_id=21 node=U4 source=TM3 destination=TM
event=receive timestamp_ns=1791278972878590852 workflow=CT_SHARE run_id=22 node=U4 source=TM3 destination=TM
event=receive timestamp_ns=1791278974442703360 workflow=CT_SHARE run_id=23 node=U4 source=TM3 destination=TM
event=receive timestamp_ns=1791278976010931290 workflow=CT_SHARE run_id=24 node=U4 source=TM3 destination=TM
event=receive timestamp_ns=1791278977582724831 workflow=CT_SHARE run_id=25 node=U4 source=TM3 destination=TM
event=receive timestamp_ns=1791278979146839549 workflow=CT_SHARE run_id=26 node=U4 source=TM3 destination=TM
event=receive timestamp_ns=1791278980714687094 workflow=CT_SHARE run_id=27 node=U4 source=TM3 destination=TM
event=receive timestamp_ns=1791278982282802472 workflow=CT_SHARE run_id=28 node=U4 source=TM3 destination=TM
event=receive timestamp_ns=1791278983850640625 workflow=CT_SHARE run_id=29 node=U4 source=TM3 destination=TM
event=receive timestamp_ns=1791278985418676875 workflow=CT_SHARE run_id=30 node=U4 source=TM3 destination=TM
event=receive timestamp_ns=1791278986986822842 workflow=CT_SHARE run_id=31 node=U4 source=TM3 destination=TM
event=receive timestamp_ns=1791278988554655308 workflow=CT_SHARE run_id=32 node=U4 source=TM3 destination=TM
event=receive timestamp_ns=1791278990123069905 workflow=CT_SHARE run_id=33 node=U4 source=TM3 destination=TM
event=receive timestamp_ns=1791278991662636491 workflow=CT_SHARE run_id=34 node=U4 source=TM3 destination=TM
event=receive timestamp_ns=1791278993226847238 workflow=CT_SHARE run_id=35 node=U4 source=TM3 destination=TM
event=receive timestamp_ns=1791278995978655926 workflow=ARL_UPDATE run_id=1 node=U4 source=Authority destination=TM
event=receive timestamp_ns=1791278997514553346 workflow=ARL_UPDATE run_id=2 node=U4 source=Authority destination=TM
event=receive timestamp_ns=1791278999050778816 workflow=ARL_UPDATE run_id=3 node=U4 source=Authority destination=TM
event=receive timestamp_ns=1791279000586715801 workflow=ARL_UPDATE run_id=4 node=U4 source=Authority destination=TM
event=receive timestamp_ns=1791279002122676126 workflow=ARL_UPDATE run_id=5 node=U4 source=Authority destination=TM
event=receive timestamp_ns=1791279003658712484 workflow=ARL_UPDATE run_id=6 node=U4 source=Authority destination=TM
event=receive timestamp_ns=1791279005258743404 workflow=ARL_UPDATE run_id=7 node=U4 source=Authority destination=TM
event=receive timestamp_ns=1791279006826743285 workflow=ARL_UPDATE run_id=8 node=U4 source=Authority destination=TM
event=receive timestamp_ns=1791279008394976739 workflow=ARL_UPDATE run_id=9 node=U4 source=Authority destination=TM
event=receive timestamp_ns=1791279009931017011 workflow=ARL_UPDATE run_id=10 node=U4 source=Authority destination=TM
event=receive timestamp_ns=1791279011498677067 workflow=ARL_UPDATE run_id=11 node=U4 source=Authority destination=TM
event=receive timestamp_ns=1791279013006708308 workflow=ARL_UPDATE run_id=12 node=U4 source=Authority destination=TM
event=receive timestamp_ns=1791279014542404981 workflow=ARL_UPDATE run_id=13 node=U4 source=Authority destination=TM
event=receive timestamp_ns=1791279016074652348 workflow=ARL_UPDATE run_id=14 node=U4 source=Authority destination=TM
event=receive timestamp_ns=1791279017642651421 workflow=ARL_UPDATE run_id=15 node=U4 source=Authority destination=TM
event=receive timestamp_ns=1791279019146648987 workflow=ARL_UPDATE run_id=16 node=U4 source=Authority destination=TM
event=receive timestamp_ns=1791279020650509695 workflow=ARL_UPDATE run_id=17 node=U4 source=Authority destination=TM
event=receive timestamp_ns=1791279022186454733 workflow=ARL_UPDATE run_id=18 node=U4 source=Authority destination=TM
event=receive timestamp_ns=1791279023790751470 workflow=ARL_UPDATE run_id=19 node=U4 source=Authority destination=TM
event=receive timestamp_ns=1791279025290555035 workflow=ARL_UPDATE run_id=20 node=U4 source=Authority destination=TM
event=receive timestamp_ns=1791279026858662735 workflow=ARL_UPDATE run_id=21 node=U4 source=Authority destination=TM
event=receive timestamp_ns=1791279028362938718 workflow=ARL_UPDATE run_id=22 node=U4 source=Authority destination=TM
event=receive timestamp_ns=1791279029898611272 workflow=ARL_UPDATE run_id=23 node=U4 source=Authority destination=TM
event=receive timestamp_ns=1791279031466700635 workflow=ARL_UPDATE run_id=24 node=U4 source=Authority destination=TM
event=receive timestamp_ns=1791279033002883808 workflow=ARL_UPDATE run_id=25 node=U4 source=Authority destination=TM
event=receive timestamp_ns=1791279034571039541 workflow=ARL_UPDATE run_id=26 node=U4 source=Authority destination=TM
event=receive timestamp_ns=1791279036106981202 workflow=ARL_UPDATE run_id=27 node=U4 source=Authority destination=TM
event=receive timestamp_ns=1791279037643241119 workflow=ARL_UPDATE run_id=28 node=U4 source=Authority destination=TM
event=receive timestamp_ns=1791279039210535555 workflow=ARL_UPDATE run_id=29 node=U4 source=Authority destination=TM
event=receive timestamp_ns=1791279040778460533 workflow=ARL_UPDATE run_id=30 node=U4 source=Authority destination=TM
event=receive timestamp_ns=1791279042314622802 workflow=ARL_UPDATE run_id=31 node=U4 source=Authority destination=TM
event=receive timestamp_ns=1791279043850570986 workflow=ARL_UPDATE run_id=32 node=U4 source=Authority destination=TM
event=receive timestamp_ns=1791279045386649380 workflow=ARL_UPDATE run_id=33 node=U4 source=Authority destination=TM
event=receive timestamp_ns=1791279046922580836 workflow=ARL_UPDATE run_id=34 node=U4 source=Authority destination=TM
event=receive timestamp_ns=1791279048458656971 workflow=ARL_UPDATE run_id=35 node=U4 source=Authority destination=TM
event=receive timestamp_ns=1791279049994727635 workflow=ARL_UPDATE run_id=36 node=U4 source=Authority destination=TM
event=receive timestamp_ns=1791279051530577736 workflow=ARL_UPDATE run_id=37 node=U4 source=Authority destination=TM
event=receive timestamp_ns=1791279053070926657 workflow=ARL_UPDATE run_id=38 node=U4 source=Authority destination=TM
event=receive timestamp_ns=1791279054602629199 workflow=ARL_UPDATE run_id=39 node=U4 source=Authority destination=TM
event=receive timestamp_ns=1791279056142625919 workflow=ARL_UPDATE run_id=40 node=U4 source=Authority destination=TM
event=receive timestamp_ns=1791279057678837922 workflow=ARL_UPDATE run_id=41 node=U4 source=Authority destination=TM
event=receive timestamp_ns=1791279059210643369 workflow=ARL_UPDATE run_id=42 node=U4 source=Authority destination=TM
event=receive timestamp_ns=1791279060746714815 workflow=ARL_UPDATE run_id=43 node=U4 source=Authority destination=TM
event=receive timestamp_ns=1791279062282658505 workflow=ARL_UPDATE run_id=44 node=U4 source=Authority destination=TM
event=receive timestamp_ns=1791279063818858525 workflow=ARL_UPDATE run_id=45 node=U4 source=Authority destination=TM
event=receive timestamp_ns=1791279065354734666 workflow=ARL_UPDATE run_id=46 node=U4 source=Authority destination=TM
event=receive timestamp_ns=1791279066858730431 workflow=ARL_UPDATE run_id=47 node=U4 source=Authority destination=TM
event=receive timestamp_ns=1791279068426740276 workflow=ARL_UPDATE run_id=48 node=U4 source=Authority destination=TM
event=receive timestamp_ns=1791279069962885164 workflow=ARL_UPDATE run_id=49 node=U4 source=Authority destination=TM
event=receive timestamp_ns=1791279071470426178 workflow=ARL_UPDATE run_id=50 node=U4 source=Authority destination=TM
event=receive timestamp_ns=1791279073034412062 workflow=ARL_UPDATE run_id=51 node=U4 source=Authority destination=TM
event=receive timestamp_ns=1791279074538647769 workflow=ARL_UPDATE run_id=52 node=U4 source=Authority destination=TM
event=receive timestamp_ns=1791279076107157473 workflow=ARL_UPDATE run_id=53 node=U4 source=Authority destination=TM
event=receive timestamp_ns=1791279077706684620 workflow=ARL_UPDATE run_id=54 node=U4 source=Authority destination=TM
event=receive timestamp_ns=1791279079210689622 workflow=ARL_UPDATE run_id=55 node=U4 source=Authority destination=TM
event=receive timestamp_ns=1791279080782626623 workflow=ARL_UPDATE run_id=56 node=U4 source=Authority destination=TM
event=receive timestamp_ns=1791279082314506245 workflow=ARL_UPDATE run_id=57 node=U4 source=Authority destination=TM
event=receive timestamp_ns=1791279083850581851 workflow=ARL_UPDATE run_id=58 node=U4 source=Authority destination=TM
event=receive timestamp_ns=1791279085386741173 workflow=ARL_UPDATE run_id=59 node=U4 source=Authority destination=TM
event=receive timestamp_ns=1791279086922763889 workflow=ARL_UPDATE run_id=60 node=U4 source=Authority destination=TM
event=receive timestamp_ns=1791279088458656090 workflow=ARL_UPDATE run_id=61 node=U4 source=Authority destination=TM
event=receive timestamp_ns=1791279089994589783 workflow=ARL_UPDATE run_id=62 node=U4 source=Authority destination=TM
event=receive timestamp_ns=1791279091530735724 workflow=ARL_UPDATE run_id=63 node=U4 source=Authority destination=TM
event=receive timestamp_ns=1791279093066560552 workflow=ARL_UPDATE run_id=64 node=U4 source=Authority destination=TM
event=receive timestamp_ns=1791279094634918362 workflow=ARL_UPDATE run_id=65 node=U4 source=Authority destination=TM
event=receive timestamp_ns=1791279096202820864 workflow=ARL_UPDATE run_id=66 node=U4 source=Authority destination=TM
event=receive timestamp_ns=1791279097774435978 workflow=ARL_UPDATE run_id=67 node=U4 source=Authority destination=TM
event=receive timestamp_ns=1791279099306708459 workflow=ARL_UPDATE run_id=68 node=U4 source=Authority destination=TM
event=receive timestamp_ns=1791279100842507070 workflow=ARL_UPDATE run_id=69 node=U4 source=Authority destination=TM
event=receive timestamp_ns=1791279102346537873 workflow=ARL_UPDATE run_id=70 node=U4 source=Authority destination=TM
event=receive timestamp_ns=1791279103947034853 workflow=KEY_REQUEST run_id=bench_h3_key_w1 node=U4 source=TM3 destination=TM
event=receive timestamp_ns=1791279106730993748 workflow=KEY_REQUEST run_id=bench_h3_key_w2 node=U4 source=TM3 destination=TM
event=receive timestamp_ns=1791279109450743719 workflow=KEY_REQUEST run_id=bench_h3_key_w3 node=U4 source=TM3 destination=TM
event=receive timestamp_ns=1791279113162408049 workflow=KEY_REQUEST run_id=bench_h3_key_w4 node=U4 source=TM3 destination=TM
event=receive timestamp_ns=1791279117994514888 workflow=KEY_REQUEST run_id=bench_h3_key_w5 node=U4 source=TM3 destination=TM
event=receive timestamp_ns=1791279123306901282 workflow=KEY_REQUEST run_id=bench_h3_key_001 node=U4 source=TM3 destination=TM
event=receive timestamp_ns=1791279128650553997 workflow=KEY_REQUEST run_id=bench_h3_key_002 node=U4 source=TM3 destination=TM
event=receive timestamp_ns=1791279134475002174 workflow=KEY_REQUEST run_id=bench_h3_key_003 node=U4 source=TM3 destination=TM
event=receive timestamp_ns=1791279138762544302 workflow=KEY_REQUEST run_id=bench_h3_key_004 node=U4 source=TM3 destination=TM
event=receive timestamp_ns=1791279142634943818 workflow=KEY_REQUEST run_id=bench_h3_key_005 node=U4 source=TM3 destination=TM
event=receive timestamp_ns=1791279146858604620 workflow=KEY_REQUEST run_id=bench_h3_key_006 node=U4 source=TM3 destination=TM
event=receive timestamp_ns=1791279151050909981 workflow=KEY_REQUEST run_id=bench_h3_key_007 node=U4 source=TM3 destination=TM
event=receive timestamp_ns=1791279155886630084 workflow=KEY_REQUEST run_id=bench_h3_key_008 node=U4 source=TM3 destination=TM
event=receive timestamp_ns=1791279160170512603 workflow=KEY_REQUEST run_id=bench_h3_key_009 node=U4 source=TM3 destination=TM
event=receive timestamp_ns=1791279162442686819 workflow=KEY_REQUEST run_id=bench_h3_key_010 node=U4 source=TM3 destination=TM
event=receive timestamp_ns=1791279165194536019 workflow=KEY_REQUEST run_id=bench_h3_key_011 node=U4 source=TM3 destination=TM
event=receive timestamp_ns=1791279169066662990 workflow=KEY_REQUEST run_id=bench_h3_key_012 node=U4 source=TM3 destination=TM
event=receive timestamp_ns=1791279173802841315 workflow=KEY_REQUEST run_id=bench_h3_key_013 node=U4 source=TM3 destination=TM
event=receive timestamp_ns=1791279178122655613 workflow=KEY_REQUEST run_id=bench_h3_key_014 node=U4 source=TM3 destination=TM
event=receive timestamp_ns=1791279181994855831 workflow=KEY_REQUEST run_id=bench_h3_key_015 node=U4 source=TM3 destination=TM
event=receive timestamp_ns=1791279186762617526 workflow=KEY_REQUEST run_id=bench_h3_key_016 node=U4 source=TM3 destination=TM
event=receive timestamp_ns=1791279190442939942 workflow=KEY_REQUEST run_id=bench_h3_key_017 node=U4 source=TM3 destination=TM
event=receive timestamp_ns=1791279194762415622 workflow=KEY_REQUEST run_id=bench_h3_key_018 node=U4 source=TM3 destination=TM
event=receive timestamp_ns=1791279200106602946 workflow=KEY_REQUEST run_id=bench_h3_key_019 node=U4 source=TM3 destination=TM
event=receive timestamp_ns=1791279203370599227 workflow=KEY_REQUEST run_id=bench_h3_key_020 node=U4 source=TM3 destination=TM
event=receive timestamp_ns=1791279208714788891 workflow=KEY_REQUEST run_id=bench_h3_key_021 node=U4 source=TM3 destination=TM
event=receive timestamp_ns=1791279212906781767 workflow=KEY_REQUEST run_id=bench_h3_key_022 node=U4 source=TM3 destination=TM
event=receive timestamp_ns=1791279218730475617 workflow=KEY_REQUEST run_id=bench_h3_key_023 node=U4 source=TM3 destination=TM
event=receive timestamp_ns=1791279222378862545 workflow=KEY_REQUEST run_id=bench_h3_key_024 node=U4 source=TM3 destination=TM
event=receive timestamp_ns=1791279227178593074 workflow=KEY_REQUEST run_id=bench_h3_key_025 node=U4 source=TM3 destination=TM
event=receive timestamp_ns=1791279230858531103 workflow=KEY_REQUEST run_id=bench_h3_key_026 node=U4 source=TM3 destination=TM
event=receive timestamp_ns=1791279236202646861 workflow=KEY_REQUEST run_id=bench_h3_key_027 node=U4 source=TM3 destination=TM
event=receive timestamp_ns=1791279240522561969 workflow=KEY_REQUEST run_id=bench_h3_key_028 node=U4 source=TM3 destination=TM
event=receive timestamp_ns=1791279244750704675 workflow=KEY_REQUEST run_id=bench_h3_key_029 node=U4 source=TM3 destination=TM
event=receive timestamp_ns=1791279247338630964 workflow=KEY_REQUEST run_id=bench_h3_key_030 node=U4 source=TM3 destination=TM
