event=receive timestamp_ns=1791278936202787411 workflow=KEY_REQUEST run_id=bench_h3_setup node=U5 source=TM3 destination=TM
event=receive timestamp_ns=1791278940106694483 workflow=CT_SHARE run_id=1 node=U5 source=TM3 destination=TM
event=receive timestamp_ns=1791278941642602064 workflow=CT_SHARE run_id=2 node=U5 source=TM3 destination=TM
event=receive timestamp_ns=1791278943214444706 workflow=CT_SHARE run_id=3 node=U5 source=TM3 destination=TM
event=receive timestamp_ns=1791278944746540030 workflow=CT_SHARE run_id=4 node=U5 source=TM3 destination=TM
event=receive timestamp_ns=1791278946314609403 workflow=CT_SHARE run_id=5 node=U5 source=TM3 destination=TM
event=receive timestamp_ns=1791278947882690119 workflow=CT_SHARE run_id=6 node=U5 source=TM3 destination=TM
event=receive timestamp_ns=1791278949450841778 workflow=CT_SHARE run_id=7 node=U5 source=TM3 destination=TM
event=receive timestamp_ns=1791278951018531613 workflow=CT_SHARE run_id=8 node=U5 source=TM3 destination=TM
event=receive timestamp_ns=1791278952586583189 workflow=CT_SHARE run_id=9 node=U5 source=TM3 destination=TM
event=receive timestamp_ns=1791278954154866755 workflow=CT_SHARE run_id=10 node=U5 source=TM3 destination=TM
event=receive timestamp_ns=1791278955722584779 workflow=CT_SHARE run_id=11 node=U5 source=TM3 destination=TM
event=receive timestamp_ns=1791278957290401990 workflow=CT_SHARE run_id=12 node=U5 source=TM3 destination=TM
event=receive timestamp_ns=1791278958858853499 workflow=CT_SHARE run_id=13 node=U5 source=TM3 destination=TM
event=receive timestamp_ns=1791278960458734741 workflow=CT_SHARE run_id=14 node=U5 source=TM3 destination=TM
event=receive timestamp_ns=1791278961994762504 workflow=CT_SHARE run_id=15 node=U5 source=TM3 destination=TM
event=receive timestamp_ns=1791278963594742716 workflow=CT_SHARE run_id=16 node=U5 source=TM3 destination=TM
event=receive timestamp_ns=1791278965130792717 workflow=CT_SHARE run_id=17 node=U5 source=TM3 destination=TM
event=receive timestamp_ns=1791278966699112031 workflow=CT_SHARE run_id=18 node=U5 source=TM3 destination=TM
event=receive timestamp_ns=1791278968266792464 workflow=CT_SHARE run_id=19 node=U5 source=TM3 destination=TM
event=receive timestamp_ns=1791278969834657128 workflow=CT_SHARE run_id=20 node=U5 source=TM3 destination=TM
event=receive timestamp_ns=1791278971402618301 workflow=CT_SHARE run_id=21 node=U5 source=TM3 destination=TM
event=receive timestamp_ns=1791278972970754884 workflow=CT_SHARE run_id=22 node=U5 source=TM3 destination=TM
event=receive timestamp_ns=1791278974538859276 workflow=CT_SHARE run_id=23 node=U5 source=TM3 destination=TM
event=receive timestamp_ns=1791278976106876726 workflow=CT_SHARE run_id=24 node=U5 source=TM3 destination=TM
event=receive timestamp_ns=1791278977674852829 workflow=CT_SHARE run_id=25 node=U5 source=TM3 destination=TM
event=receive timestamp_ns=1791278979242809167 workflow=CT_SHARE run_id=26 node=U5 source=TM3 destination=TM
event=receive timestamp_ns=1791278980810793410 workflow=CT_SHARE run_id=27 node=U5 source=TM3 destination=TM
event=receive timestamp_ns=1791278982378909507 workflow=CT_SHARE run_id=28 node=U5 source=TM3 destination=TM
event=receive timestamp_ns=1791278983947127636 workflow=CT_SHARE run_id=29 node=U5 source=TM3 destination=TM
event=receive timestamp_ns=1791278985514845448 workflow=CT_SHARE run_id=30 node=U5 source=TM3 destination=TM
event=receive timestamp_ns=1791278987082727717 workflow=CT_SHARE run_id=31 node=U5 source=TM3 destination=TM
event=receive timestamp_ns=1791278988650731418 workflow=CT_SHARE run_id=32 node=U5 source=TM3 destination=TM
event=receive timestamp_ns=1791278990218669221 workflow=CT_SHARE run_id=33 node=U5 source=TM3 destination=TM
event=receive timestamp_ns=1791278991754948457 workflow=CT_SHARE run_id=34 node=U5 source=TM3 destination=TM
event=receive timestamp_ns=1791278993322809649 workflow=CT_SHARE run_id=35 node=U5 source=TM3 destination=TM
event=receive timestamp_ns=1791278996074589270 workflow=ARL_UPDATE run_id=1 node=U5 source=Authority destination=TM
event=receive timestamp_ns=1791278997610687438 workflow=ARL_UPDATE run_id=2 node=U5 source=Authority destination=TM
event=receive timestamp_ns=1791278999178589999 workflow=ARL_UPDATE run_id=3 node=U5 source=Authority destination=TM
event=receive timestamp_ns=1791279000650774302 workflow=ARL_UPDATE run_id=4 node=U5 source=Authority destination=TM
event=receive timestamp_ns=1791279002222793845 workflow=ARL_UPDATE run_id=5 node=U5 source=Authority destination=TM
event=receive timestamp_ns=1791279003754721015 workflow=ARL_UPDATE run_id=6 node=U5 source=Authority destination=TM
event=receive timestamp_ns=1791279005354700506 workflow=ARL_UPDATE run_id=7 node=U5 source=Authority destination=TM
event=receive timestamp_ns=1791279006922657036 workflow=ARL_UPDATE run_id=8 node=U5 source=Authority destination=TM
event=receive timestamp_ns=1791279008490843374 workflow=ARL_UPDATE run_id=9 node=U5 source=Authority destination=TM
event=receive timestamp_ns=1791279010026895561 workflow=ARL_UPDATE run_id=10 node=U5 source=Authority destination=TM
event=receive timestamp_ns=1791279011595152998 workflow=ARL_UPDATE run_id=11 node=U5 source=Authority destination=TM
event=receive timestamp_ns=1791279013098742123 workflow=ARL_UPDATE run_id=12 node=U5 source=Authority destination=TM
event=receive timestamp_ns=1791279014634430898 workflow=ARL_UPDATE run_id=13 node=U5 source=Authority destination=TM
event=receive timestamp_ns=1791279016170712381 workflow=ARL_UPDATE run_id=14 node=U5 source=Authority destination=TM
event=receive timestamp_ns=1791279017738879260 workflow=ARL_UPDATE run_id=15 node=U5 source=Authority destination=TM
event=receive timestamp_ns=1791279019242834456 workflow=ARL_UPDATE run_id=16 node=U5 source=Authority destination=TM
event=receive timestamp_ns=1791279020746662315 workflow=ARL_UPDATE run_id=17 node=U5 source=Authority destination=TM
event=receive timestamp_ns=1791279022282667492 workflow=ARL_UPDATE run_id=18 node=U5 source=Authority destination=TM
event=receive timestamp_ns=1791279023850831555 workflow=ARL_UPDATE run_id=19 node=U5 source=Authority destination=TM
event=receive timestamp_ns=1791279025386756039 workflow=ARL_UPDATE run_id=20 node=U5 source=Authority destination=TM
event=receive timestamp_ns=1791279026922653884 workflow=ARL_UPDATE run_id=21 node=U5 source=Authority destination=TM
event=receive timestamp_ns=1791279028458505663 workflow=ARL_UPDATE run_id=22 node=U5 source=Authority destination=TM
event=receive timestamp_ns=1791279029994784908 workflow=ARL_UPDATE run_id=23 node=U5 source=Authority destination=TM
event=receive timestamp_ns=1791279031562879149 workflow=ARL_UPDATE run_id=24 node=U5 source=Authority destination=TM
event=receive timestamp_ns=1791279033102864737 workflow=ARL_UPDATE run_id=25 node=U5 source=Authority destination=TM
event=receive timestamp_ns=1791279034666819538 workflow=ARL_UPDATE run_id=26 node=U5 source=Authority destination=TM
event=receive timestamp_ns=1791279036235032383 workflow=ARL_UPDATE run_id=27 node=U5 source=Authority destination=TM
event=receive timestamp_ns=1791279037739032776 workflow=ARL_UPDATE run_id=28 node=U5 source=Authority destination=TM
event=receive timestamp_ns=1791279039307157975 workflow=ARL_UPDATE run_id=29 node=U5 source=Authority destination=TM
event=receive timestamp_ns=1791279040874611272 workflow=ARL_UPDATE run_id=30 node=U5 source=Authority destination=TM
event=receive timestamp_ns=1791279042410641378 workflow=ARL_UPDATE run_id=31 node=U5 source=Authority destination=TM
event=receive timestamp_ns=1791279043946542270 workflow=ARL_UPDATE run_id=32 node=U5 source=Authority destination=TM
event=receive timestamp_ns=1791279045482723546 workflow=ARL_UPDATE run_id=33 node=U5 source=Authority destination=TM
event=receive timestamp_ns=1791279047018757704 workflow=ARL_UPDATE run_id=34 node=U5 source=Authority destination=TM
event=receive timestamp_ns=1791279048555090339 workflow=ARL_UPDATE run_id=35 node=U5 source=Authority destination=TM
event=receive timestamp_ns=1791279050090572004 workflow=ARL_UPDATE run_id=36 node=U5 source=Authority destination=TM
event=receive timestamp_ns=1791279051626641551 workflow=ARL_UPDATE run_id=37 node=U5 source=Authority destination=TM
event=receive timestamp_ns=1791279053162445462 workflow=ARL_UPDATE run_id=38 node=U5 source=Authority destination=TM
event=receive timestamp_ns=1791279054698468600 workflow=ARL_UPDATE run_id=39 node=U5 source=Authority destination=TM
event=receive timestamp_ns=1791279056234553249 workflow=ARL_UPDATE run_id=40 node=U5 source=Authority destination=TM
event=receive timestamp_ns=1791279057770878184 workflow=ARL_UPDATE run_id=41 node=U5 source=Authority destination=TM
event=receive timestamp_ns=1791279059338549747 workflow=ARL_UPDATE run_id=42 node=U5 source=Authority destination=TM
event=receive timestamp_ns=1791279060842595058 workflow=ARL_UPDATE run_id=43 node=U5 source=Authority destination=TM
event=receive timestamp_ns=1791279062378682601 workflow=ARL_UPDATE run_id=44 node=U5 source=Authority destination=TM
event=receive timestamp_ns=1791279063914592803 workflow=ARL_UPDATE run_id=45 node=U5 source=Authority destination=TM
event=receive timestamp_ns=1791279065450597297 workflow=ARL_UPDATE run_id=46 node=U5 source=Authority destination=TM
event=receive timestamp_ns=1791279066986646570 workflow=ARL_UPDATE run_id=47 node=U5 source=Authority destination=TM
event=receive timestamp_ns=1791279068490567765 workflow=ARL_UPDATE run_id=48 node=U5 source=Authority destination=TM
event=receive timestamp_ns=1791279070058444919 workflow=ARL_UPDATE run_id=49 node=U5 source=Authority destination=TM
event=receive timestamp_ns=1791279071562485465 workflow=ARL_UPDATE run_id=50 node=U5 source=Authority destination=TM
event=receive timestamp_ns=1791279073098520134 workflow=ARL_UPDATE run_id=51 node=U5 source=Authority destination=TM
event=receive timestamp_ns=1791279074634445583 workflow=ARL_UPDATE run_id=52 node=U5 source=Authority destination=TM
event=receive timestamp_ns=1791279076202837844 workflow=ARL_UPDATE run_id=53 node=U5 source=Authority destination=TM
event=receive timestamp_ns=1791279077802664773 workflow=ARL_UPDATE run_id=54 node=U5 source=Authority destination=TM
event=receive timestamp_ns=1791279079306602692 workflow=ARL_UPDATE run_id=55 node=U5 source=Authority destination=TM
event=receive timestamp_ns=1791279080875072660 workflow=ARL_UPDATE run_id=56 node=U5 source=Authority destination=TM
event=receive timestamp_ns=1791279082410584058 workflow=ARL_UPDATE run_id=57 node=U5 source=Authority destination=TM
event=receive timestamp_ns=1791279083946719347 workflow=ARL_UPDATE run_id=58 node=U5 source=Authority destination=TM
event=receive timestamp_ns=1791279085482640630 workflow=ARL_UPDATE run_id=59 node=U5 source=Authority destination=TM
event=receive timestamp_ns=1791279086986783472 workflow=ARL_UPDATE run_id=60 node=U5 source=Authority destination=TM
event=receive timestamp_ns=1791279088554678268 workflow=ARL_UPDATE run_id=61 node=U5 source=Authority destination=TM
event=receive timestamp_ns=1791279090090584744 workflow=ARL_UPDATE run_id=62 node=U5 source=Authority destination=TM
event=receive timestamp_ns=1791279091658782578 workflow=ARL_UPDATE run_id=63 node=U5 source=Authority destination=TM
event=receive timestamp_ns=1791279093166756415 workflow=ARL_UPDATE run_id=64 node=U5 source=Authority destination=TM
event=receive timestamp_ns=1791279094734700093 workflow=ARL_UPDATE run_id=65 node=U5 source=Authority destination=TM
event=receive timestamp_ns=1791279096298895759 workflow=ARL_UPDATE run_id=66 node=U5 source=Authority destination=TM
event=receive timestamp_ns=1791279097866807415 workflow=ARL_UPDATE run_id=67 node=U5 source=Authority destination=TM
event=receive timestamp_ns=1791279099403094318 workflow=ARL_UPDATE run_id=68 node=U5 source=Authority destination=TM
event=receive timestamp_ns=1791279100939028401 workflow=ARL_UPDATE run_id=69 node=U5 source=Authority destination=TM
event=receive timestamp_ns=1791279102442748167 workflow=ARL_UPDATE run_id=70 node=U5 source=Authority destination=TM
event=receive timestamp_ns=1791279104042580262 workflow=KEY_REQUEST run_id=bench_h3_key_w1 node=U5 source=TM3 destination=TM
event=receive timestamp_ns=1791279106794669598 workflow=KEY_REQUEST run_id=bench_h3_key_w2 node=U5 source=TM3 destination=TM
event=receive timestamp_ns=1791279109546759729 workflow=KEY_REQUEST run_id=bench_h3_key_w3 node=U5 source=TM3 destination=TM
event=receive timestamp_ns=1791279113258751008 workflow=KEY_REQUEST run_id=bench_h3_key_w4 node=U5 source=TM3 destination=TM
event=receive timestamp_ns=1791279118090609049 workflow=KEY_REQUEST run_id=bench_h3_key_w5 node=U5 source=TM3 destination=TM
event=receive timestamp_ns=1791279123402525532 workflow=KEY_REQUEST run_id=bench_h3_key_001 node=U5 source=TM3 destination=TM
event=receive timestamp_ns=1791279128746648190 workflow=KEY_REQUEST run_id=bench_h3_key_002 node=U5 source=TM3 destination=TM
event=receive timestamp_ns=1791279134571135223 workflow=KEY_REQUEST run_id=bench_h3_key_003 node=U5 source=TM3 destination=TM
event=receive timestamp_ns=1791279138858824047 workflow=KEY_REQUEST run_id=bench_h3_key_004 node=U5 source=TM3 destination=TM
event=receive timestamp_ns=1791279142734547757 workflow=KEY_REQUEST run_id=bench_h3_key_005 node=U5 source=TM3 destination=TM
event=receive timestamp_ns=1791279146954451907 workflow=KEY_REQUEST run_id=bench_h3_key_006 node=U5 source=TM3 destination=TM
event=receive timestamp_ns=1791279151146758120 workflow=KEY_REQUEST run_id=bench_h3_key_007 node=U5 source=TM3 destination=TM
event=receive timestamp_ns=1791279155978725591 workflow=KEY_REQUEST run_id=bench_h3_key_008 node=U5 source=TM3 destination=TM
event=receive timestamp_ns=1791279160266536341 workflow=KEY_REQUEST run_id=bench_h3_key_009 node=U5 source=TM3 destination=TM
event=receive timestamp_ns=1791279162538730977 workflow=KEY_REQUEST run_id=bench_h3_key_010 node=U5 source=TM3 destination=TM
event=receive timestamp_ns=1791279165290972158 workflow=KEY_REQUEST run_id=bench_h3_key_011 node=U5 source=TM3 destination=TM
event=receive timestamp_ns=1791279169194668807 workflow=KEY_REQUEST run_id=bench_h3_key_012 node=U5 source=TM3 destination=TM
event=receive timestamp_ns=1791279173386882519 workflow=KEY_REQUEST run_id=bench_h3_key_013 node=U5 source=TM3 destination=TM
event=receive timestamp_ns=1791279178730848971 workflow=KEY_REQUEST run_id=bench_h3_key_014 node=U5 source=TM3 destination=TM
event=receive timestamp_ns=1791279181482850189 workflow=KEY_REQUEST run_id=bench_h3_key_015 node=U5 source=TM3 destination=TM
event=receive timestamp_ns=1791279186858781278 workflow=KEY_REQUEST run_id=bench_h3_key_016 node=U5 source=TM3 destination=TM
event=receive timestamp_ns=1791279190538973392 workflow=KEY_REQUEST run_id=bench_h3_key_017 node=U5 source=TM3 destination=TM
event=receive timestamp_ns=1791279194858691901 workflow=KEY_REQUEST run_id=bench_h3_key_018 node=U5 source=TM3 destination=TM
event=receive timestamp_ns=1791279200202510444 workflow=KEY_REQUEST run_id=bench_h3_key_019 node=U5 source=TM3 destination=TM
event=receive timestamp_ns=1791279203466561399 workflow=KEY_REQUEST run_id=bench_h3_key_020 node=U5 source=TM3 destination=TM
event=receive timestamp_ns=1791279208811151349 workflow=KEY_REQUEST run_id=bench_h3_key_021 node=U5 source=TM3 destination=TM
event=receive timestamp_ns=1791279213006590312 workflow=KEY_REQUEST run_id=bench_h3_key_022 node=U5 source=TM3 destination=TM
event=receive timestamp_ns=1791279218826400437 workflow=KEY_REQUEST run_id=bench_h3_key_023 node=U5 source=TM3 destination=TM
event=receive timestamp_ns=1791279222474596866 workflow=KEY_REQUEST run_id=bench_h3_key_024 node=U5 source=TM3 destination=TM
event=receive timestamp_ns=1791279227274889857 workflow=KEY_REQUEST run_id=bench_h3_key_025 node=U5 source=TM3 destination=TM
event=receive timestamp_ns=1791279230954936509 workflow=KEY_REQUEST run_id=bench_h3_key_026 node=U5 source=TM3 destination=TM
event=receive timestamp_ns=1791279236298735616 workflow=KEY_REQUEST run_id=bench_h3_key_027 node=U5 source=TM3 destination=TM
event=receive timestamp_ns=1791279240594616008 workflow=KEY_REQUEST run_id=bench_h3_key_028 node=U5 source=TM3 destination=TM
event=receive timestamp_ns=1791279243786454757 workflow=KEY_REQUEST run_id=bench_h3_key_029 node=U5 source=TM3 destination=TM
event=receive timestamp_ns=1791279246922627158 workflow=KEY_REQUEST run_id=bench_h3_key_030 node=U5 source=TM3 destination=TM
